Performance test message 0
Performance test message 1
Performance test message 2
Performance test message 3
Performance test message 4
Performance test message 5
Performance test message 6
Performance test message 7
Performance test message 8
Performance test message 9
Performance test message 10
Performance test message 11
Performance test message 12
Performance test message 13
Performance test message 14
Performance test message 15
Performance test message 16
Performance test message 17
Performance test message 18
Performance test message 19
Performance test message 20
Performance test message 21
Performance test message 22
Performance test message 23
Performance test message 24
Performance test message 25
Performance test message 26
Performance test message 27
Performance test message 28
Performance test message 29
Performance test message 30
Performance test message 31
Performance test message 32
Performance test message 33
Performance test message 34
Performance test message 35
Performance test message 36
Performance test message 37
Performance test message 38
Performance test message 39
Performance test message 40
Performance test message 41
Performance test message 42
Performance test message 43
Performance test message 44
Performance test message 45
Performance test message 46
Performance test message 47
Performance test message 48
Performance test message 49
Performance test message 50
Performance test message 51
Performance test message 52
Performance test message 53
Performance test message 54
Performance test message 55
Performance test message 56
Performance test message 57
Performance test message 58
Performance test message 59
Performance test message 60
Performance test message 61
Performance test message 62
Performance test message 63
Performance test message 64
Performance test message 65
Performance test message 66
Performance test message 67
Performance test message 68
Performance test message 69
Performance test message 70
Performance test message 71
Performance test message 72
Performance test message 73
Performance test message 74
Performance test message 75
Performance test message 76
Performance test message 77
Performance test message 78
Performance test message 79
Performance test message 80
Performance test message 81
Performance test message 82
Performance test message 83
Performance test message 84
Performance test message 85
Performance test message 86
Performance test message 87
Performance test message 88
Performance test message 89
Performance test message 90
Performance test message 91
Performance test message 92
Performance test message 93
Performance test message 94
Performance test message 95
Performance test message 96
Performance test message 97
Performance test message 98
Performance test message 99
Performance test message 100
Performance test message 101
Performance test message 102
Performance test message 103
Performance test message 104
Performance test message 105
Performance test message 106
Performance test message 107
Performance test message 108
Performance test message 109
Performance test message 110
Performance test message 111
Performance test message 112
Performance test message 113
Performance test message 114
Performance test message 115
Performance test message 116
Performance test message 117
Performance test message 118
Performance test message 119
Performance test message 120
Performance test message 121
Performance test message 122
Performance test message 123
Performance test message 124
Performance test message 125
Performance test message 126
Performance test message 127
Performance test message 128
Performance test message 129
Performance test message 130
Performance test message 131
Performance test message 132
Performance test message 133
Performance test message 134
Performance test message 135
Performance test message 136
Performance test message 137
Performance test message 138
Performance test message 139
Performance test message 140
Performance test message 141
Performance test message 142
Performance test message 143
Performance test message 144
Performance test message 145
Performance test message 146
Performance test message 147
Performance test message 148
Performance test message 149
Performance test message 150
Performance test message 151
Performance test message 152
Performance test message 153
Performance test message 154
Performance test message 155
Performance test message 156
Performance test message 157
Performance test message 158
Performance test message 159
Performance test message 160
Performance test message 161
Performance test message 162
Performance test message 163
Performance test message 164
Performance test message 165
Performance test message 166
Performance test message 167
Performance test message 168
Performance test message 169
Performance test message 170
Performance test message 171
Performance test message 172
Performance test message 173
Performance test message 174
Performance test message 175
Performance test message 176
Performance test message 177
Performance test message 178
Performance test message 179
Performance test message 180
Performance test message 181
Performance test message 182
Performance test message 183
Performance test message 184
Performance test message 185
Performance test message 186
Performance test message 187
Performance test message 188
Performance test message 189
Performance test message 190
Performance test message 191
Performance test message 192
Performance test message 193
Performance test message 194
Performance test message 195
Performance test message 196
Performance test message 197
Performance test message 198
Performance test message 199
Performance test message 200
Performance test message 201
Performance test message 202
Performance test message 203
Performance test message 204
Performance test message 205
Performance test message 206
Performance test message 207
Performance test message 208
Performance test message 209
Performance test message 210
Performance test message 211
Performance test message 212
Performance test message 213
Performance test message 214
Performance test message 215
Performance test message 216
Performance test message 217
Performance test message 218
Performance test message 219
Performance test message 220
Performance test message 221
Performance test message 222
Performance test message 223
Performance test message 224
Performance test message 225
Performance test message 226
Performance test message 227
Performance test message 228
Performance test message 229
Performance test message 230
Performance test message 231
Performance test message 232
Performance test message 233
Performance test message 234
Performance test message 235
Performance test message 236
Performance test message 237
Performance test message 238
Performance test message 239
Performance test message 240
Performance test message 241
Performance test message 242
Performance test message 243
Performance test message 244
Performance test message 245
Performance test message 246
Performance test message 247
Performance test message 248
Performance test message 249
Performance test message 250
Performance test message 251
Performance test message 252
Performance test message 253
Performance test message 254
Performance test message 255
Performance test message 256
Performance test message 257
Performance test message 258
Performance test message 259
Performance test message 260
Performance test message 261
Performance test message 262
Performance test message 263
Performance test message 264
Performance test message 265
Performance test message 266
Performance test message 267
Performance test message 268
Performance test message 269
Performance test message 270
Performance test message 271
Performance test message 272
Performance test message 273
Performance test message 274
Performance test message 275
Performance test message 276
Performance test message 277
Performance test message 278
Performance test message 279
Performance test message 280
Performance test message 281
Performance test message 282
Performance test message 283
Performance test message 284
Performance test message 285
Performance test message 286
Performance test message 287
Performance test message 288
Performance test message 289
Performance test message 290
Performance test message 291
Performance test message 292
Performance test message 293
Performance test message 294
Performance test message 295
Performance test message 296
Performance test message 297
Performance test message 298
Performance test message 299
Performance test message 300
Performance test message 301
Performance test message 302
Performance test message 303
Performance test message 304
Performance test message 305
Performance test message 306
Performance test message 307
Performance test message 308
Performance test message 309
Performance test message 310
Performance test message 311
Performance test message 312
Performance test message 313
Performance test message 314
Performance test message 315
Performance test message 316
Performance test message 317
Performance test message 318
Performance test message 319
Performance test message 320
Performance test message 321
Performance test message 322
Performance test message 323
Performance test message 324
Performance test message 325
Performance test message 326
Performance test message 327
Performance test message 328
Performance test message 329
Performance test message 330
Performance test message 331
Performance test message 332
Performance test message 333
Performance test message 334
Performance test message 335
Performance test message 336
Performance test message 337
Performance test message 338
Performance test message 339
Performance test message 340
Performance test message 341
Performance test message 342
Performance test message 343
Performance test message 344
Performance test message 345
Performance test message 346
Performance test message 347
Performance test message 348
Performance test message 349
Performance test message 350
Performance test message 351
Performance test message 352
Performance test message 353
Performance test message 354
Performance test message 355
Performance test message 356
Performance test message 357
Performance test message 358
Performance test message 359
Performance test message 360
Performance test message 361
Performance test message 362
Performance test message 363
Performance test message 364
Performance test message 365
Performance test message 366
Performance test message 367
Performance test message 368
Performance test message 369
Performance test message 370
Performance test message 371
Performance test message 372
Performance test message 373
Performance test message 374
Performance test message 375
Performance test message 376
Performance test message 377
Performance test message 378
Performance test message 379
Performance test message 380
Performance test message 381
Performance test message 382
Performance test message 383
Performance test message 384
Performance test message 385
Performance test message 386
Performance test message 387
Performance test message 388
Performance test message 389
Performance test message 390
Performance test message 391
Performance test message 392
Performance test message 393
Performance test message 394
Performance test message 395
Performance test message 396
Performance test message 397
Performance test message 398
Performance test message 399
Performance test message 400
Performance test message 401
Performance test message 402
Performance test message 403
Performance test message 404
Performance test message 405
Performance test message 406
Performance test message 407
Performance test message 408
Performance test message 409
Performance test message 410
Performance test message 411
Performance test message 412
Performance test message 413
Performance test message 414
Performance test message 415
Performance test message 416
Performance test message 417
Performance test message 418
Performance test message 419
Performance test message 420
Performance test message 421
Performance test message 422
Performance test message 423
Performance test message 424
Performance test message 425
Performance test message 426
Performance test message 427
Performance test message 428
Performance test message 429
Performance test message 430
Performance test message 431
Performance test message 432
Performance test message 433
Performance test message 434
Performance test message 435
Performance test message 436
Performance test message 437
Performance test message 438
Performance test message 439
Performance test message 440
Performance test message 441
Performance test message 442
Performance test message 443
Performance test message 444
Performance test message 445
Performance test message 446
Performance test message 447
Performance test message 448
Performance test message 449
Performance test message 450
Performance test message 451
Performance test message 452
Performance test message 453
Performance test message 454
Performance test message 455
Performance test message 456
Performance test message 457
Performance test message 458
Performance test message 459
Performance test message 460
Performance test message 461
Performance test message 462
Performance test message 463
Performance test message 464
Performance test message 465
Performance test message 466
Performance test message 467
Performance test message 468
Performance test message 469
Performance test message 470
Performance test message 471
Performance test message 472
Performance test message 473
Performance test message 474
Performance test message 475
Performance test message 476
Performance test message 477
Performance test message 478
Performance test message 479
Performance test message 480
Performance test message 481
Performance test message 482
Performance test message 483
Performance test message 484
Performance test message 485
Performance test message 486
Performance test message 487
Performance test message 488
Performance test message 489
Performance test message 490
Performance test message 491
Performance test message 492
Performance test message 493
Performance test message 494
Performance test message 495
Performance test message 496
Performance test message 497
Performance test message 498
Performance test message 499
Performance test message 500
Performance test message 501
Performance test message 502
Performance test message 503
Performance test message 504
Performance test message 505
Performance test message 506
Performance test message 507
Performance test message 508
Performance test message 509
Performance test message 510
Performance test message 511
Performance test message 512
Performance test message 513
Performance test message 514
Performance test message 515
Performance test message 516
Performance test message 517
Performance test message 518
Performance test message 519
Performance test message 520
Performance test message 521
Performance test message 522
Performance test message 523
Performance test message 524
Performance test message 525
Performance test message 526
Performance test message 527
Performance test message 528
Performance test message 529
Performance test message 530
Performance test message 531
Performance test message 532
Performance test message 533
Performance test message 534
Performance test message 535
Performance test message 536
Performance test message 537
Performance test message 538
Performance test message 539
Performance test message 540
Performance test message 541
Performance test message 542
Performance test message 543
Performance test message 544
Performance test message 545
Performance test message 546
Performance test message 547
Performance test message 548
Performance test message 549
Performance test message 550
Performance test message 551
Performance test message 552
Performance test message 553
Performance test message 554
Performance test message 555
Performance test message 556
Performance test message 557
Performance test message 558
Performance test message 559
Performance test message 560
Performance test message 561
Performance test message 562
Performance test message 563
Performance test message 564
Performance test message 565
Performance test message 566
Performance test message 567
Performance test message 568
Performance test message 569
Performance test message 570
Performance test message 571
Performance test message 572
Performance test message 573
Performance test message 574
Performance test message 575
Performance test message 576
Performance test message 577
Performance test message 578
Performance test message 579
Performance test message 580
Performance test message 581
Performance test message 582
Performance test message 583
Performance test message 584
Performance test message 585
Performance test message 586
Performance test message 587
Performance test message 588
Performance test message 589
Performance test message 590
Performance test message 591
Performance test message 592
Performance test message 593
Performance test message 594
Performance test message 595
Performance test message 596
Performance test message 597
Performance test message 598
Performance test message 599
Performance test message 600
Performance test message 601
Performance test message 602
Performance test message 603
Performance test message 604
Performance test message 605
Performance test message 606
Performance test message 607
Performance test message 608
Performance test message 609
Performance test message 610
Performance test message 611
Performance test message 612
Performance test message 613
Performance test message 614
Performance test message 615
Performance test message 616
Performance test message 617
Performance test message 618
Performance test message 619
Performance test message 620
Performance test message 621
Performance test message 622
Performance test message 623
Performance test message 624
Performance test message 625
Performance test message 626
Performance test message 627
Performance test message 628
Performance test message 629
Performance test message 630
Performance test message 631
Performance test message 632
Performance test message 633
Performance test message 634
Performance test message 635
Performance test message 636
Performance test message 637
Performance test message 638
Performance test message 639
Performance test message 640
Performance test message 641
Performance test message 642
Performance test message 643
Performance test message 644
Performance test message 645
Performance test message 646
Performance test message 647
Performance test message 648
Performance test message 649
Performance test message 650
Performance test message 651
Performance test message 652
Performance test message 653
Performance test message 654
Performance test message 655
Performance test message 656
Performance test message 657
Performance test message 658
Performance test message 659
Performance test message 660
Performance test message 661
Performance test message 662
Performance test message 663
Performance test message 664
Performance test message 665
Performance test message 666
Performance test message 667
Performance test message 668
Performance test message 669
Performance test message 670
Performance test message 671
Performance test message 672
Performance test message 673
Performance test message 674
Performance test message 675
Performance test message 676
Performance test message 677
Performance test message 678
Performance test message 679
Performance test message 680
Performance test message 681
Performance test message 682
Performance test message 683
Performance test message 684
Performance test message 685
Performance test message 686
Performance test message 687
Performance test message 688
Performance test message 689
Performance test message 690
Performance test message 691
Performance test message 692
Performance test message 693
Performance test message 694
Performance test message 695
Performance test message 696
Performance test message 697
Performance test message 698
Performance test message 699
Performance test message 700
Performance test message 701
Performance test message 702
Performance test message 703
Performance test message 704
Performance test message 705
Performance test message 706
Performance test message 707
Performance test message 708
Performance test message 709
Performance test message 710
Performance test message 711
Performance test message 712
Performance test message 713
Performance test message 714
Performance test message 715
Performance test message 716
Performance test message 717
Performance test message 718
Performance test message 719
Performance test message 720
Performance test message 721
Performance test message 722
Performance test message 723
Performance test message 724
Performance test message 725
Performance test message 726
Performance test message 727
Performance test message 728
Performance test message 729
Performance test message 730
Performance test message 731
Performance test message 732
Performance test message 733
Performance test message 734
Performance test message 735
Performance test message 736
Performance test message 737
Performance test message 738
Performance test message 739
Performance test message 740
Performance test message 741
Performance test message 742
Performance test message 743
Performance test message 744
Performance test message 745
Performance test message 746
Performance test message 747
Performance test message 748
Performance test message 749
Performance test message 750
Performance test message 751
Performance test message 752
Performance test message 753
Performance test message 754
Performance test message 755
Performance test message 756
Performance test message 757
Performance test message 758
Performance test message 759
Performance test message 760
Performance test message 761
Performance test message 762
Performance test message 763
Performance test message 764
Performance test message 765
Performance test message 766
Performance test message 767
Performance test message 768
Performance test message 769
Performance test message 770
Performance test message 771
Performance test message 772
Performance test message 773
Performance test message 774
Performance test message 775
Performance test message 776
Performance test message 777
Performance test message 778
Performance test message 779
Performance test message 780
Performance test message 781
Performance test message 782
Performance test message 783
Performance test message 784
Performance test message 785
Performance test message 786
Performance test message 787
Performance test message 788
Performance test message 789
Performance test message 790
Performance test message 791
Performance test message 792
Performance test message 793
Performance test message 794
Performance test message 795
Performance test message 796
Performance test message 797
Performance test message 798
Performance test message 799
Performance test message 800
Performance test message 801
Performance test message 802
Performance test message 803
Performance test message 804
Performance test message 805
Performance test message 806
Performance test message 807
Performance test message 808
Performance test message 809
Performance test message 810
Performance test message 811
Performance test message 812
Performance test message 813
Performance test message 814
Performance test message 815
Performance test message 816
Performance test message 817
Performance test message 818
Performance test message 819
Performance test message 820
Performance test message 821
Performance test message 822
Performance test message 823
Performance test message 824
Performance test message 825
Performance test message 826
Performance test message 827
Performance test message 828
Performance test message 829
Performance test message 830
Performance test message 831
Performance test message 832
Performance test message 833
Performance test message 834
Performance test message 835
Performance test message 836
Performance test message 837
Performance test message 838
Performance test message 839
Performance test message 840
Performance test message 841
Performance test message 842
Performance test message 843
Performance test message 844
Performance test message 845
Performance test message 846
Performance test message 847
Performance test message 848
Performance test message 849
Performance test message 850
Performance test message 851
Performance test message 852
Performance test message 853
Performance test message 854
Performance test message 855
Performance test message 856
Performance test message 857
Performance test message 858
Performance test message 859
Performance test message 860
Performance test message 861
Performance test message 862
Performance test message 863
Performance test message 864
Performance test message 865
Performance test message 866
Performance test message 867
Performance test message 868
Performance test message 869
Performance test message 870
Performance test message 871
Performance test message 872
Performance test message 873
Performance test message 874
Performance test message 875
Performance test message 876
Performance test message 877
Performance test message 878
Performance test message 879
Performance test message 880
Performance test message 881
Performance test message 882
Performance test message 883
Performance test message 884
Performance test message 885
Performance test message 886
Performance test message 887
Performance test message 888
Performance test message 889
Performance test message 890
Performance test message 891
Performance test message 892
Performance test message 893
Performance test message 894
Performance test message 895
Performance test message 896
Performance test message 897
Performance test message 898
Performance test message 899
Performance test message 900
Performance test message 901
Performance test message 902
Performance test message 903
Performance test message 904
Performance test message 905
Performance test message 906
Performance test message 907
Performance test message 908
Performance test message 909
Performance test message 910
Performance test message 911
Performance test message 912
Performance test message 913
Performance test message 914
Performance test message 915
Performance test message 916
Performance test message 917
Performance test message 918
Performance test message 919
Performance test message 920
Performance test message 921
Performance test message 922
Performance test message 923
Performance test message 924
Performance test message 925
Performance test message 926
Performance test message 927
Performance test message 928
Performance test message 929
Performance test message 930
Performance test message 931
Performance test message 932
Performance test message 933
Performance test message 934
Performance test message 935
Performance test message 936
Performance test message 937
Performance test message 938
Performance test message 939
Performance test message 940
Performance test message 941
Performance test message 942
Performance test message 943
Performance test message 944
Performance test message 945
Performance test message 946
Performance test message 947
Performance test message 948
Performance test message 949
Performance test message 950
Performance test message 951
Performance test message 952
Performance test message 953
Performance test message 954
Performance test message 955
Performance test message 956
Performance test message 957
Performance test message 958
Performance test message 959
Performance test message 960
Performance test message 961
Performance test message 962
Performance test message 963
Performance test message 964
Performance test message 965
Performance test message 966
Performance test message 967
Performance test message 968
Performance test message 969
Performance test message 970
Performance test message 971
Performance test message 972
Performance test message 973
Performance test message 974
Performance test message 975
Performance test message 976
Performance test message 977
Performance test message 978
Performance test message 979
Performance test message 980
Performance test message 981
Performance test message 982
Performance test message 983
Performance test message 984
Performance test message 985
Performance test message 986
Performance test message 987
Performance test message 988
Performance test message 989
Performance test message 990
Performance test message 991
Performance test message 992
Performance test message 993
Performance test message 994
Performance test message 995
Performance test message 996
Performance test message 997
Performance test message 998
Performance test message 999
Performance test message 1000
Performance test message 1001
Performance test message 1002
Performance test message 1003
Performance test message 1004
Performance test message 1005
Performance test message 1006
Performance test message 1007
Performance test message 1008
Performance test message 1009
Performance test message 1010
Performance test message 1011
Performance test message 1012
Performance test message 1013
Performance test message 1014
Performance test message 1015
Performance test message 1016
Performance test message 1017
Performance test message 1018
Performance test message 1019
Performance test message 1020
Performance test message 1021
Performance test message 1022
Performance test message 1023
Performance test message 1024
Performance test message 1025
Performance test message 1026
Performance test message 1027
Performance test message 1028
Performance test message 1029
Performance test message 1030
Performance test message 1031
Performance test message 1032
Performance test message 1033
Performance test message 1034
Performance test message 1035
Performance test message 1036
Performance test message 1037
Performance test message 1038
Performance test message 1039
Performance test message 1040
Performance test message 1041
Performance test message 1042
Performance test message 1043
Performance test message 1044
Performance test message 1045
Performance test message 1046
Performance test message 1047
Performance test message 1048
Performance test message 1049
Performance test message 1050
Performance test message 1051
Performance test message 1052
Performance test message 1053
Performance test message 1054
Performance test message 1055
Performance test message 1056
Performance test message 1057
Performance test message 1058
Performance test message 1059
Performance test message 1060
Performance test message 1061
Performance test message 1062
Performance test message 1063
Performance test message 1064
Performance test message 1065
Performance test message 1066
Performance test message 1067
Performance test message 1068
Performance test message 1069
Performance test message 1070
Performance test message 1071
Performance test message 1072
Performance test message 1073
Performance test message 1074
Performance test message 1075
Performance test message 1076
Performance test message 1077
Performance test message 1078
Performance test message 1079
Performance test message 1080
Performance test message 1081
Performance test message 1082
Performance test message 1083
Performance test message 1084
Performance test message 1085
Performance test message 1086
Performance test message 1087
Performance test message 1088
Performance test message 1089
Performance test message 1090
Performance test message 1091
Performance test message 1092
Performance test message 1093
Performance test message 1094
Performance test message 1095
Performance test message 1096
Performance test message 1097
Performance test message 1098
Performance test message 1099
Performance test message 1100
Performance test message 1101
Performance test message 1102
Performance test message 1103
Performance test message 1104
Performance test message 1105
Performance test message 1106
Performance test message 1107
Performance test message 1108
Performance test message 1109
Performance test message 1110
Performance test message 1111
Performance test message 1112
Performance test message 1113
Performance test message 1114
Performance test message 1115
Performance test message 1116
Performance test message 1117
Performance test message 1118
Performance test message 1119
Performance test message 1120
Performance test message 1121
Performance test message 1122
Performance test message 1123
Performance test message 1124
Performance test message 1125
Performance test message 1126
Performance test message 1127
Performance test message 1128
Performance test message 1129
Performance test message 1130
Performance test message 1131
Performance test message 1132
Performance test message 1133
Performance test message 1134
Performance test message 1135
Performance test message 1136
Performance test message 1137
Performance test message 1138
Performance test message 1139
Performance test message 1140
Performance test message 1141
Performance test message 1142
Performance test message 1143
Performance test message 1144
Performance test message 1145
Performance test message 1146
Performance test message 1147
Performance test message 1148
Performance test message 1149
Performance test message 1150
Performance test message 1151
Performance test message 1152
Performance test message 1153
Performance test message 1154
Performance test message 1155
Performance test message 1156
Performance test message 1157
Performance test message 1158
Performance test message 1159
Performance test message 1160
Performance test message 1161
Performance test message 1162
Performance test message 1163
Performance test message 1164
Performance test message 1165
Performance test message 1166
Performance test message 1167
Performance test message 1168
Performance test message 1169
Performance test message 1170
Performance test message 1171
Performance test message 1172
Performance test message 1173
Performance test message 1174
Performance test message 1175
Performance test message 1176
Performance test message 1177
Performance test message 1178
Performance test message 1179
Performance test message 1180
Performance test message 1181
Performance test message 1182
Performance test message 1183
Performance test message 1184
Performance test message 1185
Performance test message 1186
Performance test message 1187
Performance test message 1188
Performance test message 1189
Performance test message 1190
Performance test message 1191
Performance test message 1192
Performance test message 1193
Performance test message 1194
Performance test message 1195
Performance test message 1196
Performance test message 1197
Performance test message 1198
Performance test message 1199
Performance test message 1200
Performance test message 1201
Performance test message 1202
Performance test message 1203
Performance test message 1204
Performance test message 1205
Performance test message 1206
Performance test message 1207
Performance test message 1208
Performance test message 1209
Performance test message 1210
Performance test message 1211
Performance test message 1212
Performance test message 1213
Performance test message 1214
Performance test message 1215
Performance test message 1216
Performance test message 1217
Performance test message 1218
Performance test message 1219
Performance test message 1220
Performance test message 1221
Performance test message 1222
Performance test message 1223
Performance test message 1224
Performance test message 1225
Performance test message 1226
Performance test message 1227
Performance test message 1228
Performance test message 1229
Performance test message 1230
Performance test message 1231
Performance test message 1232
Performance test message 1233
Performance test message 1234
Performance test message 1235
Performance test message 1236
Performance test message 1237
Performance test message 1238
Performance test message 1239
Performance test message 1240
Performance test message 1241
Performance test message 1242
Performance test message 1243
Performance test message 1244
Performance test message 1245
Performance test message 1246
Performance test message 1247
Performance test message 1248
Performance test message 1249
Performance test message 1250
Performance test message 1251
Performance test message 1252
Performance test message 1253
Performance test message 1254
Performance test message 1255
Performance test message 1256
Performance test message 1257
Performance test message 1258
Performance test message 1259
Performance test message 1260
Performance test message 1261
Performance test message 1262
Performance test message 1263
Performance test message 1264
Performance test message 1265
Performance test message 1266
Performance test message 1267
Performance test message 1268
Performance test message 1269
Performance test message 1270
Performance test message 1271
Performance test message 1272
Performance test message 1273
Performance test message 1274
Performance test message 1275
Performance test message 1276
Performance test message 1277
Performance test message 1278
Performance test message 1279
Performance test message 1280
Performance test message 1281
Performance test message 1282
Performance test message 1283
Performance test message 1284
Performance test message 1285
Performance test message 1286
Performance test message 1287
Performance test message 1288
Performance test message 1289
Performance test message 1290
Performance test message 1291
Performance test message 1292
Performance test message 1293
Performance test message 1294
Performance test message 1295
Performance test message 1296
Performance test message 1297
Performance test message 1298
Performance test message 1299
Performance test message 1300
Performance test message 1301
Performance test message 1302
Performance test message 1303
Performance test message 1304
Performance test message 1305
Performance test message 1306
Performance test message 1307
Performance test message 1308
Performance test message 1309
Performance test message 1310
Performance test message 1311
Performance test message 1312
Performance test message 1313
Performance test message 1314
Performance test message 1315
Performance test message 1316
Performance test message 1317
Performance test message 1318
Performance test message 1319
Performance test message 1320
Performance test message 1321
Performance test message 1322
Performance test message 1323
Performance test message 1324
Performance test message 1325
Performance test message 1326
Performance test message 1327
Performance test message 1328
Performance test message 1329
Performance test message 1330
Performance test message 1331
Performance test message 1332
Performance test message 1333
Performance test message 1334
Performance test message 1335
Performance test message 1336
Performance test message 1337
Performance test message 1338
Performance test message 1339
Performance test message 1340
Performance test message 1341
Performance test message 1342
Performance test message 1343
Performance test message 1344
Performance test message 1345
Performance test message 1346
Performance test message 1347
Performance test message 1348
Performance test message 1349
Performance test message 1350
Performance test message 1351
Performance test message 1352
Performance test message 1353
Performance test message 1354
Performance test message 1355
Performance test message 1356
Performance test message 1357
Performance test message 1358
Performance test message 1359
Performance test message 1360
Performance test message 1361
Performance test message 1362
Performance test message 1363
Performance test message 1364
Performance test message 1365
Performance test message 1366
Performance test message 1367
Performance test message 1368
Performance test message 1369
Performance test message 1370
Performance test message 1371
Performance test message 1372
Performance test message 1373
Performance test message 1374
Performance test message 1375
Performance test message 1376
Performance test message 1377
Performance test message 1378
Performance test message 1379
Performance test message 1380
Performance test message 1381
Performance test message 1382
Performance test message 1383
Performance test message 1384
Performance test message 1385
Performance test message 1386
Performance test message 1387
Performance test message 1388
Performance test message 1389
Performance test message 1390
Performance test message 1391
Performance test message 1392
Performance test message 1393
Performance test message 1394
Performance test message 1395
Performance test message 1396
Performance test message 1397
Performance test message 1398
Performance test message 1399
Performance test message 1400
Performance test message 1401
Performance test message 1402
Performance test message 1403
Performance test message 1404
Performance test message 1405
Performance test message 1406
Performance test message 1407
Performance test message 1408
Performance test message 1409
Performance test message 1410
Performance test message 1411
Performance test message 1412
Performance test message 1413
Performance test message 1414
Performance test message 1415
Performance test message 1416
Performance test message 1417
Performance test message 1418
Performance test message 1419
Performance test message 1420
Performance test message 1421
Performance test message 1422
Performance test message 1423
Performance test message 1424
Performance test message 1425
Performance test message 1426
Performance test message 1427
Performance test message 1428
Performance test message 1429
Performance test message 1430
Performance test message 1431
Performance test message 1432
Performance test message 1433
Performance test message 1434
Performance test message 1435
Performance test message 1436
Performance test message 1437
Performance test message 1438
Performance test message 1439
Performance test message 1440
Performance test message 1441
Performance test message 1442
Performance test message 1443
Performance test message 1444
Performance test message 1445
Performance test message 1446
Performance test message 1447
Performance test message 1448
Performance test message 1449
Performance test message 1450
Performance test message 1451
Performance test message 1452
Performance test message 1453
Performance test message 1454
Performance test message 1455
Performance test message 1456
Performance test message 1457
Performance test message 1458
Performance test message 1459
Performance test message 1460
Performance test message 1461
Performance test message 1462
Performance test message 1463
Performance test message 1464
Performance test message 1465
Performance test message 1466
Performance test message 1467
Performance test message 1468
Performance test message 1469
Performance test message 1470
Performance test message 1471
Performance test message 1472
Performance test message 1473
Performance test message 1474
Performance test message 1475
Performance test message 1476
Performance test message 1477
Performance test message 1478
Performance test message 1479
Performance test message 1480
Performance test message 1481
Performance test message 1482
Performance test message 1483
Performance test message 1484
Performance test message 1485
Performance test message 1486
Performance test message 1487
Performance test message 1488
Performance test message 1489
Performance test message 1490
Performance test message 1491
Performance test message 1492
Performance test message 1493
Performance test message 1494
Performance test message 1495
Performance test message 1496
Performance test message 1497
Performance test message 1498
Performance test message 1499
Performance test message 1500
Performance test message 1501
Performance test message 1502
Performance test message 1503
Performance test message 1504
Performance test message 1505
Performance test message 1506
Performance test message 1507
Performance test message 1508
Performance test message 1509
Performance test message 1510
Performance test message 1511
Performance test message 1512
Performance test message 1513
Performance test message 1514
Performance test message 1515
Performance test message 1516
Performance test message 1517
Performance test message 1518
Performance test message 1519
Performance test message 1520
Performance test message 1521
Performance test message 1522
Performance test message 1523
Performance test message 1524
Performance test message 1525
Performance test message 1526
Performance test message 1527
Performance test message 1528
Performance test message 1529
Performance test message 1530
Performance test message 1531
Performance test message 1532
Performance test message 1533
Performance test message 1534
Performance test message 1535
Performance test message 1536
Performance test message 1537
Performance test message 1538
Performance test message 1539
Performance test message 1540
Performance test message 1541
Performance test message 1542
Performance test message 1543
Performance test message 1544
Performance test message 1545
Performance test message 1546
Performance test message 1547
Performance test message 1548
Performance test message 1549
Performance test message 1550
Performance test message 1551
Performance test message 1552
Performance test message 1553
Performance test message 1554
Performance test message 1555
Performance test message 1556
Performance test message 1557
Performance test message 1558
Performance test message 1559
Performance test message 1560
Performance test message 1561
Performance test message 1562
Performance test message 1563
Performance test message 1564
Performance test message 1565
Performance test message 1566
Performance test message 1567
Performance test message 1568
Performance test message 1569
Performance test message 1570
Performance test message 1571
Performance test message 1572
Performance test message 1573
Performance test message 1574
Performance test message 1575
Performance test message 1576
Performance test message 1577
Performance test message 1578
Performance test message 1579
Performance test message 1580
Performance test message 1581
Performance test message 1582
Performance test message 1583
Performance test message 1584
Performance test message 1585
Performance test message 1586
Performance test message 1587
Performance test message 1588
Performance test message 1589
Performance test message 1590
Performance test message 1591
Performance test message 1592
Performance test message 1593
Performance test message 1594
Performance test message 1595
Performance test message 1596
Performance test message 1597
Performance test message 1598
Performance test message 1599
Performance test message 1600
Performance test message 1601
Performance test message 1602
Performance test message 1603
Performance test message 1604
Performance test message 1605
Performance test message 1606
Performance test message 1607
Performance test message 1608
Performance test message 1609
Performance test message 1610
Performance test message 1611
Performance test message 1612
Performance test message 1613
Performance test message 1614
Performance test message 1615
Performance test message 1616
Performance test message 1617
Performance test message 1618
Performance test message 1619
Performance test message 1620
Performance test message 1621
Performance test message 1622
Performance test message 1623
Performance test message 1624
Performance test message 1625
Performance test message 1626
Performance test message 1627
Performance test message 1628
Performance test message 1629
Performance test message 1630
Performance test message 1631
Performance test message 1632
Performance test message 1633
Performance test message 1634
Performance test message 1635
Performance test message 1636
Performance test message 1637
Performance test message 1638
Performance test message 1639
Performance test message 1640
Performance test message 1641
Performance test message 1642
Performance test message 1643
Performance test message 1644
Performance test message 1645
Performance test message 1646
Performance test message 1647
Performance test message 1648
Performance test message 1649
Performance test message 1650
Performance test message 1651
Performance test message 1652
Performance test message 1653
Performance test message 1654
Performance test message 1655
Performance test message 1656
Performance test message 1657
Performance test message 1658
Performance test message 1659
Performance test message 1660
Performance test message 1661
Performance test message 1662
Performance test message 1663
Performance test message 1664
Performance test message 1665
Performance test message 1666
Performance test message 1667
Performance test message 1668
Performance test message 1669
Performance test message 1670
Performance test message 1671
Performance test message 1672
Performance test message 1673
Performance test message 1674
Performance test message 1675
Performance test message 1676
Performance test message 1677
Performance test message 1678
Performance test message 1679
Performance test message 1680
Performance test message 1681
Performance test message 1682
Performance test message 1683
Performance test message 1684
Performance test message 1685
Performance test message 1686
Performance test message 1687
Performance test message 1688
Performance test message 1689
Performance test message 1690
Performance test message 1691
Performance test message 1692
Performance test message 1693
Performance test message 1694
Performance test message 1695
Performance test message 1696
Performance test message 1697
Performance test message 1698
Performance test message 1699
Performance test message 1700
Performance test message 1701
Performance test message 1702
Performance test message 1703
Performance test message 1704
Performance test message 1705
Performance test message 1706
Performance test message 1707
Performance test message 1708
Performance test message 1709
Performance test message 1710
Performance test message 1711
Performance test message 1712
Performance test message 1713
Performance test message 1714
Performance test message 1715
Performance test message 1716
Performance test message 1717
Performance test message 1718
Performance test message 1719
Performance test message 1720
Performance test message 1721
Performance test message 1722
Performance test message 1723
Performance test message 1724
Performance test message 1725
Performance test message 1726
Performance test message 1727
Performance test message 1728
Performance test message 1729
Performance test message 1730
Performance test message 1731
Performance test message 1732
Performance test message 1733
Performance test message 1734
Performance test message 1735
Performance test message 1736
Performance test message 1737
Performance test message 1738
Performance test message 1739
Performance test message 1740
Performance test message 1741
Performance test message 1742
Performance test message 1743
Performance test message 1744
Performance test message 1745
Performance test message 1746
Performance test message 1747
Performance test message 1748
Performance test message 1749
Performance test message 1750
Performance test message 1751
Performance test message 1752
Performance test message 1753
Performance test message 1754
Performance test message 1755
Performance test message 1756
Performance test message 1757
Performance test message 1758
Performance test message 1759
Performance test message 1760
Performance test message 1761
Performance test message 1762
Performance test message 1763
Performance test message 1764
Performance test message 1765
Performance test message 1766
Performance test message 1767
Performance test message 1768
Performance test message 1769
Performance test message 1770
Performance test message 1771
Performance test message 1772
Performance test message 1773
Performance test message 1774
Performance test message 1775
Performance test message 1776
Performance test message 1777
Performance test message 1778
Performance test message 1779
Performance test message 1780
Performance test message 1781
Performance test message 1782
Performance test message 1783
Performance test message 1784
Performance test message 1785
Performance test message 1786
Performance test message 1787
Performance test message 1788
Performance test message 1789
Performance test message 1790
Performance test message 1791
Performance test message 1792
Performance test message 1793
Performance test message 1794
Performance test message 1795
Performance test message 1796
Performance test message 1797
Performance test message 1798
Performance test message 1799
Performance test message 1800
Performance test message 1801
Performance test message 1802
Performance test message 1803
Performance test message 1804
Performance test message 1805
Performance test message 1806
Performance test message 1807
Performance test message 1808
Performance test message 1809
Performance test message 1810
Performance test message 1811
Performance test message 1812
Performance test message 1813
Performance test message 1814
Performance test message 1815
Performance test message 1816
Performance test message 1817
Performance test message 1818
Performance test message 1819
Performance test message 1820
Performance test message 1821
Performance test message 1822
Performance test message 1823
Performance test message 1824
Performance test message 1825
Performance test message 1826
Performance test message 1827
Performance test message 1828
Performance test message 1829
Performance test message 1830
Performance test message 1831
Performance test message 1832
Performance test message 1833
Performance test message 1834
Performance test message 1835
Performance test message 1836
Performance test message 1837
Performance test message 1838
Performance test message 1839
Performance test message 1840
Performance test message 1841
Performance test message 1842
Performance test message 1843
Performance test message 1844
Performance test message 1845
Performance test message 1846
Performance test message 1847
Performance test message 1848
Performance test message 1849
Performance test message 1850
Performance test message 1851
Performance test message 1852
Performance test message 1853
Performance test message 1854
Performance test message 1855
Performance test message 1856
Performance test message 1857
Performance test message 1858
Performance test message 1859
Performance test message 1860
Performance test message 1861
Performance test message 1862
Performance test message 1863
Performance test message 1864
Performance test message 1865
Performance test message 1866
Performance test message 1867
Performance test message 1868
Performance test message 1869
Performance test message 1870
Performance test message 1871
Performance test message 1872
Performance test message 1873
Performance test message 1874
Performance test message 1875
Performance test message 1876
Performance test message 1877
Performance test message 1878
Performance test message 1879
Performance test message 1880
Performance test message 1881
Performance test message 1882
Performance test message 1883
Performance test message 1884
Performance test message 1885
Performance test message 1886
Performance test message 1887
Performance test message 1888
Performance test message 1889
Performance test message 1890
Performance test message 1891
Performance test message 1892
Performance test message 1893
Performance test message 1894
Performance test message 1895
Performance test message 1896
Performance test message 1897
Performance test message 1898
Performance test message 1899
Performance test message 1900
Performance test message 1901
Performance test message 1902
Performance test message 1903
Performance test message 1904
Performance test message 1905
Performance test message 1906
Performance test message 1907
Performance test message 1908
Performance test message 1909
Performance test message 1910
Performance test message 1911
Performance test message 1912
Performance test message 1913
Performance test message 1914
Performance test message 1915
Performance test message 1916
Performance test message 1917
Performance test message 1918
Performance test message 1919
Performance test message 1920
Performance test message 1921
Performance test message 1922
Performance test message 1923
Performance test message 1924
Performance test message 1925
Performance test message 1926
Performance test message 1927
Performance test message 1928
Performance test message 1929
Performance test message 1930
Performance test message 1931
Performance test message 1932
Performance test message 1933
Performance test message 1934
Performance test message 1935
Performance test message 1936
Performance test message 1937
Performance test message 1938
Performance test message 1939
Performance test message 1940
Performance test message 1941
Performance test message 1942
Performance test message 1943
Performance test message 1944
Performance test message 1945
Performance test message 1946
Performance test message 1947
Performance test message 1948
Performance test message 1949
Performance test message 1950
Performance test message 1951
Performance test message 1952
Performance test message 1953
Performance test message 1954
Performance test message 1955
Performance test message 1956
Performance test message 1957
Performance test message 1958
Performance test message 1959
Performance test message 1960
Performance test message 1961
Performance test message 1962
Performance test message 1963
Performance test message 1964
Performance test message 1965
Performance test message 1966
Performance test message 1967
Performance test message 1968
Performance test message 1969
Performance test message 1970
Performance test message 1971
Performance test message 1972
Performance test message 1973
Performance test message 1974
Performance test message 1975
Performance test message 1976
Performance test message 1977
Performance test message 1978
Performance test message 1979
Performance test message 1980
Performance test message 1981
Performance test message 1982
Performance test message 1983
Performance test message 1984
Performance test message 1985
Performance test message 1986
Performance test message 1987
Performance test message 1988
Performance test message 1989
Performance test message 1990
Performance test message 1991
Performance test message 1992
Performance test message 1993
Performance test message 1994
Performance test message 1995
Performance test message 1996
Performance test message 1997
Performance test message 1998
Performance test message 1999
Performance test message 2000
Performance test message 2001
Performance test message 2002
Performance test message 2003
Performance test message 2004
Performance test message 2005
Performance test message 2006
Performance test message 2007
Performance test message 2008
Performance test message 2009
Performance test message 2010
Performance test message 2011
Performance test message 2012
Performance test message 2013
Performance test message 2014
Performance test message 2015
Performance test message 2016
Performance test message 2017
Performance test message 2018
Performance test message 2019
Performance test message 2020
Performance test message 2021
Performance test message 2022
Performance test message 2023
Performance test message 2024
Performance test message 2025
Performance test message 2026
Performance test message 2027
Performance test message 2028
Performance test message 2029
Performance test message 2030
Performance test message 2031
Performance test message 2032
Performance test message 2033
Performance test message 2034
Performance test message 2035
Performance test message 2036
Performance test message 2037
Performance test message 2038
Performance test message 2039
Performance test message 2040
Performance test message 2041
Performance test message 2042
Performance test message 2043
Performance test message 2044
Performance test message 2045
Performance test message 2046
Performance test message 2047
Performance test message 2048
Performance test message 2049
Performance test message 2050
Performance test message 2051
Performance test message 2052
Performance test message 2053
Performance test message 2054
Performance test message 2055
Performance test message 2056
Performance test message 2057
Performance test message 2058
Performance test message 2059
Performance test message 2060
Performance test message 2061
Performance test message 2062
Performance test message 2063
Performance test message 2064
Performance test message 2065
Performance test message 2066
Performance test message 2067
Performance test message 2068
Performance test message 2069
Performance test message 2070
Performance test message 2071
Performance test message 2072
Performance test message 2073
Performance test message 2074
Performance test message 2075
Performance test message 2076
Performance test message 2077
Performance test message 2078
Performance test message 2079
Performance test message 2080
Performance test message 2081
Performance test message 2082
Performance test message 2083
Performance test message 2084
Performance test message 2085
Performance test message 2086
Performance test message 2087
Performance test message 2088
Performance test message 2089
Performance test message 2090
Performance test message 2091
Performance test message 2092
Performance test message 2093
Performance test message 2094
Performance test message 2095
Performance test message 2096
Performance test message 2097
Performance test message 2098
Performance test message 2099
Performance test message 2100
Performance test message 2101
Performance test message 2102
Performance test message 2103
Performance test message 2104
Performance test message 2105
Performance test message 2106
Performance test message 2107
Performance test message 2108
Performance test message 2109
Performance test message 2110
Performance test message 2111
Performance test message 2112
Performance test message 2113
Performance test message 2114
Performance test message 2115
Performance test message 2116
Performance test message 2117
Performance test message 2118
Performance test message 2119
Performance test message 2120
Performance test message 2121
Performance test message 2122
Performance test message 2123
Performance test message 2124
Performance test message 2125
Performance test message 2126
Performance test message 2127
Performance test message 2128
Performance test message 2129
Performance test message 2130
Performance test message 2131
Performance test message 2132
Performance test message 2133
Performance test message 2134
Performance test message 2135
Performance test message 2136
Performance test message 2137
Performance test message 2138
Performance test message 2139
Performance test message 2140
Performance test message 2141
Performance test message 2142
Performance test message 2143
Performance test message 2144
Performance test message 2145
Performance test message 2146
Performance test message 2147
Performance test message 2148
Performance test message 2149
Performance test message 2150
Performance test message 2151
Performance test message 2152
Performance test message 2153
Performance test message 2154
Performance test message 2155
Performance test message 2156
Performance test message 2157
Performance test message 2158
Performance test message 2159
Performance test message 2160
Performance test message 2161
Performance test message 2162
Performance test message 2163
Performance test message 2164
Performance test message 2165
Performance test message 2166
Performance test message 2167
Performance test message 2168
Performance test message 2169
Performance test message 2170
Performance test message 2171
Performance test message 2172
Performance test message 2173
Performance test message 2174
Performance test message 2175
Performance test message 2176
Performance test message 2177
Performance test message 2178
Performance test message 2179
Performance test message 2180
Performance test message 2181
Performance test message 2182
Performance test message 2183
Performance test message 2184
Performance test message 2185
Performance test message 2186
Performance test message 2187
Performance test message 2188
Performance test message 2189
Performance test message 2190
Performance test message 2191
Performance test message 2192
Performance test message 2193
Performance test message 2194
Performance test message 2195
Performance test message 2196
Performance test message 2197
Performance test message 2198
Performance test message 2199
Performance test message 2200
Performance test message 2201
Performance test message 2202
Performance test message 2203
Performance test message 2204
Performance test message 2205
Performance test message 2206
Performance test message 2207
Performance test message 2208
Performance test message 2209
Performance test message 2210
Performance test message 2211
Performance test message 2212
Performance test message 2213
Performance test message 2214
Performance test message 2215
Performance test message 2216
Performance test message 2217
Performance test message 2218
Performance test message 2219
Performance test message 2220
Performance test message 2221
Performance test message 2222
Performance test message 2223
Performance test message 2224
Performance test message 2225
Performance test message 2226
Performance test message 2227
Performance test message 2228
Performance test message 2229
Performance test message 2230
Performance test message 2231
Performance test message 2232
Performance test message 2233
Performance test message 2234
Performance test message 2235
Performance test message 2236
Performance test message 2237
Performance test message 2238
Performance test message 2239
Performance test message 2240
Performance test message 2241
Performance test message 2242
Performance test message 2243
Performance test message 2244
Performance test message 2245
Performance test message 2246
Performance test message 2247
Performance test message 2248
Performance test message 2249
Performance test message 2250
Performance test message 2251
Performance test message 2252
Performance test message 2253
Performance test message 2254
Performance test message 2255
Performance test message 2256
Performance test message 2257
Performance test message 2258
Performance test message 2259
Performance test message 2260
Performance test message 2261
Performance test message 2262
Performance test message 2263
Performance test message 2264
Performance test message 2265
Performance test message 2266
Performance test message 2267
Performance test message 2268
Performance test message 2269
Performance test message 2270
Performance test message 2271
Performance test message 2272
Performance test message 2273
Performance test message 2274
Performance test message 2275
Performance test message 2276
Performance test message 2277
Performance test message 2278
Performance test message 2279
Performance test message 2280
Performance test message 2281
Performance test message 2282
Performance test message 2283
Performance test message 2284
Performance test message 2285
Performance test message 2286
Performance test message 2287
Performance test message 2288
Performance test message 2289
Performance test message 2290
Performance test message 2291
Performance test message 2292
Performance test message 2293
Performance test message 2294
Performance test message 2295
Performance test message 2296
Performance test message 2297
Performance test message 2298
Performance test message 2299
Performance test message 2300
Performance test message 2301
Performance test message 2302
Performance test message 2303
Performance test message 2304
Performance test message 2305
Performance test message 2306
Performance test message 2307
Performance test message 2308
Performance test message 2309
Performance test message 2310
Performance test message 2311
Performance test message 2312
Performance test message 2313
Performance test message 2314
Performance test message 2315
Performance test message 2316
Performance test message 2317
Performance test message 2318
Performance test message 2319
Performance test message 2320
Performance test message 2321
Performance test message 2322
Performance test message 2323
Performance test message 2324
Performance test message 2325
Performance test message 2326
Performance test message 2327
Performance test message 2328
Performance test message 2329
Performance test message 2330
Performance test message 2331
Performance test message 2332
Performance test message 2333
Performance test message 2334
Performance test message 2335
Performance test message 2336
Performance test message 2337
Performance test message 2338
Performance test message 2339
Performance test message 2340
Performance test message 2341
Performance test message 2342
Performance test message 2343
Performance test message 2344
Performance test message 2345
Performance test message 2346
Performance test message 2347
Performance test message 2348
Performance test message 2349
Performance test message 2350
Performance test message 2351
Performance test message 2352
Performance test message 2353
Performance test message 2354
Performance test message 2355
Performance test message 2356
Performance test message 2357
Performance test message 2358
Performance test message 2359
Performance test message 2360
Performance test message 2361
Performance test message 2362
Performance test message 2363
Performance test message 2364
Performance test message 2365
Performance test message 2366
Performance test message 2367
Performance test message 2368
Performance test message 2369
Performance test message 2370
Performance test message 2371
Performance test message 2372
Performance test message 2373
Performance test message 2374
Performance test message 2375
Performance test message 2376
Performance test message 2377
Performance test message 2378
Performance test message 2379
Performance test message 2380
Performance test message 2381
Performance test message 2382
Performance test message 2383
Performance test message 2384
Performance test message 2385
Performance test message 2386
Performance test message 2387
Performance test message 2388
Performance test message 2389
Performance test message 2390
Performance test message 2391
Performance test message 2392
Performance test message 2393
Performance test message 2394
Performance test message 2395
Performance test message 2396
Performance test message 2397
Performance test message 2398
Performance test message 2399
Performance test message 2400
Performance test message 2401
Performance test message 2402
Performance test message 2403
Performance test message 2404
Performance test message 2405
Performance test message 2406
Performance test message 2407
Performance test message 2408
Performance test message 2409
Performance test message 2410
Performance test message 2411
Performance test message 2412
Performance test message 2413
Performance test message 2414
Performance test message 2415
Performance test message 2416
Performance test message 2417
Performance test message 2418
Performance test message 2419
Performance test message 2420
Performance test message 2421
Performance test message 2422
Performance test message 2423
Performance test message 2424
Performance test message 2425
Performance test message 2426
Performance test message 2427
Performance test message 2428
Performance test message 2429
Performance test message 2430
Performance test message 2431
Performance test message 2432
Performance test message 2433
Performance test message 2434
Performance test message 2435
Performance test message 2436
Performance test message 2437
Performance test message 2438
Performance test message 2439
Performance test message 2440
Performance test message 2441
Performance test message 2442
Performance test message 2443
Performance test message 2444
Performance test message 2445
Performance test message 2446
Performance test message 2447
Performance test message 2448
Performance test message 2449
Performance test message 2450
Performance test message 2451
Performance test message 2452
Performance test message 2453
Performance test message 2454
Performance test message 2455
Performance test message 2456
Performance test message 2457
Performance test message 2458
Performance test message 2459
Performance test message 2460
Performance test message 2461
Performance test message 2462
Performance test message 2463
Performance test message 2464
Performance test message 2465
Performance test message 2466
Performance test message 2467
Performance test message 2468
Performance test message 2469
Performance test message 2470
Performance test message 2471
Performance test message 2472
Performance test message 2473
Performance test message 2474
Performance test message 2475
Performance test message 2476
Performance test message 2477
Performance test message 2478
Performance test message 2479
Performance test message 2480
Performance test message 2481
Performance test message 2482
Performance test message 2483
Performance test message 2484
Performance test message 2485
Performance test message 2486
Performance test message 2487
Performance test message 2488
Performance test message 2489
Performance test message 2490
Performance test message 2491
Performance test message 2492
Performance test message 2493
Performance test message 2494
Performance test message 2495
Performance test message 2496
Performance test message 2497
Performance test message 2498
Performance test message 2499
Performance test message 2500
Performance test message 2501
Performance test message 2502
Performance test message 2503
Performance test message 2504
Performance test message 2505
Performance test message 2506
Performance test message 2507
Performance test message 2508
Performance test message 2509
Performance test message 2510
Performance test message 2511
Performance test message 2512
Performance test message 2513
Performance test message 2514
Performance test message 2515
Performance test message 2516
Performance test message 2517
Performance test message 2518
Performance test message 2519
Performance test message 2520
Performance test message 2521
Performance test message 2522
Performance test message 2523
Performance test message 2524
Performance test message 2525
Performance test message 2526
Performance test message 2527
Performance test message 2528
Performance test message 2529
Performance test message 2530
Performance test message 2531
Performance test message 2532
Performance test message 2533
Performance test message 2534
Performance test message 2535
Performance test message 2536
Performance test message 2537
Performance test message 2538
Performance test message 2539
Performance test message 2540
Performance test message 2541
Performance test message 2542
Performance test message 2543
Performance test message 2544
Performance test message 2545
Performance test message 2546
Performance test message 2547
Performance test message 2548
Performance test message 2549
Performance test message 2550
Performance test message 2551
Performance test message 2552
Performance test message 2553
Performance test message 2554
Performance test message 2555
Performance test message 2556
Performance test message 2557
Performance test message 2558
Performance test message 2559
Performance test message 2560
Performance test message 2561
Performance test message 2562
Performance test message 2563
Performance test message 2564
Performance test message 2565
Performance test message 2566
Performance test message 2567
Performance test message 2568
Performance test message 2569
Performance test message 2570
Performance test message 2571
Performance test message 2572
Performance test message 2573
Performance test message 2574
Performance test message 2575
Performance test message 2576
Performance test message 2577
Performance test message 2578
Performance test message 2579
Performance test message 2580
Performance test message 2581
Performance test message 2582
Performance test message 2583
Performance test message 2584
Performance test message 2585
Performance test message 2586
Performance test message 2587
Performance test message 2588
Performance test message 2589
Performance test message 2590
Performance test message 2591
Performance test message 2592
Performance test message 2593
Performance test message 2594
Performance test message 2595
Performance test message 2596
Performance test message 2597
Performance test message 2598
Performance test message 2599
Performance test message 2600
Performance test message 2601
Performance test message 2602
Performance test message 2603
Performance test message 2604
Performance test message 2605
Performance test message 2606
Performance test message 2607
Performance test message 2608
Performance test message 2609
Performance test message 2610
Performance test message 2611
Performance test message 2612
Performance test message 2613
Performance test message 2614
Performance test message 2615
Performance test message 2616
Performance test message 2617
Performance test message 2618
Performance test message 2619
Performance test message 2620
Performance test message 2621
Performance test message 2622
Performance test message 2623
Performance test message 2624
Performance test message 2625
Performance test message 2626
Performance test message 2627
Performance test message 2628
Performance test message 2629
Performance test message 2630
Performance test message 2631
Performance test message 2632
Performance test message 2633
Performance test message 2634
Performance test message 2635
Performance test message 2636
Performance test message 2637
Performance test message 2638
Performance test message 2639
Performance test message 2640
Performance test message 2641
Performance test message 2642
Performance test message 2643
Performance test message 2644
Performance test message 2645
Performance test message 2646
Performance test message 2647
Performance test message 2648
Performance test message 2649
Performance test message 2650
Performance test message 2651
Performance test message 2652
Performance test message 2653
Performance test message 2654
Performance test message 2655
Performance test message 2656
Performance test message 2657
Performance test message 2658
Performance test message 2659
Performance test message 2660
Performance test message 2661
Performance test message 2662
Performance test message 2663
Performance test message 2664
Performance test message 2665
Performance test message 2666
Performance test message 2667
Performance test message 2668
Performance test message 2669
Performance test message 2670
Performance test message 2671
Performance test message 2672
Performance test message 2673
Performance test message 2674
Performance test message 2675
Performance test message 2676
Performance test message 2677
Performance test message 2678
Performance test message 2679
Performance test message 2680
Performance test message 2681
Performance test message 2682
Performance test message 2683
Performance test message 2684
Performance test message 2685
Performance test message 2686
Performance test message 2687
Performance test message 2688
Performance test message 2689
Performance test message 2690
Performance test message 2691
Performance test message 2692
Performance test message 2693
Performance test message 2694
Performance test message 2695
Performance test message 2696
Performance test message 2697
Performance test message 2698
Performance test message 2699
Performance test message 2700
Performance test message 2701
Performance test message 2702
Performance test message 2703
Performance test message 2704
Performance test message 2705
Performance test message 2706
Performance test message 2707
Performance test message 2708
Performance test message 2709
Performance test message 2710
Performance test message 2711
Performance test message 2712
Performance test message 2713
Performance test message 2714
Performance test message 2715
Performance test message 2716
Performance test message 2717
Performance test message 2718
Performance test message 2719
Performance test message 2720
Performance test message 2721
Performance test message 2722
Performance test message 2723
Performance test message 2724
Performance test message 2725
Performance test message 2726
Performance test message 2727
Performance test message 2728
Performance test message 2729
Performance test message 2730
Performance test message 2731
Performance test message 2732
Performance test message 2733
Performance test message 2734
Performance test message 2735
Performance test message 2736
Performance test message 2737
Performance test message 2738
Performance test message 2739
Performance test message 2740
Performance test message 2741
Performance test message 2742
Performance test message 2743
Performance test message 2744
Performance test message 2745
Performance test message 2746
Performance test message 2747
Performance test message 2748
Performance test message 2749
Performance test message 2750
Performance test message 2751
Performance test message 2752
Performance test message 2753
Performance test message 2754
Performance test message 2755
Performance test message 2756
Performance test message 2757
Performance test message 2758
Performance test message 2759
Performance test message 2760
Performance test message 2761
Performance test message 2762
Performance test message 2763
Performance test message 2764
Performance test message 2765
Performance test message 2766
Performance test message 2767
Performance test message 2768
Performance test message 2769
Performance test message 2770
Performance test message 2771
Performance test message 2772
Performance test message 2773
Performance test message 2774
Performance test message 2775
Performance test message 2776
Performance test message 2777
Performance test message 2778
Performance test message 2779
Performance test message 2780
Performance test message 2781
Performance test message 2782
Performance test message 2783
Performance test message 2784
Performance test message 2785
Performance test message 2786
Performance test message 2787
Performance test message 2788
Performance test message 2789
Performance test message 2790
Performance test message 2791
Performance test message 2792
Performance test message 2793
Performance test message 2794
Performance test message 2795
Performance test message 2796
Performance test message 2797
Performance test message 2798
Performance test message 2799
Performance test message 2800
Performance test message 2801
Performance test message 2802
Performance test message 2803
Performance test message 2804
Performance test message 2805
Performance test message 2806
Performance test message 2807
Performance test message 2808
Performance test message 2809
Performance test message 2810
Performance test message 2811
Performance test message 2812
Performance test message 2813
Performance test message 2814
Performance test message 2815
Performance test message 2816
Performance test message 2817
Performance test message 2818
Performance test message 2819
Performance test message 2820
Performance test message 2821
Performance test message 2822
Performance test message 2823
Performance test message 2824
Performance test message 2825
Performance test message 2826
Performance test message 2827
Performance test message 2828
Performance test message 2829
Performance test message 2830
Performance test message 2831
Performance test message 2832
Performance test message 2833
Performance test message 2834
Performance test message 2835
Performance test message 2836
Performance test message 2837
Performance test message 2838
Performance test message 2839
Performance test message 2840
Performance test message 2841
Performance test message 2842
Performance test message 2843
Performance test message 2844
Performance test message 2845
Performance test message 2846
Performance test message 2847
Performance test message 2848
Performance test message 2849
Performance test message 2850
Performance test message 2851
Performance test message 2852
Performance test message 2853
Performance test message 2854
Performance test message 2855
Performance test message 2856
Performance test message 2857
Performance test message 2858
Performance test message 2859
Performance test message 2860
Performance test message 2861
Performance test message 2862
Performance test message 2863
Performance test message 2864
Performance test message 2865
Performance test message 2866
Performance test message 2867
Performance test message 2868
Performance test message 2869
Performance test message 2870
Performance test message 2871
Performance test message 2872
Performance test message 2873
Performance test message 2874
Performance test message 2875
Performance test message 2876
Performance test message 2877
Performance test message 2878
Performance test message 2879
Performance test message 2880
Performance test message 2881
Performance test message 2882
Performance test message 2883
Performance test message 2884
Performance test message 2885
Performance test message 2886
Performance test message 2887
Performance test message 2888
Performance test message 2889
Performance test message 2890
Performance test message 2891
Performance test message 2892
Performance test message 2893
Performance test message 2894
Performance test message 2895
Performance test message 2896
Performance test message 2897
Performance test message 2898
Performance test message 2899
Performance test message 2900
Performance test message 2901
Performance test message 2902
Performance test message 2903
Performance test message 2904
Performance test message 2905
Performance test message 2906
Performance test message 2907
Performance test message 2908
Performance test message 2909
Performance test message 2910
Performance test message 2911
Performance test message 2912
Performance test message 2913
Performance test message 2914
Performance test message 2915
Performance test message 2916
Performance test message 2917
Performance test message 2918
Performance test message 2919
Performance test message 2920
Performance test message 2921
Performance test message 2922
Performance test message 2923
Performance test message 2924
Performance test message 2925
Performance test message 2926
Performance test message 2927
Performance test message 2928
Performance test message 2929
Performance test message 2930
Performance test message 2931
Performance test message 2932
Performance test message 2933
Performance test message 2934
Performance test message 2935
Performance test message 2936
Performance test message 2937
Performance test message 2938
Performance test message 2939
Performance test message 2940
Performance test message 2941
Performance test message 2942
Performance test message 2943
Performance test message 2944
Performance test message 2945
Performance test message 2946
Performance test message 2947
Performance test message 2948
Performance test message 2949
Performance test message 2950
Performance test message 2951
Performance test message 2952
Performance test message 2953
Performance test message 2954
Performance test message 2955
Performance test message 2956
Performance test message 2957
Performance test message 2958
Performance test message 2959
Performance test message 2960
Performance test message 2961
Performance test message 2962
Performance test message 2963
Performance test message 2964
Performance test message 2965
Performance test message 2966
Performance test message 2967
Performance test message 2968
Performance test message 2969
Performance test message 2970
Performance test message 2971
Performance test message 2972
Performance test message 2973
Performance test message 2974
Performance test message 2975
Performance test message 2976
Performance test message 2977
Performance test message 2978
Performance test message 2979
Performance test message 2980
Performance test message 2981
Performance test message 2982
Performance test message 2983
Performance test message 2984
Performance test message 2985
Performance test message 2986
Performance test message 2987
Performance test message 2988
Performance test message 2989
Performance test message 2990
Performance test message 2991
Performance test message 2992
Performance test message 2993
Performance test message 2994
Performance test message 2995
Performance test message 2996
Performance test message 2997
Performance test message 2998
Performance test message 2999
Performance test message 3000
Performance test message 3001
Performance test message 3002
Performance test message 3003
Performance test message 3004
Performance test message 3005
Performance test message 3006
Performance test message 3007
Performance test message 3008
Performance test message 3009
Performance test message 3010
Performance test message 3011
Performance test message 3012
Performance test message 3013
Performance test message 3014
Performance test message 3015
Performance test message 3016
Performance test message 3017
Performance test message 3018
Performance test message 3019
Performance test message 3020
Performance test message 3021
Performance test message 3022
Performance test message 3023
Performance test message 3024
Performance test message 3025
Performance test message 3026
Performance test message 3027
Performance test message 3028
Performance test message 3029
Performance test message 3030
Performance test message 3031
Performance test message 3032
Performance test message 3033
Performance test message 3034
Performance test message 3035
Performance test message 3036
Performance test message 3037
Performance test message 3038
Performance test message 3039
Performance test message 3040
Performance test message 3041
Performance test message 3042
Performance test message 3043
Performance test message 3044
Performance test message 3045
Performance test message 3046
Performance test message 3047
Performance test message 3048
Performance test message 3049
Performance test message 3050
Performance test message 3051
Performance test message 3052
Performance test message 3053
Performance test message 3054
Performance test message 3055
Performance test message 3056
Performance test message 3057
Performance test message 3058
Performance test message 3059
Performance test message 3060
Performance test message 3061
Performance test message 3062
Performance test message 3063
Performance test message 3064
Performance test message 3065
Performance test message 3066
Performance test message 3067
Performance test message 3068
Performance test message 3069
Performance test message 3070
Performance test message 3071
Performance test message 3072
Performance test message 3073
Performance test message 3074
Performance test message 3075
Performance test message 3076
Performance test message 3077
Performance test message 3078
Performance test message 3079
Performance test message 3080
Performance test message 3081
Performance test message 3082
Performance test message 3083
Performance test message 3084
Performance test message 3085
Performance test message 3086
Performance test message 3087
Performance test message 3088
Performance test message 3089
Performance test message 3090
Performance test message 3091
Performance test message 3092
Performance test message 3093
Performance test message 3094
Performance test message 3095
Performance test message 3096
Performance test message 3097
Performance test message 3098
Performance test message 3099
Performance test message 3100
Performance test message 3101
Performance test message 3102
Performance test message 3103
Performance test message 3104
Performance test message 3105
Performance test message 3106
Performance test message 3107
Performance test message 3108
Performance test message 3109
Performance test message 3110
Performance test message 3111
Performance test message 3112
Performance test message 3113
Performance test message 3114
Performance test message 3115
Performance test message 3116
Performance test message 3117
Performance test message 3118
Performance test message 3119
Performance test message 3120
Performance test message 3121
Performance test message 3122
Performance test message 3123
Performance test message 3124
Performance test message 3125
Performance test message 3126
Performance test message 3127
Performance test message 3128
Performance test message 3129
Performance test message 3130
Performance test message 3131
Performance test message 3132
Performance test message 3133
Performance test message 3134
Performance test message 3135
Performance test message 3136
Performance test message 3137
Performance test message 3138
Performance test message 3139
Performance test message 3140
Performance test message 3141
Performance test message 3142
Performance test message 3143
Performance test message 3144
Performance test message 3145
Performance test message 3146
Performance test message 3147
Performance test message 3148
Performance test message 3149
Performance test message 3150
Performance test message 3151
Performance test message 3152
Performance test message 3153
Performance test message 3154
Performance test message 3155
Performance test message 3156
Performance test message 3157
Performance test message 3158
Performance test message 3159
Performance test message 3160
Performance test message 3161
Performance test message 3162
Performance test message 3163
Performance test message 3164
Performance test message 3165
Performance test message 3166
Performance test message 3167
Performance test message 3168
Performance test message 3169
Performance test message 3170
Performance test message 3171
Performance test message 3172
Performance test message 3173
Performance test message 3174
Performance test message 3175
Performance test message 3176
Performance test message 3177
Performance test message 3178
Performance test message 3179
Performance test message 3180
Performance test message 3181
Performance test message 3182
Performance test message 3183
Performance test message 3184
Performance test message 3185
Performance test message 3186
Performance test message 3187
Performance test message 3188
Performance test message 3189
Performance test message 3190
Performance test message 3191
Performance test message 3192
Performance test message 3193
Performance test message 3194
Performance test message 3195
Performance test message 3196
Performance test message 3197
Performance test message 3198
Performance test message 3199
Performance test message 3200
Performance test message 3201
Performance test message 3202
Performance test message 3203
Performance test message 3204
Performance test message 3205
Performance test message 3206
Performance test message 3207
Performance test message 3208
Performance test message 3209
Performance test message 3210
Performance test message 3211
Performance test message 3212
Performance test message 3213
Performance test message 3214
Performance test message 3215
Performance test message 3216
Performance test message 3217
Performance test message 3218
Performance test message 3219
Performance test message 3220
Performance test message 3221
Performance test message 3222
Performance test message 3223
Performance test message 3224
Performance test message 3225
Performance test message 3226
Performance test message 3227
Performance test message 3228
Performance test message 3229
Performance test message 3230
Performance test message 3231
Performance test message 3232
Performance test message 3233
Performance test message 3234
Performance test message 3235
Performance test message 3236
Performance test message 3237
Performance test message 3238
Performance test message 3239
Performance test message 3240
Performance test message 3241
Performance test message 3242
Performance test message 3243
Performance test message 3244
Performance test message 3245
Performance test message 3246
Performance test message 3247
Performance test message 3248
Performance test message 3249
Performance test message 3250
Performance test message 3251
Performance test message 3252
Performance test message 3253
Performance test message 3254
Performance test message 3255
Performance test message 3256
Performance test message 3257
Performance test message 3258
Performance test message 3259
Performance test message 3260
Performance test message 3261
Performance test message 3262
Performance test message 3263
Performance test message 3264
Performance test message 3265
Performance test message 3266
Performance test message 3267
Performance test message 3268
Performance test message 3269
Performance test message 3270
Performance test message 3271
Performance test message 3272
Performance test message 3273
Performance test message 3274
Performance test message 3275
Performance test message 3276
Performance test message 3277
Performance test message 3278
Performance test message 3279
Performance test message 3280
Performance test message 3281
Performance test message 3282
Performance test message 3283
Performance test message 3284
Performance test message 3285
Performance test message 3286
Performance test message 3287
Performance test message 3288
Performance test message 3289
Performance test message 3290
Performance test message 3291
Performance test message 3292
Performance test message 3293
Performance test message 3294
Performance test message 3295
Performance test message 3296
Performance test message 3297
Performance test message 3298
Performance test message 3299
Performance test message 3300
Performance test message 3301
Performance test message 3302
Performance test message 3303
Performance test message 3304
Performance test message 3305
Performance test message 3306
Performance test message 3307
Performance test message 3308
Performance test message 3309
Performance test message 3310
Performance test message 3311
Performance test message 3312
Performance test message 3313
Performance test message 3314
Performance test message 3315
Performance test message 3316
Performance test message 3317
Performance test message 3318
Performance test message 3319
Performance test message 3320
Performance test message 3321
Performance test message 3322
Performance test message 3323
Performance test message 3324
Performance test message 3325
Performance test message 3326
Performance test message 3327
Performance test message 3328
Performance test message 3329
Performance test message 3330
Performance test message 3331
Performance test message 3332
Performance test message 3333
Performance test message 3334
Performance test message 3335
Performance test message 3336
Performance test message 3337
Performance test message 3338
Performance test message 3339
Performance test message 3340
Performance test message 3341
Performance test message 3342
Performance test message 3343
Performance test message 3344
Performance test message 3345
Performance test message 3346
Performance test message 3347
Performance test message 3348
Performance test message 3349
Performance test message 3350
Performance test message 3351
Performance test message 3352
Performance test message 3353
Performance test message 3354
Performance test message 3355
Performance test message 3356
Performance test message 3357
Performance test message 3358
Performance test message 3359
Performance test message 3360
Performance test message 3361
Performance test message 3362
Performance test message 3363
Performance test message 3364
Performance test message 3365
Performance test message 3366
Performance test message 3367
Performance test message 3368
Performance test message 3369
Performance test message 3370
Performance test message 3371
Performance test message 3372
Performance test message 3373
Performance test message 3374
Performance test message 3375
Performance test message 3376
Performance test message 3377
Performance test message 3378
Performance test message 3379
Performance test message 3380
Performance test message 3381
Performance test message 3382
Performance test message 3383
Performance test message 3384
Performance test message 3385
Performance test message 3386
Performance test message 3387
Performance test message 3388
Performance test message 3389
Performance test message 3390
Performance test message 3391
Performance test message 3392
Performance test message 3393
Performance test message 3394
Performance test message 3395
Performance test message 3396
Performance test message 3397
Performance test message 3398
Performance test message 3399
Performance test message 3400
Performance test message 3401
Performance test message 3402
Performance test message 3403
Performance test message 3404
Performance test message 3405
Performance test message 3406
Performance test message 3407
Performance test message 3408
Performance test message 3409
Performance test message 3410
Performance test message 3411
Performance test message 3412
Performance test message 3413
Performance test message 3414
Performance test message 3415
Performance test message 3416
Performance test message 3417
Performance test message 3418
Performance test message 3419
Performance test message 3420
Performance test message 3421
Performance test message 3422
Performance test message 3423
Performance test message 3424
Performance test message 3425
Performance test message 3426
Performance test message 3427
Performance test message 3428
Performance test message 3429
Performance test message 3430
Performance test message 3431
Performance test message 3432
Performance test message 3433
Performance test message 3434
Performance test message 3435
Performance test message 3436
Performance test message 3437
Performance test message 3438
Performance test message 3439
Performance test message 3440
Performance test message 3441
Performance test message 3442
Performance test message 3443
Performance test message 3444
Performance test message 3445
Performance test message 3446
Performance test message 3447
Performance test message 3448
Performance test message 3449
Performance test message 3450
Performance test message 3451
Performance test message 3452
Performance test message 3453
Performance test message 3454
Performance test message 3455
Performance test message 3456
Performance test message 3457
Performance test message 3458
Performance test message 3459
Performance test message 3460
Performance test message 3461
Performance test message 3462
Performance test message 3463
Performance test message 3464
Performance test message 3465
Performance test message 3466
Performance test message 3467
Performance test message 3468
Performance test message 3469
Performance test message 3470
Performance test message 3471
Performance test message 3472
Performance test message 3473
Performance test message 3474
Performance test message 3475
Performance test message 3476
Performance test message 3477
Performance test message 3478
Performance test message 3479
Performance test message 3480
Performance test message 3481
Performance test message 3482
Performance test message 3483
Performance test message 3484
Performance test message 3485
Performance test message 3486
Performance test message 3487
Performance test message 3488
Performance test message 3489
Performance test message 3490
Performance test message 3491
Performance test message 3492
Performance test message 3493
Performance test message 3494
Performance test message 3495
Performance test message 3496
Performance test message 3497
Performance test message 3498
Performance test message 3499
Performance test message 3500
Performance test message 3501
Performance test message 3502
Performance test message 3503
Performance test message 3504
Performance test message 3505
Performance test message 3506
Performance test message 3507
Performance test message 3508
Performance test message 3509
Performance test message 3510
Performance test message 3511
Performance test message 3512
Performance test message 3513
Performance test message 3514
Performance test message 3515
Performance test message 3516
Performance test message 3517
Performance test message 3518
Performance test message 3519
Performance test message 3520
Performance test message 3521
Performance test message 3522
Performance test message 3523
Performance test message 3524
Performance test message 3525
Performance test message 3526
Performance test message 3527
Performance test message 3528
Performance test message 3529
Performance test message 3530
Performance test message 3531
Performance test message 3532
Performance test message 3533
Performance test message 3534
Performance test message 3535
Performance test message 3536
Performance test message 3537
Performance test message 3538
Performance test message 3539
Performance test message 3540
Performance test message 3541
Performance test message 3542
Performance test message 3543
Performance test message 3544
Performance test message 3545
Performance test message 3546
Performance test message 3547
Performance test message 3548
Performance test message 3549
Performance test message 3550
Performance test message 3551
Performance test message 3552
Performance test message 3553
Performance test message 3554
Performance test message 3555
Performance test message 3556
Performance test message 3557
Performance test message 3558
Performance test message 3559
Performance test message 3560
Performance test message 3561
Performance test message 3562
Performance test message 3563
Performance test message 3564
Performance test message 3565
Performance test message 3566
Performance test message 3567
Performance test message 3568
Performance test message 3569
Performance test message 3570
Performance test message 3571
Performance test message 3572
Performance test message 3573
Performance test message 3574
Performance test message 3575
Performance test message 3576
Performance test message 3577
Performance test message 3578
Performance test message 3579
Performance test message 3580
Performance test message 3581
Performance test message 3582
Performance test message 3583
Performance test message 3584
Performance test message 3585
Performance test message 3586
Performance test message 3587
Performance test message 3588
Performance test message 3589
Performance test message 3590
Performance test message 3591
Performance test message 3592
Performance test message 3593
Performance test message 3594
Performance test message 3595
Performance test message 3596
Performance test message 3597
Performance test message 3598
Performance test message 3599
Performance test message 3600
Performance test message 3601
Performance test message 3602
Performance test message 3603
Performance test message 3604
Performance test message 3605
Performance test message 3606
Performance test message 3607
Performance test message 3608
Performance test message 3609
Performance test message 3610
Performance test message 3611
Performance test message 3612
Performance test message 3613
Performance test message 3614
Performance test message 3615
Performance test message 3616
Performance test message 3617
Performance test message 3618
Performance test message 3619
Performance test message 3620
Performance test message 3621
Performance test message 3622
Performance test message 3623
Performance test message 3624
Performance test message 3625
Performance test message 3626
Performance test message 3627
Performance test message 3628
Performance test message 3629
Performance test message 3630
Performance test message 3631
Performance test message 3632
Performance test message 3633
Performance test message 3634
Performance test message 3635
Performance test message 3636
Performance test message 3637
Performance test message 3638
Performance test message 3639
Performance test message 3640
Performance test message 3641
Performance test message 3642
Performance test message 3643
Performance test message 3644
Performance test message 3645
Performance test message 3646
Performance test message 3647
Performance test message 3648
Performance test message 3649
Performance test message 3650
Performance test message 3651
Performance test message 3652
Performance test message 3653
Performance test message 3654
Performance test message 3655
Performance test message 3656
Performance test message 3657
Performance test message 3658
Performance test message 3659
Performance test message 3660
Performance test message 3661
Performance test message 3662
Performance test message 3663
Performance test message 3664
Performance test message 3665
Performance test message 3666
Performance test message 3667
Performance test message 3668
Performance test message 3669
Performance test message 3670
Performance test message 3671
Performance test message 3672
Performance test message 3673
Performance test message 3674
Performance test message 3675
Performance test message 3676
Performance test message 3677
Performance test message 3678
Performance test message 3679
Performance test message 3680
Performance test message 3681
Performance test message 3682
Performance test message 3683
Performance test message 3684
Performance test message 3685
Performance test message 3686
Performance test message 3687
Performance test message 3688
Performance test message 3689
Performance test message 3690
Performance test message 3691
Performance test message 3692
Performance test message 3693
Performance test message 3694
Performance test message 3695
Performance test message 3696
Performance test message 3697
Performance test message 3698
Performance test message 3699
Performance test message 3700
Performance test message 3701
Performance test message 3702
Performance test message 3703
Performance test message 3704
Performance test message 3705
Performance test message 3706
Performance test message 3707
Performance test message 3708
Performance test message 3709
Performance test message 3710
Performance test message 3711
Performance test message 3712
Performance test message 3713
Performance test message 3714
Performance test message 3715
Performance test message 3716
Performance test message 3717
Performance test message 3718
Performance test message 3719
Performance test message 3720
Performance test message 3721
Performance test message 3722
Performance test message 3723
Performance test message 3724
Performance test message 3725
Performance test message 3726
Performance test message 3727
Performance test message 3728
Performance test message 3729
Performance test message 3730
Performance test message 3731
Performance test message 3732
Performance test message 3733
Performance test message 3734
Performance test message 3735
Performance test message 3736
Performance test message 3737
Performance test message 3738
Performance test message 3739
Performance test message 3740
Performance test message 3741
Performance test message 3742
Performance test message 3743
Performance test message 3744
Performance test message 3745
Performance test message 3746
Performance test message 3747
Performance test message 3748
Performance test message 3749
Performance test message 3750
Performance test message 3751
Performance test message 3752
Performance test message 3753
Performance test message 3754
Performance test message 3755
Performance test message 3756
Performance test message 3757
Performance test message 3758
Performance test message 3759
Performance test message 3760
Performance test message 3761
Performance test message 3762
Performance test message 3763
Performance test message 3764
Performance test message 3765
Performance test message 3766
Performance test message 3767
Performance test message 3768
Performance test message 3769
Performance test message 3770
Performance test message 3771
Performance test message 3772
Performance test message 3773
Performance test message 3774
Performance test message 3775
Performance test message 3776
Performance test message 3777
Performance test message 3778
Performance test message 3779
Performance test message 3780
Performance test message 3781
Performance test message 3782
Performance test message 3783
Performance test message 3784
Performance test message 3785
Performance test message 3786
Performance test message 3787
Performance test message 3788
Performance test message 3789
Performance test message 3790
Performance test message 3791
Performance test message 3792
Performance test message 3793
Performance test message 3794
Performance test message 3795
Performance test message 3796
Performance test message 3797
Performance test message 3798
Performance test message 3799
Performance test message 3800
Performance test message 3801
Performance test message 3802
Performance test message 3803
Performance test message 3804
Performance test message 3805
Performance test message 3806
Performance test message 3807
Performance test message 3808
Performance test message 3809
Performance test message 3810
Performance test message 3811
Performance test message 3812
Performance test message 3813
Performance test message 3814
Performance test message 3815
Performance test message 3816
Performance test message 3817
Performance test message 3818
Performance test message 3819
Performance test message 3820
Performance test message 3821
Performance test message 3822
Performance test message 3823
Performance test message 3824
Performance test message 3825
Performance test message 3826
Performance test message 3827
Performance test message 3828
Performance test message 3829
Performance test message 3830
Performance test message 3831
Performance test message 3832
Performance test message 3833
Performance test message 3834
Performance test message 3835
Performance test message 3836
Performance test message 3837
Performance test message 3838
Performance test message 3839
Performance test message 3840
Performance test message 3841
Performance test message 3842
Performance test message 3843
Performance test message 3844
Performance test message 3845
Performance test message 3846
Performance test message 3847
Performance test message 3848
Performance test message 3849
Performance test message 3850
Performance test message 3851
Performance test message 3852
Performance test message 3853
Performance test message 3854
Performance test message 3855
Performance test message 3856
Performance test message 3857
Performance test message 3858
Performance test message 3859
Performance test message 3860
Performance test message 3861
Performance test message 3862
Performance test message 3863
Performance test message 3864
Performance test message 3865
Performance test message 3866
Performance test message 3867
Performance test message 3868
Performance test message 3869
Performance test message 3870
Performance test message 3871
Performance test message 3872
Performance test message 3873
Performance test message 3874
Performance test message 3875
Performance test message 3876
Performance test message 3877
Performance test message 3878
Performance test message 3879
Performance test message 3880
Performance test message 3881
Performance test message 3882
Performance test message 3883
Performance test message 3884
Performance test message 3885
Performance test message 3886
Performance test message 3887
Performance test message 3888
Performance test message 3889
Performance test message 3890
Performance test message 3891
Performance test message 3892
Performance test message 3893
Performance test message 3894
Performance test message 3895
Performance test message 3896
Performance test message 3897
Performance test message 3898
Performance test message 3899
Performance test message 3900
Performance test message 3901
Performance test message 3902
Performance test message 3903
Performance test message 3904
Performance test message 3905
Performance test message 3906
Performance test message 3907
Performance test message 3908
Performance test message 3909
Performance test message 3910
Performance test message 3911
Performance test message 3912
Performance test message 3913
Performance test message 3914
Performance test message 3915
Performance test message 3916
Performance test message 3917
Performance test message 3918
Performance test message 3919
Performance test message 3920
Performance test message 3921
Performance test message 3922
Performance test message 3923
Performance test message 3924
Performance test message 3925
Performance test message 3926
Performance test message 3927
Performance test message 3928
Performance test message 3929
Performance test message 3930
Performance test message 3931
Performance test message 3932
Performance test message 3933
Performance test message 3934
Performance test message 3935
Performance test message 3936
Performance test message 3937
Performance test message 3938
Performance test message 3939
Performance test message 3940
Performance test message 3941
Performance test message 3942
Performance test message 3943
Performance test message 3944
Performance test message 3945
Performance test message 3946
Performance test message 3947
Performance test message 3948
Performance test message 3949
Performance test message 3950
Performance test message 3951
Performance test message 3952
Performance test message 3953
Performance test message 3954
Performance test message 3955
Performance test message 3956
Performance test message 3957
Performance test message 3958
Performance test message 3959
Performance test message 3960
Performance test message 3961
Performance test message 3962
Performance test message 3963
Performance test message 3964
Performance test message 3965
Performance test message 3966
Performance test message 3967
Performance test message 3968
Performance test message 3969
Performance test message 3970
Performance test message 3971
Performance test message 3972
Performance test message 3973
Performance test message 3974
Performance test message 3975
Performance test message 3976
Performance test message 3977
Performance test message 3978
Performance test message 3979
Performance test message 3980
Performance test message 3981
Performance test message 3982
Performance test message 3983
Performance test message 3984
Performance test message 3985
Performance test message 3986
Performance test message 3987
Performance test message 3988
Performance test message 3989
Performance test message 3990
Performance test message 3991
Performance test message 3992
Performance test message 3993
Performance test message 3994
Performance test message 3995
Performance test message 3996
Performance test message 3997
Performance test message 3998
Performance test message 3999
Performance test message 4000
Performance test message 4001
Performance test message 4002
Performance test message 4003
Performance test message 4004
Performance test message 4005
Performance test message 4006
Performance test message 4007
Performance test message 4008
Performance test message 4009
Performance test message 4010
Performance test message 4011
Performance test message 4012
Performance test message 4013
Performance test message 4014
Performance test message 4015
Performance test message 4016
Performance test message 4017
Performance test message 4018
Performance test message 4019
Performance test message 4020
Performance test message 4021
Performance test message 4022
Performance test message 4023
Performance test message 4024
Performance test message 4025
Performance test message 4026
Performance test message 4027
Performance test message 4028
Performance test message 4029
Performance test message 4030
Performance test message 4031
Performance test message 4032
Performance test message 4033
Performance test message 4034
Performance test message 4035
Performance test message 4036
Performance test message 4037
Performance test message 4038
Performance test message 4039
Performance test message 4040
Performance test message 4041
Performance test message 4042
Performance test message 4043
Performance test message 4044
Performance test message 4045
Performance test message 4046
Performance test message 4047
Performance test message 4048
Performance test message 4049
Performance test message 4050
Performance test message 4051
Performance test message 4052
Performance test message 4053
Performance test message 4054
Performance test message 4055
Performance test message 4056
Performance test message 4057
Performance test message 4058
Performance test message 4059
Performance test message 4060
Performance test message 4061
Performance test message 4062
Performance test message 4063
Performance test message 4064
Performance test message 4065
Performance test message 4066
Performance test message 4067
Performance test message 4068
Performance test message 4069
Performance test message 4070
Performance test message 4071
Performance test message 4072
Performance test message 4073
Performance test message 4074
Performance test message 4075
Performance test message 4076
Performance test message 4077
Performance test message 4078
Performance test message 4079
Performance test message 4080
Performance test message 4081
Performance test message 4082
Performance test message 4083
Performance test message 4084
Performance test message 4085
Performance test message 4086
Performance test message 4087
Performance test message 4088
Performance test message 4089
Performance test message 4090
Performance test message 4091
Performance test message 4092
Performance test message 4093
Performance test message 4094
Performance test message 4095
Performance test message 4096
Performance test message 4097
Performance test message 4098
Performance test message 4099
Performance test message 4100
Performance test message 4101
Performance test message 4102
Performance test message 4103
Performance test message 4104
Performance test message 4105
Performance test message 4106
Performance test message 4107
Performance test message 4108
Performance test message 4109
Performance test message 4110
Performance test message 4111
Performance test message 4112
Performance test message 4113
Performance test message 4114
Performance test message 4115
Performance test message 4116
Performance test message 4117
Performance test message 4118
Performance test message 4119
Performance test message 4120
Performance test message 4121
Performance test message 4122
Performance test message 4123
Performance test message 4124
Performance test message 4125
Performance test message 4126
Performance test message 4127
Performance test message 4128
Performance test message 4129
Performance test message 4130
Performance test message 4131
Performance test message 4132
Performance test message 4133
Performance test message 4134
Performance test message 4135
Performance test message 4136
Performance test message 4137
Performance test message 4138
Performance test message 4139
Performance test message 4140
Performance test message 4141
Performance test message 4142
Performance test message 4143
Performance test message 4144
Performance test message 4145
Performance test message 4146
Performance test message 4147
Performance test message 4148
Performance test message 4149
Performance test message 4150
Performance test message 4151
Performance test message 4152
Performance test message 4153
Performance test message 4154
Performance test message 4155
Performance test message 4156
Performance test message 4157
Performance test message 4158
Performance test message 4159
Performance test message 4160
Performance test message 4161
Performance test message 4162
Performance test message 4163
Performance test message 4164
Performance test message 4165
Performance test message 4166
Performance test message 4167
Performance test message 4168
Performance test message 4169
Performance test message 4170
Performance test message 4171
Performance test message 4172
Performance test message 4173
Performance test message 4174
Performance test message 4175
Performance test message 4176
Performance test message 4177
Performance test message 4178
Performance test message 4179
Performance test message 4180
Performance test message 4181
Performance test message 4182
Performance test message 4183
Performance test message 4184
Performance test message 4185
Performance test message 4186
Performance test message 4187
Performance test message 4188
Performance test message 4189
Performance test message 4190
Performance test message 4191
Performance test message 4192
Performance test message 4193
Performance test message 4194
Performance test message 4195
Performance test message 4196
Performance test message 4197
Performance test message 4198
Performance test message 4199
Performance test message 4200
Performance test message 4201
Performance test message 4202
Performance test message 4203
Performance test message 4204
Performance test message 4205
Performance test message 4206
Performance test message 4207
Performance test message 4208
Performance test message 4209
Performance test message 4210
Performance test message 4211
Performance test message 4212
Performance test message 4213
Performance test message 4214
Performance test message 4215
Performance test message 4216
Performance test message 4217
Performance test message 4218
Performance test message 4219
Performance test message 4220
Performance test message 4221
Performance test message 4222
Performance test message 4223
Performance test message 4224
Performance test message 4225
Performance test message 4226
Performance test message 4227
Performance test message 4228
Performance test message 4229
Performance test message 4230
Performance test message 4231
Performance test message 4232
Performance test message 4233
Performance test message 4234
Performance test message 4235
Performance test message 4236
Performance test message 4237
Performance test message 4238
Performance test message 4239
Performance test message 4240
Performance test message 4241
Performance test message 4242
Performance test message 4243
Performance test message 4244
Performance test message 4245
Performance test message 4246
Performance test message 4247
Performance test message 4248
Performance test message 4249
Performance test message 4250
Performance test message 4251
Performance test message 4252
Performance test message 4253
Performance test message 4254
Performance test message 4255
Performance test message 4256
Performance test message 4257
Performance test message 4258
Performance test message 4259
Performance test message 4260
Performance test message 4261
Performance test message 4262
Performance test message 4263
Performance test message 4264
Performance test message 4265
Performance test message 4266
Performance test message 4267
Performance test message 4268
Performance test message 4269
Performance test message 4270
Performance test message 4271
Performance test message 4272
Performance test message 4273
Performance test message 4274
Performance test message 4275
Performance test message 4276
Performance test message 4277
Performance test message 4278
Performance test message 4279
Performance test message 4280
Performance test message 4281
Performance test message 4282
Performance test message 4283
Performance test message 4284
Performance test message 4285
Performance test message 4286
Performance test message 4287
Performance test message 4288
Performance test message 4289
Performance test message 4290
Performance test message 4291
Performance test message 4292
Performance test message 4293
Performance test message 4294
Performance test message 4295
Performance test message 4296
Performance test message 4297
Performance test message 4298
Performance test message 4299
Performance test message 4300
Performance test message 4301
Performance test message 4302
Performance test message 4303
Performance test message 4304
Performance test message 4305
Performance test message 4306
Performance test message 4307
Performance test message 4308
Performance test message 4309
Performance test message 4310
Performance test message 4311
Performance test message 4312
Performance test message 4313
Performance test message 4314
Performance test message 4315
Performance test message 4316
Performance test message 4317
Performance test message 4318
Performance test message 4319
Performance test message 4320
Performance test message 4321
Performance test message 4322
Performance test message 4323
Performance test message 4324
Performance test message 4325
Performance test message 4326
Performance test message 4327
Performance test message 4328
Performance test message 4329
Performance test message 4330
Performance test message 4331
Performance test message 4332
Performance test message 4333
Performance test message 4334
Performance test message 4335
Performance test message 4336
Performance test message 4337
Performance test message 4338
Performance test message 4339
Performance test message 4340
Performance test message 4341
Performance test message 4342
Performance test message 4343
Performance test message 4344
Performance test message 4345
Performance test message 4346
Performance test message 4347
Performance test message 4348
Performance test message 4349
Performance test message 4350
Performance test message 4351
Performance test message 4352
Performance test message 4353
Performance test message 4354
Performance test message 4355
Performance test message 4356
Performance test message 4357
Performance test message 4358
Performance test message 4359
Performance test message 4360
Performance test message 4361
Performance test message 4362
Performance test message 4363
Performance test message 4364
Performance test message 4365
Performance test message 4366
Performance test message 4367
Performance test message 4368
Performance test message 4369
Performance test message 4370
Performance test message 4371
Performance test message 4372
Performance test message 4373
Performance test message 4374
Performance test message 4375
Performance test message 4376
Performance test message 4377
Performance test message 4378
Performance test message 4379
Performance test message 4380
Performance test message 4381
Performance test message 4382
Performance test message 4383
Performance test message 4384
Performance test message 4385
Performance test message 4386
Performance test message 4387
Performance test message 4388
Performance test message 4389
Performance test message 4390
Performance test message 4391
Performance test message 4392
Performance test message 4393
Performance test message 4394
Performance test message 4395
Performance test message 4396
Performance test message 4397
Performance test message 4398
Performance test message 4399
Performance test message 4400
Performance test message 4401
Performance test message 4402
Performance test message 4403
Performance test message 4404
Performance test message 4405
Performance test message 4406
Performance test message 4407
Performance test message 4408
Performance test message 4409
Performance test message 4410
Performance test message 4411
Performance test message 4412
Performance test message 4413
Performance test message 4414
Performance test message 4415
Performance test message 4416
Performance test message 4417
Performance test message 4418
Performance test message 4419
Performance test message 4420
Performance test message 4421
Performance test message 4422
Performance test message 4423
Performance test message 4424
Performance test message 4425
Performance test message 4426
Performance test message 4427
Performance test message 4428
Performance test message 4429
Performance test message 4430
Performance test message 4431
Performance test message 4432
Performance test message 4433
Performance test message 4434
Performance test message 4435
Performance test message 4436
Performance test message 4437
Performance test message 4438
Performance test message 4439
Performance test message 4440
Performance test message 4441
Performance test message 4442
Performance test message 4443
Performance test message 4444
Performance test message 4445
Performance test message 4446
Performance test message 4447
Performance test message 4448
Performance test message 4449
Performance test message 4450
Performance test message 4451
Performance test message 4452
Performance test message 4453
Performance test message 4454
Performance test message 4455
Performance test message 4456
Performance test message 4457
Performance test message 4458
Performance test message 4459
Performance test message 4460
Performance test message 4461
Performance test message 4462
Performance test message 4463
Performance test message 4464
Performance test message 4465
Performance test message 4466
Performance test message 4467
Performance test message 4468
Performance test message 4469
Performance test message 4470
Performance test message 4471
Performance test message 4472
Performance test message 4473
Performance test message 4474
Performance test message 4475
Performance test message 4476
Performance test message 4477
Performance test message 4478
Performance test message 4479
Performance test message 4480
Performance test message 4481
Performance test message 4482
Performance test message 4483
Performance test message 4484
Performance test message 4485
Performance test message 4486
Performance test message 4487
Performance test message 4488
Performance test message 4489
Performance test message 4490
Performance test message 4491
Performance test message 4492
Performance test message 4493
Performance test message 4494
Performance test message 4495
Performance test message 4496
Performance test message 4497
Performance test message 4498
Performance test message 4499
Performance test message 4500
Performance test message 4501
Performance test message 4502
Performance test message 4503
Performance test message 4504
Performance test message 4505
Performance test message 4506
Performance test message 4507
Performance test message 4508
Performance test message 4509
Performance test message 4510
Performance test message 4511
Performance test message 4512
Performance test message 4513
Performance test message 4514
Performance test message 4515
Performance test message 4516
Performance test message 4517
Performance test message 4518
Performance test message 4519
Performance test message 4520
Performance test message 4521
Performance test message 4522
Performance test message 4523
Performance test message 4524
Performance test message 4525
Performance test message 4526
Performance test message 4527
Performance test message 4528
Performance test message 4529
Performance test message 4530
Performance test message 4531
Performance test message 4532
Performance test message 4533
Performance test message 4534
Performance test message 4535
Performance test message 4536
Performance test message 4537
Performance test message 4538
Performance test message 4539
Performance test message 4540
Performance test message 4541
Performance test message 4542
Performance test message 4543
Performance test message 4544
Performance test message 4545
Performance test message 4546
Performance test message 4547
Performance test message 4548
Performance test message 4549
Performance test message 4550
Performance test message 4551
Performance test message 4552
Performance test message 4553
Performance test message 4554
Performance test message 4555
Performance test message 4556
Performance test message 4557
Performance test message 4558
Performance test message 4559
Performance test message 4560
Performance test message 4561
Performance test message 4562
Performance test message 4563
Performance test message 4564
Performance test message 4565
Performance test message 4566
Performance test message 4567
Performance test message 4568
Performance test message 4569
Performance test message 4570
Performance test message 4571
Performance test message 4572
Performance test message 4573
Performance test message 4574
Performance test message 4575
Performance test message 4576
Performance test message 4577
Performance test message 4578
Performance test message 4579
Performance test message 4580
Performance test message 4581
Performance test message 4582
Performance test message 4583
Performance test message 4584
Performance test message 4585
Performance test message 4586
Performance test message 4587
Performance test message 4588
Performance test message 4589
Performance test message 4590
Performance test message 4591
Performance test message 4592
Performance test message 4593
Performance test message 4594
Performance test message 4595
Performance test message 4596
Performance test message 4597
Performance test message 4598
Performance test message 4599
Performance test message 4600
Performance test message 4601
Performance test message 4602
Performance test message 4603
Performance test message 4604
Performance test message 4605
Performance test message 4606
Performance test message 4607
Performance test message 4608
Performance test message 4609
Performance test message 4610
Performance test message 4611
Performance test message 4612
Performance test message 4613
Performance test message 4614
Performance test message 4615
Performance test message 4616
Performance test message 4617
Performance test message 4618
Performance test message 4619
Performance test message 4620
Performance test message 4621
Performance test message 4622
Performance test message 4623
Performance test message 4624
Performance test message 4625
Performance test message 4626
Performance test message 4627
Performance test message 4628
Performance test message 4629
Performance test message 4630
Performance test message 4631
Performance test message 4632
Performance test message 4633
Performance test message 4634
Performance test message 4635
Performance test message 4636
Performance test message 4637
Performance test message 4638
Performance test message 4639
Performance test message 4640
Performance test message 4641
Performance test message 4642
Performance test message 4643
Performance test message 4644
Performance test message 4645
Performance test message 4646
Performance test message 4647
Performance test message 4648
Performance test message 4649
Performance test message 4650
Performance test message 4651
Performance test message 4652
Performance test message 4653
Performance test message 4654
Performance test message 4655
Performance test message 4656
Performance test message 4657
Performance test message 4658
Performance test message 4659
Performance test message 4660
Performance test message 4661
Performance test message 4662
Performance test message 4663
Performance test message 4664
Performance test message 4665
Performance test message 4666
Performance test message 4667
Performance test message 4668
Performance test message 4669
Performance test message 4670
Performance test message 4671
Performance test message 4672
Performance test message 4673
Performance test message 4674
Performance test message 4675
Performance test message 4676
Performance test message 4677
Performance test message 4678
Performance test message 4679
Performance test message 4680
Performance test message 4681
Performance test message 4682
Performance test message 4683
Performance test message 4684
Performance test message 4685
Performance test message 4686
Performance test message 4687
Performance test message 4688
Performance test message 4689
Performance test message 4690
Performance test message 4691
Performance test message 4692
Performance test message 4693
Performance test message 4694
Performance test message 4695
Performance test message 4696
Performance test message 4697
Performance test message 4698
Performance test message 4699
Performance test message 4700
Performance test message 4701
Performance test message 4702
Performance test message 4703
Performance test message 4704
Performance test message 4705
Performance test message 4706
Performance test message 4707
Performance test message 4708
Performance test message 4709
Performance test message 4710
Performance test message 4711
Performance test message 4712
Performance test message 4713
Performance test message 4714
Performance test message 4715
Performance test message 4716
Performance test message 4717
Performance test message 4718
Performance test message 4719
Performance test message 4720
Performance test message 4721
Performance test message 4722
Performance test message 4723
Performance test message 4724
Performance test message 4725
Performance test message 4726
Performance test message 4727
Performance test message 4728
Performance test message 4729
Performance test message 4730
Performance test message 4731
Performance test message 4732
Performance test message 4733
Performance test message 4734
Performance test message 4735
Performance test message 4736
Performance test message 4737
Performance test message 4738
Performance test message 4739
Performance test message 4740
Performance test message 4741
Performance test message 4742
Performance test message 4743
Performance test message 4744
Performance test message 4745
Performance test message 4746
Performance test message 4747
Performance test message 4748
Performance test message 4749
Performance test message 4750
Performance test message 4751
Performance test message 4752
Performance test message 4753
Performance test message 4754
Performance test message 4755
Performance test message 4756
Performance test message 4757
Performance test message 4758
Performance test message 4759
Performance test message 4760
Performance test message 4761
Performance test message 4762
Performance test message 4763
Performance test message 4764
Performance test message 4765
Performance test message 4766
Performance test message 4767
Performance test message 4768
Performance test message 4769
Performance test message 4770
Performance test message 4771
Performance test message 4772
Performance test message 4773
Performance test message 4774
Performance test message 4775
Performance test message 4776
Performance test message 4777
Performance test message 4778
Performance test message 4779
Performance test message 4780
Performance test message 4781
Performance test message 4782
Performance test message 4783
Performance test message 4784
Performance test message 4785
Performance test message 4786
Performance test message 4787
Performance test message 4788
Performance test message 4789
Performance test message 4790
Performance test message 4791
Performance test message 4792
Performance test message 4793
Performance test message 4794
Performance test message 4795
Performance test message 4796
Performance test message 4797
Performance test message 4798
Performance test message 4799
Performance test message 4800
Performance test message 4801
Performance test message 4802
Performance test message 4803
Performance test message 4804
Performance test message 4805
Performance test message 4806
Performance test message 4807
Performance test message 4808
Performance test message 4809
Performance test message 4810
Performance test message 4811
Performance test message 4812
Performance test message 4813
Performance test message 4814
Performance test message 4815
Performance test message 4816
Performance test message 4817
Performance test message 4818
Performance test message 4819
Performance test message 4820
Performance test message 4821
Performance test message 4822
Performance test message 4823
Performance test message 4824
Performance test message 4825
Performance test message 4826
Performance test message 4827
Performance test message 4828
Performance test message 4829
Performance test message 4830
Performance test message 4831
Performance test message 4832
Performance test message 4833
Performance test message 4834
Performance test message 4835
Performance test message 4836
Performance test message 4837
Performance test message 4838
Performance test message 4839
Performance test message 4840
Performance test message 4841
Performance test message 4842
Performance test message 4843
Performance test message 4844
Performance test message 4845
Performance test message 4846
Performance test message 4847
Performance test message 4848
Performance test message 4849
Performance test message 4850
Performance test message 4851
Performance test message 4852
Performance test message 4853
Performance test message 4854
Performance test message 4855
Performance test message 4856
Performance test message 4857
Performance test message 4858
Performance test message 4859
Performance test message 4860
Performance test message 4861
Performance test message 4862
Performance test message 4863
Performance test message 4864
Performance test message 4865
Performance test message 4866
Performance test message 4867
Performance test message 4868
Performance test message 4869
Performance test message 4870
Performance test message 4871
Performance test message 4872
Performance test message 4873
Performance test message 4874
Performance test message 4875
Performance test message 4876
Performance test message 4877
Performance test message 4878
Performance test message 4879
Performance test message 4880
Performance test message 4881
Performance test message 4882
Performance test message 4883
Performance test message 4884
Performance test message 4885
Performance test message 4886
Performance test message 4887
Performance test message 4888
Performance test message 4889
Performance test message 4890
Performance test message 4891
Performance test message 4892
Performance test message 4893
Performance test message 4894
Performance test message 4895
Performance test message 4896
Performance test message 4897
Performance test message 4898
Performance test message 4899
Performance test message 4900
Performance test message 4901
Performance test message 4902
Performance test message 4903
Performance test message 4904
Performance test message 4905
Performance test message 4906
Performance test message 4907
Performance test message 4908
Performance test message 4909
Performance test message 4910
Performance test message 4911
Performance test message 4912
Performance test message 4913
Performance test message 4914
Performance test message 4915
Performance test message 4916
Performance test message 4917
Performance test message 4918
Performance test message 4919
Performance test message 4920
Performance test message 4921
Performance test message 4922
Performance test message 4923
Performance test message 4924
Performance test message 4925
Performance test message 4926
Performance test message 4927
Performance test message 4928
Performance test message 4929
Performance test message 4930
Performance test message 4931
Performance test message 4932
Performance test message 4933
Performance test message 4934
Performance test message 4935
Performance test message 4936
Performance test message 4937
Performance test message 4938
Performance test message 4939
Performance test message 4940
Performance test message 4941
Performance test message 4942
Performance test message 4943
Performance test message 4944
Performance test message 4945
Performance test message 4946
Performance test message 4947
Performance test message 4948
Performance test message 4949
Performance test message 4950
Performance test message 4951
Performance test message 4952
Performance test message 4953
Performance test message 4954
Performance test message 4955
Performance test message 4956
Performance test message 4957
Performance test message 4958
Performance test message 4959
Performance test message 4960
Performance test message 4961
Performance test message 4962
Performance test message 4963
Performance test message 4964
Performance test message 4965
Performance test message 4966
Performance test message 4967
Performance test message 4968
Performance test message 4969
Performance test message 4970
Performance test message 4971
Performance test message 4972
Performance test message 4973
Performance test message 4974
Performance test message 4975
Performance test message 4976
Performance test message 4977
Performance test message 4978
Performance test message 4979
Performance test message 4980
Performance test message 4981
Performance test message 4982
Performance test message 4983
Performance test message 4984
Performance test message 4985
Performance test message 4986
Performance test message 4987
Performance test message 4988
Performance test message 4989
Performance test message 4990
Performance test message 4991
Performance test message 4992
Performance test message 4993
Performance test message 4994
Performance test message 4995
Performance test message 4996
Performance test message 4997
Performance test message 4998
Performance test message 4999
Performance test message 5000
Performance test message 5001
Performance test message 5002
Performance test message 5003
Performance test message 5004
Performance test message 5005
Performance test message 5006
Performance test message 5007
Performance test message 5008
Performance test message 5009
Performance test message 5010
Performance test message 5011
Performance test message 5012
Performance test message 5013
Performance test message 5014
Performance test message 5015
Performance test message 5016
Performance test message 5017
Performance test message 5018
Performance test message 5019
Performance test message 5020
Performance test message 5021
Performance test message 5022
Performance test message 5023
Performance test message 5024
Performance test message 5025
Performance test message 5026
Performance test message 5027
Performance test message 5028
Performance test message 5029
Performance test message 5030
Performance test message 5031
Performance test message 5032
Performance test message 5033
Performance test message 5034
Performance test message 5035
Performance test message 5036
Performance test message 5037
Performance test message 5038
Performance test message 5039
Performance test message 5040
Performance test message 5041
Performance test message 5042
Performance test message 5043
Performance test message 5044
Performance test message 5045
Performance test message 5046
Performance test message 5047
Performance test message 5048
Performance test message 5049
Performance test message 5050
Performance test message 5051
Performance test message 5052
Performance test message 5053
Performance test message 5054
Performance test message 5055
Performance test message 5056
Performance test message 5057
Performance test message 5058
Performance test message 5059
Performance test message 5060
Performance test message 5061
Performance test message 5062
Performance test message 5063
Performance test message 5064
Performance test message 5065
Performance test message 5066
Performance test message 5067
Performance test message 5068
Performance test message 5069
Performance test message 5070
Performance test message 5071
Performance test message 5072
Performance test message 5073
Performance test message 5074
Performance test message 5075
Performance test message 5076
Performance test message 5077
Performance test message 5078
Performance test message 5079
Performance test message 5080
Performance test message 5081
Performance test message 5082
Performance test message 5083
Performance test message 5084
Performance test message 5085
Performance test message 5086
Performance test message 5087
Performance test message 5088
Performance test message 5089
Performance test message 5090
Performance test message 5091
Performance test message 5092
Performance test message 5093
Performance test message 5094
Performance test message 5095
Performance test message 5096
Performance test message 5097
Performance test message 5098
Performance test message 5099
Performance test message 5100
Performance test message 5101
Performance test message 5102
Performance test message 5103
Performance test message 5104
Performance test message 5105
Performance test message 5106
Performance test message 5107
Performance test message 5108
Performance test message 5109
Performance test message 5110
Performance test message 5111
Performance test message 5112
Performance test message 5113
Performance test message 5114
Performance test message 5115
Performance test message 5116
Performance test message 5117
Performance test message 5118
Performance test message 5119
Performance test message 5120
Performance test message 5121
Performance test message 5122
Performance test message 5123
Performance test message 5124
Performance test message 5125
Performance test message 5126
Performance test message 5127
Performance test message 5128
Performance test message 5129
Performance test message 5130
Performance test message 5131
Performance test message 5132
Performance test message 5133
Performance test message 5134
Performance test message 5135
Performance test message 5136
Performance test message 5137
Performance test message 5138
Performance test message 5139
Performance test message 5140
Performance test message 5141
Performance test message 5142
Performance test message 5143
Performance test message 5144
Performance test message 5145
Performance test message 5146
Performance test message 5147
Performance test message 5148
Performance test message 5149
Performance test message 5150
Performance test message 5151
Performance test message 5152
Performance test message 5153
Performance test message 5154
Performance test message 5155
Performance test message 5156
Performance test message 5157
Performance test message 5158
Performance test message 5159
Performance test message 5160
Performance test message 5161
Performance test message 5162
Performance test message 5163
Performance test message 5164
Performance test message 5165
Performance test message 5166
Performance test message 5167
Performance test message 5168
Performance test message 5169
Performance test message 5170
Performance test message 5171
Performance test message 5172
Performance test message 5173
Performance test message 5174
Performance test message 5175
Performance test message 5176
Performance test message 5177
Performance test message 5178
Performance test message 5179
Performance test message 5180
Performance test message 5181
Performance test message 5182
Performance test message 5183
Performance test message 5184
Performance test message 5185
Performance test message 5186
Performance test message 5187
Performance test message 5188
Performance test message 5189
Performance test message 5190
Performance test message 5191
Performance test message 5192
Performance test message 5193
Performance test message 5194
Performance test message 5195
Performance test message 5196
Performance test message 5197
Performance test message 5198
Performance test message 5199
Performance test message 5200
Performance test message 5201
Performance test message 5202
Performance test message 5203
Performance test message 5204
Performance test message 5205
Performance test message 5206
Performance test message 5207
Performance test message 5208
Performance test message 5209
Performance test message 5210
Performance test message 5211
Performance test message 5212
Performance test message 5213
Performance test message 5214
Performance test message 5215
Performance test message 5216
Performance test message 5217
Performance test message 5218
Performance test message 5219
Performance test message 5220
Performance test message 5221
Performance test message 5222
Performance test message 5223
Performance test message 5224
Performance test message 5225
Performance test message 5226
Performance test message 5227
Performance test message 5228
Performance test message 5229
Performance test message 5230
Performance test message 5231
Performance test message 5232
Performance test message 5233
Performance test message 5234
Performance test message 5235
Performance test message 5236
Performance test message 5237
Performance test message 5238
Performance test message 5239
Performance test message 5240
Performance test message 5241
Performance test message 5242
Performance test message 5243
Performance test message 5244
Performance test message 5245
Performance test message 5246
Performance test message 5247
Performance test message 5248
Performance test message 5249
Performance test message 5250
Performance test message 5251
Performance test message 5252
Performance test message 5253
Performance test message 5254
Performance test message 5255
Performance test message 5256
Performance test message 5257
Performance test message 5258
Performance test message 5259
Performance test message 5260
Performance test message 5261
Performance test message 5262
Performance test message 5263
Performance test message 5264
Performance test message 5265
Performance test message 5266
Performance test message 5267
Performance test message 5268
Performance test message 5269
Performance test message 5270
Performance test message 5271
Performance test message 5272
Performance test message 5273
Performance test message 5274
Performance test message 5275
Performance test message 5276
Performance test message 5277
Performance test message 5278
Performance test message 5279
Performance test message 5280
Performance test message 5281
Performance test message 5282
Performance test message 5283
Performance test message 5284
Performance test message 5285
Performance test message 5286
Performance test message 5287
Performance test message 5288
Performance test message 5289
Performance test message 5290
Performance test message 5291
Performance test message 5292
Performance test message 5293
Performance test message 5294
Performance test message 5295
Performance test message 5296
Performance test message 5297
Performance test message 5298
Performance test message 5299
Performance test message 5300
Performance test message 5301
Performance test message 5302
Performance test message 5303
Performance test message 5304
Performance test message 5305
Performance test message 5306
Performance test message 5307
Performance test message 5308
Performance test message 5309
Performance test message 5310
Performance test message 5311
Performance test message 5312
Performance test message 5313
Performance test message 5314
Performance test message 5315
Performance test message 5316
Performance test message 5317
Performance test message 5318
Performance test message 5319
Performance test message 5320
Performance test message 5321
Performance test message 5322
Performance test message 5323
Performance test message 5324
Performance test message 5325
Performance test message 5326
Performance test message 5327
Performance test message 5328
Performance test message 5329
Performance test message 5330
Performance test message 5331
Performance test message 5332
Performance test message 5333
Performance test message 5334
Performance test message 5335
Performance test message 5336
Performance test message 5337
Performance test message 5338
Performance test message 5339
Performance test message 5340
Performance test message 5341
Performance test message 5342
Performance test message 5343
Performance test message 5344
Performance test message 5345
Performance test message 5346
Performance test message 5347
Performance test message 5348
Performance test message 5349
Performance test message 5350
Performance test message 5351
Performance test message 5352
Performance test message 5353
Performance test message 5354
Performance test message 5355
Performance test message 5356
Performance test message 5357
Performance test message 5358
Performance test message 5359
Performance test message 5360
Performance test message 5361
Performance test message 5362
Performance test message 5363
Performance test message 5364
Performance test message 5365
Performance test message 5366
Performance test message 5367
Performance test message 5368
Performance test message 5369
Performance test message 5370
Performance test message 5371
Performance test message 5372
Performance test message 5373
Performance test message 5374
Performance test message 5375
Performance test message 5376
Performance test message 5377
Performance test message 5378
Performance test message 5379
Performance test message 5380
Performance test message 5381
Performance test message 5382
Performance test message 5383
Performance test message 5384
Performance test message 5385
Performance test message 5386
Performance test message 5387
Performance test message 5388
Performance test message 5389
Performance test message 5390
Performance test message 5391
Performance test message 5392
Performance test message 5393
Performance test message 5394
Performance test message 5395
Performance test message 5396
Performance test message 5397
Performance test message 5398
Performance test message 5399
Performance test message 5400
Performance test message 5401
Performance test message 5402
Performance test message 5403
Performance test message 5404
Performance test message 5405
Performance test message 5406
Performance test message 5407
Performance test message 5408
Performance test message 5409
Performance test message 5410
Performance test message 5411
Performance test message 5412
Performance test message 5413
Performance test message 5414
Performance test message 5415
Performance test message 5416
Performance test message 5417
Performance test message 5418
Performance test message 5419
Performance test message 5420
Performance test message 5421
Performance test message 5422
Performance test message 5423
Performance test message 5424
Performance test message 5425
Performance test message 5426
Performance test message 5427
Performance test message 5428
Performance test message 5429
Performance test message 5430
Performance test message 5431
Performance test message 5432
Performance test message 5433
Performance test message 5434
Performance test message 5435
Performance test message 5436
Performance test message 5437
Performance test message 5438
Performance test message 5439
Performance test message 5440
Performance test message 5441
Performance test message 5442
Performance test message 5443
Performance test message 5444
Performance test message 5445
Performance test message 5446
Performance test message 5447
Performance test message 5448
Performance test message 5449
Performance test message 5450
Performance test message 5451
Performance test message 5452
Performance test message 5453
Performance test message 5454
Performance test message 5455
Performance test message 5456
Performance test message 5457
Performance test message 5458
Performance test message 5459
Performance test message 5460
Performance test message 5461
Performance test message 5462
Performance test message 5463
Performance test message 5464
Performance test message 5465
Performance test message 5466
Performance test message 5467
Performance test message 5468
Performance test message 5469
Performance test message 5470
Performance test message 5471
Performance test message 5472
Performance test message 5473
Performance test message 5474
Performance test message 5475
Performance test message 5476
Performance test message 5477
Performance test message 5478
Performance test message 5479
Performance test message 5480
Performance test message 5481
Performance test message 5482
Performance test message 5483
Performance test message 5484
Performance test message 5485
Performance test message 5486
Performance test message 5487
Performance test message 5488
Performance test message 5489
Performance test message 5490
Performance test message 5491
Performance test message 5492
Performance test message 5493
Performance test message 5494
Performance test message 5495
Performance test message 5496
Performance test message 5497
Performance test message 5498
Performance test message 5499
Performance test message 5500
Performance test message 5501
Performance test message 5502
Performance test message 5503
Performance test message 5504
Performance test message 5505
Performance test message 5506
Performance test message 5507
Performance test message 5508
Performance test message 5509
Performance test message 5510
Performance test message 5511
Performance test message 5512
Performance test message 5513
Performance test message 5514
Performance test message 5515
Performance test message 5516
Performance test message 5517
Performance test message 5518
Performance test message 5519
Performance test message 5520
Performance test message 5521
Performance test message 5522
Performance test message 5523
Performance test message 5524
Performance test message 5525
Performance test message 5526
Performance test message 5527
Performance test message 5528
Performance test message 5529
Performance test message 5530
Performance test message 5531
Performance test message 5532
Performance test message 5533
Performance test message 5534
Performance test message 5535
Performance test message 5536
Performance test message 5537
Performance test message 5538
Performance test message 5539
Performance test message 5540
Performance test message 5541
Performance test message 5542
Performance test message 5543
Performance test message 5544
Performance test message 5545
Performance test message 5546
Performance test message 5547
Performance test message 5548
Performance test message 5549
Performance test message 5550
Performance test message 5551
Performance test message 5552
Performance test message 5553
Performance test message 5554
Performance test message 5555
Performance test message 5556
Performance test message 5557
Performance test message 5558
Performance test message 5559
Performance test message 5560
Performance test message 5561
Performance test message 5562
Performance test message 5563
Performance test message 5564
Performance test message 5565
Performance test message 5566
Performance test message 5567
Performance test message 5568
Performance test message 5569
Performance test message 5570
Performance test message 5571
Performance test message 5572
Performance test message 5573
Performance test message 5574
Performance test message 5575
Performance test message 5576
Performance test message 5577
Performance test message 5578
Performance test message 5579
Performance test message 5580
Performance test message 5581
Performance test message 5582
Performance test message 5583
Performance test message 5584
Performance test message 5585
Performance test message 5586
Performance test message 5587
Performance test message 5588
Performance test message 5589
Performance test message 5590
Performance test message 5591
Performance test message 5592
Performance test message 5593
Performance test message 5594
Performance test message 5595
Performance test message 5596
Performance test message 5597
Performance test message 5598
Performance test message 5599
Performance test message 5600
Performance test message 5601
Performance test message 5602
Performance test message 5603
Performance test message 5604
Performance test message 5605
Performance test message 5606
Performance test message 5607
Performance test message 5608
Performance test message 5609
Performance test message 5610
Performance test message 5611
Performance test message 5612
Performance test message 5613
Performance test message 5614
Performance test message 5615
Performance test message 5616
Performance test message 5617
Performance test message 5618
Performance test message 5619
Performance test message 5620
Performance test message 5621
Performance test message 5622
Performance test message 5623
Performance test message 5624
Performance test message 5625
Performance test message 5626
Performance test message 5627
Performance test message 5628
Performance test message 5629
Performance test message 5630
Performance test message 5631
Performance test message 5632
Performance test message 5633
Performance test message 5634
Performance test message 5635
Performance test message 5636
Performance test message 5637
Performance test message 5638
Performance test message 5639
Performance test message 5640
Performance test message 5641
Performance test message 5642
Performance test message 5643
Performance test message 5644
Performance test message 5645
Performance test message 5646
Performance test message 5647
Performance test message 5648
Performance test message 5649
Performance test message 5650
Performance test message 5651
Performance test message 5652
Performance test message 5653
Performance test message 5654
Performance test message 5655
Performance test message 5656
Performance test message 5657
Performance test message 5658
Performance test message 5659
Performance test message 5660
Performance test message 5661
Performance test message 5662
Performance test message 5663
Performance test message 5664
Performance test message 5665
Performance test message 5666
Performance test message 5667
Performance test message 5668
Performance test message 5669
Performance test message 5670
Performance test message 5671
Performance test message 5672
Performance test message 5673
Performance test message 5674
Performance test message 5675
Performance test message 5676
Performance test message 5677
Performance test message 5678
Performance test message 5679
Performance test message 5680
Performance test message 5681
Performance test message 5682
Performance test message 5683
Performance test message 5684
Performance test message 5685
Performance test message 5686
Performance test message 5687
Performance test message 5688
Performance test message 5689
Performance test message 5690
Performance test message 5691
Performance test message 5692
Performance test message 5693
Performance test message 5694
Performance test message 5695
Performance test message 5696
Performance test message 5697
Performance test message 5698
Performance test message 5699
Performance test message 5700
Performance test message 5701
Performance test message 5702
Performance test message 5703
Performance test message 5704
Performance test message 5705
Performance test message 5706
Performance test message 5707
Performance test message 5708
Performance test message 5709
Performance test message 5710
Performance test message 5711
Performance test message 5712
Performance test message 5713
Performance test message 5714
Performance test message 5715
Performance test message 5716
Performance test message 5717
Performance test message 5718
Performance test message 5719
Performance test message 5720
Performance test message 5721
Performance test message 5722
Performance test message 5723
Performance test message 5724
Performance test message 5725
Performance test message 5726
Performance test message 5727
Performance test message 5728
Performance test message 5729
Performance test message 5730
Performance test message 5731
Performance test message 5732
Performance test message 5733
Performance test message 5734
Performance test message 5735
Performance test message 5736
Performance test message 5737
Performance test message 5738
Performance test message 5739
Performance test message 5740
Performance test message 5741
Performance test message 5742
Performance test message 5743
Performance test message 5744
Performance test message 5745
Performance test message 5746
Performance test message 5747
Performance test message 5748
Performance test message 5749
Performance test message 5750
Performance test message 5751
Performance test message 5752
Performance test message 5753
Performance test message 5754
Performance test message 5755
Performance test message 5756
Performance test message 5757
Performance test message 5758
Performance test message 5759
Performance test message 5760
Performance test message 5761
Performance test message 5762
Performance test message 5763
Performance test message 5764
Performance test message 5765
Performance test message 5766
Performance test message 5767
Performance test message 5768
Performance test message 5769
Performance test message 5770
Performance test message 5771
Performance test message 5772
Performance test message 5773
Performance test message 5774
Performance test message 5775
Performance test message 5776
Performance test message 5777
Performance test message 5778
Performance test message 5779
Performance test message 5780
Performance test message 5781
Performance test message 5782
Performance test message 5783
Performance test message 5784
Performance test message 5785
Performance test message 5786
Performance test message 5787
Performance test message 5788
Performance test message 5789
Performance test message 5790
Performance test message 5791
Performance test message 5792
Performance test message 5793
Performance test message 5794
Performance test message 5795
Performance test message 5796
Performance test message 5797
Performance test message 5798
Performance test message 5799
Performance test message 5800
Performance test message 5801
Performance test message 5802
Performance test message 5803
Performance test message 5804
Performance test message 5805
Performance test message 5806
Performance test message 5807
Performance test message 5808
Performance test message 5809
Performance test message 5810
Performance test message 5811
Performance test message 5812
Performance test message 5813
Performance test message 5814
Performance test message 5815
Performance test message 5816
Performance test message 5817
Performance test message 5818
Performance test message 5819
Performance test message 5820
Performance test message 5821
Performance test message 5822
Performance test message 5823
Performance test message 5824
Performance test message 5825
Performance test message 5826
Performance test message 5827
Performance test message 5828
Performance test message 5829
Performance test message 5830
Performance test message 5831
Performance test message 5832
Performance test message 5833
Performance test message 5834
Performance test message 5835
Performance test message 5836
Performance test message 5837
Performance test message 5838
Performance test message 5839
Performance test message 5840
Performance test message 5841
Performance test message 5842
Performance test message 5843
Performance test message 5844
Performance test message 5845
Performance test message 5846
Performance test message 5847
Performance test message 5848
Performance test message 5849
Performance test message 5850
Performance test message 5851
Performance test message 5852
Performance test message 5853
Performance test message 5854
Performance test message 5855
Performance test message 5856
Performance test message 5857
Performance test message 5858
Performance test message 5859
Performance test message 5860
Performance test message 5861
Performance test message 5862
Performance test message 5863
Performance test message 5864
Performance test message 5865
Performance test message 5866
Performance test message 5867
Performance test message 5868
Performance test message 5869
Performance test message 5870
Performance test message 5871
Performance test message 5872
Performance test message 5873
Performance test message 5874
Performance test message 5875
Performance test message 5876
Performance test message 5877
Performance test message 5878
Performance test message 5879
Performance test message 5880
Performance test message 5881
Performance test message 5882
Performance test message 5883
Performance test message 5884
Performance test message 5885
Performance test message 5886
Performance test message 5887
Performance test message 5888
Performance test message 5889
Performance test message 5890
Performance test message 5891
Performance test message 5892
Performance test message 5893
Performance test message 5894
Performance test message 5895
Performance test message 5896
Performance test message 5897
Performance test message 5898
Performance test message 5899
Performance test message 5900
Performance test message 5901
Performance test message 5902
Performance test message 5903
Performance test message 5904
Performance test message 5905
Performance test message 5906
Performance test message 5907
Performance test message 5908
Performance test message 5909
Performance test message 5910
Performance test message 5911
Performance test message 5912
Performance test message 5913
Performance test message 5914
Performance test message 5915
Performance test message 5916
Performance test message 5917
Performance test message 5918
Performance test message 5919
Performance test message 5920
Performance test message 5921
Performance test message 5922
Performance test message 5923
Performance test message 5924
Performance test message 5925
Performance test message 5926
Performance test message 5927
Performance test message 5928
Performance test message 5929
Performance test message 5930
Performance test message 5931
Performance test message 5932
Performance test message 5933
Performance test message 5934
Performance test message 5935
Performance test message 5936
Performance test message 5937
Performance test message 5938
Performance test message 5939
Performance test message 5940
Performance test message 5941
Performance test message 5942
Performance test message 5943
Performance test message 5944
Performance test message 5945
Performance test message 5946
Performance test message 5947
Performance test message 5948
Performance test message 5949
Performance test message 5950
Performance test message 5951
Performance test message 5952
Performance test message 5953
Performance test message 5954
Performance test message 5955
Performance test message 5956
Performance test message 5957
Performance test message 5958
Performance test message 5959
Performance test message 5960
Performance test message 5961
Performance test message 5962
Performance test message 5963
Performance test message 5964
Performance test message 5965
Performance test message 5966
Performance test message 5967
Performance test message 5968
Performance test message 5969
Performance test message 5970
Performance test message 5971
Performance test message 5972
Performance test message 5973
Performance test message 5974
Performance test message 5975
Performance test message 5976
Performance test message 5977
Performance test message 5978
Performance test message 5979
Performance test message 5980
Performance test message 5981
Performance test message 5982
Performance test message 5983
Performance test message 5984
Performance test message 5985
Performance test message 5986
Performance test message 5987
Performance test message 5988
Performance test message 5989
Performance test message 5990
Performance test message 5991
Performance test message 5992
Performance test message 5993
Performance test message 5994
Performance test message 5995
Performance test message 5996
Performance test message 5997
Performance test message 5998
Performance test message 5999
Performance test message 6000
Performance test message 6001
Performance test message 6002
Performance test message 6003
Performance test message 6004
Performance test message 6005
Performance test message 6006
Performance test message 6007
Performance test message 6008
Performance test message 6009
Performance test message 6010
Performance test message 6011
Performance test message 6012
Performance test message 6013
Performance test message 6014
Performance test message 6015
Performance test message 6016
Performance test message 6017
Performance test message 6018
Performance test message 6019
Performance test message 6020
Performance test message 6021
Performance test message 6022
Performance test message 6023
Performance test message 6024
Performance test message 6025
Performance test message 6026
Performance test message 6027
Performance test message 6028
Performance test message 6029
Performance test message 6030
Performance test message 6031
Performance test message 6032
Performance test message 6033
Performance test message 6034
Performance test message 6035
Performance test message 6036
Performance test message 6037
Performance test message 6038
Performance test message 6039
Performance test message 6040
Performance test message 6041
Performance test message 6042
Performance test message 6043
Performance test message 6044
Performance test message 6045
Performance test message 6046
Performance test message 6047
Performance test message 6048
Performance test message 6049
Performance test message 6050
Performance test message 6051
Performance test message 6052
Performance test message 6053
Performance test message 6054
Performance test message 6055
Performance test message 6056
Performance test message 6057
Performance test message 6058
Performance test message 6059
Performance test message 6060
Performance test message 6061
Performance test message 6062
Performance test message 6063
Performance test message 6064
Performance test message 6065
Performance test message 6066
Performance test message 6067
Performance test message 6068
Performance test message 6069
Performance test message 6070
Performance test message 6071
Performance test message 6072
Performance test message 6073
Performance test message 6074
Performance test message 6075
Performance test message 6076
Performance test message 6077
Performance test message 6078
Performance test message 6079
Performance test message 6080
Performance test message 6081
Performance test message 6082
Performance test message 6083
Performance test message 6084
Performance test message 6085
Performance test message 6086
Performance test message 6087
Performance test message 6088
Performance test message 6089
Performance test message 6090
Performance test message 6091
Performance test message 6092
Performance test message 6093
Performance test message 6094
Performance test message 6095
Performance test message 6096
Performance test message 6097
Performance test message 6098
Performance test message 6099
Performance test message 6100
Performance test message 6101
Performance test message 6102
Performance test message 6103
Performance test message 6104
Performance test message 6105
Performance test message 6106
Performance test message 6107
Performance test message 6108
Performance test message 6109
Performance test message 6110
Performance test message 6111
Performance test message 6112
Performance test message 6113
Performance test message 6114
Performance test message 6115
Performance test message 6116
Performance test message 6117
Performance test message 6118
Performance test message 6119
Performance test message 6120
Performance test message 6121
Performance test message 6122
Performance test message 6123
Performance test message 6124
Performance test message 6125
Performance test message 6126
Performance test message 6127
Performance test message 6128
Performance test message 6129
Performance test message 6130
Performance test message 6131
Performance test message 6132
Performance test message 6133
Performance test message 6134
Performance test message 6135
Performance test message 6136
Performance test message 6137
Performance test message 6138
Performance test message 6139
Performance test message 6140
Performance test message 6141
Performance test message 6142
Performance test message 6143
Performance test message 6144
Performance test message 6145
Performance test message 6146
Performance test message 6147
Performance test message 6148
Performance test message 6149
Performance test message 6150
Performance test message 6151
Performance test message 6152
Performance test message 6153
Performance test message 6154
Performance test message 6155
Performance test message 6156
Performance test message 6157
Performance test message 6158
Performance test message 6159
Performance test message 6160
Performance test message 6161
Performance test message 6162
Performance test message 6163
Performance test message 6164
Performance test message 6165
Performance test message 6166
Performance test message 6167
Performance test message 6168
Performance test message 6169
Performance test message 6170
Performance test message 6171
Performance test message 6172
Performance test message 6173
Performance test message 6174
Performance test message 6175
Performance test message 6176
Performance test message 6177
Performance test message 6178
Performance test message 6179
Performance test message 6180
Performance test message 6181
Performance test message 6182
Performance test message 6183
Performance test message 6184
Performance test message 6185
Performance test message 6186
Performance test message 6187
Performance test message 6188
Performance test message 6189
Performance test message 6190
Performance test message 6191
Performance test message 6192
Performance test message 6193
Performance test message 6194
Performance test message 6195
Performance test message 6196
Performance test message 6197
Performance test message 6198
Performance test message 6199
Performance test message 6200
Performance test message 6201
Performance test message 6202
Performance test message 6203
Performance test message 6204
Performance test message 6205
Performance test message 6206
Performance test message 6207
Performance test message 6208
Performance test message 6209
Performance test message 6210
Performance test message 6211
Performance test message 6212
Performance test message 6213
Performance test message 6214
Performance test message 6215
Performance test message 6216
Performance test message 6217
Performance test message 6218
Performance test message 6219
Performance test message 6220
Performance test message 6221
Performance test message 6222
Performance test message 6223
Performance test message 6224
Performance test message 6225
Performance test message 6226
Performance test message 6227
Performance test message 6228
Performance test message 6229
Performance test message 6230
Performance test message 6231
Performance test message 6232
Performance test message 6233
Performance test message 6234
Performance test message 6235
Performance test message 6236
Performance test message 6237
Performance test message 6238
Performance test message 6239
Performance test message 6240
Performance test message 6241
Performance test message 6242
Performance test message 6243
Performance test message 6244
Performance test message 6245
Performance test message 6246
Performance test message 6247
Performance test message 6248
Performance test message 6249
Performance test message 6250
Performance test message 6251
Performance test message 6252
Performance test message 6253
Performance test message 6254
Performance test message 6255
Performance test message 6256
Performance test message 6257
Performance test message 6258
Performance test message 6259
Performance test message 6260
Performance test message 6261
Performance test message 6262
Performance test message 6263
Performance test message 6264
Performance test message 6265
Performance test message 6266
Performance test message 6267
Performance test message 6268
Performance test message 6269
Performance test message 6270
Performance test message 6271
Performance test message 6272
Performance test message 6273
Performance test message 6274
Performance test message 6275
Performance test message 6276
Performance test message 6277
Performance test message 6278
Performance test message 6279
Performance test message 6280
Performance test message 6281
Performance test message 6282
Performance test message 6283
Performance test message 6284
Performance test message 6285
Performance test message 6286
Performance test message 6287
Performance test message 6288
Performance test message 6289
Performance test message 6290
Performance test message 6291
Performance test message 6292
Performance test message 6293
Performance test message 6294
Performance test message 6295
Performance test message 6296
Performance test message 6297
Performance test message 6298
Performance test message 6299
Performance test message 6300
Performance test message 6301
Performance test message 6302
Performance test message 6303
Performance test message 6304
Performance test message 6305
Performance test message 6306
Performance test message 6307
Performance test message 6308
Performance test message 6309
Performance test message 6310
Performance test message 6311
Performance test message 6312
Performance test message 6313
Performance test message 6314
Performance test message 6315
Performance test message 6316
Performance test message 6317
Performance test message 6318
Performance test message 6319
Performance test message 6320
Performance test message 6321
Performance test message 6322
Performance test message 6323
Performance test message 6324
Performance test message 6325
Performance test message 6326
Performance test message 6327
Performance test message 6328
Performance test message 6329
Performance test message 6330
Performance test message 6331
Performance test message 6332
Performance test message 6333
Performance test message 6334
Performance test message 6335
Performance test message 6336
Performance test message 6337
Performance test message 6338
Performance test message 6339
Performance test message 6340
Performance test message 6341
Performance test message 6342
Performance test message 6343
Performance test message 6344
Performance test message 6345
Performance test message 6346
Performance test message 6347
Performance test message 6348
Performance test message 6349
Performance test message 6350
Performance test message 6351
Performance test message 6352
Performance test message 6353
Performance test message 6354
Performance test message 6355
Performance test message 6356
Performance test message 6357
Performance test message 6358
Performance test message 6359
Performance test message 6360
Performance test message 6361
Performance test message 6362
Performance test message 6363
Performance test message 6364
Performance test message 6365
Performance test message 6366
Performance test message 6367
Performance test message 6368
Performance test message 6369
Performance test message 6370
Performance test message 6371
Performance test message 6372
Performance test message 6373
Performance test message 6374
Performance test message 6375
Performance test message 6376
Performance test message 6377
Performance test message 6378
Performance test message 6379
Performance test message 6380
Performance test message 6381
Performance test message 6382
Performance test message 6383
Performance test message 6384
Performance test message 6385
Performance test message 6386
Performance test message 6387
Performance test message 6388
Performance test message 6389
Performance test message 6390
Performance test message 6391
Performance test message 6392
Performance test message 6393
Performance test message 6394
Performance test message 6395
Performance test message 6396
Performance test message 6397
Performance test message 6398
Performance test message 6399
Performance test message 6400
Performance test message 6401
Performance test message 6402
Performance test message 6403
Performance test message 6404
Performance test message 6405
Performance test message 6406
Performance test message 6407
Performance test message 6408
Performance test message 6409
Performance test message 6410
Performance test message 6411
Performance test message 6412
Performance test message 6413
Performance test message 6414
Performance test message 6415
Performance test message 6416
Performance test message 6417
Performance test message 6418
Performance test message 6419
Performance test message 6420
Performance test message 6421
Performance test message 6422
Performance test message 6423
Performance test message 6424
Performance test message 6425
Performance test message 6426
Performance test message 6427
Performance test message 6428
Performance test message 6429
Performance test message 6430
Performance test message 6431
Performance test message 6432
Performance test message 6433
Performance test message 6434
Performance test message 6435
Performance test message 6436
Performance test message 6437
Performance test message 6438
Performance test message 6439
Performance test message 6440
Performance test message 6441
Performance test message 6442
Performance test message 6443
Performance test message 6444
Performance test message 6445
Performance test message 6446
Performance test message 6447
Performance test message 6448
Performance test message 6449
Performance test message 6450
Performance test message 6451
Performance test message 6452
Performance test message 6453
Performance test message 6454
Performance test message 6455
Performance test message 6456
Performance test message 6457
Performance test message 6458
Performance test message 6459
Performance test message 6460
Performance test message 6461
Performance test message 6462
Performance test message 6463
Performance test message 6464
Performance test message 6465
Performance test message 6466
Performance test message 6467
Performance test message 6468
Performance test message 6469
Performance test message 6470
Performance test message 6471
Performance test message 6472
Performance test message 6473
Performance test message 6474
Performance test message 6475
Performance test message 6476
Performance test message 6477
Performance test message 6478
Performance test message 6479
Performance test message 6480
Performance test message 6481
Performance test message 6482
Performance test message 6483
Performance test message 6484
Performance test message 6485
Performance test message 6486
Performance test message 6487
Performance test message 6488
Performance test message 6489
Performance test message 6490
Performance test message 6491
Performance test message 6492
Performance test message 6493
Performance test message 6494
Performance test message 6495
Performance test message 6496
Performance test message 6497
Performance test message 6498
Performance test message 6499
Performance test message 6500
Performance test message 6501
Performance test message 6502
Performance test message 6503
Performance test message 6504
Performance test message 6505
Performance test message 6506
Performance test message 6507
Performance test message 6508
Performance test message 6509
Performance test message 6510
Performance test message 6511
Performance test message 6512
Performance test message 6513
Performance test message 6514
Performance test message 6515
Performance test message 6516
Performance test message 6517
Performance test message 6518
Performance test message 6519
Performance test message 6520
Performance test message 6521
Performance test message 6522
Performance test message 6523
Performance test message 6524
Performance test message 6525
Performance test message 6526
Performance test message 6527
Performance test message 6528
Performance test message 6529
Performance test message 6530
Performance test message 6531
Performance test message 6532
Performance test message 6533
Performance test message 6534
Performance test message 6535
Performance test message 6536
Performance test message 6537
Performance test message 6538
Performance test message 6539
Performance test message 6540
Performance test message 6541
Performance test message 6542
Performance test message 6543
Performance test message 6544
Performance test message 6545
Performance test message 6546
Performance test message 6547
Performance test message 6548
Performance test message 6549
Performance test message 6550
Performance test message 6551
Performance test message 6552
Performance test message 6553
Performance test message 6554
Performance test message 6555
Performance test message 6556
Performance test message 6557
Performance test message 6558
Performance test message 6559
Performance test message 6560
Performance test message 6561
Performance test message 6562
Performance test message 6563
Performance test message 6564
Performance test message 6565
Performance test message 6566
Performance test message 6567
Performance test message 6568
Performance test message 6569
Performance test message 6570
Performance test message 6571
Performance test message 6572
Performance test message 6573
Performance test message 6574
Performance test message 6575
Performance test message 6576
Performance test message 6577
Performance test message 6578
Performance test message 6579
Performance test message 6580
Performance test message 6581
Performance test message 6582
Performance test message 6583
Performance test message 6584
Performance test message 6585
Performance test message 6586
Performance test message 6587
Performance test message 6588
Performance test message 6589
Performance test message 6590
Performance test message 6591
Performance test message 6592
Performance test message 6593
Performance test message 6594
Performance test message 6595
Performance test message 6596
Performance test message 6597
Performance test message 6598
Performance test message 6599
Performance test message 6600
Performance test message 6601
Performance test message 6602
Performance test message 6603
Performance test message 6604
Performance test message 6605
Performance test message 6606
Performance test message 6607
Performance test message 6608
Performance test message 6609
Performance test message 6610
Performance test message 6611
Performance test message 6612
Performance test message 6613
Performance test message 6614
Performance test message 6615
Performance test message 6616
Performance test message 6617
Performance test message 6618
Performance test message 6619
Performance test message 6620
Performance test message 6621
Performance test message 6622
Performance test message 6623
Performance test message 6624
Performance test message 6625
Performance test message 6626
Performance test message 6627
Performance test message 6628
Performance test message 6629
Performance test message 6630
Performance test message 6631
Performance test message 6632
Performance test message 6633
Performance test message 6634
Performance test message 6635
Performance test message 6636
Performance test message 6637
Performance test message 6638
Performance test message 6639
Performance test message 6640
Performance test message 6641
Performance test message 6642
Performance test message 6643
Performance test message 6644
Performance test message 6645
Performance test message 6646
Performance test message 6647
Performance test message 6648
Performance test message 6649
Performance test message 6650
Performance test message 6651
Performance test message 6652
Performance test message 6653
Performance test message 6654
Performance test message 6655
Performance test message 6656
Performance test message 6657
Performance test message 6658
Performance test message 6659
Performance test message 6660
Performance test message 6661
Performance test message 6662
Performance test message 6663
Performance test message 6664
Performance test message 6665
Performance test message 6666
Performance test message 6667
Performance test message 6668
Performance test message 6669
Performance test message 6670
Performance test message 6671
Performance test message 6672
Performance test message 6673
Performance test message 6674
Performance test message 6675
Performance test message 6676
Performance test message 6677
Performance test message 6678
Performance test message 6679
Performance test message 6680
Performance test message 6681
Performance test message 6682
Performance test message 6683
Performance test message 6684
Performance test message 6685
Performance test message 6686
Performance test message 6687
Performance test message 6688
Performance test message 6689
Performance test message 6690
Performance test message 6691
Performance test message 6692
Performance test message 6693
Performance test message 6694
Performance test message 6695
Performance test message 6696
Performance test message 6697
Performance test message 6698
Performance test message 6699
Performance test message 6700
Performance test message 6701
Performance test message 6702
Performance test message 6703
Performance test message 6704
Performance test message 6705
Performance test message 6706
Performance test message 6707
Performance test message 6708
Performance test message 6709
Performance test message 6710
Performance test message 6711
Performance test message 6712
Performance test message 6713
Performance test message 6714
Performance test message 6715
Performance test message 6716
Performance test message 6717
Performance test message 6718
Performance test message 6719
Performance test message 6720
Performance test message 6721
Performance test message 6722
Performance test message 6723
Performance test message 6724
Performance test message 6725
Performance test message 6726
Performance test message 6727
Performance test message 6728
Performance test message 6729
Performance test message 6730
Performance test message 6731
Performance test message 6732
Performance test message 6733
Performance test message 6734
Performance test message 6735
Performance test message 6736
Performance test message 6737
Performance test message 6738
Performance test message 6739
Performance test message 6740
Performance test message 6741
Performance test message 6742
Performance test message 6743
Performance test message 6744
Performance test message 6745
Performance test message 6746
Performance test message 6747
Performance test message 6748
Performance test message 6749
Performance test message 6750
Performance test message 6751
Performance test message 6752
Performance test message 6753
Performance test message 6754
Performance test message 6755
Performance test message 6756
Performance test message 6757
Performance test message 6758
Performance test message 6759
Performance test message 6760
Performance test message 6761
Performance test message 6762
Performance test message 6763
Performance test message 6764
Performance test message 6765
Performance test message 6766
Performance test message 6767
Performance test message 6768
Performance test message 6769
Performance test message 6770
Performance test message 6771
Performance test message 6772
Performance test message 6773
Performance test message 6774
Performance test message 6775
Performance test message 6776
Performance test message 6777
Performance test message 6778
Performance test message 6779
Performance test message 6780
Performance test message 6781
Performance test message 6782
Performance test message 6783
Performance test message 6784
Performance test message 6785
Performance test message 6786
Performance test message 6787
Performance test message 6788
Performance test message 6789
Performance test message 6790
Performance test message 6791
Performance test message 6792
Performance test message 6793
Performance test message 6794
Performance test message 6795
Performance test message 6796
Performance test message 6797
Performance test message 6798
Performance test message 6799
Performance test message 6800
Performance test message 6801
Performance test message 6802
Performance test message 6803
Performance test message 6804
Performance test message 6805
Performance test message 6806
Performance test message 6807
Performance test message 6808
Performance test message 6809
Performance test message 6810
Performance test message 6811
Performance test message 6812
Performance test message 6813
Performance test message 6814
Performance test message 6815
Performance test message 6816
Performance test message 6817
Performance test message 6818
Performance test message 6819
Performance test message 6820
Performance test message 6821
Performance test message 6822
Performance test message 6823
Performance test message 6824
Performance test message 6825
Performance test message 6826
Performance test message 6827
Performance test message 6828
Performance test message 6829
Performance test message 6830
Performance test message 6831
Performance test message 6832
Performance test message 6833
Performance test message 6834
Performance test message 6835
Performance test message 6836
Performance test message 6837
Performance test message 6838
Performance test message 6839
Performance test message 6840
Performance test message 6841
Performance test message 6842
Performance test message 6843
Performance test message 6844
Performance test message 6845
Performance test message 6846
Performance test message 6847
Performance test message 6848
Performance test message 6849
Performance test message 6850
Performance test message 6851
Performance test message 6852
Performance test message 6853
Performance test message 6854
Performance test message 6855
Performance test message 6856
Performance test message 6857
Performance test message 6858
Performance test message 6859
Performance test message 6860
Performance test message 6861
Performance test message 6862
Performance test message 6863
Performance test message 6864
Performance test message 6865
Performance test message 6866
Performance test message 6867
Performance test message 6868
Performance test message 6869
Performance test message 6870
Performance test message 6871
Performance test message 6872
Performance test message 6873
Performance test message 6874
Performance test message 6875
Performance test message 6876
Performance test message 6877
Performance test message 6878
Performance test message 6879
Performance test message 6880
Performance test message 6881
Performance test message 6882
Performance test message 6883
Performance test message 6884
Performance test message 6885
Performance test message 6886
Performance test message 6887
Performance test message 6888
Performance test message 6889
Performance test message 6890
Performance test message 6891
Performance test message 6892
Performance test message 6893
Performance test message 6894
Performance test message 6895
Performance test message 6896
Performance test message 6897
Performance test message 6898
Performance test message 6899
Performance test message 6900
Performance test message 6901
Performance test message 6902
Performance test message 6903
Performance test message 6904
Performance test message 6905
Performance test message 6906
Performance test message 6907
Performance test message 6908
Performance test message 6909
Performance test message 6910
Performance test message 6911
Performance test message 6912
Performance test message 6913
Performance test message 6914
Performance test message 6915
Performance test message 6916
Performance test message 6917
Performance test message 6918
Performance test message 6919
Performance test message 6920
Performance test message 6921
Performance test message 6922
Performance test message 6923
Performance test message 6924
Performance test message 6925
Performance test message 6926
Performance test message 6927
Performance test message 6928
Performance test message 6929
Performance test message 6930
Performance test message 6931
Performance test message 6932
Performance test message 6933
Performance test message 6934
Performance test message 6935
Performance test message 6936
Performance test message 6937
Performance test message 6938
Performance test message 6939
Performance test message 6940
Performance test message 6941
Performance test message 6942
Performance test message 6943
Performance test message 6944
Performance test message 6945
Performance test message 6946
Performance test message 6947
Performance test message 6948
Performance test message 6949
Performance test message 6950
Performance test message 6951
Performance test message 6952
Performance test message 6953
Performance test message 6954
Performance test message 6955
Performance test message 6956
Performance test message 6957
Performance test message 6958
Performance test message 6959
Performance test message 6960
Performance test message 6961
Performance test message 6962
Performance test message 6963
Performance test message 6964
Performance test message 6965
Performance test message 6966
Performance test message 6967
Performance test message 6968
Performance test message 6969
Performance test message 6970
Performance test message 6971
Performance test message 6972
Performance test message 6973
Performance test message 6974
Performance test message 6975
Performance test message 6976
Performance test message 6977
Performance test message 6978
Performance test message 6979
Performance test message 6980
Performance test message 6981
Performance test message 6982
Performance test message 6983
Performance test message 6984
Performance test message 6985
Performance test message 6986
Performance test message 6987
Performance test message 6988
Performance test message 6989
Performance test message 6990
Performance test message 6991
Performance test message 6992
Performance test message 6993
Performance test message 6994
Performance test message 6995
Performance test message 6996
Performance test message 6997
Performance test message 6998
Performance test message 6999
Performance test message 7000
Performance test message 7001
Performance test message 7002
Performance test message 7003
Performance test message 7004
Performance test message 7005
Performance test message 7006
Performance test message 7007
Performance test message 7008
Performance test message 7009
Performance test message 7010
Performance test message 7011
Performance test message 7012
Performance test message 7013
Performance test message 7014
Performance test message 7015
Performance test message 7016
Performance test message 7017
Performance test message 7018
Performance test message 7019
Performance test message 7020
Performance test message 7021
Performance test message 7022
Performance test message 7023
Performance test message 7024
Performance test message 7025
Performance test message 7026
Performance test message 7027
Performance test message 7028
Performance test message 7029
Performance test message 7030
Performance test message 7031
Performance test message 7032
Performance test message 7033
Performance test message 7034
Performance test message 7035
Performance test message 7036
Performance test message 7037
Performance test message 7038
Performance test message 7039
Performance test message 7040
Performance test message 7041
Performance test message 7042
Performance test message 7043
Performance test message 7044
Performance test message 7045
Performance test message 7046
Performance test message 7047
Performance test message 7048
Performance test message 7049
Performance test message 7050
Performance test message 7051
Performance test message 7052
Performance test message 7053
Performance test message 7054
Performance test message 7055
Performance test message 7056
Performance test message 7057
Performance test message 7058
Performance test message 7059
Performance test message 7060
Performance test message 7061
Performance test message 7062
Performance test message 7063
Performance test message 7064
Performance test message 7065
Performance test message 7066
Performance test message 7067
Performance test message 7068
Performance test message 7069
Performance test message 7070
Performance test message 7071
Performance test message 7072
Performance test message 7073
Performance test message 7074
Performance test message 7075
Performance test message 7076
Performance test message 7077
Performance test message 7078
Performance test message 7079
Performance test message 7080
Performance test message 7081
Performance test message 7082
Performance test message 7083
Performance test message 7084
Performance test message 7085
Performance test message 7086
Performance test message 7087
Performance test message 7088
Performance test message 7089
Performance test message 7090
Performance test message 7091
Performance test message 7092
Performance test message 7093
Performance test message 7094
Performance test message 7095
Performance test message 7096
Performance test message 7097
Performance test message 7098
Performance test message 7099
Performance test message 7100
Performance test message 7101
Performance test message 7102
Performance test message 7103
Performance test message 7104
Performance test message 7105
Performance test message 7106
Performance test message 7107
Performance test message 7108
Performance test message 7109
Performance test message 7110
Performance test message 7111
Performance test message 7112
Performance test message 7113
Performance test message 7114
Performance test message 7115
Performance test message 7116
Performance test message 7117
Performance test message 7118
Performance test message 7119
Performance test message 7120
Performance test message 7121
Performance test message 7122
Performance test message 7123
Performance test message 7124
Performance test message 7125
Performance test message 7126
Performance test message 7127
Performance test message 7128
Performance test message 7129
Performance test message 7130
Performance test message 7131
Performance test message 7132
Performance test message 7133
Performance test message 7134
Performance test message 7135
Performance test message 7136
Performance test message 7137
Performance test message 7138
Performance test message 7139
Performance test message 7140
Performance test message 7141
Performance test message 7142
Performance test message 7143
Performance test message 7144
Performance test message 7145
Performance test message 7146
Performance test message 7147
Performance test message 7148
Performance test message 7149
Performance test message 7150
Performance test message 7151
Performance test message 7152
Performance test message 7153
Performance test message 7154
Performance test message 7155
Performance test message 7156
Performance test message 7157
Performance test message 7158
Performance test message 7159
Performance test message 7160
Performance test message 7161
Performance test message 7162
Performance test message 7163
Performance test message 7164
Performance test message 7165
Performance test message 7166
Performance test message 7167
Performance test message 7168
Performance test message 7169
Performance test message 7170
Performance test message 7171
Performance test message 7172
Performance test message 7173
Performance test message 7174
Performance test message 7175
Performance test message 7176
Performance test message 7177
Performance test message 7178
Performance test message 7179
Performance test message 7180
Performance test message 7181
Performance test message 7182
Performance test message 7183
Performance test message 7184
Performance test message 7185
Performance test message 7186
Performance test message 7187
Performance test message 7188
Performance test message 7189
Performance test message 7190
Performance test message 7191
Performance test message 7192
Performance test message 7193
Performance test message 7194
Performance test message 7195
Performance test message 7196
Performance test message 7197
Performance test message 7198
Performance test message 7199
Performance test message 7200
Performance test message 7201
Performance test message 7202
Performance test message 7203
Performance test message 7204
Performance test message 7205
Performance test message 7206
Performance test message 7207
Performance test message 7208
Performance test message 7209
Performance test message 7210
Performance test message 7211
Performance test message 7212
Performance test message 7213
Performance test message 7214
Performance test message 7215
Performance test message 7216
Performance test message 7217
Performance test message 7218
Performance test message 7219
Performance test message 7220
Performance test message 7221
Performance test message 7222
Performance test message 7223
Performance test message 7224
Performance test message 7225
Performance test message 7226
Performance test message 7227
Performance test message 7228
Performance test message 7229
Performance test message 7230
Performance test message 7231
Performance test message 7232
Performance test message 7233
Performance test message 7234
Performance test message 7235
Performance test message 7236
Performance test message 7237
Performance test message 7238
Performance test message 7239
Performance test message 7240
Performance test message 7241
Performance test message 7242
Performance test message 7243
Performance test message 7244
Performance test message 7245
Performance test message 7246
Performance test message 7247
Performance test message 7248
Performance test message 7249
Performance test message 7250
Performance test message 7251
Performance test message 7252
Performance test message 7253
Performance test message 7254
Performance test message 7255
Performance test message 7256
Performance test message 7257
Performance test message 7258
Performance test message 7259
Performance test message 7260
Performance test message 7261
Performance test message 7262
Performance test message 7263
Performance test message 7264
Performance test message 7265
Performance test message 7266
Performance test message 7267
Performance test message 7268
Performance test message 7269
Performance test message 7270
Performance test message 7271
Performance test message 7272
Performance test message 7273
Performance test message 7274
Performance test message 7275
Performance test message 7276
Performance test message 7277
Performance test message 7278
Performance test message 7279
Performance test message 7280
Performance test message 7281
Performance test message 7282
Performance test message 7283
Performance test message 7284
Performance test message 7285
Performance test message 7286
Performance test message 7287
Performance test message 7288
Performance test message 7289
Performance test message 7290
Performance test message 7291
Performance test message 7292
Performance test message 7293
Performance test message 7294
Performance test message 7295
Performance test message 7296
Performance test message 7297
Performance test message 7298
Performance test message 7299
Performance test message 7300
Performance test message 7301
Performance test message 7302
Performance test message 7303
Performance test message 7304
Performance test message 7305
Performance test message 7306
Performance test message 7307
Performance test message 7308
Performance test message 7309
Performance test message 7310
Performance test message 7311
Performance test message 7312
Performance test message 7313
Performance test message 7314
Performance test message 7315
Performance test message 7316
Performance test message 7317
Performance test message 7318
Performance test message 7319
Performance test message 7320
Performance test message 7321
Performance test message 7322
Performance test message 7323
Performance test message 7324
Performance test message 7325
Performance test message 7326
Performance test message 7327
Performance test message 7328
Performance test message 7329
Performance test message 7330
Performance test message 7331
Performance test message 7332
Performance test message 7333
Performance test message 7334
Performance test message 7335
Performance test message 7336
Performance test message 7337
Performance test message 7338
Performance test message 7339
Performance test message 7340
Performance test message 7341
Performance test message 7342
Performance test message 7343
Performance test message 7344
Performance test message 7345
Performance test message 7346
Performance test message 7347
Performance test message 7348
Performance test message 7349
Performance test message 7350
Performance test message 7351
Performance test message 7352
Performance test message 7353
Performance test message 7354
Performance test message 7355
Performance test message 7356
Performance test message 7357
Performance test message 7358
Performance test message 7359
Performance test message 7360
Performance test message 7361
Performance test message 7362
Performance test message 7363
Performance test message 7364
Performance test message 7365
Performance test message 7366
Performance test message 7367
Performance test message 7368
Performance test message 7369
Performance test message 7370
Performance test message 7371
Performance test message 7372
Performance test message 7373
Performance test message 7374
Performance test message 7375
Performance test message 7376
Performance test message 7377
Performance test message 7378
Performance test message 7379
Performance test message 7380
Performance test message 7381
Performance test message 7382
Performance test message 7383
Performance test message 7384
Performance test message 7385
Performance test message 7386
Performance test message 7387
Performance test message 7388
Performance test message 7389
Performance test message 7390
Performance test message 7391
Performance test message 7392
Performance test message 7393
Performance test message 7394
Performance test message 7395
Performance test message 7396
Performance test message 7397
Performance test message 7398
Performance test message 7399
Performance test message 7400
Performance test message 7401
Performance test message 7402
Performance test message 7403
Performance test message 7404
Performance test message 7405
Performance test message 7406
Performance test message 7407
Performance test message 7408
Performance test message 7409
Performance test message 7410
Performance test message 7411
Performance test message 7412
Performance test message 7413
Performance test message 7414
Performance test message 7415
Performance test message 7416
Performance test message 7417
Performance test message 7418
Performance test message 7419
Performance test message 7420
Performance test message 7421
Performance test message 7422
Performance test message 7423
Performance test message 7424
Performance test message 7425
Performance test message 7426
Performance test message 7427
Performance test message 7428
Performance test message 7429
Performance test message 7430
Performance test message 7431
Performance test message 7432
Performance test message 7433
Performance test message 7434
Performance test message 7435
Performance test message 7436
Performance test message 7437
Performance test message 7438
Performance test message 7439
Performance test message 7440
Performance test message 7441
Performance test message 7442
Performance test message 7443
Performance test message 7444
Performance test message 7445
Performance test message 7446
Performance test message 7447
Performance test message 7448
Performance test message 7449
Performance test message 7450
Performance test message 7451
Performance test message 7452
Performance test message 7453
Performance test message 7454
Performance test message 7455
Performance test message 7456
Performance test message 7457
Performance test message 7458
Performance test message 7459
Performance test message 7460
Performance test message 7461
Performance test message 7462
Performance test message 7463
Performance test message 7464
Performance test message 7465
Performance test message 7466
Performance test message 7467
Performance test message 7468
Performance test message 7469
Performance test message 7470
Performance test message 7471
Performance test message 7472
Performance test message 7473
Performance test message 7474
Performance test message 7475
Performance test message 7476
Performance test message 7477
Performance test message 7478
Performance test message 7479
Performance test message 7480
Performance test message 7481
Performance test message 7482
Performance test message 7483
Performance test message 7484
Performance test message 7485
Performance test message 7486
Performance test message 7487
Performance test message 7488
Performance test message 7489
Performance test message 7490
Performance test message 7491
Performance test message 7492
Performance test message 7493
Performance test message 7494
Performance test message 7495
Performance test message 7496
Performance test message 7497
Performance test message 7498
Performance test message 7499
Performance test message 7500
Performance test message 7501
Performance test message 7502
Performance test message 7503
Performance test message 7504
Performance test message 7505
Performance test message 7506
Performance test message 7507
Performance test message 7508
Performance test message 7509
Performance test message 7510
Performance test message 7511
Performance test message 7512
Performance test message 7513
Performance test message 7514
Performance test message 7515
Performance test message 7516
Performance test message 7517
Performance test message 7518
Performance test message 7519
Performance test message 7520
Performance test message 7521
Performance test message 7522
Performance test message 7523
Performance test message 7524
Performance test message 7525
Performance test message 7526
Performance test message 7527
Performance test message 7528
Performance test message 7529
Performance test message 7530
Performance test message 7531
Performance test message 7532
Performance test message 7533
Performance test message 7534
Performance test message 7535
Performance test message 7536
Performance test message 7537
Performance test message 7538
Performance test message 7539
Performance test message 7540
Performance test message 7541
Performance test message 7542
Performance test message 7543
Performance test message 7544
Performance test message 7545
Performance test message 7546
Performance test message 7547
Performance test message 7548
Performance test message 7549
Performance test message 7550
Performance test message 7551
Performance test message 7552
Performance test message 7553
Performance test message 7554
Performance test message 7555
Performance test message 7556
Performance test message 7557
Performance test message 7558
Performance test message 7559
Performance test message 7560
Performance test message 7561
Performance test message 7562
Performance test message 7563
Performance test message 7564
Performance test message 7565
Performance test message 7566
Performance test message 7567
Performance test message 7568
Performance test message 7569
Performance test message 7570
Performance test message 7571
Performance test message 7572
Performance test message 7573
Performance test message 7574
Performance test message 7575
Performance test message 7576
Performance test message 7577
Performance test message 7578
Performance test message 7579
Performance test message 7580
Performance test message 7581
Performance test message 7582
Performance test message 7583
Performance test message 7584
Performance test message 7585
Performance test message 7586
Performance test message 7587
Performance test message 7588
Performance test message 7589
Performance test message 7590
Performance test message 7591
Performance test message 7592
Performance test message 7593
Performance test message 7594
Performance test message 7595
Performance test message 7596
Performance test message 7597
Performance test message 7598
Performance test message 7599
Performance test message 7600
Performance test message 7601
Performance test message 7602
Performance test message 7603
Performance test message 7604
Performance test message 7605
Performance test message 7606
Performance test message 7607
Performance test message 7608
Performance test message 7609
Performance test message 7610
Performance test message 7611
Performance test message 7612
Performance test message 7613
Performance test message 7614
Performance test message 7615
Performance test message 7616
Performance test message 7617
Performance test message 7618
Performance test message 7619
Performance test message 7620
Performance test message 7621
Performance test message 7622
Performance test message 7623
Performance test message 7624
Performance test message 7625
Performance test message 7626
Performance test message 7627
Performance test message 7628
Performance test message 7629
Performance test message 7630
Performance test message 7631
Performance test message 7632
Performance test message 7633
Performance test message 7634
Performance test message 7635
Performance test message 7636
Performance test message 7637
Performance test message 7638
Performance test message 7639
Performance test message 7640
Performance test message 7641
Performance test message 7642
Performance test message 7643
Performance test message 7644
Performance test message 7645
Performance test message 7646
Performance test message 7647
Performance test message 7648
Performance test message 7649
Performance test message 7650
Performance test message 7651
Performance test message 7652
Performance test message 7653
Performance test message 7654
Performance test message 7655
Performance test message 7656
Performance test message 7657
Performance test message 7658
Performance test message 7659
Performance test message 7660
Performance test message 7661
Performance test message 7662
Performance test message 7663
Performance test message 7664
Performance test message 7665
Performance test message 7666
Performance test message 7667
Performance test message 7668
Performance test message 7669
Performance test message 7670
Performance test message 7671
Performance test message 7672
Performance test message 7673
Performance test message 7674
Performance test message 7675
Performance test message 7676
Performance test message 7677
Performance test message 7678
Performance test message 7679
Performance test message 7680
Performance test message 7681
Performance test message 7682
Performance test message 7683
Performance test message 7684
Performance test message 7685
Performance test message 7686
Performance test message 7687
Performance test message 7688
Performance test message 7689
Performance test message 7690
Performance test message 7691
Performance test message 7692
Performance test message 7693
Performance test message 7694
Performance test message 7695
Performance test message 7696
Performance test message 7697
Performance test message 7698
Performance test message 7699
Performance test message 7700
Performance test message 7701
Performance test message 7702
Performance test message 7703
Performance test message 7704
Performance test message 7705
Performance test message 7706
Performance test message 7707
Performance test message 7708
Performance test message 7709
Performance test message 7710
Performance test message 7711
Performance test message 7712
Performance test message 7713
Performance test message 7714
Performance test message 7715
Performance test message 7716
Performance test message 7717
Performance test message 7718
Performance test message 7719
Performance test message 7720
Performance test message 7721
Performance test message 7722
Performance test message 7723
Performance test message 7724
Performance test message 7725
Performance test message 7726
Performance test message 7727
Performance test message 7728
Performance test message 7729
Performance test message 7730
Performance test message 7731
Performance test message 7732
Performance test message 7733
Performance test message 7734
Performance test message 7735
Performance test message 7736
Performance test message 7737
Performance test message 7738
Performance test message 7739
Performance test message 7740
Performance test message 7741
Performance test message 7742
Performance test message 7743
Performance test message 7744
Performance test message 7745
Performance test message 7746
Performance test message 7747
Performance test message 7748
Performance test message 7749
Performance test message 7750
Performance test message 7751
Performance test message 7752
Performance test message 7753
Performance test message 7754
Performance test message 7755
Performance test message 7756
Performance test message 7757
Performance test message 7758
Performance test message 7759
Performance test message 7760
Performance test message 7761
Performance test message 7762
Performance test message 7763
Performance test message 7764
Performance test message 7765
Performance test message 7766
Performance test message 7767
Performance test message 7768
Performance test message 7769
Performance test message 7770
Performance test message 7771
Performance test message 7772
Performance test message 7773
Performance test message 7774
Performance test message 7775
Performance test message 7776
Performance test message 7777
Performance test message 7778
Performance test message 7779
Performance test message 7780
Performance test message 7781
Performance test message 7782
Performance test message 7783
Performance test message 7784
Performance test message 7785
Performance test message 7786
Performance test message 7787
Performance test message 7788
Performance test message 7789
Performance test message 7790
Performance test message 7791
Performance test message 7792
Performance test message 7793
Performance test message 7794
Performance test message 7795
Performance test message 7796
Performance test message 7797
Performance test message 7798
Performance test message 7799
Performance test message 7800
Performance test message 7801
Performance test message 7802
Performance test message 7803
Performance test message 7804
Performance test message 7805
Performance test message 7806
Performance test message 7807
Performance test message 7808
Performance test message 7809
Performance test message 7810
Performance test message 7811
Performance test message 7812
Performance test message 7813
Performance test message 7814
Performance test message 7815
Performance test message 7816
Performance test message 7817
Performance test message 7818
Performance test message 7819
Performance test message 7820
Performance test message 7821
Performance test message 7822
Performance test message 7823
Performance test message 7824
Performance test message 7825
Performance test message 7826
Performance test message 7827
Performance test message 7828
Performance test message 7829
Performance test message 7830
Performance test message 7831
Performance test message 7832
Performance test message 7833
Performance test message 7834
Performance test message 7835
Performance test message 7836
Performance test message 7837
Performance test message 7838
Performance test message 7839
Performance test message 7840
Performance test message 7841
Performance test message 7842
Performance test message 7843
Performance test message 7844
Performance test message 7845
Performance test message 7846
Performance test message 7847
Performance test message 7848
Performance test message 7849
Performance test message 7850
Performance test message 7851
Performance test message 7852
Performance test message 7853
Performance test message 7854
Performance test message 7855
Performance test message 7856
Performance test message 7857
Performance test message 7858
Performance test message 7859
Performance test message 7860
Performance test message 7861
Performance test message 7862
Performance test message 7863
Performance test message 7864
Performance test message 7865
Performance test message 7866
Performance test message 7867
Performance test message 7868
Performance test message 7869
Performance test message 7870
Performance test message 7871
Performance test message 7872
Performance test message 7873
Performance test message 7874
Performance test message 7875
Performance test message 7876
Performance test message 7877
Performance test message 7878
Performance test message 7879
Performance test message 7880
Performance test message 7881
Performance test message 7882
Performance test message 7883
Performance test message 7884
Performance test message 7885
Performance test message 7886
Performance test message 7887
Performance test message 7888
Performance test message 7889
Performance test message 7890
Performance test message 7891
Performance test message 7892
Performance test message 7893
Performance test message 7894
Performance test message 7895
Performance test message 7896
Performance test message 7897
Performance test message 7898
Performance test message 7899
Performance test message 7900
Performance test message 7901
Performance test message 7902
Performance test message 7903
Performance test message 7904
Performance test message 7905
Performance test message 7906
Performance test message 7907
Performance test message 7908
Performance test message 7909
Performance test message 7910
Performance test message 7911
Performance test message 7912
Performance test message 7913
Performance test message 7914
Performance test message 7915
Performance test message 7916
Performance test message 7917
Performance test message 7918
Performance test message 7919
Performance test message 7920
Performance test message 7921
Performance test message 7922
Performance test message 7923
Performance test message 7924
Performance test message 7925
Performance test message 7926
Performance test message 7927
Performance test message 7928
Performance test message 7929
Performance test message 7930
Performance test message 7931
Performance test message 7932
Performance test message 7933
Performance test message 7934
Performance test message 7935
Performance test message 7936
Performance test message 7937
Performance test message 7938
Performance test message 7939
Performance test message 7940
Performance test message 7941
Performance test message 7942
Performance test message 7943
Performance test message 7944
Performance test message 7945
Performance test message 7946
Performance test message 7947
Performance test message 7948
Performance test message 7949
Performance test message 7950
Performance test message 7951
Performance test message 7952
Performance test message 7953
Performance test message 7954
Performance test message 7955
Performance test message 7956
Performance test message 7957
Performance test message 7958
Performance test message 7959
Performance test message 7960
Performance test message 7961
Performance test message 7962
Performance test message 7963
Performance test message 7964
Performance test message 7965
Performance test message 7966
Performance test message 7967
Performance test message 7968
Performance test message 7969
Performance test message 7970
Performance test message 7971
Performance test message 7972
Performance test message 7973
Performance test message 7974
Performance test message 7975
Performance test message 7976
Performance test message 7977
Performance test message 7978
Performance test message 7979
Performance test message 7980
Performance test message 7981
Performance test message 7982
Performance test message 7983
Performance test message 7984
Performance test message 7985
Performance test message 7986
Performance test message 7987
Performance test message 7988
Performance test message 7989
Performance test message 7990
Performance test message 7991
Performance test message 7992
Performance test message 7993
Performance test message 7994
Performance test message 7995
Performance test message 7996
Performance test message 7997
Performance test message 7998
Performance test message 7999
Performance test message 8000
Performance test message 8001
Performance test message 8002
Performance test message 8003
Performance test message 8004
Performance test message 8005
Performance test message 8006
Performance test message 8007
Performance test message 8008
Performance test message 8009
Performance test message 8010
Performance test message 8011
Performance test message 8012
Performance test message 8013
Performance test message 8014
Performance test message 8015
Performance test message 8016
Performance test message 8017
Performance test message 8018
Performance test message 8019
Performance test message 8020
Performance test message 8021
Performance test message 8022
Performance test message 8023
Performance test message 8024
Performance test message 8025
Performance test message 8026
Performance test message 8027
Performance test message 8028
Performance test message 8029
Performance test message 8030
Performance test message 8031
Performance test message 8032
Performance test message 8033
Performance test message 8034
Performance test message 8035
Performance test message 8036
Performance test message 8037
Performance test message 8038
Performance test message 8039
Performance test message 8040
Performance test message 8041
Performance test message 8042
Performance test message 8043
Performance test message 8044
Performance test message 8045
Performance test message 8046
Performance test message 8047
Performance test message 8048
Performance test message 8049
Performance test message 8050
Performance test message 8051
Performance test message 8052
Performance test message 8053
Performance test message 8054
Performance test message 8055
Performance test message 8056
Performance test message 8057
Performance test message 8058
Performance test message 8059
Performance test message 8060
Performance test message 8061
Performance test message 8062
Performance test message 8063
Performance test message 8064
Performance test message 8065
Performance test message 8066
Performance test message 8067
Performance test message 8068
Performance test message 8069
Performance test message 8070
Performance test message 8071
Performance test message 8072
Performance test message 8073
Performance test message 8074
Performance test message 8075
Performance test message 8076
Performance test message 8077
Performance test message 8078
Performance test message 8079
Performance test message 8080
Performance test message 8081
Performance test message 8082
Performance test message 8083
Performance test message 8084
Performance test message 8085
Performance test message 8086
Performance test message 8087
Performance test message 8088
Performance test message 8089
Performance test message 8090
Performance test message 8091
Performance test message 8092
Performance test message 8093
Performance test message 8094
Performance test message 8095
Performance test message 8096
Performance test message 8097
Performance test message 8098
Performance test message 8099
Performance test message 8100
Performance test message 8101
Performance test message 8102
Performance test message 8103
Performance test message 8104
Performance test message 8105
Performance test message 8106
Performance test message 8107
Performance test message 8108
Performance test message 8109
Performance test message 8110
Performance test message 8111
Performance test message 8112
Performance test message 8113
Performance test message 8114
Performance test message 8115
Performance test message 8116
Performance test message 8117
Performance test message 8118
Performance test message 8119
Performance test message 8120
Performance test message 8121
Performance test message 8122
Performance test message 8123
Performance test message 8124
Performance test message 8125
Performance test message 8126
Performance test message 8127
Performance test message 8128
Performance test message 8129
Performance test message 8130
Performance test message 8131
Performance test message 8132
Performance test message 8133
Performance test message 8134
Performance test message 8135
Performance test message 8136
Performance test message 8137
Performance test message 8138
Performance test message 8139
Performance test message 8140
Performance test message 8141
Performance test message 8142
Performance test message 8143
Performance test message 8144
Performance test message 8145
Performance test message 8146
Performance test message 8147
Performance test message 8148
Performance test message 8149
Performance test message 8150
Performance test message 8151
Performance test message 8152
Performance test message 8153
Performance test message 8154
Performance test message 8155
Performance test message 8156
Performance test message 8157
Performance test message 8158
Performance test message 8159
Performance test message 8160
Performance test message 8161
Performance test message 8162
Performance test message 8163
Performance test message 8164
Performance test message 8165
Performance test message 8166
Performance test message 8167
Performance test message 8168
Performance test message 8169
Performance test message 8170
Performance test message 8171
Performance test message 8172
Performance test message 8173
Performance test message 8174
Performance test message 8175
Performance test message 8176
Performance test message 8177
Performance test message 8178
Performance test message 8179
Performance test message 8180
Performance test message 8181
Performance test message 8182
Performance test message 8183
Performance test message 8184
Performance test message 8185
Performance test message 8186
Performance test message 8187
Performance test message 8188
Performance test message 8189
Performance test message 8190
Performance test message 8191
Performance test message 8192
Performance test message 8193
Performance test message 8194
Performance test message 8195
Performance test message 8196
Performance test message 8197
Performance test message 8198
Performance test message 8199
Performance test message 8200
Performance test message 8201
Performance test message 8202
Performance test message 8203
Performance test message 8204
Performance test message 8205
Performance test message 8206
Performance test message 8207
Performance test message 8208
Performance test message 8209
Performance test message 8210
Performance test message 8211
Performance test message 8212
Performance test message 8213
Performance test message 8214
Performance test message 8215
Performance test message 8216
Performance test message 8217
Performance test message 8218
Performance test message 8219
Performance test message 8220
Performance test message 8221
Performance test message 8222
Performance test message 8223
Performance test message 8224
Performance test message 8225
Performance test message 8226
Performance test message 8227
Performance test message 8228
Performance test message 8229
Performance test message 8230
Performance test message 8231
Performance test message 8232
Performance test message 8233
Performance test message 8234
Performance test message 8235
Performance test message 8236
Performance test message 8237
Performance test message 8238
Performance test message 8239
Performance test message 8240
Performance test message 8241
Performance test message 8242
Performance test message 8243
Performance test message 8244
Performance test message 8245
Performance test message 8246
Performance test message 8247
Performance test message 8248
Performance test message 8249
Performance test message 8250
Performance test message 8251
Performance test message 8252
Performance test message 8253
Performance test message 8254
Performance test message 8255
Performance test message 8256
Performance test message 8257
Performance test message 8258
Performance test message 8259
Performance test message 8260
Performance test message 8261
Performance test message 8262
Performance test message 8263
Performance test message 8264
Performance test message 8265
Performance test message 8266
Performance test message 8267
Performance test message 8268
Performance test message 8269
Performance test message 8270
Performance test message 8271
Performance test message 8272
Performance test message 8273
Performance test message 8274
Performance test message 8275
Performance test message 8276
Performance test message 8277
Performance test message 8278
Performance test message 8279
Performance test message 8280
Performance test message 8281
Performance test message 8282
Performance test message 8283
Performance test message 8284
Performance test message 8285
Performance test message 8286
Performance test message 8287
Performance test message 8288
Performance test message 8289
Performance test message 8290
Performance test message 8291
Performance test message 8292
Performance test message 8293
Performance test message 8294
Performance test message 8295
Performance test message 8296
Performance test message 8297
Performance test message 8298
Performance test message 8299
Performance test message 8300
Performance test message 8301
Performance test message 8302
Performance test message 8303
Performance test message 8304
Performance test message 8305
Performance test message 8306
Performance test message 8307
Performance test message 8308
Performance test message 8309
Performance test message 8310
Performance test message 8311
Performance test message 8312
Performance test message 8313
Performance test message 8314
Performance test message 8315
Performance test message 8316
Performance test message 8317
Performance test message 8318
Performance test message 8319
Performance test message 8320
Performance test message 8321
Performance test message 8322
Performance test message 8323
Performance test message 8324
Performance test message 8325
Performance test message 8326
Performance test message 8327
Performance test message 8328
Performance test message 8329
Performance test message 8330
Performance test message 8331
Performance test message 8332
Performance test message 8333
Performance test message 8334
Performance test message 8335
Performance test message 8336
Performance test message 8337
Performance test message 8338
Performance test message 8339
Performance test message 8340
Performance test message 8341
Performance test message 8342
Performance test message 8343
Performance test message 8344
Performance test message 8345
Performance test message 8346
Performance test message 8347
Performance test message 8348
Performance test message 8349
Performance test message 8350
Performance test message 8351
Performance test message 8352
Performance test message 8353
Performance test message 8354
Performance test message 8355
Performance test message 8356
Performance test message 8357
Performance test message 8358
Performance test message 8359
Performance test message 8360
Performance test message 8361
Performance test message 8362
Performance test message 8363
Performance test message 8364
Performance test message 8365
Performance test message 8366
Performance test message 8367
Performance test message 8368
Performance test message 8369
Performance test message 8370
Performance test message 8371
Performance test message 8372
Performance test message 8373
Performance test message 8374
Performance test message 8375
Performance test message 8376
Performance test message 8377
Performance test message 8378
Performance test message 8379
Performance test message 8380
Performance test message 8381
Performance test message 8382
Performance test message 8383
Performance test message 8384
Performance test message 8385
Performance test message 8386
Performance test message 8387
Performance test message 8388
Performance test message 8389
Performance test message 8390
Performance test message 8391
Performance test message 8392
Performance test message 8393
Performance test message 8394
Performance test message 8395
Performance test message 8396
Performance test message 8397
Performance test message 8398
Performance test message 8399
Performance test message 8400
Performance test message 8401
Performance test message 8402
Performance test message 8403
Performance test message 8404
Performance test message 8405
Performance test message 8406
Performance test message 8407
Performance test message 8408
Performance test message 8409
Performance test message 8410
Performance test message 8411
Performance test message 8412
Performance test message 8413
Performance test message 8414
Performance test message 8415
Performance test message 8416
Performance test message 8417
Performance test message 8418
Performance test message 8419
Performance test message 8420
Performance test message 8421
Performance test message 8422
Performance test message 8423
Performance test message 8424
Performance test message 8425
Performance test message 8426
Performance test message 8427
Performance test message 8428
Performance test message 8429
Performance test message 8430
Performance test message 8431
Performance test message 8432
Performance test message 8433
Performance test message 8434
Performance test message 8435
Performance test message 8436
Performance test message 8437
Performance test message 8438
Performance test message 8439
Performance test message 8440
Performance test message 8441
Performance test message 8442
Performance test message 8443
Performance test message 8444
Performance test message 8445
Performance test message 8446
Performance test message 8447
Performance test message 8448
Performance test message 8449
Performance test message 8450
Performance test message 8451
Performance test message 8452
Performance test message 8453
Performance test message 8454
Performance test message 8455
Performance test message 8456
Performance test message 8457
Performance test message 8458
Performance test message 8459
Performance test message 8460
Performance test message 8461
Performance test message 8462
Performance test message 8463
Performance test message 8464
Performance test message 8465
Performance test message 8466
Performance test message 8467
Performance test message 8468
Performance test message 8469
Performance test message 8470
Performance test message 8471
Performance test message 8472
Performance test message 8473
Performance test message 8474
Performance test message 8475
Performance test message 8476
Performance test message 8477
Performance test message 8478
Performance test message 8479
Performance test message 8480
Performance test message 8481
Performance test message 8482
Performance test message 8483
Performance test message 8484
Performance test message 8485
Performance test message 8486
Performance test message 8487
Performance test message 8488
Performance test message 8489
Performance test message 8490
Performance test message 8491
Performance test message 8492
Performance test message 8493
Performance test message 8494
Performance test message 8495
Performance test message 8496
Performance test message 8497
Performance test message 8498
Performance test message 8499
Performance test message 8500
Performance test message 8501
Performance test message 8502
Performance test message 8503
Performance test message 8504
Performance test message 8505
Performance test message 8506
Performance test message 8507
Performance test message 8508
Performance test message 8509
Performance test message 8510
Performance test message 8511
Performance test message 8512
Performance test message 8513
Performance test message 8514
Performance test message 8515
Performance test message 8516
Performance test message 8517
Performance test message 8518
Performance test message 8519
Performance test message 8520
Performance test message 8521
Performance test message 8522
Performance test message 8523
Performance test message 8524
Performance test message 8525
Performance test message 8526
Performance test message 8527
Performance test message 8528
Performance test message 8529
Performance test message 8530
Performance test message 8531
Performance test message 8532
Performance test message 8533
Performance test message 8534
Performance test message 8535
Performance test message 8536
Performance test message 8537
Performance test message 8538
Performance test message 8539
Performance test message 8540
Performance test message 8541
Performance test message 8542
Performance test message 8543
Performance test message 8544
Performance test message 8545
Performance test message 8546
Performance test message 8547
Performance test message 8548
Performance test message 8549
Performance test message 8550
Performance test message 8551
Performance test message 8552
Performance test message 8553
Performance test message 8554
Performance test message 8555
Performance test message 8556
Performance test message 8557
Performance test message 8558
Performance test message 8559
Performance test message 8560
Performance test message 8561
Performance test message 8562
Performance test message 8563
Performance test message 8564
Performance test message 8565
Performance test message 8566
Performance test message 8567
Performance test message 8568
Performance test message 8569
Performance test message 8570
Performance test message 8571
Performance test message 8572
Performance test message 8573
Performance test message 8574
Performance test message 8575
Performance test message 8576
Performance test message 8577
Performance test message 8578
Performance test message 8579
Performance test message 8580
Performance test message 8581
Performance test message 8582
Performance test message 8583
Performance test message 8584
Performance test message 8585
Performance test message 8586
Performance test message 8587
Performance test message 8588
Performance test message 8589
Performance test message 8590
Performance test message 8591
Performance test message 8592
Performance test message 8593
Performance test message 8594
Performance test message 8595
Performance test message 8596
Performance test message 8597
Performance test message 8598
Performance test message 8599
Performance test message 8600
Performance test message 8601
Performance test message 8602
Performance test message 8603
Performance test message 8604
Performance test message 8605
Performance test message 8606
Performance test message 8607
Performance test message 8608
Performance test message 8609
Performance test message 8610
Performance test message 8611
Performance test message 8612
Performance test message 8613
Performance test message 8614
Performance test message 8615
Performance test message 8616
Performance test message 8617
Performance test message 8618
Performance test message 8619
Performance test message 8620
Performance test message 8621
Performance test message 8622
Performance test message 8623
Performance test message 8624
Performance test message 8625
Performance test message 8626
Performance test message 8627
Performance test message 8628
Performance test message 8629
Performance test message 8630
Performance test message 8631
Performance test message 8632
Performance test message 8633
Performance test message 8634
Performance test message 8635
Performance test message 8636
Performance test message 8637
Performance test message 8638
Performance test message 8639
Performance test message 8640
Performance test message 8641
Performance test message 8642
Performance test message 8643
Performance test message 8644
Performance test message 8645
Performance test message 8646
Performance test message 8647
Performance test message 8648
Performance test message 8649
Performance test message 8650
Performance test message 8651
Performance test message 8652
Performance test message 8653
Performance test message 8654
Performance test message 8655
Performance test message 8656
Performance test message 8657
Performance test message 8658
Performance test message 8659
Performance test message 8660
Performance test message 8661
Performance test message 8662
Performance test message 8663
Performance test message 8664
Performance test message 8665
Performance test message 8666
Performance test message 8667
Performance test message 8668
Performance test message 8669
Performance test message 8670
Performance test message 8671
Performance test message 8672
Performance test message 8673
Performance test message 8674
Performance test message 8675
Performance test message 8676
Performance test message 8677
Performance test message 8678
Performance test message 8679
Performance test message 8680
Performance test message 8681
Performance test message 8682
Performance test message 8683
Performance test message 8684
Performance test message 8685
Performance test message 8686
Performance test message 8687
Performance test message 8688
Performance test message 8689
Performance test message 8690
Performance test message 8691
Performance test message 8692
Performance test message 8693
Performance test message 8694
Performance test message 8695
Performance test message 8696
Performance test message 8697
Performance test message 8698
Performance test message 8699
Performance test message 8700
Performance test message 8701
Performance test message 8702
Performance test message 8703
Performance test message 8704
Performance test message 8705
Performance test message 8706
Performance test message 8707
Performance test message 8708
Performance test message 8709
Performance test message 8710
Performance test message 8711
Performance test message 8712
Performance test message 8713
Performance test message 8714
Performance test message 8715
Performance test message 8716
Performance test message 8717
Performance test message 8718
Performance test message 8719
Performance test message 8720
Performance test message 8721
Performance test message 8722
Performance test message 8723
Performance test message 8724
Performance test message 8725
Performance test message 8726
Performance test message 8727
Performance test message 8728
Performance test message 8729
Performance test message 8730
Performance test message 8731
Performance test message 8732
Performance test message 8733
Performance test message 8734
Performance test message 8735
Performance test message 8736
Performance test message 8737
Performance test message 8738
Performance test message 8739
Performance test message 8740
Performance test message 8741
Performance test message 8742
Performance test message 8743
Performance test message 8744
Performance test message 8745
Performance test message 8746
Performance test message 8747
Performance test message 8748
Performance test message 8749
Performance test message 8750
Performance test message 8751
Performance test message 8752
Performance test message 8753
Performance test message 8754
Performance test message 8755
Performance test message 8756
Performance test message 8757
Performance test message 8758
Performance test message 8759
Performance test message 8760
Performance test message 8761
Performance test message 8762
Performance test message 8763
Performance test message 8764
Performance test message 8765
Performance test message 8766
Performance test message 8767
Performance test message 8768
Performance test message 8769
Performance test message 8770
Performance test message 8771
Performance test message 8772
Performance test message 8773
Performance test message 8774
Performance test message 8775
Performance test message 8776
Performance test message 8777
Performance test message 8778
Performance test message 8779
Performance test message 8780
Performance test message 8781
Performance test message 8782
Performance test message 8783
Performance test message 8784
Performance test message 8785
Performance test message 8786
Performance test message 8787
Performance test message 8788
Performance test message 8789
Performance test message 8790
Performance test message 8791
Performance test message 8792
Performance test message 8793
Performance test message 8794
Performance test message 8795
Performance test message 8796
Performance test message 8797
Performance test message 8798
Performance test message 8799
Performance test message 8800
Performance test message 8801
Performance test message 8802
Performance test message 8803
Performance test message 8804
Performance test message 8805
Performance test message 8806
Performance test message 8807
Performance test message 8808
Performance test message 8809
Performance test message 8810
Performance test message 8811
Performance test message 8812
Performance test message 8813
Performance test message 8814
Performance test message 8815
Performance test message 8816
Performance test message 8817
Performance test message 8818
Performance test message 8819
Performance test message 8820
Performance test message 8821
Performance test message 8822
Performance test message 8823
Performance test message 8824
Performance test message 8825
Performance test message 8826
Performance test message 8827
Performance test message 8828
Performance test message 8829
Performance test message 8830
Performance test message 8831
Performance test message 8832
Performance test message 8833
Performance test message 8834
Performance test message 8835
Performance test message 8836
Performance test message 8837
Performance test message 8838
Performance test message 8839
Performance test message 8840
Performance test message 8841
Performance test message 8842
Performance test message 8843
Performance test message 8844
Performance test message 8845
Performance test message 8846
Performance test message 8847
Performance test message 8848
Performance test message 8849
Performance test message 8850
Performance test message 8851
Performance test message 8852
Performance test message 8853
Performance test message 8854
Performance test message 8855
Performance test message 8856
Performance test message 8857
Performance test message 8858
Performance test message 8859
Performance test message 8860
Performance test message 8861
Performance test message 8862
Performance test message 8863
Performance test message 8864
Performance test message 8865
Performance test message 8866
Performance test message 8867
Performance test message 8868
Performance test message 8869
Performance test message 8870
Performance test message 8871
Performance test message 8872
Performance test message 8873
Performance test message 8874
Performance test message 8875
Performance test message 8876
Performance test message 8877
Performance test message 8878
Performance test message 8879
Performance test message 8880
Performance test message 8881
Performance test message 8882
Performance test message 8883
Performance test message 8884
Performance test message 8885
Performance test message 8886
Performance test message 8887
Performance test message 8888
Performance test message 8889
Performance test message 8890
Performance test message 8891
Performance test message 8892
Performance test message 8893
Performance test message 8894
Performance test message 8895
Performance test message 8896
Performance test message 8897
Performance test message 8898
Performance test message 8899
Performance test message 8900
Performance test message 8901
Performance test message 8902
Performance test message 8903
Performance test message 8904
Performance test message 8905
Performance test message 8906
Performance test message 8907
Performance test message 8908
Performance test message 8909
Performance test message 8910
Performance test message 8911
Performance test message 8912
Performance test message 8913
Performance test message 8914
Performance test message 8915
Performance test message 8916
Performance test message 8917
Performance test message 8918
Performance test message 8919
Performance test message 8920
Performance test message 8921
Performance test message 8922
Performance test message 8923
Performance test message 8924
Performance test message 8925
Performance test message 8926
Performance test message 8927
Performance test message 8928
Performance test message 8929
Performance test message 8930
Performance test message 8931
Performance test message 8932
Performance test message 8933
Performance test message 8934
Performance test message 8935
Performance test message 8936
Performance test message 8937
Performance test message 8938
Performance test message 8939
Performance test message 8940
Performance test message 8941
Performance test message 8942
Performance test message 8943
Performance test message 8944
Performance test message 8945
Performance test message 8946
Performance test message 8947
Performance test message 8948
Performance test message 8949
Performance test message 8950
Performance test message 8951
Performance test message 8952
Performance test message 8953
Performance test message 8954
Performance test message 8955
Performance test message 8956
Performance test message 8957
Performance test message 8958
Performance test message 8959
Performance test message 8960
Performance test message 8961
Performance test message 8962
Performance test message 8963
Performance test message 8964
Performance test message 8965
Performance test message 8966
Performance test message 8967
Performance test message 8968
Performance test message 8969
Performance test message 8970
Performance test message 8971
Performance test message 8972
Performance test message 8973
Performance test message 8974
Performance test message 8975
Performance test message 8976
Performance test message 8977
Performance test message 8978
Performance test message 8979
Performance test message 8980
Performance test message 8981
Performance test message 8982
Performance test message 8983
Performance test message 8984
Performance test message 8985
Performance test message 8986
Performance test message 8987
Performance test message 8988
Performance test message 8989
Performance test message 8990
Performance test message 8991
Performance test message 8992
Performance test message 8993
Performance test message 8994
Performance test message 8995
Performance test message 8996
Performance test message 8997
Performance test message 8998
Performance test message 8999
Performance test message 9000
Performance test message 9001
Performance test message 9002
Performance test message 9003
Performance test message 9004
Performance test message 9005
Performance test message 9006
Performance test message 9007
Performance test message 9008
Performance test message 9009
Performance test message 9010
Performance test message 9011
Performance test message 9012
Performance test message 9013
Performance test message 9014
Performance test message 9015
Performance test message 9016
Performance test message 9017
Performance test message 9018
Performance test message 9019
Performance test message 9020
Performance test message 9021
Performance test message 9022
Performance test message 9023
Performance test message 9024
Performance test message 9025
Performance test message 9026
Performance test message 9027
Performance test message 9028
Performance test message 9029
Performance test message 9030
Performance test message 9031
Performance test message 9032
Performance test message 9033
Performance test message 9034
Performance test message 9035
Performance test message 9036
Performance test message 9037
Performance test message 9038
Performance test message 9039
Performance test message 9040
Performance test message 9041
Performance test message 9042
Performance test message 9043
Performance test message 9044
Performance test message 9045
Performance test message 9046
Performance test message 9047
Performance test message 9048
Performance test message 9049
Performance test message 9050
Performance test message 9051
Performance test message 9052
Performance test message 9053
Performance test message 9054
Performance test message 9055
Performance test message 9056
Performance test message 9057
Performance test message 9058
Performance test message 9059
Performance test message 9060
Performance test message 9061
Performance test message 9062
Performance test message 9063
Performance test message 9064
Performance test message 9065
Performance test message 9066
Performance test message 9067
Performance test message 9068
Performance test message 9069
Performance test message 9070
Performance test message 9071
Performance test message 9072
Performance test message 9073
Performance test message 9074
Performance test message 9075
Performance test message 9076
Performance test message 9077
Performance test message 9078
Performance test message 9079
Performance test message 9080
Performance test message 9081
Performance test message 9082
Performance test message 9083
Performance test message 9084
Performance test message 9085
Performance test message 9086
Performance test message 9087
Performance test message 9088
Performance test message 9089
Performance test message 9090
Performance test message 9091
Performance test message 9092
Performance test message 9093
Performance test message 9094
Performance test message 9095
Performance test message 9096
Performance test message 9097
Performance test message 9098
Performance test message 9099
Performance test message 9100
Performance test message 9101
Performance test message 9102
Performance test message 9103
Performance test message 9104
Performance test message 9105
Performance test message 9106
Performance test message 9107
Performance test message 9108
Performance test message 9109
Performance test message 9110
Performance test message 9111
Performance test message 9112
Performance test message 9113
Performance test message 9114
Performance test message 9115
Performance test message 9116
Performance test message 9117
Performance test message 9118
Performance test message 9119
Performance test message 9120
Performance test message 9121
Performance test message 9122
Performance test message 9123
Performance test message 9124
Performance test message 9125
Performance test message 9126
Performance test message 9127
Performance test message 9128
Performance test message 9129
Performance test message 9130
Performance test message 9131
Performance test message 9132
Performance test message 9133
Performance test message 9134
Performance test message 9135
Performance test message 9136
Performance test message 9137
Performance test message 9138
Performance test message 9139
Performance test message 9140
Performance test message 9141
Performance test message 9142
Performance test message 9143
Performance test message 9144
Performance test message 9145
Performance test message 9146
Performance test message 9147
Performance test message 9148
Performance test message 9149
Performance test message 9150
Performance test message 9151
Performance test message 9152
Performance test message 9153
Performance test message 9154
Performance test message 9155
Performance test message 9156
Performance test message 9157
Performance test message 9158
Performance test message 9159
Performance test message 9160
Performance test message 9161
Performance test message 9162
Performance test message 9163
Performance test message 9164
Performance test message 9165
Performance test message 9166
Performance test message 9167
Performance test message 9168
Performance test message 9169
Performance test message 9170
Performance test message 9171
Performance test message 9172
Performance test message 9173
Performance test message 9174
Performance test message 9175
Performance test message 9176
Performance test message 9177
Performance test message 9178
Performance test message 9179
Performance test message 9180
Performance test message 9181
Performance test message 9182
Performance test message 9183
Performance test message 9184
Performance test message 9185
Performance test message 9186
Performance test message 9187
Performance test message 9188
Performance test message 9189
Performance test message 9190
Performance test message 9191
Performance test message 9192
Performance test message 9193
Performance test message 9194
Performance test message 9195
Performance test message 9196
Performance test message 9197
Performance test message 9198
Performance test message 9199
Performance test message 9200
Performance test message 9201
Performance test message 9202
Performance test message 9203
Performance test message 9204
Performance test message 9205
Performance test message 9206
Performance test message 9207
Performance test message 9208
Performance test message 9209
Performance test message 9210
Performance test message 9211
Performance test message 9212
Performance test message 9213
Performance test message 9214
Performance test message 9215
Performance test message 9216
Performance test message 9217
Performance test message 9218
Performance test message 9219
Performance test message 9220
Performance test message 9221
Performance test message 9222
Performance test message 9223
Performance test message 9224
Performance test message 9225
Performance test message 9226
Performance test message 9227
Performance test message 9228
Performance test message 9229
Performance test message 9230
Performance test message 9231
Performance test message 9232
Performance test message 9233
Performance test message 9234
Performance test message 9235
Performance test message 9236
Performance test message 9237
Performance test message 9238
Performance test message 9239
Performance test message 9240
Performance test message 9241
Performance test message 9242
Performance test message 9243
Performance test message 9244
Performance test message 9245
Performance test message 9246
Performance test message 9247
Performance test message 9248
Performance test message 9249
Performance test message 9250
Performance test message 9251
Performance test message 9252
Performance test message 9253
Performance test message 9254
Performance test message 9255
Performance test message 9256
Performance test message 9257
Performance test message 9258
Performance test message 9259
Performance test message 9260
Performance test message 9261
Performance test message 9262
Performance test message 9263
Performance test message 9264
Performance test message 9265
Performance test message 9266
Performance test message 9267
Performance test message 9268
Performance test message 9269
Performance test message 9270
Performance test message 9271
Performance test message 9272
Performance test message 9273
Performance test message 9274
Performance test message 9275
Performance test message 9276
Performance test message 9277
Performance test message 9278
Performance test message 9279
Performance test message 9280
Performance test message 9281
Performance test message 9282
Performance test message 9283
Performance test message 9284
Performance test message 9285
Performance test message 9286
Performance test message 9287
Performance test message 9288
Performance test message 9289
Performance test message 9290
Performance test message 9291
Performance test message 9292
Performance test message 9293
Performance test message 9294
Performance test message 9295
Performance test message 9296
Performance test message 9297
Performance test message 9298
Performance test message 9299
Performance test message 9300
Performance test message 9301
Performance test message 9302
Performance test message 9303
Performance test message 9304
Performance test message 9305
Performance test message 9306
Performance test message 9307
Performance test message 9308
Performance test message 9309
Performance test message 9310
Performance test message 9311
Performance test message 9312
Performance test message 9313
Performance test message 9314
Performance test message 9315
Performance test message 9316
Performance test message 9317
Performance test message 9318
Performance test message 9319
Performance test message 9320
Performance test message 9321
Performance test message 9322
Performance test message 9323
Performance test message 9324
Performance test message 9325
Performance test message 9326
Performance test message 9327
Performance test message 9328
Performance test message 9329
Performance test message 9330
Performance test message 9331
Performance test message 9332
Performance test message 9333
Performance test message 9334
Performance test message 9335
Performance test message 9336
Performance test message 9337
Performance test message 9338
Performance test message 9339
Performance test message 9340
Performance test message 9341
Performance test message 9342
Performance test message 9343
Performance test message 9344
Performance test message 9345
Performance test message 9346
Performance test message 9347
Performance test message 9348
Performance test message 9349
Performance test message 9350
Performance test message 9351
Performance test message 9352
Performance test message 9353
Performance test message 9354
Performance test message 9355
Performance test message 9356
Performance test message 9357
Performance test message 9358
Performance test message 9359
Performance test message 9360
Performance test message 9361
Performance test message 9362
Performance test message 9363
Performance test message 9364
Performance test message 9365
Performance test message 9366
Performance test message 9367
Performance test message 9368
Performance test message 9369
Performance test message 9370
Performance test message 9371
Performance test message 9372
Performance test message 9373
Performance test message 9374
Performance test message 9375
Performance test message 9376
Performance test message 9377
Performance test message 9378
Performance test message 9379
Performance test message 9380
Performance test message 9381
Performance test message 9382
Performance test message 9383
Performance test message 9384
Performance test message 9385
Performance test message 9386
Performance test message 9387
Performance test message 9388
Performance test message 9389
Performance test message 9390
Performance test message 9391
Performance test message 9392
Performance test message 9393
Performance test message 9394
Performance test message 9395
Performance test message 9396
Performance test message 9397
Performance test message 9398
Performance test message 9399
Performance test message 9400
Performance test message 9401
Performance test message 9402
Performance test message 9403
Performance test message 9404
Performance test message 9405
Performance test message 9406
Performance test message 9407
Performance test message 9408
Performance test message 9409
Performance test message 9410
Performance test message 9411
Performance test message 9412
Performance test message 9413
Performance test message 9414
Performance test message 9415
Performance test message 9416
Performance test message 9417
Performance test message 9418
Performance test message 9419
Performance test message 9420
Performance test message 9421
Performance test message 9422
Performance test message 9423
Performance test message 9424
Performance test message 9425
Performance test message 9426
Performance test message 9427
Performance test message 9428
Performance test message 9429
Performance test message 9430
Performance test message 9431
Performance test message 9432
Performance test message 9433
Performance test message 9434
Performance test message 9435
Performance test message 9436
Performance test message 9437
Performance test message 9438
Performance test message 9439
Performance test message 9440
Performance test message 9441
Performance test message 9442
Performance test message 9443
Performance test message 9444
Performance test message 9445
Performance test message 9446
Performance test message 9447
Performance test message 9448
Performance test message 9449
Performance test message 9450
Performance test message 9451
Performance test message 9452
Performance test message 9453
Performance test message 9454
Performance test message 9455
Performance test message 9456
Performance test message 9457
Performance test message 9458
Performance test message 9459
Performance test message 9460
Performance test message 9461
Performance test message 9462
Performance test message 9463
Performance test message 9464
Performance test message 9465
Performance test message 9466
Performance test message 9467
Performance test message 9468
Performance test message 9469
Performance test message 9470
Performance test message 9471
Performance test message 9472
Performance test message 9473
Performance test message 9474
Performance test message 9475
Performance test message 9476
Performance test message 9477
Performance test message 9478
Performance test message 9479
Performance test message 9480
Performance test message 9481
Performance test message 9482
Performance test message 9483
Performance test message 9484
Performance test message 9485
Performance test message 9486
Performance test message 9487
Performance test message 9488
Performance test message 9489
Performance test message 9490
Performance test message 9491
Performance test message 9492
Performance test message 9493
Performance test message 9494
Performance test message 9495
Performance test message 9496
Performance test message 9497
Performance test message 9498
Performance test message 9499
Performance test message 9500
Performance test message 9501
Performance test message 9502
Performance test message 9503
Performance test message 9504
Performance test message 9505
Performance test message 9506
Performance test message 9507
Performance test message 9508
Performance test message 9509
Performance test message 9510
Performance test message 9511
Performance test message 9512
Performance test message 9513
Performance test message 9514
Performance test message 9515
Performance test message 9516
Performance test message 9517
Performance test message 9518
Performance test message 9519
Performance test message 9520
Performance test message 9521
Performance test message 9522
Performance test message 9523
Performance test message 9524
Performance test message 9525
Performance test message 9526
Performance test message 9527
Performance test message 9528
Performance test message 9529
Performance test message 9530
Performance test message 9531
Performance test message 9532
Performance test message 9533
Performance test message 9534
Performance test message 9535
Performance test message 9536
Performance test message 9537
Performance test message 9538
Performance test message 9539
Performance test message 9540
Performance test message 9541
Performance test message 9542
Performance test message 9543
Performance test message 9544
Performance test message 9545
Performance test message 9546
Performance test message 9547
Performance test message 9548
Performance test message 9549
Performance test message 9550
Performance test message 9551
Performance test message 9552
Performance test message 9553
Performance test message 9554
Performance test message 9555
Performance test message 9556
Performance test message 9557
Performance test message 9558
Performance test message 9559
Performance test message 9560
Performance test message 9561
Performance test message 9562
Performance test message 9563
Performance test message 9564
Performance test message 9565
Performance test message 9566
Performance test message 9567
Performance test message 9568
Performance test message 9569
Performance test message 9570
Performance test message 9571
Performance test message 9572
Performance test message 9573
Performance test message 9574
Performance test message 9575
Performance test message 9576
Performance test message 9577
Performance test message 9578
Performance test message 9579
Performance test message 9580
Performance test message 9581
Performance test message 9582
Performance test message 9583
Performance test message 9584
Performance test message 9585
Performance test message 9586
Performance test message 9587
Performance test message 9588
Performance test message 9589
Performance test message 9590
Performance test message 9591
Performance test message 9592
Performance test message 9593
Performance test message 9594
Performance test message 9595
Performance test message 9596
Performance test message 9597
Performance test message 9598
Performance test message 9599
Performance test message 9600
Performance test message 9601
Performance test message 9602
Performance test message 9603
Performance test message 9604
Performance test message 9605
Performance test message 9606
Performance test message 9607
Performance test message 9608
Performance test message 9609
Performance test message 9610
Performance test message 9611
Performance test message 9612
Performance test message 9613
Performance test message 9614
Performance test message 9615
Performance test message 9616
Performance test message 9617
Performance test message 9618
Performance test message 9619
Performance test message 9620
Performance test message 9621
Performance test message 9622
Performance test message 9623
Performance test message 9624
Performance test message 9625
Performance test message 9626
Performance test message 9627
Performance test message 9628
Performance test message 9629
Performance test message 9630
Performance test message 9631
Performance test message 9632
Performance test message 9633
Performance test message 9634
Performance test message 9635
Performance test message 9636
Performance test message 9637
Performance test message 9638
Performance test message 9639
Performance test message 9640
Performance test message 9641
Performance test message 9642
Performance test message 9643
Performance test message 9644
Performance test message 9645
Performance test message 9646
Performance test message 9647
Performance test message 9648
Performance test message 9649
Performance test message 9650
Performance test message 9651
Performance test message 9652
Performance test message 9653
Performance test message 9654
Performance test message 9655
Performance test message 9656
Performance test message 9657
Performance test message 9658
Performance test message 9659
Performance test message 9660
Performance test message 9661
Performance test message 9662
Performance test message 9663
Performance test message 9664
Performance test message 9665
Performance test message 9666
Performance test message 9667
Performance test message 9668
Performance test message 9669
Performance test message 9670
Performance test message 9671
Performance test message 9672
Performance test message 9673
Performance test message 9674
Performance test message 9675
Performance test message 9676
Performance test message 9677
Performance test message 9678
Performance test message 9679
Performance test message 9680
Performance test message 9681
Performance test message 9682
Performance test message 9683
Performance test message 9684
Performance test message 9685
Performance test message 9686
Performance test message 9687
Performance test message 9688
Performance test message 9689
Performance test message 9690
Performance test message 9691
Performance test message 9692
Performance test message 9693
Performance test message 9694
Performance test message 9695
Performance test message 9696
Performance test message 9697
Performance test message 9698
Performance test message 9699
Performance test message 9700
Performance test message 9701
Performance test message 9702
Performance test message 9703
Performance test message 9704
Performance test message 9705
Performance test message 9706
Performance test message 9707
Performance test message 9708
Performance test message 9709
Performance test message 9710
Performance test message 9711
Performance test message 9712
Performance test message 9713
Performance test message 9714
Performance test message 9715
Performance test message 9716
Performance test message 9717
Performance test message 9718
Performance test message 9719
Performance test message 9720
Performance test message 9721
Performance test message 9722
Performance test message 9723
Performance test message 9724
Performance test message 9725
Performance test message 9726
Performance test message 9727
Performance test message 9728
Performance test message 9729
Performance test message 9730
Performance test message 9731
Performance test message 9732
Performance test message 9733
Performance test message 9734
Performance test message 9735
Performance test message 9736
Performance test message 9737
Performance test message 9738
Performance test message 9739
Performance test message 9740
Performance test message 9741
Performance test message 9742
Performance test message 9743
Performance test message 9744
Performance test message 9745
Performance test message 9746
Performance test message 9747
Performance test message 9748
Performance test message 9749
Performance test message 9750
Performance test message 9751
Performance test message 9752
Performance test message 9753
Performance test message 9754
Performance test message 9755
Performance test message 9756
Performance test message 9757
Performance test message 9758
Performance test message 9759
Performance test message 9760
Performance test message 9761
Performance test message 9762
Performance test message 9763
Performance test message 9764
Performance test message 9765
Performance test message 9766
Performance test message 9767
Performance test message 9768
Performance test message 9769
Performance test message 9770
Performance test message 9771
Performance test message 9772
Performance test message 9773
Performance test message 9774
Performance test message 9775
Performance test message 9776
Performance test message 9777
Performance test message 9778
Performance test message 9779
Performance test message 9780
Performance test message 9781
Performance test message 9782
Performance test message 9783
Performance test message 9784
Performance test message 9785
Performance test message 9786
Performance test message 9787
Performance test message 9788
Performance test message 9789
Performance test message 9790
Performance test message 9791
Performance test message 9792
Performance test message 9793
Performance test message 9794
Performance test message 9795
Performance test message 9796
Performance test message 9797
Performance test message 9798
Performance test message 9799
Performance test message 9800
Performance test message 9801
Performance test message 9802
Performance test message 9803
Performance test message 9804
Performance test message 9805
Performance test message 9806
Performance test message 9807
Performance test message 9808
Performance test message 9809
Performance test message 9810
Performance test message 9811
Performance test message 9812
Performance test message 9813
Performance test message 9814
Performance test message 9815
Performance test message 9816
Performance test message 9817
Performance test message 9818
Performance test message 9819
Performance test message 9820
Performance test message 9821
Performance test message 9822
Performance test message 9823
Performance test message 9824
Performance test message 9825
Performance test message 9826
Performance test message 9827
Performance test message 9828
Performance test message 9829
Performance test message 9830
Performance test message 9831
Performance test message 9832
Performance test message 9833
Performance test message 9834
Performance test message 9835
Performance test message 9836
Performance test message 9837
Performance test message 9838
Performance test message 9839
Performance test message 9840
Performance test message 9841
Performance test message 9842
Performance test message 9843
Performance test message 9844
Performance test message 9845
Performance test message 9846
Performance test message 9847
Performance test message 9848
Performance test message 9849
Performance test message 9850
Performance test message 9851
Performance test message 9852
Performance test message 9853
Performance test message 9854
Performance test message 9855
Performance test message 9856
Performance test message 9857
Performance test message 9858
Performance test message 9859
Performance test message 9860
Performance test message 9861
Performance test message 9862
Performance test message 9863
Performance test message 9864
Performance test message 9865
Performance test message 9866
Performance test message 9867
Performance test message 9868
Performance test message 9869
Performance test message 9870
Performance test message 9871
Performance test message 9872
Performance test message 9873
Performance test message 9874
Performance test message 9875
Performance test message 9876
Performance test message 9877
Performance test message 9878
Performance test message 9879
Performance test message 9880
Performance test message 9881
Performance test message 9882
Performance test message 9883
Performance test message 9884
Performance test message 9885
Performance test message 9886
Performance test message 9887
Performance test message 9888
Performance test message 9889
Performance test message 9890
Performance test message 9891
Performance test message 9892
Performance test message 9893
Performance test message 9894
Performance test message 9895
Performance test message 9896
Performance test message 9897
Performance test message 9898
Performance test message 9899
Performance test message 9900
Performance test message 9901
Performance test message 9902
Performance test message 9903
Performance test message 9904
Performance test message 9905
Performance test message 9906
Performance test message 9907
Performance test message 9908
Performance test message 9909
Performance test message 9910
Performance test message 9911
Performance test message 9912
Performance test message 9913
Performance test message 9914
Performance test message 9915
Performance test message 9916
Performance test message 9917
Performance test message 9918
Performance test message 9919
Performance test message 9920
Performance test message 9921
Performance test message 9922
Performance test message 9923
Performance test message 9924
Performance test message 9925
Performance test message 9926
Performance test message 9927
Performance test message 9928
Performance test message 9929
Performance test message 9930
Performance test message 9931
Performance test message 9932
Performance test message 9933
Performance test message 9934
Performance test message 9935
Performance test message 9936
Performance test message 9937
Performance test message 9938
Performance test message 9939
Performance test message 9940
Performance test message 9941
Performance test message 9942
Performance test message 9943
Performance test message 9944
Performance test message 9945
Performance test message 9946
Performance test message 9947
Performance test message 9948
Performance test message 9949
Performance test message 9950
Performance test message 9951
Performance test message 9952
Performance test message 9953
Performance test message 9954
Performance test message 9955
Performance test message 9956
Performance test message 9957
Performance test message 9958
Performance test message 9959
Performance test message 9960
Performance test message 9961
Performance test message 9962
Performance test message 9963
Performance test message 9964
Performance test message 9965
Performance test message 9966
Performance test message 9967
Performance test message 9968
Performance test message 9969
Performance test message 9970
Performance test message 9971
Performance test message 9972
Performance test message 9973
Performance test message 9974
Performance test message 9975
Performance test message 9976
Performance test message 9977
Performance test message 9978
Performance test message 9979
Performance test message 9980
Performance test message 9981
Performance test message 9982
Performance test message 9983
Performance test message 9984
Performance test message 9985
Performance test message 9986
Performance test message 9987
Performance test message 9988
Performance test message 9989
Performance test message 9990
Performance test message 9991
Performance test message 9992
Performance test message 9993
Performance test message 9994
Performance test message 9995
Performance test message 9996
Performance test message 9997
Performance test message 9998
Performance test message 9999
Performance test message 0
Performance test message 1
Performance test message 2
Performance test message 3
Performance test message 4
Performance test message 5
Performance test message 6
Performance test message 7
Performance test message 8
Performance test message 9
Performance test message 10
Performance test message 11
Performance test message 12
Performance test message 13
Performance test message 14
Performance test message 15
Performance test message 16
Performance test message 17
Performance test message 18
Performance test message 19
Performance test message 20
Performance test message 21
Performance test message 22
Performance test message 23
Performance test message 24
Performance test message 25
Performance test message 26
Performance test message 27
Performance test message 28
Performance test message 29
Performance test message 30
Performance test message 31
Performance test message 32
Performance test message 33
Performance test message 34
Performance test message 35
Performance test message 36
Performance test message 37
Performance test message 38
Performance test message 39
Performance test message 40
Performance test message 41
Performance test message 42
Performance test message 43
Performance test message 44
Performance test message 45
Performance test message 46
Performance test message 47
Performance test message 48
Performance test message 49
Performance test message 50
Performance test message 51
Performance test message 52
Performance test message 53
Performance test message 54
Performance test message 55
Performance test message 56
Performance test message 57
Performance test message 58
Performance test message 59
Performance test message 60
Performance test message 61
Performance test message 62
Performance test message 63
Performance test message 64
Performance test message 65
Performance test message 66
Performance test message 67
Performance test message 68
Performance test message 69
Performance test message 70
Performance test message 71
Performance test message 72
Performance test message 73
Performance test message 74
Performance test message 75
Performance test message 76
Performance test message 77
Performance test message 78
Performance test message 79
Performance test message 80
Performance test message 81
Performance test message 82
Performance test message 83
Performance test message 84
Performance test message 85
Performance test message 86
Performance test message 87
Performance test message 88
Performance test message 89
Performance test message 90
Performance test message 91
Performance test message 92
Performance test message 93
Performance test message 94
Performance test message 95
Performance test message 96
Performance test message 97
Performance test message 98
Performance test message 99
Performance test message 100
Performance test message 101
Performance test message 102
Performance test message 103
Performance test message 104
Performance test message 105
Performance test message 106
Performance test message 107
Performance test message 108
Performance test message 109
Performance test message 110
Performance test message 111
Performance test message 112
Performance test message 113
Performance test message 114
Performance test message 115
Performance test message 116
Performance test message 117
Performance test message 118
Performance test message 119
Performance test message 120
Performance test message 121
Performance test message 122
Performance test message 123
Performance test message 124
Performance test message 125
Performance test message 126
Performance test message 127
Performance test message 128
Performance test message 129
Performance test message 130
Performance test message 131
Performance test message 132
Performance test message 133
Performance test message 134
Performance test message 135
Performance test message 136
Performance test message 137
Performance test message 138
Performance test message 139
Performance test message 140
Performance test message 141
Performance test message 142
Performance test message 143
Performance test message 144
Performance test message 145
Performance test message 146
Performance test message 147
Performance test message 148
Performance test message 149
Performance test message 150
Performance test message 151
Performance test message 152
Performance test message 153
Performance test message 154
Performance test message 155
Performance test message 156
Performance test message 157
Performance test message 158
Performance test message 159
Performance test message 160
Performance test message 161
Performance test message 162
Performance test message 163
Performance test message 164
Performance test message 165
Performance test message 166
Performance test message 167
Performance test message 168
Performance test message 169
Performance test message 170
Performance test message 171
Performance test message 172
Performance test message 173
Performance test message 174
Performance test message 175
Performance test message 176
Performance test message 177
Performance test message 178
Performance test message 179
Performance test message 180
Performance test message 181
Performance test message 182
Performance test message 183
Performance test message 184
Performance test message 185
Performance test message 186
Performance test message 187
Performance test message 188
Performance test message 189
Performance test message 190
Performance test message 191
Performance test message 192
Performance test message 193
Performance test message 194
Performance test message 195
Performance test message 196
Performance test message 197
Performance test message 198
Performance test message 199
Performance test message 200
Performance test message 201
Performance test message 202
Performance test message 203
Performance test message 204
Performance test message 205
Performance test message 206
Performance test message 207
Performance test message 208
Performance test message 209
Performance test message 210
Performance test message 211
Performance test message 212
Performance test message 213
Performance test message 214
Performance test message 215
Performance test message 216
Performance test message 217
Performance test message 218
Performance test message 219
Performance test message 220
Performance test message 221
Performance test message 222
Performance test message 223
Performance test message 224
Performance test message 225
Performance test message 226
Performance test message 227
Performance test message 228
Performance test message 229
Performance test message 230
Performance test message 231
Performance test message 232
Performance test message 233
Performance test message 234
Performance test message 235
Performance test message 236
Performance test message 237
Performance test message 238
Performance test message 239
Performance test message 240
Performance test message 241
Performance test message 242
Performance test message 243
Performance test message 244
Performance test message 245
Performance test message 246
Performance test message 247
Performance test message 248
Performance test message 249
Performance test message 250
Performance test message 251
Performance test message 252
Performance test message 253
Performance test message 254
Performance test message 255
Performance test message 256
Performance test message 257
Performance test message 258
Performance test message 259
Performance test message 260
Performance test message 261
Performance test message 262
Performance test message 263
Performance test message 264
Performance test message 265
Performance test message 266
Performance test message 267
Performance test message 268
Performance test message 269
Performance test message 270
Performance test message 271
Performance test message 272
Performance test message 273
Performance test message 274
Performance test message 275
Performance test message 276
Performance test message 277
Performance test message 278
Performance test message 279
Performance test message 280
Performance test message 281
Performance test message 282
Performance test message 283
Performance test message 284
Performance test message 285
Performance test message 286
Performance test message 287
Performance test message 288
Performance test message 289
Performance test message 290
Performance test message 291
Performance test message 292
Performance test message 293
Performance test message 294
Performance test message 295
Performance test message 296
Performance test message 297
Performance test message 298
Performance test message 299
Performance test message 300
Performance test message 301
Performance test message 302
Performance test message 303
Performance test message 304
Performance test message 305
Performance test message 306
Performance test message 307
Performance test message 308
Performance test message 309
Performance test message 310
Performance test message 311
Performance test message 312
Performance test message 313
Performance test message 314
Performance test message 315
Performance test message 316
Performance test message 317
Performance test message 318
Performance test message 319
Performance test message 320
Performance test message 321
Performance test message 322
Performance test message 323
Performance test message 324
Performance test message 325
Performance test message 326
Performance test message 327
Performance test message 328
Performance test message 329
Performance test message 330
Performance test message 331
Performance test message 332
Performance test message 333
Performance test message 334
Performance test message 335
Performance test message 336
Performance test message 337
Performance test message 338
Performance test message 339
Performance test message 340
Performance test message 341
Performance test message 342
Performance test message 343
Performance test message 344
Performance test message 345
Performance test message 346
Performance test message 347
Performance test message 348
Performance test message 349
Performance test message 350
Performance test message 351
Performance test message 352
Performance test message 353
Performance test message 354
Performance test message 355
Performance test message 356
Performance test message 357
Performance test message 358
Performance test message 359
Performance test message 360
Performance test message 361
Performance test message 362
Performance test message 363
Performance test message 364
Performance test message 365
Performance test message 366
Performance test message 367
Performance test message 368
Performance test message 369
Performance test message 370
Performance test message 371
Performance test message 372
Performance test message 373
Performance test message 374
Performance test message 375
Performance test message 376
Performance test message 377
Performance test message 378
Performance test message 379
Performance test message 380
Performance test message 381
Performance test message 382
Performance test message 383
Performance test message 384
Performance test message 385
Performance test message 386
Performance test message 387
Performance test message 388
Performance test message 389
Performance test message 390
Performance test message 391
Performance test message 392
Performance test message 393
Performance test message 394
Performance test message 395
Performance test message 396
Performance test message 397
Performance test message 398
Performance test message 399
Performance test message 400
Performance test message 401
Performance test message 402
Performance test message 403
Performance test message 404
Performance test message 405
Performance test message 406
Performance test message 407
Performance test message 408
Performance test message 409
Performance test message 410
Performance test message 411
Performance test message 412
Performance test message 413
Performance test message 414
Performance test message 415
Performance test message 416
Performance test message 417
Performance test message 418
Performance test message 419
Performance test message 420
Performance test message 421
Performance test message 422
Performance test message 423
Performance test message 424
Performance test message 425
Performance test message 426
Performance test message 427
Performance test message 428
Performance test message 429
Performance test message 430
Performance test message 431
Performance test message 432
Performance test message 433
Performance test message 434
Performance test message 435
Performance test message 436
Performance test message 437
Performance test message 438
Performance test message 439
Performance test message 440
Performance test message 441
Performance test message 442
Performance test message 443
Performance test message 444
Performance test message 445
Performance test message 446
Performance test message 447
Performance test message 448
Performance test message 449
Performance test message 450
Performance test message 451
Performance test message 452
Performance test message 453
Performance test message 454
Performance test message 455
Performance test message 456
Performance test message 457
Performance test message 458
Performance test message 459
Performance test message 460
Performance test message 461
Performance test message 462
Performance test message 463
Performance test message 464
Performance test message 465
Performance test message 466
Performance test message 467
Performance test message 468
Performance test message 469
Performance test message 470
Performance test message 471
Performance test message 472
Performance test message 473
Performance test message 474
Performance test message 475
Performance test message 476
Performance test message 477
Performance test message 478
Performance test message 479
Performance test message 480
Performance test message 481
Performance test message 482
Performance test message 483
Performance test message 484
Performance test message 485
Performance test message 486
Performance test message 487
Performance test message 488
Performance test message 489
Performance test message 490
Performance test message 491
Performance test message 492
Performance test message 493
Performance test message 494
Performance test message 495
Performance test message 496
Performance test message 497
Performance test message 498
Performance test message 499
Performance test message 500
Performance test message 501
Performance test message 502
Performance test message 503
Performance test message 504
Performance test message 505
Performance test message 506
Performance test message 507
Performance test message 508
Performance test message 509
Performance test message 510
Performance test message 511
Performance test message 512
Performance test message 513
Performance test message 514
Performance test message 515
Performance test message 516
Performance test message 517
Performance test message 518
Performance test message 519
Performance test message 520
Performance test message 521
Performance test message 522
Performance test message 523
Performance test message 524
Performance test message 525
Performance test message 526
Performance test message 527
Performance test message 528
Performance test message 529
Performance test message 530
Performance test message 531
Performance test message 532
Performance test message 533
Performance test message 534
Performance test message 535
Performance test message 536
Performance test message 537
Performance test message 538
Performance test message 539
Performance test message 540
Performance test message 541
Performance test message 542
Performance test message 543
Performance test message 544
Performance test message 545
Performance test message 546
Performance test message 547
Performance test message 548
Performance test message 549
Performance test message 550
Performance test message 551
Performance test message 552
Performance test message 553
Performance test message 554
Performance test message 555
Performance test message 556
Performance test message 557
Performance test message 558
Performance test message 559
Performance test message 560
Performance test message 561
Performance test message 562
Performance test message 563
Performance test message 564
Performance test message 565
Performance test message 566
Performance test message 567
Performance test message 568
Performance test message 569
Performance test message 570
Performance test message 571
Performance test message 572
Performance test message 573
Performance test message 574
Performance test message 575
Performance test message 576
Performance test message 577
Performance test message 578
Performance test message 579
Performance test message 580
Performance test message 581
Performance test message 582
Performance test message 583
Performance test message 584
Performance test message 585
Performance test message 586
Performance test message 587
Performance test message 588
Performance test message 589
Performance test message 590
Performance test message 591
Performance test message 592
Performance test message 593
Performance test message 594
Performance test message 595
Performance test message 596
Performance test message 597
Performance test message 598
Performance test message 599
Performance test message 600
Performance test message 601
Performance test message 602
Performance test message 603
Performance test message 604
Performance test message 605
Performance test message 606
Performance test message 607
Performance test message 608
Performance test message 609
Performance test message 610
Performance test message 611
Performance test message 612
Performance test message 613
Performance test message 614
Performance test message 615
Performance test message 616
Performance test message 617
Performance test message 618
Performance test message 619
Performance test message 620
Performance test message 621
Performance test message 622
Performance test message 623
Performance test message 624
Performance test message 625
Performance test message 626
Performance test message 627
Performance test message 628
Performance test message 629
Performance test message 630
Performance test message 631
Performance test message 632
Performance test message 633
Performance test message 634
Performance test message 635
Performance test message 636
Performance test message 637
Performance test message 638
Performance test message 639
Performance test message 640
Performance test message 641
Performance test message 642
Performance test message 643
Performance test message 644
Performance test message 645
Performance test message 646
Performance test message 647
Performance test message 648
Performance test message 649
Performance test message 650
Performance test message 651
Performance test message 652
Performance test message 653
Performance test message 654
Performance test message 655
Performance test message 656
Performance test message 657
Performance test message 658
Performance test message 659
Performance test message 660
Performance test message 661
Performance test message 662
Performance test message 663
Performance test message 664
Performance test message 665
Performance test message 666
Performance test message 667
Performance test message 668
Performance test message 669
Performance test message 670
Performance test message 671
Performance test message 672
Performance test message 673
Performance test message 674
Performance test message 675
Performance test message 676
Performance test message 677
Performance test message 678
Performance test message 679
Performance test message 680
Performance test message 681
Performance test message 682
Performance test message 683
Performance test message 684
Performance test message 685
Performance test message 686
Performance test message 687
Performance test message 688
Performance test message 689
Performance test message 690
Performance test message 691
Performance test message 692
Performance test message 693
Performance test message 694
Performance test message 695
Performance test message 696
Performance test message 697
Performance test message 698
Performance test message 699
Performance test message 700
Performance test message 701
Performance test message 702
Performance test message 703
Performance test message 704
Performance test message 705
Performance test message 706
Performance test message 707
Performance test message 708
Performance test message 709
Performance test message 710
Performance test message 711
Performance test message 712
Performance test message 713
Performance test message 714
Performance test message 715
Performance test message 716
Performance test message 717
Performance test message 718
Performance test message 719
Performance test message 720
Performance test message 721
Performance test message 722
Performance test message 723
Performance test message 724
Performance test message 725
Performance test message 726
Performance test message 727
Performance test message 728
Performance test message 729
Performance test message 730
Performance test message 731
Performance test message 732
Performance test message 733
Performance test message 734
Performance test message 735
Performance test message 736
Performance test message 737
Performance test message 738
Performance test message 739
Performance test message 740
Performance test message 741
Performance test message 742
Performance test message 743
Performance test message 744
Performance test message 745
Performance test message 746
Performance test message 747
Performance test message 748
Performance test message 749
Performance test message 750
Performance test message 751
Performance test message 752
Performance test message 753
Performance test message 754
Performance test message 755
Performance test message 756
Performance test message 757
Performance test message 758
Performance test message 759
Performance test message 760
Performance test message 761
Performance test message 762
Performance test message 763
Performance test message 764
Performance test message 765
Performance test message 766
Performance test message 767
Performance test message 768
Performance test message 769
Performance test message 770
Performance test message 771
Performance test message 772
Performance test message 773
Performance test message 774
Performance test message 775
Performance test message 776
Performance test message 777
Performance test message 778
Performance test message 779
Performance test message 780
Performance test message 781
Performance test message 782
Performance test message 783
Performance test message 784
Performance test message 785
Performance test message 786
Performance test message 787
Performance test message 788
Performance test message 789
Performance test message 790
Performance test message 791
Performance test message 792
Performance test message 793
Performance test message 794
Performance test message 795
Performance test message 796
Performance test message 797
Performance test message 798
Performance test message 799
Performance test message 800
Performance test message 801
Performance test message 802
Performance test message 803
Performance test message 804
Performance test message 805
Performance test message 806
Performance test message 807
Performance test message 808
Performance test message 809
Performance test message 810
Performance test message 811
Performance test message 812
Performance test message 813
Performance test message 814
Performance test message 815
Performance test message 816
Performance test message 817
Performance test message 818
Performance test message 819
Performance test message 820
Performance test message 821
Performance test message 822
Performance test message 823
Performance test message 824
Performance test message 825
Performance test message 826
Performance test message 827
Performance test message 828
Performance test message 829
Performance test message 830
Performance test message 831
Performance test message 832
Performance test message 833
Performance test message 834
Performance test message 835
Performance test message 836
Performance test message 837
Performance test message 838
Performance test message 839
Performance test message 840
Performance test message 841
Performance test message 842
Performance test message 843
Performance test message 844
Performance test message 845
Performance test message 846
Performance test message 847
Performance test message 848
Performance test message 849
Performance test message 850
Performance test message 851
Performance test message 852
Performance test message 853
Performance test message 854
Performance test message 855
Performance test message 856
Performance test message 857
Performance test message 858
Performance test message 859
Performance test message 860
Performance test message 861
Performance test message 862
Performance test message 863
Performance test message 864
Performance test message 865
Performance test message 866
Performance test message 867
Performance test message 868
Performance test message 869
Performance test message 870
Performance test message 871
Performance test message 872
Performance test message 873
Performance test message 874
Performance test message 875
Performance test message 876
Performance test message 877
Performance test message 878
Performance test message 879
Performance test message 880
Performance test message 881
Performance test message 882
Performance test message 883
Performance test message 884
Performance test message 885
Performance test message 886
Performance test message 887
Performance test message 888
Performance test message 889
Performance test message 890
Performance test message 891
Performance test message 892
Performance test message 893
Performance test message 894
Performance test message 895
Performance test message 896
Performance test message 897
Performance test message 898
Performance test message 899
Performance test message 900
Performance test message 901
Performance test message 902
Performance test message 903
Performance test message 904
Performance test message 905
Performance test message 906
Performance test message 907
Performance test message 908
Performance test message 909
Performance test message 910
Performance test message 911
Performance test message 912
Performance test message 913
Performance test message 914
Performance test message 915
Performance test message 916
Performance test message 917
Performance test message 918
Performance test message 919
Performance test message 920
Performance test message 921
Performance test message 922
Performance test message 923
Performance test message 924
Performance test message 925
Performance test message 926
Performance test message 927
Performance test message 928
Performance test message 929
Performance test message 930
Performance test message 931
Performance test message 932
Performance test message 933
Performance test message 934
Performance test message 935
Performance test message 936
Performance test message 937
Performance test message 938
Performance test message 939
Performance test message 940
Performance test message 941
Performance test message 942
Performance test message 943
Performance test message 944
Performance test message 945
Performance test message 946
Performance test message 947
Performance test message 948
Performance test message 949
Performance test message 950
Performance test message 951
Performance test message 952
Performance test message 953
Performance test message 954
Performance test message 955
Performance test message 956
Performance test message 957
Performance test message 958
Performance test message 959
Performance test message 960
Performance test message 961
Performance test message 962
Performance test message 963
Performance test message 964
Performance test message 965
Performance test message 966
Performance test message 967
Performance test message 968
Performance test message 969
Performance test message 970
Performance test message 971
Performance test message 972
Performance test message 973
Performance test message 974
Performance test message 975
Performance test message 976
Performance test message 977
Performance test message 978
Performance test message 979
Performance test message 980
Performance test message 981
Performance test message 982
Performance test message 983
Performance test message 984
Performance test message 985
Performance test message 986
Performance test message 987
Performance test message 988
Performance test message 989
Performance test message 990
Performance test message 991
Performance test message 992
Performance test message 993
Performance test message 994
Performance test message 995
Performance test message 996
Performance test message 997
Performance test message 998
Performance test message 999
Performance test message 1000
Performance test message 1001
Performance test message 1002
Performance test message 1003
Performance test message 1004
Performance test message 1005
Performance test message 1006
Performance test message 1007
Performance test message 1008
Performance test message 1009
Performance test message 1010
Performance test message 1011
Performance test message 1012
Performance test message 1013
Performance test message 1014
Performance test message 1015
Performance test message 1016
Performance test message 1017
Performance test message 1018
Performance test message 1019
Performance test message 1020
Performance test message 1021
Performance test message 1022
Performance test message 1023
Performance test message 1024
Performance test message 1025
Performance test message 1026
Performance test message 1027
Performance test message 1028
Performance test message 1029
Performance test message 1030
Performance test message 1031
Performance test message 1032
Performance test message 1033
Performance test message 1034
Performance test message 1035
Performance test message 1036
Performance test message 1037
Performance test message 1038
Performance test message 1039
Performance test message 1040
Performance test message 1041
Performance test message 1042
Performance test message 1043
Performance test message 1044
Performance test message 1045
Performance test message 1046
Performance test message 1047
Performance test message 1048
Performance test message 1049
Performance test message 1050
Performance test message 1051
Performance test message 1052
Performance test message 1053
Performance test message 1054
Performance test message 1055
Performance test message 1056
Performance test message 1057
Performance test message 1058
Performance test message 1059
Performance test message 1060
Performance test message 1061
Performance test message 1062
Performance test message 1063
Performance test message 1064
Performance test message 1065
Performance test message 1066
Performance test message 1067
Performance test message 1068
Performance test message 1069
Performance test message 1070
Performance test message 1071
Performance test message 1072
Performance test message 1073
Performance test message 1074
Performance test message 1075
Performance test message 1076
Performance test message 1077
Performance test message 1078
Performance test message 1079
Performance test message 1080
Performance test message 1081
Performance test message 1082
Performance test message 1083
Performance test message 1084
Performance test message 1085
Performance test message 1086
Performance test message 1087
Performance test message 1088
Performance test message 1089
Performance test message 1090
Performance test message 1091
Performance test message 1092
Performance test message 1093
Performance test message 1094
Performance test message 1095
Performance test message 1096
Performance test message 1097
Performance test message 1098
Performance test message 1099
Performance test message 1100
Performance test message 1101
Performance test message 1102
Performance test message 1103
Performance test message 1104
Performance test message 1105
Performance test message 1106
Performance test message 1107
Performance test message 1108
Performance test message 1109
Performance test message 1110
Performance test message 1111
Performance test message 1112
Performance test message 1113
Performance test message 1114
Performance test message 1115
Performance test message 1116
Performance test message 1117
Performance test message 1118
Performance test message 1119
Performance test message 1120
Performance test message 1121
Performance test message 1122
Performance test message 1123
Performance test message 1124
Performance test message 1125
Performance test message 1126
Performance test message 1127
Performance test message 1128
Performance test message 1129
Performance test message 1130
Performance test message 1131
Performance test message 1132
Performance test message 1133
Performance test message 1134
Performance test message 1135
Performance test message 1136
Performance test message 1137
Performance test message 1138
Performance test message 1139
Performance test message 1140
Performance test message 1141
Performance test message 1142
Performance test message 1143
Performance test message 1144
Performance test message 1145
Performance test message 1146
Performance test message 1147
Performance test message 1148
Performance test message 1149
Performance test message 1150
Performance test message 1151
Performance test message 1152
Performance test message 1153
Performance test message 1154
Performance test message 1155
Performance test message 1156
Performance test message 1157
Performance test message 1158
Performance test message 1159
Performance test message 1160
Performance test message 1161
Performance test message 1162
Performance test message 1163
Performance test message 1164
Performance test message 1165
Performance test message 1166
Performance test message 1167
Performance test message 1168
Performance test message 1169
Performance test message 1170
Performance test message 1171
Performance test message 1172
Performance test message 1173
Performance test message 1174
Performance test message 1175
Performance test message 1176
Performance test message 1177
Performance test message 1178
Performance test message 1179
Performance test message 1180
Performance test message 1181
Performance test message 1182
Performance test message 1183
Performance test message 1184
Performance test message 1185
Performance test message 1186
Performance test message 1187
Performance test message 1188
Performance test message 1189
Performance test message 1190
Performance test message 1191
Performance test message 1192
Performance test message 1193
Performance test message 1194
Performance test message 1195
Performance test message 1196
Performance test message 1197
Performance test message 1198
Performance test message 1199
Performance test message 1200
Performance test message 1201
Performance test message 1202
Performance test message 1203
Performance test message 1204
Performance test message 1205
Performance test message 1206
Performance test message 1207
Performance test message 1208
Performance test message 1209
Performance test message 1210
Performance test message 1211
Performance test message 1212
Performance test message 1213
Performance test message 1214
Performance test message 1215
Performance test message 1216
Performance test message 1217
Performance test message 1218
Performance test message 1219
Performance test message 1220
Performance test message 1221
Performance test message 1222
Performance test message 1223
Performance test message 1224
Performance test message 1225
Performance test message 1226
Performance test message 1227
Performance test message 1228
Performance test message 1229
Performance test message 1230
Performance test message 1231
Performance test message 1232
Performance test message 1233
Performance test message 1234
Performance test message 1235
Performance test message 1236
Performance test message 1237
Performance test message 1238
Performance test message 1239
Performance test message 1240
Performance test message 1241
Performance test message 1242
Performance test message 1243
Performance test message 1244
Performance test message 1245
Performance test message 1246
Performance test message 1247
Performance test message 1248
Performance test message 1249
Performance test message 1250
Performance test message 1251
Performance test message 1252
Performance test message 1253
Performance test message 1254
Performance test message 1255
Performance test message 1256
Performance test message 1257
Performance test message 1258
Performance test message 1259
Performance test message 1260
Performance test message 1261
Performance test message 1262
Performance test message 1263
Performance test message 1264
Performance test message 1265
Performance test message 1266
Performance test message 1267
Performance test message 1268
Performance test message 1269
Performance test message 1270
Performance test message 1271
Performance test message 1272
Performance test message 1273
Performance test message 1274
Performance test message 1275
Performance test message 1276
Performance test message 1277
Performance test message 1278
Performance test message 1279
Performance test message 1280
Performance test message 1281
Performance test message 1282
Performance test message 1283
Performance test message 1284
Performance test message 1285
Performance test message 1286
Performance test message 1287
Performance test message 1288
Performance test message 1289
Performance test message 1290
Performance test message 1291
Performance test message 1292
Performance test message 1293
Performance test message 1294
Performance test message 1295
Performance test message 1296
Performance test message 1297
Performance test message 1298
Performance test message 1299
Performance test message 1300
Performance test message 1301
Performance test message 1302
Performance test message 1303
Performance test message 1304
Performance test message 1305
Performance test message 1306
Performance test message 1307
Performance test message 1308
Performance test message 1309
Performance test message 1310
Performance test message 1311
Performance test message 1312
Performance test message 1313
Performance test message 1314
Performance test message 1315
Performance test message 1316
Performance test message 1317
Performance test message 1318
Performance test message 1319
Performance test message 1320
Performance test message 1321
Performance test message 1322
Performance test message 1323
Performance test message 1324
Performance test message 1325
Performance test message 1326
Performance test message 1327
Performance test message 1328
Performance test message 1329
Performance test message 1330
Performance test message 1331
Performance test message 1332
Performance test message 1333
Performance test message 1334
Performance test message 1335
Performance test message 1336
Performance test message 1337
Performance test message 1338
Performance test message 1339
Performance test message 1340
Performance test message 1341
Performance test message 1342
Performance test message 1343
Performance test message 1344
Performance test message 1345
Performance test message 1346
Performance test message 1347
Performance test message 1348
Performance test message 1349
Performance test message 1350
Performance test message 1351
Performance test message 1352
Performance test message 1353
Performance test message 1354
Performance test message 1355
Performance test message 1356
Performance test message 1357
Performance test message 1358
Performance test message 1359
Performance test message 1360
Performance test message 1361
Performance test message 1362
Performance test message 1363
Performance test message 1364
Performance test message 1365
Performance test message 1366
Performance test message 1367
Performance test message 1368
Performance test message 1369
Performance test message 1370
Performance test message 1371
Performance test message 1372
Performance test message 1373
Performance test message 1374
Performance test message 1375
Performance test message 1376
Performance test message 1377
Performance test message 1378
Performance test message 1379
Performance test message 1380
Performance test message 1381
Performance test message 1382
Performance test message 1383
Performance test message 1384
Performance test message 1385
Performance test message 1386
Performance test message 1387
Performance test message 1388
Performance test message 1389
Performance test message 1390
Performance test message 1391
Performance test message 1392
Performance test message 1393
Performance test message 1394
Performance test message 1395
Performance test message 1396
Performance test message 1397
Performance test message 1398
Performance test message 1399
Performance test message 1400
Performance test message 1401
Performance test message 1402
Performance test message 1403
Performance test message 1404
Performance test message 1405
Performance test message 1406
Performance test message 1407
Performance test message 1408
Performance test message 1409
Performance test message 1410
Performance test message 1411
Performance test message 1412
Performance test message 1413
Performance test message 1414
Performance test message 1415
Performance test message 1416
Performance test message 1417
Performance test message 1418
Performance test message 1419
Performance test message 1420
Performance test message 1421
Performance test message 1422
Performance test message 1423
Performance test message 1424
Performance test message 1425
Performance test message 1426
Performance test message 1427
Performance test message 1428
Performance test message 1429
Performance test message 1430
Performance test message 1431
Performance test message 1432
Performance test message 1433
Performance test message 1434
Performance test message 1435
Performance test message 1436
Performance test message 1437
Performance test message 1438
Performance test message 1439
Performance test message 1440
Performance test message 1441
Performance test message 1442
Performance test message 1443
Performance test message 1444
Performance test message 1445
Performance test message 1446
Performance test message 1447
Performance test message 1448
Performance test message 1449
Performance test message 1450
Performance test message 1451
Performance test message 1452
Performance test message 1453
Performance test message 1454
Performance test message 1455
Performance test message 1456
Performance test message 1457
Performance test message 1458
Performance test message 1459
Performance test message 1460
Performance test message 1461
Performance test message 1462
Performance test message 1463
Performance test message 1464
Performance test message 1465
Performance test message 1466
Performance test message 1467
Performance test message 1468
Performance test message 1469
Performance test message 1470
Performance test message 1471
Performance test message 1472
Performance test message 1473
Performance test message 1474
Performance test message 1475
Performance test message 1476
Performance test message 1477
Performance test message 1478
Performance test message 1479
Performance test message 1480
Performance test message 1481
Performance test message 1482
Performance test message 1483
Performance test message 1484
Performance test message 1485
Performance test message 1486
Performance test message 1487
Performance test message 1488
Performance test message 1489
Performance test message 1490
Performance test message 1491
Performance test message 1492
Performance test message 1493
Performance test message 1494
Performance test message 1495
Performance test message 1496
Performance test message 1497
Performance test message 1498
Performance test message 1499
Performance test message 1500
Performance test message 1501
Performance test message 1502
Performance test message 1503
Performance test message 1504
Performance test message 1505
Performance test message 1506
Performance test message 1507
Performance test message 1508
Performance test message 1509
Performance test message 1510
Performance test message 1511
Performance test message 1512
Performance test message 1513
Performance test message 1514
Performance test message 1515
Performance test message 1516
Performance test message 1517
Performance test message 1518
Performance test message 1519
Performance test message 1520
Performance test message 1521
Performance test message 1522
Performance test message 1523
Performance test message 1524
Performance test message 1525
Performance test message 1526
Performance test message 1527
Performance test message 1528
Performance test message 1529
Performance test message 1530
Performance test message 1531
Performance test message 1532
Performance test message 1533
Performance test message 1534
Performance test message 1535
Performance test message 1536
Performance test message 1537
Performance test message 1538
Performance test message 1539
Performance test message 1540
Performance test message 1541
Performance test message 1542
Performance test message 1543
Performance test message 1544
Performance test message 1545
Performance test message 1546
Performance test message 1547
Performance test message 1548
Performance test message 1549
Performance test message 1550
Performance test message 1551
Performance test message 1552
Performance test message 1553
Performance test message 1554
Performance test message 1555
Performance test message 1556
Performance test message 1557
Performance test message 1558
Performance test message 1559
Performance test message 1560
Performance test message 1561
Performance test message 1562
Performance test message 1563
Performance test message 1564
Performance test message 1565
Performance test message 1566
Performance test message 1567
Performance test message 1568
Performance test message 1569
Performance test message 1570
Performance test message 1571
Performance test message 1572
Performance test message 1573
Performance test message 1574
Performance test message 1575
Performance test message 1576
Performance test message 1577
Performance test message 1578
Performance test message 1579
Performance test message 1580
Performance test message 1581
Performance test message 1582
Performance test message 1583
Performance test message 1584
Performance test message 1585
Performance test message 1586
Performance test message 1587
Performance test message 1588
Performance test message 1589
Performance test message 1590
Performance test message 1591
Performance test message 1592
Performance test message 1593
Performance test message 1594
Performance test message 1595
Performance test message 1596
Performance test message 1597
Performance test message 1598
Performance test message 1599
Performance test message 1600
Performance test message 1601
Performance test message 1602
Performance test message 1603
Performance test message 1604
Performance test message 1605
Performance test message 1606
Performance test message 1607
Performance test message 1608
Performance test message 1609
Performance test message 1610
Performance test message 1611
Performance test message 1612
Performance test message 1613
Performance test message 1614
Performance test message 1615
Performance test message 1616
Performance test message 1617
Performance test message 1618
Performance test message 1619
Performance test message 1620
Performance test message 1621
Performance test message 1622
Performance test message 1623
Performance test message 1624
Performance test message 1625
Performance test message 1626
Performance test message 1627
Performance test message 1628
Performance test message 1629
Performance test message 1630
Performance test message 1631
Performance test message 1632
Performance test message 1633
Performance test message 1634
Performance test message 1635
Performance test message 1636
Performance test message 1637
Performance test message 1638
Performance test message 1639
Performance test message 1640
Performance test message 1641
Performance test message 1642
Performance test message 1643
Performance test message 1644
Performance test message 1645
Performance test message 1646
Performance test message 1647
Performance test message 1648
Performance test message 1649
Performance test message 1650
Performance test message 1651
Performance test message 1652
Performance test message 1653
Performance test message 1654
Performance test message 1655
Performance test message 1656
Performance test message 1657
Performance test message 1658
Performance test message 1659
Performance test message 1660
Performance test message 1661
Performance test message 1662
Performance test message 1663
Performance test message 1664
Performance test message 1665
Performance test message 1666
Performance test message 1667
Performance test message 1668
Performance test message 1669
Performance test message 1670
Performance test message 1671
Performance test message 1672
Performance test message 1673
Performance test message 1674
Performance test message 1675
Performance test message 1676
Performance test message 1677
Performance test message 1678
Performance test message 1679
Performance test message 1680
Performance test message 1681
Performance test message 1682
Performance test message 1683
Performance test message 1684
Performance test message 1685
Performance test message 1686
Performance test message 1687
Performance test message 1688
Performance test message 1689
Performance test message 1690
Performance test message 1691
Performance test message 1692
Performance test message 1693
Performance test message 1694
Performance test message 1695
Performance test message 1696
Performance test message 1697
Performance test message 1698
Performance test message 1699
Performance test message 1700
Performance test message 1701
Performance test message 1702
Performance test message 1703
Performance test message 1704
Performance test message 1705
Performance test message 1706
Performance test message 1707
Performance test message 1708
Performance test message 1709
Performance test message 1710
Performance test message 1711
Performance test message 1712
Performance test message 1713
Performance test message 1714
Performance test message 1715
Performance test message 1716
Performance test message 1717
Performance test message 1718
Performance test message 1719
Performance test message 1720
Performance test message 1721
Performance test message 1722
Performance test message 1723
Performance test message 1724
Performance test message 1725
Performance test message 1726
Performance test message 1727
Performance test message 1728
Performance test message 1729
Performance test message 1730
Performance test message 1731
Performance test message 1732
Performance test message 1733
Performance test message 1734
Performance test message 1735
Performance test message 1736
Performance test message 1737
Performance test message 1738
Performance test message 1739
Performance test message 1740
Performance test message 1741
Performance test message 1742
Performance test message 1743
Performance test message 1744
Performance test message 1745
Performance test message 1746
Performance test message 1747
Performance test message 1748
Performance test message 1749
Performance test message 1750
Performance test message 1751
Performance test message 1752
Performance test message 1753
Performance test message 1754
Performance test message 1755
Performance test message 1756
Performance test message 1757
Performance test message 1758
Performance test message 1759
Performance test message 1760
Performance test message 1761
Performance test message 1762
Performance test message 1763
Performance test message 1764
Performance test message 1765
Performance test message 1766
Performance test message 1767
Performance test message 1768
Performance test message 1769
Performance test message 1770
Performance test message 1771
Performance test message 1772
Performance test message 1773
Performance test message 1774
Performance test message 1775
Performance test message 1776
Performance test message 1777
Performance test message 1778
Performance test message 1779
Performance test message 1780
Performance test message 1781
Performance test message 1782
Performance test message 1783
Performance test message 1784
Performance test message 1785
Performance test message 1786
Performance test message 1787
Performance test message 1788
Performance test message 1789
Performance test message 1790
Performance test message 1791
Performance test message 1792
Performance test message 1793
Performance test message 1794
Performance test message 1795
Performance test message 1796
Performance test message 1797
Performance test message 1798
Performance test message 1799
Performance test message 1800
Performance test message 1801
Performance test message 1802
Performance test message 1803
Performance test message 1804
Performance test message 1805
Performance test message 1806
Performance test message 1807
Performance test message 1808
Performance test message 1809
Performance test message 1810
Performance test message 1811
Performance test message 1812
Performance test message 1813
Performance test message 1814
Performance test message 1815
Performance test message 1816
Performance test message 1817
Performance test message 1818
Performance test message 1819
Performance test message 1820
Performance test message 1821
Performance test message 1822
Performance test message 1823
Performance test message 1824
Performance test message 1825
Performance test message 1826
Performance test message 1827
Performance test message 1828
Performance test message 1829
Performance test message 1830
Performance test message 1831
Performance test message 1832
Performance test message 1833
Performance test message 1834
Performance test message 1835
Performance test message 1836
Performance test message 1837
Performance test message 1838
Performance test message 1839
Performance test message 1840
Performance test message 1841
Performance test message 1842
Performance test message 1843
Performance test message 1844
Performance test message 1845
Performance test message 1846
Performance test message 1847
Performance test message 1848
Performance test message 1849
Performance test message 1850
Performance test message 1851
Performance test message 1852
Performance test message 1853
Performance test message 1854
Performance test message 1855
Performance test message 1856
Performance test message 1857
Performance test message 1858
Performance test message 1859
Performance test message 1860
Performance test message 1861
Performance test message 1862
Performance test message 1863
Performance test message 1864
Performance test message 1865
Performance test message 1866
Performance test message 1867
Performance test message 1868
Performance test message 1869
Performance test message 1870
Performance test message 1871
Performance test message 1872
Performance test message 1873
Performance test message 1874
Performance test message 1875
Performance test message 1876
Performance test message 1877
Performance test message 1878
Performance test message 1879
Performance test message 1880
Performance test message 1881
Performance test message 1882
Performance test message 1883
Performance test message 1884
Performance test message 1885
Performance test message 1886
Performance test message 1887
Performance test message 1888
Performance test message 1889
Performance test message 1890
Performance test message 1891
Performance test message 1892
Performance test message 1893
Performance test message 1894
Performance test message 1895
Performance test message 1896
Performance test message 1897
Performance test message 1898
Performance test message 1899
Performance test message 1900
Performance test message 1901
Performance test message 1902
Performance test message 1903
Performance test message 1904
Performance test message 1905
Performance test message 1906
Performance test message 1907
Performance test message 1908
Performance test message 1909
Performance test message 1910
Performance test message 1911
Performance test message 1912
Performance test message 1913
Performance test message 1914
Performance test message 1915
Performance test message 1916
Performance test message 1917
Performance test message 1918
Performance test message 1919
Performance test message 1920
Performance test message 1921
Performance test message 1922
Performance test message 1923
Performance test message 1924
Performance test message 1925
Performance test message 1926
Performance test message 1927
Performance test message 1928
Performance test message 1929
Performance test message 1930
Performance test message 1931
Performance test message 1932
Performance test message 1933
Performance test message 1934
Performance test message 1935
Performance test message 1936
Performance test message 1937
Performance test message 1938
Performance test message 1939
Performance test message 1940
Performance test message 1941
Performance test message 1942
Performance test message 1943
Performance test message 1944
Performance test message 1945
Performance test message 1946
Performance test message 1947
Performance test message 1948
Performance test message 1949
Performance test message 1950
Performance test message 1951
Performance test message 1952
Performance test message 1953
Performance test message 1954
Performance test message 1955
Performance test message 1956
Performance test message 1957
Performance test message 1958
Performance test message 1959
Performance test message 1960
Performance test message 1961
Performance test message 1962
Performance test message 1963
Performance test message 1964
Performance test message 1965
Performance test message 1966
Performance test message 1967
Performance test message 1968
Performance test message 1969
Performance test message 1970
Performance test message 1971
Performance test message 1972
Performance test message 1973
Performance test message 1974
Performance test message 1975
Performance test message 1976
Performance test message 1977
Performance test message 1978
Performance test message 1979
Performance test message 1980
Performance test message 1981
Performance test message 1982
Performance test message 1983
Performance test message 1984
Performance test message 1985
Performance test message 1986
Performance test message 1987
Performance test message 1988
Performance test message 1989
Performance test message 1990
Performance test message 1991
Performance test message 1992
Performance test message 1993
Performance test message 1994
Performance test message 1995
Performance test message 1996
Performance test message 1997
Performance test message 1998
Performance test message 1999
Performance test message 2000
Performance test message 2001
Performance test message 2002
Performance test message 2003
Performance test message 2004
Performance test message 2005
Performance test message 2006
Performance test message 2007
Performance test message 2008
Performance test message 2009
Performance test message 2010
Performance test message 2011
Performance test message 2012
Performance test message 2013
Performance test message 2014
Performance test message 2015
Performance test message 2016
Performance test message 2017
Performance test message 2018
Performance test message 2019
Performance test message 2020
Performance test message 2021
Performance test message 2022
Performance test message 2023
Performance test message 2024
Performance test message 2025
Performance test message 2026
Performance test message 2027
Performance test message 2028
Performance test message 2029
Performance test message 2030
Performance test message 2031
Performance test message 2032
Performance test message 2033
Performance test message 2034
Performance test message 2035
Performance test message 2036
Performance test message 2037
Performance test message 2038
Performance test message 2039
Performance test message 2040
Performance test message 2041
Performance test message 2042
Performance test message 2043
Performance test message 2044
Performance test message 2045
Performance test message 2046
Performance test message 2047
Performance test message 2048
Performance test message 2049
Performance test message 2050
Performance test message 2051
Performance test message 2052
Performance test message 2053
Performance test message 2054
Performance test message 2055
Performance test message 2056
Performance test message 2057
Performance test message 2058
Performance test message 2059
Performance test message 2060
Performance test message 2061
Performance test message 2062
Performance test message 2063
Performance test message 2064
Performance test message 2065
Performance test message 2066
Performance test message 2067
Performance test message 2068
Performance test message 2069
Performance test message 2070
Performance test message 2071
Performance test message 2072
Performance test message 2073
Performance test message 2074
Performance test message 2075
Performance test message 2076
Performance test message 2077
Performance test message 2078
Performance test message 2079
Performance test message 2080
Performance test message 2081
Performance test message 2082
Performance test message 2083
Performance test message 2084
Performance test message 2085
Performance test message 2086
Performance test message 2087
Performance test message 2088
Performance test message 2089
Performance test message 2090
Performance test message 2091
Performance test message 2092
Performance test message 2093
Performance test message 2094
Performance test message 2095
Performance test message 2096
Performance test message 2097
Performance test message 2098
Performance test message 2099
Performance test message 2100
Performance test message 2101
Performance test message 2102
Performance test message 2103
Performance test message 2104
Performance test message 2105
Performance test message 2106
Performance test message 2107
Performance test message 2108
Performance test message 2109
Performance test message 2110
Performance test message 2111
Performance test message 2112
Performance test message 2113
Performance test message 2114
Performance test message 2115
Performance test message 2116
Performance test message 2117
Performance test message 2118
Performance test message 2119
Performance test message 2120
Performance test message 2121
Performance test message 2122
Performance test message 2123
Performance test message 2124
Performance test message 2125
Performance test message 2126
Performance test message 2127
Performance test message 2128
Performance test message 2129
Performance test message 2130
Performance test message 2131
Performance test message 2132
Performance test message 2133
Performance test message 2134
Performance test message 2135
Performance test message 2136
Performance test message 2137
Performance test message 2138
Performance test message 2139
Performance test message 2140
Performance test message 2141
Performance test message 2142
Performance test message 2143
Performance test message 2144
Performance test message 2145
Performance test message 2146
Performance test message 2147
Performance test message 2148
Performance test message 2149
Performance test message 2150
Performance test message 2151
Performance test message 2152
Performance test message 2153
Performance test message 2154
Performance test message 2155
Performance test message 2156
Performance test message 2157
Performance test message 2158
Performance test message 2159
Performance test message 2160
Performance test message 2161
Performance test message 2162
Performance test message 2163
Performance test message 2164
Performance test message 2165
Performance test message 2166
Performance test message 2167
Performance test message 2168
Performance test message 2169
Performance test message 2170
Performance test message 2171
Performance test message 2172
Performance test message 2173
Performance test message 2174
Performance test message 2175
Performance test message 2176
Performance test message 2177
Performance test message 2178
Performance test message 2179
Performance test message 2180
Performance test message 2181
Performance test message 2182
Performance test message 2183
Performance test message 2184
Performance test message 2185
Performance test message 2186
Performance test message 2187
Performance test message 2188
Performance test message 2189
Performance test message 2190
Performance test message 2191
Performance test message 2192
Performance test message 2193
Performance test message 2194
Performance test message 2195
Performance test message 2196
Performance test message 2197
Performance test message 2198
Performance test message 2199
Performance test message 2200
Performance test message 2201
Performance test message 2202
Performance test message 2203
Performance test message 2204
Performance test message 2205
Performance test message 2206
Performance test message 2207
Performance test message 2208
Performance test message 2209
Performance test message 2210
Performance test message 2211
Performance test message 2212
Performance test message 2213
Performance test message 2214
Performance test message 2215
Performance test message 2216
Performance test message 2217
Performance test message 2218
Performance test message 2219
Performance test message 2220
Performance test message 2221
Performance test message 2222
Performance test message 2223
Performance test message 2224
Performance test message 2225
Performance test message 2226
Performance test message 2227
Performance test message 2228
Performance test message 2229
Performance test message 2230
Performance test message 2231
Performance test message 2232
Performance test message 2233
Performance test message 2234
Performance test message 2235
Performance test message 2236
Performance test message 2237
Performance test message 2238
Performance test message 2239
Performance test message 2240
Performance test message 2241
Performance test message 2242
Performance test message 2243
Performance test message 2244
Performance test message 2245
Performance test message 2246
Performance test message 2247
Performance test message 2248
Performance test message 2249
Performance test message 2250
Performance test message 2251
Performance test message 2252
Performance test message 2253
Performance test message 2254
Performance test message 2255
Performance test message 2256
Performance test message 2257
Performance test message 2258
Performance test message 2259
Performance test message 2260
Performance test message 2261
Performance test message 2262
Performance test message 2263
Performance test message 2264
Performance test message 2265
Performance test message 2266
Performance test message 2267
Performance test message 2268
Performance test message 2269
Performance test message 2270
Performance test message 2271
Performance test message 2272
Performance test message 2273
Performance test message 2274
Performance test message 2275
Performance test message 2276
Performance test message 2277
Performance test message 2278
Performance test message 2279
Performance test message 2280
Performance test message 2281
Performance test message 2282
Performance test message 2283
Performance test message 2284
Performance test message 2285
Performance test message 2286
Performance test message 2287
Performance test message 2288
Performance test message 2289
Performance test message 2290
Performance test message 2291
Performance test message 2292
Performance test message 2293
Performance test message 2294
Performance test message 2295
Performance test message 2296
Performance test message 2297
Performance test message 2298
Performance test message 2299
Performance test message 2300
Performance test message 2301
Performance test message 2302
Performance test message 2303
Performance test message 2304
Performance test message 2305
Performance test message 2306
Performance test message 2307
Performance test message 2308
Performance test message 2309
Performance test message 2310
Performance test message 2311
Performance test message 2312
Performance test message 2313
Performance test message 2314
Performance test message 2315
Performance test message 2316
Performance test message 2317
Performance test message 2318
Performance test message 2319
Performance test message 2320
Performance test message 2321
Performance test message 2322
Performance test message 2323
Performance test message 2324
Performance test message 2325
Performance test message 2326
Performance test message 2327
Performance test message 2328
Performance test message 2329
Performance test message 2330
Performance test message 2331
Performance test message 2332
Performance test message 2333
Performance test message 2334
Performance test message 2335
Performance test message 2336
Performance test message 2337
Performance test message 2338
Performance test message 2339
Performance test message 2340
Performance test message 2341
Performance test message 2342
Performance test message 2343
Performance test message 2344
Performance test message 2345
Performance test message 2346
Performance test message 2347
Performance test message 2348
Performance test message 2349
Performance test message 2350
Performance test message 2351
Performance test message 2352
Performance test message 2353
Performance test message 2354
Performance test message 2355
Performance test message 2356
Performance test message 2357
Performance test message 2358
Performance test message 2359
Performance test message 2360
Performance test message 2361
Performance test message 2362
Performance test message 2363
Performance test message 2364
Performance test message 2365
Performance test message 2366
Performance test message 2367
Performance test message 2368
Performance test message 2369
Performance test message 2370
Performance test message 2371
Performance test message 2372
Performance test message 2373
Performance test message 2374
Performance test message 2375
Performance test message 2376
Performance test message 2377
Performance test message 2378
Performance test message 2379
Performance test message 2380
Performance test message 2381
Performance test message 2382
Performance test message 2383
Performance test message 2384
Performance test message 2385
Performance test message 2386
Performance test message 2387
Performance test message 2388
Performance test message 2389
Performance test message 2390
Performance test message 2391
Performance test message 2392
Performance test message 2393
Performance test message 2394
Performance test message 2395
Performance test message 2396
Performance test message 2397
Performance test message 2398
Performance test message 2399
Performance test message 2400
Performance test message 2401
Performance test message 2402
Performance test message 2403
Performance test message 2404
Performance test message 2405
Performance test message 2406
Performance test message 2407
Performance test message 2408
Performance test message 2409
Performance test message 2410
Performance test message 2411
Performance test message 2412
Performance test message 2413
Performance test message 2414
Performance test message 2415
Performance test message 2416
Performance test message 2417
Performance test message 2418
Performance test message 2419
Performance test message 2420
Performance test message 2421
Performance test message 2422
Performance test message 2423
Performance test message 2424
Performance test message 2425
Performance test message 2426
Performance test message 2427
Performance test message 2428
Performance test message 2429
Performance test message 2430
Performance test message 2431
Performance test message 2432
Performance test message 2433
Performance test message 2434
Performance test message 2435
Performance test message 2436
Performance test message 2437
Performance test message 2438
Performance test message 2439
Performance test message 2440
Performance test message 2441
Performance test message 2442
Performance test message 2443
Performance test message 2444
Performance test message 2445
Performance test message 2446
Performance test message 2447
Performance test message 2448
Performance test message 2449
Performance test message 2450
Performance test message 2451
Performance test message 2452
Performance test message 2453
Performance test message 2454
Performance test message 2455
Performance test message 2456
Performance test message 2457
Performance test message 2458
Performance test message 2459
Performance test message 2460
Performance test message 2461
Performance test message 2462
Performance test message 2463
Performance test message 2464
Performance test message 2465
Performance test message 2466
Performance test message 2467
Performance test message 2468
Performance test message 2469
Performance test message 2470
Performance test message 2471
Performance test message 2472
Performance test message 2473
Performance test message 2474
Performance test message 2475
Performance test message 2476
Performance test message 2477
Performance test message 2478
Performance test message 2479
Performance test message 2480
Performance test message 2481
Performance test message 2482
Performance test message 2483
Performance test message 2484
Performance test message 2485
Performance test message 2486
Performance test message 2487
Performance test message 2488
Performance test message 2489
Performance test message 2490
Performance test message 2491
Performance test message 2492
Performance test message 2493
Performance test message 2494
Performance test message 2495
Performance test message 2496
Performance test message 2497
Performance test message 2498
Performance test message 2499
Performance test message 2500
Performance test message 2501
Performance test message 2502
Performance test message 2503
Performance test message 2504
Performance test message 2505
Performance test message 2506
Performance test message 2507
Performance test message 2508
Performance test message 2509
Performance test message 2510
Performance test message 2511
Performance test message 2512
Performance test message 2513
Performance test message 2514
Performance test message 2515
Performance test message 2516
Performance test message 2517
Performance test message 2518
Performance test message 2519
Performance test message 2520
Performance test message 2521
Performance test message 2522
Performance test message 2523
Performance test message 2524
Performance test message 2525
Performance test message 2526
Performance test message 2527
Performance test message 2528
Performance test message 2529
Performance test message 2530
Performance test message 2531
Performance test message 2532
Performance test message 2533
Performance test message 2534
Performance test message 2535
Performance test message 2536
Performance test message 2537
Performance test message 2538
Performance test message 2539
Performance test message 2540
Performance test message 2541
Performance test message 2542
Performance test message 2543
Performance test message 2544
Performance test message 2545
Performance test message 2546
Performance test message 2547
Performance test message 2548
Performance test message 2549
Performance test message 2550
Performance test message 2551
Performance test message 2552
Performance test message 2553
Performance test message 2554
Performance test message 2555
Performance test message 2556
Performance test message 2557
Performance test message 2558
Performance test message 2559
Performance test message 2560
Performance test message 2561
Performance test message 2562
Performance test message 2563
Performance test message 2564
Performance test message 2565
Performance test message 2566
Performance test message 2567
Performance test message 2568
Performance test message 2569
Performance test message 2570
Performance test message 2571
Performance test message 2572
Performance test message 2573
Performance test message 2574
Performance test message 2575
Performance test message 2576
Performance test message 2577
Performance test message 2578
Performance test message 2579
Performance test message 2580
Performance test message 2581
Performance test message 2582
Performance test message 2583
Performance test message 2584
Performance test message 2585
Performance test message 2586
Performance test message 2587
Performance test message 2588
Performance test message 2589
Performance test message 2590
Performance test message 2591
Performance test message 2592
Performance test message 2593
Performance test message 2594
Performance test message 2595
Performance test message 2596
Performance test message 2597
Performance test message 2598
Performance test message 2599
Performance test message 2600
Performance test message 2601
Performance test message 2602
Performance test message 2603
Performance test message 2604
Performance test message 2605
Performance test message 2606
Performance test message 2607
Performance test message 2608
Performance test message 2609
Performance test message 2610
Performance test message 2611
Performance test message 2612
Performance test message 2613
Performance test message 2614
Performance test message 2615
Performance test message 2616
Performance test message 2617
Performance test message 2618
Performance test message 2619
Performance test message 2620
Performance test message 2621
Performance test message 2622
Performance test message 2623
Performance test message 2624
Performance test message 2625
Performance test message 2626
Performance test message 2627
Performance test message 2628
Performance test message 2629
Performance test message 2630
Performance test message 2631
Performance test message 2632
Performance test message 2633
Performance test message 2634
Performance test message 2635
Performance test message 2636
Performance test message 2637
Performance test message 2638
Performance test message 2639
Performance test message 2640
Performance test message 2641
Performance test message 2642
Performance test message 2643
Performance test message 2644
Performance test message 2645
Performance test message 2646
Performance test message 2647
Performance test message 2648
Performance test message 2649
Performance test message 2650
Performance test message 2651
Performance test message 2652
Performance test message 2653
Performance test message 2654
Performance test message 2655
Performance test message 2656
Performance test message 2657
Performance test message 2658
Performance test message 2659
Performance test message 2660
Performance test message 2661
Performance test message 2662
Performance test message 2663
Performance test message 2664
Performance test message 2665
Performance test message 2666
Performance test message 2667
Performance test message 2668
Performance test message 2669
Performance test message 2670
Performance test message 2671
Performance test message 2672
Performance test message 2673
Performance test message 2674
Performance test message 2675
Performance test message 2676
Performance test message 2677
Performance test message 2678
Performance test message 2679
Performance test message 2680
Performance test message 2681
Performance test message 2682
Performance test message 2683
Performance test message 2684
Performance test message 2685
Performance test message 2686
Performance test message 2687
Performance test message 2688
Performance test message 2689
Performance test message 2690
Performance test message 2691
Performance test message 2692
Performance test message 2693
Performance test message 2694
Performance test message 2695
Performance test message 2696
Performance test message 2697
Performance test message 2698
Performance test message 2699
Performance test message 2700
Performance test message 2701
Performance test message 2702
Performance test message 2703
Performance test message 2704
Performance test message 2705
Performance test message 2706
Performance test message 2707
Performance test message 2708
Performance test message 2709
Performance test message 2710
Performance test message 2711
Performance test message 2712
Performance test message 2713
Performance test message 2714
Performance test message 2715
Performance test message 2716
Performance test message 2717
Performance test message 2718
Performance test message 2719
Performance test message 2720
Performance test message 2721
Performance test message 2722
Performance test message 2723
Performance test message 2724
Performance test message 2725
Performance test message 2726
Performance test message 2727
Performance test message 2728
Performance test message 2729
Performance test message 2730
Performance test message 2731
Performance test message 2732
Performance test message 2733
Performance test message 2734
Performance test message 2735
Performance test message 2736
Performance test message 2737
Performance test message 2738
Performance test message 2739
Performance test message 2740
Performance test message 2741
Performance test message 2742
Performance test message 2743
Performance test message 2744
Performance test message 2745
Performance test message 2746
Performance test message 2747
Performance test message 2748
Performance test message 2749
Performance test message 2750
Performance test message 2751
Performance test message 2752
Performance test message 2753
Performance test message 2754
Performance test message 2755
Performance test message 2756
Performance test message 2757
Performance test message 2758
Performance test message 2759
Performance test message 2760
Performance test message 2761
Performance test message 2762
Performance test message 2763
Performance test message 2764
Performance test message 2765
Performance test message 2766
Performance test message 2767
Performance test message 2768
Performance test message 2769
Performance test message 2770
Performance test message 2771
Performance test message 2772
Performance test message 2773
Performance test message 2774
Performance test message 2775
Performance test message 2776
Performance test message 2777
Performance test message 2778
Performance test message 2779
Performance test message 2780
Performance test message 2781
Performance test message 2782
Performance test message 2783
Performance test message 2784
Performance test message 2785
Performance test message 2786
Performance test message 2787
Performance test message 2788
Performance test message 2789
Performance test message 2790
Performance test message 2791
Performance test message 2792
Performance test message 2793
Performance test message 2794
Performance test message 2795
Performance test message 2796
Performance test message 2797
Performance test message 2798
Performance test message 2799
Performance test message 2800
Performance test message 2801
Performance test message 2802
Performance test message 2803
Performance test message 2804
Performance test message 2805
Performance test message 2806
Performance test message 2807
Performance test message 2808
Performance test message 2809
Performance test message 2810
Performance test message 2811
Performance test message 2812
Performance test message 2813
Performance test message 2814
Performance test message 2815
Performance test message 2816
Performance test message 2817
Performance test message 2818
Performance test message 2819
Performance test message 2820
Performance test message 2821
Performance test message 2822
Performance test message 2823
Performance test message 2824
Performance test message 2825
Performance test message 2826
Performance test message 2827
Performance test message 2828
Performance test message 2829
Performance test message 2830
Performance test message 2831
Performance test message 2832
Performance test message 2833
Performance test message 2834
Performance test message 2835
Performance test message 2836
Performance test message 2837
Performance test message 2838
Performance test message 2839
Performance test message 2840
Performance test message 2841
Performance test message 2842
Performance test message 2843
Performance test message 2844
Performance test message 2845
Performance test message 2846
Performance test message 2847
Performance test message 2848
Performance test message 2849
Performance test message 2850
Performance test message 2851
Performance test message 2852
Performance test message 2853
Performance test message 2854
Performance test message 2855
Performance test message 2856
Performance test message 2857
Performance test message 2858
Performance test message 2859
Performance test message 2860
Performance test message 2861
Performance test message 2862
Performance test message 2863
Performance test message 2864
Performance test message 2865
Performance test message 2866
Performance test message 2867
Performance test message 2868
Performance test message 2869
Performance test message 2870
Performance test message 2871
Performance test message 2872
Performance test message 2873
Performance test message 2874
Performance test message 2875
Performance test message 2876
Performance test message 2877
Performance test message 2878
Performance test message 2879
Performance test message 2880
Performance test message 2881
Performance test message 2882
Performance test message 2883
Performance test message 2884
Performance test message 2885
Performance test message 2886
Performance test message 2887
Performance test message 2888
Performance test message 2889
Performance test message 2890
Performance test message 2891
Performance test message 2892
Performance test message 2893
Performance test message 2894
Performance test message 2895
Performance test message 2896
Performance test message 2897
Performance test message 2898
Performance test message 2899
Performance test message 2900
Performance test message 2901
Performance test message 2902
Performance test message 2903
Performance test message 2904
Performance test message 2905
Performance test message 2906
Performance test message 2907
Performance test message 2908
Performance test message 2909
Performance test message 2910
Performance test message 2911
Performance test message 2912
Performance test message 2913
Performance test message 2914
Performance test message 2915
Performance test message 2916
Performance test message 2917
Performance test message 2918
Performance test message 2919
Performance test message 2920
Performance test message 2921
Performance test message 2922
Performance test message 2923
Performance test message 2924
Performance test message 2925
Performance test message 2926
Performance test message 2927
Performance test message 2928
Performance test message 2929
Performance test message 2930
Performance test message 2931
Performance test message 2932
Performance test message 2933
Performance test message 2934
Performance test message 2935
Performance test message 2936
Performance test message 2937
Performance test message 2938
Performance test message 2939
Performance test message 2940
Performance test message 2941
Performance test message 2942
Performance test message 2943
Performance test message 2944
Performance test message 2945
Performance test message 2946
Performance test message 2947
Performance test message 2948
Performance test message 2949
Performance test message 2950
Performance test message 2951
Performance test message 2952
Performance test message 2953
Performance test message 2954
Performance test message 2955
Performance test message 2956
Performance test message 2957
Performance test message 2958
Performance test message 2959
Performance test message 2960
Performance test message 2961
Performance test message 2962
Performance test message 2963
Performance test message 2964
Performance test message 2965
Performance test message 2966
Performance test message 2967
Performance test message 2968
Performance test message 2969
Performance test message 2970
Performance test message 2971
Performance test message 2972
Performance test message 2973
Performance test message 2974
Performance test message 2975
Performance test message 2976
Performance test message 2977
Performance test message 2978
Performance test message 2979
Performance test message 2980
Performance test message 2981
Performance test message 2982
Performance test message 2983
Performance test message 2984
Performance test message 2985
Performance test message 2986
Performance test message 2987
Performance test message 2988
Performance test message 2989
Performance test message 2990
Performance test message 2991
Performance test message 2992
Performance test message 2993
Performance test message 2994
Performance test message 2995
Performance test message 2996
Performance test message 2997
Performance test message 2998
Performance test message 2999
Performance test message 3000
Performance test message 3001
Performance test message 3002
Performance test message 3003
Performance test message 3004
Performance test message 3005
Performance test message 3006
Performance test message 3007
Performance test message 3008
Performance test message 3009
Performance test message 3010
Performance test message 3011
Performance test message 3012
Performance test message 3013
Performance test message 3014
Performance test message 3015
Performance test message 3016
Performance test message 3017
Performance test message 3018
Performance test message 3019
Performance test message 3020
Performance test message 3021
Performance test message 3022
Performance test message 3023
Performance test message 3024
Performance test message 3025
Performance test message 3026
Performance test message 3027
Performance test message 3028
Performance test message 3029
Performance test message 3030
Performance test message 3031
Performance test message 3032
Performance test message 3033
Performance test message 3034
Performance test message 3035
Performance test message 3036
Performance test message 3037
Performance test message 3038
Performance test message 3039
Performance test message 3040
Performance test message 3041
Performance test message 3042
Performance test message 3043
Performance test message 3044
Performance test message 3045
Performance test message 3046
Performance test message 3047
Performance test message 3048
Performance test message 3049
Performance test message 3050
Performance test message 3051
Performance test message 3052
Performance test message 3053
Performance test message 3054
Performance test message 3055
Performance test message 3056
Performance test message 3057
Performance test message 3058
Performance test message 3059
Performance test message 3060
Performance test message 3061
Performance test message 3062
Performance test message 3063
Performance test message 3064
Performance test message 3065
Performance test message 3066
Performance test message 3067
Performance test message 3068
Performance test message 3069
Performance test message 3070
Performance test message 3071
Performance test message 3072
Performance test message 3073
Performance test message 3074
Performance test message 3075
Performance test message 3076
Performance test message 3077
Performance test message 3078
Performance test message 3079
Performance test message 3080
Performance test message 3081
Performance test message 3082
Performance test message 3083
Performance test message 3084
Performance test message 3085
Performance test message 3086
Performance test message 3087
Performance test message 3088
Performance test message 3089
Performance test message 3090
Performance test message 3091
Performance test message 3092
Performance test message 3093
Performance test message 3094
Performance test message 3095
Performance test message 3096
Performance test message 3097
Performance test message 3098
Performance test message 3099
Performance test message 3100
Performance test message 3101
Performance test message 3102
Performance test message 3103
Performance test message 3104
Performance test message 3105
Performance test message 3106
Performance test message 3107
Performance test message 3108
Performance test message 3109
Performance test message 3110
Performance test message 3111
Performance test message 3112
Performance test message 3113
Performance test message 3114
Performance test message 3115
Performance test message 3116
Performance test message 3117
Performance test message 3118
Performance test message 3119
Performance test message 3120
Performance test message 3121
Performance test message 3122
Performance test message 3123
Performance test message 3124
Performance test message 3125
Performance test message 3126
Performance test message 3127
Performance test message 3128
Performance test message 3129
Performance test message 3130
Performance test message 3131
Performance test message 3132
Performance test message 3133
Performance test message 3134
Performance test message 3135
Performance test message 3136
Performance test message 3137
Performance test message 3138
Performance test message 3139
Performance test message 3140
Performance test message 3141
Performance test message 3142
Performance test message 3143
Performance test message 3144
Performance test message 3145
Performance test message 3146
Performance test message 3147
Performance test message 3148
Performance test message 3149
Performance test message 3150
Performance test message 3151
Performance test message 3152
Performance test message 3153
Performance test message 3154
Performance test message 3155
Performance test message 3156
Performance test message 3157
Performance test message 3158
Performance test message 3159
Performance test message 3160
Performance test message 3161
Performance test message 3162
Performance test message 3163
Performance test message 3164
Performance test message 3165
Performance test message 3166
Performance test message 3167
Performance test message 3168
Performance test message 3169
Performance test message 3170
Performance test message 3171
Performance test message 3172
Performance test message 3173
Performance test message 3174
Performance test message 3175
Performance test message 3176
Performance test message 3177
Performance test message 3178
Performance test message 3179
Performance test message 3180
Performance test message 3181
Performance test message 3182
Performance test message 3183
Performance test message 3184
Performance test message 3185
Performance test message 3186
Performance test message 3187
Performance test message 3188
Performance test message 3189
Performance test message 3190
Performance test message 3191
Performance test message 3192
Performance test message 3193
Performance test message 3194
Performance test message 3195
Performance test message 3196
Performance test message 3197
Performance test message 3198
Performance test message 3199
Performance test message 3200
Performance test message 3201
Performance test message 3202
Performance test message 3203
Performance test message 3204
Performance test message 3205
Performance test message 3206
Performance test message 3207
Performance test message 3208
Performance test message 3209
Performance test message 3210
Performance test message 3211
Performance test message 3212
Performance test message 3213
Performance test message 3214
Performance test message 3215
Performance test message 3216
Performance test message 3217
Performance test message 3218
Performance test message 3219
Performance test message 3220
Performance test message 3221
Performance test message 3222
Performance test message 3223
Performance test message 3224
Performance test message 3225
Performance test message 3226
Performance test message 3227
Performance test message 3228
Performance test message 3229
Performance test message 3230
Performance test message 3231
Performance test message 3232
Performance test message 3233
Performance test message 3234
Performance test message 3235
Performance test message 3236
Performance test message 3237
Performance test message 3238
Performance test message 3239
Performance test message 3240
Performance test message 3241
Performance test message 3242
Performance test message 3243
Performance test message 3244
Performance test message 3245
Performance test message 3246
Performance test message 3247
Performance test message 3248
Performance test message 3249
Performance test message 3250
Performance test message 3251
Performance test message 3252
Performance test message 3253
Performance test message 3254
Performance test message 3255
Performance test message 3256
Performance test message 3257
Performance test message 3258
Performance test message 3259
Performance test message 3260
Performance test message 3261
Performance test message 3262
Performance test message 3263
Performance test message 3264
Performance test message 3265
Performance test message 3266
Performance test message 3267
Performance test message 3268
Performance test message 3269
Performance test message 3270
Performance test message 3271
Performance test message 3272
Performance test message 3273
Performance test message 3274
Performance test message 3275
Performance test message 3276
Performance test message 3277
Performance test message 3278
Performance test message 3279
Performance test message 3280
Performance test message 3281
Performance test message 3282
Performance test message 3283
Performance test message 3284
Performance test message 3285
Performance test message 3286
Performance test message 3287
Performance test message 3288
Performance test message 3289
Performance test message 3290
Performance test message 3291
Performance test message 3292
Performance test message 3293
Performance test message 3294
Performance test message 3295
Performance test message 3296
Performance test message 3297
Performance test message 3298
Performance test message 3299
Performance test message 3300
Performance test message 3301
Performance test message 3302
Performance test message 3303
Performance test message 3304
Performance test message 3305
Performance test message 3306
Performance test message 3307
Performance test message 3308
Performance test message 3309
Performance test message 3310
Performance test message 3311
Performance test message 3312
Performance test message 3313
Performance test message 3314
Performance test message 3315
Performance test message 3316
Performance test message 3317
Performance test message 3318
Performance test message 3319
Performance test message 3320
Performance test message 3321
Performance test message 3322
Performance test message 3323
Performance test message 3324
Performance test message 3325
Performance test message 3326
Performance test message 3327
Performance test message 3328
Performance test message 3329
Performance test message 3330
Performance test message 3331
Performance test message 3332
Performance test message 3333
Performance test message 3334
Performance test message 3335
Performance test message 3336
Performance test message 3337
Performance test message 3338
Performance test message 3339
Performance test message 3340
Performance test message 3341
Performance test message 3342
Performance test message 3343
Performance test message 3344
Performance test message 3345
Performance test message 3346
Performance test message 3347
Performance test message 3348
Performance test message 3349
Performance test message 3350
Performance test message 3351
Performance test message 3352
Performance test message 3353
Performance test message 3354
Performance test message 3355
Performance test message 3356
Performance test message 3357
Performance test message 3358
Performance test message 3359
Performance test message 3360
Performance test message 3361
Performance test message 3362
Performance test message 3363
Performance test message 3364
Performance test message 3365
Performance test message 3366
Performance test message 3367
Performance test message 3368
Performance test message 3369
Performance test message 3370
Performance test message 3371
Performance test message 3372
Performance test message 3373
Performance test message 3374
Performance test message 3375
Performance test message 3376
Performance test message 3377
Performance test message 3378
Performance test message 3379
Performance test message 3380
Performance test message 3381
Performance test message 3382
Performance test message 3383
Performance test message 3384
Performance test message 3385
Performance test message 3386
Performance test message 3387
Performance test message 3388
Performance test message 3389
Performance test message 3390
Performance test message 3391
Performance test message 3392
Performance test message 3393
Performance test message 3394
Performance test message 3395
Performance test message 3396
Performance test message 3397
Performance test message 3398
Performance test message 3399
Performance test message 3400
Performance test message 3401
Performance test message 3402
Performance test message 3403
Performance test message 3404
Performance test message 3405
Performance test message 3406
Performance test message 3407
Performance test message 3408
Performance test message 3409
Performance test message 3410
Performance test message 3411
Performance test message 3412
Performance test message 3413
Performance test message 3414
Performance test message 3415
Performance test message 3416
Performance test message 3417
Performance test message 3418
Performance test message 3419
Performance test message 3420
Performance test message 3421
Performance test message 3422
Performance test message 3423
Performance test message 3424
Performance test message 3425
Performance test message 3426
Performance test message 3427
Performance test message 3428
Performance test message 3429
Performance test message 3430
Performance test message 3431
Performance test message 3432
Performance test message 3433
Performance test message 3434
Performance test message 3435
Performance test message 3436
Performance test message 3437
Performance test message 3438
Performance test message 3439
Performance test message 3440
Performance test message 3441
Performance test message 3442
Performance test message 3443
Performance test message 3444
Performance test message 3445
Performance test message 3446
Performance test message 3447
Performance test message 3448
Performance test message 3449
Performance test message 3450
Performance test message 3451
Performance test message 3452
Performance test message 3453
Performance test message 3454
Performance test message 3455
Performance test message 3456
Performance test message 3457
Performance test message 3458
Performance test message 3459
Performance test message 3460
Performance test message 3461
Performance test message 3462
Performance test message 3463
Performance test message 3464
Performance test message 3465
Performance test message 3466
Performance test message 3467
Performance test message 3468
Performance test message 3469
Performance test message 3470
Performance test message 3471
Performance test message 3472
Performance test message 3473
Performance test message 3474
Performance test message 3475
Performance test message 3476
Performance test message 3477
Performance test message 3478
Performance test message 3479
Performance test message 3480
Performance test message 3481
Performance test message 3482
Performance test message 3483
Performance test message 3484
Performance test message 3485
Performance test message 3486
Performance test message 3487
Performance test message 3488
Performance test message 3489
Performance test message 3490
Performance test message 3491
Performance test message 3492
Performance test message 3493
Performance test message 3494
Performance test message 3495
Performance test message 3496
Performance test message 3497
Performance test message 3498
Performance test message 3499
Performance test message 3500
Performance test message 3501
Performance test message 3502
Performance test message 3503
Performance test message 3504
Performance test message 3505
Performance test message 3506
Performance test message 3507
Performance test message 3508
Performance test message 3509
Performance test message 3510
Performance test message 3511
Performance test message 3512
Performance test message 3513
Performance test message 3514
Performance test message 3515
Performance test message 3516
Performance test message 3517
Performance test message 3518
Performance test message 3519
Performance test message 3520
Performance test message 3521
Performance test message 3522
Performance test message 3523
Performance test message 3524
Performance test message 3525
Performance test message 3526
Performance test message 3527
Performance test message 3528
Performance test message 3529
Performance test message 3530
Performance test message 3531
Performance test message 3532
Performance test message 3533
Performance test message 3534
Performance test message 3535
Performance test message 3536
Performance test message 3537
Performance test message 3538
Performance test message 3539
Performance test message 3540
Performance test message 3541
Performance test message 3542
Performance test message 3543
Performance test message 3544
Performance test message 3545
Performance test message 3546
Performance test message 3547
Performance test message 3548
Performance test message 3549
Performance test message 3550
Performance test message 3551
Performance test message 3552
Performance test message 3553
Performance test message 3554
Performance test message 3555
Performance test message 3556
Performance test message 3557
Performance test message 3558
Performance test message 3559
Performance test message 3560
Performance test message 3561
Performance test message 3562
Performance test message 3563
Performance test message 3564
Performance test message 3565
Performance test message 3566
Performance test message 3567
Performance test message 3568
Performance test message 3569
Performance test message 3570
Performance test message 3571
Performance test message 3572
Performance test message 3573
Performance test message 3574
Performance test message 3575
Performance test message 3576
Performance test message 3577
Performance test message 3578
Performance test message 3579
Performance test message 3580
Performance test message 3581
Performance test message 3582
Performance test message 3583
Performance test message 3584
Performance test message 3585
Performance test message 3586
Performance test message 3587
Performance test message 3588
Performance test message 3589
Performance test message 3590
Performance test message 3591
Performance test message 3592
Performance test message 3593
Performance test message 3594
Performance test message 3595
Performance test message 3596
Performance test message 3597
Performance test message 3598
Performance test message 3599
Performance test message 3600
Performance test message 3601
Performance test message 3602
Performance test message 3603
Performance test message 3604
Performance test message 3605
Performance test message 3606
Performance test message 3607
Performance test message 3608
Performance test message 3609
Performance test message 3610
Performance test message 3611
Performance test message 3612
Performance test message 3613
Performance test message 3614
Performance test message 3615
Performance test message 3616
Performance test message 3617
Performance test message 3618
Performance test message 3619
Performance test message 3620
Performance test message 3621
Performance test message 3622
Performance test message 3623
Performance test message 3624
Performance test message 3625
Performance test message 3626
Performance test message 3627
Performance test message 3628
Performance test message 3629
Performance test message 3630
Performance test message 3631
Performance test message 3632
Performance test message 3633
Performance test message 3634
Performance test message 3635
Performance test message 3636
Performance test message 3637
Performance test message 3638
Performance test message 3639
Performance test message 3640
Performance test message 3641
Performance test message 3642
Performance test message 3643
Performance test message 3644
Performance test message 3645
Performance test message 3646
Performance test message 3647
Performance test message 3648
Performance test message 3649
Performance test message 3650
Performance test message 3651
Performance test message 3652
Performance test message 3653
Performance test message 3654
Performance test message 3655
Performance test message 3656
Performance test message 3657
Performance test message 3658
Performance test message 3659
Performance test message 3660
Performance test message 3661
Performance test message 3662
Performance test message 3663
Performance test message 3664
Performance test message 3665
Performance test message 3666
Performance test message 3667
Performance test message 3668
Performance test message 3669
Performance test message 3670
Performance test message 3671
Performance test message 3672
Performance test message 3673
Performance test message 3674
Performance test message 3675
Performance test message 3676
Performance test message 3677
Performance test message 3678
Performance test message 3679
Performance test message 3680
Performance test message 3681
Performance test message 3682
Performance test message 3683
Performance test message 3684
Performance test message 3685
Performance test message 3686
Performance test message 3687
Performance test message 3688
Performance test message 3689
Performance test message 3690
Performance test message 3691
Performance test message 3692
Performance test message 3693
Performance test message 3694
Performance test message 3695
Performance test message 3696
Performance test message 3697
Performance test message 3698
Performance test message 3699
Performance test message 3700
Performance test message 3701
Performance test message 3702
Performance test message 3703
Performance test message 3704
Performance test message 3705
Performance test message 3706
Performance test message 3707
Performance test message 3708
Performance test message 3709
Performance test message 3710
Performance test message 3711
Performance test message 3712
Performance test message 3713
Performance test message 3714
Performance test message 3715
Performance test message 3716
Performance test message 3717
Performance test message 3718
Performance test message 3719
Performance test message 3720
Performance test message 3721
Performance test message 3722
Performance test message 3723
Performance test message 3724
Performance test message 3725
Performance test message 3726
Performance test message 3727
Performance test message 3728
Performance test message 3729
Performance test message 3730
Performance test message 3731
Performance test message 3732
Performance test message 3733
Performance test message 3734
Performance test message 3735
Performance test message 3736
Performance test message 3737
Performance test message 3738
Performance test message 3739
Performance test message 3740
Performance test message 3741
Performance test message 3742
Performance test message 3743
Performance test message 3744
Performance test message 3745
Performance test message 3746
Performance test message 3747
Performance test message 3748
Performance test message 3749
Performance test message 3750
Performance test message 3751
Performance test message 3752
Performance test message 3753
Performance test message 3754
Performance test message 3755
Performance test message 3756
Performance test message 3757
Performance test message 3758
Performance test message 3759
Performance test message 3760
Performance test message 3761
Performance test message 3762
Performance test message 3763
Performance test message 3764
Performance test message 3765
Performance test message 3766
Performance test message 3767
Performance test message 3768
Performance test message 3769
Performance test message 3770
Performance test message 3771
Performance test message 3772
Performance test message 3773
Performance test message 3774
Performance test message 3775
Performance test message 3776
Performance test message 3777
Performance test message 3778
Performance test message 3779
Performance test message 3780
Performance test message 3781
Performance test message 3782
Performance test message 3783
Performance test message 3784
Performance test message 3785
Performance test message 3786
Performance test message 3787
Performance test message 3788
Performance test message 3789
Performance test message 3790
Performance test message 3791
Performance test message 3792
Performance test message 3793
Performance test message 3794
Performance test message 3795
Performance test message 3796
Performance test message 3797
Performance test message 3798
Performance test message 3799
Performance test message 3800
Performance test message 3801
Performance test message 3802
Performance test message 3803
Performance test message 3804
Performance test message 3805
Performance test message 3806
Performance test message 3807
Performance test message 3808
Performance test message 3809
Performance test message 3810
Performance test message 3811
Performance test message 3812
Performance test message 3813
Performance test message 3814
Performance test message 3815
Performance test message 3816
Performance test message 3817
Performance test message 3818
Performance test message 3819
Performance test message 3820
Performance test message 3821
Performance test message 3822
Performance test message 3823
Performance test message 3824
Performance test message 3825
Performance test message 3826
Performance test message 3827
Performance test message 3828
Performance test message 3829
Performance test message 3830
Performance test message 3831
Performance test message 3832
Performance test message 3833
Performance test message 3834
Performance test message 3835
Performance test message 3836
Performance test message 3837
Performance test message 3838
Performance test message 3839
Performance test message 3840
Performance test message 3841
Performance test message 3842
Performance test message 3843
Performance test message 3844
Performance test message 3845
Performance test message 3846
Performance test message 3847
Performance test message 3848
Performance test message 3849
Performance test message 3850
Performance test message 3851
Performance test message 3852
Performance test message 3853
Performance test message 3854
Performance test message 3855
Performance test message 3856
Performance test message 3857
Performance test message 3858
Performance test message 3859
Performance test message 3860
Performance test message 3861
Performance test message 3862
Performance test message 3863
Performance test message 3864
Performance test message 3865
Performance test message 3866
Performance test message 3867
Performance test message 3868
Performance test message 3869
Performance test message 3870
Performance test message 3871
Performance test message 3872
Performance test message 3873
Performance test message 3874
Performance test message 3875
Performance test message 3876
Performance test message 3877
Performance test message 3878
Performance test message 3879
Performance test message 3880
Performance test message 3881
Performance test message 3882
Performance test message 3883
Performance test message 3884
Performance test message 3885
Performance test message 3886
Performance test message 3887
Performance test message 3888
Performance test message 3889
Performance test message 3890
Performance test message 3891
Performance test message 3892
Performance test message 3893
Performance test message 3894
Performance test message 3895
Performance test message 3896
Performance test message 3897
Performance test message 3898
Performance test message 3899
Performance test message 3900
Performance test message 3901
Performance test message 3902
Performance test message 3903
Performance test message 3904
Performance test message 3905
Performance test message 3906
Performance test message 3907
Performance test message 3908
Performance test message 3909
Performance test message 3910
Performance test message 3911
Performance test message 3912
Performance test message 3913
Performance test message 3914
Performance test message 3915
Performance test message 3916
Performance test message 3917
Performance test message 3918
Performance test message 3919
Performance test message 3920
Performance test message 3921
Performance test message 3922
Performance test message 3923
Performance test message 3924
Performance test message 3925
Performance test message 3926
Performance test message 3927
Performance test message 3928
Performance test message 3929
Performance test message 3930
Performance test message 3931
Performance test message 3932
Performance test message 3933
Performance test message 3934
Performance test message 3935
Performance test message 3936
Performance test message 3937
Performance test message 3938
Performance test message 3939
Performance test message 3940
Performance test message 3941
Performance test message 3942
Performance test message 3943
Performance test message 3944
Performance test message 3945
Performance test message 3946
Performance test message 3947
Performance test message 3948
Performance test message 3949
Performance test message 3950
Performance test message 3951
Performance test message 3952
Performance test message 3953
Performance test message 3954
Performance test message 3955
Performance test message 3956
Performance test message 3957
Performance test message 3958
Performance test message 3959
Performance test message 3960
Performance test message 3961
Performance test message 3962
Performance test message 3963
Performance test message 3964
Performance test message 3965
Performance test message 3966
Performance test message 3967
Performance test message 3968
Performance test message 3969
Performance test message 3970
Performance test message 3971
Performance test message 3972
Performance test message 3973
Performance test message 3974
Performance test message 3975
Performance test message 3976
Performance test message 3977
Performance test message 3978
Performance test message 3979
Performance test message 3980
Performance test message 3981
Performance test message 3982
Performance test message 3983
Performance test message 3984
Performance test message 3985
Performance test message 3986
Performance test message 3987
Performance test message 3988
Performance test message 3989
Performance test message 3990
Performance test message 3991
Performance test message 3992
Performance test message 3993
Performance test message 3994
Performance test message 3995
Performance test message 3996
Performance test message 3997
Performance test message 3998
Performance test message 3999
Performance test message 4000
Performance test message 4001
Performance test message 4002
Performance test message 4003
Performance test message 4004
Performance test message 4005
Performance test message 4006
Performance test message 4007
Performance test message 4008
Performance test message 4009
Performance test message 4010
Performance test message 4011
Performance test message 4012
Performance test message 4013
Performance test message 4014
Performance test message 4015
Performance test message 4016
Performance test message 4017
Performance test message 4018
Performance test message 4019
Performance test message 4020
Performance test message 4021
Performance test message 4022
Performance test message 4023
Performance test message 4024
Performance test message 4025
Performance test message 4026
Performance test message 4027
Performance test message 4028
Performance test message 4029
Performance test message 4030
Performance test message 4031
Performance test message 4032
Performance test message 4033
Performance test message 4034
Performance test message 4035
Performance test message 4036
Performance test message 4037
Performance test message 4038
Performance test message 4039
Performance test message 4040
Performance test message 4041
Performance test message 4042
Performance test message 4043
Performance test message 4044
Performance test message 4045
Performance test message 4046
Performance test message 4047
Performance test message 4048
Performance test message 4049
Performance test message 4050
Performance test message 4051
Performance test message 4052
Performance test message 4053
Performance test message 4054
Performance test message 4055
Performance test message 4056
Performance test message 4057
Performance test message 4058
Performance test message 4059
Performance test message 4060
Performance test message 4061
Performance test message 4062
Performance test message 4063
Performance test message 4064
Performance test message 4065
Performance test message 4066
Performance test message 4067
Performance test message 4068
Performance test message 4069
Performance test message 4070
Performance test message 4071
Performance test message 4072
Performance test message 4073
Performance test message 4074
Performance test message 4075
Performance test message 4076
Performance test message 4077
Performance test message 4078
Performance test message 4079
Performance test message 4080
Performance test message 4081
Performance test message 4082
Performance test message 4083
Performance test message 4084
Performance test message 4085
Performance test message 4086
Performance test message 4087
Performance test message 4088
Performance test message 4089
Performance test message 4090
Performance test message 4091
Performance test message 4092
Performance test message 4093
Performance test message 4094
Performance test message 4095
Performance test message 4096
Performance test message 4097
Performance test message 4098
Performance test message 4099
Performance test message 4100
Performance test message 4101
Performance test message 4102
Performance test message 4103
Performance test message 4104
Performance test message 4105
Performance test message 4106
Performance test message 4107
Performance test message 4108
Performance test message 4109
Performance test message 4110
Performance test message 4111
Performance test message 4112
Performance test message 4113
Performance test message 4114
Performance test message 4115
Performance test message 4116
Performance test message 4117
Performance test message 4118
Performance test message 4119
Performance test message 4120
Performance test message 4121
Performance test message 4122
Performance test message 4123
Performance test message 4124
Performance test message 4125
Performance test message 4126
Performance test message 4127
Performance test message 4128
Performance test message 4129
Performance test message 4130
Performance test message 4131
Performance test message 4132
Performance test message 4133
Performance test message 4134
Performance test message 4135
Performance test message 4136
Performance test message 4137
Performance test message 4138
Performance test message 4139
Performance test message 4140
Performance test message 4141
Performance test message 4142
Performance test message 4143
Performance test message 4144
Performance test message 4145
Performance test message 4146
Performance test message 4147
Performance test message 4148
Performance test message 4149
Performance test message 4150
Performance test message 4151
Performance test message 4152
Performance test message 4153
Performance test message 4154
Performance test message 4155
Performance test message 4156
Performance test message 4157
Performance test message 4158
Performance test message 4159
Performance test message 4160
Performance test message 4161
Performance test message 4162
Performance test message 4163
Performance test message 4164
Performance test message 4165
Performance test message 4166
Performance test message 4167
Performance test message 4168
Performance test message 4169
Performance test message 4170
Performance test message 4171
Performance test message 4172
Performance test message 4173
Performance test message 4174
Performance test message 4175
Performance test message 4176
Performance test message 4177
Performance test message 4178
Performance test message 4179
Performance test message 4180
Performance test message 4181
Performance test message 4182
Performance test message 4183
Performance test message 4184
Performance test message 4185
Performance test message 4186
Performance test message 4187
Performance test message 4188
Performance test message 4189
Performance test message 4190
Performance test message 4191
Performance test message 4192
Performance test message 4193
Performance test message 4194
Performance test message 4195
Performance test message 4196
Performance test message 4197
Performance test message 4198
Performance test message 4199
Performance test message 4200
Performance test message 4201
Performance test message 4202
Performance test message 4203
Performance test message 4204
Performance test message 4205
Performance test message 4206
Performance test message 4207
Performance test message 4208
Performance test message 4209
Performance test message 4210
Performance test message 4211
Performance test message 4212
Performance test message 4213
Performance test message 4214
Performance test message 4215
Performance test message 4216
Performance test message 4217
Performance test message 4218
Performance test message 4219
Performance test message 4220
Performance test message 4221
Performance test message 4222
Performance test message 4223
Performance test message 4224
Performance test message 4225
Performance test message 4226
Performance test message 4227
Performance test message 4228
Performance test message 4229
Performance test message 4230
Performance test message 4231
Performance test message 4232
Performance test message 4233
Performance test message 4234
Performance test message 4235
Performance test message 4236
Performance test message 4237
Performance test message 4238
Performance test message 4239
Performance test message 4240
Performance test message 4241
Performance test message 4242
Performance test message 4243
Performance test message 4244
Performance test message 4245
Performance test message 4246
Performance test message 4247
Performance test message 4248
Performance test message 4249
Performance test message 4250
Performance test message 4251
Performance test message 4252
Performance test message 4253
Performance test message 4254
Performance test message 4255
Performance test message 4256
Performance test message 4257
Performance test message 4258
Performance test message 4259
Performance test message 4260
Performance test message 4261
Performance test message 4262
Performance test message 4263
Performance test message 4264
Performance test message 4265
Performance test message 4266
Performance test message 4267
Performance test message 4268
Performance test message 4269
Performance test message 4270
Performance test message 4271
Performance test message 4272
Performance test message 4273
Performance test message 4274
Performance test message 4275
Performance test message 4276
Performance test message 4277
Performance test message 4278
Performance test message 4279
Performance test message 4280
Performance test message 4281
Performance test message 4282
Performance test message 4283
Performance test message 4284
Performance test message 4285
Performance test message 4286
Performance test message 4287
Performance test message 4288
Performance test message 4289
Performance test message 4290
Performance test message 4291
Performance test message 4292
Performance test message 4293
Performance test message 4294
Performance test message 4295
Performance test message 4296
Performance test message 4297
Performance test message 4298
Performance test message 4299
Performance test message 4300
Performance test message 4301
Performance test message 4302
Performance test message 4303
Performance test message 4304
Performance test message 4305
Performance test message 4306
Performance test message 4307
Performance test message 4308
Performance test message 4309
Performance test message 4310
Performance test message 4311
Performance test message 4312
Performance test message 4313
Performance test message 4314
Performance test message 4315
Performance test message 4316
Performance test message 4317
Performance test message 4318
Performance test message 4319
Performance test message 4320
Performance test message 4321
Performance test message 4322
Performance test message 4323
Performance test message 4324
Performance test message 4325
Performance test message 4326
Performance test message 4327
Performance test message 4328
Performance test message 4329
Performance test message 4330
Performance test message 4331
Performance test message 4332
Performance test message 4333
Performance test message 4334
Performance test message 4335
Performance test message 4336
Performance test message 4337
Performance test message 4338
Performance test message 4339
Performance test message 4340
Performance test message 4341
Performance test message 4342
Performance test message 4343
Performance test message 4344
Performance test message 4345
Performance test message 4346
Performance test message 4347
Performance test message 4348
Performance test message 4349
Performance test message 4350
Performance test message 4351
Performance test message 4352
Performance test message 4353
Performance test message 4354
Performance test message 4355
Performance test message 4356
Performance test message 4357
Performance test message 4358
Performance test message 4359
Performance test message 4360
Performance test message 4361
Performance test message 4362
Performance test message 4363
Performance test message 4364
Performance test message 4365
Performance test message 4366
Performance test message 4367
Performance test message 4368
Performance test message 4369
Performance test message 4370
Performance test message 4371
Performance test message 4372
Performance test message 4373
Performance test message 4374
Performance test message 4375
Performance test message 4376
Performance test message 4377
Performance test message 4378
Performance test message 4379
Performance test message 4380
Performance test message 4381
Performance test message 4382
Performance test message 4383
Performance test message 4384
Performance test message 4385
Performance test message 4386
Performance test message 4387
Performance test message 4388
Performance test message 4389
Performance test message 4390
Performance test message 4391
Performance test message 4392
Performance test message 4393
Performance test message 4394
Performance test message 4395
Performance test message 4396
Performance test message 4397
Performance test message 4398
Performance test message 4399
Performance test message 4400
Performance test message 4401
Performance test message 4402
Performance test message 4403
Performance test message 4404
Performance test message 4405
Performance test message 4406
Performance test message 4407
Performance test message 4408
Performance test message 4409
Performance test message 4410
Performance test message 4411
Performance test message 4412
Performance test message 4413
Performance test message 4414
Performance test message 4415
Performance test message 4416
Performance test message 4417
Performance test message 4418
Performance test message 4419
Performance test message 4420
Performance test message 4421
Performance test message 4422
Performance test message 4423
Performance test message 4424
Performance test message 4425
Performance test message 4426
Performance test message 4427
Performance test message 4428
Performance test message 4429
Performance test message 4430
Performance test message 4431
Performance test message 4432
Performance test message 4433
Performance test message 4434
Performance test message 4435
Performance test message 4436
Performance test message 4437
Performance test message 4438
Performance test message 4439
Performance test message 4440
Performance test message 4441
Performance test message 4442
Performance test message 4443
Performance test message 4444
Performance test message 4445
Performance test message 4446
Performance test message 4447
Performance test message 4448
Performance test message 4449
Performance test message 4450
Performance test message 4451
Performance test message 4452
Performance test message 4453
Performance test message 4454
Performance test message 4455
Performance test message 4456
Performance test message 4457
Performance test message 4458
Performance test message 4459
Performance test message 4460
Performance test message 4461
Performance test message 4462
Performance test message 4463
Performance test message 4464
Performance test message 4465
Performance test message 4466
Performance test message 4467
Performance test message 4468
Performance test message 4469
Performance test message 4470
Performance test message 4471
Performance test message 4472
Performance test message 4473
Performance test message 4474
Performance test message 4475
Performance test message 4476
Performance test message 4477
Performance test message 4478
Performance test message 4479
Performance test message 4480
Performance test message 4481
Performance test message 4482
Performance test message 4483
Performance test message 4484
Performance test message 4485
Performance test message 4486
Performance test message 4487
Performance test message 4488
Performance test message 4489
Performance test message 4490
Performance test message 4491
Performance test message 4492
Performance test message 4493
Performance test message 4494
Performance test message 4495
Performance test message 4496
Performance test message 4497
Performance test message 4498
Performance test message 4499
Performance test message 4500
Performance test message 4501
Performance test message 4502
Performance test message 4503
Performance test message 4504
Performance test message 4505
Performance test message 4506
Performance test message 4507
Performance test message 4508
Performance test message 4509
Performance test message 4510
Performance test message 4511
Performance test message 4512
Performance test message 4513
Performance test message 4514
Performance test message 4515
Performance test message 4516
Performance test message 4517
Performance test message 4518
Performance test message 4519
Performance test message 4520
Performance test message 4521
Performance test message 4522
Performance test message 4523
Performance test message 4524
Performance test message 4525
Performance test message 4526
Performance test message 4527
Performance test message 4528
Performance test message 4529
Performance test message 4530
Performance test message 4531
Performance test message 4532
Performance test message 4533
Performance test message 4534
Performance test message 4535
Performance test message 4536
Performance test message 4537
Performance test message 4538
Performance test message 4539
Performance test message 4540
Performance test message 4541
Performance test message 4542
Performance test message 4543
Performance test message 4544
Performance test message 4545
Performance test message 4546
Performance test message 4547
Performance test message 4548
Performance test message 4549
Performance test message 4550
Performance test message 4551
Performance test message 4552
Performance test message 4553
Performance test message 4554
Performance test message 4555
Performance test message 4556
Performance test message 4557
Performance test message 4558
Performance test message 4559
Performance test message 4560
Performance test message 4561
Performance test message 4562
Performance test message 4563
Performance test message 4564
Performance test message 4565
Performance test message 4566
Performance test message 4567
Performance test message 4568
Performance test message 4569
Performance test message 4570
Performance test message 4571
Performance test message 4572
Performance test message 4573
Performance test message 4574
Performance test message 4575
Performance test message 4576
Performance test message 4577
Performance test message 4578
Performance test message 4579
Performance test message 4580
Performance test message 4581
Performance test message 4582
Performance test message 4583
Performance test message 4584
Performance test message 4585
Performance test message 4586
Performance test message 4587
Performance test message 4588
Performance test message 4589
Performance test message 4590
Performance test message 4591
Performance test message 4592
Performance test message 4593
Performance test message 4594
Performance test message 4595
Performance test message 4596
Performance test message 4597
Performance test message 4598
Performance test message 4599
Performance test message 4600
Performance test message 4601
Performance test message 4602
Performance test message 4603
Performance test message 4604
Performance test message 4605
Performance test message 4606
Performance test message 4607
Performance test message 4608
Performance test message 4609
Performance test message 4610
Performance test message 4611
Performance test message 4612
Performance test message 4613
Performance test message 4614
Performance test message 4615
Performance test message 4616
Performance test message 4617
Performance test message 4618
Performance test message 4619
Performance test message 4620
Performance test message 4621
Performance test message 4622
Performance test message 4623
Performance test message 4624
Performance test message 4625
Performance test message 4626
Performance test message 4627
Performance test message 4628
Performance test message 4629
Performance test message 4630
Performance test message 4631
Performance test message 4632
Performance test message 4633
Performance test message 4634
Performance test message 4635
Performance test message 4636
Performance test message 4637
Performance test message 4638
Performance test message 4639
Performance test message 4640
Performance test message 4641
Performance test message 4642
Performance test message 4643
Performance test message 4644
Performance test message 4645
Performance test message 4646
Performance test message 4647
Performance test message 4648
Performance test message 4649
Performance test message 4650
Performance test message 4651
Performance test message 4652
Performance test message 4653
Performance test message 4654
Performance test message 4655
Performance test message 4656
Performance test message 4657
Performance test message 4658
Performance test message 4659
Performance test message 4660
Performance test message 4661
Performance test message 4662
Performance test message 4663
Performance test message 4664
Performance test message 4665
Performance test message 4666
Performance test message 4667
Performance test message 4668
Performance test message 4669
Performance test message 4670
Performance test message 4671
Performance test message 4672
Performance test message 4673
Performance test message 4674
Performance test message 4675
Performance test message 4676
Performance test message 4677
Performance test message 4678
Performance test message 4679
Performance test message 4680
Performance test message 4681
Performance test message 4682
Performance test message 4683
Performance test message 4684
Performance test message 4685
Performance test message 4686
Performance test message 4687
Performance test message 4688
Performance test message 4689
Performance test message 4690
Performance test message 4691
Performance test message 4692
Performance test message 4693
Performance test message 4694
Performance test message 4695
Performance test message 4696
Performance test message 4697
Performance test message 4698
Performance test message 4699
Performance test message 4700
Performance test message 4701
Performance test message 4702
Performance test message 4703
Performance test message 4704
Performance test message 4705
Performance test message 4706
Performance test message 4707
Performance test message 4708
Performance test message 4709
Performance test message 4710
Performance test message 4711
Performance test message 4712
Performance test message 4713
Performance test message 4714
Performance test message 4715
Performance test message 4716
Performance test message 4717
Performance test message 4718
Performance test message 4719
Performance test message 4720
Performance test message 4721
Performance test message 4722
Performance test message 4723
Performance test message 4724
Performance test message 4725
Performance test message 4726
Performance test message 4727
Performance test message 4728
Performance test message 4729
Performance test message 4730
Performance test message 4731
Performance test message 4732
Performance test message 4733
Performance test message 4734
Performance test message 4735
Performance test message 4736
Performance test message 4737
Performance test message 4738
Performance test message 4739
Performance test message 4740
Performance test message 4741
Performance test message 4742
Performance test message 4743
Performance test message 4744
Performance test message 4745
Performance test message 4746
Performance test message 4747
Performance test message 4748
Performance test message 4749
Performance test message 4750
Performance test message 4751
Performance test message 4752
Performance test message 4753
Performance test message 4754
Performance test message 4755
Performance test message 4756
Performance test message 4757
Performance test message 4758
Performance test message 4759
Performance test message 4760
Performance test message 4761
Performance test message 4762
Performance test message 4763
Performance test message 4764
Performance test message 4765
Performance test message 4766
Performance test message 4767
Performance test message 4768
Performance test message 4769
Performance test message 4770
Performance test message 4771
Performance test message 4772
Performance test message 4773
Performance test message 4774
Performance test message 4775
Performance test message 4776
Performance test message 4777
Performance test message 4778
Performance test message 4779
Performance test message 4780
Performance test message 4781
Performance test message 4782
Performance test message 4783
Performance test message 4784
Performance test message 4785
Performance test message 4786
Performance test message 4787
Performance test message 4788
Performance test message 4789
Performance test message 4790
Performance test message 4791
Performance test message 4792
Performance test message 4793
Performance test message 4794
Performance test message 4795
Performance test message 4796
Performance test message 4797
Performance test message 4798
Performance test message 4799
Performance test message 4800
Performance test message 4801
Performance test message 4802
Performance test message 4803
Performance test message 4804
Performance test message 4805
Performance test message 4806
Performance test message 4807
Performance test message 4808
Performance test message 4809
Performance test message 4810
Performance test message 4811
Performance test message 4812
Performance test message 4813
Performance test message 4814
Performance test message 4815
Performance test message 4816
Performance test message 4817
Performance test message 4818
Performance test message 4819
Performance test message 4820
Performance test message 4821
Performance test message 4822
Performance test message 4823
Performance test message 4824
Performance test message 4825
Performance test message 4826
Performance test message 4827
Performance test message 4828
Performance test message 4829
Performance test message 4830
Performance test message 4831
Performance test message 4832
Performance test message 4833
Performance test message 4834
Performance test message 4835
Performance test message 4836
Performance test message 4837
Performance test message 4838
Performance test message 4839
Performance test message 4840
Performance test message 4841
Performance test message 4842
Performance test message 4843
Performance test message 4844
Performance test message 4845
Performance test message 4846
Performance test message 4847
Performance test message 4848
Performance test message 4849
Performance test message 4850
Performance test message 4851
Performance test message 4852
Performance test message 4853
Performance test message 4854
Performance test message 4855
Performance test message 4856
Performance test message 4857
Performance test message 4858
Performance test message 4859
Performance test message 4860
Performance test message 4861
Performance test message 4862
Performance test message 4863
Performance test message 4864
Performance test message 4865
Performance test message 4866
Performance test message 4867
Performance test message 4868
Performance test message 4869
Performance test message 4870
Performance test message 4871
Performance test message 4872
Performance test message 4873
Performance test message 4874
Performance test message 4875
Performance test message 4876
Performance test message 4877
Performance test message 4878
Performance test message 4879
Performance test message 4880
Performance test message 4881
Performance test message 4882
Performance test message 4883
Performance test message 4884
Performance test message 4885
Performance test message 4886
Performance test message 4887
Performance test message 4888
Performance test message 4889
Performance test message 4890
Performance test message 4891
Performance test message 4892
Performance test message 4893
Performance test message 4894
Performance test message 4895
Performance test message 4896
Performance test message 4897
Performance test message 4898
Performance test message 4899
Performance test message 4900
Performance test message 4901
Performance test message 4902
Performance test message 4903
Performance test message 4904
Performance test message 4905
Performance test message 4906
Performance test message 4907
Performance test message 4908
Performance test message 4909
Performance test message 4910
Performance test message 4911
Performance test message 4912
Performance test message 4913
Performance test message 4914
Performance test message 4915
Performance test message 4916
Performance test message 4917
Performance test message 4918
Performance test message 4919
Performance test message 4920
Performance test message 4921
Performance test message 4922
Performance test message 4923
Performance test message 4924
Performance test message 4925
Performance test message 4926
Performance test message 4927
Performance test message 4928
Performance test message 4929
Performance test message 4930
Performance test message 4931
Performance test message 4932
Performance test message 4933
Performance test message 4934
Performance test message 4935
Performance test message 4936
Performance test message 4937
Performance test message 4938
Performance test message 4939
Performance test message 4940
Performance test message 4941
Performance test message 4942
Performance test message 4943
Performance test message 4944
Performance test message 4945
Performance test message 4946
Performance test message 4947
Performance test message 4948
Performance test message 4949
Performance test message 4950
Performance test message 4951
Performance test message 4952
Performance test message 4953
Performance test message 4954
Performance test message 4955
Performance test message 4956
Performance test message 4957
Performance test message 4958
Performance test message 4959
Performance test message 4960
Performance test message 4961
Performance test message 4962
Performance test message 4963
Performance test message 4964
Performance test message 4965
Performance test message 4966
Performance test message 4967
Performance test message 4968
Performance test message 4969
Performance test message 4970
Performance test message 4971
Performance test message 4972
Performance test message 4973
Performance test message 4974
Performance test message 4975
Performance test message 4976
Performance test message 4977
Performance test message 4978
Performance test message 4979
Performance test message 4980
Performance test message 4981
Performance test message 4982
Performance test message 4983
Performance test message 4984
Performance test message 4985
Performance test message 4986
Performance test message 4987
Performance test message 4988
Performance test message 4989
Performance test message 4990
Performance test message 4991
Performance test message 4992
Performance test message 4993
Performance test message 4994
Performance test message 4995
Performance test message 4996
Performance test message 4997
Performance test message 4998
Performance test message 4999
Performance test message 5000
Performance test message 5001
Performance test message 5002
Performance test message 5003
Performance test message 5004
Performance test message 5005
Performance test message 5006
Performance test message 5007
Performance test message 5008
Performance test message 5009
Performance test message 5010
Performance test message 5011
Performance test message 5012
Performance test message 5013
Performance test message 5014
Performance test message 5015
Performance test message 5016
Performance test message 5017
Performance test message 5018
Performance test message 5019
Performance test message 5020
Performance test message 5021
Performance test message 5022
Performance test message 5023
Performance test message 5024
Performance test message 5025
Performance test message 5026
Performance test message 5027
Performance test message 5028
Performance test message 5029
Performance test message 5030
Performance test message 5031
Performance test message 5032
Performance test message 5033
Performance test message 5034
Performance test message 5035
Performance test message 5036
Performance test message 5037
Performance test message 5038
Performance test message 5039
Performance test message 5040
Performance test message 5041
Performance test message 5042
Performance test message 5043
Performance test message 5044
Performance test message 5045
Performance test message 5046
Performance test message 5047
Performance test message 5048
Performance test message 5049
Performance test message 5050
Performance test message 5051
Performance test message 5052
Performance test message 5053
Performance test message 5054
Performance test message 5055
Performance test message 5056
Performance test message 5057
Performance test message 5058
Performance test message 5059
Performance test message 5060
Performance test message 5061
Performance test message 5062
Performance test message 5063
Performance test message 5064
Performance test message 5065
Performance test message 5066
Performance test message 5067
Performance test message 5068
Performance test message 5069
Performance test message 5070
Performance test message 5071
Performance test message 5072
Performance test message 5073
Performance test message 5074
Performance test message 5075
Performance test message 5076
Performance test message 5077
Performance test message 5078
Performance test message 5079
Performance test message 5080
Performance test message 5081
Performance test message 5082
Performance test message 5083
Performance test message 5084
Performance test message 5085
Performance test message 5086
Performance test message 5087
Performance test message 5088
Performance test message 5089
Performance test message 5090
Performance test message 5091
Performance test message 5092
Performance test message 5093
Performance test message 5094
Performance test message 5095
Performance test message 5096
Performance test message 5097
Performance test message 5098
Performance test message 5099
Performance test message 5100
Performance test message 5101
Performance test message 5102
Performance test message 5103
Performance test message 5104
Performance test message 5105
Performance test message 5106
Performance test message 5107
Performance test message 5108
Performance test message 5109
Performance test message 5110
Performance test message 5111
Performance test message 5112
Performance test message 5113
Performance test message 5114
Performance test message 5115
Performance test message 5116
Performance test message 5117
Performance test message 5118
Performance test message 5119
Performance test message 5120
Performance test message 5121
Performance test message 5122
Performance test message 5123
Performance test message 5124
Performance test message 5125
Performance test message 5126
Performance test message 5127
Performance test message 5128
Performance test message 5129
Performance test message 5130
Performance test message 5131
Performance test message 5132
Performance test message 5133
Performance test message 5134
Performance test message 5135
Performance test message 5136
Performance test message 5137
Performance test message 5138
Performance test message 5139
Performance test message 5140
Performance test message 5141
Performance test message 5142
Performance test message 5143
Performance test message 5144
Performance test message 5145
Performance test message 5146
Performance test message 5147
Performance test message 5148
Performance test message 5149
Performance test message 5150
Performance test message 5151
Performance test message 5152
Performance test message 5153
Performance test message 5154
Performance test message 5155
Performance test message 5156
Performance test message 5157
Performance test message 5158
Performance test message 5159
Performance test message 5160
Performance test message 5161
Performance test message 5162
Performance test message 5163
Performance test message 5164
Performance test message 5165
Performance test message 5166
Performance test message 5167
Performance test message 5168
Performance test message 5169
Performance test message 5170
Performance test message 5171
Performance test message 5172
Performance test message 5173
Performance test message 5174
Performance test message 5175
Performance test message 5176
Performance test message 5177
Performance test message 5178
Performance test message 5179
Performance test message 5180
Performance test message 5181
Performance test message 5182
Performance test message 5183
Performance test message 5184
Performance test message 5185
Performance test message 5186
Performance test message 5187
Performance test message 5188
Performance test message 5189
Performance test message 5190
Performance test message 5191
Performance test message 5192
Performance test message 5193
Performance test message 5194
Performance test message 5195
Performance test message 5196
Performance test message 5197
Performance test message 5198
Performance test message 5199
Performance test message 5200
Performance test message 5201
Performance test message 5202
Performance test message 5203
Performance test message 5204
Performance test message 5205
Performance test message 5206
Performance test message 5207
Performance test message 5208
Performance test message 5209
Performance test message 5210
Performance test message 5211
Performance test message 5212
Performance test message 5213
Performance test message 5214
Performance test message 5215
Performance test message 5216
Performance test message 5217
Performance test message 5218
Performance test message 5219
Performance test message 5220
Performance test message 5221
Performance test message 5222
Performance test message 5223
Performance test message 5224
Performance test message 5225
Performance test message 5226
Performance test message 5227
Performance test message 5228
Performance test message 5229
Performance test message 5230
Performance test message 5231
Performance test message 5232
Performance test message 5233
Performance test message 5234
Performance test message 5235
Performance test message 5236
Performance test message 5237
Performance test message 5238
Performance test message 5239
Performance test message 5240
Performance test message 5241
Performance test message 5242
Performance test message 5243
Performance test message 5244
Performance test message 5245
Performance test message 5246
Performance test message 5247
Performance test message 5248
Performance test message 5249
Performance test message 5250
Performance test message 5251
Performance test message 5252
Performance test message 5253
Performance test message 5254
Performance test message 5255
Performance test message 5256
Performance test message 5257
Performance test message 5258
Performance test message 5259
Performance test message 5260
Performance test message 5261
Performance test message 5262
Performance test message 5263
Performance test message 5264
Performance test message 5265
Performance test message 5266
Performance test message 5267
Performance test message 5268
Performance test message 5269
Performance test message 5270
Performance test message 5271
Performance test message 5272
Performance test message 5273
Performance test message 5274
Performance test message 5275
Performance test message 5276
Performance test message 5277
Performance test message 5278
Performance test message 5279
Performance test message 5280
Performance test message 5281
Performance test message 5282
Performance test message 5283
Performance test message 5284
Performance test message 5285
Performance test message 5286
Performance test message 5287
Performance test message 5288
Performance test message 5289
Performance test message 5290
Performance test message 5291
Performance test message 5292
Performance test message 5293
Performance test message 5294
Performance test message 5295
Performance test message 5296
Performance test message 5297
Performance test message 5298
Performance test message 5299
Performance test message 5300
Performance test message 5301
Performance test message 5302
Performance test message 5303
Performance test message 5304
Performance test message 5305
Performance test message 5306
Performance test message 5307
Performance test message 5308
Performance test message 5309
Performance test message 5310
Performance test message 5311
Performance test message 5312
Performance test message 5313
Performance test message 5314
Performance test message 5315
Performance test message 5316
Performance test message 5317
Performance test message 5318
Performance test message 5319
Performance test message 5320
Performance test message 5321
Performance test message 5322
Performance test message 5323
Performance test message 5324
Performance test message 5325
Performance test message 5326
Performance test message 5327
Performance test message 5328
Performance test message 5329
Performance test message 5330
Performance test message 5331
Performance test message 5332
Performance test message 5333
Performance test message 5334
Performance test message 5335
Performance test message 5336
Performance test message 5337
Performance test message 5338
Performance test message 5339
Performance test message 5340
Performance test message 5341
Performance test message 5342
Performance test message 5343
Performance test message 5344
Performance test message 5345
Performance test message 5346
Performance test message 5347
Performance test message 5348
Performance test message 5349
Performance test message 5350
Performance test message 5351
Performance test message 5352
Performance test message 5353
Performance test message 5354
Performance test message 5355
Performance test message 5356
Performance test message 5357
Performance test message 5358
Performance test message 5359
Performance test message 5360
Performance test message 5361
Performance test message 5362
Performance test message 5363
Performance test message 5364
Performance test message 5365
Performance test message 5366
Performance test message 5367
Performance test message 5368
Performance test message 5369
Performance test message 5370
Performance test message 5371
Performance test message 5372
Performance test message 5373
Performance test message 5374
Performance test message 5375
Performance test message 5376
Performance test message 5377
Performance test message 5378
Performance test message 5379
Performance test message 5380
Performance test message 5381
Performance test message 5382
Performance test message 5383
Performance test message 5384
Performance test message 5385
Performance test message 5386
Performance test message 5387
Performance test message 5388
Performance test message 5389
Performance test message 5390
Performance test message 5391
Performance test message 5392
Performance test message 5393
Performance test message 5394
Performance test message 5395
Performance test message 5396
Performance test message 5397
Performance test message 5398
Performance test message 5399
Performance test message 5400
Performance test message 5401
Performance test message 5402
Performance test message 5403
Performance test message 5404
Performance test message 5405
Performance test message 5406
Performance test message 5407
Performance test message 5408
Performance test message 5409
Performance test message 5410
Performance test message 5411
Performance test message 5412
Performance test message 5413
Performance test message 5414
Performance test message 5415
Performance test message 5416
Performance test message 5417
Performance test message 5418
Performance test message 5419
Performance test message 5420
Performance test message 5421
Performance test message 5422
Performance test message 5423
Performance test message 5424
Performance test message 5425
Performance test message 5426
Performance test message 5427
Performance test message 5428
Performance test message 5429
Performance test message 5430
Performance test message 5431
Performance test message 5432
Performance test message 5433
Performance test message 5434
Performance test message 5435
Performance test message 5436
Performance test message 5437
Performance test message 5438
Performance test message 5439
Performance test message 5440
Performance test message 5441
Performance test message 5442
Performance test message 5443
Performance test message 5444
Performance test message 5445
Performance test message 5446
Performance test message 5447
Performance test message 5448
Performance test message 5449
Performance test message 5450
Performance test message 5451
Performance test message 5452
Performance test message 5453
Performance test message 5454
Performance test message 5455
Performance test message 5456
Performance test message 5457
Performance test message 5458
Performance test message 5459
Performance test message 5460
Performance test message 5461
Performance test message 5462
Performance test message 5463
Performance test message 5464
Performance test message 5465
Performance test message 5466
Performance test message 5467
Performance test message 5468
Performance test message 5469
Performance test message 5470
Performance test message 5471
Performance test message 5472
Performance test message 5473
Performance test message 5474
Performance test message 5475
Performance test message 5476
Performance test message 5477
Performance test message 5478
Performance test message 5479
Performance test message 5480
Performance test message 5481
Performance test message 5482
Performance test message 5483
Performance test message 5484
Performance test message 5485
Performance test message 5486
Performance test message 5487
Performance test message 5488
Performance test message 5489
Performance test message 5490
Performance test message 5491
Performance test message 5492
Performance test message 5493
Performance test message 5494
Performance test message 5495
Performance test message 5496
Performance test message 5497
Performance test message 5498
Performance test message 5499
Performance test message 5500
Performance test message 5501
Performance test message 5502
Performance test message 5503
Performance test message 5504
Performance test message 5505
Performance test message 5506
Performance test message 5507
Performance test message 5508
Performance test message 5509
Performance test message 5510
Performance test message 5511
Performance test message 5512
Performance test message 5513
Performance test message 5514
Performance test message 5515
Performance test message 5516
Performance test message 5517
Performance test message 5518
Performance test message 5519
Performance test message 5520
Performance test message 5521
Performance test message 5522
Performance test message 5523
Performance test message 5524
Performance test message 5525
Performance test message 5526
Performance test message 5527
Performance test message 5528
Performance test message 5529
Performance test message 5530
Performance test message 5531
Performance test message 5532
Performance test message 5533
Performance test message 5534
Performance test message 5535
Performance test message 5536
Performance test message 5537
Performance test message 5538
Performance test message 5539
Performance test message 5540
Performance test message 5541
Performance test message 5542
Performance test message 5543
Performance test message 5544
Performance test message 5545
Performance test message 5546
Performance test message 5547
Performance test message 5548
Performance test message 5549
Performance test message 5550
Performance test message 5551
Performance test message 5552
Performance test message 5553
Performance test message 5554
Performance test message 5555
Performance test message 5556
Performance test message 5557
Performance test message 5558
Performance test message 5559
Performance test message 5560
Performance test message 5561
Performance test message 5562
Performance test message 5563
Performance test message 5564
Performance test message 5565
Performance test message 5566
Performance test message 5567
Performance test message 5568
Performance test message 5569
Performance test message 5570
Performance test message 5571
Performance test message 5572
Performance test message 5573
Performance test message 5574
Performance test message 5575
Performance test message 5576
Performance test message 5577
Performance test message 5578
Performance test message 5579
Performance test message 5580
Performance test message 5581
Performance test message 5582
Performance test message 5583
Performance test message 5584
Performance test message 5585
Performance test message 5586
Performance test message 5587
Performance test message 5588
Performance test message 5589
Performance test message 5590
Performance test message 5591
Performance test message 5592
Performance test message 5593
Performance test message 5594
Performance test message 5595
Performance test message 5596
Performance test message 5597
Performance test message 5598
Performance test message 5599
Performance test message 5600
Performance test message 5601
Performance test message 5602
Performance test message 5603
Performance test message 5604
Performance test message 5605
Performance test message 5606
Performance test message 5607
Performance test message 5608
Performance test message 5609
Performance test message 5610
Performance test message 5611
Performance test message 5612
Performance test message 5613
Performance test message 5614
Performance test message 5615
Performance test message 5616
Performance test message 5617
Performance test message 5618
Performance test message 5619
Performance test message 5620
Performance test message 5621
Performance test message 5622
Performance test message 5623
Performance test message 5624
Performance test message 5625
Performance test message 5626
Performance test message 5627
Performance test message 5628
Performance test message 5629
Performance test message 5630
Performance test message 5631
Performance test message 5632
Performance test message 5633
Performance test message 5634
Performance test message 5635
Performance test message 5636
Performance test message 5637
Performance test message 5638
Performance test message 5639
Performance test message 5640
Performance test message 5641
Performance test message 5642
Performance test message 5643
Performance test message 5644
Performance test message 5645
Performance test message 5646
Performance test message 5647
Performance test message 5648
Performance test message 5649
Performance test message 5650
Performance test message 5651
Performance test message 5652
Performance test message 5653
Performance test message 5654
Performance test message 5655
Performance test message 5656
Performance test message 5657
Performance test message 5658
Performance test message 5659
Performance test message 5660
Performance test message 5661
Performance test message 5662
Performance test message 5663
Performance test message 5664
Performance test message 5665
Performance test message 5666
Performance test message 5667
Performance test message 5668
Performance test message 5669
Performance test message 5670
Performance test message 5671
Performance test message 5672
Performance test message 5673
Performance test message 5674
Performance test message 5675
Performance test message 5676
Performance test message 5677
Performance test message 5678
Performance test message 5679
Performance test message 5680
Performance test message 5681
Performance test message 5682
Performance test message 5683
Performance test message 5684
Performance test message 5685
Performance test message 5686
Performance test message 5687
Performance test message 5688
Performance test message 5689
Performance test message 5690
Performance test message 5691
Performance test message 5692
Performance test message 5693
Performance test message 5694
Performance test message 5695
Performance test message 5696
Performance test message 5697
Performance test message 5698
Performance test message 5699
Performance test message 5700
Performance test message 5701
Performance test message 5702
Performance test message 5703
Performance test message 5704
Performance test message 5705
Performance test message 5706
Performance test message 5707
Performance test message 5708
Performance test message 5709
Performance test message 5710
Performance test message 5711
Performance test message 5712
Performance test message 5713
Performance test message 5714
Performance test message 5715
Performance test message 5716
Performance test message 5717
Performance test message 5718
Performance test message 5719
Performance test message 5720
Performance test message 5721
Performance test message 5722
Performance test message 5723
Performance test message 5724
Performance test message 5725
Performance test message 5726
Performance test message 5727
Performance test message 5728
Performance test message 5729
Performance test message 5730
Performance test message 5731
Performance test message 5732
Performance test message 5733
Performance test message 5734
Performance test message 5735
Performance test message 5736
Performance test message 5737
Performance test message 5738
Performance test message 5739
Performance test message 5740
Performance test message 5741
Performance test message 5742
Performance test message 5743
Performance test message 5744
Performance test message 5745
Performance test message 5746
Performance test message 5747
Performance test message 5748
Performance test message 5749
Performance test message 5750
Performance test message 5751
Performance test message 5752
Performance test message 5753
Performance test message 5754
Performance test message 5755
Performance test message 5756
Performance test message 5757
Performance test message 5758
Performance test message 5759
Performance test message 5760
Performance test message 5761
Performance test message 5762
Performance test message 5763
Performance test message 5764
Performance test message 5765
Performance test message 5766
Performance test message 5767
Performance test message 5768
Performance test message 5769
Performance test message 5770
Performance test message 5771
Performance test message 5772
Performance test message 5773
Performance test message 5774
Performance test message 5775
Performance test message 5776
Performance test message 5777
Performance test message 5778
Performance test message 5779
Performance test message 5780
Performance test message 5781
Performance test message 5782
Performance test message 5783
Performance test message 5784
Performance test message 5785
Performance test message 5786
Performance test message 5787
Performance test message 5788
Performance test message 5789
Performance test message 5790
Performance test message 5791
Performance test message 5792
Performance test message 5793
Performance test message 5794
Performance test message 5795
Performance test message 5796
Performance test message 5797
Performance test message 5798
Performance test message 5799
Performance test message 5800
Performance test message 5801
Performance test message 5802
Performance test message 5803
Performance test message 5804
Performance test message 5805
Performance test message 5806
Performance test message 5807
Performance test message 5808
Performance test message 5809
Performance test message 5810
Performance test message 5811
Performance test message 5812
Performance test message 5813
Performance test message 5814
Performance test message 5815
Performance test message 5816
Performance test message 5817
Performance test message 5818
Performance test message 5819
Performance test message 5820
Performance test message 5821
Performance test message 5822
Performance test message 5823
Performance test message 5824
Performance test message 5825
Performance test message 5826
Performance test message 5827
Performance test message 5828
Performance test message 5829
Performance test message 5830
Performance test message 5831
Performance test message 5832
Performance test message 5833
Performance test message 5834
Performance test message 5835
Performance test message 5836
Performance test message 5837
Performance test message 5838
Performance test message 5839
Performance test message 5840
Performance test message 5841
Performance test message 5842
Performance test message 5843
Performance test message 5844
Performance test message 5845
Performance test message 5846
Performance test message 5847
Performance test message 5848
Performance test message 5849
Performance test message 5850
Performance test message 5851
Performance test message 5852
Performance test message 5853
Performance test message 5854
Performance test message 5855
Performance test message 5856
Performance test message 5857
Performance test message 5858
Performance test message 5859
Performance test message 5860
Performance test message 5861
Performance test message 5862
Performance test message 5863
Performance test message 5864
Performance test message 5865
Performance test message 5866
Performance test message 5867
Performance test message 5868
Performance test message 5869
Performance test message 5870
Performance test message 5871
Performance test message 5872
Performance test message 5873
Performance test message 5874
Performance test message 5875
Performance test message 5876
Performance test message 5877
Performance test message 5878
Performance test message 5879
Performance test message 5880
Performance test message 5881
Performance test message 5882
Performance test message 5883
Performance test message 5884
Performance test message 5885
Performance test message 5886
Performance test message 5887
Performance test message 5888
Performance test message 5889
Performance test message 5890
Performance test message 5891
Performance test message 5892
Performance test message 5893
Performance test message 5894
Performance test message 5895
Performance test message 5896
Performance test message 5897
Performance test message 5898
Performance test message 5899
Performance test message 5900
Performance test message 5901
Performance test message 5902
Performance test message 5903
Performance test message 5904
Performance test message 5905
Performance test message 5906
Performance test message 5907
Performance test message 5908
Performance test message 5909
Performance test message 5910
Performance test message 5911
Performance test message 5912
Performance test message 5913
Performance test message 5914
Performance test message 5915
Performance test message 5916
Performance test message 5917
Performance test message 5918
Performance test message 5919
Performance test message 5920
Performance test message 5921
Performance test message 5922
Performance test message 5923
Performance test message 5924
Performance test message 5925
Performance test message 5926
Performance test message 5927
Performance test message 5928
Performance test message 5929
Performance test message 5930
Performance test message 5931
Performance test message 5932
Performance test message 5933
Performance test message 5934
Performance test message 5935
Performance test message 5936
Performance test message 5937
Performance test message 5938
Performance test message 5939
Performance test message 5940
Performance test message 5941
Performance test message 5942
Performance test message 5943
Performance test message 5944
Performance test message 5945
Performance test message 5946
Performance test message 5947
Performance test message 5948
Performance test message 5949
Performance test message 5950
Performance test message 5951
Performance test message 5952
Performance test message 5953
Performance test message 5954
Performance test message 5955
Performance test message 5956
Performance test message 5957
Performance test message 5958
Performance test message 5959
Performance test message 5960
Performance test message 5961
Performance test message 5962
Performance test message 5963
Performance test message 5964
Performance test message 5965
Performance test message 5966
Performance test message 5967
Performance test message 5968
Performance test message 5969
Performance test message 5970
Performance test message 5971
Performance test message 5972
Performance test message 5973
Performance test message 5974
Performance test message 5975
Performance test message 5976
Performance test message 5977
Performance test message 5978
Performance test message 5979
Performance test message 5980
Performance test message 5981
Performance test message 5982
Performance test message 5983
Performance test message 5984
Performance test message 5985
Performance test message 5986
Performance test message 5987
Performance test message 5988
Performance test message 5989
Performance test message 5990
Performance test message 5991
Performance test message 5992
Performance test message 5993
Performance test message 5994
Performance test message 5995
Performance test message 5996
Performance test message 5997
Performance test message 5998
Performance test message 5999
Performance test message 6000
Performance test message 6001
Performance test message 6002
Performance test message 6003
Performance test message 6004
Performance test message 6005
Performance test message 6006
Performance test message 6007
Performance test message 6008
Performance test message 6009
Performance test message 6010
Performance test message 6011
Performance test message 6012
Performance test message 6013
Performance test message 6014
Performance test message 6015
Performance test message 6016
Performance test message 6017
Performance test message 6018
Performance test message 6019
Performance test message 6020
Performance test message 6021
Performance test message 6022
Performance test message 6023
Performance test message 6024
Performance test message 6025
Performance test message 6026
Performance test message 6027
Performance test message 6028
Performance test message 6029
Performance test message 6030
Performance test message 6031
Performance test message 6032
Performance test message 6033
Performance test message 6034
Performance test message 6035
Performance test message 6036
Performance test message 6037
Performance test message 6038
Performance test message 6039
Performance test message 6040
Performance test message 6041
Performance test message 6042
Performance test message 6043
Performance test message 6044
Performance test message 6045
Performance test message 6046
Performance test message 6047
Performance test message 6048
Performance test message 6049
Performance test message 6050
Performance test message 6051
Performance test message 6052
Performance test message 6053
Performance test message 6054
Performance test message 6055
Performance test message 6056
Performance test message 6057
Performance test message 6058
Performance test message 6059
Performance test message 6060
Performance test message 6061
Performance test message 6062
Performance test message 6063
Performance test message 6064
Performance test message 6065
Performance test message 6066
Performance test message 6067
Performance test message 6068
Performance test message 6069
Performance test message 6070
Performance test message 6071
Performance test message 6072
Performance test message 6073
Performance test message 6074
Performance test message 6075
Performance test message 6076
Performance test message 6077
Performance test message 6078
Performance test message 6079
Performance test message 6080
Performance test message 6081
Performance test message 6082
Performance test message 6083
Performance test message 6084
Performance test message 6085
Performance test message 6086
Performance test message 6087
Performance test message 6088
Performance test message 6089
Performance test message 6090
Performance test message 6091
Performance test message 6092
Performance test message 6093
Performance test message 6094
Performance test message 6095
Performance test message 6096
Performance test message 6097
Performance test message 6098
Performance test message 6099
Performance test message 6100
Performance test message 6101
Performance test message 6102
Performance test message 6103
Performance test message 6104
Performance test message 6105
Performance test message 6106
Performance test message 6107
Performance test message 6108
Performance test message 6109
Performance test message 6110
Performance test message 6111
Performance test message 6112
Performance test message 6113
Performance test message 6114
Performance test message 6115
Performance test message 6116
Performance test message 6117
Performance test message 6118
Performance test message 6119
Performance test message 6120
Performance test message 6121
Performance test message 6122
Performance test message 6123
Performance test message 6124
Performance test message 6125
Performance test message 6126
Performance test message 6127
Performance test message 6128
Performance test message 6129
Performance test message 6130
Performance test message 6131
Performance test message 6132
Performance test message 6133
Performance test message 6134
Performance test message 6135
Performance test message 6136
Performance test message 6137
Performance test message 6138
Performance test message 6139
Performance test message 6140
Performance test message 6141
Performance test message 6142
Performance test message 6143
Performance test message 6144
Performance test message 6145
Performance test message 6146
Performance test message 6147
Performance test message 6148
Performance test message 6149
Performance test message 6150
Performance test message 6151
Performance test message 6152
Performance test message 6153
Performance test message 6154
Performance test message 6155
Performance test message 6156
Performance test message 6157
Performance test message 6158
Performance test message 6159
Performance test message 6160
Performance test message 6161
Performance test message 6162
Performance test message 6163
Performance test message 6164
Performance test message 6165
Performance test message 6166
Performance test message 6167
Performance test message 6168
Performance test message 6169
Performance test message 6170
Performance test message 6171
Performance test message 6172
Performance test message 6173
Performance test message 6174
Performance test message 6175
Performance test message 6176
Performance test message 6177
Performance test message 6178
Performance test message 6179
Performance test message 6180
Performance test message 6181
Performance test message 6182
Performance test message 6183
Performance test message 6184
Performance test message 6185
Performance test message 6186
Performance test message 6187
Performance test message 6188
Performance test message 6189
Performance test message 6190
Performance test message 6191
Performance test message 6192
Performance test message 6193
Performance test message 6194
Performance test message 6195
Performance test message 6196
Performance test message 6197
Performance test message 6198
Performance test message 6199
Performance test message 6200
Performance test message 6201
Performance test message 6202
Performance test message 6203
Performance test message 6204
Performance test message 6205
Performance test message 6206
Performance test message 6207
Performance test message 6208
Performance test message 6209
Performance test message 6210
Performance test message 6211
Performance test message 6212
Performance test message 6213
Performance test message 6214
Performance test message 6215
Performance test message 6216
Performance test message 6217
Performance test message 6218
Performance test message 6219
Performance test message 6220
Performance test message 6221
Performance test message 6222
Performance test message 6223
Performance test message 6224
Performance test message 6225
Performance test message 6226
Performance test message 6227
Performance test message 6228
Performance test message 6229
Performance test message 6230
Performance test message 6231
Performance test message 6232
Performance test message 6233
Performance test message 6234
Performance test message 6235
Performance test message 6236
Performance test message 6237
Performance test message 6238
Performance test message 6239
Performance test message 6240
Performance test message 6241
Performance test message 6242
Performance test message 6243
Performance test message 6244
Performance test message 6245
Performance test message 6246
Performance test message 6247
Performance test message 6248
Performance test message 6249
Performance test message 6250
Performance test message 6251
Performance test message 6252
Performance test message 6253
Performance test message 6254
Performance test message 6255
Performance test message 6256
Performance test message 6257
Performance test message 6258
Performance test message 6259
Performance test message 6260
Performance test message 6261
Performance test message 6262
Performance test message 6263
Performance test message 6264
Performance test message 6265
Performance test message 6266
Performance test message 6267
Performance test message 6268
Performance test message 6269
Performance test message 6270
Performance test message 6271
Performance test message 6272
Performance test message 6273
Performance test message 6274
Performance test message 6275
Performance test message 6276
Performance test message 6277
Performance test message 6278
Performance test message 6279
Performance test message 6280
Performance test message 6281
Performance test message 6282
Performance test message 6283
Performance test message 6284
Performance test message 6285
Performance test message 6286
Performance test message 6287
Performance test message 6288
Performance test message 6289
Performance test message 6290
Performance test message 6291
Performance test message 6292
Performance test message 6293
Performance test message 6294
Performance test message 6295
Performance test message 6296
Performance test message 6297
Performance test message 6298
Performance test message 6299
Performance test message 6300
Performance test message 6301
Performance test message 6302
Performance test message 6303
Performance test message 6304
Performance test message 6305
Performance test message 6306
Performance test message 6307
Performance test message 6308
Performance test message 6309
Performance test message 6310
Performance test message 6311
Performance test message 6312
Performance test message 6313
Performance test message 6314
Performance test message 6315
Performance test message 6316
Performance test message 6317
Performance test message 6318
Performance test message 6319
Performance test message 6320
Performance test message 6321
Performance test message 6322
Performance test message 6323
Performance test message 6324
Performance test message 6325
Performance test message 6326
Performance test message 6327
Performance test message 6328
Performance test message 6329
Performance test message 6330
Performance test message 6331
Performance test message 6332
Performance test message 6333
Performance test message 6334
Performance test message 6335
Performance test message 6336
Performance test message 6337
Performance test message 6338
Performance test message 6339
Performance test message 6340
Performance test message 6341
Performance test message 6342
Performance test message 6343
Performance test message 6344
Performance test message 6345
Performance test message 6346
Performance test message 6347
Performance test message 6348
Performance test message 6349
Performance test message 6350
Performance test message 6351
Performance test message 6352
Performance test message 6353
Performance test message 6354
Performance test message 6355
Performance test message 6356
Performance test message 6357
Performance test message 6358
Performance test message 6359
Performance test message 6360
Performance test message 6361
Performance test message 6362
Performance test message 6363
Performance test message 6364
Performance test message 6365
Performance test message 6366
Performance test message 6367
Performance test message 6368
Performance test message 6369
Performance test message 6370
Performance test message 6371
Performance test message 6372
Performance test message 6373
Performance test message 6374
Performance test message 6375
Performance test message 6376
Performance test message 6377
Performance test message 6378
Performance test message 6379
Performance test message 6380
Performance test message 6381
Performance test message 6382
Performance test message 6383
Performance test message 6384
Performance test message 6385
Performance test message 6386
Performance test message 6387
Performance test message 6388
Performance test message 6389
Performance test message 6390
Performance test message 6391
Performance test message 6392
Performance test message 6393
Performance test message 6394
Performance test message 6395
Performance test message 6396
Performance test message 6397
Performance test message 6398
Performance test message 6399
Performance test message 6400
Performance test message 6401
Performance test message 6402
Performance test message 6403
Performance test message 6404
Performance test message 6405
Performance test message 6406
Performance test message 6407
Performance test message 6408
Performance test message 6409
Performance test message 6410
Performance test message 6411
Performance test message 6412
Performance test message 6413
Performance test message 6414
Performance test message 6415
Performance test message 6416
Performance test message 6417
Performance test message 6418
Performance test message 6419
Performance test message 6420
Performance test message 6421
Performance test message 6422
Performance test message 6423
Performance test message 6424
Performance test message 6425
Performance test message 6426
Performance test message 6427
Performance test message 6428
Performance test message 6429
Performance test message 6430
Performance test message 6431
Performance test message 6432
Performance test message 6433
Performance test message 6434
Performance test message 6435
Performance test message 6436
Performance test message 6437
Performance test message 6438
Performance test message 6439
Performance test message 6440
Performance test message 6441
Performance test message 6442
Performance test message 6443
Performance test message 6444
Performance test message 6445
Performance test message 6446
Performance test message 6447
Performance test message 6448
Performance test message 6449
Performance test message 6450
Performance test message 6451
Performance test message 6452
Performance test message 6453
Performance test message 6454
Performance test message 6455
Performance test message 6456
Performance test message 6457
Performance test message 6458
Performance test message 6459
Performance test message 6460
Performance test message 6461
Performance test message 6462
Performance test message 6463
Performance test message 6464
Performance test message 6465
Performance test message 6466
Performance test message 6467
Performance test message 6468
Performance test message 6469
Performance test message 6470
Performance test message 6471
Performance test message 6472
Performance test message 6473
Performance test message 6474
Performance test message 6475
Performance test message 6476
Performance test message 6477
Performance test message 6478
Performance test message 6479
Performance test message 6480
Performance test message 6481
Performance test message 6482
Performance test message 6483
Performance test message 6484
Performance test message 6485
Performance test message 6486
Performance test message 6487
Performance test message 6488
Performance test message 6489
Performance test message 6490
Performance test message 6491
Performance test message 6492
Performance test message 6493
Performance test message 6494
Performance test message 6495
Performance test message 6496
Performance test message 6497
Performance test message 6498
Performance test message 6499
Performance test message 6500
Performance test message 6501
Performance test message 6502
Performance test message 6503
Performance test message 6504
Performance test message 6505
Performance test message 6506
Performance test message 6507
Performance test message 6508
Performance test message 6509
Performance test message 6510
Performance test message 6511
Performance test message 6512
Performance test message 6513
Performance test message 6514
Performance test message 6515
Performance test message 6516
Performance test message 6517
Performance test message 6518
Performance test message 6519
Performance test message 6520
Performance test message 6521
Performance test message 6522
Performance test message 6523
Performance test message 6524
Performance test message 6525
Performance test message 6526
Performance test message 6527
Performance test message 6528
Performance test message 6529
Performance test message 6530
Performance test message 6531
Performance test message 6532
Performance test message 6533
Performance test message 6534
Performance test message 6535
Performance test message 6536
Performance test message 6537
Performance test message 6538
Performance test message 6539
Performance test message 6540
Performance test message 6541
Performance test message 6542
Performance test message 6543
Performance test message 6544
Performance test message 6545
Performance test message 6546
Performance test message 6547
Performance test message 6548
Performance test message 6549
Performance test message 6550
Performance test message 6551
Performance test message 6552
Performance test message 6553
Performance test message 6554
Performance test message 6555
Performance test message 6556
Performance test message 6557
Performance test message 6558
Performance test message 6559
Performance test message 6560
Performance test message 6561
Performance test message 6562
Performance test message 6563
Performance test message 6564
Performance test message 6565
Performance test message 6566
Performance test message 6567
Performance test message 6568
Performance test message 6569
Performance test message 6570
Performance test message 6571
Performance test message 6572
Performance test message 6573
Performance test message 6574
Performance test message 6575
Performance test message 6576
Performance test message 6577
Performance test message 6578
Performance test message 6579
Performance test message 6580
Performance test message 6581
Performance test message 6582
Performance test message 6583
Performance test message 6584
Performance test message 6585
Performance test message 6586
Performance test message 6587
Performance test message 6588
Performance test message 6589
Performance test message 6590
Performance test message 6591
Performance test message 6592
Performance test message 6593
Performance test message 6594
Performance test message 6595
Performance test message 6596
Performance test message 6597
Performance test message 6598
Performance test message 6599
Performance test message 6600
Performance test message 6601
Performance test message 6602
Performance test message 6603
Performance test message 6604
Performance test message 6605
Performance test message 6606
Performance test message 6607
Performance test message 6608
Performance test message 6609
Performance test message 6610
Performance test message 6611
Performance test message 6612
Performance test message 6613
Performance test message 6614
Performance test message 6615
Performance test message 6616
Performance test message 6617
Performance test message 6618
Performance test message 6619
Performance test message 6620
Performance test message 6621
Performance test message 6622
Performance test message 6623
Performance test message 6624
Performance test message 6625
Performance test message 6626
Performance test message 6627
Performance test message 6628
Performance test message 6629
Performance test message 6630
Performance test message 6631
Performance test message 6632
Performance test message 6633
Performance test message 6634
Performance test message 6635
Performance test message 6636
Performance test message 6637
Performance test message 6638
Performance test message 6639
Performance test message 6640
Performance test message 6641
Performance test message 6642
Performance test message 6643
Performance test message 6644
Performance test message 6645
Performance test message 6646
Performance test message 6647
Performance test message 6648
Performance test message 6649
Performance test message 6650
Performance test message 6651
Performance test message 6652
Performance test message 6653
Performance test message 6654
Performance test message 6655
Performance test message 6656
Performance test message 6657
Performance test message 6658
Performance test message 6659
Performance test message 6660
Performance test message 6661
Performance test message 6662
Performance test message 6663
Performance test message 6664
Performance test message 6665
Performance test message 6666
Performance test message 6667
Performance test message 6668
Performance test message 6669
Performance test message 6670
Performance test message 6671
Performance test message 6672
Performance test message 6673
Performance test message 6674
Performance test message 6675
Performance test message 6676
Performance test message 6677
Performance test message 6678
Performance test message 6679
Performance test message 6680
Performance test message 6681
Performance test message 6682
Performance test message 6683
Performance test message 6684
Performance test message 6685
Performance test message 6686
Performance test message 6687
Performance test message 6688
Performance test message 6689
Performance test message 6690
Performance test message 6691
Performance test message 6692
Performance test message 6693
Performance test message 6694
Performance test message 6695
Performance test message 6696
Performance test message 6697
Performance test message 6698
Performance test message 6699
Performance test message 6700
Performance test message 6701
Performance test message 6702
Performance test message 6703
Performance test message 6704
Performance test message 6705
Performance test message 6706
Performance test message 6707
Performance test message 6708
Performance test message 6709
Performance test message 6710
Performance test message 6711
Performance test message 6712
Performance test message 6713
Performance test message 6714
Performance test message 6715
Performance test message 6716
Performance test message 6717
Performance test message 6718
Performance test message 6719
Performance test message 6720
Performance test message 6721
Performance test message 6722
Performance test message 6723
Performance test message 6724
Performance test message 6725
Performance test message 6726
Performance test message 6727
Performance test message 6728
Performance test message 6729
Performance test message 6730
Performance test message 6731
Performance test message 6732
Performance test message 6733
Performance test message 6734
Performance test message 6735
Performance test message 6736
Performance test message 6737
Performance test message 6738
Performance test message 6739
Performance test message 6740
Performance test message 6741
Performance test message 6742
Performance test message 6743
Performance test message 6744
Performance test message 6745
Performance test message 6746
Performance test message 6747
Performance test message 6748
Performance test message 6749
Performance test message 6750
Performance test message 6751
Performance test message 6752
Performance test message 6753
Performance test message 6754
Performance test message 6755
Performance test message 6756
Performance test message 6757
Performance test message 6758
Performance test message 6759
Performance test message 6760
Performance test message 6761
Performance test message 6762
Performance test message 6763
Performance test message 6764
Performance test message 6765
Performance test message 6766
Performance test message 6767
Performance test message 6768
Performance test message 6769
Performance test message 6770
Performance test message 6771
Performance test message 6772
Performance test message 6773
Performance test message 6774
Performance test message 6775
Performance test message 6776
Performance test message 6777
Performance test message 6778
Performance test message 6779
Performance test message 6780
Performance test message 6781
Performance test message 6782
Performance test message 6783
Performance test message 6784
Performance test message 6785
Performance test message 6786
Performance test message 6787
Performance test message 6788
Performance test message 6789
Performance test message 6790
Performance test message 6791
Performance test message 6792
Performance test message 6793
Performance test message 6794
Performance test message 6795
Performance test message 6796
Performance test message 6797
Performance test message 6798
Performance test message 6799
Performance test message 6800
Performance test message 6801
Performance test message 6802
Performance test message 6803
Performance test message 6804
Performance test message 6805
Performance test message 6806
Performance test message 6807
Performance test message 6808
Performance test message 6809
Performance test message 6810
Performance test message 6811
Performance test message 6812
Performance test message 6813
Performance test message 6814
Performance test message 6815
Performance test message 6816
Performance test message 6817
Performance test message 6818
Performance test message 6819
Performance test message 6820
Performance test message 6821
Performance test message 6822
Performance test message 6823
Performance test message 6824
Performance test message 6825
Performance test message 6826
Performance test message 6827
Performance test message 6828
Performance test message 6829
Performance test message 6830
Performance test message 6831
Performance test message 6832
Performance test message 6833
Performance test message 6834
Performance test message 6835
Performance test message 6836
Performance test message 6837
Performance test message 6838
Performance test message 6839
Performance test message 6840
Performance test message 6841
Performance test message 6842
Performance test message 6843
Performance test message 6844
Performance test message 6845
Performance test message 6846
Performance test message 6847
Performance test message 6848
Performance test message 6849
Performance test message 6850
Performance test message 6851
Performance test message 6852
Performance test message 6853
Performance test message 6854
Performance test message 6855
Performance test message 6856
Performance test message 6857
Performance test message 6858
Performance test message 6859
Performance test message 6860
Performance test message 6861
Performance test message 6862
Performance test message 6863
Performance test message 6864
Performance test message 6865
Performance test message 6866
Performance test message 6867
Performance test message 6868
Performance test message 6869
Performance test message 6870
Performance test message 6871
Performance test message 6872
Performance test message 6873
Performance test message 6874
Performance test message 6875
Performance test message 6876
Performance test message 6877
Performance test message 6878
Performance test message 6879
Performance test message 6880
Performance test message 6881
Performance test message 6882
Performance test message 6883
Performance test message 6884
Performance test message 6885
Performance test message 6886
Performance test message 6887
Performance test message 6888
Performance test message 6889
Performance test message 6890
Performance test message 6891
Performance test message 6892
Performance test message 6893
Performance test message 6894
Performance test message 6895
Performance test message 6896
Performance test message 6897
Performance test message 6898
Performance test message 6899
Performance test message 6900
Performance test message 6901
Performance test message 6902
Performance test message 6903
Performance test message 6904
Performance test message 6905
Performance test message 6906
Performance test message 6907
Performance test message 6908
Performance test message 6909
Performance test message 6910
Performance test message 6911
Performance test message 6912
Performance test message 6913
Performance test message 6914
Performance test message 6915
Performance test message 6916
Performance test message 6917
Performance test message 6918
Performance test message 6919
Performance test message 6920
Performance test message 6921
Performance test message 6922
Performance test message 6923
Performance test message 6924
Performance test message 6925
Performance test message 6926
Performance test message 6927
Performance test message 6928
Performance test message 6929
Performance test message 6930
Performance test message 6931
Performance test message 6932
Performance test message 6933
Performance test message 6934
Performance test message 6935
Performance test message 6936
Performance test message 6937
Performance test message 6938
Performance test message 6939
Performance test message 6940
Performance test message 6941
Performance test message 6942
Performance test message 6943
Performance test message 6944
Performance test message 6945
Performance test message 6946
Performance test message 6947
Performance test message 6948
Performance test message 6949
Performance test message 6950
Performance test message 6951
Performance test message 6952
Performance test message 6953
Performance test message 6954
Performance test message 6955
Performance test message 6956
Performance test message 6957
Performance test message 6958
Performance test message 6959
Performance test message 6960
Performance test message 6961
Performance test message 6962
Performance test message 6963
Performance test message 6964
Performance test message 6965
Performance test message 6966
Performance test message 6967
Performance test message 6968
Performance test message 6969
Performance test message 6970
Performance test message 6971
Performance test message 6972
Performance test message 6973
Performance test message 6974
Performance test message 6975
Performance test message 6976
Performance test message 6977
Performance test message 6978
Performance test message 6979
Performance test message 6980
Performance test message 6981
Performance test message 6982
Performance test message 6983
Performance test message 6984
Performance test message 6985
Performance test message 6986
Performance test message 6987
Performance test message 6988
Performance test message 6989
Performance test message 6990
Performance test message 6991
Performance test message 6992
Performance test message 6993
Performance test message 6994
Performance test message 6995
Performance test message 6996
Performance test message 6997
Performance test message 6998
Performance test message 6999
Performance test message 7000
Performance test message 7001
Performance test message 7002
Performance test message 7003
Performance test message 7004
Performance test message 7005
Performance test message 7006
Performance test message 7007
Performance test message 7008
Performance test message 7009
Performance test message 7010
Performance test message 7011
Performance test message 7012
Performance test message 7013
Performance test message 7014
Performance test message 7015
Performance test message 7016
Performance test message 7017
Performance test message 7018
Performance test message 7019
Performance test message 7020
Performance test message 7021
Performance test message 7022
Performance test message 7023
Performance test message 7024
Performance test message 7025
Performance test message 7026
Performance test message 7027
Performance test message 7028
Performance test message 7029
Performance test message 7030
Performance test message 7031
Performance test message 7032
Performance test message 7033
Performance test message 7034
Performance test message 7035
Performance test message 7036
Performance test message 7037
Performance test message 7038
Performance test message 7039
Performance test message 7040
Performance test message 7041
Performance test message 7042
Performance test message 7043
Performance test message 7044
Performance test message 7045
Performance test message 7046
Performance test message 7047
Performance test message 7048
Performance test message 7049
Performance test message 7050
Performance test message 7051
Performance test message 7052
Performance test message 7053
Performance test message 7054
Performance test message 7055
Performance test message 7056
Performance test message 7057
Performance test message 7058
Performance test message 7059
Performance test message 7060
Performance test message 7061
Performance test message 7062
Performance test message 7063
Performance test message 7064
Performance test message 7065
Performance test message 7066
Performance test message 7067
Performance test message 7068
Performance test message 7069
Performance test message 7070
Performance test message 7071
Performance test message 7072
Performance test message 7073
Performance test message 7074
Performance test message 7075
Performance test message 7076
Performance test message 7077
Performance test message 7078
Performance test message 7079
Performance test message 7080
Performance test message 7081
Performance test message 7082
Performance test message 7083
Performance test message 7084
Performance test message 7085
Performance test message 7086
Performance test message 7087
Performance test message 7088
Performance test message 7089
Performance test message 7090
Performance test message 7091
Performance test message 7092
Performance test message 7093
Performance test message 7094
Performance test message 7095
Performance test message 7096
Performance test message 7097
Performance test message 7098
Performance test message 7099
Performance test message 7100
Performance test message 7101
Performance test message 7102
Performance test message 7103
Performance test message 7104
Performance test message 7105
Performance test message 7106
Performance test message 7107
Performance test message 7108
Performance test message 7109
Performance test message 7110
Performance test message 7111
Performance test message 7112
Performance test message 7113
Performance test message 7114
Performance test message 7115
Performance test message 7116
Performance test message 7117
Performance test message 7118
Performance test message 7119
Performance test message 7120
Performance test message 7121
Performance test message 7122
Performance test message 7123
Performance test message 7124
Performance test message 7125
Performance test message 7126
Performance test message 7127
Performance test message 7128
Performance test message 7129
Performance test message 7130
Performance test message 7131
Performance test message 7132
Performance test message 7133
Performance test message 7134
Performance test message 7135
Performance test message 7136
Performance test message 7137
Performance test message 7138
Performance test message 7139
Performance test message 7140
Performance test message 7141
Performance test message 7142
Performance test message 7143
Performance test message 7144
Performance test message 7145
Performance test message 7146
Performance test message 7147
Performance test message 7148
Performance test message 7149
Performance test message 7150
Performance test message 7151
Performance test message 7152
Performance test message 7153
Performance test message 7154
Performance test message 7155
Performance test message 7156
Performance test message 7157
Performance test message 7158
Performance test message 7159
Performance test message 7160
Performance test message 7161
Performance test message 7162
Performance test message 7163
Performance test message 7164
Performance test message 7165
Performance test message 7166
Performance test message 7167
Performance test message 7168
Performance test message 7169
Performance test message 7170
Performance test message 7171
Performance test message 7172
Performance test message 7173
Performance test message 7174
Performance test message 7175
Performance test message 7176
Performance test message 7177
Performance test message 7178
Performance test message 7179
Performance test message 7180
Performance test message 7181
Performance test message 7182
Performance test message 7183
Performance test message 7184
Performance test message 7185
Performance test message 7186
Performance test message 7187
Performance test message 7188
Performance test message 7189
Performance test message 7190
Performance test message 7191
Performance test message 7192
Performance test message 7193
Performance test message 7194
Performance test message 7195
Performance test message 7196
Performance test message 7197
Performance test message 7198
Performance test message 7199
Performance test message 7200
Performance test message 7201
Performance test message 7202
Performance test message 7203
Performance test message 7204
Performance test message 7205
Performance test message 7206
Performance test message 7207
Performance test message 7208
Performance test message 7209
Performance test message 7210
Performance test message 7211
Performance test message 7212
Performance test message 7213
Performance test message 7214
Performance test message 7215
Performance test message 7216
Performance test message 7217
Performance test message 7218
Performance test message 7219
Performance test message 7220
Performance test message 7221
Performance test message 7222
Performance test message 7223
Performance test message 7224
Performance test message 7225
Performance test message 7226
Performance test message 7227
Performance test message 7228
Performance test message 7229
Performance test message 7230
Performance test message 7231
Performance test message 7232
Performance test message 7233
Performance test message 7234
Performance test message 7235
Performance test message 7236
Performance test message 7237
Performance test message 7238
Performance test message 7239
Performance test message 7240
Performance test message 7241
Performance test message 7242
Performance test message 7243
Performance test message 7244
Performance test message 7245
Performance test message 7246
Performance test message 7247
Performance test message 7248
Performance test message 7249
Performance test message 7250
Performance test message 7251
Performance test message 7252
Performance test message 7253
Performance test message 7254
Performance test message 7255
Performance test message 7256
Performance test message 7257
Performance test message 7258
Performance test message 7259
Performance test message 7260
Performance test message 7261
Performance test message 7262
Performance test message 7263
Performance test message 7264
Performance test message 7265
Performance test message 7266
Performance test message 7267
Performance test message 7268
Performance test message 7269
Performance test message 7270
Performance test message 7271
Performance test message 7272
Performance test message 7273
Performance test message 7274
Performance test message 7275
Performance test message 7276
Performance test message 7277
Performance test message 7278
Performance test message 7279
Performance test message 7280
Performance test message 7281
Performance test message 7282
Performance test message 7283
Performance test message 7284
Performance test message 7285
Performance test message 7286
Performance test message 7287
Performance test message 7288
Performance test message 7289
Performance test message 7290
Performance test message 7291
Performance test message 7292
Performance test message 7293
Performance test message 7294
Performance test message 7295
Performance test message 7296
Performance test message 7297
Performance test message 7298
Performance test message 7299
Performance test message 7300
Performance test message 7301
Performance test message 7302
Performance test message 7303
Performance test message 7304
Performance test message 7305
Performance test message 7306
Performance test message 7307
Performance test message 7308
Performance test message 7309
Performance test message 7310
Performance test message 7311
Performance test message 7312
Performance test message 7313
Performance test message 7314
Performance test message 7315
Performance test message 7316
Performance test message 7317
Performance test message 7318
Performance test message 7319
Performance test message 7320
Performance test message 7321
Performance test message 7322
Performance test message 7323
Performance test message 7324
Performance test message 7325
Performance test message 7326
Performance test message 7327
Performance test message 7328
Performance test message 7329
Performance test message 7330
Performance test message 7331
Performance test message 7332
Performance test message 7333
Performance test message 7334
Performance test message 7335
Performance test message 7336
Performance test message 7337
Performance test message 7338
Performance test message 7339
Performance test message 7340
Performance test message 7341
Performance test message 7342
Performance test message 7343
Performance test message 7344
Performance test message 7345
Performance test message 7346
Performance test message 7347
Performance test message 7348
Performance test message 7349
Performance test message 7350
Performance test message 7351
Performance test message 7352
Performance test message 7353
Performance test message 7354
Performance test message 7355
Performance test message 7356
Performance test message 7357
Performance test message 7358
Performance test message 7359
Performance test message 7360
Performance test message 7361
Performance test message 7362
Performance test message 7363
Performance test message 7364
Performance test message 7365
Performance test message 7366
Performance test message 7367
Performance test message 7368
Performance test message 7369
Performance test message 7370
Performance test message 7371
Performance test message 7372
Performance test message 7373
Performance test message 7374
Performance test message 7375
Performance test message 7376
Performance test message 7377
Performance test message 7378
Performance test message 7379
Performance test message 7380
Performance test message 7381
Performance test message 7382
Performance test message 7383
Performance test message 7384
Performance test message 7385
Performance test message 7386
Performance test message 7387
Performance test message 7388
Performance test message 7389
Performance test message 7390
Performance test message 7391
Performance test message 7392
Performance test message 7393
Performance test message 7394
Performance test message 7395
Performance test message 7396
Performance test message 7397
Performance test message 7398
Performance test message 7399
Performance test message 7400
Performance test message 7401
Performance test message 7402
Performance test message 7403
Performance test message 7404
Performance test message 7405
Performance test message 7406
Performance test message 7407
Performance test message 7408
Performance test message 7409
Performance test message 7410
Performance test message 7411
Performance test message 7412
Performance test message 7413
Performance test message 7414
Performance test message 7415
Performance test message 7416
Performance test message 7417
Performance test message 7418
Performance test message 7419
Performance test message 7420
Performance test message 7421
Performance test message 7422
Performance test message 7423
Performance test message 7424
Performance test message 7425
Performance test message 7426
Performance test message 7427
Performance test message 7428
Performance test message 7429
Performance test message 7430
Performance test message 7431
Performance test message 7432
Performance test message 7433
Performance test message 7434
Performance test message 7435
Performance test message 7436
Performance test message 7437
Performance test message 7438
Performance test message 7439
Performance test message 7440
Performance test message 7441
Performance test message 7442
Performance test message 7443
Performance test message 7444
Performance test message 7445
Performance test message 7446
Performance test message 7447
Performance test message 7448
Performance test message 7449
Performance test message 7450
Performance test message 7451
Performance test message 7452
Performance test message 7453
Performance test message 7454
Performance test message 7455
Performance test message 7456
Performance test message 7457
Performance test message 7458
Performance test message 7459
Performance test message 7460
Performance test message 7461
Performance test message 7462
Performance test message 7463
Performance test message 7464
Performance test message 7465
Performance test message 7466
Performance test message 7467
Performance test message 7468
Performance test message 7469
Performance test message 7470
Performance test message 7471
Performance test message 7472
Performance test message 7473
Performance test message 7474
Performance test message 7475
Performance test message 7476
Performance test message 7477
Performance test message 7478
Performance test message 7479
Performance test message 7480
Performance test message 7481
Performance test message 7482
Performance test message 7483
Performance test message 7484
Performance test message 7485
Performance test message 7486
Performance test message 7487
Performance test message 7488
Performance test message 7489
Performance test message 7490
Performance test message 7491
Performance test message 7492
Performance test message 7493
Performance test message 7494
Performance test message 7495
Performance test message 7496
Performance test message 7497
Performance test message 7498
Performance test message 7499
Performance test message 7500
Performance test message 7501
Performance test message 7502
Performance test message 7503
Performance test message 7504
Performance test message 7505
Performance test message 7506
Performance test message 7507
Performance test message 7508
Performance test message 7509
Performance test message 7510
Performance test message 7511
Performance test message 7512
Performance test message 7513
Performance test message 7514
Performance test message 7515
Performance test message 7516
Performance test message 7517
Performance test message 7518
Performance test message 7519
Performance test message 7520
Performance test message 7521
Performance test message 7522
Performance test message 7523
Performance test message 7524
Performance test message 7525
Performance test message 7526
Performance test message 7527
Performance test message 7528
Performance test message 7529
Performance test message 7530
Performance test message 7531
Performance test message 7532
Performance test message 7533
Performance test message 7534
Performance test message 7535
Performance test message 7536
Performance test message 7537
Performance test message 7538
Performance test message 7539
Performance test message 7540
Performance test message 7541
Performance test message 7542
Performance test message 7543
Performance test message 7544
Performance test message 7545
Performance test message 7546
Performance test message 7547
Performance test message 7548
Performance test message 7549
Performance test message 7550
Performance test message 7551
Performance test message 7552
Performance test message 7553
Performance test message 7554
Performance test message 7555
Performance test message 7556
Performance test message 7557
Performance test message 7558
Performance test message 7559
Performance test message 7560
Performance test message 7561
Performance test message 7562
Performance test message 7563
Performance test message 7564
Performance test message 7565
Performance test message 7566
Performance test message 7567
Performance test message 7568
Performance test message 7569
Performance test message 7570
Performance test message 7571
Performance test message 7572
Performance test message 7573
Performance test message 7574
Performance test message 7575
Performance test message 7576
Performance test message 7577
Performance test message 7578
Performance test message 7579
Performance test message 7580
Performance test message 7581
Performance test message 7582
Performance test message 7583
Performance test message 7584
Performance test message 7585
Performance test message 7586
Performance test message 7587
Performance test message 7588
Performance test message 7589
Performance test message 7590
Performance test message 7591
Performance test message 7592
Performance test message 7593
Performance test message 7594
Performance test message 7595
Performance test message 7596
Performance test message 7597
Performance test message 7598
Performance test message 7599
Performance test message 7600
Performance test message 7601
Performance test message 7602
Performance test message 7603
Performance test message 7604
Performance test message 7605
Performance test message 7606
Performance test message 7607
Performance test message 7608
Performance test message 7609
Performance test message 7610
Performance test message 7611
Performance test message 7612
Performance test message 7613
Performance test message 7614
Performance test message 7615
Performance test message 7616
Performance test message 7617
Performance test message 7618
Performance test message 7619
Performance test message 7620
Performance test message 7621
Performance test message 7622
Performance test message 7623
Performance test message 7624
Performance test message 7625
Performance test message 7626
Performance test message 7627
Performance test message 7628
Performance test message 7629
Performance test message 7630
Performance test message 7631
Performance test message 7632
Performance test message 7633
Performance test message 7634
Performance test message 7635
Performance test message 7636
Performance test message 7637
Performance test message 7638
Performance test message 7639
Performance test message 7640
Performance test message 7641
Performance test message 7642
Performance test message 7643
Performance test message 7644
Performance test message 7645
Performance test message 7646
Performance test message 7647
Performance test message 7648
Performance test message 7649
Performance test message 7650
Performance test message 7651
Performance test message 7652
Performance test message 7653
Performance test message 7654
Performance test message 7655
Performance test message 7656
Performance test message 7657
Performance test message 7658
Performance test message 7659
Performance test message 7660
Performance test message 7661
Performance test message 7662
Performance test message 7663
Performance test message 7664
Performance test message 7665
Performance test message 7666
Performance test message 7667
Performance test message 7668
Performance test message 7669
Performance test message 7670
Performance test message 7671
Performance test message 7672
Performance test message 7673
Performance test message 7674
Performance test message 7675
Performance test message 7676
Performance test message 7677
Performance test message 7678
Performance test message 7679
Performance test message 7680
Performance test message 7681
Performance test message 7682
Performance test message 7683
Performance test message 7684
Performance test message 7685
Performance test message 7686
Performance test message 7687
Performance test message 7688
Performance test message 7689
Performance test message 7690
Performance test message 7691
Performance test message 7692
Performance test message 7693
Performance test message 7694
Performance test message 7695
Performance test message 7696
Performance test message 7697
Performance test message 7698
Performance test message 7699
Performance test message 7700
Performance test message 7701
Performance test message 7702
Performance test message 7703
Performance test message 7704
Performance test message 7705
Performance test message 7706
Performance test message 7707
Performance test message 7708
Performance test message 7709
Performance test message 7710
Performance test message 7711
Performance test message 7712
Performance test message 7713
Performance test message 7714
Performance test message 7715
Performance test message 7716
Performance test message 7717
Performance test message 7718
Performance test message 7719
Performance test message 7720
Performance test message 7721
Performance test message 7722
Performance test message 7723
Performance test message 7724
Performance test message 7725
Performance test message 7726
Performance test message 7727
Performance test message 7728
Performance test message 7729
Performance test message 7730
Performance test message 7731
Performance test message 7732
Performance test message 7733
Performance test message 7734
Performance test message 7735
Performance test message 7736
Performance test message 7737
Performance test message 7738
Performance test message 7739
Performance test message 7740
Performance test message 7741
Performance test message 7742
Performance test message 7743
Performance test message 7744
Performance test message 7745
Performance test message 7746
Performance test message 7747
Performance test message 7748
Performance test message 7749
Performance test message 7750
Performance test message 7751
Performance test message 7752
Performance test message 7753
Performance test message 7754
Performance test message 7755
Performance test message 7756
Performance test message 7757
Performance test message 7758
Performance test message 7759
Performance test message 7760
Performance test message 7761
Performance test message 7762
Performance test message 7763
Performance test message 7764
Performance test message 7765
Performance test message 7766
Performance test message 7767
Performance test message 7768
Performance test message 7769
Performance test message 7770
Performance test message 7771
Performance test message 7772
Performance test message 7773
Performance test message 7774
Performance test message 7775
Performance test message 7776
Performance test message 7777
Performance test message 7778
Performance test message 7779
Performance test message 7780
Performance test message 7781
Performance test message 7782
Performance test message 7783
Performance test message 7784
Performance test message 7785
Performance test message 7786
Performance test message 7787
Performance test message 7788
Performance test message 7789
Performance test message 7790
Performance test message 7791
Performance test message 7792
Performance test message 7793
Performance test message 7794
Performance test message 7795
Performance test message 7796
Performance test message 7797
Performance test message 7798
Performance test message 7799
Performance test message 7800
Performance test message 7801
Performance test message 7802
Performance test message 7803
Performance test message 7804
Performance test message 7805
Performance test message 7806
Performance test message 7807
Performance test message 7808
Performance test message 7809
Performance test message 7810
Performance test message 7811
Performance test message 7812
Performance test message 7813
Performance test message 7814
Performance test message 7815
Performance test message 7816
Performance test message 7817
Performance test message 7818
Performance test message 7819
Performance test message 7820
Performance test message 7821
Performance test message 7822
Performance test message 7823
Performance test message 7824
Performance test message 7825
Performance test message 7826
Performance test message 7827
Performance test message 7828
Performance test message 7829
Performance test message 7830
Performance test message 7831
Performance test message 7832
Performance test message 7833
Performance test message 7834
Performance test message 7835
Performance test message 7836
Performance test message 7837
Performance test message 7838
Performance test message 7839
Performance test message 7840
Performance test message 7841
Performance test message 7842
Performance test message 7843
Performance test message 7844
Performance test message 7845
Performance test message 7846
Performance test message 7847
Performance test message 7848
Performance test message 7849
Performance test message 7850
Performance test message 7851
Performance test message 7852
Performance test message 7853
Performance test message 7854
Performance test message 7855
Performance test message 7856
Performance test message 7857
Performance test message 7858
Performance test message 7859
Performance test message 7860
Performance test message 7861
Performance test message 7862
Performance test message 7863
Performance test message 7864
Performance test message 7865
Performance test message 7866
Performance test message 7867
Performance test message 7868
Performance test message 7869
Performance test message 7870
Performance test message 7871
Performance test message 7872
Performance test message 7873
Performance test message 7874
Performance test message 7875
Performance test message 7876
Performance test message 7877
Performance test message 7878
Performance test message 7879
Performance test message 7880
Performance test message 7881
Performance test message 7882
Performance test message 7883
Performance test message 7884
Performance test message 7885
Performance test message 7886
Performance test message 7887
Performance test message 7888
Performance test message 7889
Performance test message 7890
Performance test message 7891
Performance test message 7892
Performance test message 7893
Performance test message 7894
Performance test message 7895
Performance test message 7896
Performance test message 7897
Performance test message 7898
Performance test message 7899
Performance test message 7900
Performance test message 7901
Performance test message 7902
Performance test message 7903
Performance test message 7904
Performance test message 7905
Performance test message 7906
Performance test message 7907
Performance test message 7908
Performance test message 7909
Performance test message 7910
Performance test message 7911
Performance test message 7912
Performance test message 7913
Performance test message 7914
Performance test message 7915
Performance test message 7916
Performance test message 7917
Performance test message 7918
Performance test message 7919
Performance test message 7920
Performance test message 7921
Performance test message 7922
Performance test message 7923
Performance test message 7924
Performance test message 7925
Performance test message 7926
Performance test message 7927
Performance test message 7928
Performance test message 7929
Performance test message 7930
Performance test message 7931
Performance test message 7932
Performance test message 7933
Performance test message 7934
Performance test message 7935
Performance test message 7936
Performance test message 7937
Performance test message 7938
Performance test message 7939
Performance test message 7940
Performance test message 7941
Performance test message 7942
Performance test message 7943
Performance test message 7944
Performance test message 7945
Performance test message 7946
Performance test message 7947
Performance test message 7948
Performance test message 7949
Performance test message 7950
Performance test message 7951
Performance test message 7952
Performance test message 7953
Performance test message 7954
Performance test message 7955
Performance test message 7956
Performance test message 7957
Performance test message 7958
Performance test message 7959
Performance test message 7960
Performance test message 7961
Performance test message 7962
Performance test message 7963
Performance test message 7964
Performance test message 7965
Performance test message 7966
Performance test message 7967
Performance test message 7968
Performance test message 7969
Performance test message 7970
Performance test message 7971
Performance test message 7972
Performance test message 7973
Performance test message 7974
Performance test message 7975
Performance test message 7976
Performance test message 7977
Performance test message 7978
Performance test message 7979
Performance test message 7980
Performance test message 7981
Performance test message 7982
Performance test message 7983
Performance test message 7984
Performance test message 7985
Performance test message 7986
Performance test message 7987
Performance test message 7988
Performance test message 7989
Performance test message 7990
Performance test message 7991
Performance test message 7992
Performance test message 7993
Performance test message 7994
Performance test message 7995
Performance test message 7996
Performance test message 7997
Performance test message 7998
Performance test message 7999
Performance test message 8000
Performance test message 8001
Performance test message 8002
Performance test message 8003
Performance test message 8004
Performance test message 8005
Performance test message 8006
Performance test message 8007
Performance test message 8008
Performance test message 8009
Performance test message 8010
Performance test message 8011
Performance test message 8012
Performance test message 8013
Performance test message 8014
Performance test message 8015
Performance test message 8016
Performance test message 8017
Performance test message 8018
Performance test message 8019
Performance test message 8020
Performance test message 8021
Performance test message 8022
Performance test message 8023
Performance test message 8024
Performance test message 8025
Performance test message 8026
Performance test message 8027
Performance test message 8028
Performance test message 8029
Performance test message 8030
Performance test message 8031
Performance test message 8032
Performance test message 8033
Performance test message 8034
Performance test message 8035
Performance test message 8036
Performance test message 8037
Performance test message 8038
Performance test message 8039
Performance test message 8040
Performance test message 8041
Performance test message 8042
Performance test message 8043
Performance test message 8044
Performance test message 8045
Performance test message 8046
Performance test message 8047
Performance test message 8048
Performance test message 8049
Performance test message 8050
Performance test message 8051
Performance test message 8052
Performance test message 8053
Performance test message 8054
Performance test message 8055
Performance test message 8056
Performance test message 8057
Performance test message 8058
Performance test message 8059
Performance test message 8060
Performance test message 8061
Performance test message 8062
Performance test message 8063
Performance test message 8064
Performance test message 8065
Performance test message 8066
Performance test message 8067
Performance test message 8068
Performance test message 8069
Performance test message 8070
Performance test message 8071
Performance test message 8072
Performance test message 8073
Performance test message 8074
Performance test message 8075
Performance test message 8076
Performance test message 8077
Performance test message 8078
Performance test message 8079
Performance test message 8080
Performance test message 8081
Performance test message 8082
Performance test message 8083
Performance test message 8084
Performance test message 8085
Performance test message 8086
Performance test message 8087
Performance test message 8088
Performance test message 8089
Performance test message 8090
Performance test message 8091
Performance test message 8092
Performance test message 8093
Performance test message 8094
Performance test message 8095
Performance test message 8096
Performance test message 8097
Performance test message 8098
Performance test message 8099
Performance test message 8100
Performance test message 8101
Performance test message 8102
Performance test message 8103
Performance test message 8104
Performance test message 8105
Performance test message 8106
Performance test message 8107
Performance test message 8108
Performance test message 8109
Performance test message 8110
Performance test message 8111
Performance test message 8112
Performance test message 8113
Performance test message 8114
Performance test message 8115
Performance test message 8116
Performance test message 8117
Performance test message 8118
Performance test message 8119
Performance test message 8120
Performance test message 8121
Performance test message 8122
Performance test message 8123
Performance test message 8124
Performance test message 8125
Performance test message 8126
Performance test message 8127
Performance test message 8128
Performance test message 8129
Performance test message 8130
Performance test message 8131
Performance test message 8132
Performance test message 8133
Performance test message 8134
Performance test message 8135
Performance test message 8136
Performance test message 8137
Performance test message 8138
Performance test message 8139
Performance test message 8140
Performance test message 8141
Performance test message 8142
Performance test message 8143
Performance test message 8144
Performance test message 8145
Performance test message 8146
Performance test message 8147
Performance test message 8148
Performance test message 8149
Performance test message 8150
Performance test message 8151
Performance test message 8152
Performance test message 8153
Performance test message 8154
Performance test message 8155
Performance test message 8156
Performance test message 8157
Performance test message 8158
Performance test message 8159
Performance test message 8160
Performance test message 8161
Performance test message 8162
Performance test message 8163
Performance test message 8164
Performance test message 8165
Performance test message 8166
Performance test message 8167
Performance test message 8168
Performance test message 8169
Performance test message 8170
Performance test message 8171
Performance test message 8172
Performance test message 8173
Performance test message 8174
Performance test message 8175
Performance test message 8176
Performance test message 8177
Performance test message 8178
Performance test message 8179
Performance test message 8180
Performance test message 8181
Performance test message 8182
Performance test message 8183
Performance test message 8184
Performance test message 8185
Performance test message 8186
Performance test message 8187
Performance test message 8188
Performance test message 8189
Performance test message 8190
Performance test message 8191
Performance test message 8192
Performance test message 8193
Performance test message 8194
Performance test message 8195
Performance test message 8196
Performance test message 8197
Performance test message 8198
Performance test message 8199
Performance test message 8200
Performance test message 8201
Performance test message 8202
Performance test message 8203
Performance test message 8204
Performance test message 8205
Performance test message 8206
Performance test message 8207
Performance test message 8208
Performance test message 8209
Performance test message 8210
Performance test message 8211
Performance test message 8212
Performance test message 8213
Performance test message 8214
Performance test message 8215
Performance test message 8216
Performance test message 8217
Performance test message 8218
Performance test message 8219
Performance test message 8220
Performance test message 8221
Performance test message 8222
Performance test message 8223
Performance test message 8224
Performance test message 8225
Performance test message 8226
Performance test message 8227
Performance test message 8228
Performance test message 8229
Performance test message 8230
Performance test message 8231
Performance test message 8232
Performance test message 8233
Performance test message 8234
Performance test message 8235
Performance test message 8236
Performance test message 8237
Performance test message 8238
Performance test message 8239
Performance test message 8240
Performance test message 8241
Performance test message 8242
Performance test message 8243
Performance test message 8244
Performance test message 8245
Performance test message 8246
Performance test message 8247
Performance test message 8248
Performance test message 8249
Performance test message 8250
Performance test message 8251
Performance test message 8252
Performance test message 8253
Performance test message 8254
Performance test message 8255
Performance test message 8256
Performance test message 8257
Performance test message 8258
Performance test message 8259
Performance test message 8260
Performance test message 8261
Performance test message 8262
Performance test message 8263
Performance test message 8264
Performance test message 8265
Performance test message 8266
Performance test message 8267
Performance test message 8268
Performance test message 8269
Performance test message 8270
Performance test message 8271
Performance test message 8272
Performance test message 8273
Performance test message 8274
Performance test message 8275
Performance test message 8276
Performance test message 8277
Performance test message 8278
Performance test message 8279
Performance test message 8280
Performance test message 8281
Performance test message 8282
Performance test message 8283
Performance test message 8284
Performance test message 8285
Performance test message 8286
Performance test message 8287
Performance test message 8288
Performance test message 8289
Performance test message 8290
Performance test message 8291
Performance test message 8292
Performance test message 8293
Performance test message 8294
Performance test message 8295
Performance test message 8296
Performance test message 8297
Performance test message 8298
Performance test message 8299
Performance test message 8300
Performance test message 8301
Performance test message 8302
Performance test message 8303
Performance test message 8304
Performance test message 8305
Performance test message 8306
Performance test message 8307
Performance test message 8308
Performance test message 8309
Performance test message 8310
Performance test message 8311
Performance test message 8312
Performance test message 8313
Performance test message 8314
Performance test message 8315
Performance test message 8316
Performance test message 8317
Performance test message 8318
Performance test message 8319
Performance test message 8320
Performance test message 8321
Performance test message 8322
Performance test message 8323
Performance test message 8324
Performance test message 8325
Performance test message 8326
Performance test message 8327
Performance test message 8328
Performance test message 8329
Performance test message 8330
Performance test message 8331
Performance test message 8332
Performance test message 8333
Performance test message 8334
Performance test message 8335
Performance test message 8336
Performance test message 8337
Performance test message 8338
Performance test message 8339
Performance test message 8340
Performance test message 8341
Performance test message 8342
Performance test message 8343
Performance test message 8344
Performance test message 8345
Performance test message 8346
Performance test message 8347
Performance test message 8348
Performance test message 8349
Performance test message 8350
Performance test message 8351
Performance test message 8352
Performance test message 8353
Performance test message 8354
Performance test message 8355
Performance test message 8356
Performance test message 8357
Performance test message 8358
Performance test message 8359
Performance test message 8360
Performance test message 8361
Performance test message 8362
Performance test message 8363
Performance test message 8364
Performance test message 8365
Performance test message 8366
Performance test message 8367
Performance test message 8368
Performance test message 8369
Performance test message 8370
Performance test message 8371
Performance test message 8372
Performance test message 8373
Performance test message 8374
Performance test message 8375
Performance test message 8376
Performance test message 8377
Performance test message 8378
Performance test message 8379
Performance test message 8380
Performance test message 8381
Performance test message 8382
Performance test message 8383
Performance test message 8384
Performance test message 8385
Performance test message 8386
Performance test message 8387
Performance test message 8388
Performance test message 8389
Performance test message 8390
Performance test message 8391
Performance test message 8392
Performance test message 8393
Performance test message 8394
Performance test message 8395
Performance test message 8396
Performance test message 8397
Performance test message 8398
Performance test message 8399
Performance test message 8400
Performance test message 8401
Performance test message 8402
Performance test message 8403
Performance test message 8404
Performance test message 8405
Performance test message 8406
Performance test message 8407
Performance test message 8408
Performance test message 8409
Performance test message 8410
Performance test message 8411
Performance test message 8412
Performance test message 8413
Performance test message 8414
Performance test message 8415
Performance test message 8416
Performance test message 8417
Performance test message 8418
Performance test message 8419
Performance test message 8420
Performance test message 8421
Performance test message 8422
Performance test message 8423
Performance test message 8424
Performance test message 8425
Performance test message 8426
Performance test message 8427
Performance test message 8428
Performance test message 8429
Performance test message 8430
Performance test message 8431
Performance test message 8432
Performance test message 8433
Performance test message 8434
Performance test message 8435
Performance test message 8436
Performance test message 8437
Performance test message 8438
Performance test message 8439
Performance test message 8440
Performance test message 8441
Performance test message 8442
Performance test message 8443
Performance test message 8444
Performance test message 8445
Performance test message 8446
Performance test message 8447
Performance test message 8448
Performance test message 8449
Performance test message 8450
Performance test message 8451
Performance test message 8452
Performance test message 8453
Performance test message 8454
Performance test message 8455
Performance test message 8456
Performance test message 8457
Performance test message 8458
Performance test message 8459
Performance test message 8460
Performance test message 8461
Performance test message 8462
Performance test message 8463
Performance test message 8464
Performance test message 8465
Performance test message 8466
Performance test message 8467
Performance test message 8468
Performance test message 8469
Performance test message 8470
Performance test message 8471
Performance test message 8472
Performance test message 8473
Performance test message 8474
Performance test message 8475
Performance test message 8476
Performance test message 8477
Performance test message 8478
Performance test message 8479
Performance test message 8480
Performance test message 8481
Performance test message 8482
Performance test message 8483
Performance test message 8484
Performance test message 8485
Performance test message 8486
Performance test message 8487
Performance test message 8488
Performance test message 8489
Performance test message 8490
Performance test message 8491
Performance test message 8492
Performance test message 8493
Performance test message 8494
Performance test message 8495
Performance test message 8496
Performance test message 8497
Performance test message 8498
Performance test message 8499
Performance test message 8500
Performance test message 8501
Performance test message 8502
Performance test message 8503
Performance test message 8504
Performance test message 8505
Performance test message 8506
Performance test message 8507
Performance test message 8508
Performance test message 8509
Performance test message 8510
Performance test message 8511
Performance test message 8512
Performance test message 8513
Performance test message 8514
Performance test message 8515
Performance test message 8516
Performance test message 8517
Performance test message 8518
Performance test message 8519
Performance test message 8520
Performance test message 8521
Performance test message 8522
Performance test message 8523
Performance test message 8524
Performance test message 8525
Performance test message 8526
Performance test message 8527
Performance test message 8528
Performance test message 8529
Performance test message 8530
Performance test message 8531
Performance test message 8532
Performance test message 8533
Performance test message 8534
Performance test message 8535
Performance test message 8536
Performance test message 8537
Performance test message 8538
Performance test message 8539
Performance test message 8540
Performance test message 8541
Performance test message 8542
Performance test message 8543
Performance test message 8544
Performance test message 8545
Performance test message 8546
Performance test message 8547
Performance test message 8548
Performance test message 8549
Performance test message 8550
Performance test message 8551
Performance test message 8552
Performance test message 8553
Performance test message 8554
Performance test message 8555
Performance test message 8556
Performance test message 8557
Performance test message 8558
Performance test message 8559
Performance test message 8560
Performance test message 8561
Performance test message 8562
Performance test message 8563
Performance test message 8564
Performance test message 8565
Performance test message 8566
Performance test message 8567
Performance test message 8568
Performance test message 8569
Performance test message 8570
Performance test message 8571
Performance test message 8572
Performance test message 8573
Performance test message 8574
Performance test message 8575
Performance test message 8576
Performance test message 8577
Performance test message 8578
Performance test message 8579
Performance test message 8580
Performance test message 8581
Performance test message 8582
Performance test message 8583
Performance test message 8584
Performance test message 8585
Performance test message 8586
Performance test message 8587
Performance test message 8588
Performance test message 8589
Performance test message 8590
Performance test message 8591
Performance test message 8592
Performance test message 8593
Performance test message 8594
Performance test message 8595
Performance test message 8596
Performance test message 8597
Performance test message 8598
Performance test message 8599
Performance test message 8600
Performance test message 8601
Performance test message 8602
Performance test message 8603
Performance test message 8604
Performance test message 8605
Performance test message 8606
Performance test message 8607
Performance test message 8608
Performance test message 8609
Performance test message 8610
Performance test message 8611
Performance test message 8612
Performance test message 8613
Performance test message 8614
Performance test message 8615
Performance test message 8616
Performance test message 8617
Performance test message 8618
Performance test message 8619
Performance test message 8620
Performance test message 8621
Performance test message 8622
Performance test message 8623
Performance test message 8624
Performance test message 8625
Performance test message 8626
Performance test message 8627
Performance test message 8628
Performance test message 8629
Performance test message 8630
Performance test message 8631
Performance test message 8632
Performance test message 8633
Performance test message 8634
Performance test message 8635
Performance test message 8636
Performance test message 8637
Performance test message 8638
Performance test message 8639
Performance test message 8640
Performance test message 8641
Performance test message 8642
Performance test message 8643
Performance test message 8644
Performance test message 8645
Performance test message 8646
Performance test message 8647
Performance test message 8648
Performance test message 8649
Performance test message 8650
Performance test message 8651
Performance test message 8652
Performance test message 8653
Performance test message 8654
Performance test message 8655
Performance test message 8656
Performance test message 8657
Performance test message 8658
Performance test message 8659
Performance test message 8660
Performance test message 8661
Performance test message 8662
Performance test message 8663
Performance test message 8664
Performance test message 8665
Performance test message 8666
Performance test message 8667
Performance test message 8668
Performance test message 8669
Performance test message 8670
Performance test message 8671
Performance test message 8672
Performance test message 8673
Performance test message 8674
Performance test message 8675
Performance test message 8676
Performance test message 8677
Performance test message 8678
Performance test message 8679
Performance test message 8680
Performance test message 8681
Performance test message 8682
Performance test message 8683
Performance test message 8684
Performance test message 8685
Performance test message 8686
Performance test message 8687
Performance test message 8688
Performance test message 8689
Performance test message 8690
Performance test message 8691
Performance test message 8692
Performance test message 8693
Performance test message 8694
Performance test message 8695
Performance test message 8696
Performance test message 8697
Performance test message 8698
Performance test message 8699
Performance test message 8700
Performance test message 8701
Performance test message 8702
Performance test message 8703
Performance test message 8704
Performance test message 8705
Performance test message 8706
Performance test message 8707
Performance test message 8708
Performance test message 8709
Performance test message 8710
Performance test message 8711
Performance test message 8712
Performance test message 8713
Performance test message 8714
Performance test message 8715
Performance test message 8716
Performance test message 8717
Performance test message 8718
Performance test message 8719
Performance test message 8720
Performance test message 8721
Performance test message 8722
Performance test message 8723
Performance test message 8724
Performance test message 8725
Performance test message 8726
Performance test message 8727
Performance test message 8728
Performance test message 8729
Performance test message 8730
Performance test message 8731
Performance test message 8732
Performance test message 8733
Performance test message 8734
Performance test message 8735
Performance test message 8736
Performance test message 8737
Performance test message 8738
Performance test message 8739
Performance test message 8740
Performance test message 8741
Performance test message 8742
Performance test message 8743
Performance test message 8744
Performance test message 8745
Performance test message 8746
Performance test message 8747
Performance test message 8748
Performance test message 8749
Performance test message 8750
Performance test message 8751
Performance test message 8752
Performance test message 8753
Performance test message 8754
Performance test message 8755
Performance test message 8756
Performance test message 8757
Performance test message 8758
Performance test message 8759
Performance test message 8760
Performance test message 8761
Performance test message 8762
Performance test message 8763
Performance test message 8764
Performance test message 8765
Performance test message 8766
Performance test message 8767
Performance test message 8768
Performance test message 8769
Performance test message 8770
Performance test message 8771
Performance test message 8772
Performance test message 8773
Performance test message 8774
Performance test message 8775
Performance test message 8776
Performance test message 8777
Performance test message 8778
Performance test message 8779
Performance test message 8780
Performance test message 8781
Performance test message 8782
Performance test message 8783
Performance test message 8784
Performance test message 8785
Performance test message 8786
Performance test message 8787
Performance test message 8788
Performance test message 8789
Performance test message 8790
Performance test message 8791
Performance test message 8792
Performance test message 8793
Performance test message 8794
Performance test message 8795
Performance test message 8796
Performance test message 8797
Performance test message 8798
Performance test message 8799
Performance test message 8800
Performance test message 8801
Performance test message 8802
Performance test message 8803
Performance test message 8804
Performance test message 8805
Performance test message 8806
Performance test message 8807
Performance test message 8808
Performance test message 8809
Performance test message 8810
Performance test message 8811
Performance test message 8812
Performance test message 8813
Performance test message 8814
Performance test message 8815
Performance test message 8816
Performance test message 8817
Performance test message 8818
Performance test message 8819
Performance test message 8820
Performance test message 8821
Performance test message 8822
Performance test message 8823
Performance test message 8824
Performance test message 8825
Performance test message 8826
Performance test message 8827
Performance test message 8828
Performance test message 8829
Performance test message 8830
Performance test message 8831
Performance test message 8832
Performance test message 8833
Performance test message 8834
Performance test message 8835
Performance test message 8836
Performance test message 8837
Performance test message 8838
Performance test message 8839
Performance test message 8840
Performance test message 8841
Performance test message 8842
Performance test message 8843
Performance test message 8844
Performance test message 8845
Performance test message 8846
Performance test message 8847
Performance test message 8848
Performance test message 8849
Performance test message 8850
Performance test message 8851
Performance test message 8852
Performance test message 8853
Performance test message 8854
Performance test message 8855
Performance test message 8856
Performance test message 8857
Performance test message 8858
Performance test message 8859
Performance test message 8860
Performance test message 8861
Performance test message 8862
Performance test message 8863
Performance test message 8864
Performance test message 8865
Performance test message 8866
Performance test message 8867
Performance test message 8868
Performance test message 8869
Performance test message 8870
Performance test message 8871
Performance test message 8872
Performance test message 8873
Performance test message 8874
Performance test message 8875
Performance test message 8876
Performance test message 8877
Performance test message 8878
Performance test message 8879
Performance test message 8880
Performance test message 8881
Performance test message 8882
Performance test message 8883
Performance test message 8884
Performance test message 8885
Performance test message 8886
Performance test message 8887
Performance test message 8888
Performance test message 8889
Performance test message 8890
Performance test message 8891
Performance test message 8892
Performance test message 8893
Performance test message 8894
Performance test message 8895
Performance test message 8896
Performance test message 8897
Performance test message 8898
Performance test message 8899
Performance test message 8900
Performance test message 8901
Performance test message 8902
Performance test message 8903
Performance test message 8904
Performance test message 8905
Performance test message 8906
Performance test message 8907
Performance test message 8908
Performance test message 8909
Performance test message 8910
Performance test message 8911
Performance test message 8912
Performance test message 8913
Performance test message 8914
Performance test message 8915
Performance test message 8916
Performance test message 8917
Performance test message 8918
Performance test message 8919
Performance test message 8920
Performance test message 8921
Performance test message 8922
Performance test message 8923
Performance test message 8924
Performance test message 8925
Performance test message 8926
Performance test message 8927
Performance test message 8928
Performance test message 8929
Performance test message 8930
Performance test message 8931
Performance test message 8932
Performance test message 8933
Performance test message 8934
Performance test message 8935
Performance test message 8936
Performance test message 8937
Performance test message 8938
Performance test message 8939
Performance test message 8940
Performance test message 8941
Performance test message 8942
Performance test message 8943
Performance test message 8944
Performance test message 8945
Performance test message 8946
Performance test message 8947
Performance test message 8948
Performance test message 8949
Performance test message 8950
Performance test message 8951
Performance test message 8952
Performance test message 8953
Performance test message 8954
Performance test message 8955
Performance test message 8956
Performance test message 8957
Performance test message 8958
Performance test message 8959
Performance test message 8960
Performance test message 8961
Performance test message 8962
Performance test message 8963
Performance test message 8964
Performance test message 8965
Performance test message 8966
Performance test message 8967
Performance test message 8968
Performance test message 8969
Performance test message 8970
Performance test message 8971
Performance test message 8972
Performance test message 8973
Performance test message 8974
Performance test message 8975
Performance test message 8976
Performance test message 8977
Performance test message 8978
Performance test message 8979
Performance test message 8980
Performance test message 8981
Performance test message 8982
Performance test message 8983
Performance test message 8984
Performance test message 8985
Performance test message 8986
Performance test message 8987
Performance test message 8988
Performance test message 8989
Performance test message 8990
Performance test message 8991
Performance test message 8992
Performance test message 8993
Performance test message 8994
Performance test message 8995
Performance test message 8996
Performance test message 8997
Performance test message 8998
Performance test message 8999
Performance test message 9000
Performance test message 9001
Performance test message 9002
Performance test message 9003
Performance test message 9004
Performance test message 9005
Performance test message 9006
Performance test message 9007
Performance test message 9008
Performance test message 9009
Performance test message 9010
Performance test message 9011
Performance test message 9012
Performance test message 9013
Performance test message 9014
Performance test message 9015
Performance test message 9016
Performance test message 9017
Performance test message 9018
Performance test message 9019
Performance test message 9020
Performance test message 9021
Performance test message 9022
Performance test message 9023
Performance test message 9024
Performance test message 9025
Performance test message 9026
Performance test message 9027
Performance test message 9028
Performance test message 9029
Performance test message 9030
Performance test message 9031
Performance test message 9032
Performance test message 9033
Performance test message 9034
Performance test message 9035
Performance test message 9036
Performance test message 9037
Performance test message 9038
Performance test message 9039
Performance test message 9040
Performance test message 9041
Performance test message 9042
Performance test message 9043
Performance test message 9044
Performance test message 9045
Performance test message 9046
Performance test message 9047
Performance test message 9048
Performance test message 9049
Performance test message 9050
Performance test message 9051
Performance test message 9052
Performance test message 9053
Performance test message 9054
Performance test message 9055
Performance test message 9056
Performance test message 9057
Performance test message 9058
Performance test message 9059
Performance test message 9060
Performance test message 9061
Performance test message 9062
Performance test message 9063
Performance test message 9064
Performance test message 9065
Performance test message 9066
Performance test message 9067
Performance test message 9068
Performance test message 9069
Performance test message 9070
Performance test message 9071
Performance test message 9072
Performance test message 9073
Performance test message 9074
Performance test message 9075
Performance test message 9076
Performance test message 9077
Performance test message 9078
Performance test message 9079
Performance test message 9080
Performance test message 9081
Performance test message 9082
Performance test message 9083
Performance test message 9084
Performance test message 9085
Performance test message 9086
Performance test message 9087
Performance test message 9088
Performance test message 9089
Performance test message 9090
Performance test message 9091
Performance test message 9092
Performance test message 9093
Performance test message 9094
Performance test message 9095
Performance test message 9096
Performance test message 9097
Performance test message 9098
Performance test message 9099
Performance test message 9100
Performance test message 9101
Performance test message 9102
Performance test message 9103
Performance test message 9104
Performance test message 9105
Performance test message 9106
Performance test message 9107
Performance test message 9108
Performance test message 9109
Performance test message 9110
Performance test message 9111
Performance test message 9112
Performance test message 9113
Performance test message 9114
Performance test message 9115
Performance test message 9116
Performance test message 9117
Performance test message 9118
Performance test message 9119
Performance test message 9120
Performance test message 9121
Performance test message 9122
Performance test message 9123
Performance test message 9124
Performance test message 9125
Performance test message 9126
Performance test message 9127
Performance test message 9128
Performance test message 9129
Performance test message 9130
Performance test message 9131
Performance test message 9132
Performance test message 9133
Performance test message 9134
Performance test message 9135
Performance test message 9136
Performance test message 9137
Performance test message 9138
Performance test message 9139
Performance test message 9140
Performance test message 9141
Performance test message 9142
Performance test message 9143
Performance test message 9144
Performance test message 9145
Performance test message 9146
Performance test message 9147
Performance test message 9148
Performance test message 9149
Performance test message 9150
Performance test message 9151
Performance test message 9152
Performance test message 9153
Performance test message 9154
Performance test message 9155
Performance test message 9156
Performance test message 9157
Performance test message 9158
Performance test message 9159
Performance test message 9160
Performance test message 9161
Performance test message 9162
Performance test message 9163
Performance test message 9164
Performance test message 9165
Performance test message 9166
Performance test message 9167
Performance test message 9168
Performance test message 9169
Performance test message 9170
Performance test message 9171
Performance test message 9172
Performance test message 9173
Performance test message 9174
Performance test message 9175
Performance test message 9176
Performance test message 9177
Performance test message 9178
Performance test message 9179
Performance test message 9180
Performance test message 9181
Performance test message 9182
Performance test message 9183
Performance test message 9184
Performance test message 9185
Performance test message 9186
Performance test message 9187
Performance test message 9188
Performance test message 9189
Performance test message 9190
Performance test message 9191
Performance test message 9192
Performance test message 9193
Performance test message 9194
Performance test message 9195
Performance test message 9196
Performance test message 9197
Performance test message 9198
Performance test message 9199
Performance test message 9200
Performance test message 9201
Performance test message 9202
Performance test message 9203
Performance test message 9204
Performance test message 9205
Performance test message 9206
Performance test message 9207
Performance test message 9208
Performance test message 9209
Performance test message 9210
Performance test message 9211
Performance test message 9212
Performance test message 9213
Performance test message 9214
Performance test message 9215
Performance test message 9216
Performance test message 9217
Performance test message 9218
Performance test message 9219
Performance test message 9220
Performance test message 9221
Performance test message 9222
Performance test message 9223
Performance test message 9224
Performance test message 9225
Performance test message 9226
Performance test message 9227
Performance test message 9228
Performance test message 9229
Performance test message 9230
Performance test message 9231
Performance test message 9232
Performance test message 9233
Performance test message 9234
Performance test message 9235
Performance test message 9236
Performance test message 9237
Performance test message 9238
Performance test message 9239
Performance test message 9240
Performance test message 9241
Performance test message 9242
Performance test message 9243
Performance test message 9244
Performance test message 9245
Performance test message 9246
Performance test message 9247
Performance test message 9248
Performance test message 9249
Performance test message 9250
Performance test message 9251
Performance test message 9252
Performance test message 9253
Performance test message 9254
Performance test message 9255
Performance test message 9256
Performance test message 9257
Performance test message 9258
Performance test message 9259
Performance test message 9260
Performance test message 9261
Performance test message 9262
Performance test message 9263
Performance test message 9264
Performance test message 9265
Performance test message 9266
Performance test message 9267
Performance test message 9268
Performance test message 9269
Performance test message 9270
Performance test message 9271
Performance test message 9272
Performance test message 9273
Performance test message 9274
Performance test message 9275
Performance test message 9276
Performance test message 9277
Performance test message 9278
Performance test message 9279
Performance test message 9280
Performance test message 9281
Performance test message 9282
Performance test message 9283
Performance test message 9284
Performance test message 9285
Performance test message 9286
Performance test message 9287
Performance test message 9288
Performance test message 9289
Performance test message 9290
Performance test message 9291
Performance test message 9292
Performance test message 9293
Performance test message 9294
Performance test message 9295
Performance test message 9296
Performance test message 9297
Performance test message 9298
Performance test message 9299
Performance test message 9300
Performance test message 9301
Performance test message 9302
Performance test message 9303
Performance test message 9304
Performance test message 9305
Performance test message 9306
Performance test message 9307
Performance test message 9308
Performance test message 9309
Performance test message 9310
Performance test message 9311
Performance test message 9312
Performance test message 9313
Performance test message 9314
Performance test message 9315
Performance test message 9316
Performance test message 9317
Performance test message 9318
Performance test message 9319
Performance test message 9320
Performance test message 9321
Performance test message 9322
Performance test message 9323
Performance test message 9324
Performance test message 9325
Performance test message 9326
Performance test message 9327
Performance test message 9328
Performance test message 9329
Performance test message 9330
Performance test message 9331
Performance test message 9332
Performance test message 9333
Performance test message 9334
Performance test message 9335
Performance test message 9336
Performance test message 9337
Performance test message 9338
Performance test message 9339
Performance test message 9340
Performance test message 9341
Performance test message 9342
Performance test message 9343
Performance test message 9344
Performance test message 9345
Performance test message 9346
Performance test message 9347
Performance test message 9348
Performance test message 9349
Performance test message 9350
Performance test message 9351
Performance test message 9352
Performance test message 9353
Performance test message 9354
Performance test message 9355
Performance test message 9356
Performance test message 9357
Performance test message 9358
Performance test message 9359
Performance test message 9360
Performance test message 9361
Performance test message 9362
Performance test message 9363
Performance test message 9364
Performance test message 9365
Performance test message 9366
Performance test message 9367
Performance test message 9368
Performance test message 9369
Performance test message 9370
Performance test message 9371
Performance test message 9372
Performance test message 9373
Performance test message 9374
Performance test message 9375
Performance test message 9376
Performance test message 9377
Performance test message 9378
Performance test message 9379
Performance test message 9380
Performance test message 9381
Performance test message 9382
Performance test message 9383
Performance test message 9384
Performance test message 9385
Performance test message 9386
Performance test message 9387
Performance test message 9388
Performance test message 9389
Performance test message 9390
Performance test message 9391
Performance test message 9392
Performance test message 9393
Performance test message 9394
Performance test message 9395
Performance test message 9396
Performance test message 9397
Performance test message 9398
Performance test message 9399
Performance test message 9400
Performance test message 9401
Performance test message 9402
Performance test message 9403
Performance test message 9404
Performance test message 9405
Performance test message 9406
Performance test message 9407
Performance test message 9408
Performance test message 9409
Performance test message 9410
Performance test message 9411
Performance test message 9412
Performance test message 9413
Performance test message 9414
Performance test message 9415
Performance test message 9416
Performance test message 9417
Performance test message 9418
Performance test message 9419
Performance test message 9420
Performance test message 9421
Performance test message 9422
Performance test message 9423
Performance test message 9424
Performance test message 9425
Performance test message 9426
Performance test message 9427
Performance test message 9428
Performance test message 9429
Performance test message 9430
Performance test message 9431
Performance test message 9432
Performance test message 9433
Performance test message 9434
Performance test message 9435
Performance test message 9436
Performance test message 9437
Performance test message 9438
Performance test message 9439
Performance test message 9440
Performance test message 9441
Performance test message 9442
Performance test message 9443
Performance test message 9444
Performance test message 9445
Performance test message 9446
Performance test message 9447
Performance test message 9448
Performance test message 9449
Performance test message 9450
Performance test message 9451
Performance test message 9452
Performance test message 9453
Performance test message 9454
Performance test message 9455
Performance test message 9456
Performance test message 9457
Performance test message 9458
Performance test message 9459
Performance test message 9460
Performance test message 9461
Performance test message 9462
Performance test message 9463
Performance test message 9464
Performance test message 9465
Performance test message 9466
Performance test message 9467
Performance test message 9468
Performance test message 9469
Performance test message 9470
Performance test message 9471
Performance test message 9472
Performance test message 9473
Performance test message 9474
Performance test message 9475
Performance test message 9476
Performance test message 9477
Performance test message 9478
Performance test message 9479
Performance test message 9480
Performance test message 9481
Performance test message 9482
Performance test message 9483
Performance test message 9484
Performance test message 9485
Performance test message 9486
Performance test message 9487
Performance test message 9488
Performance test message 9489
Performance test message 9490
Performance test message 9491
Performance test message 9492
Performance test message 9493
Performance test message 9494
Performance test message 9495
Performance test message 9496
Performance test message 9497
Performance test message 9498
Performance test message 9499
Performance test message 9500
Performance test message 9501
Performance test message 9502
Performance test message 9503
Performance test message 9504
Performance test message 9505
Performance test message 9506
Performance test message 9507
Performance test message 9508
Performance test message 9509
Performance test message 9510
Performance test message 9511
Performance test message 9512
Performance test message 9513
Performance test message 9514
Performance test message 9515
Performance test message 9516
Performance test message 9517
Performance test message 9518
Performance test message 9519
Performance test message 9520
Performance test message 9521
Performance test message 9522
Performance test message 9523
Performance test message 9524
Performance test message 9525
Performance test message 9526
Performance test message 9527
Performance test message 9528
Performance test message 9529
Performance test message 9530
Performance test message 9531
Performance test message 9532
Performance test message 9533
Performance test message 9534
Performance test message 9535
Performance test message 9536
Performance test message 9537
Performance test message 9538
Performance test message 9539
Performance test message 9540
Performance test message 9541
Performance test message 9542
Performance test message 9543
Performance test message 9544
Performance test message 9545
Performance test message 9546
Performance test message 9547
Performance test message 9548
Performance test message 9549
Performance test message 9550
Performance test message 9551
Performance test message 9552
Performance test message 9553
Performance test message 9554
Performance test message 9555
Performance test message 9556
Performance test message 9557
Performance test message 9558
Performance test message 9559
Performance test message 9560
Performance test message 9561
Performance test message 9562
Performance test message 9563
Performance test message 9564
Performance test message 9565
Performance test message 9566
Performance test message 9567
Performance test message 9568
Performance test message 9569
Performance test message 9570
Performance test message 9571
Performance test message 9572
Performance test message 9573
Performance test message 9574
Performance test message 9575
Performance test message 9576
Performance test message 9577
Performance test message 9578
Performance test message 9579
Performance test message 9580
Performance test message 9581
Performance test message 9582
Performance test message 9583
Performance test message 9584
Performance test message 9585
Performance test message 9586
Performance test message 9587
Performance test message 9588
Performance test message 9589
Performance test message 9590
Performance test message 9591
Performance test message 9592
Performance test message 9593
Performance test message 9594
Performance test message 9595
Performance test message 9596
Performance test message 9597
Performance test message 9598
Performance test message 9599
Performance test message 9600
Performance test message 9601
Performance test message 9602
Performance test message 9603
Performance test message 9604
Performance test message 9605
Performance test message 9606
Performance test message 9607
Performance test message 9608
Performance test message 9609
Performance test message 9610
Performance test message 9611
Performance test message 9612
Performance test message 9613
Performance test message 9614
Performance test message 9615
Performance test message 9616
Performance test message 9617
Performance test message 9618
Performance test message 9619
Performance test message 9620
Performance test message 9621
Performance test message 9622
Performance test message 9623
Performance test message 9624
Performance test message 9625
Performance test message 9626
Performance test message 9627
Performance test message 9628
Performance test message 9629
Performance test message 9630
Performance test message 9631
Performance test message 9632
Performance test message 9633
Performance test message 9634
Performance test message 9635
Performance test message 9636
Performance test message 9637
Performance test message 9638
Performance test message 9639
Performance test message 9640
Performance test message 9641
Performance test message 9642
Performance test message 9643
Performance test message 9644
Performance test message 9645
Performance test message 9646
Performance test message 9647
Performance test message 9648
Performance test message 9649
Performance test message 9650
Performance test message 9651
Performance test message 9652
Performance test message 9653
Performance test message 9654
Performance test message 9655
Performance test message 9656
Performance test message 9657
Performance test message 9658
Performance test message 9659
Performance test message 9660
Performance test message 9661
Performance test message 9662
Performance test message 9663
Performance test message 9664
Performance test message 9665
Performance test message 9666
Performance test message 9667
Performance test message 9668
Performance test message 9669
Performance test message 9670
Performance test message 9671
Performance test message 9672
Performance test message 9673
Performance test message 9674
Performance test message 9675
Performance test message 9676
Performance test message 9677
Performance test message 9678
Performance test message 9679
Performance test message 9680
Performance test message 9681
Performance test message 9682
Performance test message 9683
Performance test message 9684
Performance test message 9685
Performance test message 9686
Performance test message 9687
Performance test message 9688
Performance test message 9689
Performance test message 9690
Performance test message 9691
Performance test message 9692
Performance test message 9693
Performance test message 9694
Performance test message 9695
Performance test message 9696
Performance test message 9697
Performance test message 9698
Performance test message 9699
Performance test message 9700
Performance test message 9701
Performance test message 9702
Performance test message 9703
Performance test message 9704
Performance test message 9705
Performance test message 9706
Performance test message 9707
Performance test message 9708
Performance test message 9709
Performance test message 9710
Performance test message 9711
Performance test message 9712
Performance test message 9713
Performance test message 9714
Performance test message 9715
Performance test message 9716
Performance test message 9717
Performance test message 9718
Performance test message 9719
Performance test message 9720
Performance test message 9721
Performance test message 9722
Performance test message 9723
Performance test message 9724
Performance test message 9725
Performance test message 9726
Performance test message 9727
Performance test message 9728
Performance test message 9729
Performance test message 9730
Performance test message 9731
Performance test message 9732
Performance test message 9733
Performance test message 9734
Performance test message 9735
Performance test message 9736
Performance test message 9737
Performance test message 9738
Performance test message 9739
Performance test message 9740
Performance test message 9741
Performance test message 9742
Performance test message 9743
Performance test message 9744
Performance test message 9745
Performance test message 9746
Performance test message 9747
Performance test message 9748
Performance test message 9749
Performance test message 9750
Performance test message 9751
Performance test message 9752
Performance test message 9753
Performance test message 9754
Performance test message 9755
Performance test message 9756
Performance test message 9757
Performance test message 9758
Performance test message 9759
Performance test message 9760
Performance test message 9761
Performance test message 9762
Performance test message 9763
Performance test message 9764
Performance test message 9765
Performance test message 9766
Performance test message 9767
Performance test message 9768
Performance test message 9769
Performance test message 9770
Performance test message 9771
Performance test message 9772
Performance test message 9773
Performance test message 9774
Performance test message 9775
Performance test message 9776
Performance test message 9777
Performance test message 9778
Performance test message 9779
Performance test message 9780
Performance test message 9781
Performance test message 9782
Performance test message 9783
Performance test message 9784
Performance test message 9785
Performance test message 9786
Performance test message 9787
Performance test message 9788
Performance test message 9789
Performance test message 9790
Performance test message 9791
Performance test message 9792
Performance test message 9793
Performance test message 9794
Performance test message 9795
Performance test message 9796
Performance test message 9797
Performance test message 9798
Performance test message 9799
Performance test message 9800
Performance test message 9801
Performance test message 9802
Performance test message 9803
Performance test message 9804
Performance test message 9805
Performance test message 9806
Performance test message 9807
Performance test message 9808
Performance test message 9809
Performance test message 9810
Performance test message 9811
Performance test message 9812
Performance test message 9813
Performance test message 9814
Performance test message 9815
Performance test message 9816
Performance test message 9817
Performance test message 9818
Performance test message 9819
Performance test message 9820
Performance test message 9821
Performance test message 9822
Performance test message 9823
Performance test message 9824
Performance test message 9825
Performance test message 9826
Performance test message 9827
Performance test message 9828
Performance test message 9829
Performance test message 9830
Performance test message 9831
Performance test message 9832
Performance test message 9833
Performance test message 9834
Performance test message 9835
Performance test message 9836
Performance test message 9837
Performance test message 9838
Performance test message 9839
Performance test message 9840
Performance test message 9841
Performance test message 9842
Performance test message 9843
Performance test message 9844
Performance test message 9845
Performance test message 9846
Performance test message 9847
Performance test message 9848
Performance test message 9849
Performance test message 9850
Performance test message 9851
Performance test message 9852
Performance test message 9853
Performance test message 9854
Performance test message 9855
Performance test message 9856
Performance test message 9857
Performance test message 9858
Performance test message 9859
Performance test message 9860
Performance test message 9861
Performance test message 9862
Performance test message 9863
Performance test message 9864
Performance test message 9865
Performance test message 9866
Performance test message 9867
Performance test message 9868
Performance test message 9869
Performance test message 9870
Performance test message 9871
Performance test message 9872
Performance test message 9873
Performance test message 9874
Performance test message 9875
Performance test message 9876
Performance test message 9877
Performance test message 9878
Performance test message 9879
Performance test message 9880
Performance test message 9881
Performance test message 9882
Performance test message 9883
Performance test message 9884
Performance test message 9885
Performance test message 9886
Performance test message 9887
Performance test message 9888
Performance test message 9889
Performance test message 9890
Performance test message 9891
Performance test message 9892
Performance test message 9893
Performance test message 9894
Performance test message 9895
Performance test message 9896
Performance test message 9897
Performance test message 9898
Performance test message 9899
Performance test message 9900
Performance test message 9901
Performance test message 9902
Performance test message 9903
Performance test message 9904
Performance test message 9905
Performance test message 9906
Performance test message 9907
Performance test message 9908
Performance test message 9909
Performance test message 9910
Performance test message 9911
Performance test message 9912
Performance test message 9913
Performance test message 9914
Performance test message 9915
Performance test message 9916
Performance test message 9917
Performance test message 9918
Performance test message 9919
Performance test message 9920
Performance test message 9921
Performance test message 9922
Performance test message 9923
Performance test message 9924
Performance test message 9925
Performance test message 9926
Performance test message 9927
Performance test message 9928
Performance test message 9929
Performance test message 9930
Performance test message 9931
Performance test message 9932
Performance test message 9933
Performance test message 9934
Performance test message 9935
Performance test message 9936
Performance test message 9937
Performance test message 9938
Performance test message 9939
Performance test message 9940
Performance test message 9941
Performance test message 9942
Performance test message 9943
Performance test message 9944
Performance test message 9945
Performance test message 9946
Performance test message 9947
Performance test message 9948
Performance test message 9949
Performance test message 9950
Performance test message 9951
Performance test message 9952
Performance test message 9953
Performance test message 9954
Performance test message 9955
Performance test message 9956
Performance test message 9957
Performance test message 9958
Performance test message 9959
Performance test message 9960
Performance test message 9961
Performance test message 9962
Performance test message 9963
Performance test message 9964
Performance test message 9965
Performance test message 9966
Performance test message 9967
Performance test message 9968
Performance test message 9969
Performance test message 9970
Performance test message 9971
Performance test message 9972
Performance test message 9973
Performance test message 9974
Performance test message 9975
Performance test message 9976
Performance test message 9977
Performance test message 9978
Performance test message 9979
Performance test message 9980
Performance test message 9981
Performance test message 9982
Performance test message 9983
Performance test message 9984
Performance test message 9985
Performance test message 9986
Performance test message 9987
Performance test message 9988
Performance test message 9989
Performance test message 9990
Performance test message 9991
Performance test message 9992
Performance test message 9993
Performance test message 9994
Performance test message 9995
Performance test message 9996
Performance test message 9997
Performance test message 9998
Performance test message 9999
Performance test message 0
Performance test message 1
Performance test message 2
Performance test message 3
Performance test message 4
Performance test message 5
Performance test message 6
Performance test message 7
Performance test message 8
Performance test message 9
Performance test message 10
Performance test message 11
Performance test message 12
Performance test message 13
Performance test message 14
Performance test message 15
Performance test message 16
Performance test message 17
Performance test message 18
Performance test message 19
Performance test message 20
Performance test message 21
Performance test message 22
Performance test message 23
Performance test message 24
Performance test message 25
Performance test message 26
Performance test message 27
Performance test message 28
Performance test message 29
Performance test message 30
Performance test message 31
Performance test message 32
Performance test message 33
Performance test message 34
Performance test message 35
Performance test message 36
Performance test message 37
Performance test message 38
Performance test message 39
Performance test message 40
Performance test message 41
Performance test message 42
Performance test message 43
Performance test message 44
Performance test message 45
Performance test message 46
Performance test message 47
Performance test message 48
Performance test message 49
Performance test message 50
Performance test message 51
Performance test message 52
Performance test message 53
Performance test message 54
Performance test message 55
Performance test message 56
Performance test message 57
Performance test message 58
Performance test message 59
Performance test message 60
Performance test message 61
Performance test message 62
Performance test message 63
Performance test message 64
Performance test message 65
Performance test message 66
Performance test message 67
Performance test message 68
Performance test message 69
Performance test message 70
Performance test message 71
Performance test message 72
Performance test message 73
Performance test message 74
Performance test message 75
Performance test message 76
Performance test message 77
Performance test message 78
Performance test message 79
Performance test message 80
Performance test message 81
Performance test message 82
Performance test message 83
Performance test message 84
Performance test message 85
Performance test message 86
Performance test message 87
Performance test message 88
Performance test message 89
Performance test message 90
Performance test message 91
Performance test message 92
Performance test message 93
Performance test message 94
Performance test message 95
Performance test message 96
Performance test message 97
Performance test message 98
Performance test message 99
Performance test message 100
Performance test message 101
Performance test message 102
Performance test message 103
Performance test message 104
Performance test message 105
Performance test message 106
Performance test message 107
Performance test message 108
Performance test message 109
Performance test message 110
Performance test message 111
Performance test message 112
Performance test message 113
Performance test message 114
Performance test message 115
Performance test message 116
Performance test message 117
Performance test message 118
Performance test message 119
Performance test message 120
Performance test message 121
Performance test message 122
Performance test message 123
Performance test message 124
Performance test message 125
Performance test message 126
Performance test message 127
Performance test message 128
Performance test message 129
Performance test message 130
Performance test message 131
Performance test message 132
Performance test message 133
Performance test message 134
Performance test message 135
Performance test message 136
Performance test message 137
Performance test message 138
Performance test message 139
Performance test message 140
Performance test message 141
Performance test message 142
Performance test message 143
Performance test message 144
Performance test message 145
Performance test message 146
Performance test message 147
Performance test message 148
Performance test message 149
Performance test message 150
Performance test message 151
Performance test message 152
Performance test message 153
Performance test message 154
Performance test message 155
Performance test message 156
Performance test message 157
Performance test message 158
Performance test message 159
Performance test message 160
Performance test message 161
Performance test message 162
Performance test message 163
Performance test message 164
Performance test message 165
Performance test message 166
Performance test message 167
Performance test message 168
Performance test message 169
Performance test message 170
Performance test message 171
Performance test message 172
Performance test message 173
Performance test message 174
Performance test message 175
Performance test message 176
Performance test message 177
Performance test message 178
Performance test message 179
Performance test message 180
Performance test message 181
Performance test message 182
Performance test message 183
Performance test message 184
Performance test message 185
Performance test message 186
Performance test message 187
Performance test message 188
Performance test message 189
Performance test message 190
Performance test message 191
Performance test message 192
Performance test message 193
Performance test message 194
Performance test message 195
Performance test message 196
Performance test message 197
Performance test message 198
Performance test message 199
Performance test message 200
Performance test message 201
Performance test message 202
Performance test message 203
Performance test message 204
Performance test message 205
Performance test message 206
Performance test message 207
Performance test message 208
Performance test message 209
Performance test message 210
Performance test message 211
Performance test message 212
Performance test message 213
Performance test message 214
Performance test message 215
Performance test message 216
Performance test message 217
Performance test message 218
Performance test message 219
Performance test message 220
Performance test message 221
Performance test message 222
Performance test message 223
Performance test message 224
Performance test message 225
Performance test message 226
Performance test message 227
Performance test message 228
Performance test message 229
Performance test message 230
Performance test message 231
Performance test message 232
Performance test message 233
Performance test message 234
Performance test message 235
Performance test message 236
Performance test message 237
Performance test message 238
Performance test message 239
Performance test message 240
Performance test message 241
Performance test message 242
Performance test message 243
Performance test message 244
Performance test message 245
Performance test message 246
Performance test message 247
Performance test message 248
Performance test message 249
Performance test message 250
Performance test message 251
Performance test message 252
Performance test message 253
Performance test message 254
Performance test message 255
Performance test message 256
Performance test message 257
Performance test message 258
Performance test message 259
Performance test message 260
Performance test message 261
Performance test message 262
Performance test message 263
Performance test message 264
Performance test message 265
Performance test message 266
Performance test message 267
Performance test message 268
Performance test message 269
Performance test message 270
Performance test message 271
Performance test message 272
Performance test message 273
Performance test message 274
Performance test message 275
Performance test message 276
Performance test message 277
Performance test message 278
Performance test message 279
Performance test message 280
Performance test message 281
Performance test message 282
Performance test message 283
Performance test message 284
Performance test message 285
Performance test message 286
Performance test message 287
Performance test message 288
Performance test message 289
Performance test message 290
Performance test message 291
Performance test message 292
Performance test message 293
Performance test message 294
Performance test message 295
Performance test message 296
Performance test message 297
Performance test message 298
Performance test message 299
Performance test message 300
Performance test message 301
Performance test message 302
Performance test message 303
Performance test message 304
Performance test message 305
Performance test message 306
Performance test message 307
Performance test message 308
Performance test message 309
Performance test message 310
Performance test message 311
Performance test message 312
Performance test message 313
Performance test message 314
Performance test message 315
Performance test message 316
Performance test message 317
Performance test message 318
Performance test message 319
Performance test message 320
Performance test message 321
Performance test message 322
Performance test message 323
Performance test message 324
Performance test message 325
Performance test message 326
Performance test message 327
Performance test message 328
Performance test message 329
Performance test message 330
Performance test message 331
Performance test message 332
Performance test message 333
Performance test message 334
Performance test message 335
Performance test message 336
Performance test message 337
Performance test message 338
Performance test message 339
Performance test message 340
Performance test message 341
Performance test message 342
Performance test message 343
Performance test message 344
Performance test message 345
Performance test message 346
Performance test message 347
Performance test message 348
Performance test message 349
Performance test message 350
Performance test message 351
Performance test message 352
Performance test message 353
Performance test message 354
Performance test message 355
Performance test message 356
Performance test message 357
Performance test message 358
Performance test message 359
Performance test message 360
Performance test message 361
Performance test message 362
Performance test message 363
Performance test message 364
Performance test message 365
Performance test message 366
Performance test message 367
Performance test message 368
Performance test message 369
Performance test message 370
Performance test message 371
Performance test message 372
Performance test message 373
Performance test message 374
Performance test message 375
Performance test message 376
Performance test message 377
Performance test message 378
Performance test message 379
Performance test message 380
Performance test message 381
Performance test message 382
Performance test message 383
Performance test message 384
Performance test message 385
Performance test message 386
Performance test message 387
Performance test message 388
Performance test message 389
Performance test message 390
Performance test message 391
Performance test message 392
Performance test message 393
Performance test message 394
Performance test message 395
Performance test message 396
Performance test message 397
Performance test message 398
Performance test message 399
Performance test message 400
Performance test message 401
Performance test message 402
Performance test message 403
Performance test message 404
Performance test message 405
Performance test message 406
Performance test message 407
Performance test message 408
Performance test message 409
Performance test message 410
Performance test message 411
Performance test message 412
Performance test message 413
Performance test message 414
Performance test message 415
Performance test message 416
Performance test message 417
Performance test message 418
Performance test message 419
Performance test message 420
Performance test message 421
Performance test message 422
Performance test message 423
Performance test message 424
Performance test message 425
Performance test message 426
Performance test message 427
Performance test message 428
Performance test message 429
Performance test message 430
Performance test message 431
Performance test message 432
Performance test message 433
Performance test message 434
Performance test message 435
Performance test message 436
Performance test message 437
Performance test message 438
Performance test message 439
Performance test message 440
Performance test message 441
Performance test message 442
Performance test message 443
Performance test message 444
Performance test message 445
Performance test message 446
Performance test message 447
Performance test message 448
Performance test message 449
Performance test message 450
Performance test message 451
Performance test message 452
Performance test message 453
Performance test message 454
Performance test message 455
Performance test message 456
Performance test message 457
Performance test message 458
Performance test message 459
Performance test message 460
Performance test message 461
Performance test message 462
Performance test message 463
Performance test message 464
Performance test message 465
Performance test message 466
Performance test message 467
Performance test message 468
Performance test message 469
Performance test message 470
Performance test message 471
Performance test message 472
Performance test message 473
Performance test message 474
Performance test message 475
Performance test message 476
Performance test message 477
Performance test message 478
Performance test message 479
Performance test message 480
Performance test message 481
Performance test message 482
Performance test message 483
Performance test message 484
Performance test message 485
Performance test message 486
Performance test message 487
Performance test message 488
Performance test message 489
Performance test message 490
Performance test message 491
Performance test message 492
Performance test message 493
Performance test message 494
Performance test message 495
Performance test message 496
Performance test message 497
Performance test message 498
Performance test message 499
Performance test message 500
Performance test message 501
Performance test message 502
Performance test message 503
Performance test message 504
Performance test message 505
Performance test message 506
Performance test message 507
Performance test message 508
Performance test message 509
Performance test message 510
Performance test message 511
Performance test message 512
Performance test message 513
Performance test message 514
Performance test message 515
Performance test message 516
Performance test message 517
Performance test message 518
Performance test message 519
Performance test message 520
Performance test message 521
Performance test message 522
Performance test message 523
Performance test message 524
Performance test message 525
Performance test message 526
Performance test message 527
Performance test message 528
Performance test message 529
Performance test message 530
Performance test message 531
Performance test message 532
Performance test message 533
Performance test message 534
Performance test message 535
Performance test message 536
Performance test message 537
Performance test message 538
Performance test message 539
Performance test message 540
Performance test message 541
Performance test message 542
Performance test message 543
Performance test message 544
Performance test message 545
Performance test message 546
Performance test message 547
Performance test message 548
Performance test message 549
Performance test message 550
Performance test message 551
Performance test message 552
Performance test message 553
Performance test message 554
Performance test message 555
Performance test message 556
Performance test message 557
Performance test message 558
Performance test message 559
Performance test message 560
Performance test message 561
Performance test message 562
Performance test message 563
Performance test message 564
Performance test message 565
Performance test message 566
Performance test message 567
Performance test message 568
Performance test message 569
Performance test message 570
Performance test message 571
Performance test message 572
Performance test message 573
Performance test message 574
Performance test message 575
Performance test message 576
Performance test message 577
Performance test message 578
Performance test message 579
Performance test message 580
Performance test message 581
Performance test message 582
Performance test message 583
Performance test message 584
Performance test message 585
Performance test message 586
Performance test message 587
Performance test message 588
Performance test message 589
Performance test message 590
Performance test message 591
Performance test message 592
Performance test message 593
Performance test message 594
Performance test message 595
Performance test message 596
Performance test message 597
Performance test message 598
Performance test message 599
Performance test message 600
Performance test message 601
Performance test message 602
Performance test message 603
Performance test message 604
Performance test message 605
Performance test message 606
Performance test message 607
Performance test message 608
Performance test message 609
Performance test message 610
Performance test message 611
Performance test message 612
Performance test message 613
Performance test message 614
Performance test message 615
Performance test message 616
Performance test message 617
Performance test message 618
Performance test message 619
Performance test message 620
Performance test message 621
Performance test message 622
Performance test message 623
Performance test message 624
Performance test message 625
Performance test message 626
Performance test message 627
Performance test message 628
Performance test message 629
Performance test message 630
Performance test message 631
Performance test message 632
Performance test message 633
Performance test message 634
Performance test message 635
Performance test message 636
Performance test message 637
Performance test message 638
Performance test message 639
Performance test message 640
Performance test message 641
Performance test message 642
Performance test message 643
Performance test message 644
Performance test message 645
Performance test message 646
Performance test message 647
Performance test message 648
Performance test message 649
Performance test message 650
Performance test message 651
Performance test message 652
Performance test message 653
Performance test message 654
Performance test message 655
Performance test message 656
Performance test message 657
Performance test message 658
Performance test message 659
Performance test message 660
Performance test message 661
Performance test message 662
Performance test message 663
Performance test message 664
Performance test message 665
Performance test message 666
Performance test message 667
Performance test message 668
Performance test message 669
Performance test message 670
Performance test message 671
Performance test message 672
Performance test message 673
Performance test message 674
Performance test message 675
Performance test message 676
Performance test message 677
Performance test message 678
Performance test message 679
Performance test message 680
Performance test message 681
Performance test message 682
Performance test message 683
Performance test message 684
Performance test message 685
Performance test message 686
Performance test message 687
Performance test message 688
Performance test message 689
Performance test message 690
Performance test message 691
Performance test message 692
Performance test message 693
Performance test message 694
Performance test message 695
Performance test message 696
Performance test message 697
Performance test message 698
Performance test message 699
Performance test message 700
Performance test message 701
Performance test message 702
Performance test message 703
Performance test message 704
Performance test message 705
Performance test message 706
Performance test message 707
Performance test message 708
Performance test message 709
Performance test message 710
Performance test message 711
Performance test message 712
Performance test message 713
Performance test message 714
Performance test message 715
Performance test message 716
Performance test message 717
Performance test message 718
Performance test message 719
Performance test message 720
Performance test message 721
Performance test message 722
Performance test message 723
Performance test message 724
Performance test message 725
Performance test message 726
Performance test message 727
Performance test message 728
Performance test message 729
Performance test message 730
Performance test message 731
Performance test message 732
Performance test message 733
Performance test message 734
Performance test message 735
Performance test message 736
Performance test message 737
Performance test message 738
Performance test message 739
Performance test message 740
Performance test message 741
Performance test message 742
Performance test message 743
Performance test message 744
Performance test message 745
Performance test message 746
Performance test message 747
Performance test message 748
Performance test message 749
Performance test message 750
Performance test message 751
Performance test message 752
Performance test message 753
Performance test message 754
Performance test message 755
Performance test message 756
Performance test message 757
Performance test message 758
Performance test message 759
Performance test message 760
Performance test message 761
Performance test message 762
Performance test message 763
Performance test message 764
Performance test message 765
Performance test message 766
Performance test message 767
Performance test message 768
Performance test message 769
Performance test message 770
Performance test message 771
Performance test message 772
Performance test message 773
Performance test message 774
Performance test message 775
Performance test message 776
Performance test message 777
Performance test message 778
Performance test message 779
Performance test message 780
Performance test message 781
Performance test message 782
Performance test message 783
Performance test message 784
Performance test message 785
Performance test message 786
Performance test message 787
Performance test message 788
Performance test message 789
Performance test message 790
Performance test message 791
Performance test message 792
Performance test message 793
Performance test message 794
Performance test message 795
Performance test message 796
Performance test message 797
Performance test message 798
Performance test message 799
Performance test message 800
Performance test message 801
Performance test message 802
Performance test message 803
Performance test message 804
Performance test message 805
Performance test message 806
Performance test message 807
Performance test message 808
Performance test message 809
Performance test message 810
Performance test message 811
Performance test message 812
Performance test message 813
Performance test message 814
Performance test message 815
Performance test message 816
Performance test message 817
Performance test message 818
Performance test message 819
Performance test message 820
Performance test message 821
Performance test message 822
Performance test message 823
Performance test message 824
Performance test message 825
Performance test message 826
Performance test message 827
Performance test message 828
Performance test message 829
Performance test message 830
Performance test message 831
Performance test message 832
Performance test message 833
Performance test message 834
Performance test message 835
Performance test message 836
Performance test message 837
Performance test message 838
Performance test message 839
Performance test message 840
Performance test message 841
Performance test message 842
Performance test message 843
Performance test message 844
Performance test message 845
Performance test message 846
Performance test message 847
Performance test message 848
Performance test message 849
Performance test message 850
Performance test message 851
Performance test message 852
Performance test message 853
Performance test message 854
Performance test message 855
Performance test message 856
Performance test message 857
Performance test message 858
Performance test message 859
Performance test message 860
Performance test message 861
Performance test message 862
Performance test message 863
Performance test message 864
Performance test message 865
Performance test message 866
Performance test message 867
Performance test message 868
Performance test message 869
Performance test message 870
Performance test message 871
Performance test message 872
Performance test message 873
Performance test message 874
Performance test message 875
Performance test message 876
Performance test message 877
Performance test message 878
Performance test message 879
Performance test message 880
Performance test message 881
Performance test message 882
Performance test message 883
Performance test message 884
Performance test message 885
Performance test message 886
Performance test message 887
Performance test message 888
Performance test message 889
Performance test message 890
Performance test message 891
Performance test message 892
Performance test message 893
Performance test message 894
Performance test message 895
Performance test message 896
Performance test message 897
Performance test message 898
Performance test message 899
Performance test message 900
Performance test message 901
Performance test message 902
Performance test message 903
Performance test message 904
Performance test message 905
Performance test message 906
Performance test message 907
Performance test message 908
Performance test message 909
Performance test message 910
Performance test message 911
Performance test message 912
Performance test message 913
Performance test message 914
Performance test message 915
Performance test message 916
Performance test message 917
Performance test message 918
Performance test message 919
Performance test message 920
Performance test message 921
Performance test message 922
Performance test message 923
Performance test message 924
Performance test message 925
Performance test message 926
Performance test message 927
Performance test message 928
Performance test message 929
Performance test message 930
Performance test message 931
Performance test message 932
Performance test message 933
Performance test message 934
Performance test message 935
Performance test message 936
Performance test message 937
Performance test message 938
Performance test message 939
Performance test message 940
Performance test message 941
Performance test message 942
Performance test message 943
Performance test message 944
Performance test message 945
Performance test message 946
Performance test message 947
Performance test message 948
Performance test message 949
Performance test message 950
Performance test message 951
Performance test message 952
Performance test message 953
Performance test message 954
Performance test message 955
Performance test message 956
Performance test message 957
Performance test message 958
Performance test message 959
Performance test message 960
Performance test message 961
Performance test message 962
Performance test message 963
Performance test message 964
Performance test message 965
Performance test message 966
Performance test message 967
Performance test message 968
Performance test message 969
Performance test message 970
Performance test message 971
Performance test message 972
Performance test message 973
Performance test message 974
Performance test message 975
Performance test message 976
Performance test message 977
Performance test message 978
Performance test message 979
Performance test message 980
Performance test message 981
Performance test message 982
Performance test message 983
Performance test message 984
Performance test message 985
Performance test message 986
Performance test message 987
Performance test message 988
Performance test message 989
Performance test message 990
Performance test message 991
Performance test message 992
Performance test message 993
Performance test message 994
Performance test message 995
Performance test message 996
Performance test message 997
Performance test message 998
Performance test message 999
Performance test message 1000
Performance test message 1001
Performance test message 1002
Performance test message 1003
Performance test message 1004
Performance test message 1005
Performance test message 1006
Performance test message 1007
Performance test message 1008
Performance test message 1009
Performance test message 1010
Performance test message 1011
Performance test message 1012
Performance test message 1013
Performance test message 1014
Performance test message 1015
Performance test message 1016
Performance test message 1017
Performance test message 1018
Performance test message 1019
Performance test message 1020
Performance test message 1021
Performance test message 1022
Performance test message 1023
Performance test message 1024
Performance test message 1025
Performance test message 1026
Performance test message 1027
Performance test message 1028
Performance test message 1029
Performance test message 1030
Performance test message 1031
Performance test message 1032
Performance test message 1033
Performance test message 1034
Performance test message 1035
Performance test message 1036
Performance test message 1037
Performance test message 1038
Performance test message 1039
Performance test message 1040
Performance test message 1041
Performance test message 1042
Performance test message 1043
Performance test message 1044
Performance test message 1045
Performance test message 1046
Performance test message 1047
Performance test message 1048
Performance test message 1049
Performance test message 1050
Performance test message 1051
Performance test message 1052
Performance test message 1053
Performance test message 1054
Performance test message 1055
Performance test message 1056
Performance test message 1057
Performance test message 1058
Performance test message 1059
Performance test message 1060
Performance test message 1061
Performance test message 1062
Performance test message 1063
Performance test message 1064
Performance test message 1065
Performance test message 1066
Performance test message 1067
Performance test message 1068
Performance test message 1069
Performance test message 1070
Performance test message 1071
Performance test message 1072
Performance test message 1073
Performance test message 1074
Performance test message 1075
Performance test message 1076
Performance test message 1077
Performance test message 1078
Performance test message 1079
Performance test message 1080
Performance test message 1081
Performance test message 1082
Performance test message 1083
Performance test message 1084
Performance test message 1085
Performance test message 1086
Performance test message 1087
Performance test message 1088
Performance test message 1089
Performance test message 1090
Performance test message 1091
Performance test message 1092
Performance test message 1093
Performance test message 1094
Performance test message 1095
Performance test message 1096
Performance test message 1097
Performance test message 1098
Performance test message 1099
Performance test message 1100
Performance test message 1101
Performance test message 1102
Performance test message 1103
Performance test message 1104
Performance test message 1105
Performance test message 1106
Performance test message 1107
Performance test message 1108
Performance test message 1109
Performance test message 1110
Performance test message 1111
Performance test message 1112
Performance test message 1113
Performance test message 1114
Performance test message 1115
Performance test message 1116
Performance test message 1117
Performance test message 1118
Performance test message 1119
Performance test message 1120
Performance test message 1121
Performance test message 1122
Performance test message 1123
Performance test message 1124
Performance test message 1125
Performance test message 1126
Performance test message 1127
Performance test message 1128
Performance test message 1129
Performance test message 1130
Performance test message 1131
Performance test message 1132
Performance test message 1133
Performance test message 1134
Performance test message 1135
Performance test message 1136
Performance test message 1137
Performance test message 1138
Performance test message 1139
Performance test message 1140
Performance test message 1141
Performance test message 1142
Performance test message 1143
Performance test message 1144
Performance test message 1145
Performance test message 1146
Performance test message 1147
Performance test message 1148
Performance test message 1149
Performance test message 1150
Performance test message 1151
Performance test message 1152
Performance test message 1153
Performance test message 1154
Performance test message 1155
Performance test message 1156
Performance test message 1157
Performance test message 1158
Performance test message 1159
Performance test message 1160
Performance test message 1161
Performance test message 1162
Performance test message 1163
Performance test message 1164
Performance test message 1165
Performance test message 1166
Performance test message 1167
Performance test message 1168
Performance test message 1169
Performance test message 1170
Performance test message 1171
Performance test message 1172
Performance test message 1173
Performance test message 1174
Performance test message 1175
Performance test message 1176
Performance test message 1177
Performance test message 1178
Performance test message 1179
Performance test message 1180
Performance test message 1181
Performance test message 1182
Performance test message 1183
Performance test message 1184
Performance test message 1185
Performance test message 1186
Performance test message 1187
Performance test message 1188
Performance test message 1189
Performance test message 1190
Performance test message 1191
Performance test message 1192
Performance test message 1193
Performance test message 1194
Performance test message 1195
Performance test message 1196
Performance test message 1197
Performance test message 1198
Performance test message 1199
Performance test message 1200
Performance test message 1201
Performance test message 1202
Performance test message 1203
Performance test message 1204
Performance test message 1205
Performance test message 1206
Performance test message 1207
Performance test message 1208
Performance test message 1209
Performance test message 1210
Performance test message 1211
Performance test message 1212
Performance test message 1213
Performance test message 1214
Performance test message 1215
Performance test message 1216
Performance test message 1217
Performance test message 1218
Performance test message 1219
Performance test message 1220
Performance test message 1221
Performance test message 1222
Performance test message 1223
Performance test message 1224
Performance test message 1225
Performance test message 1226
Performance test message 1227
Performance test message 1228
Performance test message 1229
Performance test message 1230
Performance test message 1231
Performance test message 1232
Performance test message 1233
Performance test message 1234
Performance test message 1235
Performance test message 1236
Performance test message 1237
Performance test message 1238
Performance test message 1239
Performance test message 1240
Performance test message 1241
Performance test message 1242
Performance test message 1243
Performance test message 1244
Performance test message 1245
Performance test message 1246
Performance test message 1247
Performance test message 1248
Performance test message 1249
Performance test message 1250
Performance test message 1251
Performance test message 1252
Performance test message 1253
Performance test message 1254
Performance test message 1255
Performance test message 1256
Performance test message 1257
Performance test message 1258
Performance test message 1259
Performance test message 1260
Performance test message 1261
Performance test message 1262
Performance test message 1263
Performance test message 1264
Performance test message 1265
Performance test message 1266
Performance test message 1267
Performance test message 1268
Performance test message 1269
Performance test message 1270
Performance test message 1271
Performance test message 1272
Performance test message 1273
Performance test message 1274
Performance test message 1275
Performance test message 1276
Performance test message 1277
Performance test message 1278
Performance test message 1279
Performance test message 1280
Performance test message 1281
Performance test message 1282
Performance test message 1283
Performance test message 1284
Performance test message 1285
Performance test message 1286
Performance test message 1287
Performance test message 1288
Performance test message 1289
Performance test message 1290
Performance test message 1291
Performance test message 1292
Performance test message 1293
Performance test message 1294
Performance test message 1295
Performance test message 1296
Performance test message 1297
Performance test message 1298
Performance test message 1299
Performance test message 1300
Performance test message 1301
Performance test message 1302
Performance test message 1303
Performance test message 1304
Performance test message 1305
Performance test message 1306
Performance test message 1307
Performance test message 1308
Performance test message 1309
Performance test message 1310
Performance test message 1311
Performance test message 1312
Performance test message 1313
Performance test message 1314
Performance test message 1315
Performance test message 1316
Performance test message 1317
Performance test message 1318
Performance test message 1319
Performance test message 1320
Performance test message 1321
Performance test message 1322
Performance test message 1323
Performance test message 1324
Performance test message 1325
Performance test message 1326
Performance test message 1327
Performance test message 1328
Performance test message 1329
Performance test message 1330
Performance test message 1331
Performance test message 1332
Performance test message 1333
Performance test message 1334
Performance test message 1335
Performance test message 1336
Performance test message 1337
Performance test message 1338
Performance test message 1339
Performance test message 1340
Performance test message 1341
Performance test message 1342
Performance test message 1343
Performance test message 1344
Performance test message 1345
Performance test message 1346
Performance test message 1347
Performance test message 1348
Performance test message 1349
Performance test message 1350
Performance test message 1351
Performance test message 1352
Performance test message 1353
Performance test message 1354
Performance test message 1355
Performance test message 1356
Performance test message 1357
Performance test message 1358
Performance test message 1359
Performance test message 1360
Performance test message 1361
Performance test message 1362
Performance test message 1363
Performance test message 1364
Performance test message 1365
Performance test message 1366
Performance test message 1367
Performance test message 1368
Performance test message 1369
Performance test message 1370
Performance test message 1371
Performance test message 1372
Performance test message 1373
Performance test message 1374
Performance test message 1375
Performance test message 1376
Performance test message 1377
Performance test message 1378
Performance test message 1379
Performance test message 1380
Performance test message 1381
Performance test message 1382
Performance test message 1383
Performance test message 1384
Performance test message 1385
Performance test message 1386
Performance test message 1387
Performance test message 1388
Performance test message 1389
Performance test message 1390
Performance test message 1391
Performance test message 1392
Performance test message 1393
Performance test message 1394
Performance test message 1395
Performance test message 1396
Performance test message 1397
Performance test message 1398
Performance test message 1399
Performance test message 1400
Performance test message 1401
Performance test message 1402
Performance test message 1403
Performance test message 1404
Performance test message 1405
Performance test message 1406
Performance test message 1407
Performance test message 1408
Performance test message 1409
Performance test message 1410
Performance test message 1411
Performance test message 1412
Performance test message 1413
Performance test message 1414
Performance test message 1415
Performance test message 1416
Performance test message 1417
Performance test message 1418
Performance test message 1419
Performance test message 1420
Performance test message 1421
Performance test message 1422
Performance test message 1423
Performance test message 1424
Performance test message 1425
Performance test message 1426
Performance test message 1427
Performance test message 1428
Performance test message 1429
Performance test message 1430
Performance test message 1431
Performance test message 1432
Performance test message 1433
Performance test message 1434
Performance test message 1435
Performance test message 1436
Performance test message 1437
Performance test message 1438
Performance test message 1439
Performance test message 1440
Performance test message 1441
Performance test message 1442
Performance test message 1443
Performance test message 1444
Performance test message 1445
Performance test message 1446
Performance test message 1447
Performance test message 1448
Performance test message 1449
Performance test message 1450
Performance test message 1451
Performance test message 1452
Performance test message 1453
Performance test message 1454
Performance test message 1455
Performance test message 1456
Performance test message 1457
Performance test message 1458
Performance test message 1459
Performance test message 1460
Performance test message 1461
Performance test message 1462
Performance test message 1463
Performance test message 1464
Performance test message 1465
Performance test message 1466
Performance test message 1467
Performance test message 1468
Performance test message 1469
Performance test message 1470
Performance test message 1471
Performance test message 1472
Performance test message 1473
Performance test message 1474
Performance test message 1475
Performance test message 1476
Performance test message 1477
Performance test message 1478
Performance test message 1479
Performance test message 1480
Performance test message 1481
Performance test message 1482
Performance test message 1483
Performance test message 1484
Performance test message 1485
Performance test message 1486
Performance test message 1487
Performance test message 1488
Performance test message 1489
Performance test message 1490
Performance test message 1491
Performance test message 1492
Performance test message 1493
Performance test message 1494
Performance test message 1495
Performance test message 1496
Performance test message 1497
Performance test message 1498
Performance test message 1499
Performance test message 1500
Performance test message 1501
Performance test message 1502
Performance test message 1503
Performance test message 1504
Performance test message 1505
Performance test message 1506
Performance test message 1507
Performance test message 1508
Performance test message 1509
Performance test message 1510
Performance test message 1511
Performance test message 1512
Performance test message 1513
Performance test message 1514
Performance test message 1515
Performance test message 1516
Performance test message 1517
Performance test message 1518
Performance test message 1519
Performance test message 1520
Performance test message 1521
Performance test message 1522
Performance test message 1523
Performance test message 1524
Performance test message 1525
Performance test message 1526
Performance test message 1527
Performance test message 1528
Performance test message 1529
Performance test message 1530
Performance test message 1531
Performance test message 1532
Performance test message 1533
Performance test message 1534
Performance test message 1535
Performance test message 1536
Performance test message 1537
Performance test message 1538
Performance test message 1539
Performance test message 1540
Performance test message 1541
Performance test message 1542
Performance test message 1543
Performance test message 1544
Performance test message 1545
Performance test message 1546
Performance test message 1547
Performance test message 1548
Performance test message 1549
Performance test message 1550
Performance test message 1551
Performance test message 1552
Performance test message 1553
Performance test message 1554
Performance test message 1555
Performance test message 1556
Performance test message 1557
Performance test message 1558
Performance test message 1559
Performance test message 1560
Performance test message 1561
Performance test message 1562
Performance test message 1563
Performance test message 1564
Performance test message 1565
Performance test message 1566
Performance test message 1567
Performance test message 1568
Performance test message 1569
Performance test message 1570
Performance test message 1571
Performance test message 1572
Performance test message 1573
Performance test message 1574
Performance test message 1575
Performance test message 1576
Performance test message 1577
Performance test message 1578
Performance test message 1579
Performance test message 1580
Performance test message 1581
Performance test message 1582
Performance test message 1583
Performance test message 1584
Performance test message 1585
Performance test message 1586
Performance test message 1587
Performance test message 1588
Performance test message 1589
Performance test message 1590
Performance test message 1591
Performance test message 1592
Performance test message 1593
Performance test message 1594
Performance test message 1595
Performance test message 1596
Performance test message 1597
Performance test message 1598
Performance test message 1599
Performance test message 1600
Performance test message 1601
Performance test message 1602
Performance test message 1603
Performance test message 1604
Performance test message 1605
Performance test message 1606
Performance test message 1607
Performance test message 1608
Performance test message 1609
Performance test message 1610
Performance test message 1611
Performance test message 1612
Performance test message 1613
Performance test message 1614
Performance test message 1615
Performance test message 1616
Performance test message 1617
Performance test message 1618
Performance test message 1619
Performance test message 1620
Performance test message 1621
Performance test message 1622
Performance test message 1623
Performance test message 1624
Performance test message 1625
Performance test message 1626
Performance test message 1627
Performance test message 1628
Performance test message 1629
Performance test message 1630
Performance test message 1631
Performance test message 1632
Performance test message 1633
Performance test message 1634
Performance test message 1635
Performance test message 1636
Performance test message 1637
Performance test message 1638
Performance test message 1639
Performance test message 1640
Performance test message 1641
Performance test message 1642
Performance test message 1643
Performance test message 1644
Performance test message 1645
Performance test message 1646
Performance test message 1647
Performance test message 1648
Performance test message 1649
Performance test message 1650
Performance test message 1651
Performance test message 1652
Performance test message 1653
Performance test message 1654
Performance test message 1655
Performance test message 1656
Performance test message 1657
Performance test message 1658
Performance test message 1659
Performance test message 1660
Performance test message 1661
Performance test message 1662
Performance test message 1663
Performance test message 1664
Performance test message 1665
Performance test message 1666
Performance test message 1667
Performance test message 1668
Performance test message 1669
Performance test message 1670
Performance test message 1671
Performance test message 1672
Performance test message 1673
Performance test message 1674
Performance test message 1675
Performance test message 1676
Performance test message 1677
Performance test message 1678
Performance test message 1679
Performance test message 1680
Performance test message 1681
Performance test message 1682
Performance test message 1683
Performance test message 1684
Performance test message 1685
Performance test message 1686
Performance test message 1687
Performance test message 1688
Performance test message 1689
Performance test message 1690
Performance test message 1691
Performance test message 1692
Performance test message 1693
Performance test message 1694
Performance test message 1695
Performance test message 1696
Performance test message 1697
Performance test message 1698
Performance test message 1699
Performance test message 1700
Performance test message 1701
Performance test message 1702
Performance test message 1703
Performance test message 1704
Performance test message 1705
Performance test message 1706
Performance test message 1707
Performance test message 1708
Performance test message 1709
Performance test message 1710
Performance test message 1711
Performance test message 1712
Performance test message 1713
Performance test message 1714
Performance test message 1715
Performance test message 1716
Performance test message 1717
Performance test message 1718
Performance test message 1719
Performance test message 1720
Performance test message 1721
Performance test message 1722
Performance test message 1723
Performance test message 1724
Performance test message 1725
Performance test message 1726
Performance test message 1727
Performance test message 1728
Performance test message 1729
Performance test message 1730
Performance test message 1731
Performance test message 1732
Performance test message 1733
Performance test message 1734
Performance test message 1735
Performance test message 1736
Performance test message 1737
Performance test message 1738
Performance test message 1739
Performance test message 1740
Performance test message 1741
Performance test message 1742
Performance test message 1743
Performance test message 1744
Performance test message 1745
Performance test message 1746
Performance test message 1747
Performance test message 1748
Performance test message 1749
Performance test message 1750
Performance test message 1751
Performance test message 1752
Performance test message 1753
Performance test message 1754
Performance test message 1755
Performance test message 1756
Performance test message 1757
Performance test message 1758
Performance test message 1759
Performance test message 1760
Performance test message 1761
Performance test message 1762
Performance test message 1763
Performance test message 1764
Performance test message 1765
Performance test message 1766
Performance test message 1767
Performance test message 1768
Performance test message 1769
Performance test message 1770
Performance test message 1771
Performance test message 1772
Performance test message 1773
Performance test message 1774
Performance test message 1775
Performance test message 1776
Performance test message 1777
Performance test message 1778
Performance test message 1779
Performance test message 1780
Performance test message 1781
Performance test message 1782
Performance test message 1783
Performance test message 1784
Performance test message 1785
Performance test message 1786
Performance test message 1787
Performance test message 1788
Performance test message 1789
Performance test message 1790
Performance test message 1791
Performance test message 1792
Performance test message 1793
Performance test message 1794
Performance test message 1795
Performance test message 1796
Performance test message 1797
Performance test message 1798
Performance test message 1799
Performance test message 1800
Performance test message 1801
Performance test message 1802
Performance test message 1803
Performance test message 1804
Performance test message 1805
Performance test message 1806
Performance test message 1807
Performance test message 1808
Performance test message 1809
Performance test message 1810
Performance test message 1811
Performance test message 1812
Performance test message 1813
Performance test message 1814
Performance test message 1815
Performance test message 1816
Performance test message 1817
Performance test message 1818
Performance test message 1819
Performance test message 1820
Performance test message 1821
Performance test message 1822
Performance test message 1823
Performance test message 1824
Performance test message 1825
Performance test message 1826
Performance test message 1827
Performance test message 1828
Performance test message 1829
Performance test message 1830
Performance test message 1831
Performance test message 1832
Performance test message 1833
Performance test message 1834
Performance test message 1835
Performance test message 1836
Performance test message 1837
Performance test message 1838
Performance test message 1839
Performance test message 1840
Performance test message 1841
Performance test message 1842
Performance test message 1843
Performance test message 1844
Performance test message 1845
Performance test message 1846
Performance test message 1847
Performance test message 1848
Performance test message 1849
Performance test message 1850
Performance test message 1851
Performance test message 1852
Performance test message 1853
Performance test message 1854
Performance test message 1855
Performance test message 1856
Performance test message 1857
Performance test message 1858
Performance test message 1859
Performance test message 1860
Performance test message 1861
Performance test message 1862
Performance test message 1863
Performance test message 1864
Performance test message 1865
Performance test message 1866
Performance test message 1867
Performance test message 1868
Performance test message 1869
Performance test message 1870
Performance test message 1871
Performance test message 1872
Performance test message 1873
Performance test message 1874
Performance test message 1875
Performance test message 1876
Performance test message 1877
Performance test message 1878
Performance test message 1879
Performance test message 1880
Performance test message 1881
Performance test message 1882
Performance test message 1883
Performance test message 1884
Performance test message 1885
Performance test message 1886
Performance test message 1887
Performance test message 1888
Performance test message 1889
Performance test message 1890
Performance test message 1891
Performance test message 1892
Performance test message 1893
Performance test message 1894
Performance test message 1895
Performance test message 1896
Performance test message 1897
Performance test message 1898
Performance test message 1899
Performance test message 1900
Performance test message 1901
Performance test message 1902
Performance test message 1903
Performance test message 1904
Performance test message 1905
Performance test message 1906
Performance test message 1907
Performance test message 1908
Performance test message 1909
Performance test message 1910
Performance test message 1911
Performance test message 1912
Performance test message 1913
Performance test message 1914
Performance test message 1915
Performance test message 1916
Performance test message 1917
Performance test message 1918
Performance test message 1919
Performance test message 1920
Performance test message 1921
Performance test message 1922
Performance test message 1923
Performance test message 1924
Performance test message 1925
Performance test message 1926
Performance test message 1927
Performance test message 1928
Performance test message 1929
Performance test message 1930
Performance test message 1931
Performance test message 1932
Performance test message 1933
Performance test message 1934
Performance test message 1935
Performance test message 1936
Performance test message 1937
Performance test message 1938
Performance test message 1939
Performance test message 1940
Performance test message 1941
Performance test message 1942
Performance test message 1943
Performance test message 1944
Performance test message 1945
Performance test message 1946
Performance test message 1947
Performance test message 1948
Performance test message 1949
Performance test message 1950
Performance test message 1951
Performance test message 1952
Performance test message 1953
Performance test message 1954
Performance test message 1955
Performance test message 1956
Performance test message 1957
Performance test message 1958
Performance test message 1959
Performance test message 1960
Performance test message 1961
Performance test message 1962
Performance test message 1963
Performance test message 1964
Performance test message 1965
Performance test message 1966
Performance test message 1967
Performance test message 1968
Performance test message 1969
Performance test message 1970
Performance test message 1971
Performance test message 1972
Performance test message 1973
Performance test message 1974
Performance test message 1975
Performance test message 1976
Performance test message 1977
Performance test message 1978
Performance test message 1979
Performance test message 1980
Performance test message 1981
Performance test message 1982
Performance test message 1983
Performance test message 1984
Performance test message 1985
Performance test message 1986
Performance test message 1987
Performance test message 1988
Performance test message 1989
Performance test message 1990
Performance test message 1991
Performance test message 1992
Performance test message 1993
Performance test message 1994
Performance test message 1995
Performance test message 1996
Performance test message 1997
Performance test message 1998
Performance test message 1999
Performance test message 2000
Performance test message 2001
Performance test message 2002
Performance test message 2003
Performance test message 2004
Performance test message 2005
Performance test message 2006
Performance test message 2007
Performance test message 2008
Performance test message 2009
Performance test message 2010
Performance test message 2011
Performance test message 2012
Performance test message 2013
Performance test message 2014
Performance test message 2015
Performance test message 2016
Performance test message 2017
Performance test message 2018
Performance test message 2019
Performance test message 2020
Performance test message 2021
Performance test message 2022
Performance test message 2023
Performance test message 2024
Performance test message 2025
Performance test message 2026
Performance test message 2027
Performance test message 2028
Performance test message 2029
Performance test message 2030
Performance test message 2031
Performance test message 2032
Performance test message 2033
Performance test message 2034
Performance test message 2035
Performance test message 2036
Performance test message 2037
Performance test message 2038
Performance test message 2039
Performance test message 2040
Performance test message 2041
Performance test message 2042
Performance test message 2043
Performance test message 2044
Performance test message 2045
Performance test message 2046
Performance test message 2047
Performance test message 2048
Performance test message 2049
Performance test message 2050
Performance test message 2051
Performance test message 2052
Performance test message 2053
Performance test message 2054
Performance test message 2055
Performance test message 2056
Performance test message 2057
Performance test message 2058
Performance test message 2059
Performance test message 2060
Performance test message 2061
Performance test message 2062
Performance test message 2063
Performance test message 2064
Performance test message 2065
Performance test message 2066
Performance test message 2067
Performance test message 2068
Performance test message 2069
Performance test message 2070
Performance test message 2071
Performance test message 2072
Performance test message 2073
Performance test message 2074
Performance test message 2075
Performance test message 2076
Performance test message 2077
Performance test message 2078
Performance test message 2079
Performance test message 2080
Performance test message 2081
Performance test message 2082
Performance test message 2083
Performance test message 2084
Performance test message 2085
Performance test message 2086
Performance test message 2087
Performance test message 2088
Performance test message 2089
Performance test message 2090
Performance test message 2091
Performance test message 2092
Performance test message 2093
Performance test message 2094
Performance test message 2095
Performance test message 2096
Performance test message 2097
Performance test message 2098
Performance test message 2099
Performance test message 2100
Performance test message 2101
Performance test message 2102
Performance test message 2103
Performance test message 2104
Performance test message 2105
Performance test message 2106
Performance test message 2107
Performance test message 2108
Performance test message 2109
Performance test message 2110
Performance test message 2111
Performance test message 2112
Performance test message 2113
Performance test message 2114
Performance test message 2115
Performance test message 2116
Performance test message 2117
Performance test message 2118
Performance test message 2119
Performance test message 2120
Performance test message 2121
Performance test message 2122
Performance test message 2123
Performance test message 2124
Performance test message 2125
Performance test message 2126
Performance test message 2127
Performance test message 2128
Performance test message 2129
Performance test message 2130
Performance test message 2131
Performance test message 2132
Performance test message 2133
Performance test message 2134
Performance test message 2135
Performance test message 2136
Performance test message 2137
Performance test message 2138
Performance test message 2139
Performance test message 2140
Performance test message 2141
Performance test message 2142
Performance test message 2143
Performance test message 2144
Performance test message 2145
Performance test message 2146
Performance test message 2147
Performance test message 2148
Performance test message 2149
Performance test message 2150
Performance test message 2151
Performance test message 2152
Performance test message 2153
Performance test message 2154
Performance test message 2155
Performance test message 2156
Performance test message 2157
Performance test message 2158
Performance test message 2159
Performance test message 2160
Performance test message 2161
Performance test message 2162
Performance test message 2163
Performance test message 2164
Performance test message 2165
Performance test message 2166
Performance test message 2167
Performance test message 2168
Performance test message 2169
Performance test message 2170
Performance test message 2171
Performance test message 2172
Performance test message 2173
Performance test message 2174
Performance test message 2175
Performance test message 2176
Performance test message 2177
Performance test message 2178
Performance test message 2179
Performance test message 2180
Performance test message 2181
Performance test message 2182
Performance test message 2183
Performance test message 2184
Performance test message 2185
Performance test message 2186
Performance test message 2187
Performance test message 2188
Performance test message 2189
Performance test message 2190
Performance test message 2191
Performance test message 2192
Performance test message 2193
Performance test message 2194
Performance test message 2195
Performance test message 2196
Performance test message 2197
Performance test message 2198
Performance test message 2199
Performance test message 2200
Performance test message 2201
Performance test message 2202
Performance test message 2203
Performance test message 2204
Performance test message 2205
Performance test message 2206
Performance test message 2207
Performance test message 2208
Performance test message 2209
Performance test message 2210
Performance test message 2211
Performance test message 2212
Performance test message 2213
Performance test message 2214
Performance test message 2215
Performance test message 2216
Performance test message 2217
Performance test message 2218
Performance test message 2219
Performance test message 2220
Performance test message 2221
Performance test message 2222
Performance test message 2223
Performance test message 2224
Performance test message 2225
Performance test message 2226
Performance test message 2227
Performance test message 2228
Performance test message 2229
Performance test message 2230
Performance test message 2231
Performance test message 2232
Performance test message 2233
Performance test message 2234
Performance test message 2235
Performance test message 2236
Performance test message 2237
Performance test message 2238
Performance test message 2239
Performance test message 2240
Performance test message 2241
Performance test message 2242
Performance test message 2243
Performance test message 2244
Performance test message 2245
Performance test message 2246
Performance test message 2247
Performance test message 2248
Performance test message 2249
Performance test message 2250
Performance test message 2251
Performance test message 2252
Performance test message 2253
Performance test message 2254
Performance test message 2255
Performance test message 2256
Performance test message 2257
Performance test message 2258
Performance test message 2259
Performance test message 2260
Performance test message 2261
Performance test message 2262
Performance test message 2263
Performance test message 2264
Performance test message 2265
Performance test message 2266
Performance test message 2267
Performance test message 2268
Performance test message 2269
Performance test message 2270
Performance test message 2271
Performance test message 2272
Performance test message 2273
Performance test message 2274
Performance test message 2275
Performance test message 2276
Performance test message 2277
Performance test message 2278
Performance test message 2279
Performance test message 2280
Performance test message 2281
Performance test message 2282
Performance test message 2283
Performance test message 2284
Performance test message 2285
Performance test message 2286
Performance test message 2287
Performance test message 2288
Performance test message 2289
Performance test message 2290
Performance test message 2291
Performance test message 2292
Performance test message 2293
Performance test message 2294
Performance test message 2295
Performance test message 2296
Performance test message 2297
Performance test message 2298
Performance test message 2299
Performance test message 2300
Performance test message 2301
Performance test message 2302
Performance test message 2303
Performance test message 2304
Performance test message 2305
Performance test message 2306
Performance test message 2307
Performance test message 2308
Performance test message 2309
Performance test message 2310
Performance test message 2311
Performance test message 2312
Performance test message 2313
Performance test message 2314
Performance test message 2315
Performance test message 2316
Performance test message 2317
Performance test message 2318
Performance test message 2319
Performance test message 2320
Performance test message 2321
Performance test message 2322
Performance test message 2323
Performance test message 2324
Performance test message 2325
Performance test message 2326
Performance test message 2327
Performance test message 2328
Performance test message 2329
Performance test message 2330
Performance test message 2331
Performance test message 2332
Performance test message 2333
Performance test message 2334
Performance test message 2335
Performance test message 2336
Performance test message 2337
Performance test message 2338
Performance test message 2339
Performance test message 2340
Performance test message 2341
Performance test message 2342
Performance test message 2343
Performance test message 2344
Performance test message 2345
Performance test message 2346
Performance test message 2347
Performance test message 2348
Performance test message 2349
Performance test message 2350
Performance test message 2351
Performance test message 2352
Performance test message 2353
Performance test message 2354
Performance test message 2355
Performance test message 2356
Performance test message 2357
Performance test message 2358
Performance test message 2359
Performance test message 2360
Performance test message 2361
Performance test message 2362
Performance test message 2363
Performance test message 2364
Performance test message 2365
Performance test message 2366
Performance test message 2367
Performance test message 2368
Performance test message 2369
Performance test message 2370
Performance test message 2371
Performance test message 2372
Performance test message 2373
Performance test message 2374
Performance test message 2375
Performance test message 2376
Performance test message 2377
Performance test message 2378
Performance test message 2379
Performance test message 2380
Performance test message 2381
Performance test message 2382
Performance test message 2383
Performance test message 2384
Performance test message 2385
Performance test message 2386
Performance test message 2387
Performance test message 2388
Performance test message 2389
Performance test message 2390
Performance test message 2391
Performance test message 2392
Performance test message 2393
Performance test message 2394
Performance test message 2395
Performance test message 2396
Performance test message 2397
Performance test message 2398
Performance test message 2399
Performance test message 2400
Performance test message 2401
Performance test message 2402
Performance test message 2403
Performance test message 2404
Performance test message 2405
Performance test message 2406
Performance test message 2407
Performance test message 2408
Performance test message 2409
Performance test message 2410
Performance test message 2411
Performance test message 2412
Performance test message 2413
Performance test message 2414
Performance test message 2415
Performance test message 2416
Performance test message 2417
Performance test message 2418
Performance test message 2419
Performance test message 2420
Performance test message 2421
Performance test message 2422
Performance test message 2423
Performance test message 2424
Performance test message 2425
Performance test message 2426
Performance test message 2427
Performance test message 2428
Performance test message 2429
Performance test message 2430
Performance test message 2431
Performance test message 2432
Performance test message 2433
Performance test message 2434
Performance test message 2435
Performance test message 2436
Performance test message 2437
Performance test message 2438
Performance test message 2439
Performance test message 2440
Performance test message 2441
Performance test message 2442
Performance test message 2443
Performance test message 2444
Performance test message 2445
Performance test message 2446
Performance test message 2447
Performance test message 2448
Performance test message 2449
Performance test message 2450
Performance test message 2451
Performance test message 2452
Performance test message 2453
Performance test message 2454
Performance test message 2455
Performance test message 2456
Performance test message 2457
Performance test message 2458
Performance test message 2459
Performance test message 2460
Performance test message 2461
Performance test message 2462
Performance test message 2463
Performance test message 2464
Performance test message 2465
Performance test message 2466
Performance test message 2467
Performance test message 2468
Performance test message 2469
Performance test message 2470
Performance test message 2471
Performance test message 2472
Performance test message 2473
Performance test message 2474
Performance test message 2475
Performance test message 2476
Performance test message 2477
Performance test message 2478
Performance test message 2479
Performance test message 2480
Performance test message 2481
Performance test message 2482
Performance test message 2483
Performance test message 2484
Performance test message 2485
Performance test message 2486
Performance test message 2487
Performance test message 2488
Performance test message 2489
Performance test message 2490
Performance test message 2491
Performance test message 2492
Performance test message 2493
Performance test message 2494
Performance test message 2495
Performance test message 2496
Performance test message 2497
Performance test message 2498
Performance test message 2499
Performance test message 2500
Performance test message 2501
Performance test message 2502
Performance test message 2503
Performance test message 2504
Performance test message 2505
Performance test message 2506
Performance test message 2507
Performance test message 2508
Performance test message 2509
Performance test message 2510
Performance test message 2511
Performance test message 2512
Performance test message 2513
Performance test message 2514
Performance test message 2515
Performance test message 2516
Performance test message 2517
Performance test message 2518
Performance test message 2519
Performance test message 2520
Performance test message 2521
Performance test message 2522
Performance test message 2523
Performance test message 2524
Performance test message 2525
Performance test message 2526
Performance test message 2527
Performance test message 2528
Performance test message 2529
Performance test message 2530
Performance test message 2531
Performance test message 2532
Performance test message 2533
Performance test message 2534
Performance test message 2535
Performance test message 2536
Performance test message 2537
Performance test message 2538
Performance test message 2539
Performance test message 2540
Performance test message 2541
Performance test message 2542
Performance test message 2543
Performance test message 2544
Performance test message 2545
Performance test message 2546
Performance test message 2547
Performance test message 2548
Performance test message 2549
Performance test message 2550
Performance test message 2551
Performance test message 2552
Performance test message 2553
Performance test message 2554
Performance test message 2555
Performance test message 2556
Performance test message 2557
Performance test message 2558
Performance test message 2559
Performance test message 2560
Performance test message 2561
Performance test message 2562
Performance test message 2563
Performance test message 2564
Performance test message 2565
Performance test message 2566
Performance test message 2567
Performance test message 2568
Performance test message 2569
Performance test message 2570
Performance test message 2571
Performance test message 2572
Performance test message 2573
Performance test message 2574
Performance test message 2575
Performance test message 2576
Performance test message 2577
Performance test message 2578
Performance test message 2579
Performance test message 2580
Performance test message 2581
Performance test message 2582
Performance test message 2583
Performance test message 2584
Performance test message 2585
Performance test message 2586
Performance test message 2587
Performance test message 2588
Performance test message 2589
Performance test message 2590
Performance test message 2591
Performance test message 2592
Performance test message 2593
Performance test message 2594
Performance test message 2595
Performance test message 2596
Performance test message 2597
Performance test message 2598
Performance test message 2599
Performance test message 2600
Performance test message 2601
Performance test message 2602
Performance test message 2603
Performance test message 2604
Performance test message 2605
Performance test message 2606
Performance test message 2607
Performance test message 2608
Performance test message 2609
Performance test message 2610
Performance test message 2611
Performance test message 2612
Performance test message 2613
Performance test message 2614
Performance test message 2615
Performance test message 2616
Performance test message 2617
Performance test message 2618
Performance test message 2619
Performance test message 2620
Performance test message 2621
Performance test message 2622
Performance test message 2623
Performance test message 2624
Performance test message 2625
Performance test message 2626
Performance test message 2627
Performance test message 2628
Performance test message 2629
Performance test message 2630
Performance test message 2631
Performance test message 2632
Performance test message 2633
Performance test message 2634
Performance test message 2635
Performance test message 2636
Performance test message 2637
Performance test message 2638
Performance test message 2639
Performance test message 2640
Performance test message 2641
Performance test message 2642
Performance test message 2643
Performance test message 2644
Performance test message 2645
Performance test message 2646
Performance test message 2647
Performance test message 2648
Performance test message 2649
Performance test message 2650
Performance test message 2651
Performance test message 2652
Performance test message 2653
Performance test message 2654
Performance test message 2655
Performance test message 2656
Performance test message 2657
Performance test message 2658
Performance test message 2659
Performance test message 2660
Performance test message 2661
Performance test message 2662
Performance test message 2663
Performance test message 2664
Performance test message 2665
Performance test message 2666
Performance test message 2667
Performance test message 2668
Performance test message 2669
Performance test message 2670
Performance test message 2671
Performance test message 2672
Performance test message 2673
Performance test message 2674
Performance test message 2675
Performance test message 2676
Performance test message 2677
Performance test message 2678
Performance test message 2679
Performance test message 2680
Performance test message 2681
Performance test message 2682
Performance test message 2683
Performance test message 2684
Performance test message 2685
Performance test message 2686
Performance test message 2687
Performance test message 2688
Performance test message 2689
Performance test message 2690
Performance test message 2691
Performance test message 2692
Performance test message 2693
Performance test message 2694
Performance test message 2695
Performance test message 2696
Performance test message 2697
Performance test message 2698
Performance test message 2699
Performance test message 2700
Performance test message 2701
Performance test message 2702
Performance test message 2703
Performance test message 2704
Performance test message 2705
Performance test message 2706
Performance test message 2707
Performance test message 2708
Performance test message 2709
Performance test message 2710
Performance test message 2711
Performance test message 2712
Performance test message 2713
Performance test message 2714
Performance test message 2715
Performance test message 2716
Performance test message 2717
Performance test message 2718
Performance test message 2719
Performance test message 2720
Performance test message 2721
Performance test message 2722
Performance test message 2723
Performance test message 2724
Performance test message 2725
Performance test message 2726
Performance test message 2727
Performance test message 2728
Performance test message 2729
Performance test message 2730
Performance test message 2731
Performance test message 2732
Performance test message 2733
Performance test message 2734
Performance test message 2735
Performance test message 2736
Performance test message 2737
Performance test message 2738
Performance test message 2739
Performance test message 2740
Performance test message 2741
Performance test message 2742
Performance test message 2743
Performance test message 2744
Performance test message 2745
Performance test message 2746
Performance test message 2747
Performance test message 2748
Performance test message 2749
Performance test message 2750
Performance test message 2751
Performance test message 2752
Performance test message 2753
Performance test message 2754
Performance test message 2755
Performance test message 2756
Performance test message 2757
Performance test message 2758
Performance test message 2759
Performance test message 2760
Performance test message 2761
Performance test message 2762
Performance test message 2763
Performance test message 2764
Performance test message 2765
Performance test message 2766
Performance test message 2767
Performance test message 2768
Performance test message 2769
Performance test message 2770
Performance test message 2771
Performance test message 2772
Performance test message 2773
Performance test message 2774
Performance test message 2775
Performance test message 2776
Performance test message 2777
Performance test message 2778
Performance test message 2779
Performance test message 2780
Performance test message 2781
Performance test message 2782
Performance test message 2783
Performance test message 2784
Performance test message 2785
Performance test message 2786
Performance test message 2787
Performance test message 2788
Performance test message 2789
Performance test message 2790
Performance test message 2791
Performance test message 2792
Performance test message 2793
Performance test message 2794
Performance test message 2795
Performance test message 2796
Performance test message 2797
Performance test message 2798
Performance test message 2799
Performance test message 2800
Performance test message 2801
Performance test message 2802
Performance test message 2803
Performance test message 2804
Performance test message 2805
Performance test message 2806
Performance test message 2807
Performance test message 2808
Performance test message 2809
Performance test message 2810
Performance test message 2811
Performance test message 2812
Performance test message 2813
Performance test message 2814
Performance test message 2815
Performance test message 2816
Performance test message 2817
Performance test message 2818
Performance test message 2819
Performance test message 2820
Performance test message 2821
Performance test message 2822
Performance test message 2823
Performance test message 2824
Performance test message 2825
Performance test message 2826
Performance test message 2827
Performance test message 2828
Performance test message 2829
Performance test message 2830
Performance test message 2831
Performance test message 2832
Performance test message 2833
Performance test message 2834
Performance test message 2835
Performance test message 2836
Performance test message 2837
Performance test message 2838
Performance test message 2839
Performance test message 2840
Performance test message 2841
Performance test message 2842
Performance test message 2843
Performance test message 2844
Performance test message 2845
Performance test message 2846
Performance test message 2847
Performance test message 2848
Performance test message 2849
Performance test message 2850
Performance test message 2851
Performance test message 2852
Performance test message 2853
Performance test message 2854
Performance test message 2855
Performance test message 2856
Performance test message 2857
Performance test message 2858
Performance test message 2859
Performance test message 2860
Performance test message 2861
Performance test message 2862
Performance test message 2863
Performance test message 2864
Performance test message 2865
Performance test message 2866
Performance test message 2867
Performance test message 2868
Performance test message 2869
Performance test message 2870
Performance test message 2871
Performance test message 2872
Performance test message 2873
Performance test message 2874
Performance test message 2875
Performance test message 2876
Performance test message 2877
Performance test message 2878
Performance test message 2879
Performance test message 2880
Performance test message 2881
Performance test message 2882
Performance test message 2883
Performance test message 2884
Performance test message 2885
Performance test message 2886
Performance test message 2887
Performance test message 2888
Performance test message 2889
Performance test message 2890
Performance test message 2891
Performance test message 2892
Performance test message 2893
Performance test message 2894
Performance test message 2895
Performance test message 2896
Performance test message 2897
Performance test message 2898
Performance test message 2899
Performance test message 2900
Performance test message 2901
Performance test message 2902
Performance test message 2903
Performance test message 2904
Performance test message 2905
Performance test message 2906
Performance test message 2907
Performance test message 2908
Performance test message 2909
Performance test message 2910
Performance test message 2911
Performance test message 2912
Performance test message 2913
Performance test message 2914
Performance test message 2915
Performance test message 2916
Performance test message 2917
Performance test message 2918
Performance test message 2919
Performance test message 2920
Performance test message 2921
Performance test message 2922
Performance test message 2923
Performance test message 2924
Performance test message 2925
Performance test message 2926
Performance test message 2927
Performance test message 2928
Performance test message 2929
Performance test message 2930
Performance test message 2931
Performance test message 2932
Performance test message 2933
Performance test message 2934
Performance test message 2935
Performance test message 2936
Performance test message 2937
Performance test message 2938
Performance test message 2939
Performance test message 2940
Performance test message 2941
Performance test message 2942
Performance test message 2943
Performance test message 2944
Performance test message 2945
Performance test message 2946
Performance test message 2947
Performance test message 2948
Performance test message 2949
Performance test message 2950
Performance test message 2951
Performance test message 2952
Performance test message 2953
Performance test message 2954
Performance test message 2955
Performance test message 2956
Performance test message 2957
Performance test message 2958
Performance test message 2959
Performance test message 2960
Performance test message 2961
Performance test message 2962
Performance test message 2963
Performance test message 2964
Performance test message 2965
Performance test message 2966
Performance test message 2967
Performance test message 2968
Performance test message 2969
Performance test message 2970
Performance test message 2971
Performance test message 2972
Performance test message 2973
Performance test message 2974
Performance test message 2975
Performance test message 2976
Performance test message 2977
Performance test message 2978
Performance test message 2979
Performance test message 2980
Performance test message 2981
Performance test message 2982
Performance test message 2983
Performance test message 2984
Performance test message 2985
Performance test message 2986
Performance test message 2987
Performance test message 2988
Performance test message 2989
Performance test message 2990
Performance test message 2991
Performance test message 2992
Performance test message 2993
Performance test message 2994
Performance test message 2995
Performance test message 2996
Performance test message 2997
Performance test message 2998
Performance test message 2999
Performance test message 3000
Performance test message 3001
Performance test message 3002
Performance test message 3003
Performance test message 3004
Performance test message 3005
Performance test message 3006
Performance test message 3007
Performance test message 3008
Performance test message 3009
Performance test message 3010
Performance test message 3011
Performance test message 3012
Performance test message 3013
Performance test message 3014
Performance test message 3015
Performance test message 3016
Performance test message 3017
Performance test message 3018
Performance test message 3019
Performance test message 3020
Performance test message 3021
Performance test message 3022
Performance test message 3023
Performance test message 3024
Performance test message 3025
Performance test message 3026
Performance test message 3027
Performance test message 3028
Performance test message 3029
Performance test message 3030
Performance test message 3031
Performance test message 3032
Performance test message 3033
Performance test message 3034
Performance test message 3035
Performance test message 3036
Performance test message 3037
Performance test message 3038
Performance test message 3039
Performance test message 3040
Performance test message 3041
Performance test message 3042
Performance test message 3043
Performance test message 3044
Performance test message 3045
Performance test message 3046
Performance test message 3047
Performance test message 3048
Performance test message 3049
Performance test message 3050
Performance test message 3051
Performance test message 3052
Performance test message 3053
Performance test message 3054
Performance test message 3055
Performance test message 3056
Performance test message 3057
Performance test message 3058
Performance test message 3059
Performance test message 3060
Performance test message 3061
Performance test message 3062
Performance test message 3063
Performance test message 3064
Performance test message 3065
Performance test message 3066
Performance test message 3067
Performance test message 3068
Performance test message 3069
Performance test message 3070
Performance test message 3071
Performance test message 3072
Performance test message 3073
Performance test message 3074
Performance test message 3075
Performance test message 3076
Performance test message 3077
Performance test message 3078
Performance test message 3079
Performance test message 3080
Performance test message 3081
Performance test message 3082
Performance test message 3083
Performance test message 3084
Performance test message 3085
Performance test message 3086
Performance test message 3087
Performance test message 3088
Performance test message 3089
Performance test message 3090
Performance test message 3091
Performance test message 3092
Performance test message 3093
Performance test message 3094
Performance test message 3095
Performance test message 3096
Performance test message 3097
Performance test message 3098
Performance test message 3099
Performance test message 3100
Performance test message 3101
Performance test message 3102
Performance test message 3103
Performance test message 3104
Performance test message 3105
Performance test message 3106
Performance test message 3107
Performance test message 3108
Performance test message 3109
Performance test message 3110
Performance test message 3111
Performance test message 3112
Performance test message 3113
Performance test message 3114
Performance test message 3115
Performance test message 3116
Performance test message 3117
Performance test message 3118
Performance test message 3119
Performance test message 3120
Performance test message 3121
Performance test message 3122
Performance test message 3123
Performance test message 3124
Performance test message 3125
Performance test message 3126
Performance test message 3127
Performance test message 3128
Performance test message 3129
Performance test message 3130
Performance test message 3131
Performance test message 3132
Performance test message 3133
Performance test message 3134
Performance test message 3135
Performance test message 3136
Performance test message 3137
Performance test message 3138
Performance test message 3139
Performance test message 3140
Performance test message 3141
Performance test message 3142
Performance test message 3143
Performance test message 3144
Performance test message 3145
Performance test message 3146
Performance test message 3147
Performance test message 3148
Performance test message 3149
Performance test message 3150
Performance test message 3151
Performance test message 3152
Performance test message 3153
Performance test message 3154
Performance test message 3155
Performance test message 3156
Performance test message 3157
Performance test message 3158
Performance test message 3159
Performance test message 3160
Performance test message 3161
Performance test message 3162
Performance test message 3163
Performance test message 3164
Performance test message 3165
Performance test message 3166
Performance test message 3167
Performance test message 3168
Performance test message 3169
Performance test message 3170
Performance test message 3171
Performance test message 3172
Performance test message 3173
Performance test message 3174
Performance test message 3175
Performance test message 3176
Performance test message 3177
Performance test message 3178
Performance test message 3179
Performance test message 3180
Performance test message 3181
Performance test message 3182
Performance test message 3183
Performance test message 3184
Performance test message 3185
Performance test message 3186
Performance test message 3187
Performance test message 3188
Performance test message 3189
Performance test message 3190
Performance test message 3191
Performance test message 3192
Performance test message 3193
Performance test message 3194
Performance test message 3195
Performance test message 3196
Performance test message 3197
Performance test message 3198
Performance test message 3199
Performance test message 3200
Performance test message 3201
Performance test message 3202
Performance test message 3203
Performance test message 3204
Performance test message 3205
Performance test message 3206
Performance test message 3207
Performance test message 3208
Performance test message 3209
Performance test message 3210
Performance test message 3211
Performance test message 3212
Performance test message 3213
Performance test message 3214
Performance test message 3215
Performance test message 3216
Performance test message 3217
Performance test message 3218
Performance test message 3219
Performance test message 3220
Performance test message 3221
Performance test message 3222
Performance test message 3223
Performance test message 3224
Performance test message 3225
Performance test message 3226
Performance test message 3227
Performance test message 3228
Performance test message 3229
Performance test message 3230
Performance test message 3231
Performance test message 3232
Performance test message 3233
Performance test message 3234
Performance test message 3235
Performance test message 3236
Performance test message 3237
Performance test message 3238
Performance test message 3239
Performance test message 3240
Performance test message 3241
Performance test message 3242
Performance test message 3243
Performance test message 3244
Performance test message 3245
Performance test message 3246
Performance test message 3247
Performance test message 3248
Performance test message 3249
Performance test message 3250
Performance test message 3251
Performance test message 3252
Performance test message 3253
Performance test message 3254
Performance test message 3255
Performance test message 3256
Performance test message 3257
Performance test message 3258
Performance test message 3259
Performance test message 3260
Performance test message 3261
Performance test message 3262
Performance test message 3263
Performance test message 3264
Performance test message 3265
Performance test message 3266
Performance test message 3267
Performance test message 3268
Performance test message 3269
Performance test message 3270
Performance test message 3271
Performance test message 3272
Performance test message 3273
Performance test message 3274
Performance test message 3275
Performance test message 3276
Performance test message 3277
Performance test message 3278
Performance test message 3279
Performance test message 3280
Performance test message 3281
Performance test message 3282
Performance test message 3283
Performance test message 3284
Performance test message 3285
Performance test message 3286
Performance test message 3287
Performance test message 3288
Performance test message 3289
Performance test message 3290
Performance test message 3291
Performance test message 3292
Performance test message 3293
Performance test message 3294
Performance test message 3295
Performance test message 3296
Performance test message 3297
Performance test message 3298
Performance test message 3299
Performance test message 3300
Performance test message 3301
Performance test message 3302
Performance test message 3303
Performance test message 3304
Performance test message 3305
Performance test message 3306
Performance test message 3307
Performance test message 3308
Performance test message 3309
Performance test message 3310
Performance test message 3311
Performance test message 3312
Performance test message 3313
Performance test message 3314
Performance test message 3315
Performance test message 3316
Performance test message 3317
Performance test message 3318
Performance test message 3319
Performance test message 3320
Performance test message 3321
Performance test message 3322
Performance test message 3323
Performance test message 3324
Performance test message 3325
Performance test message 3326
Performance test message 3327
Performance test message 3328
Performance test message 3329
Performance test message 3330
Performance test message 3331
Performance test message 3332
Performance test message 3333
Performance test message 3334
Performance test message 3335
Performance test message 3336
Performance test message 3337
Performance test message 3338
Performance test message 3339
Performance test message 3340
Performance test message 3341
Performance test message 3342
Performance test message 3343
Performance test message 3344
Performance test message 3345
Performance test message 3346
Performance test message 3347
Performance test message 3348
Performance test message 3349
Performance test message 3350
Performance test message 3351
Performance test message 3352
Performance test message 3353
Performance test message 3354
Performance test message 3355
Performance test message 3356
Performance test message 3357
Performance test message 3358
Performance test message 3359
Performance test message 3360
Performance test message 3361
Performance test message 3362
Performance test message 3363
Performance test message 3364
Performance test message 3365
Performance test message 3366
Performance test message 3367
Performance test message 3368
Performance test message 3369
Performance test message 3370
Performance test message 3371
Performance test message 3372
Performance test message 3373
Performance test message 3374
Performance test message 3375
Performance test message 3376
Performance test message 3377
Performance test message 3378
Performance test message 3379
Performance test message 3380
Performance test message 3381
Performance test message 3382
Performance test message 3383
Performance test message 3384
Performance test message 3385
Performance test message 3386
Performance test message 3387
Performance test message 3388
Performance test message 3389
Performance test message 3390
Performance test message 3391
Performance test message 3392
Performance test message 3393
Performance test message 3394
Performance test message 3395
Performance test message 3396
Performance test message 3397
Performance test message 3398
Performance test message 3399
Performance test message 3400
Performance test message 3401
Performance test message 3402
Performance test message 3403
Performance test message 3404
Performance test message 3405
Performance test message 3406
Performance test message 3407
Performance test message 3408
Performance test message 3409
Performance test message 3410
Performance test message 3411
Performance test message 3412
Performance test message 3413
Performance test message 3414
Performance test message 3415
Performance test message 3416
Performance test message 3417
Performance test message 3418
Performance test message 3419
Performance test message 3420
Performance test message 3421
Performance test message 3422
Performance test message 3423
Performance test message 3424
Performance test message 3425
Performance test message 3426
Performance test message 3427
Performance test message 3428
Performance test message 3429
Performance test message 3430
Performance test message 3431
Performance test message 3432
Performance test message 3433
Performance test message 3434
Performance test message 3435
Performance test message 3436
Performance test message 3437
Performance test message 3438
Performance test message 3439
Performance test message 3440
Performance test message 3441
Performance test message 3442
Performance test message 3443
Performance test message 3444
Performance test message 3445
Performance test message 3446
Performance test message 3447
Performance test message 3448
Performance test message 3449
Performance test message 3450
Performance test message 3451
Performance test message 3452
Performance test message 3453
Performance test message 3454
Performance test message 3455
Performance test message 3456
Performance test message 3457
Performance test message 3458
Performance test message 3459
Performance test message 3460
Performance test message 3461
Performance test message 3462
Performance test message 3463
Performance test message 3464
Performance test message 3465
Performance test message 3466
Performance test message 3467
Performance test message 3468
Performance test message 3469
Performance test message 3470
Performance test message 3471
Performance test message 3472
Performance test message 3473
Performance test message 3474
Performance test message 3475
Performance test message 3476
Performance test message 3477
Performance test message 3478
Performance test message 3479
Performance test message 3480
Performance test message 3481
Performance test message 3482
Performance test message 3483
Performance test message 3484
Performance test message 3485
Performance test message 3486
Performance test message 3487
Performance test message 3488
Performance test message 3489
Performance test message 3490
Performance test message 3491
Performance test message 3492
Performance test message 3493
Performance test message 3494
Performance test message 3495
Performance test message 3496
Performance test message 3497
Performance test message 3498
Performance test message 3499
Performance test message 3500
Performance test message 3501
Performance test message 3502
Performance test message 3503
Performance test message 3504
Performance test message 3505
Performance test message 3506
Performance test message 3507
Performance test message 3508
Performance test message 3509
Performance test message 3510
Performance test message 3511
Performance test message 3512
Performance test message 3513
Performance test message 3514
Performance test message 3515
Performance test message 3516
Performance test message 3517
Performance test message 3518
Performance test message 3519
Performance test message 3520
Performance test message 3521
Performance test message 3522
Performance test message 3523
Performance test message 3524
Performance test message 3525
Performance test message 3526
Performance test message 3527
Performance test message 3528
Performance test message 3529
Performance test message 3530
Performance test message 3531
Performance test message 3532
Performance test message 3533
Performance test message 3534
Performance test message 3535
Performance test message 3536
Performance test message 3537
Performance test message 3538
Performance test message 3539
Performance test message 3540
Performance test message 3541
Performance test message 3542
Performance test message 3543
Performance test message 3544
Performance test message 3545
Performance test message 3546
Performance test message 3547
Performance test message 3548
Performance test message 3549
Performance test message 3550
Performance test message 3551
Performance test message 3552
Performance test message 3553
Performance test message 3554
Performance test message 3555
Performance test message 3556
Performance test message 3557
Performance test message 3558
Performance test message 3559
Performance test message 3560
Performance test message 3561
Performance test message 3562
Performance test message 3563
Performance test message 3564
Performance test message 3565
Performance test message 3566
Performance test message 3567
Performance test message 3568
Performance test message 3569
Performance test message 3570
Performance test message 3571
Performance test message 3572
Performance test message 3573
Performance test message 3574
Performance test message 3575
Performance test message 3576
Performance test message 3577
Performance test message 3578
Performance test message 3579
Performance test message 3580
Performance test message 3581
Performance test message 3582
Performance test message 3583
Performance test message 3584
Performance test message 3585
Performance test message 3586
Performance test message 3587
Performance test message 3588
Performance test message 3589
Performance test message 3590
Performance test message 3591
Performance test message 3592
Performance test message 3593
Performance test message 3594
Performance test message 3595
Performance test message 3596
Performance test message 3597
Performance test message 3598
Performance test message 3599
Performance test message 3600
Performance test message 3601
Performance test message 3602
Performance test message 3603
Performance test message 3604
Performance test message 3605
Performance test message 3606
Performance test message 3607
Performance test message 3608
Performance test message 3609
Performance test message 3610
Performance test message 3611
Performance test message 3612
Performance test message 3613
Performance test message 3614
Performance test message 3615
Performance test message 3616
Performance test message 3617
Performance test message 3618
Performance test message 3619
Performance test message 3620
Performance test message 3621
Performance test message 3622
Performance test message 3623
Performance test message 3624
Performance test message 3625
Performance test message 3626
Performance test message 3627
Performance test message 3628
Performance test message 3629
Performance test message 3630
Performance test message 3631
Performance test message 3632
Performance test message 3633
Performance test message 3634
Performance test message 3635
Performance test message 3636
Performance test message 3637
Performance test message 3638
Performance test message 3639
Performance test message 3640
Performance test message 3641
Performance test message 3642
Performance test message 3643
Performance test message 3644
Performance test message 3645
Performance test message 3646
Performance test message 3647
Performance test message 3648
Performance test message 3649
Performance test message 3650
Performance test message 3651
Performance test message 3652
Performance test message 3653
Performance test message 3654
Performance test message 3655
Performance test message 3656
Performance test message 3657
Performance test message 3658
Performance test message 3659
Performance test message 3660
Performance test message 3661
Performance test message 3662
Performance test message 3663
Performance test message 3664
Performance test message 3665
Performance test message 3666
Performance test message 3667
Performance test message 3668
Performance test message 3669
Performance test message 3670
Performance test message 3671
Performance test message 3672
Performance test message 3673
Performance test message 3674
Performance test message 3675
Performance test message 3676
Performance test message 3677
Performance test message 3678
Performance test message 3679
Performance test message 3680
Performance test message 3681
Performance test message 3682
Performance test message 3683
Performance test message 3684
Performance test message 3685
Performance test message 3686
Performance test message 3687
Performance test message 3688
Performance test message 3689
Performance test message 3690
Performance test message 3691
Performance test message 3692
Performance test message 3693
Performance test message 3694
Performance test message 3695
Performance test message 3696
Performance test message 3697
Performance test message 3698
Performance test message 3699
Performance test message 3700
Performance test message 3701
Performance test message 3702
Performance test message 3703
Performance test message 3704
Performance test message 3705
Performance test message 3706
Performance test message 3707
Performance test message 3708
Performance test message 3709
Performance test message 3710
Performance test message 3711
Performance test message 3712
Performance test message 3713
Performance test message 3714
Performance test message 3715
Performance test message 3716
Performance test message 3717
Performance test message 3718
Performance test message 3719
Performance test message 3720
Performance test message 3721
Performance test message 3722
Performance test message 3723
Performance test message 3724
Performance test message 3725
Performance test message 3726
Performance test message 3727
Performance test message 3728
Performance test message 3729
Performance test message 3730
Performance test message 3731
Performance test message 3732
Performance test message 3733
Performance test message 3734
Performance test message 3735
Performance test message 3736
Performance test message 3737
Performance test message 3738
Performance test message 3739
Performance test message 3740
Performance test message 3741
Performance test message 3742
Performance test message 3743
Performance test message 3744
Performance test message 3745
Performance test message 3746
Performance test message 3747
Performance test message 3748
Performance test message 3749
Performance test message 3750
Performance test message 3751
Performance test message 3752
Performance test message 3753
Performance test message 3754
Performance test message 3755
Performance test message 3756
Performance test message 3757
Performance test message 3758
Performance test message 3759
Performance test message 3760
Performance test message 3761
Performance test message 3762
Performance test message 3763
Performance test message 3764
Performance test message 3765
Performance test message 3766
Performance test message 3767
Performance test message 3768
Performance test message 3769
Performance test message 3770
Performance test message 3771
Performance test message 3772
Performance test message 3773
Performance test message 3774
Performance test message 3775
Performance test message 3776
Performance test message 3777
Performance test message 3778
Performance test message 3779
Performance test message 3780
Performance test message 3781
Performance test message 3782
Performance test message 3783
Performance test message 3784
Performance test message 3785
Performance test message 3786
Performance test message 3787
Performance test message 3788
Performance test message 3789
Performance test message 3790
Performance test message 3791
Performance test message 3792
Performance test message 3793
Performance test message 3794
Performance test message 3795
Performance test message 3796
Performance test message 3797
Performance test message 3798
Performance test message 3799
Performance test message 3800
Performance test message 3801
Performance test message 3802
Performance test message 3803
Performance test message 3804
Performance test message 3805
Performance test message 3806
Performance test message 3807
Performance test message 3808
Performance test message 3809
Performance test message 3810
Performance test message 3811
Performance test message 3812
Performance test message 3813
Performance test message 3814
Performance test message 3815
Performance test message 3816
Performance test message 3817
Performance test message 3818
Performance test message 3819
Performance test message 3820
Performance test message 3821
Performance test message 3822
Performance test message 3823
Performance test message 3824
Performance test message 3825
Performance test message 3826
Performance test message 3827
Performance test message 3828
Performance test message 3829
Performance test message 3830
Performance test message 3831
Performance test message 3832
Performance test message 3833
Performance test message 3834
Performance test message 3835
Performance test message 3836
Performance test message 3837
Performance test message 3838
Performance test message 3839
Performance test message 3840
Performance test message 3841
Performance test message 3842
Performance test message 3843
Performance test message 3844
Performance test message 3845
Performance test message 3846
Performance test message 3847
Performance test message 3848
Performance test message 3849
Performance test message 3850
Performance test message 3851
Performance test message 3852
Performance test message 3853
Performance test message 3854
Performance test message 3855
Performance test message 3856
Performance test message 3857
Performance test message 3858
Performance test message 3859
Performance test message 3860
Performance test message 3861
Performance test message 3862
Performance test message 3863
Performance test message 3864
Performance test message 3865
Performance test message 3866
Performance test message 3867
Performance test message 3868
Performance test message 3869
Performance test message 3870
Performance test message 3871
Performance test message 3872
Performance test message 3873
Performance test message 3874
Performance test message 3875
Performance test message 3876
Performance test message 3877
Performance test message 3878
Performance test message 3879
Performance test message 3880
Performance test message 3881
Performance test message 3882
Performance test message 3883
Performance test message 3884
Performance test message 3885
Performance test message 3886
Performance test message 3887
Performance test message 3888
Performance test message 3889
Performance test message 3890
Performance test message 3891
Performance test message 3892
Performance test message 3893
Performance test message 3894
Performance test message 3895
Performance test message 3896
Performance test message 3897
Performance test message 3898
Performance test message 3899
Performance test message 3900
Performance test message 3901
Performance test message 3902
Performance test message 3903
Performance test message 3904
Performance test message 3905
Performance test message 3906
Performance test message 3907
Performance test message 3908
Performance test message 3909
Performance test message 3910
Performance test message 3911
Performance test message 3912
Performance test message 3913
Performance test message 3914
Performance test message 3915
Performance test message 3916
Performance test message 3917
Performance test message 3918
Performance test message 3919
Performance test message 3920
Performance test message 3921
Performance test message 3922
Performance test message 3923
Performance test message 3924
Performance test message 3925
Performance test message 3926
Performance test message 3927
Performance test message 3928
Performance test message 3929
Performance test message 3930
Performance test message 3931
Performance test message 3932
Performance test message 3933
Performance test message 3934
Performance test message 3935
Performance test message 3936
Performance test message 3937
Performance test message 3938
Performance test message 3939
Performance test message 3940
Performance test message 3941
Performance test message 3942
Performance test message 3943
Performance test message 3944
Performance test message 3945
Performance test message 3946
Performance test message 3947
Performance test message 3948
Performance test message 3949
Performance test message 3950
Performance test message 3951
Performance test message 3952
Performance test message 3953
Performance test message 3954
Performance test message 3955
Performance test message 3956
Performance test message 3957
Performance test message 3958
Performance test message 3959
Performance test message 3960
Performance test message 3961
Performance test message 3962
Performance test message 3963
Performance test message 3964
Performance test message 3965
Performance test message 3966
Performance test message 3967
Performance test message 3968
Performance test message 3969
Performance test message 3970
Performance test message 3971
Performance test message 3972
Performance test message 3973
Performance test message 3974
Performance test message 3975
Performance test message 3976
Performance test message 3977
Performance test message 3978
Performance test message 3979
Performance test message 3980
Performance test message 3981
Performance test message 3982
Performance test message 3983
Performance test message 3984
Performance test message 3985
Performance test message 3986
Performance test message 3987
Performance test message 3988
Performance test message 3989
Performance test message 3990
Performance test message 3991
Performance test message 3992
Performance test message 3993
Performance test message 3994
Performance test message 3995
Performance test message 3996
Performance test message 3997
Performance test message 3998
Performance test message 3999
Performance test message 4000
Performance test message 4001
Performance test message 4002
Performance test message 4003
Performance test message 4004
Performance test message 4005
Performance test message 4006
Performance test message 4007
Performance test message 4008
Performance test message 4009
Performance test message 4010
Performance test message 4011
Performance test message 4012
Performance test message 4013
Performance test message 4014
Performance test message 4015
Performance test message 4016
Performance test message 4017
Performance test message 4018
Performance test message 4019
Performance test message 4020
Performance test message 4021
Performance test message 4022
Performance test message 4023
Performance test message 4024
Performance test message 4025
Performance test message 4026
Performance test message 4027
Performance test message 4028
Performance test message 4029
Performance test message 4030
Performance test message 4031
Performance test message 4032
Performance test message 4033
Performance test message 4034
Performance test message 4035
Performance test message 4036
Performance test message 4037
Performance test message 4038
Performance test message 4039
Performance test message 4040
Performance test message 4041
Performance test message 4042
Performance test message 4043
Performance test message 4044
Performance test message 4045
Performance test message 4046
Performance test message 4047
Performance test message 4048
Performance test message 4049
Performance test message 4050
Performance test message 4051
Performance test message 4052
Performance test message 4053
Performance test message 4054
Performance test message 4055
Performance test message 4056
Performance test message 4057
Performance test message 4058
Performance test message 4059
Performance test message 4060
Performance test message 4061
Performance test message 4062
Performance test message 4063
Performance test message 4064
Performance test message 4065
Performance test message 4066
Performance test message 4067
Performance test message 4068
Performance test message 4069
Performance test message 4070
Performance test message 4071
Performance test message 4072
Performance test message 4073
Performance test message 4074
Performance test message 4075
Performance test message 4076
Performance test message 4077
Performance test message 4078
Performance test message 4079
Performance test message 4080
Performance test message 4081
Performance test message 4082
Performance test message 4083
Performance test message 4084
Performance test message 4085
Performance test message 4086
Performance test message 4087
Performance test message 4088
Performance test message 4089
Performance test message 4090
Performance test message 4091
Performance test message 4092
Performance test message 4093
Performance test message 4094
Performance test message 4095
Performance test message 4096
Performance test message 4097
Performance test message 4098
Performance test message 4099
Performance test message 4100
Performance test message 4101
Performance test message 4102
Performance test message 4103
Performance test message 4104
Performance test message 4105
Performance test message 4106
Performance test message 4107
Performance test message 4108
Performance test message 4109
Performance test message 4110
Performance test message 4111
Performance test message 4112
Performance test message 4113
Performance test message 4114
Performance test message 4115
Performance test message 4116
Performance test message 4117
Performance test message 4118
Performance test message 4119
Performance test message 4120
Performance test message 4121
Performance test message 4122
Performance test message 4123
Performance test message 4124
Performance test message 4125
Performance test message 4126
Performance test message 4127
Performance test message 4128
Performance test message 4129
Performance test message 4130
Performance test message 4131
Performance test message 4132
Performance test message 4133
Performance test message 4134
Performance test message 4135
Performance test message 4136
Performance test message 4137
Performance test message 4138
Performance test message 4139
Performance test message 4140
Performance test message 4141
Performance test message 4142
Performance test message 4143
Performance test message 4144
Performance test message 4145
Performance test message 4146
Performance test message 4147
Performance test message 4148
Performance test message 4149
Performance test message 4150
Performance test message 4151
Performance test message 4152
Performance test message 4153
Performance test message 4154
Performance test message 4155
Performance test message 4156
Performance test message 4157
Performance test message 4158
Performance test message 4159
Performance test message 4160
Performance test message 4161
Performance test message 4162
Performance test message 4163
Performance test message 4164
Performance test message 4165
Performance test message 4166
Performance test message 4167
Performance test message 4168
Performance test message 4169
Performance test message 4170
Performance test message 4171
Performance test message 4172
Performance test message 4173
Performance test message 4174
Performance test message 4175
Performance test message 4176
Performance test message 4177
Performance test message 4178
Performance test message 4179
Performance test message 4180
Performance test message 4181
Performance test message 4182
Performance test message 4183
Performance test message 4184
Performance test message 4185
Performance test message 4186
Performance test message 4187
Performance test message 4188
Performance test message 4189
Performance test message 4190
Performance test message 4191
Performance test message 4192
Performance test message 4193
Performance test message 4194
Performance test message 4195
Performance test message 4196
Performance test message 4197
Performance test message 4198
Performance test message 4199
Performance test message 4200
Performance test message 4201
Performance test message 4202
Performance test message 4203
Performance test message 4204
Performance test message 4205
Performance test message 4206
Performance test message 4207
Performance test message 4208
Performance test message 4209
Performance test message 4210
Performance test message 4211
Performance test message 4212
Performance test message 4213
Performance test message 4214
Performance test message 4215
Performance test message 4216
Performance test message 4217
Performance test message 4218
Performance test message 4219
Performance test message 4220
Performance test message 4221
Performance test message 4222
Performance test message 4223
Performance test message 4224
Performance test message 4225
Performance test message 4226
Performance test message 4227
Performance test message 4228
Performance test message 4229
Performance test message 4230
Performance test message 4231
Performance test message 4232
Performance test message 4233
Performance test message 4234
Performance test message 4235
Performance test message 4236
Performance test message 4237
Performance test message 4238
Performance test message 4239
Performance test message 4240
Performance test message 4241
Performance test message 4242
Performance test message 4243
Performance test message 4244
Performance test message 4245
Performance test message 4246
Performance test message 4247
Performance test message 4248
Performance test message 4249
Performance test message 4250
Performance test message 4251
Performance test message 4252
Performance test message 4253
Performance test message 4254
Performance test message 4255
Performance test message 4256
Performance test message 4257
Performance test message 4258
Performance test message 4259
Performance test message 4260
Performance test message 4261
Performance test message 4262
Performance test message 4263
Performance test message 4264
Performance test message 4265
Performance test message 4266
Performance test message 4267
Performance test message 4268
Performance test message 4269
Performance test message 4270
Performance test message 4271
Performance test message 4272
Performance test message 4273
Performance test message 4274
Performance test message 4275
Performance test message 4276
Performance test message 4277
Performance test message 4278
Performance test message 4279
Performance test message 4280
Performance test message 4281
Performance test message 4282
Performance test message 4283
Performance test message 4284
Performance test message 4285
Performance test message 4286
Performance test message 4287
Performance test message 4288
Performance test message 4289
Performance test message 4290
Performance test message 4291
Performance test message 4292
Performance test message 4293
Performance test message 4294
Performance test message 4295
Performance test message 4296
Performance test message 4297
Performance test message 4298
Performance test message 4299
Performance test message 4300
Performance test message 4301
Performance test message 4302
Performance test message 4303
Performance test message 4304
Performance test message 4305
Performance test message 4306
Performance test message 4307
Performance test message 4308
Performance test message 4309
Performance test message 4310
Performance test message 4311
Performance test message 4312
Performance test message 4313
Performance test message 4314
Performance test message 4315
Performance test message 4316
Performance test message 4317
Performance test message 4318
Performance test message 4319
Performance test message 4320
Performance test message 4321
Performance test message 4322
Performance test message 4323
Performance test message 4324
Performance test message 4325
Performance test message 4326
Performance test message 4327
Performance test message 4328
Performance test message 4329
Performance test message 4330
Performance test message 4331
Performance test message 4332
Performance test message 4333
Performance test message 4334
Performance test message 4335
Performance test message 4336
Performance test message 4337
Performance test message 4338
Performance test message 4339
Performance test message 4340
Performance test message 4341
Performance test message 4342
Performance test message 4343
Performance test message 4344
Performance test message 4345
Performance test message 4346
Performance test message 4347
Performance test message 4348
Performance test message 4349
Performance test message 4350
Performance test message 4351
Performance test message 4352
Performance test message 4353
Performance test message 4354
Performance test message 4355
Performance test message 4356
Performance test message 4357
Performance test message 4358
Performance test message 4359
Performance test message 4360
Performance test message 4361
Performance test message 4362
Performance test message 4363
Performance test message 4364
Performance test message 4365
Performance test message 4366
Performance test message 4367
Performance test message 4368
Performance test message 4369
Performance test message 4370
Performance test message 4371
Performance test message 4372
Performance test message 4373
Performance test message 4374
Performance test message 4375
Performance test message 4376
Performance test message 4377
Performance test message 4378
Performance test message 4379
Performance test message 4380
Performance test message 4381
Performance test message 4382
Performance test message 4383
Performance test message 4384
Performance test message 4385
Performance test message 4386
Performance test message 4387
Performance test message 4388
Performance test message 4389
Performance test message 4390
Performance test message 4391
Performance test message 4392
Performance test message 4393
Performance test message 4394
Performance test message 4395
Performance test message 4396
Performance test message 4397
Performance test message 4398
Performance test message 4399
Performance test message 4400
Performance test message 4401
Performance test message 4402
Performance test message 4403
Performance test message 4404
Performance test message 4405
Performance test message 4406
Performance test message 4407
Performance test message 4408
Performance test message 4409
Performance test message 4410
Performance test message 4411
Performance test message 4412
Performance test message 4413
Performance test message 4414
Performance test message 4415
Performance test message 4416
Performance test message 4417
Performance test message 4418
Performance test message 4419
Performance test message 4420
Performance test message 4421
Performance test message 4422
Performance test message 4423
Performance test message 4424
Performance test message 4425
Performance test message 4426
Performance test message 4427
Performance test message 4428
Performance test message 4429
Performance test message 4430
Performance test message 4431
Performance test message 4432
Performance test message 4433
Performance test message 4434
Performance test message 4435
Performance test message 4436
Performance test message 4437
Performance test message 4438
Performance test message 4439
Performance test message 4440
Performance test message 4441
Performance test message 4442
Performance test message 4443
Performance test message 4444
Performance test message 4445
Performance test message 4446
Performance test message 4447
Performance test message 4448
Performance test message 4449
Performance test message 4450
Performance test message 4451
Performance test message 4452
Performance test message 4453
Performance test message 4454
Performance test message 4455
Performance test message 4456
Performance test message 4457
Performance test message 4458
Performance test message 4459
Performance test message 4460
Performance test message 4461
Performance test message 4462
Performance test message 4463
Performance test message 4464
Performance test message 4465
Performance test message 4466
Performance test message 4467
Performance test message 4468
Performance test message 4469
Performance test message 4470
Performance test message 4471
Performance test message 4472
Performance test message 4473
Performance test message 4474
Performance test message 4475
Performance test message 4476
Performance test message 4477
Performance test message 4478
Performance test message 4479
Performance test message 4480
Performance test message 4481
Performance test message 4482
Performance test message 4483
Performance test message 4484
Performance test message 4485
Performance test message 4486
Performance test message 4487
Performance test message 4488
Performance test message 4489
Performance test message 4490
Performance test message 4491
Performance test message 4492
Performance test message 4493
Performance test message 4494
Performance test message 4495
Performance test message 4496
Performance test message 4497
Performance test message 4498
Performance test message 4499
Performance test message 4500
Performance test message 4501
Performance test message 4502
Performance test message 4503
Performance test message 4504
Performance test message 4505
Performance test message 4506
Performance test message 4507
Performance test message 4508
Performance test message 4509
Performance test message 4510
Performance test message 4511
Performance test message 4512
Performance test message 4513
Performance test message 4514
Performance test message 4515
Performance test message 4516
Performance test message 4517
Performance test message 4518
Performance test message 4519
Performance test message 4520
Performance test message 4521
Performance test message 4522
Performance test message 4523
Performance test message 4524
Performance test message 4525
Performance test message 4526
Performance test message 4527
Performance test message 4528
Performance test message 4529
Performance test message 4530
Performance test message 4531
Performance test message 4532
Performance test message 4533
Performance test message 4534
Performance test message 4535
Performance test message 4536
Performance test message 4537
Performance test message 4538
Performance test message 4539
Performance test message 4540
Performance test message 4541
Performance test message 4542
Performance test message 4543
Performance test message 4544
Performance test message 4545
Performance test message 4546
Performance test message 4547
Performance test message 4548
Performance test message 4549
Performance test message 4550
Performance test message 4551
Performance test message 4552
Performance test message 4553
Performance test message 4554
Performance test message 4555
Performance test message 4556
Performance test message 4557
Performance test message 4558
Performance test message 4559
Performance test message 4560
Performance test message 4561
Performance test message 4562
Performance test message 4563
Performance test message 4564
Performance test message 4565
Performance test message 4566
Performance test message 4567
Performance test message 4568
Performance test message 4569
Performance test message 4570
Performance test message 4571
Performance test message 4572
Performance test message 4573
Performance test message 4574
Performance test message 4575
Performance test message 4576
Performance test message 4577
Performance test message 4578
Performance test message 4579
Performance test message 4580
Performance test message 4581
Performance test message 4582
Performance test message 4583
Performance test message 4584
Performance test message 4585
Performance test message 4586
Performance test message 4587
Performance test message 4588
Performance test message 4589
Performance test message 4590
Performance test message 4591
Performance test message 4592
Performance test message 4593
Performance test message 4594
Performance test message 4595
Performance test message 4596
Performance test message 4597
Performance test message 4598
Performance test message 4599
Performance test message 4600
Performance test message 4601
Performance test message 4602
Performance test message 4603
Performance test message 4604
Performance test message 4605
Performance test message 4606
Performance test message 4607
Performance test message 4608
Performance test message 4609
Performance test message 4610
Performance test message 4611
Performance test message 4612
Performance test message 4613
Performance test message 4614
Performance test message 4615
Performance test message 4616
Performance test message 4617
Performance test message 4618
Performance test message 4619
Performance test message 4620
Performance test message 4621
Performance test message 4622
Performance test message 4623
Performance test message 4624
Performance test message 4625
Performance test message 4626
Performance test message 4627
Performance test message 4628
Performance test message 4629
Performance test message 4630
Performance test message 4631
Performance test message 4632
Performance test message 4633
Performance test message 4634
Performance test message 4635
Performance test message 4636
Performance test message 4637
Performance test message 4638
Performance test message 4639
Performance test message 4640
Performance test message 4641
Performance test message 4642
Performance test message 4643
Performance test message 4644
Performance test message 4645
Performance test message 4646
Performance test message 4647
Performance test message 4648
Performance test message 4649
Performance test message 4650
Performance test message 4651
Performance test message 4652
Performance test message 4653
Performance test message 4654
Performance test message 4655
Performance test message 4656
Performance test message 4657
Performance test message 4658
Performance test message 4659
Performance test message 4660
Performance test message 4661
Performance test message 4662
Performance test message 4663
Performance test message 4664
Performance test message 4665
Performance test message 4666
Performance test message 4667
Performance test message 4668
Performance test message 4669
Performance test message 4670
Performance test message 4671
Performance test message 4672
Performance test message 4673
Performance test message 4674
Performance test message 4675
Performance test message 4676
Performance test message 4677
Performance test message 4678
Performance test message 4679
Performance test message 4680
Performance test message 4681
Performance test message 4682
Performance test message 4683
Performance test message 4684
Performance test message 4685
Performance test message 4686
Performance test message 4687
Performance test message 4688
Performance test message 4689
Performance test message 4690
Performance test message 4691
Performance test message 4692
Performance test message 4693
Performance test message 4694
Performance test message 4695
Performance test message 4696
Performance test message 4697
Performance test message 4698
Performance test message 4699
Performance test message 4700
Performance test message 4701
Performance test message 4702
Performance test message 4703
Performance test message 4704
Performance test message 4705
Performance test message 4706
Performance test message 4707
Performance test message 4708
Performance test message 4709
Performance test message 4710
Performance test message 4711
Performance test message 4712
Performance test message 4713
Performance test message 4714
Performance test message 4715
Performance test message 4716
Performance test message 4717
Performance test message 4718
Performance test message 4719
Performance test message 4720
Performance test message 4721
Performance test message 4722
Performance test message 4723
Performance test message 4724
Performance test message 4725
Performance test message 4726
Performance test message 4727
Performance test message 4728
Performance test message 4729
Performance test message 4730
Performance test message 4731
Performance test message 4732
Performance test message 4733
Performance test message 4734
Performance test message 4735
Performance test message 4736
Performance test message 4737
Performance test message 4738
Performance test message 4739
Performance test message 4740
Performance test message 4741
Performance test message 4742
Performance test message 4743
Performance test message 4744
Performance test message 4745
Performance test message 4746
Performance test message 4747
Performance test message 4748
Performance test message 4749
Performance test message 4750
Performance test message 4751
Performance test message 4752
Performance test message 4753
Performance test message 4754
Performance test message 4755
Performance test message 4756
Performance test message 4757
Performance test message 4758
Performance test message 4759
Performance test message 4760
Performance test message 4761
Performance test message 4762
Performance test message 4763
Performance test message 4764
Performance test message 4765
Performance test message 4766
Performance test message 4767
Performance test message 4768
Performance test message 4769
Performance test message 4770
Performance test message 4771
Performance test message 4772
Performance test message 4773
Performance test message 4774
Performance test message 4775
Performance test message 4776
Performance test message 4777
Performance test message 4778
Performance test message 4779
Performance test message 4780
Performance test message 4781
Performance test message 4782
Performance test message 4783
Performance test message 4784
Performance test message 4785
Performance test message 4786
Performance test message 4787
Performance test message 4788
Performance test message 4789
Performance test message 4790
Performance test message 4791
Performance test message 4792
Performance test message 4793
Performance test message 4794
Performance test message 4795
Performance test message 4796
Performance test message 4797
Performance test message 4798
Performance test message 4799
Performance test message 4800
Performance test message 4801
Performance test message 4802
Performance test message 4803
Performance test message 4804
Performance test message 4805
Performance test message 4806
Performance test message 4807
Performance test message 4808
Performance test message 4809
Performance test message 4810
Performance test message 4811
Performance test message 4812
Performance test message 4813
Performance test message 4814
Performance test message 4815
Performance test message 4816
Performance test message 4817
Performance test message 4818
Performance test message 4819
Performance test message 4820
Performance test message 4821
Performance test message 4822
Performance test message 4823
Performance test message 4824
Performance test message 4825
Performance test message 4826
Performance test message 4827
Performance test message 4828
Performance test message 4829
Performance test message 4830
Performance test message 4831
Performance test message 4832
Performance test message 4833
Performance test message 4834
Performance test message 4835
Performance test message 4836
Performance test message 4837
Performance test message 4838
Performance test message 4839
Performance test message 4840
Performance test message 4841
Performance test message 4842
Performance test message 4843
Performance test message 4844
Performance test message 4845
Performance test message 4846
Performance test message 4847
Performance test message 4848
Performance test message 4849
Performance test message 4850
Performance test message 4851
Performance test message 4852
Performance test message 4853
Performance test message 4854
Performance test message 4855
Performance test message 4856
Performance test message 4857
Performance test message 4858
Performance test message 4859
Performance test message 4860
Performance test message 4861
Performance test message 4862
Performance test message 4863
Performance test message 4864
Performance test message 4865
Performance test message 4866
Performance test message 4867
Performance test message 4868
Performance test message 4869
Performance test message 4870
Performance test message 4871
Performance test message 4872
Performance test message 4873
Performance test message 4874
Performance test message 4875
Performance test message 4876
Performance test message 4877
Performance test message 4878
Performance test message 4879
Performance test message 4880
Performance test message 4881
Performance test message 4882
Performance test message 4883
Performance test message 4884
Performance test message 4885
Performance test message 4886
Performance test message 4887
Performance test message 4888
Performance test message 4889
Performance test message 4890
Performance test message 4891
Performance test message 4892
Performance test message 4893
Performance test message 4894
Performance test message 4895
Performance test message 4896
Performance test message 4897
Performance test message 4898
Performance test message 4899
Performance test message 4900
Performance test message 4901
Performance test message 4902
Performance test message 4903
Performance test message 4904
Performance test message 4905
Performance test message 4906
Performance test message 4907
Performance test message 4908
Performance test message 4909
Performance test message 4910
Performance test message 4911
Performance test message 4912
Performance test message 4913
Performance test message 4914
Performance test message 4915
Performance test message 4916
Performance test message 4917
Performance test message 4918
Performance test message 4919
Performance test message 4920
Performance test message 4921
Performance test message 4922
Performance test message 4923
Performance test message 4924
Performance test message 4925
Performance test message 4926
Performance test message 4927
Performance test message 4928
Performance test message 4929
Performance test message 4930
Performance test message 4931
Performance test message 4932
Performance test message 4933
Performance test message 4934
Performance test message 4935
Performance test message 4936
Performance test message 4937
Performance test message 4938
Performance test message 4939
Performance test message 4940
Performance test message 4941
Performance test message 4942
Performance test message 4943
Performance test message 4944
Performance test message 4945
Performance test message 4946
Performance test message 4947
Performance test message 4948
Performance test message 4949
Performance test message 4950
Performance test message 4951
Performance test message 4952
Performance test message 4953
Performance test message 4954
Performance test message 4955
Performance test message 4956
Performance test message 4957
Performance test message 4958
Performance test message 4959
Performance test message 4960
Performance test message 4961
Performance test message 4962
Performance test message 4963
Performance test message 4964
Performance test message 4965
Performance test message 4966
Performance test message 4967
Performance test message 4968
Performance test message 4969
Performance test message 4970
Performance test message 4971
Performance test message 4972
Performance test message 4973
Performance test message 4974
Performance test message 4975
Performance test message 4976
Performance test message 4977
Performance test message 4978
Performance test message 4979
Performance test message 4980
Performance test message 4981
Performance test message 4982
Performance test message 4983
Performance test message 4984
Performance test message 4985
Performance test message 4986
Performance test message 4987
Performance test message 4988
Performance test message 4989
Performance test message 4990
Performance test message 4991
Performance test message 4992
Performance test message 4993
Performance test message 4994
Performance test message 4995
Performance test message 4996
Performance test message 4997
Performance test message 4998
Performance test message 4999
Performance test message 5000
Performance test message 5001
Performance test message 5002
Performance test message 5003
Performance test message 5004
Performance test message 5005
Performance test message 5006
Performance test message 5007
Performance test message 5008
Performance test message 5009
Performance test message 5010
Performance test message 5011
Performance test message 5012
Performance test message 5013
Performance test message 5014
Performance test message 5015
Performance test message 5016
Performance test message 5017
Performance test message 5018
Performance test message 5019
Performance test message 5020
Performance test message 5021
Performance test message 5022
Performance test message 5023
Performance test message 5024
Performance test message 5025
Performance test message 5026
Performance test message 5027
Performance test message 5028
Performance test message 5029
Performance test message 5030
Performance test message 5031
Performance test message 5032
Performance test message 5033
Performance test message 5034
Performance test message 5035
Performance test message 5036
Performance test message 5037
Performance test message 5038
Performance test message 5039
Performance test message 5040
Performance test message 5041
Performance test message 5042
Performance test message 5043
Performance test message 5044
Performance test message 5045
Performance test message 5046
Performance test message 5047
Performance test message 5048
Performance test message 5049
Performance test message 5050
Performance test message 5051
Performance test message 5052
Performance test message 5053
Performance test message 5054
Performance test message 5055
Performance test message 5056
Performance test message 5057
Performance test message 5058
Performance test message 5059
Performance test message 5060
Performance test message 5061
Performance test message 5062
Performance test message 5063
Performance test message 5064
Performance test message 5065
Performance test message 5066
Performance test message 5067
Performance test message 5068
Performance test message 5069
Performance test message 5070
Performance test message 5071
Performance test message 5072
Performance test message 5073
Performance test message 5074
Performance test message 5075
Performance test message 5076
Performance test message 5077
Performance test message 5078
Performance test message 5079
Performance test message 5080
Performance test message 5081
Performance test message 5082
Performance test message 5083
Performance test message 5084
Performance test message 5085
Performance test message 5086
Performance test message 5087
Performance test message 5088
Performance test message 5089
Performance test message 5090
Performance test message 5091
Performance test message 5092
Performance test message 5093
Performance test message 5094
Performance test message 5095
Performance test message 5096
Performance test message 5097
Performance test message 5098
Performance test message 5099
Performance test message 5100
Performance test message 5101
Performance test message 5102
Performance test message 5103
Performance test message 5104
Performance test message 5105
Performance test message 5106
Performance test message 5107
Performance test message 5108
Performance test message 5109
Performance test message 5110
Performance test message 5111
Performance test message 5112
Performance test message 5113
Performance test message 5114
Performance test message 5115
Performance test message 5116
Performance test message 5117
Performance test message 5118
Performance test message 5119
Performance test message 5120
Performance test message 5121
Performance test message 5122
Performance test message 5123
Performance test message 5124
Performance test message 5125
Performance test message 5126
Performance test message 5127
Performance test message 5128
Performance test message 5129
Performance test message 5130
Performance test message 5131
Performance test message 5132
Performance test message 5133
Performance test message 5134
Performance test message 5135
Performance test message 5136
Performance test message 5137
Performance test message 5138
Performance test message 5139
Performance test message 5140
Performance test message 5141
Performance test message 5142
Performance test message 5143
Performance test message 5144
Performance test message 5145
Performance test message 5146
Performance test message 5147
Performance test message 5148
Performance test message 5149
Performance test message 5150
Performance test message 5151
Performance test message 5152
Performance test message 5153
Performance test message 5154
Performance test message 5155
Performance test message 5156
Performance test message 5157
Performance test message 5158
Performance test message 5159
Performance test message 5160
Performance test message 5161
Performance test message 5162
Performance test message 5163
Performance test message 5164
Performance test message 5165
Performance test message 5166
Performance test message 5167
Performance test message 5168
Performance test message 5169
Performance test message 5170
Performance test message 5171
Performance test message 5172
Performance test message 5173
Performance test message 5174
Performance test message 5175
Performance test message 5176
Performance test message 5177
Performance test message 5178
Performance test message 5179
Performance test message 5180
Performance test message 5181
Performance test message 5182
Performance test message 5183
Performance test message 5184
Performance test message 5185
Performance test message 5186
Performance test message 5187
Performance test message 5188
Performance test message 5189
Performance test message 5190
Performance test message 5191
Performance test message 5192
Performance test message 5193
Performance test message 5194
Performance test message 5195
Performance test message 5196
Performance test message 5197
Performance test message 5198
Performance test message 5199
Performance test message 5200
Performance test message 5201
Performance test message 5202
Performance test message 5203
Performance test message 5204
Performance test message 5205
Performance test message 5206
Performance test message 5207
Performance test message 5208
Performance test message 5209
Performance test message 5210
Performance test message 5211
Performance test message 5212
Performance test message 5213
Performance test message 5214
Performance test message 5215
Performance test message 5216
Performance test message 5217
Performance test message 5218
Performance test message 5219
Performance test message 5220
Performance test message 5221
Performance test message 5222
Performance test message 5223
Performance test message 5224
Performance test message 5225
Performance test message 5226
Performance test message 5227
Performance test message 5228
Performance test message 5229
Performance test message 5230
Performance test message 5231
Performance test message 5232
Performance test message 5233
Performance test message 5234
Performance test message 5235
Performance test message 5236
Performance test message 5237
Performance test message 5238
Performance test message 5239
Performance test message 5240
Performance test message 5241
Performance test message 5242
Performance test message 5243
Performance test message 5244
Performance test message 5245
Performance test message 5246
Performance test message 5247
Performance test message 5248
Performance test message 5249
Performance test message 5250
Performance test message 5251
Performance test message 5252
Performance test message 5253
Performance test message 5254
Performance test message 5255
Performance test message 5256
Performance test message 5257
Performance test message 5258
Performance test message 5259
Performance test message 5260
Performance test message 5261
Performance test message 5262
Performance test message 5263
Performance test message 5264
Performance test message 5265
Performance test message 5266
Performance test message 5267
Performance test message 5268
Performance test message 5269
Performance test message 5270
Performance test message 5271
Performance test message 5272
Performance test message 5273
Performance test message 5274
Performance test message 5275
Performance test message 5276
Performance test message 5277
Performance test message 5278
Performance test message 5279
Performance test message 5280
Performance test message 5281
Performance test message 5282
Performance test message 5283
Performance test message 5284
Performance test message 5285
Performance test message 5286
Performance test message 5287
Performance test message 5288
Performance test message 5289
Performance test message 5290
Performance test message 5291
Performance test message 5292
Performance test message 5293
Performance test message 5294
Performance test message 5295
Performance test message 5296
Performance test message 5297
Performance test message 5298
Performance test message 5299
Performance test message 5300
Performance test message 5301
Performance test message 5302
Performance test message 5303
Performance test message 5304
Performance test message 5305
Performance test message 5306
Performance test message 5307
Performance test message 5308
Performance test message 5309
Performance test message 5310
Performance test message 5311
Performance test message 5312
Performance test message 5313
Performance test message 5314
Performance test message 5315
Performance test message 5316
Performance test message 5317
Performance test message 5318
Performance test message 5319
Performance test message 5320
Performance test message 5321
Performance test message 5322
Performance test message 5323
Performance test message 5324
Performance test message 5325
Performance test message 5326
Performance test message 5327
Performance test message 5328
Performance test message 5329
Performance test message 5330
Performance test message 5331
Performance test message 5332
Performance test message 5333
Performance test message 5334
Performance test message 5335
Performance test message 5336
Performance test message 5337
Performance test message 5338
Performance test message 5339
Performance test message 5340
Performance test message 5341
Performance test message 5342
Performance test message 5343
Performance test message 5344
Performance test message 5345
Performance test message 5346
Performance test message 5347
Performance test message 5348
Performance test message 5349
Performance test message 5350
Performance test message 5351
Performance test message 5352
Performance test message 5353
Performance test message 5354
Performance test message 5355
Performance test message 5356
Performance test message 5357
Performance test message 5358
Performance test message 5359
Performance test message 5360
Performance test message 5361
Performance test message 5362
Performance test message 5363
Performance test message 5364
Performance test message 5365
Performance test message 5366
Performance test message 5367
Performance test message 5368
Performance test message 5369
Performance test message 5370
Performance test message 5371
Performance test message 5372
Performance test message 5373
Performance test message 5374
Performance test message 5375
Performance test message 5376
Performance test message 5377
Performance test message 5378
Performance test message 5379
Performance test message 5380
Performance test message 5381
Performance test message 5382
Performance test message 5383
Performance test message 5384
Performance test message 5385
Performance test message 5386
Performance test message 5387
Performance test message 5388
Performance test message 5389
Performance test message 5390
Performance test message 5391
Performance test message 5392
Performance test message 5393
Performance test message 5394
Performance test message 5395
Performance test message 5396
Performance test message 5397
Performance test message 5398
Performance test message 5399
Performance test message 5400
Performance test message 5401
Performance test message 5402
Performance test message 5403
Performance test message 5404
Performance test message 5405
Performance test message 5406
Performance test message 5407
Performance test message 5408
Performance test message 5409
Performance test message 5410
Performance test message 5411
Performance test message 5412
Performance test message 5413
Performance test message 5414
Performance test message 5415
Performance test message 5416
Performance test message 5417
Performance test message 5418
Performance test message 5419
Performance test message 5420
Performance test message 5421
Performance test message 5422
Performance test message 5423
Performance test message 5424
Performance test message 5425
Performance test message 5426
Performance test message 5427
Performance test message 5428
Performance test message 5429
Performance test message 5430
Performance test message 5431
Performance test message 5432
Performance test message 5433
Performance test message 5434
Performance test message 5435
Performance test message 5436
Performance test message 5437
Performance test message 5438
Performance test message 5439
Performance test message 5440
Performance test message 5441
Performance test message 5442
Performance test message 5443
Performance test message 5444
Performance test message 5445
Performance test message 5446
Performance test message 5447
Performance test message 5448
Performance test message 5449
Performance test message 5450
Performance test message 5451
Performance test message 5452
Performance test message 5453
Performance test message 5454
Performance test message 5455
Performance test message 5456
Performance test message 5457
Performance test message 5458
Performance test message 5459
Performance test message 5460
Performance test message 5461
Performance test message 5462
Performance test message 5463
Performance test message 5464
Performance test message 5465
Performance test message 5466
Performance test message 5467
Performance test message 5468
Performance test message 5469
Performance test message 5470
Performance test message 5471
Performance test message 5472
Performance test message 5473
Performance test message 5474
Performance test message 5475
Performance test message 5476
Performance test message 5477
Performance test message 5478
Performance test message 5479
Performance test message 5480
Performance test message 5481
Performance test message 5482
Performance test message 5483
Performance test message 5484
Performance test message 5485
Performance test message 5486
Performance test message 5487
Performance test message 5488
Performance test message 5489
Performance test message 5490
Performance test message 5491
Performance test message 5492
Performance test message 5493
Performance test message 5494
Performance test message 5495
Performance test message 5496
Performance test message 5497
Performance test message 5498
Performance test message 5499
Performance test message 5500
Performance test message 5501
Performance test message 5502
Performance test message 5503
Performance test message 5504
Performance test message 5505
Performance test message 5506
Performance test message 5507
Performance test message 5508
Performance test message 5509
Performance test message 5510
Performance test message 5511
Performance test message 5512
Performance test message 5513
Performance test message 5514
Performance test message 5515
Performance test message 5516
Performance test message 5517
Performance test message 5518
Performance test message 5519
Performance test message 5520
Performance test message 5521
Performance test message 5522
Performance test message 5523
Performance test message 5524
Performance test message 5525
Performance test message 5526
Performance test message 5527
Performance test message 5528
Performance test message 5529
Performance test message 5530
Performance test message 5531
Performance test message 5532
Performance test message 5533
Performance test message 5534
Performance test message 5535
Performance test message 5536
Performance test message 5537
Performance test message 5538
Performance test message 5539
Performance test message 5540
Performance test message 5541
Performance test message 5542
Performance test message 5543
Performance test message 5544
Performance test message 5545
Performance test message 5546
Performance test message 5547
Performance test message 5548
Performance test message 5549
Performance test message 5550
Performance test message 5551
Performance test message 5552
Performance test message 5553
Performance test message 5554
Performance test message 5555
Performance test message 5556
Performance test message 5557
Performance test message 5558
Performance test message 5559
Performance test message 5560
Performance test message 5561
Performance test message 5562
Performance test message 5563
Performance test message 5564
Performance test message 5565
Performance test message 5566
Performance test message 5567
Performance test message 5568
Performance test message 5569
Performance test message 5570
Performance test message 5571
Performance test message 5572
Performance test message 5573
Performance test message 5574
Performance test message 5575
Performance test message 5576
Performance test message 5577
Performance test message 5578
Performance test message 5579
Performance test message 5580
Performance test message 5581
Performance test message 5582
Performance test message 5583
Performance test message 5584
Performance test message 5585
Performance test message 5586
Performance test message 5587
Performance test message 5588
Performance test message 5589
Performance test message 5590
Performance test message 5591
Performance test message 5592
Performance test message 5593
Performance test message 5594
Performance test message 5595
Performance test message 5596
Performance test message 5597
Performance test message 5598
Performance test message 5599
Performance test message 5600
Performance test message 5601
Performance test message 5602
Performance test message 5603
Performance test message 5604
Performance test message 5605
Performance test message 5606
Performance test message 5607
Performance test message 5608
Performance test message 5609
Performance test message 5610
Performance test message 5611
Performance test message 5612
Performance test message 5613
Performance test message 5614
Performance test message 5615
Performance test message 5616
Performance test message 5617
Performance test message 5618
Performance test message 5619
Performance test message 5620
Performance test message 5621
Performance test message 5622
Performance test message 5623
Performance test message 5624
Performance test message 5625
Performance test message 5626
Performance test message 5627
Performance test message 5628
Performance test message 5629
Performance test message 5630
Performance test message 5631
Performance test message 5632
Performance test message 5633
Performance test message 5634
Performance test message 5635
Performance test message 5636
Performance test message 5637
Performance test message 5638
Performance test message 5639
Performance test message 5640
Performance test message 5641
Performance test message 5642
Performance test message 5643
Performance test message 5644
Performance test message 5645
Performance test message 5646
Performance test message 5647
Performance test message 5648
Performance test message 5649
Performance test message 5650
Performance test message 5651
Performance test message 5652
Performance test message 5653
Performance test message 5654
Performance test message 5655
Performance test message 5656
Performance test message 5657
Performance test message 5658
Performance test message 5659
Performance test message 5660
Performance test message 5661
Performance test message 5662
Performance test message 5663
Performance test message 5664
Performance test message 5665
Performance test message 5666
Performance test message 5667
Performance test message 5668
Performance test message 5669
Performance test message 5670
Performance test message 5671
Performance test message 5672
Performance test message 5673
Performance test message 5674
Performance test message 5675
Performance test message 5676
Performance test message 5677
Performance test message 5678
Performance test message 5679
Performance test message 5680
Performance test message 5681
Performance test message 5682
Performance test message 5683
Performance test message 5684
Performance test message 5685
Performance test message 5686
Performance test message 5687
Performance test message 5688
Performance test message 5689
Performance test message 5690
Performance test message 5691
Performance test message 5692
Performance test message 5693
Performance test message 5694
Performance test message 5695
Performance test message 5696
Performance test message 5697
Performance test message 5698
Performance test message 5699
Performance test message 5700
Performance test message 5701
Performance test message 5702
Performance test message 5703
Performance test message 5704
Performance test message 5705
Performance test message 5706
Performance test message 5707
Performance test message 5708
Performance test message 5709
Performance test message 5710
Performance test message 5711
Performance test message 5712
Performance test message 5713
Performance test message 5714
Performance test message 5715
Performance test message 5716
Performance test message 5717
Performance test message 5718
Performance test message 5719
Performance test message 5720
Performance test message 5721
Performance test message 5722
Performance test message 5723
Performance test message 5724
Performance test message 5725
Performance test message 5726
Performance test message 5727
Performance test message 5728
Performance test message 5729
Performance test message 5730
Performance test message 5731
Performance test message 5732
Performance test message 5733
Performance test message 5734
Performance test message 5735
Performance test message 5736
Performance test message 5737
Performance test message 5738
Performance test message 5739
Performance test message 5740
Performance test message 5741
Performance test message 5742
Performance test message 5743
Performance test message 5744
Performance test message 5745
Performance test message 5746
Performance test message 5747
Performance test message 5748
Performance test message 5749
Performance test message 5750
Performance test message 5751
Performance test message 5752
Performance test message 5753
Performance test message 5754
Performance test message 5755
Performance test message 5756
Performance test message 5757
Performance test message 5758
Performance test message 5759
Performance test message 5760
Performance test message 5761
Performance test message 5762
Performance test message 5763
Performance test message 5764
Performance test message 5765
Performance test message 5766
Performance test message 5767
Performance test message 5768
Performance test message 5769
Performance test message 5770
Performance test message 5771
Performance test message 5772
Performance test message 5773
Performance test message 5774
Performance test message 5775
Performance test message 5776
Performance test message 5777
Performance test message 5778
Performance test message 5779
Performance test message 5780
Performance test message 5781
Performance test message 5782
Performance test message 5783
Performance test message 5784
Performance test message 5785
Performance test message 5786
Performance test message 5787
Performance test message 5788
Performance test message 5789
Performance test message 5790
Performance test message 5791
Performance test message 5792
Performance test message 5793
Performance test message 5794
Performance test message 5795
Performance test message 5796
Performance test message 5797
Performance test message 5798
Performance test message 5799
Performance test message 5800
Performance test message 5801
Performance test message 5802
Performance test message 5803
Performance test message 5804
Performance test message 5805
Performance test message 5806
Performance test message 5807
Performance test message 5808
Performance test message 5809
Performance test message 5810
Performance test message 5811
Performance test message 5812
Performance test message 5813
Performance test message 5814
Performance test message 5815
Performance test message 5816
Performance test message 5817
Performance test message 5818
Performance test message 5819
Performance test message 5820
Performance test message 5821
Performance test message 5822
Performance test message 5823
Performance test message 5824
Performance test message 5825
Performance test message 5826
Performance test message 5827
Performance test message 5828
Performance test message 5829
Performance test message 5830
Performance test message 5831
Performance test message 5832
Performance test message 5833
Performance test message 5834
Performance test message 5835
Performance test message 5836
Performance test message 5837
Performance test message 5838
Performance test message 5839
Performance test message 5840
Performance test message 5841
Performance test message 5842
Performance test message 5843
Performance test message 5844
Performance test message 5845
Performance test message 5846
Performance test message 5847
Performance test message 5848
Performance test message 5849
Performance test message 5850
Performance test message 5851
Performance test message 5852
Performance test message 5853
Performance test message 5854
Performance test message 5855
Performance test message 5856
Performance test message 5857
Performance test message 5858
Performance test message 5859
Performance test message 5860
Performance test message 5861
Performance test message 5862
Performance test message 5863
Performance test message 5864
Performance test message 5865
Performance test message 5866
Performance test message 5867
Performance test message 5868
Performance test message 5869
Performance test message 5870
Performance test message 5871
Performance test message 5872
Performance test message 5873
Performance test message 5874
Performance test message 5875
Performance test message 5876
Performance test message 5877
Performance test message 5878
Performance test message 5879
Performance test message 5880
Performance test message 5881
Performance test message 5882
Performance test message 5883
Performance test message 5884
Performance test message 5885
Performance test message 5886
Performance test message 5887
Performance test message 5888
Performance test message 5889
Performance test message 5890
Performance test message 5891
Performance test message 5892
Performance test message 5893
Performance test message 5894
Performance test message 5895
Performance test message 5896
Performance test message 5897
Performance test message 5898
Performance test message 5899
Performance test message 5900
Performance test message 5901
Performance test message 5902
Performance test message 5903
Performance test message 5904
Performance test message 5905
Performance test message 5906
Performance test message 5907
Performance test message 5908
Performance test message 5909
Performance test message 5910
Performance test message 5911
Performance test message 5912
Performance test message 5913
Performance test message 5914
Performance test message 5915
Performance test message 5916
Performance test message 5917
Performance test message 5918
Performance test message 5919
Performance test message 5920
Performance test message 5921
Performance test message 5922
Performance test message 5923
Performance test message 5924
Performance test message 5925
Performance test message 5926
Performance test message 5927
Performance test message 5928
Performance test message 5929
Performance test message 5930
Performance test message 5931
Performance test message 5932
Performance test message 5933
Performance test message 5934
Performance test message 5935
Performance test message 5936
Performance test message 5937
Performance test message 5938
Performance test message 5939
Performance test message 5940
Performance test message 5941
Performance test message 5942
Performance test message 5943
Performance test message 5944
Performance test message 5945
Performance test message 5946
Performance test message 5947
Performance test message 5948
Performance test message 5949
Performance test message 5950
Performance test message 5951
Performance test message 5952
Performance test message 5953
Performance test message 5954
Performance test message 5955
Performance test message 5956
Performance test message 5957
Performance test message 5958
Performance test message 5959
Performance test message 5960
Performance test message 5961
Performance test message 5962
Performance test message 5963
Performance test message 5964
Performance test message 5965
Performance test message 5966
Performance test message 5967
Performance test message 5968
Performance test message 5969
Performance test message 5970
Performance test message 5971
Performance test message 5972
Performance test message 5973
Performance test message 5974
Performance test message 5975
Performance test message 5976
Performance test message 5977
Performance test message 5978
Performance test message 5979
Performance test message 5980
Performance test message 5981
Performance test message 5982
Performance test message 5983
Performance test message 5984
Performance test message 5985
Performance test message 5986
Performance test message 5987
Performance test message 5988
Performance test message 5989
Performance test message 5990
Performance test message 5991
Performance test message 5992
Performance test message 5993
Performance test message 5994
Performance test message 5995
Performance test message 5996
Performance test message 5997
Performance test message 5998
Performance test message 5999
Performance test message 6000
Performance test message 6001
Performance test message 6002
Performance test message 6003
Performance test message 6004
Performance test message 6005
Performance test message 6006
Performance test message 6007
Performance test message 6008
Performance test message 6009
Performance test message 6010
Performance test message 6011
Performance test message 6012
Performance test message 6013
Performance test message 6014
Performance test message 6015
Performance test message 6016
Performance test message 6017
Performance test message 6018
Performance test message 6019
Performance test message 6020
Performance test message 6021
Performance test message 6022
Performance test message 6023
Performance test message 6024
Performance test message 6025
Performance test message 6026
Performance test message 6027
Performance test message 6028
Performance test message 6029
Performance test message 6030
Performance test message 6031
Performance test message 6032
Performance test message 6033
Performance test message 6034
Performance test message 6035
Performance test message 6036
Performance test message 6037
Performance test message 6038
Performance test message 6039
Performance test message 6040
Performance test message 6041
Performance test message 6042
Performance test message 6043
Performance test message 6044
Performance test message 6045
Performance test message 6046
Performance test message 6047
Performance test message 6048
Performance test message 6049
Performance test message 6050
Performance test message 6051
Performance test message 6052
Performance test message 6053
Performance test message 6054
Performance test message 6055
Performance test message 6056
Performance test message 6057
Performance test message 6058
Performance test message 6059
Performance test message 6060
Performance test message 6061
Performance test message 6062
Performance test message 6063
Performance test message 6064
Performance test message 6065
Performance test message 6066
Performance test message 6067
Performance test message 6068
Performance test message 6069
Performance test message 6070
Performance test message 6071
Performance test message 6072
Performance test message 6073
Performance test message 6074
Performance test message 6075
Performance test message 6076
Performance test message 6077
Performance test message 6078
Performance test message 6079
Performance test message 6080
Performance test message 6081
Performance test message 6082
Performance test message 6083
Performance test message 6084
Performance test message 6085
Performance test message 6086
Performance test message 6087
Performance test message 6088
Performance test message 6089
Performance test message 6090
Performance test message 6091
Performance test message 6092
Performance test message 6093
Performance test message 6094
Performance test message 6095
Performance test message 6096
Performance test message 6097
Performance test message 6098
Performance test message 6099
Performance test message 6100
Performance test message 6101
Performance test message 6102
Performance test message 6103
Performance test message 6104
Performance test message 6105
Performance test message 6106
Performance test message 6107
Performance test message 6108
Performance test message 6109
Performance test message 6110
Performance test message 6111
Performance test message 6112
Performance test message 6113
Performance test message 6114
Performance test message 6115
Performance test message 6116
Performance test message 6117
Performance test message 6118
Performance test message 6119
Performance test message 6120
Performance test message 6121
Performance test message 6122
Performance test message 6123
Performance test message 6124
Performance test message 6125
Performance test message 6126
Performance test message 6127
Performance test message 6128
Performance test message 6129
Performance test message 6130
Performance test message 6131
Performance test message 6132
Performance test message 6133
Performance test message 6134
Performance test message 6135
Performance test message 6136
Performance test message 6137
Performance test message 6138
Performance test message 6139
Performance test message 6140
Performance test message 6141
Performance test message 6142
Performance test message 6143
Performance test message 6144
Performance test message 6145
Performance test message 6146
Performance test message 6147
Performance test message 6148
Performance test message 6149
Performance test message 6150
Performance test message 6151
Performance test message 6152
Performance test message 6153
Performance test message 6154
Performance test message 6155
Performance test message 6156
Performance test message 6157
Performance test message 6158
Performance test message 6159
Performance test message 6160
Performance test message 6161
Performance test message 6162
Performance test message 6163
Performance test message 6164
Performance test message 6165
Performance test message 6166
Performance test message 6167
Performance test message 6168
Performance test message 6169
Performance test message 6170
Performance test message 6171
Performance test message 6172
Performance test message 6173
Performance test message 6174
Performance test message 6175
Performance test message 6176
Performance test message 6177
Performance test message 6178
Performance test message 6179
Performance test message 6180
Performance test message 6181
Performance test message 6182
Performance test message 6183
Performance test message 6184
Performance test message 6185
Performance test message 6186
Performance test message 6187
Performance test message 6188
Performance test message 6189
Performance test message 6190
Performance test message 6191
Performance test message 6192
Performance test message 6193
Performance test message 6194
Performance test message 6195
Performance test message 6196
Performance test message 6197
Performance test message 6198
Performance test message 6199
Performance test message 6200
Performance test message 6201
Performance test message 6202
Performance test message 6203
Performance test message 6204
Performance test message 6205
Performance test message 6206
Performance test message 6207
Performance test message 6208
Performance test message 6209
Performance test message 6210
Performance test message 6211
Performance test message 6212
Performance test message 6213
Performance test message 6214
Performance test message 6215
Performance test message 6216
Performance test message 6217
Performance test message 6218
Performance test message 6219
Performance test message 6220
Performance test message 6221
Performance test message 6222
Performance test message 6223
Performance test message 6224
Performance test message 6225
Performance test message 6226
Performance test message 6227
Performance test message 6228
Performance test message 6229
Performance test message 6230
Performance test message 6231
Performance test message 6232
Performance test message 6233
Performance test message 6234
Performance test message 6235
Performance test message 6236
Performance test message 6237
Performance test message 6238
Performance test message 6239
Performance test message 6240
Performance test message 6241
Performance test message 6242
Performance test message 6243
Performance test message 6244
Performance test message 6245
Performance test message 6246
Performance test message 6247
Performance test message 6248
Performance test message 6249
Performance test message 6250
Performance test message 6251
Performance test message 6252
Performance test message 6253
Performance test message 6254
Performance test message 6255
Performance test message 6256
Performance test message 6257
Performance test message 6258
Performance test message 6259
Performance test message 6260
Performance test message 6261
Performance test message 6262
Performance test message 6263
Performance test message 6264
Performance test message 6265
Performance test message 6266
Performance test message 6267
Performance test message 6268
Performance test message 6269
Performance test message 6270
Performance test message 6271
Performance test message 6272
Performance test message 6273
Performance test message 6274
Performance test message 6275
Performance test message 6276
Performance test message 6277
Performance test message 6278
Performance test message 6279
Performance test message 6280
Performance test message 6281
Performance test message 6282
Performance test message 6283
Performance test message 6284
Performance test message 6285
Performance test message 6286
Performance test message 6287
Performance test message 6288
Performance test message 6289
Performance test message 6290
Performance test message 6291
Performance test message 6292
Performance test message 6293
Performance test message 6294
Performance test message 6295
Performance test message 6296
Performance test message 6297
Performance test message 6298
Performance test message 6299
Performance test message 6300
Performance test message 6301
Performance test message 6302
Performance test message 6303
Performance test message 6304
Performance test message 6305
Performance test message 6306
Performance test message 6307
Performance test message 6308
Performance test message 6309
Performance test message 6310
Performance test message 6311
Performance test message 6312
Performance test message 6313
Performance test message 6314
Performance test message 6315
Performance test message 6316
Performance test message 6317
Performance test message 6318
Performance test message 6319
Performance test message 6320
Performance test message 6321
Performance test message 6322
Performance test message 6323
Performance test message 6324
Performance test message 6325
Performance test message 6326
Performance test message 6327
Performance test message 6328
Performance test message 6329
Performance test message 6330
Performance test message 6331
Performance test message 6332
Performance test message 6333
Performance test message 6334
Performance test message 6335
Performance test message 6336
Performance test message 6337
Performance test message 6338
Performance test message 6339
Performance test message 6340
Performance test message 6341
Performance test message 6342
Performance test message 6343
Performance test message 6344
Performance test message 6345
Performance test message 6346
Performance test message 6347
Performance test message 6348
Performance test message 6349
Performance test message 6350
Performance test message 6351
Performance test message 6352
Performance test message 6353
Performance test message 6354
Performance test message 6355
Performance test message 6356
Performance test message 6357
Performance test message 6358
Performance test message 6359
Performance test message 6360
Performance test message 6361
Performance test message 6362
Performance test message 6363
Performance test message 6364
Performance test message 6365
Performance test message 6366
Performance test message 6367
Performance test message 6368
Performance test message 6369
Performance test message 6370
Performance test message 6371
Performance test message 6372
Performance test message 6373
Performance test message 6374
Performance test message 6375
Performance test message 6376
Performance test message 6377
Performance test message 6378
Performance test message 6379
Performance test message 6380
Performance test message 6381
Performance test message 6382
Performance test message 6383
Performance test message 6384
Performance test message 6385
Performance test message 6386
Performance test message 6387
Performance test message 6388
Performance test message 6389
Performance test message 6390
Performance test message 6391
Performance test message 6392
Performance test message 6393
Performance test message 6394
Performance test message 6395
Performance test message 6396
Performance test message 6397
Performance test message 6398
Performance test message 6399
Performance test message 6400
Performance test message 6401
Performance test message 6402
Performance test message 6403
Performance test message 6404
Performance test message 6405
Performance test message 6406
Performance test message 6407
Performance test message 6408
Performance test message 6409
Performance test message 6410
Performance test message 6411
Performance test message 6412
Performance test message 6413
Performance test message 6414
Performance test message 6415
Performance test message 6416
Performance test message 6417
Performance test message 6418
Performance test message 6419
Performance test message 6420
Performance test message 6421
Performance test message 6422
Performance test message 6423
Performance test message 6424
Performance test message 6425
Performance test message 6426
Performance test message 6427
Performance test message 6428
Performance test message 6429
Performance test message 6430
Performance test message 6431
Performance test message 6432
Performance test message 6433
Performance test message 6434
Performance test message 6435
Performance test message 6436
Performance test message 6437
Performance test message 6438
Performance test message 6439
Performance test message 6440
Performance test message 6441
Performance test message 6442
Performance test message 6443
Performance test message 6444
Performance test message 6445
Performance test message 6446
Performance test message 6447
Performance test message 6448
Performance test message 6449
Performance test message 6450
Performance test message 6451
Performance test message 6452
Performance test message 6453
Performance test message 6454
Performance test message 6455
Performance test message 6456
Performance test message 6457
Performance test message 6458
Performance test message 6459
Performance test message 6460
Performance test message 6461
Performance test message 6462
Performance test message 6463
Performance test message 6464
Performance test message 6465
Performance test message 6466
Performance test message 6467
Performance test message 6468
Performance test message 6469
Performance test message 6470
Performance test message 6471
Performance test message 6472
Performance test message 6473
Performance test message 6474
Performance test message 6475
Performance test message 6476
Performance test message 6477
Performance test message 6478
Performance test message 6479
Performance test message 6480
Performance test message 6481
Performance test message 6482
Performance test message 6483
Performance test message 6484
Performance test message 6485
Performance test message 6486
Performance test message 6487
Performance test message 6488
Performance test message 6489
Performance test message 6490
Performance test message 6491
Performance test message 6492
Performance test message 6493
Performance test message 6494
Performance test message 6495
Performance test message 6496
Performance test message 6497
Performance test message 6498
Performance test message 6499
Performance test message 6500
Performance test message 6501
Performance test message 6502
Performance test message 6503
Performance test message 6504
Performance test message 6505
Performance test message 6506
Performance test message 6507
Performance test message 6508
Performance test message 6509
Performance test message 6510
Performance test message 6511
Performance test message 6512
Performance test message 6513
Performance test message 6514
Performance test message 6515
Performance test message 6516
Performance test message 6517
Performance test message 6518
Performance test message 6519
Performance test message 6520
Performance test message 6521
Performance test message 6522
Performance test message 6523
Performance test message 6524
Performance test message 6525
Performance test message 6526
Performance test message 6527
Performance test message 6528
Performance test message 6529
Performance test message 6530
Performance test message 6531
Performance test message 6532
Performance test message 6533
Performance test message 6534
Performance test message 6535
Performance test message 6536
Performance test message 6537
Performance test message 6538
Performance test message 6539
Performance test message 6540
Performance test message 6541
Performance test message 6542
Performance test message 6543
Performance test message 6544
Performance test message 6545
Performance test message 6546
Performance test message 6547
Performance test message 6548
Performance test message 6549
Performance test message 6550
Performance test message 6551
Performance test message 6552
Performance test message 6553
Performance test message 6554
Performance test message 6555
Performance test message 6556
Performance test message 6557
Performance test message 6558
Performance test message 6559
Performance test message 6560
Performance test message 6561
Performance test message 6562
Performance test message 6563
Performance test message 6564
Performance test message 6565
Performance test message 6566
Performance test message 6567
Performance test message 6568
Performance test message 6569
Performance test message 6570
Performance test message 6571
Performance test message 6572
Performance test message 6573
Performance test message 6574
Performance test message 6575
Performance test message 6576
Performance test message 6577
Performance test message 6578
Performance test message 6579
Performance test message 6580
Performance test message 6581
Performance test message 6582
Performance test message 6583
Performance test message 6584
Performance test message 6585
Performance test message 6586
Performance test message 6587
Performance test message 6588
Performance test message 6589
Performance test message 6590
Performance test message 6591
Performance test message 6592
Performance test message 6593
Performance test message 6594
Performance test message 6595
Performance test message 6596
Performance test message 6597
Performance test message 6598
Performance test message 6599
Performance test message 6600
Performance test message 6601
Performance test message 6602
Performance test message 6603
Performance test message 6604
Performance test message 6605
Performance test message 6606
Performance test message 6607
Performance test message 6608
Performance test message 6609
Performance test message 6610
Performance test message 6611
Performance test message 6612
Performance test message 6613
Performance test message 6614
Performance test message 6615
Performance test message 6616
Performance test message 6617
Performance test message 6618
Performance test message 6619
Performance test message 6620
Performance test message 6621
Performance test message 6622
Performance test message 6623
Performance test message 6624
Performance test message 6625
Performance test message 6626
Performance test message 6627
Performance test message 6628
Performance test message 6629
Performance test message 6630
Performance test message 6631
Performance test message 6632
Performance test message 6633
Performance test message 6634
Performance test message 6635
Performance test message 6636
Performance test message 6637
Performance test message 6638
Performance test message 6639
Performance test message 6640
Performance test message 6641
Performance test message 6642
Performance test message 6643
Performance test message 6644
Performance test message 6645
Performance test message 6646
Performance test message 6647
Performance test message 6648
Performance test message 6649
Performance test message 6650
Performance test message 6651
Performance test message 6652
Performance test message 6653
Performance test message 6654
Performance test message 6655
Performance test message 6656
Performance test message 6657
Performance test message 6658
Performance test message 6659
Performance test message 6660
Performance test message 6661
Performance test message 6662
Performance test message 6663
Performance test message 6664
Performance test message 6665
Performance test message 6666
Performance test message 6667
Performance test message 6668
Performance test message 6669
Performance test message 6670
Performance test message 6671
Performance test message 6672
Performance test message 6673
Performance test message 6674
Performance test message 6675
Performance test message 6676
Performance test message 6677
Performance test message 6678
Performance test message 6679
Performance test message 6680
Performance test message 6681
Performance test message 6682
Performance test message 6683
Performance test message 6684
Performance test message 6685
Performance test message 6686
Performance test message 6687
Performance test message 6688
Performance test message 6689
Performance test message 6690
Performance test message 6691
Performance test message 6692
Performance test message 6693
Performance test message 6694
Performance test message 6695
Performance test message 6696
Performance test message 6697
Performance test message 6698
Performance test message 6699
Performance test message 6700
Performance test message 6701
Performance test message 6702
Performance test message 6703
Performance test message 6704
Performance test message 6705
Performance test message 6706
Performance test message 6707
Performance test message 6708
Performance test message 6709
Performance test message 6710
Performance test message 6711
Performance test message 6712
Performance test message 6713
Performance test message 6714
Performance test message 6715
Performance test message 6716
Performance test message 6717
Performance test message 6718
Performance test message 6719
Performance test message 6720
Performance test message 6721
Performance test message 6722
Performance test message 6723
Performance test message 6724
Performance test message 6725
Performance test message 6726
Performance test message 6727
Performance test message 6728
Performance test message 6729
Performance test message 6730
Performance test message 6731
Performance test message 6732
Performance test message 6733
Performance test message 6734
Performance test message 6735
Performance test message 6736
Performance test message 6737
Performance test message 6738
Performance test message 6739
Performance test message 6740
Performance test message 6741
Performance test message 6742
Performance test message 6743
Performance test message 6744
Performance test message 6745
Performance test message 6746
Performance test message 6747
Performance test message 6748
Performance test message 6749
Performance test message 6750
Performance test message 6751
Performance test message 6752
Performance test message 6753
Performance test message 6754
Performance test message 6755
Performance test message 6756
Performance test message 6757
Performance test message 6758
Performance test message 6759
Performance test message 6760
Performance test message 6761
Performance test message 6762
Performance test message 6763
Performance test message 6764
Performance test message 6765
Performance test message 6766
Performance test message 6767
Performance test message 6768
Performance test message 6769
Performance test message 6770
Performance test message 6771
Performance test message 6772
Performance test message 6773
Performance test message 6774
Performance test message 6775
Performance test message 6776
Performance test message 6777
Performance test message 6778
Performance test message 6779
Performance test message 6780
Performance test message 6781
Performance test message 6782
Performance test message 6783
Performance test message 6784
Performance test message 6785
Performance test message 6786
Performance test message 6787
Performance test message 6788
Performance test message 6789
Performance test message 6790
Performance test message 6791
Performance test message 6792
Performance test message 6793
Performance test message 6794
Performance test message 6795
Performance test message 6796
Performance test message 6797
Performance test message 6798
Performance test message 6799
Performance test message 6800
Performance test message 6801
Performance test message 6802
Performance test message 6803
Performance test message 6804
Performance test message 6805
Performance test message 6806
Performance test message 6807
Performance test message 6808
Performance test message 6809
Performance test message 6810
Performance test message 6811
Performance test message 6812
Performance test message 6813
Performance test message 6814
Performance test message 6815
Performance test message 6816
Performance test message 6817
Performance test message 6818
Performance test message 6819
Performance test message 6820
Performance test message 6821
Performance test message 6822
Performance test message 6823
Performance test message 6824
Performance test message 6825
Performance test message 6826
Performance test message 6827
Performance test message 6828
Performance test message 6829
Performance test message 6830
Performance test message 6831
Performance test message 6832
Performance test message 6833
Performance test message 6834
Performance test message 6835
Performance test message 6836
Performance test message 6837
Performance test message 6838
Performance test message 6839
Performance test message 6840
Performance test message 6841
Performance test message 6842
Performance test message 6843
Performance test message 6844
Performance test message 6845
Performance test message 6846
Performance test message 6847
Performance test message 6848
Performance test message 6849
Performance test message 6850
Performance test message 6851
Performance test message 6852
Performance test message 6853
Performance test message 6854
Performance test message 6855
Performance test message 6856
Performance test message 6857
Performance test message 6858
Performance test message 6859
Performance test message 6860
Performance test message 6861
Performance test message 6862
Performance test message 6863
Performance test message 6864
Performance test message 6865
Performance test message 6866
Performance test message 6867
Performance test message 6868
Performance test message 6869
Performance test message 6870
Performance test message 6871
Performance test message 6872
Performance test message 6873
Performance test message 6874
Performance test message 6875
Performance test message 6876
Performance test message 6877
Performance test message 6878
Performance test message 6879
Performance test message 6880
Performance test message 6881
Performance test message 6882
Performance test message 6883
Performance test message 6884
Performance test message 6885
Performance test message 6886
Performance test message 6887
Performance test message 6888
Performance test message 6889
Performance test message 6890
Performance test message 6891
Performance test message 6892
Performance test message 6893
Performance test message 6894
Performance test message 6895
Performance test message 6896
Performance test message 6897
Performance test message 6898
Performance test message 6899
Performance test message 6900
Performance test message 6901
Performance test message 6902
Performance test message 6903
Performance test message 6904
Performance test message 6905
Performance test message 6906
Performance test message 6907
Performance test message 6908
Performance test message 6909
Performance test message 6910
Performance test message 6911
Performance test message 6912
Performance test message 6913
Performance test message 6914
Performance test message 6915
Performance test message 6916
Performance test message 6917
Performance test message 6918
Performance test message 6919
Performance test message 6920
Performance test message 6921
Performance test message 6922
Performance test message 6923
Performance test message 6924
Performance test message 6925
Performance test message 6926
Performance test message 6927
Performance test message 6928
Performance test message 6929
Performance test message 6930
Performance test message 6931
Performance test message 6932
Performance test message 6933
Performance test message 6934
Performance test message 6935
Performance test message 6936
Performance test message 6937
Performance test message 6938
Performance test message 6939
Performance test message 6940
Performance test message 6941
Performance test message 6942
Performance test message 6943
Performance test message 6944
Performance test message 6945
Performance test message 6946
Performance test message 6947
Performance test message 6948
Performance test message 6949
Performance test message 6950
Performance test message 6951
Performance test message 6952
Performance test message 6953
Performance test message 6954
Performance test message 6955
Performance test message 6956
Performance test message 6957
Performance test message 6958
Performance test message 6959
Performance test message 6960
Performance test message 6961
Performance test message 6962
Performance test message 6963
Performance test message 6964
Performance test message 6965
Performance test message 6966
Performance test message 6967
Performance test message 6968
Performance test message 6969
Performance test message 6970
Performance test message 6971
Performance test message 6972
Performance test message 6973
Performance test message 6974
Performance test message 6975
Performance test message 6976
Performance test message 6977
Performance test message 6978
Performance test message 6979
Performance test message 6980
Performance test message 6981
Performance test message 6982
Performance test message 6983
Performance test message 6984
Performance test message 6985
Performance test message 6986
Performance test message 6987
Performance test message 6988
Performance test message 6989
Performance test message 6990
Performance test message 6991
Performance test message 6992
Performance test message 6993
Performance test message 6994
Performance test message 6995
Performance test message 6996
Performance test message 6997
Performance test message 6998
Performance test message 6999
Performance test message 7000
Performance test message 7001
Performance test message 7002
Performance test message 7003
Performance test message 7004
Performance test message 7005
Performance test message 7006
Performance test message 7007
Performance test message 7008
Performance test message 7009
Performance test message 7010
Performance test message 7011
Performance test message 7012
Performance test message 7013
Performance test message 7014
Performance test message 7015
Performance test message 7016
Performance test message 7017
Performance test message 7018
Performance test message 7019
Performance test message 7020
Performance test message 7021
Performance test message 7022
Performance test message 7023
Performance test message 7024
Performance test message 7025
Performance test message 7026
Performance test message 7027
Performance test message 7028
Performance test message 7029
Performance test message 7030
Performance test message 7031
Performance test message 7032
Performance test message 7033
Performance test message 7034
Performance test message 7035
Performance test message 7036
Performance test message 7037
Performance test message 7038
Performance test message 7039
Performance test message 7040
Performance test message 7041
Performance test message 7042
Performance test message 7043
Performance test message 7044
Performance test message 7045
Performance test message 7046
Performance test message 7047
Performance test message 7048
Performance test message 7049
Performance test message 7050
Performance test message 7051
Performance test message 7052
Performance test message 7053
Performance test message 7054
Performance test message 7055
Performance test message 7056
Performance test message 7057
Performance test message 7058
Performance test message 7059
Performance test message 7060
Performance test message 7061
Performance test message 7062
Performance test message 7063
Performance test message 7064
Performance test message 7065
Performance test message 7066
Performance test message 7067
Performance test message 7068
Performance test message 7069
Performance test message 7070
Performance test message 7071
Performance test message 7072
Performance test message 7073
Performance test message 7074
Performance test message 7075
Performance test message 7076
Performance test message 7077
Performance test message 7078
Performance test message 7079
Performance test message 7080
Performance test message 7081
Performance test message 7082
Performance test message 7083
Performance test message 7084
Performance test message 7085
Performance test message 7086
Performance test message 7087
Performance test message 7088
Performance test message 7089
Performance test message 7090
Performance test message 7091
Performance test message 7092
Performance test message 7093
Performance test message 7094
Performance test message 7095
Performance test message 7096
Performance test message 7097
Performance test message 7098
Performance test message 7099
Performance test message 7100
Performance test message 7101
Performance test message 7102
Performance test message 7103
Performance test message 7104
Performance test message 7105
Performance test message 7106
Performance test message 7107
Performance test message 7108
Performance test message 7109
Performance test message 7110
Performance test message 7111
Performance test message 7112
Performance test message 7113
Performance test message 7114
Performance test message 7115
Performance test message 7116
Performance test message 7117
Performance test message 7118
Performance test message 7119
Performance test message 7120
Performance test message 7121
Performance test message 7122
Performance test message 7123
Performance test message 7124
Performance test message 7125
Performance test message 7126
Performance test message 7127
Performance test message 7128
Performance test message 7129
Performance test message 7130
Performance test message 7131
Performance test message 7132
Performance test message 7133
Performance test message 7134
Performance test message 7135
Performance test message 7136
Performance test message 7137
Performance test message 7138
Performance test message 7139
Performance test message 7140
Performance test message 7141
Performance test message 7142
Performance test message 7143
Performance test message 7144
Performance test message 7145
Performance test message 7146
Performance test message 7147
Performance test message 7148
Performance test message 7149
Performance test message 7150
Performance test message 7151
Performance test message 7152
Performance test message 7153
Performance test message 7154
Performance test message 7155
Performance test message 7156
Performance test message 7157
Performance test message 7158
Performance test message 7159
Performance test message 7160
Performance test message 7161
Performance test message 7162
Performance test message 7163
Performance test message 7164
Performance test message 7165
Performance test message 7166
Performance test message 7167
Performance test message 7168
Performance test message 7169
Performance test message 7170
Performance test message 7171
Performance test message 7172
Performance test message 7173
Performance test message 7174
Performance test message 7175
Performance test message 7176
Performance test message 7177
Performance test message 7178
Performance test message 7179
Performance test message 7180
Performance test message 7181
Performance test message 7182
Performance test message 7183
Performance test message 7184
Performance test message 7185
Performance test message 7186
Performance test message 7187
Performance test message 7188
Performance test message 7189
Performance test message 7190
Performance test message 7191
Performance test message 7192
Performance test message 7193
Performance test message 7194
Performance test message 7195
Performance test message 7196
Performance test message 7197
Performance test message 7198
Performance test message 7199
Performance test message 7200
Performance test message 7201
Performance test message 7202
Performance test message 7203
Performance test message 7204
Performance test message 7205
Performance test message 7206
Performance test message 7207
Performance test message 7208
Performance test message 7209
Performance test message 7210
Performance test message 7211
Performance test message 7212
Performance test message 7213
Performance test message 7214
Performance test message 7215
Performance test message 7216
Performance test message 7217
Performance test message 7218
Performance test message 7219
Performance test message 7220
Performance test message 7221
Performance test message 7222
Performance test message 7223
Performance test message 7224
Performance test message 7225
Performance test message 7226
Performance test message 7227
Performance test message 7228
Performance test message 7229
Performance test message 7230
Performance test message 7231
Performance test message 7232
Performance test message 7233
Performance test message 7234
Performance test message 7235
Performance test message 7236
Performance test message 7237
Performance test message 7238
Performance test message 7239
Performance test message 7240
Performance test message 7241
Performance test message 7242
Performance test message 7243
Performance test message 7244
Performance test message 7245
Performance test message 7246
Performance test message 7247
Performance test message 7248
Performance test message 7249
Performance test message 7250
Performance test message 7251
Performance test message 7252
Performance test message 7253
Performance test message 7254
Performance test message 7255
Performance test message 7256
Performance test message 7257
Performance test message 7258
Performance test message 7259
Performance test message 7260
Performance test message 7261
Performance test message 7262
Performance test message 7263
Performance test message 7264
Performance test message 7265
Performance test message 7266
Performance test message 7267
Performance test message 7268
Performance test message 7269
Performance test message 7270
Performance test message 7271
Performance test message 7272
Performance test message 7273
Performance test message 7274
Performance test message 7275
Performance test message 7276
Performance test message 7277
Performance test message 7278
Performance test message 7279
Performance test message 7280
Performance test message 7281
Performance test message 7282
Performance test message 7283
Performance test message 7284
Performance test message 7285
Performance test message 7286
Performance test message 7287
Performance test message 7288
Performance test message 7289
Performance test message 7290
Performance test message 7291
Performance test message 7292
Performance test message 7293
Performance test message 7294
Performance test message 7295
Performance test message 7296
Performance test message 7297
Performance test message 7298
Performance test message 7299
Performance test message 7300
Performance test message 7301
Performance test message 7302
Performance test message 7303
Performance test message 7304
Performance test message 7305
Performance test message 7306
Performance test message 7307
Performance test message 7308
Performance test message 7309
Performance test message 7310
Performance test message 7311
Performance test message 7312
Performance test message 7313
Performance test message 7314
Performance test message 7315
Performance test message 7316
Performance test message 7317
Performance test message 7318
Performance test message 7319
Performance test message 7320
Performance test message 7321
Performance test message 7322
Performance test message 7323
Performance test message 7324
Performance test message 7325
Performance test message 7326
Performance test message 7327
Performance test message 7328
Performance test message 7329
Performance test message 7330
Performance test message 7331
Performance test message 7332
Performance test message 7333
Performance test message 7334
Performance test message 7335
Performance test message 7336
Performance test message 7337
Performance test message 7338
Performance test message 7339
Performance test message 7340
Performance test message 7341
Performance test message 7342
Performance test message 7343
Performance test message 7344
Performance test message 7345
Performance test message 7346
Performance test message 7347
Performance test message 7348
Performance test message 7349
Performance test message 7350
Performance test message 7351
Performance test message 7352
Performance test message 7353
Performance test message 7354
Performance test message 7355
Performance test message 7356
Performance test message 7357
Performance test message 7358
Performance test message 7359
Performance test message 7360
Performance test message 7361
Performance test message 7362
Performance test message 7363
Performance test message 7364
Performance test message 7365
Performance test message 7366
Performance test message 7367
Performance test message 7368
Performance test message 7369
Performance test message 7370
Performance test message 7371
Performance test message 7372
Performance test message 7373
Performance test message 7374
Performance test message 7375
Performance test message 7376
Performance test message 7377
Performance test message 7378
Performance test message 7379
Performance test message 7380
Performance test message 7381
Performance test message 7382
Performance test message 7383
Performance test message 7384
Performance test message 7385
Performance test message 7386
Performance test message 7387
Performance test message 7388
Performance test message 7389
Performance test message 7390
Performance test message 7391
Performance test message 7392
Performance test message 7393
Performance test message 7394
Performance test message 7395
Performance test message 7396
Performance test message 7397
Performance test message 7398
Performance test message 7399
Performance test message 7400
Performance test message 7401
Performance test message 7402
Performance test message 7403
Performance test message 7404
Performance test message 7405
Performance test message 7406
Performance test message 7407
Performance test message 7408
Performance test message 7409
Performance test message 7410
Performance test message 7411
Performance test message 7412
Performance test message 7413
Performance test message 7414
Performance test message 7415
Performance test message 7416
Performance test message 7417
Performance test message 7418
Performance test message 7419
Performance test message 7420
Performance test message 7421
Performance test message 7422
Performance test message 7423
Performance test message 7424
Performance test message 7425
Performance test message 7426
Performance test message 7427
Performance test message 7428
Performance test message 7429
Performance test message 7430
Performance test message 7431
Performance test message 7432
Performance test message 7433
Performance test message 7434
Performance test message 7435
Performance test message 7436
Performance test message 7437
Performance test message 7438
Performance test message 7439
Performance test message 7440
Performance test message 7441
Performance test message 7442
Performance test message 7443
Performance test message 7444
Performance test message 7445
Performance test message 7446
Performance test message 7447
Performance test message 7448
Performance test message 7449
Performance test message 7450
Performance test message 7451
Performance test message 7452
Performance test message 7453
Performance test message 7454
Performance test message 7455
Performance test message 7456
Performance test message 7457
Performance test message 7458
Performance test message 7459
Performance test message 7460
Performance test message 7461
Performance test message 7462
Performance test message 7463
Performance test message 7464
Performance test message 7465
Performance test message 7466
Performance test message 7467
Performance test message 7468
Performance test message 7469
Performance test message 7470
Performance test message 7471
Performance test message 7472
Performance test message 7473
Performance test message 7474
Performance test message 7475
Performance test message 7476
Performance test message 7477
Performance test message 7478
Performance test message 7479
Performance test message 7480
Performance test message 7481
Performance test message 7482
Performance test message 7483
Performance test message 7484
Performance test message 7485
Performance test message 7486
Performance test message 7487
Performance test message 7488
Performance test message 7489
Performance test message 7490
Performance test message 7491
Performance test message 7492
Performance test message 7493
Performance test message 7494
Performance test message 7495
Performance test message 7496
Performance test message 7497
Performance test message 7498
Performance test message 7499
Performance test message 7500
Performance test message 7501
Performance test message 7502
Performance test message 7503
Performance test message 7504
Performance test message 7505
Performance test message 7506
Performance test message 7507
Performance test message 7508
Performance test message 7509
Performance test message 7510
Performance test message 7511
Performance test message 7512
Performance test message 7513
Performance test message 7514
Performance test message 7515
Performance test message 7516
Performance test message 7517
Performance test message 7518
Performance test message 7519
Performance test message 7520
Performance test message 7521
Performance test message 7522
Performance test message 7523
Performance test message 7524
Performance test message 7525
Performance test message 7526
Performance test message 7527
Performance test message 7528
Performance test message 7529
Performance test message 7530
Performance test message 7531
Performance test message 7532
Performance test message 7533
Performance test message 7534
Performance test message 7535
Performance test message 7536
Performance test message 7537
Performance test message 7538
Performance test message 7539
Performance test message 7540
Performance test message 7541
Performance test message 7542
Performance test message 7543
Performance test message 7544
Performance test message 7545
Performance test message 7546
Performance test message 7547
Performance test message 7548
Performance test message 7549
Performance test message 7550
Performance test message 7551
Performance test message 7552
Performance test message 7553
Performance test message 7554
Performance test message 7555
Performance test message 7556
Performance test message 7557
Performance test message 7558
Performance test message 7559
Performance test message 7560
Performance test message 7561
Performance test message 7562
Performance test message 7563
Performance test message 7564
Performance test message 7565
Performance test message 7566
Performance test message 7567
Performance test message 7568
Performance test message 7569
Performance test message 7570
Performance test message 7571
Performance test message 7572
Performance test message 7573
Performance test message 7574
Performance test message 7575
Performance test message 7576
Performance test message 7577
Performance test message 7578
Performance test message 7579
Performance test message 7580
Performance test message 7581
Performance test message 7582
Performance test message 7583
Performance test message 7584
Performance test message 7585
Performance test message 7586
Performance test message 7587
Performance test message 7588
Performance test message 7589
Performance test message 7590
Performance test message 7591
Performance test message 7592
Performance test message 7593
Performance test message 7594
Performance test message 7595
Performance test message 7596
Performance test message 7597
Performance test message 7598
Performance test message 7599
Performance test message 7600
Performance test message 7601
Performance test message 7602
Performance test message 7603
Performance test message 7604
Performance test message 7605
Performance test message 7606
Performance test message 7607
Performance test message 7608
Performance test message 7609
Performance test message 7610
Performance test message 7611
Performance test message 7612
Performance test message 7613
Performance test message 7614
Performance test message 7615
Performance test message 7616
Performance test message 7617
Performance test message 7618
Performance test message 7619
Performance test message 7620
Performance test message 7621
Performance test message 7622
Performance test message 7623
Performance test message 7624
Performance test message 7625
Performance test message 7626
Performance test message 7627
Performance test message 7628
Performance test message 7629
Performance test message 7630
Performance test message 7631
Performance test message 7632
Performance test message 7633
Performance test message 7634
Performance test message 7635
Performance test message 7636
Performance test message 7637
Performance test message 7638
Performance test message 7639
Performance test message 7640
Performance test message 7641
Performance test message 7642
Performance test message 7643
Performance test message 7644
Performance test message 7645
Performance test message 7646
Performance test message 7647
Performance test message 7648
Performance test message 7649
Performance test message 7650
Performance test message 7651
Performance test message 7652
Performance test message 7653
Performance test message 7654
Performance test message 7655
Performance test message 7656
Performance test message 7657
Performance test message 7658
Performance test message 7659
Performance test message 7660
Performance test message 7661
Performance test message 7662
Performance test message 7663
Performance test message 7664
Performance test message 7665
Performance test message 7666
Performance test message 7667
Performance test message 7668
Performance test message 7669
Performance test message 7670
Performance test message 7671
Performance test message 7672
Performance test message 7673
Performance test message 7674
Performance test message 7675
Performance test message 7676
Performance test message 7677
Performance test message 7678
Performance test message 7679
Performance test message 7680
Performance test message 7681
Performance test message 7682
Performance test message 7683
Performance test message 7684
Performance test message 7685
Performance test message 7686
Performance test message 7687
Performance test message 7688
Performance test message 7689
Performance test message 7690
Performance test message 7691
Performance test message 7692
Performance test message 7693
Performance test message 7694
Performance test message 7695
Performance test message 7696
Performance test message 7697
Performance test message 7698
Performance test message 7699
Performance test message 7700
Performance test message 7701
Performance test message 7702
Performance test message 7703
Performance test message 7704
Performance test message 7705
Performance test message 7706
Performance test message 7707
Performance test message 7708
Performance test message 7709
Performance test message 7710
Performance test message 7711
Performance test message 7712
Performance test message 7713
Performance test message 7714
Performance test message 7715
Performance test message 7716
Performance test message 7717
Performance test message 7718
Performance test message 7719
Performance test message 7720
Performance test message 7721
Performance test message 7722
Performance test message 7723
Performance test message 7724
Performance test message 7725
Performance test message 7726
Performance test message 7727
Performance test message 7728
Performance test message 7729
Performance test message 7730
Performance test message 7731
Performance test message 7732
Performance test message 7733
Performance test message 7734
Performance test message 7735
Performance test message 7736
Performance test message 7737
Performance test message 7738
Performance test message 7739
Performance test message 7740
Performance test message 7741
Performance test message 7742
Performance test message 7743
Performance test message 7744
Performance test message 7745
Performance test message 7746
Performance test message 7747
Performance test message 7748
Performance test message 7749
Performance test message 7750
Performance test message 7751
Performance test message 7752
Performance test message 7753
Performance test message 7754
Performance test message 7755
Performance test message 7756
Performance test message 7757
Performance test message 7758
Performance test message 7759
Performance test message 7760
Performance test message 7761
Performance test message 7762
Performance test message 7763
Performance test message 7764
Performance test message 7765
Performance test message 7766
Performance test message 7767
Performance test message 7768
Performance test message 7769
Performance test message 7770
Performance test message 7771
Performance test message 7772
Performance test message 7773
Performance test message 7774
Performance test message 7775
Performance test message 7776
Performance test message 7777
Performance test message 7778
Performance test message 7779
Performance test message 7780
Performance test message 7781
Performance test message 7782
Performance test message 7783
Performance test message 7784
Performance test message 7785
Performance test message 7786
Performance test message 7787
Performance test message 7788
Performance test message 7789
Performance test message 7790
Performance test message 7791
Performance test message 7792
Performance test message 7793
Performance test message 7794
Performance test message 7795
Performance test message 7796
Performance test message 7797
Performance test message 7798
Performance test message 7799
Performance test message 7800
Performance test message 7801
Performance test message 7802
Performance test message 7803
Performance test message 7804
Performance test message 7805
Performance test message 7806
Performance test message 7807
Performance test message 7808
Performance test message 7809
Performance test message 7810
Performance test message 7811
Performance test message 7812
Performance test message 7813
Performance test message 7814
Performance test message 7815
Performance test message 7816
Performance test message 7817
Performance test message 7818
Performance test message 7819
Performance test message 7820
Performance test message 7821
Performance test message 7822
Performance test message 7823
Performance test message 7824
Performance test message 7825
Performance test message 7826
Performance test message 7827
Performance test message 7828
Performance test message 7829
Performance test message 7830
Performance test message 7831
Performance test message 7832
Performance test message 7833
Performance test message 7834
Performance test message 7835
Performance test message 7836
Performance test message 7837
Performance test message 7838
Performance test message 7839
Performance test message 7840
Performance test message 7841
Performance test message 7842
Performance test message 7843
Performance test message 7844
Performance test message 7845
Performance test message 7846
Performance test message 7847
Performance test message 7848
Performance test message 7849
Performance test message 7850
Performance test message 7851
Performance test message 7852
Performance test message 7853
Performance test message 7854
Performance test message 7855
Performance test message 7856
Performance test message 7857
Performance test message 7858
Performance test message 7859
Performance test message 7860
Performance test message 7861
Performance test message 7862
Performance test message 7863
Performance test message 7864
Performance test message 7865
Performance test message 7866
Performance test message 7867
Performance test message 7868
Performance test message 7869
Performance test message 7870
Performance test message 7871
Performance test message 7872
Performance test message 7873
Performance test message 7874
Performance test message 7875
Performance test message 7876
Performance test message 7877
Performance test message 7878
Performance test message 7879
Performance test message 7880
Performance test message 7881
Performance test message 7882
Performance test message 7883
Performance test message 7884
Performance test message 7885
Performance test message 7886
Performance test message 7887
Performance test message 7888
Performance test message 7889
Performance test message 7890
Performance test message 7891
Performance test message 7892
Performance test message 7893
Performance test message 7894
Performance test message 7895
Performance test message 7896
Performance test message 7897
Performance test message 7898
Performance test message 7899
Performance test message 7900
Performance test message 7901
Performance test message 7902
Performance test message 7903
Performance test message 7904
Performance test message 7905
Performance test message 7906
Performance test message 7907
Performance test message 7908
Performance test message 7909
Performance test message 7910
Performance test message 7911
Performance test message 7912
Performance test message 7913
Performance test message 7914
Performance test message 7915
Performance test message 7916
Performance test message 7917
Performance test message 7918
Performance test message 7919
Performance test message 7920
Performance test message 7921
Performance test message 7922
Performance test message 7923
Performance test message 7924
Performance test message 7925
Performance test message 7926
Performance test message 7927
Performance test message 7928
Performance test message 7929
Performance test message 7930
Performance test message 7931
Performance test message 7932
Performance test message 7933
Performance test message 7934
Performance test message 7935
Performance test message 7936
Performance test message 7937
Performance test message 7938
Performance test message 7939
Performance test message 7940
Performance test message 7941
Performance test message 7942
Performance test message 7943
Performance test message 7944
Performance test message 7945
Performance test message 7946
Performance test message 7947
Performance test message 7948
Performance test message 7949
Performance test message 7950
Performance test message 7951
Performance test message 7952
Performance test message 7953
Performance test message 7954
Performance test message 7955
Performance test message 7956
Performance test message 7957
Performance test message 7958
Performance test message 7959
Performance test message 7960
Performance test message 7961
Performance test message 7962
Performance test message 7963
Performance test message 7964
Performance test message 7965
Performance test message 7966
Performance test message 7967
Performance test message 7968
Performance test message 7969
Performance test message 7970
Performance test message 7971
Performance test message 7972
Performance test message 7973
Performance test message 7974
Performance test message 7975
Performance test message 7976
Performance test message 7977
Performance test message 7978
Performance test message 7979
Performance test message 7980
Performance test message 7981
Performance test message 7982
Performance test message 7983
Performance test message 7984
Performance test message 7985
Performance test message 7986
Performance test message 7987
Performance test message 7988
Performance test message 7989
Performance test message 7990
Performance test message 7991
Performance test message 7992
Performance test message 7993
Performance test message 7994
Performance test message 7995
Performance test message 7996
Performance test message 7997
Performance test message 7998
Performance test message 7999
Performance test message 8000
Performance test message 8001
Performance test message 8002
Performance test message 8003
Performance test message 8004
Performance test message 8005
Performance test message 8006
Performance test message 8007
Performance test message 8008
Performance test message 8009
Performance test message 8010
Performance test message 8011
Performance test message 8012
Performance test message 8013
Performance test message 8014
Performance test message 8015
Performance test message 8016
Performance test message 8017
Performance test message 8018
Performance test message 8019
Performance test message 8020
Performance test message 8021
Performance test message 8022
Performance test message 8023
Performance test message 8024
Performance test message 8025
Performance test message 8026
Performance test message 8027
Performance test message 8028
Performance test message 8029
Performance test message 8030
Performance test message 8031
Performance test message 8032
Performance test message 8033
Performance test message 8034
Performance test message 8035
Performance test message 8036
Performance test message 8037
Performance test message 8038
Performance test message 8039
Performance test message 8040
Performance test message 8041
Performance test message 8042
Performance test message 8043
Performance test message 8044
Performance test message 8045
Performance test message 8046
Performance test message 8047
Performance test message 8048
Performance test message 8049
Performance test message 8050
Performance test message 8051
Performance test message 8052
Performance test message 8053
Performance test message 8054
Performance test message 8055
Performance test message 8056
Performance test message 8057
Performance test message 8058
Performance test message 8059
Performance test message 8060
Performance test message 8061
Performance test message 8062
Performance test message 8063
Performance test message 8064
Performance test message 8065
Performance test message 8066
Performance test message 8067
Performance test message 8068
Performance test message 8069
Performance test message 8070
Performance test message 8071
Performance test message 8072
Performance test message 8073
Performance test message 8074
Performance test message 8075
Performance test message 8076
Performance test message 8077
Performance test message 8078
Performance test message 8079
Performance test message 8080
Performance test message 8081
Performance test message 8082
Performance test message 8083
Performance test message 8084
Performance test message 8085
Performance test message 8086
Performance test message 8087
Performance test message 8088
Performance test message 8089
Performance test message 8090
Performance test message 8091
Performance test message 8092
Performance test message 8093
Performance test message 8094
Performance test message 8095
Performance test message 8096
Performance test message 8097
Performance test message 8098
Performance test message 8099
Performance test message 8100
Performance test message 8101
Performance test message 8102
Performance test message 8103
Performance test message 8104
Performance test message 8105
Performance test message 8106
Performance test message 8107
Performance test message 8108
Performance test message 8109
Performance test message 8110
Performance test message 8111
Performance test message 8112
Performance test message 8113
Performance test message 8114
Performance test message 8115
Performance test message 8116
Performance test message 8117
Performance test message 8118
Performance test message 8119
Performance test message 8120
Performance test message 8121
Performance test message 8122
Performance test message 8123
Performance test message 8124
Performance test message 8125
Performance test message 8126
Performance test message 8127
Performance test message 8128
Performance test message 8129
Performance test message 8130
Performance test message 8131
Performance test message 8132
Performance test message 8133
Performance test message 8134
Performance test message 8135
Performance test message 8136
Performance test message 8137
Performance test message 8138
Performance test message 8139
Performance test message 8140
Performance test message 8141
Performance test message 8142
Performance test message 8143
Performance test message 8144
Performance test message 8145
Performance test message 8146
Performance test message 8147
Performance test message 8148
Performance test message 8149
Performance test message 8150
Performance test message 8151
Performance test message 8152
Performance test message 8153
Performance test message 8154
Performance test message 8155
Performance test message 8156
Performance test message 8157
Performance test message 8158
Performance test message 8159
Performance test message 8160
Performance test message 8161
Performance test message 8162
Performance test message 8163
Performance test message 8164
Performance test message 8165
Performance test message 8166
Performance test message 8167
Performance test message 8168
Performance test message 8169
Performance test message 8170
Performance test message 8171
Performance test message 8172
Performance test message 8173
Performance test message 8174
Performance test message 8175
Performance test message 8176
Performance test message 8177
Performance test message 8178
Performance test message 8179
Performance test message 8180
Performance test message 8181
Performance test message 8182
Performance test message 8183
Performance test message 8184
Performance test message 8185
Performance test message 8186
Performance test message 8187
Performance test message 8188
Performance test message 8189
Performance test message 8190
Performance test message 8191
Performance test message 8192
Performance test message 8193
Performance test message 8194
Performance test message 8195
Performance test message 8196
Performance test message 8197
Performance test message 8198
Performance test message 8199
Performance test message 8200
Performance test message 8201
Performance test message 8202
Performance test message 8203
Performance test message 8204
Performance test message 8205
Performance test message 8206
Performance test message 8207
Performance test message 8208
Performance test message 8209
Performance test message 8210
Performance test message 8211
Performance test message 8212
Performance test message 8213
Performance test message 8214
Performance test message 8215
Performance test message 8216
Performance test message 8217
Performance test message 8218
Performance test message 8219
Performance test message 8220
Performance test message 8221
Performance test message 8222
Performance test message 8223
Performance test message 8224
Performance test message 8225
Performance test message 8226
Performance test message 8227
Performance test message 8228
Performance test message 8229
Performance test message 8230
Performance test message 8231
Performance test message 8232
Performance test message 8233
Performance test message 8234
Performance test message 8235
Performance test message 8236
Performance test message 8237
Performance test message 8238
Performance test message 8239
Performance test message 8240
Performance test message 8241
Performance test message 8242
Performance test message 8243
Performance test message 8244
Performance test message 8245
Performance test message 8246
Performance test message 8247
Performance test message 8248
Performance test message 8249
Performance test message 8250
Performance test message 8251
Performance test message 8252
Performance test message 8253
Performance test message 8254
Performance test message 8255
Performance test message 8256
Performance test message 8257
Performance test message 8258
Performance test message 8259
Performance test message 8260
Performance test message 8261
Performance test message 8262
Performance test message 8263
Performance test message 8264
Performance test message 8265
Performance test message 8266
Performance test message 8267
Performance test message 8268
Performance test message 8269
Performance test message 8270
Performance test message 8271
Performance test message 8272
Performance test message 8273
Performance test message 8274
Performance test message 8275
Performance test message 8276
Performance test message 8277
Performance test message 8278
Performance test message 8279
Performance test message 8280
Performance test message 8281
Performance test message 8282
Performance test message 8283
Performance test message 8284
Performance test message 8285
Performance test message 8286
Performance test message 8287
Performance test message 8288
Performance test message 8289
Performance test message 8290
Performance test message 8291
Performance test message 8292
Performance test message 8293
Performance test message 8294
Performance test message 8295
Performance test message 8296
Performance test message 8297
Performance test message 8298
Performance test message 8299
Performance test message 8300
Performance test message 8301
Performance test message 8302
Performance test message 8303
Performance test message 8304
Performance test message 8305
Performance test message 8306
Performance test message 8307
Performance test message 8308
Performance test message 8309
Performance test message 8310
Performance test message 8311
Performance test message 8312
Performance test message 8313
Performance test message 8314
Performance test message 8315
Performance test message 8316
Performance test message 8317
Performance test message 8318
Performance test message 8319
Performance test message 8320
Performance test message 8321
Performance test message 8322
Performance test message 8323
Performance test message 8324
Performance test message 8325
Performance test message 8326
Performance test message 8327
Performance test message 8328
Performance test message 8329
Performance test message 8330
Performance test message 8331
Performance test message 8332
Performance test message 8333
Performance test message 8334
Performance test message 8335
Performance test message 8336
Performance test message 8337
Performance test message 8338
Performance test message 8339
Performance test message 8340
Performance test message 8341
Performance test message 8342
Performance test message 8343
Performance test message 8344
Performance test message 8345
Performance test message 8346
Performance test message 8347
Performance test message 8348
Performance test message 8349
Performance test message 8350
Performance test message 8351
Performance test message 8352
Performance test message 8353
Performance test message 8354
Performance test message 8355
Performance test message 8356
Performance test message 8357
Performance test message 8358
Performance test message 8359
Performance test message 8360
Performance test message 8361
Performance test message 8362
Performance test message 8363
Performance test message 8364
Performance test message 8365
Performance test message 8366
Performance test message 8367
Performance test message 8368
Performance test message 8369
Performance test message 8370
Performance test message 8371
Performance test message 8372
Performance test message 8373
Performance test message 8374
Performance test message 8375
Performance test message 8376
Performance test message 8377
Performance test message 8378
Performance test message 8379
Performance test message 8380
Performance test message 8381
Performance test message 8382
Performance test message 8383
Performance test message 8384
Performance test message 8385
Performance test message 8386
Performance test message 8387
Performance test message 8388
Performance test message 8389
Performance test message 8390
Performance test message 8391
Performance test message 8392
Performance test message 8393
Performance test message 8394
Performance test message 8395
Performance test message 8396
Performance test message 8397
Performance test message 8398
Performance test message 8399
Performance test message 8400
Performance test message 8401
Performance test message 8402
Performance test message 8403
Performance test message 8404
Performance test message 8405
Performance test message 8406
Performance test message 8407
Performance test message 8408
Performance test message 8409
Performance test message 8410
Performance test message 8411
Performance test message 8412
Performance test message 8413
Performance test message 8414
Performance test message 8415
Performance test message 8416
Performance test message 8417
Performance test message 8418
Performance test message 8419
Performance test message 8420
Performance test message 8421
Performance test message 8422
Performance test message 8423
Performance test message 8424
Performance test message 8425
Performance test message 8426
Performance test message 8427
Performance test message 8428
Performance test message 8429
Performance test message 8430
Performance test message 8431
Performance test message 8432
Performance test message 8433
Performance test message 8434
Performance test message 8435
Performance test message 8436
Performance test message 8437
Performance test message 8438
Performance test message 8439
Performance test message 8440
Performance test message 8441
Performance test message 8442
Performance test message 8443
Performance test message 8444
Performance test message 8445
Performance test message 8446
Performance test message 8447
Performance test message 8448
Performance test message 8449
Performance test message 8450
Performance test message 8451
Performance test message 8452
Performance test message 8453
Performance test message 8454
Performance test message 8455
Performance test message 8456
Performance test message 8457
Performance test message 8458
Performance test message 8459
Performance test message 8460
Performance test message 8461
Performance test message 8462
Performance test message 8463
Performance test message 8464
Performance test message 8465
Performance test message 8466
Performance test message 8467
Performance test message 8468
Performance test message 8469
Performance test message 8470
Performance test message 8471
Performance test message 8472
Performance test message 8473
Performance test message 8474
Performance test message 8475
Performance test message 8476
Performance test message 8477
Performance test message 8478
Performance test message 8479
Performance test message 8480
Performance test message 8481
Performance test message 8482
Performance test message 8483
Performance test message 8484
Performance test message 8485
Performance test message 8486
Performance test message 8487
Performance test message 8488
Performance test message 8489
Performance test message 8490
Performance test message 8491
Performance test message 8492
Performance test message 8493
Performance test message 8494
Performance test message 8495
Performance test message 8496
Performance test message 8497
Performance test message 8498
Performance test message 8499
Performance test message 8500
Performance test message 8501
Performance test message 8502
Performance test message 8503
Performance test message 8504
Performance test message 8505
Performance test message 8506
Performance test message 8507
Performance test message 8508
Performance test message 8509
Performance test message 8510
Performance test message 8511
Performance test message 8512
Performance test message 8513
Performance test message 8514
Performance test message 8515
Performance test message 8516
Performance test message 8517
Performance test message 8518
Performance test message 8519
Performance test message 8520
Performance test message 8521
Performance test message 8522
Performance test message 8523
Performance test message 8524
Performance test message 8525
Performance test message 8526
Performance test message 8527
Performance test message 8528
Performance test message 8529
Performance test message 8530
Performance test message 8531
Performance test message 8532
Performance test message 8533
Performance test message 8534
Performance test message 8535
Performance test message 8536
Performance test message 8537
Performance test message 8538
Performance test message 8539
Performance test message 8540
Performance test message 8541
Performance test message 8542
Performance test message 8543
Performance test message 8544
Performance test message 8545
Performance test message 8546
Performance test message 8547
Performance test message 8548
Performance test message 8549
Performance test message 8550
Performance test message 8551
Performance test message 8552
Performance test message 8553
Performance test message 8554
Performance test message 8555
Performance test message 8556
Performance test message 8557
Performance test message 8558
Performance test message 8559
Performance test message 8560
Performance test message 8561
Performance test message 8562
Performance test message 8563
Performance test message 8564
Performance test message 8565
Performance test message 8566
Performance test message 8567
Performance test message 8568
Performance test message 8569
Performance test message 8570
Performance test message 8571
Performance test message 8572
Performance test message 8573
Performance test message 8574
Performance test message 8575
Performance test message 8576
Performance test message 8577
Performance test message 8578
Performance test message 8579
Performance test message 8580
Performance test message 8581
Performance test message 8582
Performance test message 8583
Performance test message 8584
Performance test message 8585
Performance test message 8586
Performance test message 8587
Performance test message 8588
Performance test message 8589
Performance test message 8590
Performance test message 8591
Performance test message 8592
Performance test message 8593
Performance test message 8594
Performance test message 8595
Performance test message 8596
Performance test message 8597
Performance test message 8598
Performance test message 8599
Performance test message 8600
Performance test message 8601
Performance test message 8602
Performance test message 8603
Performance test message 8604
Performance test message 8605
Performance test message 8606
Performance test message 8607
Performance test message 8608
Performance test message 8609
Performance test message 8610
Performance test message 8611
Performance test message 8612
Performance test message 8613
Performance test message 8614
Performance test message 8615
Performance test message 8616
Performance test message 8617
Performance test message 8618
Performance test message 8619
Performance test message 8620
Performance test message 8621
Performance test message 8622
Performance test message 8623
Performance test message 8624
Performance test message 8625
Performance test message 8626
Performance test message 8627
Performance test message 8628
Performance test message 8629
Performance test message 8630
Performance test message 8631
Performance test message 8632
Performance test message 8633
Performance test message 8634
Performance test message 8635
Performance test message 8636
Performance test message 8637
Performance test message 8638
Performance test message 8639
Performance test message 8640
Performance test message 8641
Performance test message 8642
Performance test message 8643
Performance test message 8644
Performance test message 8645
Performance test message 8646
Performance test message 8647
Performance test message 8648
Performance test message 8649
Performance test message 8650
Performance test message 8651
Performance test message 8652
Performance test message 8653
Performance test message 8654
Performance test message 8655
Performance test message 8656
Performance test message 8657
Performance test message 8658
Performance test message 8659
Performance test message 8660
Performance test message 8661
Performance test message 8662
Performance test message 8663
Performance test message 8664
Performance test message 8665
Performance test message 8666
Performance test message 8667
Performance test message 8668
Performance test message 8669
Performance test message 8670
Performance test message 8671
Performance test message 8672
Performance test message 8673
Performance test message 8674
Performance test message 8675
Performance test message 8676
Performance test message 8677
Performance test message 8678
Performance test message 8679
Performance test message 8680
Performance test message 8681
Performance test message 8682
Performance test message 8683
Performance test message 8684
Performance test message 8685
Performance test message 8686
Performance test message 8687
Performance test message 8688
Performance test message 8689
Performance test message 8690
Performance test message 8691
Performance test message 8692
Performance test message 8693
Performance test message 8694
Performance test message 8695
Performance test message 8696
Performance test message 8697
Performance test message 8698
Performance test message 8699
Performance test message 8700
Performance test message 8701
Performance test message 8702
Performance test message 8703
Performance test message 8704
Performance test message 8705
Performance test message 8706
Performance test message 8707
Performance test message 8708
Performance test message 8709
Performance test message 8710
Performance test message 8711
Performance test message 8712
Performance test message 8713
Performance test message 8714
Performance test message 8715
Performance test message 8716
Performance test message 8717
Performance test message 8718
Performance test message 8719
Performance test message 8720
Performance test message 8721
Performance test message 8722
Performance test message 8723
Performance test message 8724
Performance test message 8725
Performance test message 8726
Performance test message 8727
Performance test message 8728
Performance test message 8729
Performance test message 8730
Performance test message 8731
Performance test message 8732
Performance test message 8733
Performance test message 8734
Performance test message 8735
Performance test message 8736
Performance test message 8737
Performance test message 8738
Performance test message 8739
Performance test message 8740
Performance test message 8741
Performance test message 8742
Performance test message 8743
Performance test message 8744
Performance test message 8745
Performance test message 8746
Performance test message 8747
Performance test message 8748
Performance test message 8749
Performance test message 8750
Performance test message 8751
Performance test message 8752
Performance test message 8753
Performance test message 8754
Performance test message 8755
Performance test message 8756
Performance test message 8757
Performance test message 8758
Performance test message 8759
Performance test message 8760
Performance test message 8761
Performance test message 8762
Performance test message 8763
Performance test message 8764
Performance test message 8765
Performance test message 8766
Performance test message 8767
Performance test message 8768
Performance test message 8769
Performance test message 8770
Performance test message 8771
Performance test message 8772
Performance test message 8773
Performance test message 8774
Performance test message 8775
Performance test message 8776
Performance test message 8777
Performance test message 8778
Performance test message 8779
Performance test message 8780
Performance test message 8781
Performance test message 8782
Performance test message 8783
Performance test message 8784
Performance test message 8785
Performance test message 8786
Performance test message 8787
Performance test message 8788
Performance test message 8789
Performance test message 8790
Performance test message 8791
Performance test message 8792
Performance test message 8793
Performance test message 8794
Performance test message 8795
Performance test message 8796
Performance test message 8797
Performance test message 8798
Performance test message 8799
Performance test message 8800
Performance test message 8801
Performance test message 8802
Performance test message 8803
Performance test message 8804
Performance test message 8805
Performance test message 8806
Performance test message 8807
Performance test message 8808
Performance test message 8809
Performance test message 8810
Performance test message 8811
Performance test message 8812
Performance test message 8813
Performance test message 8814
Performance test message 8815
Performance test message 8816
Performance test message 8817
Performance test message 8818
Performance test message 8819
Performance test message 8820
Performance test message 8821
Performance test message 8822
Performance test message 8823
Performance test message 8824
Performance test message 8825
Performance test message 8826
Performance test message 8827
Performance test message 8828
Performance test message 8829
Performance test message 8830
Performance test message 8831
Performance test message 8832
Performance test message 8833
Performance test message 8834
Performance test message 8835
Performance test message 8836
Performance test message 8837
Performance test message 8838
Performance test message 8839
Performance test message 8840
Performance test message 8841
Performance test message 8842
Performance test message 8843
Performance test message 8844
Performance test message 8845
Performance test message 8846
Performance test message 8847
Performance test message 8848
Performance test message 8849
Performance test message 8850
Performance test message 8851
Performance test message 8852
Performance test message 8853
Performance test message 8854
Performance test message 8855
Performance test message 8856
Performance test message 8857
Performance test message 8858
Performance test message 8859
Performance test message 8860
Performance test message 8861
Performance test message 8862
Performance test message 8863
Performance test message 8864
Performance test message 8865
Performance test message 8866
Performance test message 8867
Performance test message 8868
Performance test message 8869
Performance test message 8870
Performance test message 8871
Performance test message 8872
Performance test message 8873
Performance test message 8874
Performance test message 8875
Performance test message 8876
Performance test message 8877
Performance test message 8878
Performance test message 8879
Performance test message 8880
Performance test message 8881
Performance test message 8882
Performance test message 8883
Performance test message 8884
Performance test message 8885
Performance test message 8886
Performance test message 8887
Performance test message 8888
Performance test message 8889
Performance test message 8890
Performance test message 8891
Performance test message 8892
Performance test message 8893
Performance test message 8894
Performance test message 8895
Performance test message 8896
Performance test message 8897
Performance test message 8898
Performance test message 8899
Performance test message 8900
Performance test message 8901
Performance test message 8902
Performance test message 8903
Performance test message 8904
Performance test message 8905
Performance test message 8906
Performance test message 8907
Performance test message 8908
Performance test message 8909
Performance test message 8910
Performance test message 8911
Performance test message 8912
Performance test message 8913
Performance test message 8914
Performance test message 8915
Performance test message 8916
Performance test message 8917
Performance test message 8918
Performance test message 8919
Performance test message 8920
Performance test message 8921
Performance test message 8922
Performance test message 8923
Performance test message 8924
Performance test message 8925
Performance test message 8926
Performance test message 8927
Performance test message 8928
Performance test message 8929
Performance test message 8930
Performance test message 8931
Performance test message 8932
Performance test message 8933
Performance test message 8934
Performance test message 8935
Performance test message 8936
Performance test message 8937
Performance test message 8938
Performance test message 8939
Performance test message 8940
Performance test message 8941
Performance test message 8942
Performance test message 8943
Performance test message 8944
Performance test message 8945
Performance test message 8946
Performance test message 8947
Performance test message 8948
Performance test message 8949
Performance test message 8950
Performance test message 8951
Performance test message 8952
Performance test message 8953
Performance test message 8954
Performance test message 8955
Performance test message 8956
Performance test message 8957
Performance test message 8958
Performance test message 8959
Performance test message 8960
Performance test message 8961
Performance test message 8962
Performance test message 8963
Performance test message 8964
Performance test message 8965
Performance test message 8966
Performance test message 8967
Performance test message 8968
Performance test message 8969
Performance test message 8970
Performance test message 8971
Performance test message 8972
Performance test message 8973
Performance test message 8974
Performance test message 8975
Performance test message 8976
Performance test message 8977
Performance test message 8978
Performance test message 8979
Performance test message 8980
Performance test message 8981
Performance test message 8982
Performance test message 8983
Performance test message 8984
Performance test message 8985
Performance test message 8986
Performance test message 8987
Performance test message 8988
Performance test message 8989
Performance test message 8990
Performance test message 8991
Performance test message 8992
Performance test message 8993
Performance test message 8994
Performance test message 8995
Performance test message 8996
Performance test message 8997
Performance test message 8998
Performance test message 8999
Performance test message 9000
Performance test message 9001
Performance test message 9002
Performance test message 9003
Performance test message 9004
Performance test message 9005
Performance test message 9006
Performance test message 9007
Performance test message 9008
Performance test message 9009
Performance test message 9010
Performance test message 9011
Performance test message 9012
Performance test message 9013
Performance test message 9014
Performance test message 9015
Performance test message 9016
Performance test message 9017
Performance test message 9018
Performance test message 9019
Performance test message 9020
Performance test message 9021
Performance test message 9022
Performance test message 9023
Performance test message 9024
Performance test message 9025
Performance test message 9026
Performance test message 9027
Performance test message 9028
Performance test message 9029
Performance test message 9030
Performance test message 9031
Performance test message 9032
Performance test message 9033
Performance test message 9034
Performance test message 9035
Performance test message 9036
Performance test message 9037
Performance test message 9038
Performance test message 9039
Performance test message 9040
Performance test message 9041
Performance test message 9042
Performance test message 9043
Performance test message 9044
Performance test message 9045
Performance test message 9046
Performance test message 9047
Performance test message 9048
Performance test message 9049
Performance test message 9050
Performance test message 9051
Performance test message 9052
Performance test message 9053
Performance test message 9054
Performance test message 9055
Performance test message 9056
Performance test message 9057
Performance test message 9058
Performance test message 9059
Performance test message 9060
Performance test message 9061
Performance test message 9062
Performance test message 9063
Performance test message 9064
Performance test message 9065
Performance test message 9066
Performance test message 9067
Performance test message 9068
Performance test message 9069
Performance test message 9070
Performance test message 9071
Performance test message 9072
Performance test message 9073
Performance test message 9074
Performance test message 9075
Performance test message 9076
Performance test message 9077
Performance test message 9078
Performance test message 9079
Performance test message 9080
Performance test message 9081
Performance test message 9082
Performance test message 9083
Performance test message 9084
Performance test message 9085
Performance test message 9086
Performance test message 9087
Performance test message 9088
Performance test message 9089
Performance test message 9090
Performance test message 9091
Performance test message 9092
Performance test message 9093
Performance test message 9094
Performance test message 9095
Performance test message 9096
Performance test message 9097
Performance test message 9098
Performance test message 9099
Performance test message 9100
Performance test message 9101
Performance test message 9102
Performance test message 9103
Performance test message 9104
Performance test message 9105
Performance test message 9106
Performance test message 9107
Performance test message 9108
Performance test message 9109
Performance test message 9110
Performance test message 9111
Performance test message 9112
Performance test message 9113
Performance test message 9114
Performance test message 9115
Performance test message 9116
Performance test message 9117
Performance test message 9118
Performance test message 9119
Performance test message 9120
Performance test message 9121
Performance test message 9122
Performance test message 9123
Performance test message 9124
Performance test message 9125
Performance test message 9126
Performance test message 9127
Performance test message 9128
Performance test message 9129
Performance test message 9130
Performance test message 9131
Performance test message 9132
Performance test message 9133
Performance test message 9134
Performance test message 9135
Performance test message 9136
Performance test message 9137
Performance test message 9138
Performance test message 9139
Performance test message 9140
Performance test message 9141
Performance test message 9142
Performance test message 9143
Performance test message 9144
Performance test message 9145
Performance test message 9146
Performance test message 9147
Performance test message 9148
Performance test message 9149
Performance test message 9150
Performance test message 9151
Performance test message 9152
Performance test message 9153
Performance test message 9154
Performance test message 9155
Performance test message 9156
Performance test message 9157
Performance test message 9158
Performance test message 9159
Performance test message 9160
Performance test message 9161
Performance test message 9162
Performance test message 9163
Performance test message 9164
Performance test message 9165
Performance test message 9166
Performance test message 9167
Performance test message 9168
Performance test message 9169
Performance test message 9170
Performance test message 9171
Performance test message 9172
Performance test message 9173
Performance test message 9174
Performance test message 9175
Performance test message 9176
Performance test message 9177
Performance test message 9178
Performance test message 9179
Performance test message 9180
Performance test message 9181
Performance test message 9182
Performance test message 9183
Performance test message 9184
Performance test message 9185
Performance test message 9186
Performance test message 9187
Performance test message 9188
Performance test message 9189
Performance test message 9190
Performance test message 9191
Performance test message 9192
Performance test message 9193
Performance test message 9194
Performance test message 9195
Performance test message 9196
Performance test message 9197
Performance test message 9198
Performance test message 9199
Performance test message 9200
Performance test message 9201
Performance test message 9202
Performance test message 9203
Performance test message 9204
Performance test message 9205
Performance test message 9206
Performance test message 9207
Performance test message 9208
Performance test message 9209
Performance test message 9210
Performance test message 9211
Performance test message 9212
Performance test message 9213
Performance test message 9214
Performance test message 9215
Performance test message 9216
Performance test message 9217
Performance test message 9218
Performance test message 9219
Performance test message 9220
Performance test message 9221
Performance test message 9222
Performance test message 9223
Performance test message 9224
Performance test message 9225
Performance test message 9226
Performance test message 9227
Performance test message 9228
Performance test message 9229
Performance test message 9230
Performance test message 9231
Performance test message 9232
Performance test message 9233
Performance test message 9234
Performance test message 9235
Performance test message 9236
Performance test message 9237
Performance test message 9238
Performance test message 9239
Performance test message 9240
Performance test message 9241
Performance test message 9242
Performance test message 9243
Performance test message 9244
Performance test message 9245
Performance test message 9246
Performance test message 9247
Performance test message 9248
Performance test message 9249
Performance test message 9250
Performance test message 9251
Performance test message 9252
Performance test message 9253
Performance test message 9254
Performance test message 9255
Performance test message 9256
Performance test message 9257
Performance test message 9258
Performance test message 9259
Performance test message 9260
Performance test message 9261
Performance test message 9262
Performance test message 9263
Performance test message 9264
Performance test message 9265
Performance test message 9266
Performance test message 9267
Performance test message 9268
Performance test message 9269
Performance test message 9270
Performance test message 9271
Performance test message 9272
Performance test message 9273
Performance test message 9274
Performance test message 9275
Performance test message 9276
Performance test message 9277
Performance test message 9278
Performance test message 9279
Performance test message 9280
Performance test message 9281
Performance test message 9282
Performance test message 9283
Performance test message 9284
Performance test message 9285
Performance test message 9286
Performance test message 9287
Performance test message 9288
Performance test message 9289
Performance test message 9290
Performance test message 9291
Performance test message 9292
Performance test message 9293
Performance test message 9294
Performance test message 9295
Performance test message 9296
Performance test message 9297
Performance test message 9298
Performance test message 9299
Performance test message 9300
Performance test message 9301
Performance test message 9302
Performance test message 9303
Performance test message 9304
Performance test message 9305
Performance test message 9306
Performance test message 9307
Performance test message 9308
Performance test message 9309
Performance test message 9310
Performance test message 9311
Performance test message 9312
Performance test message 9313
Performance test message 9314
Performance test message 9315
Performance test message 9316
Performance test message 9317
Performance test message 9318
Performance test message 9319
Performance test message 9320
Performance test message 9321
Performance test message 9322
Performance test message 9323
Performance test message 9324
Performance test message 9325
Performance test message 9326
Performance test message 9327
Performance test message 9328
Performance test message 9329
Performance test message 9330
Performance test message 9331
Performance test message 9332
Performance test message 9333
Performance test message 9334
Performance test message 9335
Performance test message 9336
Performance test message 9337
Performance test message 9338
Performance test message 9339
Performance test message 9340
Performance test message 9341
Performance test message 9342
Performance test message 9343
Performance test message 9344
Performance test message 9345
Performance test message 9346
Performance test message 9347
Performance test message 9348
Performance test message 9349
Performance test message 9350
Performance test message 9351
Performance test message 9352
Performance test message 9353
Performance test message 9354
Performance test message 9355
Performance test message 9356
Performance test message 9357
Performance test message 9358
Performance test message 9359
Performance test message 9360
Performance test message 9361
Performance test message 9362
Performance test message 9363
Performance test message 9364
Performance test message 9365
Performance test message 9366
Performance test message 9367
Performance test message 9368
Performance test message 9369
Performance test message 9370
Performance test message 9371
Performance test message 9372
Performance test message 9373
Performance test message 9374
Performance test message 9375
Performance test message 9376
Performance test message 9377
Performance test message 9378
Performance test message 9379
Performance test message 9380
Performance test message 9381
Performance test message 9382
Performance test message 9383
Performance test message 9384
Performance test message 9385
Performance test message 9386
Performance test message 9387
Performance test message 9388
Performance test message 9389
Performance test message 9390
Performance test message 9391
Performance test message 9392
Performance test message 9393
Performance test message 9394
Performance test message 9395
Performance test message 9396
Performance test message 9397
Performance test message 9398
Performance test message 9399
Performance test message 9400
Performance test message 9401
Performance test message 9402
Performance test message 9403
Performance test message 9404
Performance test message 9405
Performance test message 9406
Performance test message 9407
Performance test message 9408
Performance test message 9409
Performance test message 9410
Performance test message 9411
Performance test message 9412
Performance test message 9413
Performance test message 9414
Performance test message 9415
Performance test message 9416
Performance test message 9417
Performance test message 9418
Performance test message 9419
Performance test message 9420
Performance test message 9421
Performance test message 9422
Performance test message 9423
Performance test message 9424
Performance test message 9425
Performance test message 9426
Performance test message 9427
Performance test message 9428
Performance test message 9429
Performance test message 9430
Performance test message 9431
Performance test message 9432
Performance test message 9433
Performance test message 9434
Performance test message 9435
Performance test message 9436
Performance test message 9437
Performance test message 9438
Performance test message 9439
Performance test message 9440
Performance test message 9441
Performance test message 9442
Performance test message 9443
Performance test message 9444
Performance test message 9445
Performance test message 9446
Performance test message 9447
Performance test message 9448
Performance test message 9449
Performance test message 9450
Performance test message 9451
Performance test message 9452
Performance test message 9453
Performance test message 9454
Performance test message 9455
Performance test message 9456
Performance test message 9457
Performance test message 9458
Performance test message 9459
Performance test message 9460
Performance test message 9461
Performance test message 9462
Performance test message 9463
Performance test message 9464
Performance test message 9465
Performance test message 9466
Performance test message 9467
Performance test message 9468
Performance test message 9469
Performance test message 9470
Performance test message 9471
Performance test message 9472
Performance test message 9473
Performance test message 9474
Performance test message 9475
Performance test message 9476
Performance test message 9477
Performance test message 9478
Performance test message 9479
Performance test message 9480
Performance test message 9481
Performance test message 9482
Performance test message 9483
Performance test message 9484
Performance test message 9485
Performance test message 9486
Performance test message 9487
Performance test message 9488
Performance test message 9489
Performance test message 9490
Performance test message 9491
Performance test message 9492
Performance test message 9493
Performance test message 9494
Performance test message 9495
Performance test message 9496
Performance test message 9497
Performance test message 9498
Performance test message 9499
Performance test message 9500
Performance test message 9501
Performance test message 9502
Performance test message 9503
Performance test message 9504
Performance test message 9505
Performance test message 9506
Performance test message 9507
Performance test message 9508
Performance test message 9509
Performance test message 9510
Performance test message 9511
Performance test message 9512
Performance test message 9513
Performance test message 9514
Performance test message 9515
Performance test message 9516
Performance test message 9517
Performance test message 9518
Performance test message 9519
Performance test message 9520
Performance test message 9521
Performance test message 9522
Performance test message 9523
Performance test message 9524
Performance test message 9525
Performance test message 9526
Performance test message 9527
Performance test message 9528
Performance test message 9529
Performance test message 9530
Performance test message 9531
Performance test message 9532
Performance test message 9533
Performance test message 9534
Performance test message 9535
Performance test message 9536
Performance test message 9537
Performance test message 9538
Performance test message 9539
Performance test message 9540
Performance test message 9541
Performance test message 9542
Performance test message 9543
Performance test message 9544
Performance test message 9545
Performance test message 9546
Performance test message 9547
Performance test message 9548
Performance test message 9549
Performance test message 9550
Performance test message 9551
Performance test message 9552
Performance test message 9553
Performance test message 9554
Performance test message 9555
Performance test message 9556
Performance test message 9557
Performance test message 9558
Performance test message 9559
Performance test message 9560
Performance test message 9561
Performance test message 9562
Performance test message 9563
Performance test message 9564
Performance test message 9565
Performance test message 9566
Performance test message 9567
Performance test message 9568
Performance test message 9569
Performance test message 9570
Performance test message 9571
Performance test message 9572
Performance test message 9573
Performance test message 9574
Performance test message 9575
Performance test message 9576
Performance test message 9577
Performance test message 9578
Performance test message 9579
Performance test message 9580
Performance test message 9581
Performance test message 9582
Performance test message 9583
Performance test message 9584
Performance test message 9585
Performance test message 9586
Performance test message 9587
Performance test message 9588
Performance test message 9589
Performance test message 9590
Performance test message 9591
Performance test message 9592
Performance test message 9593
Performance test message 9594
Performance test message 9595
Performance test message 9596
Performance test message 9597
Performance test message 9598
Performance test message 9599
Performance test message 9600
Performance test message 9601
Performance test message 9602
Performance test message 9603
Performance test message 9604
Performance test message 9605
Performance test message 9606
Performance test message 9607
Performance test message 9608
Performance test message 9609
Performance test message 9610
Performance test message 9611
Performance test message 9612
Performance test message 9613
Performance test message 9614
Performance test message 9615
Performance test message 9616
Performance test message 9617
Performance test message 9618
Performance test message 9619
Performance test message 9620
Performance test message 9621
Performance test message 9622
Performance test message 9623
Performance test message 9624
Performance test message 9625
Performance test message 9626
Performance test message 9627
Performance test message 9628
Performance test message 9629
Performance test message 9630
Performance test message 9631
Performance test message 9632
Performance test message 9633
Performance test message 9634
Performance test message 9635
Performance test message 9636
Performance test message 9637
Performance test message 9638
Performance test message 9639
Performance test message 9640
Performance test message 9641
Performance test message 9642
Performance test message 9643
Performance test message 9644
Performance test message 9645
Performance test message 9646
Performance test message 9647
Performance test message 9648
Performance test message 9649
Performance test message 9650
Performance test message 9651
Performance test message 9652
Performance test message 9653
Performance test message 9654
Performance test message 9655
Performance test message 9656
Performance test message 9657
Performance test message 9658
Performance test message 9659
Performance test message 9660
Performance test message 9661
Performance test message 9662
Performance test message 9663
Performance test message 9664
Performance test message 9665
Performance test message 9666
Performance test message 9667
Performance test message 9668
Performance test message 9669
Performance test message 9670
Performance test message 9671
Performance test message 9672
Performance test message 9673
Performance test message 9674
Performance test message 9675
Performance test message 9676
Performance test message 9677
Performance test message 9678
Performance test message 9679
Performance test message 9680
Performance test message 9681
Performance test message 9682
Performance test message 9683
Performance test message 9684
Performance test message 9685
Performance test message 9686
Performance test message 9687
Performance test message 9688
Performance test message 9689
Performance test message 9690
Performance test message 9691
Performance test message 9692
Performance test message 9693
Performance test message 9694
Performance test message 9695
Performance test message 9696
Performance test message 9697
Performance test message 9698
Performance test message 9699
Performance test message 9700
Performance test message 9701
Performance test message 9702
Performance test message 9703
Performance test message 9704
Performance test message 9705
Performance test message 9706
Performance test message 9707
Performance test message 9708
Performance test message 9709
Performance test message 9710
Performance test message 9711
Performance test message 9712
Performance test message 9713
Performance test message 9714
Performance test message 9715
Performance test message 9716
Performance test message 9717
Performance test message 9718
Performance test message 9719
Performance test message 9720
Performance test message 9721
Performance test message 9722
Performance test message 9723
Performance test message 9724
Performance test message 9725
Performance test message 9726
Performance test message 9727
Performance test message 9728
Performance test message 9729
Performance test message 9730
Performance test message 9731
Performance test message 9732
Performance test message 9733
Performance test message 9734
Performance test message 9735
Performance test message 9736
Performance test message 9737
Performance test message 9738
Performance test message 9739
Performance test message 9740
Performance test message 9741
Performance test message 9742
Performance test message 9743
Performance test message 9744
Performance test message 9745
Performance test message 9746
Performance test message 9747
Performance test message 9748
Performance test message 9749
Performance test message 9750
Performance test message 9751
Performance test message 9752
Performance test message 9753
Performance test message 9754
Performance test message 9755
Performance test message 9756
Performance test message 9757
Performance test message 9758
Performance test message 9759
Performance test message 9760
Performance test message 9761
Performance test message 9762
Performance test message 9763
Performance test message 9764
Performance test message 9765
Performance test message 9766
Performance test message 9767
Performance test message 9768
Performance test message 9769
Performance test message 9770
Performance test message 9771
Performance test message 9772
Performance test message 9773
Performance test message 9774
Performance test message 9775
Performance test message 9776
Performance test message 9777
Performance test message 9778
Performance test message 9779
Performance test message 9780
Performance test message 9781
Performance test message 9782
Performance test message 9783
Performance test message 9784
Performance test message 9785
Performance test message 9786
Performance test message 9787
Performance test message 9788
Performance test message 9789
Performance test message 9790
Performance test message 9791
Performance test message 9792
Performance test message 9793
Performance test message 9794
Performance test message 9795
Performance test message 9796
Performance test message 9797
Performance test message 9798
Performance test message 9799
Performance test message 9800
Performance test message 9801
Performance test message 9802
Performance test message 9803
Performance test message 9804
Performance test message 9805
Performance test message 9806
Performance test message 9807
Performance test message 9808
Performance test message 9809
Performance test message 9810
Performance test message 9811
Performance test message 9812
Performance test message 9813
Performance test message 9814
Performance test message 9815
Performance test message 9816
Performance test message 9817
Performance test message 9818
Performance test message 9819
Performance test message 9820
Performance test message 9821
Performance test message 9822
Performance test message 9823
Performance test message 9824
Performance test message 9825
Performance test message 9826
Performance test message 9827
Performance test message 9828
Performance test message 9829
Performance test message 9830
Performance test message 9831
Performance test message 9832
Performance test message 9833
Performance test message 9834
Performance test message 9835
Performance test message 9836
Performance test message 9837
Performance test message 9838
Performance test message 9839
Performance test message 9840
Performance test message 9841
Performance test message 9842
Performance test message 9843
Performance test message 9844
Performance test message 9845
Performance test message 9846
Performance test message 9847
Performance test message 9848
Performance test message 9849
Performance test message 9850
Performance test message 9851
Performance test message 9852
Performance test message 9853
Performance test message 9854
Performance test message 9855
Performance test message 9856
Performance test message 9857
Performance test message 9858
Performance test message 9859
Performance test message 9860
Performance test message 9861
Performance test message 9862
Performance test message 9863
Performance test message 9864
Performance test message 9865
Performance test message 9866
Performance test message 9867
Performance test message 9868
Performance test message 9869
Performance test message 9870
Performance test message 9871
Performance test message 9872
Performance test message 9873
Performance test message 9874
Performance test message 9875
Performance test message 9876
Performance test message 9877
Performance test message 9878
Performance test message 9879
Performance test message 9880
Performance test message 9881
Performance test message 9882
Performance test message 9883
Performance test message 9884
Performance test message 9885
Performance test message 9886
Performance test message 9887
Performance test message 9888
Performance test message 9889
Performance test message 9890
Performance test message 9891
Performance test message 9892
Performance test message 9893
Performance test message 9894
Performance test message 9895
Performance test message 9896
Performance test message 9897
Performance test message 9898
Performance test message 9899
Performance test message 9900
Performance test message 9901
Performance test message 9902
Performance test message 9903
Performance test message 9904
Performance test message 9905
Performance test message 9906
Performance test message 9907
Performance test message 9908
Performance test message 9909
Performance test message 9910
Performance test message 9911
Performance test message 9912
Performance test message 9913
Performance test message 9914
Performance test message 9915
Performance test message 9916
Performance test message 9917
Performance test message 9918
Performance test message 9919
Performance test message 9920
Performance test message 9921
Performance test message 9922
Performance test message 9923
Performance test message 9924
Performance test message 9925
Performance test message 9926
Performance test message 9927
Performance test message 9928
Performance test message 9929
Performance test message 9930
Performance test message 9931
Performance test message 9932
Performance test message 9933
Performance test message 9934
Performance test message 9935
Performance test message 9936
Performance test message 9937
Performance test message 9938
Performance test message 9939
Performance test message 9940
Performance test message 9941
Performance test message 9942
Performance test message 9943
Performance test message 9944
Performance test message 9945
Performance test message 9946
Performance test message 9947
Performance test message 9948
Performance test message 9949
Performance test message 9950
Performance test message 9951
Performance test message 9952
Performance test message 9953
Performance test message 9954
Performance test message 9955
Performance test message 9956
Performance test message 9957
Performance test message 9958
Performance test message 9959
Performance test message 9960
Performance test message 9961
Performance test message 9962
Performance test message 9963
Performance test message 9964
Performance test message 9965
Performance test message 9966
Performance test message 9967
Performance test message 9968
Performance test message 9969
Performance test message 9970
Performance test message 9971
Performance test message 9972
Performance test message 9973
Performance test message 9974
Performance test message 9975
Performance test message 9976
Performance test message 9977
Performance test message 9978
Performance test message 9979
Performance test message 9980
Performance test message 9981
Performance test message 9982
Performance test message 9983
Performance test message 9984
Performance test message 9985
Performance test message 9986
Performance test message 9987
Performance test message 9988
Performance test message 9989
Performance test message 9990
Performance test message 9991
Performance test message 9992
Performance test message 9993
Performance test message 9994
Performance test message 9995
Performance test message 9996
Performance test message 9997
Performance test message 9998
Performance test message 9999
Performance test message 0
Performance test message 1
Performance test message 2
Performance test message 3
Performance test message 4
Performance test message 5
Performance test message 6
Performance test message 7
Performance test message 8
Performance test message 9
Performance test message 10
Performance test message 11
Performance test message 12
Performance test message 13
Performance test message 14
Performance test message 15
Performance test message 16
Performance test message 17
Performance test message 18
Performance test message 19
Performance test message 20
Performance test message 21
Performance test message 22
Performance test message 23
Performance test message 24
Performance test message 25
Performance test message 26
Performance test message 27
Performance test message 28
Performance test message 29
Performance test message 30
Performance test message 31
Performance test message 32
Performance test message 33
Performance test message 34
Performance test message 35
Performance test message 36
Performance test message 37
Performance test message 38
Performance test message 39
Performance test message 40
Performance test message 41
Performance test message 42
Performance test message 43
Performance test message 44
Performance test message 45
Performance test message 46
Performance test message 47
Performance test message 48
Performance test message 49
Performance test message 50
Performance test message 51
Performance test message 52
Performance test message 53
Performance test message 54
Performance test message 55
Performance test message 56
Performance test message 57
Performance test message 58
Performance test message 59
Performance test message 60
Performance test message 61
Performance test message 62
Performance test message 63
Performance test message 64
Performance test message 65
Performance test message 66
Performance test message 67
Performance test message 68
Performance test message 69
Performance test message 70
Performance test message 71
Performance test message 72
Performance test message 73
Performance test message 74
Performance test message 75
Performance test message 76
Performance test message 77
Performance test message 78
Performance test message 79
Performance test message 80
Performance test message 81
Performance test message 82
Performance test message 83
Performance test message 84
Performance test message 85
Performance test message 86
Performance test message 87
Performance test message 88
Performance test message 89
Performance test message 90
Performance test message 91
Performance test message 92
Performance test message 93
Performance test message 94
Performance test message 95
Performance test message 96
Performance test message 97
Performance test message 98
Performance test message 99
Performance test message 100
Performance test message 101
Performance test message 102
Performance test message 103
Performance test message 104
Performance test message 105
Performance test message 106
Performance test message 107
Performance test message 108
Performance test message 109
Performance test message 110
Performance test message 111
Performance test message 112
Performance test message 113
Performance test message 114
Performance test message 115
Performance test message 116
Performance test message 117
Performance test message 118
Performance test message 119
Performance test message 120
Performance test message 121
Performance test message 122
Performance test message 123
Performance test message 124
Performance test message 125
Performance test message 126
Performance test message 127
Performance test message 128
Performance test message 129
Performance test message 130
Performance test message 131
Performance test message 132
Performance test message 133
Performance test message 134
Performance test message 135
Performance test message 136
Performance test message 137
Performance test message 138
Performance test message 139
Performance test message 140
Performance test message 141
Performance test message 142
Performance test message 143
Performance test message 144
Performance test message 145
Performance test message 146
Performance test message 147
Performance test message 148
Performance test message 149
Performance test message 150
Performance test message 151
Performance test message 152
Performance test message 153
Performance test message 154
Performance test message 155
Performance test message 156
Performance test message 157
Performance test message 158
Performance test message 159
Performance test message 160
Performance test message 161
Performance test message 162
Performance test message 163
Performance test message 164
Performance test message 165
Performance test message 166
Performance test message 167
Performance test message 168
Performance test message 169
Performance test message 170
Performance test message 171
Performance test message 172
Performance test message 173
Performance test message 174
Performance test message 175
Performance test message 176
Performance test message 177
Performance test message 178
Performance test message 179
Performance test message 180
Performance test message 181
Performance test message 182
Performance test message 183
Performance test message 184
Performance test message 185
Performance test message 186
Performance test message 187
Performance test message 188
Performance test message 189
Performance test message 190
Performance test message 191
Performance test message 192
Performance test message 193
Performance test message 194
Performance test message 195
Performance test message 196
Performance test message 197
Performance test message 198
Performance test message 199
Performance test message 200
Performance test message 201
Performance test message 202
Performance test message 203
Performance test message 204
Performance test message 205
Performance test message 206
Performance test message 207
Performance test message 208
Performance test message 209
Performance test message 210
Performance test message 211
Performance test message 212
Performance test message 213
Performance test message 214
Performance test message 215
Performance test message 216
Performance test message 217
Performance test message 218
Performance test message 219
Performance test message 220
Performance test message 221
Performance test message 222
Performance test message 223
Performance test message 224
Performance test message 225
Performance test message 226
Performance test message 227
Performance test message 228
Performance test message 229
Performance test message 230
Performance test message 231
Performance test message 232
Performance test message 233
Performance test message 234
Performance test message 235
Performance test message 236
Performance test message 237
Performance test message 238
Performance test message 239
Performance test message 240
Performance test message 241
Performance test message 242
Performance test message 243
Performance test message 244
Performance test message 245
Performance test message 246
Performance test message 247
Performance test message 248
Performance test message 249
Performance test message 250
Performance test message 251
Performance test message 252
Performance test message 253
Performance test message 254
Performance test message 255
Performance test message 256
Performance test message 257
Performance test message 258
Performance test message 259
Performance test message 260
Performance test message 261
Performance test message 262
Performance test message 263
Performance test message 264
Performance test message 265
Performance test message 266
Performance test message 267
Performance test message 268
Performance test message 269
Performance test message 270
Performance test message 271
Performance test message 272
Performance test message 273
Performance test message 274
Performance test message 275
Performance test message 276
Performance test message 277
Performance test message 278
Performance test message 279
Performance test message 280
Performance test message 281
Performance test message 282
Performance test message 283
Performance test message 284
Performance test message 285
Performance test message 286
Performance test message 287
Performance test message 288
Performance test message 289
Performance test message 290
Performance test message 291
Performance test message 292
Performance test message 293
Performance test message 294
Performance test message 295
Performance test message 296
Performance test message 297
Performance test message 298
Performance test message 299
Performance test message 300
Performance test message 301
Performance test message 302
Performance test message 303
Performance test message 304
Performance test message 305
Performance test message 306
Performance test message 307
Performance test message 308
Performance test message 309
Performance test message 310
Performance test message 311
Performance test message 312
Performance test message 313
Performance test message 314
Performance test message 315
Performance test message 316
Performance test message 317
Performance test message 318
Performance test message 319
Performance test message 320
Performance test message 321
Performance test message 322
Performance test message 323
Performance test message 324
Performance test message 325
Performance test message 326
Performance test message 327
Performance test message 328
Performance test message 329
Performance test message 330
Performance test message 331
Performance test message 332
Performance test message 333
Performance test message 334
Performance test message 335
Performance test message 336
Performance test message 337
Performance test message 338
Performance test message 339
Performance test message 340
Performance test message 341
Performance test message 342
Performance test message 343
Performance test message 344
Performance test message 345
Performance test message 346
Performance test message 347
Performance test message 348
Performance test message 349
Performance test message 350
Performance test message 351
Performance test message 352
Performance test message 353
Performance test message 354
Performance test message 355
Performance test message 356
Performance test message 357
Performance test message 358
Performance test message 359
Performance test message 360
Performance test message 361
Performance test message 362
Performance test message 363
Performance test message 364
Performance test message 365
Performance test message 366
Performance test message 367
Performance test message 368
Performance test message 369
Performance test message 370
Performance test message 371
Performance test message 372
Performance test message 373
Performance test message 374
Performance test message 375
Performance test message 376
Performance test message 377
Performance test message 378
Performance test message 379
Performance test message 380
Performance test message 381
Performance test message 382
Performance test message 383
Performance test message 384
Performance test message 385
Performance test message 386
Performance test message 387
Performance test message 388
Performance test message 389
Performance test message 390
Performance test message 391
Performance test message 392
Performance test message 393
Performance test message 394
Performance test message 395
Performance test message 396
Performance test message 397
Performance test message 398
Performance test message 399
Performance test message 400
Performance test message 401
Performance test message 402
Performance test message 403
Performance test message 404
Performance test message 405
Performance test message 406
Performance test message 407
Performance test message 408
Performance test message 409
Performance test message 410
Performance test message 411
Performance test message 412
Performance test message 413
Performance test message 414
Performance test message 415
Performance test message 416
Performance test message 417
Performance test message 418
Performance test message 419
Performance test message 420
Performance test message 421
Performance test message 422
Performance test message 423
Performance test message 424
Performance test message 425
Performance test message 426
Performance test message 427
Performance test message 428
Performance test message 429
Performance test message 430
Performance test message 431
Performance test message 432
Performance test message 433
Performance test message 434
Performance test message 435
Performance test message 436
Performance test message 437
Performance test message 438
Performance test message 439
Performance test message 440
Performance test message 441
Performance test message 442
Performance test message 443
Performance test message 444
Performance test message 445
Performance test message 446
Performance test message 447
Performance test message 448
Performance test message 449
Performance test message 450
Performance test message 451
Performance test message 452
Performance test message 453
Performance test message 454
Performance test message 455
Performance test message 456
Performance test message 457
Performance test message 458
Performance test message 459
Performance test message 460
Performance test message 461
Performance test message 462
Performance test message 463
Performance test message 464
Performance test message 465
Performance test message 466
Performance test message 467
Performance test message 468
Performance test message 469
Performance test message 470
Performance test message 471
Performance test message 472
Performance test message 473
Performance test message 474
Performance test message 475
Performance test message 476
Performance test message 477
Performance test message 478
Performance test message 479
Performance test message 480
Performance test message 481
Performance test message 482
Performance test message 483
Performance test message 484
Performance test message 485
Performance test message 486
Performance test message 487
Performance test message 488
Performance test message 489
Performance test message 490
Performance test message 491
Performance test message 492
Performance test message 493
Performance test message 494
Performance test message 495
Performance test message 496
Performance test message 497
Performance test message 498
Performance test message 499
Performance test message 500
Performance test message 501
Performance test message 502
Performance test message 503
Performance test message 504
Performance test message 505
Performance test message 506
Performance test message 507
Performance test message 508
Performance test message 509
Performance test message 510
Performance test message 511
Performance test message 512
Performance test message 513
Performance test message 514
Performance test message 515
Performance test message 516
Performance test message 517
Performance test message 518
Performance test message 519
Performance test message 520
Performance test message 521
Performance test message 522
Performance test message 523
Performance test message 524
Performance test message 525
Performance test message 526
Performance test message 527
Performance test message 528
Performance test message 529
Performance test message 530
Performance test message 531
Performance test message 532
Performance test message 533
Performance test message 534
Performance test message 535
Performance test message 536
Performance test message 537
Performance test message 538
Performance test message 539
Performance test message 540
Performance test message 541
Performance test message 542
Performance test message 543
Performance test message 544
Performance test message 545
Performance test message 546
Performance test message 547
Performance test message 548
Performance test message 549
Performance test message 550
Performance test message 551
Performance test message 552
Performance test message 553
Performance test message 554
Performance test message 555
Performance test message 556
Performance test message 557
Performance test message 558
Performance test message 559
Performance test message 560
Performance test message 561
Performance test message 562
Performance test message 563
Performance test message 564
Performance test message 565
Performance test message 566
Performance test message 567
Performance test message 568
Performance test message 569
Performance test message 570
Performance test message 571
Performance test message 572
Performance test message 573
Performance test message 574
Performance test message 575
Performance test message 576
Performance test message 577
Performance test message 578
Performance test message 579
Performance test message 580
Performance test message 581
Performance test message 582
Performance test message 583
Performance test message 584
Performance test message 585
Performance test message 586
Performance test message 587
Performance test message 588
Performance test message 589
Performance test message 590
Performance test message 591
Performance test message 592
Performance test message 593
Performance test message 594
Performance test message 595
Performance test message 596
Performance test message 597
Performance test message 598
Performance test message 599
Performance test message 600
Performance test message 601
Performance test message 602
Performance test message 603
Performance test message 604
Performance test message 605
Performance test message 606
Performance test message 607
Performance test message 608
Performance test message 609
Performance test message 610
Performance test message 611
Performance test message 612
Performance test message 613
Performance test message 614
Performance test message 615
Performance test message 616
Performance test message 617
Performance test message 618
Performance test message 619
Performance test message 620
Performance test message 621
Performance test message 622
Performance test message 623
Performance test message 624
Performance test message 625
Performance test message 626
Performance test message 627
Performance test message 628
Performance test message 629
Performance test message 630
Performance test message 631
Performance test message 632
Performance test message 633
Performance test message 634
Performance test message 635
Performance test message 636
Performance test message 637
Performance test message 638
Performance test message 639
Performance test message 640
Performance test message 641
Performance test message 642
Performance test message 643
Performance test message 644
Performance test message 645
Performance test message 646
Performance test message 647
Performance test message 648
Performance test message 649
Performance test message 650
Performance test message 651
Performance test message 652
Performance test message 653
Performance test message 654
Performance test message 655
Performance test message 656
Performance test message 657
Performance test message 658
Performance test message 659
Performance test message 660
Performance test message 661
Performance test message 662
Performance test message 663
Performance test message 664
Performance test message 665
Performance test message 666
Performance test message 667
Performance test message 668
Performance test message 669
Performance test message 670
Performance test message 671
Performance test message 672
Performance test message 673
Performance test message 674
Performance test message 675
Performance test message 676
Performance test message 677
Performance test message 678
Performance test message 679
Performance test message 680
Performance test message 681
Performance test message 682
Performance test message 683
Performance test message 684
Performance test message 685
Performance test message 686
Performance test message 687
Performance test message 688
Performance test message 689
Performance test message 690
Performance test message 691
Performance test message 692
Performance test message 693
Performance test message 694
Performance test message 695
Performance test message 696
Performance test message 697
Performance test message 698
Performance test message 699
Performance test message 700
Performance test message 701
Performance test message 702
Performance test message 703
Performance test message 704
Performance test message 705
Performance test message 706
Performance test message 707
Performance test message 708
Performance test message 709
Performance test message 710
Performance test message 711
Performance test message 712
Performance test message 713
Performance test message 714
Performance test message 715
Performance test message 716
Performance test message 717
Performance test message 718
Performance test message 719
Performance test message 720
Performance test message 721
Performance test message 722
Performance test message 723
Performance test message 724
Performance test message 725
Performance test message 726
Performance test message 727
Performance test message 728
Performance test message 729
Performance test message 730
Performance test message 731
Performance test message 732
Performance test message 733
Performance test message 734
Performance test message 735
Performance test message 736
Performance test message 737
Performance test message 738
Performance test message 739
Performance test message 740
Performance test message 741
Performance test message 742
Performance test message 743
Performance test message 744
Performance test message 745
Performance test message 746
Performance test message 747
Performance test message 748
Performance test message 749
Performance test message 750
Performance test message 751
Performance test message 752
Performance test message 753
Performance test message 754
Performance test message 755
Performance test message 756
Performance test message 757
Performance test message 758
Performance test message 759
Performance test message 760
Performance test message 761
Performance test message 762
Performance test message 763
Performance test message 764
Performance test message 765
Performance test message 766
Performance test message 767
Performance test message 768
Performance test message 769
Performance test message 770
Performance test message 771
Performance test message 772
Performance test message 773
Performance test message 774
Performance test message 775
Performance test message 776
Performance test message 777
Performance test message 778
Performance test message 779
Performance test message 780
Performance test message 781
Performance test message 782
Performance test message 783
Performance test message 784
Performance test message 785
Performance test message 786
Performance test message 787
Performance test message 788
Performance test message 789
Performance test message 790
Performance test message 791
Performance test message 792
Performance test message 793
Performance test message 794
Performance test message 795
Performance test message 796
Performance test message 797
Performance test message 798
Performance test message 799
Performance test message 800
Performance test message 801
Performance test message 802
Performance test message 803
Performance test message 804
Performance test message 805
Performance test message 806
Performance test message 807
Performance test message 808
Performance test message 809
Performance test message 810
Performance test message 811
Performance test message 812
Performance test message 813
Performance test message 814
Performance test message 815
Performance test message 816
Performance test message 817
Performance test message 818
Performance test message 819
Performance test message 820
Performance test message 821
Performance test message 822
Performance test message 823
Performance test message 824
Performance test message 825
Performance test message 826
Performance test message 827
Performance test message 828
Performance test message 829
Performance test message 830
Performance test message 831
Performance test message 832
Performance test message 833
Performance test message 834
Performance test message 835
Performance test message 836
Performance test message 837
Performance test message 838
Performance test message 839
Performance test message 840
Performance test message 841
Performance test message 842
Performance test message 843
Performance test message 844
Performance test message 845
Performance test message 846
Performance test message 847
Performance test message 848
Performance test message 849
Performance test message 850
Performance test message 851
Performance test message 852
Performance test message 853
Performance test message 854
Performance test message 855
Performance test message 856
Performance test message 857
Performance test message 858
Performance test message 859
Performance test message 860
Performance test message 861
Performance test message 862
Performance test message 863
Performance test message 864
Performance test message 865
Performance test message 866
Performance test message 867
Performance test message 868
Performance test message 869
Performance test message 870
Performance test message 871
Performance test message 872
Performance test message 873
Performance test message 874
Performance test message 875
Performance test message 876
Performance test message 877
Performance test message 878
Performance test message 879
Performance test message 880
Performance test message 881
Performance test message 882
Performance test message 883
Performance test message 884
Performance test message 885
Performance test message 886
Performance test message 887
Performance test message 888
Performance test message 889
Performance test message 890
Performance test message 891
Performance test message 892
Performance test message 893
Performance test message 894
Performance test message 895
Performance test message 896
Performance test message 897
Performance test message 898
Performance test message 899
Performance test message 900
Performance test message 901
Performance test message 902
Performance test message 903
Performance test message 904
Performance test message 905
Performance test message 906
Performance test message 907
Performance test message 908
Performance test message 909
Performance test message 910
Performance test message 911
Performance test message 912
Performance test message 913
Performance test message 914
Performance test message 915
Performance test message 916
Performance test message 917
Performance test message 918
Performance test message 919
Performance test message 920
Performance test message 921
Performance test message 922
Performance test message 923
Performance test message 924
Performance test message 925
Performance test message 926
Performance test message 927
Performance test message 928
Performance test message 929
Performance test message 930
Performance test message 931
Performance test message 932
Performance test message 933
Performance test message 934
Performance test message 935
Performance test message 936
Performance test message 937
Performance test message 938
Performance test message 939
Performance test message 940
Performance test message 941
Performance test message 942
Performance test message 943
Performance test message 944
Performance test message 945
Performance test message 946
Performance test message 947
Performance test message 948
Performance test message 949
Performance test message 950
Performance test message 951
Performance test message 952
Performance test message 953
Performance test message 954
Performance test message 955
Performance test message 956
Performance test message 957
Performance test message 958
Performance test message 959
Performance test message 960
Performance test message 961
Performance test message 962
Performance test message 963
Performance test message 964
Performance test message 965
Performance test message 966
Performance test message 967
Performance test message 968
Performance test message 969
Performance test message 970
Performance test message 971
Performance test message 972
Performance test message 973
Performance test message 974
Performance test message 975
Performance test message 976
Performance test message 977
Performance test message 978
Performance test message 979
Performance test message 980
Performance test message 981
Performance test message 982
Performance test message 983
Performance test message 984
Performance test message 985
Performance test message 986
Performance test message 987
Performance test message 988
Performance test message 989
Performance test message 990
Performance test message 991
Performance test message 992
Performance test message 993
Performance test message 994
Performance test message 995
Performance test message 996
Performance test message 997
Performance test message 998
Performance test message 999
Performance test message 1000
Performance test message 1001
Performance test message 1002
Performance test message 1003
Performance test message 1004
Performance test message 1005
Performance test message 1006
Performance test message 1007
Performance test message 1008
Performance test message 1009
Performance test message 1010
Performance test message 1011
Performance test message 1012
Performance test message 1013
Performance test message 1014
Performance test message 1015
Performance test message 1016
Performance test message 1017
Performance test message 1018
Performance test message 1019
Performance test message 1020
Performance test message 1021
Performance test message 1022
Performance test message 1023
Performance test message 1024
Performance test message 1025
Performance test message 1026
Performance test message 1027
Performance test message 1028
Performance test message 1029
Performance test message 1030
Performance test message 1031
Performance test message 1032
Performance test message 1033
Performance test message 1034
Performance test message 1035
Performance test message 1036
Performance test message 1037
Performance test message 1038
Performance test message 1039
Performance test message 1040
Performance test message 1041
Performance test message 1042
Performance test message 1043
Performance test message 1044
Performance test message 1045
Performance test message 1046
Performance test message 1047
Performance test message 1048
Performance test message 1049
Performance test message 1050
Performance test message 1051
Performance test message 1052
Performance test message 1053
Performance test message 1054
Performance test message 1055
Performance test message 1056
Performance test message 1057
Performance test message 1058
Performance test message 1059
Performance test message 1060
Performance test message 1061
Performance test message 1062
Performance test message 1063
Performance test message 1064
Performance test message 1065
Performance test message 1066
Performance test message 1067
Performance test message 1068
Performance test message 1069
Performance test message 1070
Performance test message 1071
Performance test message 1072
Performance test message 1073
Performance test message 1074
Performance test message 1075
Performance test message 1076
Performance test message 1077
Performance test message 1078
Performance test message 1079
Performance test message 1080
Performance test message 1081
Performance test message 1082
Performance test message 1083
Performance test message 1084
Performance test message 1085
Performance test message 1086
Performance test message 1087
Performance test message 1088
Performance test message 1089
Performance test message 1090
Performance test message 1091
Performance test message 1092
Performance test message 1093
Performance test message 1094
Performance test message 1095
Performance test message 1096
Performance test message 1097
Performance test message 1098
Performance test message 1099
Performance test message 1100
Performance test message 1101
Performance test message 1102
Performance test message 1103
Performance test message 1104
Performance test message 1105
Performance test message 1106
Performance test message 1107
Performance test message 1108
Performance test message 1109
Performance test message 1110
Performance test message 1111
Performance test message 1112
Performance test message 1113
Performance test message 1114
Performance test message 1115
Performance test message 1116
Performance test message 1117
Performance test message 1118
Performance test message 1119
Performance test message 1120
Performance test message 1121
Performance test message 1122
Performance test message 1123
Performance test message 1124
Performance test message 1125
Performance test message 1126
Performance test message 1127
Performance test message 1128
Performance test message 1129
Performance test message 1130
Performance test message 1131
Performance test message 1132
Performance test message 1133
Performance test message 1134
Performance test message 1135
Performance test message 1136
Performance test message 1137
Performance test message 1138
Performance test message 1139
Performance test message 1140
Performance test message 1141
Performance test message 1142
Performance test message 1143
Performance test message 1144
Performance test message 1145
Performance test message 1146
Performance test message 1147
Performance test message 1148
Performance test message 1149
Performance test message 1150
Performance test message 1151
Performance test message 1152
Performance test message 1153
Performance test message 1154
Performance test message 1155
Performance test message 1156
Performance test message 1157
Performance test message 1158
Performance test message 1159
Performance test message 1160
Performance test message 1161
Performance test message 1162
Performance test message 1163
Performance test message 1164
Performance test message 1165
Performance test message 1166
Performance test message 1167
Performance test message 1168
Performance test message 1169
Performance test message 1170
Performance test message 1171
Performance test message 1172
Performance test message 1173
Performance test message 1174
Performance test message 1175
Performance test message 1176
Performance test message 1177
Performance test message 1178
Performance test message 1179
Performance test message 1180
Performance test message 1181
Performance test message 1182
Performance test message 1183
Performance test message 1184
Performance test message 1185
Performance test message 1186
Performance test message 1187
Performance test message 1188
Performance test message 1189
Performance test message 1190
Performance test message 1191
Performance test message 1192
Performance test message 1193
Performance test message 1194
Performance test message 1195
Performance test message 1196
Performance test message 1197
Performance test message 1198
Performance test message 1199
Performance test message 1200
Performance test message 1201
Performance test message 1202
Performance test message 1203
Performance test message 1204
Performance test message 1205
Performance test message 1206
Performance test message 1207
Performance test message 1208
Performance test message 1209
Performance test message 1210
Performance test message 1211
Performance test message 1212
Performance test message 1213
Performance test message 1214
Performance test message 1215
Performance test message 1216
Performance test message 1217
Performance test message 1218
Performance test message 1219
Performance test message 1220
Performance test message 1221
Performance test message 1222
Performance test message 1223
Performance test message 1224
Performance test message 1225
Performance test message 1226
Performance test message 1227
Performance test message 1228
Performance test message 1229
Performance test message 1230
Performance test message 1231
Performance test message 1232
Performance test message 1233
Performance test message 1234
Performance test message 1235
Performance test message 1236
Performance test message 1237
Performance test message 1238
Performance test message 1239
Performance test message 1240
Performance test message 1241
Performance test message 1242
Performance test message 1243
Performance test message 1244
Performance test message 1245
Performance test message 1246
Performance test message 1247
Performance test message 1248
Performance test message 1249
Performance test message 1250
Performance test message 1251
Performance test message 1252
Performance test message 1253
Performance test message 1254
Performance test message 1255
Performance test message 1256
Performance test message 1257
Performance test message 1258
Performance test message 1259
Performance test message 1260
Performance test message 1261
Performance test message 1262
Performance test message 1263
Performance test message 1264
Performance test message 1265
Performance test message 1266
Performance test message 1267
Performance test message 1268
Performance test message 1269
Performance test message 1270
Performance test message 1271
Performance test message 1272
Performance test message 1273
Performance test message 1274
Performance test message 1275
Performance test message 1276
Performance test message 1277
Performance test message 1278
Performance test message 1279
Performance test message 1280
Performance test message 1281
Performance test message 1282
Performance test message 1283
Performance test message 1284
Performance test message 1285
Performance test message 1286
Performance test message 1287
Performance test message 1288
Performance test message 1289
Performance test message 1290
Performance test message 1291
Performance test message 1292
Performance test message 1293
Performance test message 1294
Performance test message 1295
Performance test message 1296
Performance test message 1297
Performance test message 1298
Performance test message 1299
Performance test message 1300
Performance test message 1301
Performance test message 1302
Performance test message 1303
Performance test message 1304
Performance test message 1305
Performance test message 1306
Performance test message 1307
Performance test message 1308
Performance test message 1309
Performance test message 1310
Performance test message 1311
Performance test message 1312
Performance test message 1313
Performance test message 1314
Performance test message 1315
Performance test message 1316
Performance test message 1317
Performance test message 1318
Performance test message 1319
Performance test message 1320
Performance test message 1321
Performance test message 1322
Performance test message 1323
Performance test message 1324
Performance test message 1325
Performance test message 1326
Performance test message 1327
Performance test message 1328
Performance test message 1329
Performance test message 1330
Performance test message 1331
Performance test message 1332
Performance test message 1333
Performance test message 1334
Performance test message 1335
Performance test message 1336
Performance test message 1337
Performance test message 1338
Performance test message 1339
Performance test message 1340
Performance test message 1341
Performance test message 1342
Performance test message 1343
Performance test message 1344
Performance test message 1345
Performance test message 1346
Performance test message 1347
Performance test message 1348
Performance test message 1349
Performance test message 1350
Performance test message 1351
Performance test message 1352
Performance test message 1353
Performance test message 1354
Performance test message 1355
Performance test message 1356
Performance test message 1357
Performance test message 1358
Performance test message 1359
Performance test message 1360
Performance test message 1361
Performance test message 1362
Performance test message 1363
Performance test message 1364
Performance test message 1365
Performance test message 1366
Performance test message 1367
Performance test message 1368
Performance test message 1369
Performance test message 1370
Performance test message 1371
Performance test message 1372
Performance test message 1373
Performance test message 1374
Performance test message 1375
Performance test message 1376
Performance test message 1377
Performance test message 1378
Performance test message 1379
Performance test message 1380
Performance test message 1381
Performance test message 1382
Performance test message 1383
Performance test message 1384
Performance test message 1385
Performance test message 1386
Performance test message 1387
Performance test message 1388
Performance test message 1389
Performance test message 1390
Performance test message 1391
Performance test message 1392
Performance test message 1393
Performance test message 1394
Performance test message 1395
Performance test message 1396
Performance test message 1397
Performance test message 1398
Performance test message 1399
Performance test message 1400
Performance test message 1401
Performance test message 1402
Performance test message 1403
Performance test message 1404
Performance test message 1405
Performance test message 1406
Performance test message 1407
Performance test message 1408
Performance test message 1409
Performance test message 1410
Performance test message 1411
Performance test message 1412
Performance test message 1413
Performance test message 1414
Performance test message 1415
Performance test message 1416
Performance test message 1417
Performance test message 1418
Performance test message 1419
Performance test message 1420
Performance test message 1421
Performance test message 1422
Performance test message 1423
Performance test message 1424
Performance test message 1425
Performance test message 1426
Performance test message 1427
Performance test message 1428
Performance test message 1429
Performance test message 1430
Performance test message 1431
Performance test message 1432
Performance test message 1433
Performance test message 1434
Performance test message 1435
Performance test message 1436
Performance test message 1437
Performance test message 1438
Performance test message 1439
Performance test message 1440
Performance test message 1441
Performance test message 1442
Performance test message 1443
Performance test message 1444
Performance test message 1445
Performance test message 1446
Performance test message 1447
Performance test message 1448
Performance test message 1449
Performance test message 1450
Performance test message 1451
Performance test message 1452
Performance test message 1453
Performance test message 1454
Performance test message 1455
Performance test message 1456
Performance test message 1457
Performance test message 1458
Performance test message 1459
Performance test message 1460
Performance test message 1461
Performance test message 1462
Performance test message 1463
Performance test message 1464
Performance test message 1465
Performance test message 1466
Performance test message 1467
Performance test message 1468
Performance test message 1469
Performance test message 1470
Performance test message 1471
Performance test message 1472
Performance test message 1473
Performance test message 1474
Performance test message 1475
Performance test message 1476
Performance test message 1477
Performance test message 1478
Performance test message 1479
Performance test message 1480
Performance test message 1481
Performance test message 1482
Performance test message 1483
Performance test message 1484
Performance test message 1485
Performance test message 1486
Performance test message 1487
Performance test message 1488
Performance test message 1489
Performance test message 1490
Performance test message 1491
Performance test message 1492
Performance test message 1493
Performance test message 1494
Performance test message 1495
Performance test message 1496
Performance test message 1497
Performance test message 1498
Performance test message 1499
Performance test message 1500
Performance test message 1501
Performance test message 1502
Performance test message 1503
Performance test message 1504
Performance test message 1505
Performance test message 1506
Performance test message 1507
Performance test message 1508
Performance test message 1509
Performance test message 1510
Performance test message 1511
Performance test message 1512
Performance test message 1513
Performance test message 1514
Performance test message 1515
Performance test message 1516
Performance test message 1517
Performance test message 1518
Performance test message 1519
Performance test message 1520
Performance test message 1521
Performance test message 1522
Performance test message 1523
Performance test message 1524
Performance test message 1525
Performance test message 1526
Performance test message 1527
Performance test message 1528
Performance test message 1529
Performance test message 1530
Performance test message 1531
Performance test message 1532
Performance test message 1533
Performance test message 1534
Performance test message 1535
Performance test message 1536
Performance test message 1537
Performance test message 1538
Performance test message 1539
Performance test message 1540
Performance test message 1541
Performance test message 1542
Performance test message 1543
Performance test message 1544
Performance test message 1545
Performance test message 1546
Performance test message 1547
Performance test message 1548
Performance test message 1549
Performance test message 1550
Performance test message 1551
Performance test message 1552
Performance test message 1553
Performance test message 1554
Performance test message 1555
Performance test message 1556
Performance test message 1557
Performance test message 1558
Performance test message 1559
Performance test message 1560
Performance test message 1561
Performance test message 1562
Performance test message 1563
Performance test message 1564
Performance test message 1565
Performance test message 1566
Performance test message 1567
Performance test message 1568
Performance test message 1569
Performance test message 1570
Performance test message 1571
Performance test message 1572
Performance test message 1573
Performance test message 1574
Performance test message 1575
Performance test message 1576
Performance test message 1577
Performance test message 1578
Performance test message 1579
Performance test message 1580
Performance test message 1581
Performance test message 1582
Performance test message 1583
Performance test message 1584
Performance test message 1585
Performance test message 1586
Performance test message 1587
Performance test message 1588
Performance test message 1589
Performance test message 1590
Performance test message 1591
Performance test message 1592
Performance test message 1593
Performance test message 1594
Performance test message 1595
Performance test message 1596
Performance test message 1597
Performance test message 1598
Performance test message 1599
Performance test message 1600
Performance test message 1601
Performance test message 1602
Performance test message 1603
Performance test message 1604
Performance test message 1605
Performance test message 1606
Performance test message 1607
Performance test message 1608
Performance test message 1609
Performance test message 1610
Performance test message 1611
Performance test message 1612
Performance test message 1613
Performance test message 1614
Performance test message 1615
Performance test message 1616
Performance test message 1617
Performance test message 1618
Performance test message 1619
Performance test message 1620
Performance test message 1621
Performance test message 1622
Performance test message 1623
Performance test message 1624
Performance test message 1625
Performance test message 1626
Performance test message 1627
Performance test message 1628
Performance test message 1629
Performance test message 1630
Performance test message 1631
Performance test message 1632
Performance test message 1633
Performance test message 1634
Performance test message 1635
Performance test message 1636
Performance test message 1637
Performance test message 1638
Performance test message 1639
Performance test message 1640
Performance test message 1641
Performance test message 1642
Performance test message 1643
Performance test message 1644
Performance test message 1645
Performance test message 1646
Performance test message 1647
Performance test message 1648
Performance test message 1649
Performance test message 1650
Performance test message 1651
Performance test message 1652
Performance test message 1653
Performance test message 1654
Performance test message 1655
Performance test message 1656
Performance test message 1657
Performance test message 1658
Performance test message 1659
Performance test message 1660
Performance test message 1661
Performance test message 1662
Performance test message 1663
Performance test message 1664
Performance test message 1665
Performance test message 1666
Performance test message 1667
Performance test message 1668
Performance test message 1669
Performance test message 1670
Performance test message 1671
Performance test message 1672
Performance test message 1673
Performance test message 1674
Performance test message 1675
Performance test message 1676
Performance test message 1677
Performance test message 1678
Performance test message 1679
Performance test message 1680
Performance test message 1681
Performance test message 1682
Performance test message 1683
Performance test message 1684
Performance test message 1685
Performance test message 1686
Performance test message 1687
Performance test message 1688
Performance test message 1689
Performance test message 1690
Performance test message 1691
Performance test message 1692
Performance test message 1693
Performance test message 1694
Performance test message 1695
Performance test message 1696
Performance test message 1697
Performance test message 1698
Performance test message 1699
Performance test message 1700
Performance test message 1701
Performance test message 1702
Performance test message 1703
Performance test message 1704
Performance test message 1705
Performance test message 1706
Performance test message 1707
Performance test message 1708
Performance test message 1709
Performance test message 1710
Performance test message 1711
Performance test message 1712
Performance test message 1713
Performance test message 1714
Performance test message 1715
Performance test message 1716
Performance test message 1717
Performance test message 1718
Performance test message 1719
Performance test message 1720
Performance test message 1721
Performance test message 1722
Performance test message 1723
Performance test message 1724
Performance test message 1725
Performance test message 1726
Performance test message 1727
Performance test message 1728
Performance test message 1729
Performance test message 1730
Performance test message 1731
Performance test message 1732
Performance test message 1733
Performance test message 1734
Performance test message 1735
Performance test message 1736
Performance test message 1737
Performance test message 1738
Performance test message 1739
Performance test message 1740
Performance test message 1741
Performance test message 1742
Performance test message 1743
Performance test message 1744
Performance test message 1745
Performance test message 1746
Performance test message 1747
Performance test message 1748
Performance test message 1749
Performance test message 1750
Performance test message 1751
Performance test message 1752
Performance test message 1753
Performance test message 1754
Performance test message 1755
Performance test message 1756
Performance test message 1757
Performance test message 1758
Performance test message 1759
Performance test message 1760
Performance test message 1761
Performance test message 1762
Performance test message 1763
Performance test message 1764
Performance test message 1765
Performance test message 1766
Performance test message 1767
Performance test message 1768
Performance test message 1769
Performance test message 1770
Performance test message 1771
Performance test message 1772
Performance test message 1773
Performance test message 1774
Performance test message 1775
Performance test message 1776
Performance test message 1777
Performance test message 1778
Performance test message 1779
Performance test message 1780
Performance test message 1781
Performance test message 1782
Performance test message 1783
Performance test message 1784
Performance test message 1785
Performance test message 1786
Performance test message 1787
Performance test message 1788
Performance test message 1789
Performance test message 1790
Performance test message 1791
Performance test message 1792
Performance test message 1793
Performance test message 1794
Performance test message 1795
Performance test message 1796
Performance test message 1797
Performance test message 1798
Performance test message 1799
Performance test message 1800
Performance test message 1801
Performance test message 1802
Performance test message 1803
Performance test message 1804
Performance test message 1805
Performance test message 1806
Performance test message 1807
Performance test message 1808
Performance test message 1809
Performance test message 1810
Performance test message 1811
Performance test message 1812
Performance test message 1813
Performance test message 1814
Performance test message 1815
Performance test message 1816
Performance test message 1817
Performance test message 1818
Performance test message 1819
Performance test message 1820
Performance test message 1821
Performance test message 1822
Performance test message 1823
Performance test message 1824
Performance test message 1825
Performance test message 1826
Performance test message 1827
Performance test message 1828
Performance test message 1829
Performance test message 1830
Performance test message 1831
Performance test message 1832
Performance test message 1833
Performance test message 1834
Performance test message 1835
Performance test message 1836
Performance test message 1837
Performance test message 1838
Performance test message 1839
Performance test message 1840
Performance test message 1841
Performance test message 1842
Performance test message 1843
Performance test message 1844
Performance test message 1845
Performance test message 1846
Performance test message 1847
Performance test message 1848
Performance test message 1849
Performance test message 1850
Performance test message 1851
Performance test message 1852
Performance test message 1853
Performance test message 1854
Performance test message 1855
Performance test message 1856
Performance test message 1857
Performance test message 1858
Performance test message 1859
Performance test message 1860
Performance test message 1861
Performance test message 1862
Performance test message 1863
Performance test message 1864
Performance test message 1865
Performance test message 1866
Performance test message 1867
Performance test message 1868
Performance test message 1869
Performance test message 1870
Performance test message 1871
Performance test message 1872
Performance test message 1873
Performance test message 1874
Performance test message 1875
Performance test message 1876
Performance test message 1877
Performance test message 1878
Performance test message 1879
Performance test message 1880
Performance test message 1881
Performance test message 1882
Performance test message 1883
Performance test message 1884
Performance test message 1885
Performance test message 1886
Performance test message 1887
Performance test message 1888
Performance test message 1889
Performance test message 1890
Performance test message 1891
Performance test message 1892
Performance test message 1893
Performance test message 1894
Performance test message 1895
Performance test message 1896
Performance test message 1897
Performance test message 1898
Performance test message 1899
Performance test message 1900
Performance test message 1901
Performance test message 1902
Performance test message 1903
Performance test message 1904
Performance test message 1905
Performance test message 1906
Performance test message 1907
Performance test message 1908
Performance test message 1909
Performance test message 1910
Performance test message 1911
Performance test message 1912
Performance test message 1913
Performance test message 1914
Performance test message 1915
Performance test message 1916
Performance test message 1917
Performance test message 1918
Performance test message 1919
Performance test message 1920
Performance test message 1921
Performance test message 1922
Performance test message 1923
Performance test message 1924
Performance test message 1925
Performance test message 1926
Performance test message 1927
Performance test message 1928
Performance test message 1929
Performance test message 1930
Performance test message 1931
Performance test message 1932
Performance test message 1933
Performance test message 1934
Performance test message 1935
Performance test message 1936
Performance test message 1937
Performance test message 1938
Performance test message 1939
Performance test message 1940
Performance test message 1941
Performance test message 1942
Performance test message 1943
Performance test message 1944
Performance test message 1945
Performance test message 1946
Performance test message 1947
Performance test message 1948
Performance test message 1949
Performance test message 1950
Performance test message 1951
Performance test message 1952
Performance test message 1953
Performance test message 1954
Performance test message 1955
Performance test message 1956
Performance test message 1957
Performance test message 1958
Performance test message 1959
Performance test message 1960
Performance test message 1961
Performance test message 1962
Performance test message 1963
Performance test message 1964
Performance test message 1965
Performance test message 1966
Performance test message 1967
Performance test message 1968
Performance test message 1969
Performance test message 1970
Performance test message 1971
Performance test message 1972
Performance test message 1973
Performance test message 1974
Performance test message 1975
Performance test message 1976
Performance test message 1977
Performance test message 1978
Performance test message 1979
Performance test message 1980
Performance test message 1981
Performance test message 1982
Performance test message 1983
Performance test message 1984
Performance test message 1985
Performance test message 1986
Performance test message 1987
Performance test message 1988
Performance test message 1989
Performance test message 1990
Performance test message 1991
Performance test message 1992
Performance test message 1993
Performance test message 1994
Performance test message 1995
Performance test message 1996
Performance test message 1997
Performance test message 1998
Performance test message 1999
Performance test message 2000
Performance test message 2001
Performance test message 2002
Performance test message 2003
Performance test message 2004
Performance test message 2005
Performance test message 2006
Performance test message 2007
Performance test message 2008
Performance test message 2009
Performance test message 2010
Performance test message 2011
Performance test message 2012
Performance test message 2013
Performance test message 2014
Performance test message 2015
Performance test message 2016
Performance test message 2017
Performance test message 2018
Performance test message 2019
Performance test message 2020
Performance test message 2021
Performance test message 2022
Performance test message 2023
Performance test message 2024
Performance test message 2025
Performance test message 2026
Performance test message 2027
Performance test message 2028
Performance test message 2029
Performance test message 2030
Performance test message 2031
Performance test message 2032
Performance test message 2033
Performance test message 2034
Performance test message 2035
Performance test message 2036
Performance test message 2037
Performance test message 2038
Performance test message 2039
Performance test message 2040
Performance test message 2041
Performance test message 2042
Performance test message 2043
Performance test message 2044
Performance test message 2045
Performance test message 2046
Performance test message 2047
Performance test message 2048
Performance test message 2049
Performance test message 2050
Performance test message 2051
Performance test message 2052
Performance test message 2053
Performance test message 2054
Performance test message 2055
Performance test message 2056
Performance test message 2057
Performance test message 2058
Performance test message 2059
Performance test message 2060
Performance test message 2061
Performance test message 2062
Performance test message 2063
Performance test message 2064
Performance test message 2065
Performance test message 2066
Performance test message 2067
Performance test message 2068
Performance test message 2069
Performance test message 2070
Performance test message 2071
Performance test message 2072
Performance test message 2073
Performance test message 2074
Performance test message 2075
Performance test message 2076
Performance test message 2077
Performance test message 2078
Performance test message 2079
Performance test message 2080
Performance test message 2081
Performance test message 2082
Performance test message 2083
Performance test message 2084
Performance test message 2085
Performance test message 2086
Performance test message 2087
Performance test message 2088
Performance test message 2089
Performance test message 2090
Performance test message 2091
Performance test message 2092
Performance test message 2093
Performance test message 2094
Performance test message 2095
Performance test message 2096
Performance test message 2097
Performance test message 2098
Performance test message 2099
Performance test message 2100
Performance test message 2101
Performance test message 2102
Performance test message 2103
Performance test message 2104
Performance test message 2105
Performance test message 2106
Performance test message 2107
Performance test message 2108
Performance test message 2109
Performance test message 2110
Performance test message 2111
Performance test message 2112
Performance test message 2113
Performance test message 2114
Performance test message 2115
Performance test message 2116
Performance test message 2117
Performance test message 2118
Performance test message 2119
Performance test message 2120
Performance test message 2121
Performance test message 2122
Performance test message 2123
Performance test message 2124
Performance test message 2125
Performance test message 2126
Performance test message 2127
Performance test message 2128
Performance test message 2129
Performance test message 2130
Performance test message 2131
Performance test message 2132
Performance test message 2133
Performance test message 2134
Performance test message 2135
Performance test message 2136
Performance test message 2137
Performance test message 2138
Performance test message 2139
Performance test message 2140
Performance test message 2141
Performance test message 2142
Performance test message 2143
Performance test message 2144
Performance test message 2145
Performance test message 2146
Performance test message 2147
Performance test message 2148
Performance test message 2149
Performance test message 2150
Performance test message 2151
Performance test message 2152
Performance test message 2153
Performance test message 2154
Performance test message 2155
Performance test message 2156
Performance test message 2157
Performance test message 2158
Performance test message 2159
Performance test message 2160
Performance test message 2161
Performance test message 2162
Performance test message 2163
Performance test message 2164
Performance test message 2165
Performance test message 2166
Performance test message 2167
Performance test message 2168
Performance test message 2169
Performance test message 2170
Performance test message 2171
Performance test message 2172
Performance test message 2173
Performance test message 2174
Performance test message 2175
Performance test message 2176
Performance test message 2177
Performance test message 2178
Performance test message 2179
Performance test message 2180
Performance test message 2181
Performance test message 2182
Performance test message 2183
Performance test message 2184
Performance test message 2185
Performance test message 2186
Performance test message 2187
Performance test message 2188
Performance test message 2189
Performance test message 2190
Performance test message 2191
Performance test message 2192
Performance test message 2193
Performance test message 2194
Performance test message 2195
Performance test message 2196
Performance test message 2197
Performance test message 2198
Performance test message 2199
Performance test message 2200
Performance test message 2201
Performance test message 2202
Performance test message 2203
Performance test message 2204
Performance test message 2205
Performance test message 2206
Performance test message 2207
Performance test message 2208
Performance test message 2209
Performance test message 2210
Performance test message 2211
Performance test message 2212
Performance test message 2213
Performance test message 2214
Performance test message 2215
Performance test message 2216
Performance test message 2217
Performance test message 2218
Performance test message 2219
Performance test message 2220
Performance test message 2221
Performance test message 2222
Performance test message 2223
Performance test message 2224
Performance test message 2225
Performance test message 2226
Performance test message 2227
Performance test message 2228
Performance test message 2229
Performance test message 2230
Performance test message 2231
Performance test message 2232
Performance test message 2233
Performance test message 2234
Performance test message 2235
Performance test message 2236
Performance test message 2237
Performance test message 2238
Performance test message 2239
Performance test message 2240
Performance test message 2241
Performance test message 2242
Performance test message 2243
Performance test message 2244
Performance test message 2245
Performance test message 2246
Performance test message 2247
Performance test message 2248
Performance test message 2249
Performance test message 2250
Performance test message 2251
Performance test message 2252
Performance test message 2253
Performance test message 2254
Performance test message 2255
Performance test message 2256
Performance test message 2257
Performance test message 2258
Performance test message 2259
Performance test message 2260
Performance test message 2261
Performance test message 2262
Performance test message 2263
Performance test message 2264
Performance test message 2265
Performance test message 2266
Performance test message 2267
Performance test message 2268
Performance test message 2269
Performance test message 2270
Performance test message 2271
Performance test message 2272
Performance test message 2273
Performance test message 2274
Performance test message 2275
Performance test message 2276
Performance test message 2277
Performance test message 2278
Performance test message 2279
Performance test message 2280
Performance test message 2281
Performance test message 2282
Performance test message 2283
Performance test message 2284
Performance test message 2285
Performance test message 2286
Performance test message 2287
Performance test message 2288
Performance test message 2289
Performance test message 2290
Performance test message 2291
Performance test message 2292
Performance test message 2293
Performance test message 2294
Performance test message 2295
Performance test message 2296
Performance test message 2297
Performance test message 2298
Performance test message 2299
Performance test message 2300
Performance test message 2301
Performance test message 2302
Performance test message 2303
Performance test message 2304
Performance test message 2305
Performance test message 2306
Performance test message 2307
Performance test message 2308
Performance test message 2309
Performance test message 2310
Performance test message 2311
Performance test message 2312
Performance test message 2313
Performance test message 2314
Performance test message 2315
Performance test message 2316
Performance test message 2317
Performance test message 2318
Performance test message 2319
Performance test message 2320
Performance test message 2321
Performance test message 2322
Performance test message 2323
Performance test message 2324
Performance test message 2325
Performance test message 2326
Performance test message 2327
Performance test message 2328
Performance test message 2329
Performance test message 2330
Performance test message 2331
Performance test message 2332
Performance test message 2333
Performance test message 2334
Performance test message 2335
Performance test message 2336
Performance test message 2337
Performance test message 2338
Performance test message 2339
Performance test message 2340
Performance test message 2341
Performance test message 2342
Performance test message 2343
Performance test message 2344
Performance test message 2345
Performance test message 2346
Performance test message 2347
Performance test message 2348
Performance test message 2349
Performance test message 2350
Performance test message 2351
Performance test message 2352
Performance test message 2353
Performance test message 2354
Performance test message 2355
Performance test message 2356
Performance test message 2357
Performance test message 2358
Performance test message 2359
Performance test message 2360
Performance test message 2361
Performance test message 2362
Performance test message 2363
Performance test message 2364
Performance test message 2365
Performance test message 2366
Performance test message 2367
Performance test message 2368
Performance test message 2369
Performance test message 2370
Performance test message 2371
Performance test message 2372
Performance test message 2373
Performance test message 2374
Performance test message 2375
Performance test message 2376
Performance test message 2377
Performance test message 2378
Performance test message 2379
Performance test message 2380
Performance test message 2381
Performance test message 2382
Performance test message 2383
Performance test message 2384
Performance test message 2385
Performance test message 2386
Performance test message 2387
Performance test message 2388
Performance test message 2389
Performance test message 2390
Performance test message 2391
Performance test message 2392
Performance test message 2393
Performance test message 2394
Performance test message 2395
Performance test message 2396
Performance test message 2397
Performance test message 2398
Performance test message 2399
Performance test message 2400
Performance test message 2401
Performance test message 2402
Performance test message 2403
Performance test message 2404
Performance test message 2405
Performance test message 2406
Performance test message 2407
Performance test message 2408
Performance test message 2409
Performance test message 2410
Performance test message 2411
Performance test message 2412
Performance test message 2413
Performance test message 2414
Performance test message 2415
Performance test message 2416
Performance test message 2417
Performance test message 2418
Performance test message 2419
Performance test message 2420
Performance test message 2421
Performance test message 2422
Performance test message 2423
Performance test message 2424
Performance test message 2425
Performance test message 2426
Performance test message 2427
Performance test message 2428
Performance test message 2429
Performance test message 2430
Performance test message 2431
Performance test message 2432
Performance test message 2433
Performance test message 2434
Performance test message 2435
Performance test message 2436
Performance test message 2437
Performance test message 2438
Performance test message 2439
Performance test message 2440
Performance test message 2441
Performance test message 2442
Performance test message 2443
Performance test message 2444
Performance test message 2445
Performance test message 2446
Performance test message 2447
Performance test message 2448
Performance test message 2449
Performance test message 2450
Performance test message 2451
Performance test message 2452
Performance test message 2453
Performance test message 2454
Performance test message 2455
Performance test message 2456
Performance test message 2457
Performance test message 2458
Performance test message 2459
Performance test message 2460
Performance test message 2461
Performance test message 2462
Performance test message 2463
Performance test message 2464
Performance test message 2465
Performance test message 2466
Performance test message 2467
Performance test message 2468
Performance test message 2469
Performance test message 2470
Performance test message 2471
Performance test message 2472
Performance test message 2473
Performance test message 2474
Performance test message 2475
Performance test message 2476
Performance test message 2477
Performance test message 2478
Performance test message 2479
Performance test message 2480
Performance test message 2481
Performance test message 2482
Performance test message 2483
Performance test message 2484
Performance test message 2485
Performance test message 2486
Performance test message 2487
Performance test message 2488
Performance test message 2489
Performance test message 2490
Performance test message 2491
Performance test message 2492
Performance test message 2493
Performance test message 2494
Performance test message 2495
Performance test message 2496
Performance test message 2497
Performance test message 2498
Performance test message 2499
Performance test message 2500
Performance test message 2501
Performance test message 2502
Performance test message 2503
Performance test message 2504
Performance test message 2505
Performance test message 2506
Performance test message 2507
Performance test message 2508
Performance test message 2509
Performance test message 2510
Performance test message 2511
Performance test message 2512
Performance test message 2513
Performance test message 2514
Performance test message 2515
Performance test message 2516
Performance test message 2517
Performance test message 2518
Performance test message 2519
Performance test message 2520
Performance test message 2521
Performance test message 2522
Performance test message 2523
Performance test message 2524
Performance test message 2525
Performance test message 2526
Performance test message 2527
Performance test message 2528
Performance test message 2529
Performance test message 2530
Performance test message 2531
Performance test message 2532
Performance test message 2533
Performance test message 2534
Performance test message 2535
Performance test message 2536
Performance test message 2537
Performance test message 2538
Performance test message 2539
Performance test message 2540
Performance test message 2541
Performance test message 2542
Performance test message 2543
Performance test message 2544
Performance test message 2545
Performance test message 2546
Performance test message 2547
Performance test message 2548
Performance test message 2549
Performance test message 2550
Performance test message 2551
Performance test message 2552
Performance test message 2553
Performance test message 2554
Performance test message 2555
Performance test message 2556
Performance test message 2557
Performance test message 2558
Performance test message 2559
Performance test message 2560
Performance test message 2561
Performance test message 2562
Performance test message 2563
Performance test message 2564
Performance test message 2565
Performance test message 2566
Performance test message 2567
Performance test message 2568
Performance test message 2569
Performance test message 2570
Performance test message 2571
Performance test message 2572
Performance test message 2573
Performance test message 2574
Performance test message 2575
Performance test message 2576
Performance test message 2577
Performance test message 2578
Performance test message 2579
Performance test message 2580
Performance test message 2581
Performance test message 2582
Performance test message 2583
Performance test message 2584
Performance test message 2585
Performance test message 2586
Performance test message 2587
Performance test message 2588
Performance test message 2589
Performance test message 2590
Performance test message 2591
Performance test message 2592
Performance test message 2593
Performance test message 2594
Performance test message 2595
Performance test message 2596
Performance test message 2597
Performance test message 2598
Performance test message 2599
Performance test message 2600
Performance test message 2601
Performance test message 2602
Performance test message 2603
Performance test message 2604
Performance test message 2605
Performance test message 2606
Performance test message 2607
Performance test message 2608
Performance test message 2609
Performance test message 2610
Performance test message 2611
Performance test message 2612
Performance test message 2613
Performance test message 2614
Performance test message 2615
Performance test message 2616
Performance test message 2617
Performance test message 2618
Performance test message 2619
Performance test message 2620
Performance test message 2621
Performance test message 2622
Performance test message 2623
Performance test message 2624
Performance test message 2625
Performance test message 2626
Performance test message 2627
Performance test message 2628
Performance test message 2629
Performance test message 2630
Performance test message 2631
Performance test message 2632
Performance test message 2633
Performance test message 2634
Performance test message 2635
Performance test message 2636
Performance test message 2637
Performance test message 2638
Performance test message 2639
Performance test message 2640
Performance test message 2641
Performance test message 2642
Performance test message 2643
Performance test message 2644
Performance test message 2645
Performance test message 2646
Performance test message 2647
Performance test message 2648
Performance test message 2649
Performance test message 2650
Performance test message 2651
Performance test message 2652
Performance test message 2653
Performance test message 2654
Performance test message 2655
Performance test message 2656
Performance test message 2657
Performance test message 2658
Performance test message 2659
Performance test message 2660
Performance test message 2661
Performance test message 2662
Performance test message 2663
Performance test message 2664
Performance test message 2665
Performance test message 2666
Performance test message 2667
Performance test message 2668
Performance test message 2669
Performance test message 2670
Performance test message 2671
Performance test message 2672
Performance test message 2673
Performance test message 2674
Performance test message 2675
Performance test message 2676
Performance test message 2677
Performance test message 2678
Performance test message 2679
Performance test message 2680
Performance test message 2681
Performance test message 2682
Performance test message 2683
Performance test message 2684
Performance test message 2685
Performance test message 2686
Performance test message 2687
Performance test message 2688
Performance test message 2689
Performance test message 2690
Performance test message 2691
Performance test message 2692
Performance test message 2693
Performance test message 2694
Performance test message 2695
Performance test message 2696
Performance test message 2697
Performance test message 2698
Performance test message 2699
Performance test message 2700
Performance test message 2701
Performance test message 2702
Performance test message 2703
Performance test message 2704
Performance test message 2705
Performance test message 2706
Performance test message 2707
Performance test message 2708
Performance test message 2709
Performance test message 2710
Performance test message 2711
Performance test message 2712
Performance test message 2713
Performance test message 2714
Performance test message 2715
Performance test message 2716
Performance test message 2717
Performance test message 2718
Performance test message 2719
Performance test message 2720
Performance test message 2721
Performance test message 2722
Performance test message 2723
Performance test message 2724
Performance test message 2725
Performance test message 2726
Performance test message 2727
Performance test message 2728
Performance test message 2729
Performance test message 2730
Performance test message 2731
Performance test message 2732
Performance test message 2733
Performance test message 2734
Performance test message 2735
Performance test message 2736
Performance test message 2737
Performance test message 2738
Performance test message 2739
Performance test message 2740
Performance test message 2741
Performance test message 2742
Performance test message 2743
Performance test message 2744
Performance test message 2745
Performance test message 2746
Performance test message 2747
Performance test message 2748
Performance test message 2749
Performance test message 2750
Performance test message 2751
Performance test message 2752
Performance test message 2753
Performance test message 2754
Performance test message 2755
Performance test message 2756
Performance test message 2757
Performance test message 2758
Performance test message 2759
Performance test message 2760
Performance test message 2761
Performance test message 2762
Performance test message 2763
Performance test message 2764
Performance test message 2765
Performance test message 2766
Performance test message 2767
Performance test message 2768
Performance test message 2769
Performance test message 2770
Performance test message 2771
Performance test message 2772
Performance test message 2773
Performance test message 2774
Performance test message 2775
Performance test message 2776
Performance test message 2777
Performance test message 2778
Performance test message 2779
Performance test message 2780
Performance test message 2781
Performance test message 2782
Performance test message 2783
Performance test message 2784
Performance test message 2785
Performance test message 2786
Performance test message 2787
Performance test message 2788
Performance test message 2789
Performance test message 2790
Performance test message 2791
Performance test message 2792
Performance test message 2793
Performance test message 2794
Performance test message 2795
Performance test message 2796
Performance test message 2797
Performance test message 2798
Performance test message 2799
Performance test message 2800
Performance test message 2801
Performance test message 2802
Performance test message 2803
Performance test message 2804
Performance test message 2805
Performance test message 2806
Performance test message 2807
Performance test message 2808
Performance test message 2809
Performance test message 2810
Performance test message 2811
Performance test message 2812
Performance test message 2813
Performance test message 2814
Performance test message 2815
Performance test message 2816
Performance test message 2817
Performance test message 2818
Performance test message 2819
Performance test message 2820
Performance test message 2821
Performance test message 2822
Performance test message 2823
Performance test message 2824
Performance test message 2825
Performance test message 2826
Performance test message 2827
Performance test message 2828
Performance test message 2829
Performance test message 2830
Performance test message 2831
Performance test message 2832
Performance test message 2833
Performance test message 2834
Performance test message 2835
Performance test message 2836
Performance test message 2837
Performance test message 2838
Performance test message 2839
Performance test message 2840
Performance test message 2841
Performance test message 2842
Performance test message 2843
Performance test message 2844
Performance test message 2845
Performance test message 2846
Performance test message 2847
Performance test message 2848
Performance test message 2849
Performance test message 2850
Performance test message 2851
Performance test message 2852
Performance test message 2853
Performance test message 2854
Performance test message 2855
Performance test message 2856
Performance test message 2857
Performance test message 2858
Performance test message 2859
Performance test message 2860
Performance test message 2861
Performance test message 2862
Performance test message 2863
Performance test message 2864
Performance test message 2865
Performance test message 2866
Performance test message 2867
Performance test message 2868
Performance test message 2869
Performance test message 2870
Performance test message 2871
Performance test message 2872
Performance test message 2873
Performance test message 2874
Performance test message 2875
Performance test message 2876
Performance test message 2877
Performance test message 2878
Performance test message 2879
Performance test message 2880
Performance test message 2881
Performance test message 2882
Performance test message 2883
Performance test message 2884
Performance test message 2885
Performance test message 2886
Performance test message 2887
Performance test message 2888
Performance test message 2889
Performance test message 2890
Performance test message 2891
Performance test message 2892
Performance test message 2893
Performance test message 2894
Performance test message 2895
Performance test message 2896
Performance test message 2897
Performance test message 2898
Performance test message 2899
Performance test message 2900
Performance test message 2901
Performance test message 2902
Performance test message 2903
Performance test message 2904
Performance test message 2905
Performance test message 2906
Performance test message 2907
Performance test message 2908
Performance test message 2909
Performance test message 2910
Performance test message 2911
Performance test message 2912
Performance test message 2913
Performance test message 2914
Performance test message 2915
Performance test message 2916
Performance test message 2917
Performance test message 2918
Performance test message 2919
Performance test message 2920
Performance test message 2921
Performance test message 2922
Performance test message 2923
Performance test message 2924
Performance test message 2925
Performance test message 2926
Performance test message 2927
Performance test message 2928
Performance test message 2929
Performance test message 2930
Performance test message 2931
Performance test message 2932
Performance test message 2933
Performance test message 2934
Performance test message 2935
Performance test message 2936
Performance test message 2937
Performance test message 2938
Performance test message 2939
Performance test message 2940
Performance test message 2941
Performance test message 2942
Performance test message 2943
Performance test message 2944
Performance test message 2945
Performance test message 2946
Performance test message 2947
Performance test message 2948
Performance test message 2949
Performance test message 2950
Performance test message 2951
Performance test message 2952
Performance test message 2953
Performance test message 2954
Performance test message 2955
Performance test message 2956
Performance test message 2957
Performance test message 2958
Performance test message 2959
Performance test message 2960
Performance test message 2961
Performance test message 2962
Performance test message 2963
Performance test message 2964
Performance test message 2965
Performance test message 2966
Performance test message 2967
Performance test message 2968
Performance test message 2969
Performance test message 2970
Performance test message 2971
Performance test message 2972
Performance test message 2973
Performance test message 2974
Performance test message 2975
Performance test message 2976
Performance test message 2977
Performance test message 2978
Performance test message 2979
Performance test message 2980
Performance test message 2981
Performance test message 2982
Performance test message 2983
Performance test message 2984
Performance test message 2985
Performance test message 2986
Performance test message 2987
Performance test message 2988
Performance test message 2989
Performance test message 2990
Performance test message 2991
Performance test message 2992
Performance test message 2993
Performance test message 2994
Performance test message 2995
Performance test message 2996
Performance test message 2997
Performance test message 2998
Performance test message 2999
Performance test message 3000
Performance test message 3001
Performance test message 3002
Performance test message 3003
Performance test message 3004
Performance test message 3005
Performance test message 3006
Performance test message 3007
Performance test message 3008
Performance test message 3009
Performance test message 3010
Performance test message 3011
Performance test message 3012
Performance test message 3013
Performance test message 3014
Performance test message 3015
Performance test message 3016
Performance test message 3017
Performance test message 3018
Performance test message 3019
Performance test message 3020
Performance test message 3021
Performance test message 3022
Performance test message 3023
Performance test message 3024
Performance test message 3025
Performance test message 3026
Performance test message 3027
Performance test message 3028
Performance test message 3029
Performance test message 3030
Performance test message 3031
Performance test message 3032
Performance test message 3033
Performance test message 3034
Performance test message 3035
Performance test message 3036
Performance test message 3037
Performance test message 3038
Performance test message 3039
Performance test message 3040
Performance test message 3041
Performance test message 3042
Performance test message 3043
Performance test message 3044
Performance test message 3045
Performance test message 3046
Performance test message 3047
Performance test message 3048
Performance test message 3049
Performance test message 3050
Performance test message 3051
Performance test message 3052
Performance test message 3053
Performance test message 3054
Performance test message 3055
Performance test message 3056
Performance test message 3057
Performance test message 3058
Performance test message 3059
Performance test message 3060
Performance test message 3061
Performance test message 3062
Performance test message 3063
Performance test message 3064
Performance test message 3065
Performance test message 3066
Performance test message 3067
Performance test message 3068
Performance test message 3069
Performance test message 3070
Performance test message 3071
Performance test message 3072
Performance test message 3073
Performance test message 3074
Performance test message 3075
Performance test message 3076
Performance test message 3077
Performance test message 3078
Performance test message 3079
Performance test message 3080
Performance test message 3081
Performance test message 3082
Performance test message 3083
Performance test message 3084
Performance test message 3085
Performance test message 3086
Performance test message 3087
Performance test message 3088
Performance test message 3089
Performance test message 3090
Performance test message 3091
Performance test message 3092
Performance test message 3093
Performance test message 3094
Performance test message 3095
Performance test message 3096
Performance test message 3097
Performance test message 3098
Performance test message 3099
Performance test message 3100
Performance test message 3101
Performance test message 3102
Performance test message 3103
Performance test message 3104
Performance test message 3105
Performance test message 3106
Performance test message 3107
Performance test message 3108
Performance test message 3109
Performance test message 3110
Performance test message 3111
Performance test message 3112
Performance test message 3113
Performance test message 3114
Performance test message 3115
Performance test message 3116
Performance test message 3117
Performance test message 3118
Performance test message 3119
Performance test message 3120
Performance test message 3121
Performance test message 3122
Performance test message 3123
Performance test message 3124
Performance test message 3125
Performance test message 3126
Performance test message 3127
Performance test message 3128
Performance test message 3129
Performance test message 3130
Performance test message 3131
Performance test message 3132
Performance test message 3133
Performance test message 3134
Performance test message 3135
Performance test message 3136
Performance test message 3137
Performance test message 3138
Performance test message 3139
Performance test message 3140
Performance test message 3141
Performance test message 3142
Performance test message 3143
Performance test message 3144
Performance test message 3145
Performance test message 3146
Performance test message 3147
Performance test message 3148
Performance test message 3149
Performance test message 3150
Performance test message 3151
Performance test message 3152
Performance test message 3153
Performance test message 3154
Performance test message 3155
Performance test message 3156
Performance test message 3157
Performance test message 3158
Performance test message 3159
Performance test message 3160
Performance test message 3161
Performance test message 3162
Performance test message 3163
Performance test message 3164
Performance test message 3165
Performance test message 3166
Performance test message 3167
Performance test message 3168
Performance test message 3169
Performance test message 3170
Performance test message 3171
Performance test message 3172
Performance test message 3173
Performance test message 3174
Performance test message 3175
Performance test message 3176
Performance test message 3177
Performance test message 3178
Performance test message 3179
Performance test message 3180
Performance test message 3181
Performance test message 3182
Performance test message 3183
Performance test message 3184
Performance test message 3185
Performance test message 3186
Performance test message 3187
Performance test message 3188
Performance test message 3189
Performance test message 3190
Performance test message 3191
Performance test message 3192
Performance test message 3193
Performance test message 3194
Performance test message 3195
Performance test message 3196
Performance test message 3197
Performance test message 3198
Performance test message 3199
Performance test message 3200
Performance test message 3201
Performance test message 3202
Performance test message 3203
Performance test message 3204
Performance test message 3205
Performance test message 3206
Performance test message 3207
Performance test message 3208
Performance test message 3209
Performance test message 3210
Performance test message 3211
Performance test message 3212
Performance test message 3213
Performance test message 3214
Performance test message 3215
Performance test message 3216
Performance test message 3217
Performance test message 3218
Performance test message 3219
Performance test message 3220
Performance test message 3221
Performance test message 3222
Performance test message 3223
Performance test message 3224
Performance test message 3225
Performance test message 3226
Performance test message 3227
Performance test message 3228
Performance test message 3229
Performance test message 3230
Performance test message 3231
Performance test message 3232
Performance test message 3233
Performance test message 3234
Performance test message 3235
Performance test message 3236
Performance test message 3237
Performance test message 3238
Performance test message 3239
Performance test message 3240
Performance test message 3241
Performance test message 3242
Performance test message 3243
Performance test message 3244
Performance test message 3245
Performance test message 3246
Performance test message 3247
Performance test message 3248
Performance test message 3249
Performance test message 3250
Performance test message 3251
Performance test message 3252
Performance test message 3253
Performance test message 3254
Performance test message 3255
Performance test message 3256
Performance test message 3257
Performance test message 3258
Performance test message 3259
Performance test message 3260
Performance test message 3261
Performance test message 3262
Performance test message 3263
Performance test message 3264
Performance test message 3265
Performance test message 3266
Performance test message 3267
Performance test message 3268
Performance test message 3269
Performance test message 3270
Performance test message 3271
Performance test message 3272
Performance test message 3273
Performance test message 3274
Performance test message 3275
Performance test message 3276
Performance test message 3277
Performance test message 3278
Performance test message 3279
Performance test message 3280
Performance test message 3281
Performance test message 3282
Performance test message 3283
Performance test message 3284
Performance test message 3285
Performance test message 3286
Performance test message 3287
Performance test message 3288
Performance test message 3289
Performance test message 3290
Performance test message 3291
Performance test message 3292
Performance test message 3293
Performance test message 3294
Performance test message 3295
Performance test message 3296
Performance test message 3297
Performance test message 3298
Performance test message 3299
Performance test message 3300
Performance test message 3301
Performance test message 3302
Performance test message 3303
Performance test message 3304
Performance test message 3305
Performance test message 3306
Performance test message 3307
Performance test message 3308
Performance test message 3309
Performance test message 3310
Performance test message 3311
Performance test message 3312
Performance test message 3313
Performance test message 3314
Performance test message 3315
Performance test message 3316
Performance test message 3317
Performance test message 3318
Performance test message 3319
Performance test message 3320
Performance test message 3321
Performance test message 3322
Performance test message 3323
Performance test message 3324
Performance test message 3325
Performance test message 3326
Performance test message 3327
Performance test message 3328
Performance test message 3329
Performance test message 3330
Performance test message 3331
Performance test message 3332
Performance test message 3333
Performance test message 3334
Performance test message 3335
Performance test message 3336
Performance test message 3337
Performance test message 3338
Performance test message 3339
Performance test message 3340
Performance test message 3341
Performance test message 3342
Performance test message 3343
Performance test message 3344
Performance test message 3345
Performance test message 3346
Performance test message 3347
Performance test message 3348
Performance test message 3349
Performance test message 3350
Performance test message 3351
Performance test message 3352
Performance test message 3353
Performance test message 3354
Performance test message 3355
Performance test message 3356
Performance test message 3357
Performance test message 3358
Performance test message 3359
Performance test message 3360
Performance test message 3361
Performance test message 3362
Performance test message 3363
Performance test message 3364
Performance test message 3365
Performance test message 3366
Performance test message 3367
Performance test message 3368
Performance test message 3369
Performance test message 3370
Performance test message 3371
Performance test message 3372
Performance test message 3373
Performance test message 3374
Performance test message 3375
Performance test message 3376
Performance test message 3377
Performance test message 3378
Performance test message 3379
Performance test message 3380
Performance test message 3381
Performance test message 3382
Performance test message 3383
Performance test message 3384
Performance test message 3385
Performance test message 3386
Performance test message 3387
Performance test message 3388
Performance test message 3389
Performance test message 3390
Performance test message 3391
Performance test message 3392
Performance test message 3393
Performance test message 3394
Performance test message 3395
Performance test message 3396
Performance test message 3397
Performance test message 3398
Performance test message 3399
Performance test message 3400
Performance test message 3401
Performance test message 3402
Performance test message 3403
Performance test message 3404
Performance test message 3405
Performance test message 3406
Performance test message 3407
Performance test message 3408
Performance test message 3409
Performance test message 3410
Performance test message 3411
Performance test message 3412
Performance test message 3413
Performance test message 3414
Performance test message 3415
Performance test message 3416
Performance test message 3417
Performance test message 3418
Performance test message 3419
Performance test message 3420
Performance test message 3421
Performance test message 3422
Performance test message 3423
Performance test message 3424
Performance test message 3425
Performance test message 3426
Performance test message 3427
Performance test message 3428
Performance test message 3429
Performance test message 3430
Performance test message 3431
Performance test message 3432
Performance test message 3433
Performance test message 3434
Performance test message 3435
Performance test message 3436
Performance test message 3437
Performance test message 3438
Performance test message 3439
Performance test message 3440
Performance test message 3441
Performance test message 3442
Performance test message 3443
Performance test message 3444
Performance test message 3445
Performance test message 3446
Performance test message 3447
Performance test message 3448
Performance test message 3449
Performance test message 3450
Performance test message 3451
Performance test message 3452
Performance test message 3453
Performance test message 3454
Performance test message 3455
Performance test message 3456
Performance test message 3457
Performance test message 3458
Performance test message 3459
Performance test message 3460
Performance test message 3461
Performance test message 3462
Performance test message 3463
Performance test message 3464
Performance test message 3465
Performance test message 3466
Performance test message 3467
Performance test message 3468
Performance test message 3469
Performance test message 3470
Performance test message 3471
Performance test message 3472
Performance test message 3473
Performance test message 3474
Performance test message 3475
Performance test message 3476
Performance test message 3477
Performance test message 3478
Performance test message 3479
Performance test message 3480
Performance test message 3481
Performance test message 3482
Performance test message 3483
Performance test message 3484
Performance test message 3485
Performance test message 3486
Performance test message 3487
Performance test message 3488
Performance test message 3489
Performance test message 3490
Performance test message 3491
Performance test message 3492
Performance test message 3493
Performance test message 3494
Performance test message 3495
Performance test message 3496
Performance test message 3497
Performance test message 3498
Performance test message 3499
Performance test message 3500
Performance test message 3501
Performance test message 3502
Performance test message 3503
Performance test message 3504
Performance test message 3505
Performance test message 3506
Performance test message 3507
Performance test message 3508
Performance test message 3509
Performance test message 3510
Performance test message 3511
Performance test message 3512
Performance test message 3513
Performance test message 3514
Performance test message 3515
Performance test message 3516
Performance test message 3517
Performance test message 3518
Performance test message 3519
Performance test message 3520
Performance test message 3521
Performance test message 3522
Performance test message 3523
Performance test message 3524
Performance test message 3525
Performance test message 3526
Performance test message 3527
Performance test message 3528
Performance test message 3529
Performance test message 3530
Performance test message 3531
Performance test message 3532
Performance test message 3533
Performance test message 3534
Performance test message 3535
Performance test message 3536
Performance test message 3537
Performance test message 3538
Performance test message 3539
Performance test message 3540
Performance test message 3541
Performance test message 3542
Performance test message 3543
Performance test message 3544
Performance test message 3545
Performance test message 3546
Performance test message 3547
Performance test message 3548
Performance test message 3549
Performance test message 3550
Performance test message 3551
Performance test message 3552
Performance test message 3553
Performance test message 3554
Performance test message 3555
Performance test message 3556
Performance test message 3557
Performance test message 3558
Performance test message 3559
Performance test message 3560
Performance test message 3561
Performance test message 3562
Performance test message 3563
Performance test message 3564
Performance test message 3565
Performance test message 3566
Performance test message 3567
Performance test message 3568
Performance test message 3569
Performance test message 3570
Performance test message 3571
Performance test message 3572
Performance test message 3573
Performance test message 3574
Performance test message 3575
Performance test message 3576
Performance test message 3577
Performance test message 3578
Performance test message 3579
Performance test message 3580
Performance test message 3581
Performance test message 3582
Performance test message 3583
Performance test message 3584
Performance test message 3585
Performance test message 3586
Performance test message 3587
Performance test message 3588
Performance test message 3589
Performance test message 3590
Performance test message 3591
Performance test message 3592
Performance test message 3593
Performance test message 3594
Performance test message 3595
Performance test message 3596
Performance test message 3597
Performance test message 3598
Performance test message 3599
Performance test message 3600
Performance test message 3601
Performance test message 3602
Performance test message 3603
Performance test message 3604
Performance test message 3605
Performance test message 3606
Performance test message 3607
Performance test message 3608
Performance test message 3609
Performance test message 3610
Performance test message 3611
Performance test message 3612
Performance test message 3613
Performance test message 3614
Performance test message 3615
Performance test message 3616
Performance test message 3617
Performance test message 3618
Performance test message 3619
Performance test message 3620
Performance test message 3621
Performance test message 3622
Performance test message 3623
Performance test message 3624
Performance test message 3625
Performance test message 3626
Performance test message 3627
Performance test message 3628
Performance test message 3629
Performance test message 3630
Performance test message 3631
Performance test message 3632
Performance test message 3633
Performance test message 3634
Performance test message 3635
Performance test message 3636
Performance test message 3637
Performance test message 3638
Performance test message 3639
Performance test message 3640
Performance test message 3641
Performance test message 3642
Performance test message 3643
Performance test message 3644
Performance test message 3645
Performance test message 3646
Performance test message 3647
Performance test message 3648
Performance test message 3649
Performance test message 3650
Performance test message 3651
Performance test message 3652
Performance test message 3653
Performance test message 3654
Performance test message 3655
Performance test message 3656
Performance test message 3657
Performance test message 3658
Performance test message 3659
Performance test message 3660
Performance test message 3661
Performance test message 3662
Performance test message 3663
Performance test message 3664
Performance test message 3665
Performance test message 3666
Performance test message 3667
Performance test message 3668
Performance test message 3669
Performance test message 3670
Performance test message 3671
Performance test message 3672
Performance test message 3673
Performance test message 3674
Performance test message 3675
Performance test message 3676
Performance test message 3677
Performance test message 3678
Performance test message 3679
Performance test message 3680
Performance test message 3681
Performance test message 3682
Performance test message 3683
Performance test message 3684
Performance test message 3685
Performance test message 3686
Performance test message 3687
Performance test message 3688
Performance test message 3689
Performance test message 3690
Performance test message 3691
Performance test message 3692
Performance test message 3693
Performance test message 3694
Performance test message 3695
Performance test message 3696
Performance test message 3697
Performance test message 3698
Performance test message 3699
Performance test message 3700
Performance test message 3701
Performance test message 3702
Performance test message 3703
Performance test message 3704
Performance test message 3705
Performance test message 3706
Performance test message 3707
Performance test message 3708
Performance test message 3709
Performance test message 3710
Performance test message 3711
Performance test message 3712
Performance test message 3713
Performance test message 3714
Performance test message 3715
Performance test message 3716
Performance test message 3717
Performance test message 3718
Performance test message 3719
Performance test message 3720
Performance test message 3721
Performance test message 3722
Performance test message 3723
Performance test message 3724
Performance test message 3725
Performance test message 3726
Performance test message 3727
Performance test message 3728
Performance test message 3729
Performance test message 3730
Performance test message 3731
Performance test message 3732
Performance test message 3733
Performance test message 3734
Performance test message 3735
Performance test message 3736
Performance test message 3737
Performance test message 3738
Performance test message 3739
Performance test message 3740
Performance test message 3741
Performance test message 3742
Performance test message 3743
Performance test message 3744
Performance test message 3745
Performance test message 3746
Performance test message 3747
Performance test message 3748
Performance test message 3749
Performance test message 3750
Performance test message 3751
Performance test message 3752
Performance test message 3753
Performance test message 3754
Performance test message 3755
Performance test message 3756
Performance test message 3757
Performance test message 3758
Performance test message 3759
Performance test message 3760
Performance test message 3761
Performance test message 3762
Performance test message 3763
Performance test message 3764
Performance test message 3765
Performance test message 3766
Performance test message 3767
Performance test message 3768
Performance test message 3769
Performance test message 3770
Performance test message 3771
Performance test message 3772
Performance test message 3773
Performance test message 3774
Performance test message 3775
Performance test message 3776
Performance test message 3777
Performance test message 3778
Performance test message 3779
Performance test message 3780
Performance test message 3781
Performance test message 3782
Performance test message 3783
Performance test message 3784
Performance test message 3785
Performance test message 3786
Performance test message 3787
Performance test message 3788
Performance test message 3789
Performance test message 3790
Performance test message 3791
Performance test message 3792
Performance test message 3793
Performance test message 3794
Performance test message 3795
Performance test message 3796
Performance test message 3797
Performance test message 3798
Performance test message 3799
Performance test message 3800
Performance test message 3801
Performance test message 3802
Performance test message 3803
Performance test message 3804
Performance test message 3805
Performance test message 3806
Performance test message 3807
Performance test message 3808
Performance test message 3809
Performance test message 3810
Performance test message 3811
Performance test message 3812
Performance test message 3813
Performance test message 3814
Performance test message 3815
Performance test message 3816
Performance test message 3817
Performance test message 3818
Performance test message 3819
Performance test message 3820
Performance test message 3821
Performance test message 3822
Performance test message 3823
Performance test message 3824
Performance test message 3825
Performance test message 3826
Performance test message 3827
Performance test message 3828
Performance test message 3829
Performance test message 3830
Performance test message 3831
Performance test message 3832
Performance test message 3833
Performance test message 3834
Performance test message 3835
Performance test message 3836
Performance test message 3837
Performance test message 3838
Performance test message 3839
Performance test message 3840
Performance test message 3841
Performance test message 3842
Performance test message 3843
Performance test message 3844
Performance test message 3845
Performance test message 3846
Performance test message 3847
Performance test message 3848
Performance test message 3849
Performance test message 3850
Performance test message 3851
Performance test message 3852
Performance test message 3853
Performance test message 3854
Performance test message 3855
Performance test message 3856
Performance test message 3857
Performance test message 3858
Performance test message 3859
Performance test message 3860
Performance test message 3861
Performance test message 3862
Performance test message 3863
Performance test message 3864
Performance test message 3865
Performance test message 3866
Performance test message 3867
Performance test message 3868
Performance test message 3869
Performance test message 3870
Performance test message 3871
Performance test message 3872
Performance test message 3873
Performance test message 3874
Performance test message 3875
Performance test message 3876
Performance test message 3877
Performance test message 3878
Performance test message 3879
Performance test message 3880
Performance test message 3881
Performance test message 3882
Performance test message 3883
Performance test message 3884
Performance test message 3885
Performance test message 3886
Performance test message 3887
Performance test message 3888
Performance test message 3889
Performance test message 3890
Performance test message 3891
Performance test message 3892
Performance test message 3893
Performance test message 3894
Performance test message 3895
Performance test message 3896
Performance test message 3897
Performance test message 3898
Performance test message 3899
Performance test message 3900
Performance test message 3901
Performance test message 3902
Performance test message 3903
Performance test message 3904
Performance test message 3905
Performance test message 3906
Performance test message 3907
Performance test message 3908
Performance test message 3909
Performance test message 3910
Performance test message 3911
Performance test message 3912
Performance test message 3913
Performance test message 3914
Performance test message 3915
Performance test message 3916
Performance test message 3917
Performance test message 3918
Performance test message 3919
Performance test message 3920
Performance test message 3921
Performance test message 3922
Performance test message 3923
Performance test message 3924
Performance test message 3925
Performance test message 3926
Performance test message 3927
Performance test message 3928
Performance test message 3929
Performance test message 3930
Performance test message 3931
Performance test message 3932
Performance test message 3933
Performance test message 3934
Performance test message 3935
Performance test message 3936
Performance test message 3937
Performance test message 3938
Performance test message 3939
Performance test message 3940
Performance test message 3941
Performance test message 3942
Performance test message 3943
Performance test message 3944
Performance test message 3945
Performance test message 3946
Performance test message 3947
Performance test message 3948
Performance test message 3949
Performance test message 3950
Performance test message 3951
Performance test message 3952
Performance test message 3953
Performance test message 3954
Performance test message 3955
Performance test message 3956
Performance test message 3957
Performance test message 3958
Performance test message 3959
Performance test message 3960
Performance test message 3961
Performance test message 3962
Performance test message 3963
Performance test message 3964
Performance test message 3965
Performance test message 3966
Performance test message 3967
Performance test message 3968
Performance test message 3969
Performance test message 3970
Performance test message 3971
Performance test message 3972
Performance test message 3973
Performance test message 3974
Performance test message 3975
Performance test message 3976
Performance test message 3977
Performance test message 3978
Performance test message 3979
Performance test message 3980
Performance test message 3981
Performance test message 3982
Performance test message 3983
Performance test message 3984
Performance test message 3985
Performance test message 3986
Performance test message 3987
Performance test message 3988
Performance test message 3989
Performance test message 3990
Performance test message 3991
Performance test message 3992
Performance test message 3993
Performance test message 3994
Performance test message 3995
Performance test message 3996
Performance test message 3997
Performance test message 3998
Performance test message 3999
Performance test message 4000
Performance test message 4001
Performance test message 4002
Performance test message 4003
Performance test message 4004
Performance test message 4005
Performance test message 4006
Performance test message 4007
Performance test message 4008
Performance test message 4009
Performance test message 4010
Performance test message 4011
Performance test message 4012
Performance test message 4013
Performance test message 4014
Performance test message 4015
Performance test message 4016
Performance test message 4017
Performance test message 4018
Performance test message 4019
Performance test message 4020
Performance test message 4021
Performance test message 4022
Performance test message 4023
Performance test message 4024
Performance test message 4025
Performance test message 4026
Performance test message 4027
Performance test message 4028
Performance test message 4029
Performance test message 4030
Performance test message 4031
Performance test message 4032
Performance test message 4033
Performance test message 4034
Performance test message 4035
Performance test message 4036
Performance test message 4037
Performance test message 4038
Performance test message 4039
Performance test message 4040
Performance test message 4041
Performance test message 4042
Performance test message 4043
Performance test message 4044
Performance test message 4045
Performance test message 4046
Performance test message 4047
Performance test message 4048
Performance test message 4049
Performance test message 4050
Performance test message 4051
Performance test message 4052
Performance test message 4053
Performance test message 4054
Performance test message 4055
Performance test message 4056
Performance test message 4057
Performance test message 4058
Performance test message 4059
Performance test message 4060
Performance test message 4061
Performance test message 4062
Performance test message 4063
Performance test message 4064
Performance test message 4065
Performance test message 4066
Performance test message 4067
Performance test message 4068
Performance test message 4069
Performance test message 4070
Performance test message 4071
Performance test message 4072
Performance test message 4073
Performance test message 4074
Performance test message 4075
Performance test message 4076
Performance test message 4077
Performance test message 4078
Performance test message 4079
Performance test message 4080
Performance test message 4081
Performance test message 4082
Performance test message 4083
Performance test message 4084
Performance test message 4085
Performance test message 4086
Performance test message 4087
Performance test message 4088
Performance test message 4089
Performance test message 4090
Performance test message 4091
Performance test message 4092
Performance test message 4093
Performance test message 4094
Performance test message 4095
Performance test message 4096
Performance test message 4097
Performance test message 4098
Performance test message 4099
Performance test message 4100
Performance test message 4101
Performance test message 4102
Performance test message 4103
Performance test message 4104
Performance test message 4105
Performance test message 4106
Performance test message 4107
Performance test message 4108
Performance test message 4109
Performance test message 4110
Performance test message 4111
Performance test message 4112
Performance test message 4113
Performance test message 4114
Performance test message 4115
Performance test message 4116
Performance test message 4117
Performance test message 4118
Performance test message 4119
Performance test message 4120
Performance test message 4121
Performance test message 4122
Performance test message 4123
Performance test message 4124
Performance test message 4125
Performance test message 4126
Performance test message 4127
Performance test message 4128
Performance test message 4129
Performance test message 4130
Performance test message 4131
Performance test message 4132
Performance test message 4133
Performance test message 4134
Performance test message 4135
Performance test message 4136
Performance test message 4137
Performance test message 4138
Performance test message 4139
Performance test message 4140
Performance test message 4141
Performance test message 4142
Performance test message 4143
Performance test message 4144
Performance test message 4145
Performance test message 4146
Performance test message 4147
Performance test message 4148
Performance test message 4149
Performance test message 4150
Performance test message 4151
Performance test message 4152
Performance test message 4153
Performance test message 4154
Performance test message 4155
Performance test message 4156
Performance test message 4157
Performance test message 4158
Performance test message 4159
Performance test message 4160
Performance test message 4161
Performance test message 4162
Performance test message 4163
Performance test message 4164
Performance test message 4165
Performance test message 4166
Performance test message 4167
Performance test message 4168
Performance test message 4169
Performance test message 4170
Performance test message 4171
Performance test message 4172
Performance test message 4173
Performance test message 4174
Performance test message 4175
Performance test message 4176
Performance test message 4177
Performance test message 4178
Performance test message 4179
Performance test message 4180
Performance test message 4181
Performance test message 4182
Performance test message 4183
Performance test message 4184
Performance test message 4185
Performance test message 4186
Performance test message 4187
Performance test message 4188
Performance test message 4189
Performance test message 4190
Performance test message 4191
Performance test message 4192
Performance test message 4193
Performance test message 4194
Performance test message 4195
Performance test message 4196
Performance test message 4197
Performance test message 4198
Performance test message 4199
Performance test message 4200
Performance test message 4201
Performance test message 4202
Performance test message 4203
Performance test message 4204
Performance test message 4205
Performance test message 4206
Performance test message 4207
Performance test message 4208
Performance test message 4209
Performance test message 4210
Performance test message 4211
Performance test message 4212
Performance test message 4213
Performance test message 4214
Performance test message 4215
Performance test message 4216
Performance test message 4217
Performance test message 4218
Performance test message 4219
Performance test message 4220
Performance test message 4221
Performance test message 4222
Performance test message 4223
Performance test message 4224
Performance test message 4225
Performance test message 4226
Performance test message 4227
Performance test message 4228
Performance test message 4229
Performance test message 4230
Performance test message 4231
Performance test message 4232
Performance test message 4233
Performance test message 4234
Performance test message 4235
Performance test message 4236
Performance test message 4237
Performance test message 4238
Performance test message 4239
Performance test message 4240
Performance test message 4241
Performance test message 4242
Performance test message 4243
Performance test message 4244
Performance test message 4245
Performance test message 4246
Performance test message 4247
Performance test message 4248
Performance test message 4249
Performance test message 4250
Performance test message 4251
Performance test message 4252
Performance test message 4253
Performance test message 4254
Performance test message 4255
Performance test message 4256
Performance test message 4257
Performance test message 4258
Performance test message 4259
Performance test message 4260
Performance test message 4261
Performance test message 4262
Performance test message 4263
Performance test message 4264
Performance test message 4265
Performance test message 4266
Performance test message 4267
Performance test message 4268
Performance test message 4269
Performance test message 4270
Performance test message 4271
Performance test message 4272
Performance test message 4273
Performance test message 4274
Performance test message 4275
Performance test message 4276
Performance test message 4277
Performance test message 4278
Performance test message 4279
Performance test message 4280
Performance test message 4281
Performance test message 4282
Performance test message 4283
Performance test message 4284
Performance test message 4285
Performance test message 4286
Performance test message 4287
Performance test message 4288
Performance test message 4289
Performance test message 4290
Performance test message 4291
Performance test message 4292
Performance test message 4293
Performance test message 4294
Performance test message 4295
Performance test message 4296
Performance test message 4297
Performance test message 4298
Performance test message 4299
Performance test message 4300
Performance test message 4301
Performance test message 4302
Performance test message 4303
Performance test message 4304
Performance test message 4305
Performance test message 4306
Performance test message 4307
Performance test message 4308
Performance test message 4309
Performance test message 4310
Performance test message 4311
Performance test message 4312
Performance test message 4313
Performance test message 4314
Performance test message 4315
Performance test message 4316
Performance test message 4317
Performance test message 4318
Performance test message 4319
Performance test message 4320
Performance test message 4321
Performance test message 4322
Performance test message 4323
Performance test message 4324
Performance test message 4325
Performance test message 4326
Performance test message 4327
Performance test message 4328
Performance test message 4329
Performance test message 4330
Performance test message 4331
Performance test message 4332
Performance test message 4333
Performance test message 4334
Performance test message 4335
Performance test message 4336
Performance test message 4337
Performance test message 4338
Performance test message 4339
Performance test message 4340
Performance test message 4341
Performance test message 4342
Performance test message 4343
Performance test message 4344
Performance test message 4345
Performance test message 4346
Performance test message 4347
Performance test message 4348
Performance test message 4349
Performance test message 4350
Performance test message 4351
Performance test message 4352
Performance test message 4353
Performance test message 4354
Performance test message 4355
Performance test message 4356
Performance test message 4357
Performance test message 4358
Performance test message 4359
Performance test message 4360
Performance test message 4361
Performance test message 4362
Performance test message 4363
Performance test message 4364
Performance test message 4365
Performance test message 4366
Performance test message 4367
Performance test message 4368
Performance test message 4369
Performance test message 4370
Performance test message 4371
Performance test message 4372
Performance test message 4373
Performance test message 4374
Performance test message 4375
Performance test message 4376
Performance test message 4377
Performance test message 4378
Performance test message 4379
Performance test message 4380
Performance test message 4381
Performance test message 4382
Performance test message 4383
Performance test message 4384
Performance test message 4385
Performance test message 4386
Performance test message 4387
Performance test message 4388
Performance test message 4389
Performance test message 4390
Performance test message 4391
Performance test message 4392
Performance test message 4393
Performance test message 4394
Performance test message 4395
Performance test message 4396
Performance test message 4397
Performance test message 4398
Performance test message 4399
Performance test message 4400
Performance test message 4401
Performance test message 4402
Performance test message 4403
Performance test message 4404
Performance test message 4405
Performance test message 4406
Performance test message 4407
Performance test message 4408
Performance test message 4409
Performance test message 4410
Performance test message 4411
Performance test message 4412
Performance test message 4413
Performance test message 4414
Performance test message 4415
Performance test message 4416
Performance test message 4417
Performance test message 4418
Performance test message 4419
Performance test message 4420
Performance test message 4421
Performance test message 4422
Performance test message 4423
Performance test message 4424
Performance test message 4425
Performance test message 4426
Performance test message 4427
Performance test message 4428
Performance test message 4429
Performance test message 4430
Performance test message 4431
Performance test message 4432
Performance test message 4433
Performance test message 4434
Performance test message 4435
Performance test message 4436
Performance test message 4437
Performance test message 4438
Performance test message 4439
Performance test message 4440
Performance test message 4441
Performance test message 4442
Performance test message 4443
Performance test message 4444
Performance test message 4445
Performance test message 4446
Performance test message 4447
Performance test message 4448
Performance test message 4449
Performance test message 4450
Performance test message 4451
Performance test message 4452
Performance test message 4453
Performance test message 4454
Performance test message 4455
Performance test message 4456
Performance test message 4457
Performance test message 4458
Performance test message 4459
Performance test message 4460
Performance test message 4461
Performance test message 4462
Performance test message 4463
Performance test message 4464
Performance test message 4465
Performance test message 4466
Performance test message 4467
Performance test message 4468
Performance test message 4469
Performance test message 4470
Performance test message 4471
Performance test message 4472
Performance test message 4473
Performance test message 4474
Performance test message 4475
Performance test message 4476
Performance test message 4477
Performance test message 4478
Performance test message 4479
Performance test message 4480
Performance test message 4481
Performance test message 4482
Performance test message 4483
Performance test message 4484
Performance test message 4485
Performance test message 4486
Performance test message 4487
Performance test message 4488
Performance test message 4489
Performance test message 4490
Performance test message 4491
Performance test message 4492
Performance test message 4493
Performance test message 4494
Performance test message 4495
Performance test message 4496
Performance test message 4497
Performance test message 4498
Performance test message 4499
Performance test message 4500
Performance test message 4501
Performance test message 4502
Performance test message 4503
Performance test message 4504
Performance test message 4505
Performance test message 4506
Performance test message 4507
Performance test message 4508
Performance test message 4509
Performance test message 4510
Performance test message 4511
Performance test message 4512
Performance test message 4513
Performance test message 4514
Performance test message 4515
Performance test message 4516
Performance test message 4517
Performance test message 4518
Performance test message 4519
Performance test message 4520
Performance test message 4521
Performance test message 4522
Performance test message 4523
Performance test message 4524
Performance test message 4525
Performance test message 4526
Performance test message 4527
Performance test message 4528
Performance test message 4529
Performance test message 4530
Performance test message 4531
Performance test message 4532
Performance test message 4533
Performance test message 4534
Performance test message 4535
Performance test message 4536
Performance test message 4537
Performance test message 4538
Performance test message 4539
Performance test message 4540
Performance test message 4541
Performance test message 4542
Performance test message 4543
Performance test message 4544
Performance test message 4545
Performance test message 4546
Performance test message 4547
Performance test message 4548
Performance test message 4549
Performance test message 4550
Performance test message 4551
Performance test message 4552
Performance test message 4553
Performance test message 4554
Performance test message 4555
Performance test message 4556
Performance test message 4557
Performance test message 4558
Performance test message 4559
Performance test message 4560
Performance test message 4561
Performance test message 4562
Performance test message 4563
Performance test message 4564
Performance test message 4565
Performance test message 4566
Performance test message 4567
Performance test message 4568
Performance test message 4569
Performance test message 4570
Performance test message 4571
Performance test message 4572
Performance test message 4573
Performance test message 4574
Performance test message 4575
Performance test message 4576
Performance test message 4577
Performance test message 4578
Performance test message 4579
Performance test message 4580
Performance test message 4581
Performance test message 4582
Performance test message 4583
Performance test message 4584
Performance test message 4585
Performance test message 4586
Performance test message 4587
Performance test message 4588
Performance test message 4589
Performance test message 4590
Performance test message 4591
Performance test message 4592
Performance test message 4593
Performance test message 4594
Performance test message 4595
Performance test message 4596
Performance test message 4597
Performance test message 4598
Performance test message 4599
Performance test message 4600
Performance test message 4601
Performance test message 4602
Performance test message 4603
Performance test message 4604
Performance test message 4605
Performance test message 4606
Performance test message 4607
Performance test message 4608
Performance test message 4609
Performance test message 4610
Performance test message 4611
Performance test message 4612
Performance test message 4613
Performance test message 4614
Performance test message 4615
Performance test message 4616
Performance test message 4617
Performance test message 4618
Performance test message 4619
Performance test message 4620
Performance test message 4621
Performance test message 4622
Performance test message 4623
Performance test message 4624
Performance test message 4625
Performance test message 4626
Performance test message 4627
Performance test message 4628
Performance test message 4629
Performance test message 4630
Performance test message 4631
Performance test message 4632
Performance test message 4633
Performance test message 4634
Performance test message 4635
Performance test message 4636
Performance test message 4637
Performance test message 4638
Performance test message 4639
Performance test message 4640
Performance test message 4641
Performance test message 4642
Performance test message 4643
Performance test message 4644
Performance test message 4645
Performance test message 4646
Performance test message 4647
Performance test message 4648
Performance test message 4649
Performance test message 4650
Performance test message 4651
Performance test message 4652
Performance test message 4653
Performance test message 4654
Performance test message 4655
Performance test message 4656
Performance test message 4657
Performance test message 4658
Performance test message 4659
Performance test message 4660
Performance test message 4661
Performance test message 4662
Performance test message 4663
Performance test message 4664
Performance test message 4665
Performance test message 4666
Performance test message 4667
Performance test message 4668
Performance test message 4669
Performance test message 4670
Performance test message 4671
Performance test message 4672
Performance test message 4673
Performance test message 4674
Performance test message 4675
Performance test message 4676
Performance test message 4677
Performance test message 4678
Performance test message 4679
Performance test message 4680
Performance test message 4681
Performance test message 4682
Performance test message 4683
Performance test message 4684
Performance test message 4685
Performance test message 4686
Performance test message 4687
Performance test message 4688
Performance test message 4689
Performance test message 4690
Performance test message 4691
Performance test message 4692
Performance test message 4693
Performance test message 4694
Performance test message 4695
Performance test message 4696
Performance test message 4697
Performance test message 4698
Performance test message 4699
Performance test message 4700
Performance test message 4701
Performance test message 4702
Performance test message 4703
Performance test message 4704
Performance test message 4705
Performance test message 4706
Performance test message 4707
Performance test message 4708
Performance test message 4709
Performance test message 4710
Performance test message 4711
Performance test message 4712
Performance test message 4713
Performance test message 4714
Performance test message 4715
Performance test message 4716
Performance test message 4717
Performance test message 4718
Performance test message 4719
Performance test message 4720
Performance test message 4721
Performance test message 4722
Performance test message 4723
Performance test message 4724
Performance test message 4725
Performance test message 4726
Performance test message 4727
Performance test message 4728
Performance test message 4729
Performance test message 4730
Performance test message 4731
Performance test message 4732
Performance test message 4733
Performance test message 4734
Performance test message 4735
Performance test message 4736
Performance test message 4737
Performance test message 4738
Performance test message 4739
Performance test message 4740
Performance test message 4741
Performance test message 4742
Performance test message 4743
Performance test message 4744
Performance test message 4745
Performance test message 4746
Performance test message 4747
Performance test message 4748
Performance test message 4749
Performance test message 4750
Performance test message 4751
Performance test message 4752
Performance test message 4753
Performance test message 4754
Performance test message 4755
Performance test message 4756
Performance test message 4757
Performance test message 4758
Performance test message 4759
Performance test message 4760
Performance test message 4761
Performance test message 4762
Performance test message 4763
Performance test message 4764
Performance test message 4765
Performance test message 4766
Performance test message 4767
Performance test message 4768
Performance test message 4769
Performance test message 4770
Performance test message 4771
Performance test message 4772
Performance test message 4773
Performance test message 4774
Performance test message 4775
Performance test message 4776
Performance test message 4777
Performance test message 4778
Performance test message 4779
Performance test message 4780
Performance test message 4781
Performance test message 4782
Performance test message 4783
Performance test message 4784
Performance test message 4785
Performance test message 4786
Performance test message 4787
Performance test message 4788
Performance test message 4789
Performance test message 4790
Performance test message 4791
Performance test message 4792
Performance test message 4793
Performance test message 4794
Performance test message 4795
Performance test message 4796
Performance test message 4797
Performance test message 4798
Performance test message 4799
Performance test message 4800
Performance test message 4801
Performance test message 4802
Performance test message 4803
Performance test message 4804
Performance test message 4805
Performance test message 4806
Performance test message 4807
Performance test message 4808
Performance test message 4809
Performance test message 4810
Performance test message 4811
Performance test message 4812
Performance test message 4813
Performance test message 4814
Performance test message 4815
Performance test message 4816
Performance test message 4817
Performance test message 4818
Performance test message 4819
Performance test message 4820
Performance test message 4821
Performance test message 4822
Performance test message 4823
Performance test message 4824
Performance test message 4825
Performance test message 4826
Performance test message 4827
Performance test message 4828
Performance test message 4829
Performance test message 4830
Performance test message 4831
Performance test message 4832
Performance test message 4833
Performance test message 4834
Performance test message 4835
Performance test message 4836
Performance test message 4837
Performance test message 4838
Performance test message 4839
Performance test message 4840
Performance test message 4841
Performance test message 4842
Performance test message 4843
Performance test message 4844
Performance test message 4845
Performance test message 4846
Performance test message 4847
Performance test message 4848
Performance test message 4849
Performance test message 4850
Performance test message 4851
Performance test message 4852
Performance test message 4853
Performance test message 4854
Performance test message 4855
Performance test message 4856
Performance test message 4857
Performance test message 4858
Performance test message 4859
Performance test message 4860
Performance test message 4861
Performance test message 4862
Performance test message 4863
Performance test message 4864
Performance test message 4865
Performance test message 4866
Performance test message 4867
Performance test message 4868
Performance test message 4869
Performance test message 4870
Performance test message 4871
Performance test message 4872
Performance test message 4873
Performance test message 4874
Performance test message 4875
Performance test message 4876
Performance test message 4877
Performance test message 4878
Performance test message 4879
Performance test message 4880
Performance test message 4881
Performance test message 4882
Performance test message 4883
Performance test message 4884
Performance test message 4885
Performance test message 4886
Performance test message 4887
Performance test message 4888
Performance test message 4889
Performance test message 4890
Performance test message 4891
Performance test message 4892
Performance test message 4893
Performance test message 4894
Performance test message 4895
Performance test message 4896
Performance test message 4897
Performance test message 4898
Performance test message 4899
Performance test message 4900
Performance test message 4901
Performance test message 4902
Performance test message 4903
Performance test message 4904
Performance test message 4905
Performance test message 4906
Performance test message 4907
Performance test message 4908
Performance test message 4909
Performance test message 4910
Performance test message 4911
Performance test message 4912
Performance test message 4913
Performance test message 4914
Performance test message 4915
Performance test message 4916
Performance test message 4917
Performance test message 4918
Performance test message 4919
Performance test message 4920
Performance test message 4921
Performance test message 4922
Performance test message 4923
Performance test message 4924
Performance test message 4925
Performance test message 4926
Performance test message 4927
Performance test message 4928
Performance test message 4929
Performance test message 4930
Performance test message 4931
Performance test message 4932
Performance test message 4933
Performance test message 4934
Performance test message 4935
Performance test message 4936
Performance test message 4937
Performance test message 4938
Performance test message 4939
Performance test message 4940
Performance test message 4941
Performance test message 4942
Performance test message 4943
Performance test message 4944
Performance test message 4945
Performance test message 4946
Performance test message 4947
Performance test message 4948
Performance test message 4949
Performance test message 4950
Performance test message 4951
Performance test message 4952
Performance test message 4953
Performance test message 4954
Performance test message 4955
Performance test message 4956
Performance test message 4957
Performance test message 4958
Performance test message 4959
Performance test message 4960
Performance test message 4961
Performance test message 4962
Performance test message 4963
Performance test message 4964
Performance test message 4965
Performance test message 4966
Performance test message 4967
Performance test message 4968
Performance test message 4969
Performance test message 4970
Performance test message 4971
Performance test message 4972
Performance test message 4973
Performance test message 4974
Performance test message 4975
Performance test message 4976
Performance test message 4977
Performance test message 4978
Performance test message 4979
Performance test message 4980
Performance test message 4981
Performance test message 4982
Performance test message 4983
Performance test message 4984
Performance test message 4985
Performance test message 4986
Performance test message 4987
Performance test message 4988
Performance test message 4989
Performance test message 4990
Performance test message 4991
Performance test message 4992
Performance test message 4993
Performance test message 4994
Performance test message 4995
Performance test message 4996
Performance test message 4997
Performance test message 4998
Performance test message 4999
Performance test message 5000
Performance test message 5001
Performance test message 5002
Performance test message 5003
Performance test message 5004
Performance test message 5005
Performance test message 5006
Performance test message 5007
Performance test message 5008
Performance test message 5009
Performance test message 5010
Performance test message 5011
Performance test message 5012
Performance test message 5013
Performance test message 5014
Performance test message 5015
Performance test message 5016
Performance test message 5017
Performance test message 5018
Performance test message 5019
Performance test message 5020
Performance test message 5021
Performance test message 5022
Performance test message 5023
Performance test message 5024
Performance test message 5025
Performance test message 5026
Performance test message 5027
Performance test message 5028
Performance test message 5029
Performance test message 5030
Performance test message 5031
Performance test message 5032
Performance test message 5033
Performance test message 5034
Performance test message 5035
Performance test message 5036
Performance test message 5037
Performance test message 5038
Performance test message 5039
Performance test message 5040
Performance test message 5041
Performance test message 5042
Performance test message 5043
Performance test message 5044
Performance test message 5045
Performance test message 5046
Performance test message 5047
Performance test message 5048
Performance test message 5049
Performance test message 5050
Performance test message 5051
Performance test message 5052
Performance test message 5053
Performance test message 5054
Performance test message 5055
Performance test message 5056
Performance test message 5057
Performance test message 5058
Performance test message 5059
Performance test message 5060
Performance test message 5061
Performance test message 5062
Performance test message 5063
Performance test message 5064
Performance test message 5065
Performance test message 5066
Performance test message 5067
Performance test message 5068
Performance test message 5069
Performance test message 5070
Performance test message 5071
Performance test message 5072
Performance test message 5073
Performance test message 5074
Performance test message 5075
Performance test message 5076
Performance test message 5077
Performance test message 5078
Performance test message 5079
Performance test message 5080
Performance test message 5081
Performance test message 5082
Performance test message 5083
Performance test message 5084
Performance test message 5085
Performance test message 5086
Performance test message 5087
Performance test message 5088
Performance test message 5089
Performance test message 5090
Performance test message 5091
Performance test message 5092
Performance test message 5093
Performance test message 5094
Performance test message 5095
Performance test message 5096
Performance test message 5097
Performance test message 5098
Performance test message 5099
Performance test message 5100
Performance test message 5101
Performance test message 5102
Performance test message 5103
Performance test message 5104
Performance test message 5105
Performance test message 5106
Performance test message 5107
Performance test message 5108
Performance test message 5109
Performance test message 5110
Performance test message 5111
Performance test message 5112
Performance test message 5113
Performance test message 5114
Performance test message 5115
Performance test message 5116
Performance test message 5117
Performance test message 5118
Performance test message 5119
Performance test message 5120
Performance test message 5121
Performance test message 5122
Performance test message 5123
Performance test message 5124
Performance test message 5125
Performance test message 5126
Performance test message 5127
Performance test message 5128
Performance test message 5129
Performance test message 5130
Performance test message 5131
Performance test message 5132
Performance test message 5133
Performance test message 5134
Performance test message 5135
Performance test message 5136
Performance test message 5137
Performance test message 5138
Performance test message 5139
Performance test message 5140
Performance test message 5141
Performance test message 5142
Performance test message 5143
Performance test message 5144
Performance test message 5145
Performance test message 5146
Performance test message 5147
Performance test message 5148
Performance test message 5149
Performance test message 5150
Performance test message 5151
Performance test message 5152
Performance test message 5153
Performance test message 5154
Performance test message 5155
Performance test message 5156
Performance test message 5157
Performance test message 5158
Performance test message 5159
Performance test message 5160
Performance test message 5161
Performance test message 5162
Performance test message 5163
Performance test message 5164
Performance test message 5165
Performance test message 5166
Performance test message 5167
Performance test message 5168
Performance test message 5169
Performance test message 5170
Performance test message 5171
Performance test message 5172
Performance test message 5173
Performance test message 5174
Performance test message 5175
Performance test message 5176
Performance test message 5177
Performance test message 5178
Performance test message 5179
Performance test message 5180
Performance test message 5181
Performance test message 5182
Performance test message 5183
Performance test message 5184
Performance test message 5185
Performance test message 5186
Performance test message 5187
Performance test message 5188
Performance test message 5189
Performance test message 5190
Performance test message 5191
Performance test message 5192
Performance test message 5193
Performance test message 5194
Performance test message 5195
Performance test message 5196
Performance test message 5197
Performance test message 5198
Performance test message 5199
Performance test message 5200
Performance test message 5201
Performance test message 5202
Performance test message 5203
Performance test message 5204
Performance test message 5205
Performance test message 5206
Performance test message 5207
Performance test message 5208
Performance test message 5209
Performance test message 5210
Performance test message 5211
Performance test message 5212
Performance test message 5213
Performance test message 5214
Performance test message 5215
Performance test message 5216
Performance test message 5217
Performance test message 5218
Performance test message 5219
Performance test message 5220
Performance test message 5221
Performance test message 5222
Performance test message 5223
Performance test message 5224
Performance test message 5225
Performance test message 5226
Performance test message 5227
Performance test message 5228
Performance test message 5229
Performance test message 5230
Performance test message 5231
Performance test message 5232
Performance test message 5233
Performance test message 5234
Performance test message 5235
Performance test message 5236
Performance test message 5237
Performance test message 5238
Performance test message 5239
Performance test message 5240
Performance test message 5241
Performance test message 5242
Performance test message 5243
Performance test message 5244
Performance test message 5245
Performance test message 5246
Performance test message 5247
Performance test message 5248
Performance test message 5249
Performance test message 5250
Performance test message 5251
Performance test message 5252
Performance test message 5253
Performance test message 5254
Performance test message 5255
Performance test message 5256
Performance test message 5257
Performance test message 5258
Performance test message 5259
Performance test message 5260
Performance test message 5261
Performance test message 5262
Performance test message 5263
Performance test message 5264
Performance test message 5265
Performance test message 5266
Performance test message 5267
Performance test message 5268
Performance test message 5269
Performance test message 5270
Performance test message 5271
Performance test message 5272
Performance test message 5273
Performance test message 5274
Performance test message 5275
Performance test message 5276
Performance test message 5277
Performance test message 5278
Performance test message 5279
Performance test message 5280
Performance test message 5281
Performance test message 5282
Performance test message 5283
Performance test message 5284
Performance test message 5285
Performance test message 5286
Performance test message 5287
Performance test message 5288
Performance test message 5289
Performance test message 5290
Performance test message 5291
Performance test message 5292
Performance test message 5293
Performance test message 5294
Performance test message 5295
Performance test message 5296
Performance test message 5297
Performance test message 5298
Performance test message 5299
Performance test message 5300
Performance test message 5301
Performance test message 5302
Performance test message 5303
Performance test message 5304
Performance test message 5305
Performance test message 5306
Performance test message 5307
Performance test message 5308
Performance test message 5309
Performance test message 5310
Performance test message 5311
Performance test message 5312
Performance test message 5313
Performance test message 5314
Performance test message 5315
Performance test message 5316
Performance test message 5317
Performance test message 5318
Performance test message 5319
Performance test message 5320
Performance test message 5321
Performance test message 5322
Performance test message 5323
Performance test message 5324
Performance test message 5325
Performance test message 5326
Performance test message 5327
Performance test message 5328
Performance test message 5329
Performance test message 5330
Performance test message 5331
Performance test message 5332
Performance test message 5333
Performance test message 5334
Performance test message 5335
Performance test message 5336
Performance test message 5337
Performance test message 5338
Performance test message 5339
Performance test message 5340
Performance test message 5341
Performance test message 5342
Performance test message 5343
Performance test message 5344
Performance test message 5345
Performance test message 5346
Performance test message 5347
Performance test message 5348
Performance test message 5349
Performance test message 5350
Performance test message 5351
Performance test message 5352
Performance test message 5353
Performance test message 5354
Performance test message 5355
Performance test message 5356
Performance test message 5357
Performance test message 5358
Performance test message 5359
Performance test message 5360
Performance test message 5361
Performance test message 5362
Performance test message 5363
Performance test message 5364
Performance test message 5365
Performance test message 5366
Performance test message 5367
Performance test message 5368
Performance test message 5369
Performance test message 5370
Performance test message 5371
Performance test message 5372
Performance test message 5373
Performance test message 5374
Performance test message 5375
Performance test message 5376
Performance test message 5377
Performance test message 5378
Performance test message 5379
Performance test message 5380
Performance test message 5381
Performance test message 5382
Performance test message 5383
Performance test message 5384
Performance test message 5385
Performance test message 5386
Performance test message 5387
Performance test message 5388
Performance test message 5389
Performance test message 5390
Performance test message 5391
Performance test message 5392
Performance test message 5393
Performance test message 5394
Performance test message 5395
Performance test message 5396
Performance test message 5397
Performance test message 5398
Performance test message 5399
Performance test message 5400
Performance test message 5401
Performance test message 5402
Performance test message 5403
Performance test message 5404
Performance test message 5405
Performance test message 5406
Performance test message 5407
Performance test message 5408
Performance test message 5409
Performance test message 5410
Performance test message 5411
Performance test message 5412
Performance test message 5413
Performance test message 5414
Performance test message 5415
Performance test message 5416
Performance test message 5417
Performance test message 5418
Performance test message 5419
Performance test message 5420
Performance test message 5421
Performance test message 5422
Performance test message 5423
Performance test message 5424
Performance test message 5425
Performance test message 5426
Performance test message 5427
Performance test message 5428
Performance test message 5429
Performance test message 5430
Performance test message 5431
Performance test message 5432
Performance test message 5433
Performance test message 5434
Performance test message 5435
Performance test message 5436
Performance test message 5437
Performance test message 5438
Performance test message 5439
Performance test message 5440
Performance test message 5441
Performance test message 5442
Performance test message 5443
Performance test message 5444
Performance test message 5445
Performance test message 5446
Performance test message 5447
Performance test message 5448
Performance test message 5449
Performance test message 5450
Performance test message 5451
Performance test message 5452
Performance test message 5453
Performance test message 5454
Performance test message 5455
Performance test message 5456
Performance test message 5457
Performance test message 5458
Performance test message 5459
Performance test message 5460
Performance test message 5461
Performance test message 5462
Performance test message 5463
Performance test message 5464
Performance test message 5465
Performance test message 5466
Performance test message 5467
Performance test message 5468
Performance test message 5469
Performance test message 5470
Performance test message 5471
Performance test message 5472
Performance test message 5473
Performance test message 5474
Performance test message 5475
Performance test message 5476
Performance test message 5477
Performance test message 5478
Performance test message 5479
Performance test message 5480
Performance test message 5481
Performance test message 5482
Performance test message 5483
Performance test message 5484
Performance test message 5485
Performance test message 5486
Performance test message 5487
Performance test message 5488
Performance test message 5489
Performance test message 5490
Performance test message 5491
Performance test message 5492
Performance test message 5493
Performance test message 5494
Performance test message 5495
Performance test message 5496
Performance test message 5497
Performance test message 5498
Performance test message 5499
Performance test message 5500
Performance test message 5501
Performance test message 5502
Performance test message 5503
Performance test message 5504
Performance test message 5505
Performance test message 5506
Performance test message 5507
Performance test message 5508
Performance test message 5509
Performance test message 5510
Performance test message 5511
Performance test message 5512
Performance test message 5513
Performance test message 5514
Performance test message 5515
Performance test message 5516
Performance test message 5517
Performance test message 5518
Performance test message 5519
Performance test message 5520
Performance test message 5521
Performance test message 5522
Performance test message 5523
Performance test message 5524
Performance test message 5525
Performance test message 5526
Performance test message 5527
Performance test message 5528
Performance test message 5529
Performance test message 5530
Performance test message 5531
Performance test message 5532
Performance test message 5533
Performance test message 5534
Performance test message 5535
Performance test message 5536
Performance test message 5537
Performance test message 5538
Performance test message 5539
Performance test message 5540
Performance test message 5541
Performance test message 5542
Performance test message 5543
Performance test message 5544
Performance test message 5545
Performance test message 5546
Performance test message 5547
Performance test message 5548
Performance test message 5549
Performance test message 5550
Performance test message 5551
Performance test message 5552
Performance test message 5553
Performance test message 5554
Performance test message 5555
Performance test message 5556
Performance test message 5557
Performance test message 5558
Performance test message 5559
Performance test message 5560
Performance test message 5561
Performance test message 5562
Performance test message 5563
Performance test message 5564
Performance test message 5565
Performance test message 5566
Performance test message 5567
Performance test message 5568
Performance test message 5569
Performance test message 5570
Performance test message 5571
Performance test message 5572
Performance test message 5573
Performance test message 5574
Performance test message 5575
Performance test message 5576
Performance test message 5577
Performance test message 5578
Performance test message 5579
Performance test message 5580
Performance test message 5581
Performance test message 5582
Performance test message 5583
Performance test message 5584
Performance test message 5585
Performance test message 5586
Performance test message 5587
Performance test message 5588
Performance test message 5589
Performance test message 5590
Performance test message 5591
Performance test message 5592
Performance test message 5593
Performance test message 5594
Performance test message 5595
Performance test message 5596
Performance test message 5597
Performance test message 5598
Performance test message 5599
Performance test message 5600
Performance test message 5601
Performance test message 5602
Performance test message 5603
Performance test message 5604
Performance test message 5605
Performance test message 5606
Performance test message 5607
Performance test message 5608
Performance test message 5609
Performance test message 5610
Performance test message 5611
Performance test message 5612
Performance test message 5613
Performance test message 5614
Performance test message 5615
Performance test message 5616
Performance test message 5617
Performance test message 5618
Performance test message 5619
Performance test message 5620
Performance test message 5621
Performance test message 5622
Performance test message 5623
Performance test message 5624
Performance test message 5625
Performance test message 5626
Performance test message 5627
Performance test message 5628
Performance test message 5629
Performance test message 5630
Performance test message 5631
Performance test message 5632
Performance test message 5633
Performance test message 5634
Performance test message 5635
Performance test message 5636
Performance test message 5637
Performance test message 5638
Performance test message 5639
Performance test message 5640
Performance test message 5641
Performance test message 5642
Performance test message 5643
Performance test message 5644
Performance test message 5645
Performance test message 5646
Performance test message 5647
Performance test message 5648
Performance test message 5649
Performance test message 5650
Performance test message 5651
Performance test message 5652
Performance test message 5653
Performance test message 5654
Performance test message 5655
Performance test message 5656
Performance test message 5657
Performance test message 5658
Performance test message 5659
Performance test message 5660
Performance test message 5661
Performance test message 5662
Performance test message 5663
Performance test message 5664
Performance test message 5665
Performance test message 5666
Performance test message 5667
Performance test message 5668
Performance test message 5669
Performance test message 5670
Performance test message 5671
Performance test message 5672
Performance test message 5673
Performance test message 5674
Performance test message 5675
Performance test message 5676
Performance test message 5677
Performance test message 5678
Performance test message 5679
Performance test message 5680
Performance test message 5681
Performance test message 5682
Performance test message 5683
Performance test message 5684
Performance test message 5685
Performance test message 5686
Performance test message 5687
Performance test message 5688
Performance test message 5689
Performance test message 5690
Performance test message 5691
Performance test message 5692
Performance test message 5693
Performance test message 5694
Performance test message 5695
Performance test message 5696
Performance test message 5697
Performance test message 5698
Performance test message 5699
Performance test message 5700
Performance test message 5701
Performance test message 5702
Performance test message 5703
Performance test message 5704
Performance test message 5705
Performance test message 5706
Performance test message 5707
Performance test message 5708
Performance test message 5709
Performance test message 5710
Performance test message 5711
Performance test message 5712
Performance test message 5713
Performance test message 5714
Performance test message 5715
Performance test message 5716
Performance test message 5717
Performance test message 5718
Performance test message 5719
Performance test message 5720
Performance test message 5721
Performance test message 5722
Performance test message 5723
Performance test message 5724
Performance test message 5725
Performance test message 5726
Performance test message 5727
Performance test message 5728
Performance test message 5729
Performance test message 5730
Performance test message 5731
Performance test message 5732
Performance test message 5733
Performance test message 5734
Performance test message 5735
Performance test message 5736
Performance test message 5737
Performance test message 5738
Performance test message 5739
Performance test message 5740
Performance test message 5741
Performance test message 5742
Performance test message 5743
Performance test message 5744
Performance test message 5745
Performance test message 5746
Performance test message 5747
Performance test message 5748
Performance test message 5749
Performance test message 5750
Performance test message 5751
Performance test message 5752
Performance test message 5753
Performance test message 5754
Performance test message 5755
Performance test message 5756
Performance test message 5757
Performance test message 5758
Performance test message 5759
Performance test message 5760
Performance test message 5761
Performance test message 5762
Performance test message 5763
Performance test message 5764
Performance test message 5765
Performance test message 5766
Performance test message 5767
Performance test message 5768
Performance test message 5769
Performance test message 5770
Performance test message 5771
Performance test message 5772
Performance test message 5773
Performance test message 5774
Performance test message 5775
Performance test message 5776
Performance test message 5777
Performance test message 5778
Performance test message 5779
Performance test message 5780
Performance test message 5781
Performance test message 5782
Performance test message 5783
Performance test message 5784
Performance test message 5785
Performance test message 5786
Performance test message 5787
Performance test message 5788
Performance test message 5789
Performance test message 5790
Performance test message 5791
Performance test message 5792
Performance test message 5793
Performance test message 5794
Performance test message 5795
Performance test message 5796
Performance test message 5797
Performance test message 5798
Performance test message 5799
Performance test message 5800
Performance test message 5801
Performance test message 5802
Performance test message 5803
Performance test message 5804
Performance test message 5805
Performance test message 5806
Performance test message 5807
Performance test message 5808
Performance test message 5809
Performance test message 5810
Performance test message 5811
Performance test message 5812
Performance test message 5813
Performance test message 5814
Performance test message 5815
Performance test message 5816
Performance test message 5817
Performance test message 5818
Performance test message 5819
Performance test message 5820
Performance test message 5821
Performance test message 5822
Performance test message 5823
Performance test message 5824
Performance test message 5825
Performance test message 5826
Performance test message 5827
Performance test message 5828
Performance test message 5829
Performance test message 5830
Performance test message 5831
Performance test message 5832
Performance test message 5833
Performance test message 5834
Performance test message 5835
Performance test message 5836
Performance test message 5837
Performance test message 5838
Performance test message 5839
Performance test message 5840
Performance test message 5841
Performance test message 5842
Performance test message 5843
Performance test message 5844
Performance test message 5845
Performance test message 5846
Performance test message 5847
Performance test message 5848
Performance test message 5849
Performance test message 5850
Performance test message 5851
Performance test message 5852
Performance test message 5853
Performance test message 5854
Performance test message 5855
Performance test message 5856
Performance test message 5857
Performance test message 5858
Performance test message 5859
Performance test message 5860
Performance test message 5861
Performance test message 5862
Performance test message 5863
Performance test message 5864
Performance test message 5865
Performance test message 5866
Performance test message 5867
Performance test message 5868
Performance test message 5869
Performance test message 5870
Performance test message 5871
Performance test message 5872
Performance test message 5873
Performance test message 5874
Performance test message 5875
Performance test message 5876
Performance test message 5877
Performance test message 5878
Performance test message 5879
Performance test message 5880
Performance test message 5881
Performance test message 5882
Performance test message 5883
Performance test message 5884
Performance test message 5885
Performance test message 5886
Performance test message 5887
Performance test message 5888
Performance test message 5889
Performance test message 5890
Performance test message 5891
Performance test message 5892
Performance test message 5893
Performance test message 5894
Performance test message 5895
Performance test message 5896
Performance test message 5897
Performance test message 5898
Performance test message 5899
Performance test message 5900
Performance test message 5901
Performance test message 5902
Performance test message 5903
Performance test message 5904
Performance test message 5905
Performance test message 5906
Performance test message 5907
Performance test message 5908
Performance test message 5909
Performance test message 5910
Performance test message 5911
Performance test message 5912
Performance test message 5913
Performance test message 5914
Performance test message 5915
Performance test message 5916
Performance test message 5917
Performance test message 5918
Performance test message 5919
Performance test message 5920
Performance test message 5921
Performance test message 5922
Performance test message 5923
Performance test message 5924
Performance test message 5925
Performance test message 5926
Performance test message 5927
Performance test message 5928
Performance test message 5929
Performance test message 5930
Performance test message 5931
Performance test message 5932
Performance test message 5933
Performance test message 5934
Performance test message 5935
Performance test message 5936
Performance test message 5937
Performance test message 5938
Performance test message 5939
Performance test message 5940
Performance test message 5941
Performance test message 5942
Performance test message 5943
Performance test message 5944
Performance test message 5945
Performance test message 5946
Performance test message 5947
Performance test message 5948
Performance test message 5949
Performance test message 5950
Performance test message 5951
Performance test message 5952
Performance test message 5953
Performance test message 5954
Performance test message 5955
Performance test message 5956
Performance test message 5957
Performance test message 5958
Performance test message 5959
Performance test message 5960
Performance test message 5961
Performance test message 5962
Performance test message 5963
Performance test message 5964
Performance test message 5965
Performance test message 5966
Performance test message 5967
Performance test message 5968
Performance test message 5969
Performance test message 5970
Performance test message 5971
Performance test message 5972
Performance test message 5973
Performance test message 5974
Performance test message 5975
Performance test message 5976
Performance test message 5977
Performance test message 5978
Performance test message 5979
Performance test message 5980
Performance test message 5981
Performance test message 5982
Performance test message 5983
Performance test message 5984
Performance test message 5985
Performance test message 5986
Performance test message 5987
Performance test message 5988
Performance test message 5989
Performance test message 5990
Performance test message 5991
Performance test message 5992
Performance test message 5993
Performance test message 5994
Performance test message 5995
Performance test message 5996
Performance test message 5997
Performance test message 5998
Performance test message 5999
Performance test message 6000
Performance test message 6001
Performance test message 6002
Performance test message 6003
Performance test message 6004
Performance test message 6005
Performance test message 6006
Performance test message 6007
Performance test message 6008
Performance test message 6009
Performance test message 6010
Performance test message 6011
Performance test message 6012
Performance test message 6013
Performance test message 6014
Performance test message 6015
Performance test message 6016
Performance test message 6017
Performance test message 6018
Performance test message 6019
Performance test message 6020
Performance test message 6021
Performance test message 6022
Performance test message 6023
Performance test message 6024
Performance test message 6025
Performance test message 6026
Performance test message 6027
Performance test message 6028
Performance test message 6029
Performance test message 6030
Performance test message 6031
Performance test message 6032
Performance test message 6033
Performance test message 6034
Performance test message 6035
Performance test message 6036
Performance test message 6037
Performance test message 6038
Performance test message 6039
Performance test message 6040
Performance test message 6041
Performance test message 6042
Performance test message 6043
Performance test message 6044
Performance test message 6045
Performance test message 6046
Performance test message 6047
Performance test message 6048
Performance test message 6049
Performance test message 6050
Performance test message 6051
Performance test message 6052
Performance test message 6053
Performance test message 6054
Performance test message 6055
Performance test message 6056
Performance test message 6057
Performance test message 6058
Performance test message 6059
Performance test message 6060
Performance test message 6061
Performance test message 6062
Performance test message 6063
Performance test message 6064
Performance test message 6065
Performance test message 6066
Performance test message 6067
Performance test message 6068
Performance test message 6069
Performance test message 6070
Performance test message 6071
Performance test message 6072
Performance test message 6073
Performance test message 6074
Performance test message 6075
Performance test message 6076
Performance test message 6077
Performance test message 6078
Performance test message 6079
Performance test message 6080
Performance test message 6081
Performance test message 6082
Performance test message 6083
Performance test message 6084
Performance test message 6085
Performance test message 6086
Performance test message 6087
Performance test message 6088
Performance test message 6089
Performance test message 6090
Performance test message 6091
Performance test message 6092
Performance test message 6093
Performance test message 6094
Performance test message 6095
Performance test message 6096
Performance test message 6097
Performance test message 6098
Performance test message 6099
Performance test message 6100
Performance test message 6101
Performance test message 6102
Performance test message 6103
Performance test message 6104
Performance test message 6105
Performance test message 6106
Performance test message 6107
Performance test message 6108
Performance test message 6109
Performance test message 6110
Performance test message 6111
Performance test message 6112
Performance test message 6113
Performance test message 6114
Performance test message 6115
Performance test message 6116
Performance test message 6117
Performance test message 6118
Performance test message 6119
Performance test message 6120
Performance test message 6121
Performance test message 6122
Performance test message 6123
Performance test message 6124
Performance test message 6125
Performance test message 6126
Performance test message 6127
Performance test message 6128
Performance test message 6129
Performance test message 6130
Performance test message 6131
Performance test message 6132
Performance test message 6133
Performance test message 6134
Performance test message 6135
Performance test message 6136
Performance test message 6137
Performance test message 6138
Performance test message 6139
Performance test message 6140
Performance test message 6141
Performance test message 6142
Performance test message 6143
Performance test message 6144
Performance test message 6145
Performance test message 6146
Performance test message 6147
Performance test message 6148
Performance test message 6149
Performance test message 6150
Performance test message 6151
Performance test message 6152
Performance test message 6153
Performance test message 6154
Performance test message 6155
Performance test message 6156
Performance test message 6157
Performance test message 6158
Performance test message 6159
Performance test message 6160
Performance test message 6161
Performance test message 6162
Performance test message 6163
Performance test message 6164
Performance test message 6165
Performance test message 6166
Performance test message 6167
Performance test message 6168
Performance test message 6169
Performance test message 6170
Performance test message 6171
Performance test message 6172
Performance test message 6173
Performance test message 6174
Performance test message 6175
Performance test message 6176
Performance test message 6177
Performance test message 6178
Performance test message 6179
Performance test message 6180
Performance test message 6181
Performance test message 6182
Performance test message 6183
Performance test message 6184
Performance test message 6185
Performance test message 6186
Performance test message 6187
Performance test message 6188
Performance test message 6189
Performance test message 6190
Performance test message 6191
Performance test message 6192
Performance test message 6193
Performance test message 6194
Performance test message 6195
Performance test message 6196
Performance test message 6197
Performance test message 6198
Performance test message 6199
Performance test message 6200
Performance test message 6201
Performance test message 6202
Performance test message 6203
Performance test message 6204
Performance test message 6205
Performance test message 6206
Performance test message 6207
Performance test message 6208
Performance test message 6209
Performance test message 6210
Performance test message 6211
Performance test message 6212
Performance test message 6213
Performance test message 6214
Performance test message 6215
Performance test message 6216
Performance test message 6217
Performance test message 6218
Performance test message 6219
Performance test message 6220
Performance test message 6221
Performance test message 6222
Performance test message 6223
Performance test message 6224
Performance test message 6225
Performance test message 6226
Performance test message 6227
Performance test message 6228
Performance test message 6229
Performance test message 6230
Performance test message 6231
Performance test message 6232
Performance test message 6233
Performance test message 6234
Performance test message 6235
Performance test message 6236
Performance test message 6237
Performance test message 6238
Performance test message 6239
Performance test message 6240
Performance test message 6241
Performance test message 6242
Performance test message 6243
Performance test message 6244
Performance test message 6245
Performance test message 6246
Performance test message 6247
Performance test message 6248
Performance test message 6249
Performance test message 6250
Performance test message 6251
Performance test message 6252
Performance test message 6253
Performance test message 6254
Performance test message 6255
Performance test message 6256
Performance test message 6257
Performance test message 6258
Performance test message 6259
Performance test message 6260
Performance test message 6261
Performance test message 6262
Performance test message 6263
Performance test message 6264
Performance test message 6265
Performance test message 6266
Performance test message 6267
Performance test message 6268
Performance test message 6269
Performance test message 6270
Performance test message 6271
Performance test message 6272
Performance test message 6273
Performance test message 6274
Performance test message 6275
Performance test message 6276
Performance test message 6277
Performance test message 6278
Performance test message 6279
Performance test message 6280
Performance test message 6281
Performance test message 6282
Performance test message 6283
Performance test message 6284
Performance test message 6285
Performance test message 6286
Performance test message 6287
Performance test message 6288
Performance test message 6289
Performance test message 6290
Performance test message 6291
Performance test message 6292
Performance test message 6293
Performance test message 6294
Performance test message 6295
Performance test message 6296
Performance test message 6297
Performance test message 6298
Performance test message 6299
Performance test message 6300
Performance test message 6301
Performance test message 6302
Performance test message 6303
Performance test message 6304
Performance test message 6305
Performance test message 6306
Performance test message 6307
Performance test message 6308
Performance test message 6309
Performance test message 6310
Performance test message 6311
Performance test message 6312
Performance test message 6313
Performance test message 6314
Performance test message 6315
Performance test message 6316
Performance test message 6317
Performance test message 6318
Performance test message 6319
Performance test message 6320
Performance test message 6321
Performance test message 6322
Performance test message 6323
Performance test message 6324
Performance test message 6325
Performance test message 6326
Performance test message 6327
Performance test message 6328
Performance test message 6329
Performance test message 6330
Performance test message 6331
Performance test message 6332
Performance test message 6333
Performance test message 6334
Performance test message 6335
Performance test message 6336
Performance test message 6337
Performance test message 6338
Performance test message 6339
Performance test message 6340
Performance test message 6341
Performance test message 6342
Performance test message 6343
Performance test message 6344
Performance test message 6345
Performance test message 6346
Performance test message 6347
Performance test message 6348
Performance test message 6349
Performance test message 6350
Performance test message 6351
Performance test message 6352
Performance test message 6353
Performance test message 6354
Performance test message 6355
Performance test message 6356
Performance test message 6357
Performance test message 6358
Performance test message 6359
Performance test message 6360
Performance test message 6361
Performance test message 6362
Performance test message 6363
Performance test message 6364
Performance test message 6365
Performance test message 6366
Performance test message 6367
Performance test message 6368
Performance test message 6369
Performance test message 6370
Performance test message 6371
Performance test message 6372
Performance test message 6373
Performance test message 6374
Performance test message 6375
Performance test message 6376
Performance test message 6377
Performance test message 6378
Performance test message 6379
Performance test message 6380
Performance test message 6381
Performance test message 6382
Performance test message 6383
Performance test message 6384
Performance test message 6385
Performance test message 6386
Performance test message 6387
Performance test message 6388
Performance test message 6389
Performance test message 6390
Performance test message 6391
Performance test message 6392
Performance test message 6393
Performance test message 6394
Performance test message 6395
Performance test message 6396
Performance test message 6397
Performance test message 6398
Performance test message 6399
Performance test message 6400
Performance test message 6401
Performance test message 6402
Performance test message 6403
Performance test message 6404
Performance test message 6405
Performance test message 6406
Performance test message 6407
Performance test message 6408
Performance test message 6409
Performance test message 6410
Performance test message 6411
Performance test message 6412
Performance test message 6413
Performance test message 6414
Performance test message 6415
Performance test message 6416
Performance test message 6417
Performance test message 6418
Performance test message 6419
Performance test message 6420
Performance test message 6421
Performance test message 6422
Performance test message 6423
Performance test message 6424
Performance test message 6425
Performance test message 6426
Performance test message 6427
Performance test message 6428
Performance test message 6429
Performance test message 6430
Performance test message 6431
Performance test message 6432
Performance test message 6433
Performance test message 6434
Performance test message 6435
Performance test message 6436
Performance test message 6437
Performance test message 6438
Performance test message 6439
Performance test message 6440
Performance test message 6441
Performance test message 6442
Performance test message 6443
Performance test message 6444
Performance test message 6445
Performance test message 6446
Performance test message 6447
Performance test message 6448
Performance test message 6449
Performance test message 6450
Performance test message 6451
Performance test message 6452
Performance test message 6453
Performance test message 6454
Performance test message 6455
Performance test message 6456
Performance test message 6457
Performance test message 6458
Performance test message 6459
Performance test message 6460
Performance test message 6461
Performance test message 6462
Performance test message 6463
Performance test message 6464
Performance test message 6465
Performance test message 6466
Performance test message 6467
Performance test message 6468
Performance test message 6469
Performance test message 6470
Performance test message 6471
Performance test message 6472
Performance test message 6473
Performance test message 6474
Performance test message 6475
Performance test message 6476
Performance test message 6477
Performance test message 6478
Performance test message 6479
Performance test message 6480
Performance test message 6481
Performance test message 6482
Performance test message 6483
Performance test message 6484
Performance test message 6485
Performance test message 6486
Performance test message 6487
Performance test message 6488
Performance test message 6489
Performance test message 6490
Performance test message 6491
Performance test message 6492
Performance test message 6493
Performance test message 6494
Performance test message 6495
Performance test message 6496
Performance test message 6497
Performance test message 6498
Performance test message 6499
Performance test message 6500
Performance test message 6501
Performance test message 6502
Performance test message 6503
Performance test message 6504
Performance test message 6505
Performance test message 6506
Performance test message 6507
Performance test message 6508
Performance test message 6509
Performance test message 6510
Performance test message 6511
Performance test message 6512
Performance test message 6513
Performance test message 6514
Performance test message 6515
Performance test message 6516
Performance test message 6517
Performance test message 6518
Performance test message 6519
Performance test message 6520
Performance test message 6521
Performance test message 6522
Performance test message 6523
Performance test message 6524
Performance test message 6525
Performance test message 6526
Performance test message 6527
Performance test message 6528
Performance test message 6529
Performance test message 6530
Performance test message 6531
Performance test message 6532
Performance test message 6533
Performance test message 6534
Performance test message 6535
Performance test message 6536
Performance test message 6537
Performance test message 6538
Performance test message 6539
Performance test message 6540
Performance test message 6541
Performance test message 6542
Performance test message 6543
Performance test message 6544
Performance test message 6545
Performance test message 6546
Performance test message 6547
Performance test message 6548
Performance test message 6549
Performance test message 6550
Performance test message 6551
Performance test message 6552
Performance test message 6553
Performance test message 6554
Performance test message 6555
Performance test message 6556
Performance test message 6557
Performance test message 6558
Performance test message 6559
Performance test message 6560
Performance test message 6561
Performance test message 6562
Performance test message 6563
Performance test message 6564
Performance test message 6565
Performance test message 6566
Performance test message 6567
Performance test message 6568
Performance test message 6569
Performance test message 6570
Performance test message 6571
Performance test message 6572
Performance test message 6573
Performance test message 6574
Performance test message 6575
Performance test message 6576
Performance test message 6577
Performance test message 6578
Performance test message 6579
Performance test message 6580
Performance test message 6581
Performance test message 6582
Performance test message 6583
Performance test message 6584
Performance test message 6585
Performance test message 6586
Performance test message 6587
Performance test message 6588
Performance test message 6589
Performance test message 6590
Performance test message 6591
Performance test message 6592
Performance test message 6593
Performance test message 6594
Performance test message 6595
Performance test message 6596
Performance test message 6597
Performance test message 6598
Performance test message 6599
Performance test message 6600
Performance test message 6601
Performance test message 6602
Performance test message 6603
Performance test message 6604
Performance test message 6605
Performance test message 6606
Performance test message 6607
Performance test message 6608
Performance test message 6609
Performance test message 6610
Performance test message 6611
Performance test message 6612
Performance test message 6613
Performance test message 6614
Performance test message 6615
Performance test message 6616
Performance test message 6617
Performance test message 6618
Performance test message 6619
Performance test message 6620
Performance test message 6621
Performance test message 6622
Performance test message 6623
Performance test message 6624
Performance test message 6625
Performance test message 6626
Performance test message 6627
Performance test message 6628
Performance test message 6629
Performance test message 6630
Performance test message 6631
Performance test message 6632
Performance test message 6633
Performance test message 6634
Performance test message 6635
Performance test message 6636
Performance test message 6637
Performance test message 6638
Performance test message 6639
Performance test message 6640
Performance test message 6641
Performance test message 6642
Performance test message 6643
Performance test message 6644
Performance test message 6645
Performance test message 6646
Performance test message 6647
Performance test message 6648
Performance test message 6649
Performance test message 6650
Performance test message 6651
Performance test message 6652
Performance test message 6653
Performance test message 6654
Performance test message 6655
Performance test message 6656
Performance test message 6657
Performance test message 6658
Performance test message 6659
Performance test message 6660
Performance test message 6661
Performance test message 6662
Performance test message 6663
Performance test message 6664
Performance test message 6665
Performance test message 6666
Performance test message 6667
Performance test message 6668
Performance test message 6669
Performance test message 6670
Performance test message 6671
Performance test message 6672
Performance test message 6673
Performance test message 6674
Performance test message 6675
Performance test message 6676
Performance test message 6677
Performance test message 6678
Performance test message 6679
Performance test message 6680
Performance test message 6681
Performance test message 6682
Performance test message 6683
Performance test message 6684
Performance test message 6685
Performance test message 6686
Performance test message 6687
Performance test message 6688
Performance test message 6689
Performance test message 6690
Performance test message 6691
Performance test message 6692
Performance test message 6693
Performance test message 6694
Performance test message 6695
Performance test message 6696
Performance test message 6697
Performance test message 6698
Performance test message 6699
Performance test message 6700
Performance test message 6701
Performance test message 6702
Performance test message 6703
Performance test message 6704
Performance test message 6705
Performance test message 6706
Performance test message 6707
Performance test message 6708
Performance test message 6709
Performance test message 6710
Performance test message 6711
Performance test message 6712
Performance test message 6713
Performance test message 6714
Performance test message 6715
Performance test message 6716
Performance test message 6717
Performance test message 6718
Performance test message 6719
Performance test message 6720
Performance test message 6721
Performance test message 6722
Performance test message 6723
Performance test message 6724
Performance test message 6725
Performance test message 6726
Performance test message 6727
Performance test message 6728
Performance test message 6729
Performance test message 6730
Performance test message 6731
Performance test message 6732
Performance test message 6733
Performance test message 6734
Performance test message 6735
Performance test message 6736
Performance test message 6737
Performance test message 6738
Performance test message 6739
Performance test message 6740
Performance test message 6741
Performance test message 6742
Performance test message 6743
Performance test message 6744
Performance test message 6745
Performance test message 6746
Performance test message 6747
Performance test message 6748
Performance test message 6749
Performance test message 6750
Performance test message 6751
Performance test message 6752
Performance test message 6753
Performance test message 6754
Performance test message 6755
Performance test message 6756
Performance test message 6757
Performance test message 6758
Performance test message 6759
Performance test message 6760
Performance test message 6761
Performance test message 6762
Performance test message 6763
Performance test message 6764
Performance test message 6765
Performance test message 6766
Performance test message 6767
Performance test message 6768
Performance test message 6769
Performance test message 6770
Performance test message 6771
Performance test message 6772
Performance test message 6773
Performance test message 6774
Performance test message 6775
Performance test message 6776
Performance test message 6777
Performance test message 6778
Performance test message 6779
Performance test message 6780
Performance test message 6781
Performance test message 6782
Performance test message 6783
Performance test message 6784
Performance test message 6785
Performance test message 6786
Performance test message 6787
Performance test message 6788
Performance test message 6789
Performance test message 6790
Performance test message 6791
Performance test message 6792
Performance test message 6793
Performance test message 6794
Performance test message 6795
Performance test message 6796
Performance test message 6797
Performance test message 6798
Performance test message 6799
Performance test message 6800
Performance test message 6801
Performance test message 6802
Performance test message 6803
Performance test message 6804
Performance test message 6805
Performance test message 6806
Performance test message 6807
Performance test message 6808
Performance test message 6809
Performance test message 6810
Performance test message 6811
Performance test message 6812
Performance test message 6813
Performance test message 6814
Performance test message 6815
Performance test message 6816
Performance test message 6817
Performance test message 6818
Performance test message 6819
Performance test message 6820
Performance test message 6821
Performance test message 6822
Performance test message 6823
Performance test message 6824
Performance test message 6825
Performance test message 6826
Performance test message 6827
Performance test message 6828
Performance test message 6829
Performance test message 6830
Performance test message 6831
Performance test message 6832
Performance test message 6833
Performance test message 6834
Performance test message 6835
Performance test message 6836
Performance test message 6837
Performance test message 6838
Performance test message 6839
Performance test message 6840
Performance test message 6841
Performance test message 6842
Performance test message 6843
Performance test message 6844
Performance test message 6845
Performance test message 6846
Performance test message 6847
Performance test message 6848
Performance test message 6849
Performance test message 6850
Performance test message 6851
Performance test message 6852
Performance test message 6853
Performance test message 6854
Performance test message 6855
Performance test message 6856
Performance test message 6857
Performance test message 6858
Performance test message 6859
Performance test message 6860
Performance test message 6861
Performance test message 6862
Performance test message 6863
Performance test message 6864
Performance test message 6865
Performance test message 6866
Performance test message 6867
Performance test message 6868
Performance test message 6869
Performance test message 6870
Performance test message 6871
Performance test message 6872
Performance test message 6873
Performance test message 6874
Performance test message 6875
Performance test message 6876
Performance test message 6877
Performance test message 6878
Performance test message 6879
Performance test message 6880
Performance test message 6881
Performance test message 6882
Performance test message 6883
Performance test message 6884
Performance test message 6885
Performance test message 6886
Performance test message 6887
Performance test message 6888
Performance test message 6889
Performance test message 6890
Performance test message 6891
Performance test message 6892
Performance test message 6893
Performance test message 6894
Performance test message 6895
Performance test message 6896
Performance test message 6897
Performance test message 6898
Performance test message 6899
Performance test message 6900
Performance test message 6901
Performance test message 6902
Performance test message 6903
Performance test message 6904
Performance test message 6905
Performance test message 6906
Performance test message 6907
Performance test message 6908
Performance test message 6909
Performance test message 6910
Performance test message 6911
Performance test message 6912
Performance test message 6913
Performance test message 6914
Performance test message 6915
Performance test message 6916
Performance test message 6917
Performance test message 6918
Performance test message 6919
Performance test message 6920
Performance test message 6921
Performance test message 6922
Performance test message 6923
Performance test message 6924
Performance test message 6925
Performance test message 6926
Performance test message 6927
Performance test message 6928
Performance test message 6929
Performance test message 6930
Performance test message 6931
Performance test message 6932
Performance test message 6933
Performance test message 6934
Performance test message 6935
Performance test message 6936
Performance test message 6937
Performance test message 6938
Performance test message 6939
Performance test message 6940
Performance test message 6941
Performance test message 6942
Performance test message 6943
Performance test message 6944
Performance test message 6945
Performance test message 6946
Performance test message 6947
Performance test message 6948
Performance test message 6949
Performance test message 6950
Performance test message 6951
Performance test message 6952
Performance test message 6953
Performance test message 6954
Performance test message 6955
Performance test message 6956
Performance test message 6957
Performance test message 6958
Performance test message 6959
Performance test message 6960
Performance test message 6961
Performance test message 6962
Performance test message 6963
Performance test message 6964
Performance test message 6965
Performance test message 6966
Performance test message 6967
Performance test message 6968
Performance test message 6969
Performance test message 6970
Performance test message 6971
Performance test message 6972
Performance test message 6973
Performance test message 6974
Performance test message 6975
Performance test message 6976
Performance test message 6977
Performance test message 6978
Performance test message 6979
Performance test message 6980
Performance test message 6981
Performance test message 6982
Performance test message 6983
Performance test message 6984
Performance test message 6985
Performance test message 6986
Performance test message 6987
Performance test message 6988
Performance test message 6989
Performance test message 6990
Performance test message 6991
Performance test message 6992
Performance test message 6993
Performance test message 6994
Performance test message 6995
Performance test message 6996
Performance test message 6997
Performance test message 6998
Performance test message 6999
Performance test message 7000
Performance test message 7001
Performance test message 7002
Performance test message 7003
Performance test message 7004
Performance test message 7005
Performance test message 7006
Performance test message 7007
Performance test message 7008
Performance test message 7009
Performance test message 7010
Performance test message 7011
Performance test message 7012
Performance test message 7013
Performance test message 7014
Performance test message 7015
Performance test message 7016
Performance test message 7017
Performance test message 7018
Performance test message 7019
Performance test message 7020
Performance test message 7021
Performance test message 7022
Performance test message 7023
Performance test message 7024
Performance test message 7025
Performance test message 7026
Performance test message 7027
Performance test message 7028
Performance test message 7029
Performance test message 7030
Performance test message 7031
Performance test message 7032
Performance test message 7033
Performance test message 7034
Performance test message 7035
Performance test message 7036
Performance test message 7037
Performance test message 7038
Performance test message 7039
Performance test message 7040
Performance test message 7041
Performance test message 7042
Performance test message 7043
Performance test message 7044
Performance test message 7045
Performance test message 7046
Performance test message 7047
Performance test message 7048
Performance test message 7049
Performance test message 7050
Performance test message 7051
Performance test message 7052
Performance test message 7053
Performance test message 7054
Performance test message 7055
Performance test message 7056
Performance test message 7057
Performance test message 7058
Performance test message 7059
Performance test message 7060
Performance test message 7061
Performance test message 7062
Performance test message 7063
Performance test message 7064
Performance test message 7065
Performance test message 7066
Performance test message 7067
Performance test message 7068
Performance test message 7069
Performance test message 7070
Performance test message 7071
Performance test message 7072
Performance test message 7073
Performance test message 7074
Performance test message 7075
Performance test message 7076
Performance test message 7077
Performance test message 7078
Performance test message 7079
Performance test message 7080
Performance test message 7081
Performance test message 7082
Performance test message 7083
Performance test message 7084
Performance test message 7085
Performance test message 7086
Performance test message 7087
Performance test message 7088
Performance test message 7089
Performance test message 7090
Performance test message 7091
Performance test message 7092
Performance test message 7093
Performance test message 7094
Performance test message 7095
Performance test message 7096
Performance test message 7097
Performance test message 7098
Performance test message 7099
Performance test message 7100
Performance test message 7101
Performance test message 7102
Performance test message 7103
Performance test message 7104
Performance test message 7105
Performance test message 7106
Performance test message 7107
Performance test message 7108
Performance test message 7109
Performance test message 7110
Performance test message 7111
Performance test message 7112
Performance test message 7113
Performance test message 7114
Performance test message 7115
Performance test message 7116
Performance test message 7117
Performance test message 7118
Performance test message 7119
Performance test message 7120
Performance test message 7121
Performance test message 7122
Performance test message 7123
Performance test message 7124
Performance test message 7125
Performance test message 7126
Performance test message 7127
Performance test message 7128
Performance test message 7129
Performance test message 7130
Performance test message 7131
Performance test message 7132
Performance test message 7133
Performance test message 7134
Performance test message 7135
Performance test message 7136
Performance test message 7137
Performance test message 7138
Performance test message 7139
Performance test message 7140
Performance test message 7141
Performance test message 7142
Performance test message 7143
Performance test message 7144
Performance test message 7145
Performance test message 7146
Performance test message 7147
Performance test message 7148
Performance test message 7149
Performance test message 7150
Performance test message 7151
Performance test message 7152
Performance test message 7153
Performance test message 7154
Performance test message 7155
Performance test message 7156
Performance test message 7157
Performance test message 7158
Performance test message 7159
Performance test message 7160
Performance test message 7161
Performance test message 7162
Performance test message 7163
Performance test message 7164
Performance test message 7165
Performance test message 7166
Performance test message 7167
Performance test message 7168
Performance test message 7169
Performance test message 7170
Performance test message 7171
Performance test message 7172
Performance test message 7173
Performance test message 7174
Performance test message 7175
Performance test message 7176
Performance test message 7177
Performance test message 7178
Performance test message 7179
Performance test message 7180
Performance test message 7181
Performance test message 7182
Performance test message 7183
Performance test message 7184
Performance test message 7185
Performance test message 7186
Performance test message 7187
Performance test message 7188
Performance test message 7189
Performance test message 7190
Performance test message 7191
Performance test message 7192
Performance test message 7193
Performance test message 7194
Performance test message 7195
Performance test message 7196
Performance test message 7197
Performance test message 7198
Performance test message 7199
Performance test message 7200
Performance test message 7201
Performance test message 7202
Performance test message 7203
Performance test message 7204
Performance test message 7205
Performance test message 7206
Performance test message 7207
Performance test message 7208
Performance test message 7209
Performance test message 7210
Performance test message 7211
Performance test message 7212
Performance test message 7213
Performance test message 7214
Performance test message 7215
Performance test message 7216
Performance test message 7217
Performance test message 7218
Performance test message 7219
Performance test message 7220
Performance test message 7221
Performance test message 7222
Performance test message 7223
Performance test message 7224
Performance test message 7225
Performance test message 7226
Performance test message 7227
Performance test message 7228
Performance test message 7229
Performance test message 7230
Performance test message 7231
Performance test message 7232
Performance test message 7233
Performance test message 7234
Performance test message 7235
Performance test message 7236
Performance test message 7237
Performance test message 7238
Performance test message 7239
Performance test message 7240
Performance test message 7241
Performance test message 7242
Performance test message 7243
Performance test message 7244
Performance test message 7245
Performance test message 7246
Performance test message 7247
Performance test message 7248
Performance test message 7249
Performance test message 7250
Performance test message 7251
Performance test message 7252
Performance test message 7253
Performance test message 7254
Performance test message 7255
Performance test message 7256
Performance test message 7257
Performance test message 7258
Performance test message 7259
Performance test message 7260
Performance test message 7261
Performance test message 7262
Performance test message 7263
Performance test message 7264
Performance test message 7265
Performance test message 7266
Performance test message 7267
Performance test message 7268
Performance test message 7269
Performance test message 7270
Performance test message 7271
Performance test message 7272
Performance test message 7273
Performance test message 7274
Performance test message 7275
Performance test message 7276
Performance test message 7277
Performance test message 7278
Performance test message 7279
Performance test message 7280
Performance test message 7281
Performance test message 7282
Performance test message 7283
Performance test message 7284
Performance test message 7285
Performance test message 7286
Performance test message 7287
Performance test message 7288
Performance test message 7289
Performance test message 7290
Performance test message 7291
Performance test message 7292
Performance test message 7293
Performance test message 7294
Performance test message 7295
Performance test message 7296
Performance test message 7297
Performance test message 7298
Performance test message 7299
Performance test message 7300
Performance test message 7301
Performance test message 7302
Performance test message 7303
Performance test message 7304
Performance test message 7305
Performance test message 7306
Performance test message 7307
Performance test message 7308
Performance test message 7309
Performance test message 7310
Performance test message 7311
Performance test message 7312
Performance test message 7313
Performance test message 7314
Performance test message 7315
Performance test message 7316
Performance test message 7317
Performance test message 7318
Performance test message 7319
Performance test message 7320
Performance test message 7321
Performance test message 7322
Performance test message 7323
Performance test message 7324
Performance test message 7325
Performance test message 7326
Performance test message 7327
Performance test message 7328
Performance test message 7329
Performance test message 7330
Performance test message 7331
Performance test message 7332
Performance test message 7333
Performance test message 7334
Performance test message 7335
Performance test message 7336
Performance test message 7337
Performance test message 7338
Performance test message 7339
Performance test message 7340
Performance test message 7341
Performance test message 7342
Performance test message 7343
Performance test message 7344
Performance test message 7345
Performance test message 7346
Performance test message 7347
Performance test message 7348
Performance test message 7349
Performance test message 7350
Performance test message 7351
Performance test message 7352
Performance test message 7353
Performance test message 7354
Performance test message 7355
Performance test message 7356
Performance test message 7357
Performance test message 7358
Performance test message 7359
Performance test message 7360
Performance test message 7361
Performance test message 7362
Performance test message 7363
Performance test message 7364
Performance test message 7365
Performance test message 7366
Performance test message 7367
Performance test message 7368
Performance test message 7369
Performance test message 7370
Performance test message 7371
Performance test message 7372
Performance test message 7373
Performance test message 7374
Performance test message 7375
Performance test message 7376
Performance test message 7377
Performance test message 7378
Performance test message 7379
Performance test message 7380
Performance test message 7381
Performance test message 7382
Performance test message 7383
Performance test message 7384
Performance test message 7385
Performance test message 7386
Performance test message 7387
Performance test message 7388
Performance test message 7389
Performance test message 7390
Performance test message 7391
Performance test message 7392
Performance test message 7393
Performance test message 7394
Performance test message 7395
Performance test message 7396
Performance test message 7397
Performance test message 7398
Performance test message 7399
Performance test message 7400
Performance test message 7401
Performance test message 7402
Performance test message 7403
Performance test message 7404
Performance test message 7405
Performance test message 7406
Performance test message 7407
Performance test message 7408
Performance test message 7409
Performance test message 7410
Performance test message 7411
Performance test message 7412
Performance test message 7413
Performance test message 7414
Performance test message 7415
Performance test message 7416
Performance test message 7417
Performance test message 7418
Performance test message 7419
Performance test message 7420
Performance test message 7421
Performance test message 7422
Performance test message 7423
Performance test message 7424
Performance test message 7425
Performance test message 7426
Performance test message 7427
Performance test message 7428
Performance test message 7429
Performance test message 7430
Performance test message 7431
Performance test message 7432
Performance test message 7433
Performance test message 7434
Performance test message 7435
Performance test message 7436
Performance test message 7437
Performance test message 7438
Performance test message 7439
Performance test message 7440
Performance test message 7441
Performance test message 7442
Performance test message 7443
Performance test message 7444
Performance test message 7445
Performance test message 7446
Performance test message 7447
Performance test message 7448
Performance test message 7449
Performance test message 7450
Performance test message 7451
Performance test message 7452
Performance test message 7453
Performance test message 7454
Performance test message 7455
Performance test message 7456
Performance test message 7457
Performance test message 7458
Performance test message 7459
Performance test message 7460
Performance test message 7461
Performance test message 7462
Performance test message 7463
Performance test message 7464
Performance test message 7465
Performance test message 7466
Performance test message 7467
Performance test message 7468
Performance test message 7469
Performance test message 7470
Performance test message 7471
Performance test message 7472
Performance test message 7473
Performance test message 7474
Performance test message 7475
Performance test message 7476
Performance test message 7477
Performance test message 7478
Performance test message 7479
Performance test message 7480
Performance test message 7481
Performance test message 7482
Performance test message 7483
Performance test message 7484
Performance test message 7485
Performance test message 7486
Performance test message 7487
Performance test message 7488
Performance test message 7489
Performance test message 7490
Performance test message 7491
Performance test message 7492
Performance test message 7493
Performance test message 7494
Performance test message 7495
Performance test message 7496
Performance test message 7497
Performance test message 7498
Performance test message 7499
Performance test message 7500
Performance test message 7501
Performance test message 7502
Performance test message 7503
Performance test message 7504
Performance test message 7505
Performance test message 7506
Performance test message 7507
Performance test message 7508
Performance test message 7509
Performance test message 7510
Performance test message 7511
Performance test message 7512
Performance test message 7513
Performance test message 7514
Performance test message 7515
Performance test message 7516
Performance test message 7517
Performance test message 7518
Performance test message 7519
Performance test message 7520
Performance test message 7521
Performance test message 7522
Performance test message 7523
Performance test message 7524
Performance test message 7525
Performance test message 7526
Performance test message 7527
Performance test message 7528
Performance test message 7529
Performance test message 7530
Performance test message 7531
Performance test message 7532
Performance test message 7533
Performance test message 7534
Performance test message 7535
Performance test message 7536
Performance test message 7537
Performance test message 7538
Performance test message 7539
Performance test message 7540
Performance test message 7541
Performance test message 7542
Performance test message 7543
Performance test message 7544
Performance test message 7545
Performance test message 7546
Performance test message 7547
Performance test message 7548
Performance test message 7549
Performance test message 7550
Performance test message 7551
Performance test message 7552
Performance test message 7553
Performance test message 7554
Performance test message 7555
Performance test message 7556
Performance test message 7557
Performance test message 7558
Performance test message 7559
Performance test message 7560
Performance test message 7561
Performance test message 7562
Performance test message 7563
Performance test message 7564
Performance test message 7565
Performance test message 7566
Performance test message 7567
Performance test message 7568
Performance test message 7569
Performance test message 7570
Performance test message 7571
Performance test message 7572
Performance test message 7573
Performance test message 7574
Performance test message 7575
Performance test message 7576
Performance test message 7577
Performance test message 7578
Performance test message 7579
Performance test message 7580
Performance test message 7581
Performance test message 7582
Performance test message 7583
Performance test message 7584
Performance test message 7585
Performance test message 7586
Performance test message 7587
Performance test message 7588
Performance test message 7589
Performance test message 7590
Performance test message 7591
Performance test message 7592
Performance test message 7593
Performance test message 7594
Performance test message 7595
Performance test message 7596
Performance test message 7597
Performance test message 7598
Performance test message 7599
Performance test message 7600
Performance test message 7601
Performance test message 7602
Performance test message 7603
Performance test message 7604
Performance test message 7605
Performance test message 7606
Performance test message 7607
Performance test message 7608
Performance test message 7609
Performance test message 7610
Performance test message 7611
Performance test message 7612
Performance test message 7613
Performance test message 7614
Performance test message 7615
Performance test message 7616
Performance test message 7617
Performance test message 7618
Performance test message 7619
Performance test message 7620
Performance test message 7621
Performance test message 7622
Performance test message 7623
Performance test message 7624
Performance test message 7625
Performance test message 7626
Performance test message 7627
Performance test message 7628
Performance test message 7629
Performance test message 7630
Performance test message 7631
Performance test message 7632
Performance test message 7633
Performance test message 7634
Performance test message 7635
Performance test message 7636
Performance test message 7637
Performance test message 7638
Performance test message 7639
Performance test message 7640
Performance test message 7641
Performance test message 7642
Performance test message 7643
Performance test message 7644
Performance test message 7645
Performance test message 7646
Performance test message 7647
Performance test message 7648
Performance test message 7649
Performance test message 7650
Performance test message 7651
Performance test message 7652
Performance test message 7653
Performance test message 7654
Performance test message 7655
Performance test message 7656
Performance test message 7657
Performance test message 7658
Performance test message 7659
Performance test message 7660
Performance test message 7661
Performance test message 7662
Performance test message 7663
Performance test message 7664
Performance test message 7665
Performance test message 7666
Performance test message 7667
Performance test message 7668
Performance test message 7669
Performance test message 7670
Performance test message 7671
Performance test message 7672
Performance test message 7673
Performance test message 7674
Performance test message 7675
Performance test message 7676
Performance test message 7677
Performance test message 7678
Performance test message 7679
Performance test message 7680
Performance test message 7681
Performance test message 7682
Performance test message 7683
Performance test message 7684
Performance test message 7685
Performance test message 7686
Performance test message 7687
Performance test message 7688
Performance test message 7689
Performance test message 7690
Performance test message 7691
Performance test message 7692
Performance test message 7693
Performance test message 7694
Performance test message 7695
Performance test message 7696
Performance test message 7697
Performance test message 7698
Performance test message 7699
Performance test message 7700
Performance test message 7701
Performance test message 7702
Performance test message 7703
Performance test message 7704
Performance test message 7705
Performance test message 7706
Performance test message 7707
Performance test message 7708
Performance test message 7709
Performance test message 7710
Performance test message 7711
Performance test message 7712
Performance test message 7713
Performance test message 7714
Performance test message 7715
Performance test message 7716
Performance test message 7717
Performance test message 7718
Performance test message 7719
Performance test message 7720
Performance test message 7721
Performance test message 7722
Performance test message 7723
Performance test message 7724
Performance test message 7725
Performance test message 7726
Performance test message 7727
Performance test message 7728
Performance test message 7729
Performance test message 7730
Performance test message 7731
Performance test message 7732
Performance test message 7733
Performance test message 7734
Performance test message 7735
Performance test message 7736
Performance test message 7737
Performance test message 7738
Performance test message 7739
Performance test message 7740
Performance test message 7741
Performance test message 7742
Performance test message 7743
Performance test message 7744
Performance test message 7745
Performance test message 7746
Performance test message 7747
Performance test message 7748
Performance test message 7749
Performance test message 7750
Performance test message 7751
Performance test message 7752
Performance test message 7753
Performance test message 7754
Performance test message 7755
Performance test message 7756
Performance test message 7757
Performance test message 7758
Performance test message 7759
Performance test message 7760
Performance test message 7761
Performance test message 7762
Performance test message 7763
Performance test message 7764
Performance test message 7765
Performance test message 7766
Performance test message 7767
Performance test message 7768
Performance test message 7769
Performance test message 7770
Performance test message 7771
Performance test message 7772
Performance test message 7773
Performance test message 7774
Performance test message 7775
Performance test message 7776
Performance test message 7777
Performance test message 7778
Performance test message 7779
Performance test message 7780
Performance test message 7781
Performance test message 7782
Performance test message 7783
Performance test message 7784
Performance test message 7785
Performance test message 7786
Performance test message 7787
Performance test message 7788
Performance test message 7789
Performance test message 7790
Performance test message 7791
Performance test message 7792
Performance test message 7793
Performance test message 7794
Performance test message 7795
Performance test message 7796
Performance test message 7797
Performance test message 7798
Performance test message 7799
Performance test message 7800
Performance test message 7801
Performance test message 7802
Performance test message 7803
Performance test message 7804
Performance test message 7805
Performance test message 7806
Performance test message 7807
Performance test message 7808
Performance test message 7809
Performance test message 7810
Performance test message 7811
Performance test message 7812
Performance test message 7813
Performance test message 7814
Performance test message 7815
Performance test message 7816
Performance test message 7817
Performance test message 7818
Performance test message 7819
Performance test message 7820
Performance test message 7821
Performance test message 7822
Performance test message 7823
Performance test message 7824
Performance test message 7825
Performance test message 7826
Performance test message 7827
Performance test message 7828
Performance test message 7829
Performance test message 7830
Performance test message 7831
Performance test message 7832
Performance test message 7833
Performance test message 7834
Performance test message 7835
Performance test message 7836
Performance test message 7837
Performance test message 7838
Performance test message 7839
Performance test message 7840
Performance test message 7841
Performance test message 7842
Performance test message 7843
Performance test message 7844
Performance test message 7845
Performance test message 7846
Performance test message 7847
Performance test message 7848
Performance test message 7849
Performance test message 7850
Performance test message 7851
Performance test message 7852
Performance test message 7853
Performance test message 7854
Performance test message 7855
Performance test message 7856
Performance test message 7857
Performance test message 7858
Performance test message 7859
Performance test message 7860
Performance test message 7861
Performance test message 7862
Performance test message 7863
Performance test message 7864
Performance test message 7865
Performance test message 7866
Performance test message 7867
Performance test message 7868
Performance test message 7869
Performance test message 7870
Performance test message 7871
Performance test message 7872
Performance test message 7873
Performance test message 7874
Performance test message 7875
Performance test message 7876
Performance test message 7877
Performance test message 7878
Performance test message 7879
Performance test message 7880
Performance test message 7881
Performance test message 7882
Performance test message 7883
Performance test message 7884
Performance test message 7885
Performance test message 7886
Performance test message 7887
Performance test message 7888
Performance test message 7889
Performance test message 7890
Performance test message 7891
Performance test message 7892
Performance test message 7893
Performance test message 7894
Performance test message 7895
Performance test message 7896
Performance test message 7897
Performance test message 7898
Performance test message 7899
Performance test message 7900
Performance test message 7901
Performance test message 7902
Performance test message 7903
Performance test message 7904
Performance test message 7905
Performance test message 7906
Performance test message 7907
Performance test message 7908
Performance test message 7909
Performance test message 7910
Performance test message 7911
Performance test message 7912
Performance test message 7913
Performance test message 7914
Performance test message 7915
Performance test message 7916
Performance test message 7917
Performance test message 7918
Performance test message 7919
Performance test message 7920
Performance test message 7921
Performance test message 7922
Performance test message 7923
Performance test message 7924
Performance test message 7925
Performance test message 7926
Performance test message 7927
Performance test message 7928
Performance test message 7929
Performance test message 7930
Performance test message 7931
Performance test message 7932
Performance test message 7933
Performance test message 7934
Performance test message 7935
Performance test message 7936
Performance test message 7937
Performance test message 7938
Performance test message 7939
Performance test message 7940
Performance test message 7941
Performance test message 7942
Performance test message 7943
Performance test message 7944
Performance test message 7945
Performance test message 7946
Performance test message 7947
Performance test message 7948
Performance test message 7949
Performance test message 7950
Performance test message 7951
Performance test message 7952
Performance test message 7953
Performance test message 7954
Performance test message 7955
Performance test message 7956
Performance test message 7957
Performance test message 7958
Performance test message 7959
Performance test message 7960
Performance test message 7961
Performance test message 7962
Performance test message 7963
Performance test message 7964
Performance test message 7965
Performance test message 7966
Performance test message 7967
Performance test message 7968
Performance test message 7969
Performance test message 7970
Performance test message 7971
Performance test message 7972
Performance test message 7973
Performance test message 7974
Performance test message 7975
Performance test message 7976
Performance test message 7977
Performance test message 7978
Performance test message 7979
Performance test message 7980
Performance test message 7981
Performance test message 7982
Performance test message 7983
Performance test message 7984
Performance test message 7985
Performance test message 7986
Performance test message 7987
Performance test message 7988
Performance test message 7989
Performance test message 7990
Performance test message 7991
Performance test message 7992
Performance test message 7993
Performance test message 7994
Performance test message 7995
Performance test message 7996
Performance test message 7997
Performance test message 7998
Performance test message 7999
Performance test message 8000
Performance test message 8001
Performance test message 8002
Performance test message 8003
Performance test message 8004
Performance test message 8005
Performance test message 8006
Performance test message 8007
Performance test message 8008
Performance test message 8009
Performance test message 8010
Performance test message 8011
Performance test message 8012
Performance test message 8013
Performance test message 8014
Performance test message 8015
Performance test message 8016
Performance test message 8017
Performance test message 8018
Performance test message 8019
Performance test message 8020
Performance test message 8021
Performance test message 8022
Performance test message 8023
Performance test message 8024
Performance test message 8025
Performance test message 8026
Performance test message 8027
Performance test message 8028
Performance test message 8029
Performance test message 8030
Performance test message 8031
Performance test message 8032
Performance test message 8033
Performance test message 8034
Performance test message 8035
Performance test message 8036
Performance test message 8037
Performance test message 8038
Performance test message 8039
Performance test message 8040
Performance test message 8041
Performance test message 8042
Performance test message 8043
Performance test message 8044
Performance test message 8045
Performance test message 8046
Performance test message 8047
Performance test message 8048
Performance test message 8049
Performance test message 8050
Performance test message 8051
Performance test message 8052
Performance test message 8053
Performance test message 8054
Performance test message 8055
Performance test message 8056
Performance test message 8057
Performance test message 8058
Performance test message 8059
Performance test message 8060
Performance test message 8061
Performance test message 8062
Performance test message 8063
Performance test message 8064
Performance test message 8065
Performance test message 8066
Performance test message 8067
Performance test message 8068
Performance test message 8069
Performance test message 8070
Performance test message 8071
Performance test message 8072
Performance test message 8073
Performance test message 8074
Performance test message 8075
Performance test message 8076
Performance test message 8077
Performance test message 8078
Performance test message 8079
Performance test message 8080
Performance test message 8081
Performance test message 8082
Performance test message 8083
Performance test message 8084
Performance test message 8085
Performance test message 8086
Performance test message 8087
Performance test message 8088
Performance test message 8089
Performance test message 8090
Performance test message 8091
Performance test message 8092
Performance test message 8093
Performance test message 8094
Performance test message 8095
Performance test message 8096
Performance test message 8097
Performance test message 8098
Performance test message 8099
Performance test message 8100
Performance test message 8101
Performance test message 8102
Performance test message 8103
Performance test message 8104
Performance test message 8105
Performance test message 8106
Performance test message 8107
Performance test message 8108
Performance test message 8109
Performance test message 8110
Performance test message 8111
Performance test message 8112
Performance test message 8113
Performance test message 8114
Performance test message 8115
Performance test message 8116
Performance test message 8117
Performance test message 8118
Performance test message 8119
Performance test message 8120
Performance test message 8121
Performance test message 8122
Performance test message 8123
Performance test message 8124
Performance test message 8125
Performance test message 8126
Performance test message 8127
Performance test message 8128
Performance test message 8129
Performance test message 8130
Performance test message 8131
Performance test message 8132
Performance test message 8133
Performance test message 8134
Performance test message 8135
Performance test message 8136
Performance test message 8137
Performance test message 8138
Performance test message 8139
Performance test message 8140
Performance test message 8141
Performance test message 8142
Performance test message 8143
Performance test message 8144
Performance test message 8145
Performance test message 8146
Performance test message 8147
Performance test message 8148
Performance test message 8149
Performance test message 8150
Performance test message 8151
Performance test message 8152
Performance test message 8153
Performance test message 8154
Performance test message 8155
Performance test message 8156
Performance test message 8157
Performance test message 8158
Performance test message 8159
Performance test message 8160
Performance test message 8161
Performance test message 8162
Performance test message 8163
Performance test message 8164
Performance test message 8165
Performance test message 8166
Performance test message 8167
Performance test message 8168
Performance test message 8169
Performance test message 8170
Performance test message 8171
Performance test message 8172
Performance test message 8173
Performance test message 8174
Performance test message 8175
Performance test message 8176
Performance test message 8177
Performance test message 8178
Performance test message 8179
Performance test message 8180
Performance test message 8181
Performance test message 8182
Performance test message 8183
Performance test message 8184
Performance test message 8185
Performance test message 8186
Performance test message 8187
Performance test message 8188
Performance test message 8189
Performance test message 8190
Performance test message 8191
Performance test message 8192
Performance test message 8193
Performance test message 8194
Performance test message 8195
Performance test message 8196
Performance test message 8197
Performance test message 8198
Performance test message 8199
Performance test message 8200
Performance test message 8201
Performance test message 8202
Performance test message 8203
Performance test message 8204
Performance test message 8205
Performance test message 8206
Performance test message 8207
Performance test message 8208
Performance test message 8209
Performance test message 8210
Performance test message 8211
Performance test message 8212
Performance test message 8213
Performance test message 8214
Performance test message 8215
Performance test message 8216
Performance test message 8217
Performance test message 8218
Performance test message 8219
Performance test message 8220
Performance test message 8221
Performance test message 8222
Performance test message 8223
Performance test message 8224
Performance test message 8225
Performance test message 8226
Performance test message 8227
Performance test message 8228
Performance test message 8229
Performance test message 8230
Performance test message 8231
Performance test message 8232
Performance test message 8233
Performance test message 8234
Performance test message 8235
Performance test message 8236
Performance test message 8237
Performance test message 8238
Performance test message 8239
Performance test message 8240
Performance test message 8241
Performance test message 8242
Performance test message 8243
Performance test message 8244
Performance test message 8245
Performance test message 8246
Performance test message 8247
Performance test message 8248
Performance test message 8249
Performance test message 8250
Performance test message 8251
Performance test message 8252
Performance test message 8253
Performance test message 8254
Performance test message 8255
Performance test message 8256
Performance test message 8257
Performance test message 8258
Performance test message 8259
Performance test message 8260
Performance test message 8261
Performance test message 8262
Performance test message 8263
Performance test message 8264
Performance test message 8265
Performance test message 8266
Performance test message 8267
Performance test message 8268
Performance test message 8269
Performance test message 8270
Performance test message 8271
Performance test message 8272
Performance test message 8273
Performance test message 8274
Performance test message 8275
Performance test message 8276
Performance test message 8277
Performance test message 8278
Performance test message 8279
Performance test message 8280
Performance test message 8281
Performance test message 8282
Performance test message 8283
Performance test message 8284
Performance test message 8285
Performance test message 8286
Performance test message 8287
Performance test message 8288
Performance test message 8289
Performance test message 8290
Performance test message 8291
Performance test message 8292
Performance test message 8293
Performance test message 8294
Performance test message 8295
Performance test message 8296
Performance test message 8297
Performance test message 8298
Performance test message 8299
Performance test message 8300
Performance test message 8301
Performance test message 8302
Performance test message 8303
Performance test message 8304
Performance test message 8305
Performance test message 8306
Performance test message 8307
Performance test message 8308
Performance test message 8309
Performance test message 8310
Performance test message 8311
Performance test message 8312
Performance test message 8313
Performance test message 8314
Performance test message 8315
Performance test message 8316
Performance test message 8317
Performance test message 8318
Performance test message 8319
Performance test message 8320
Performance test message 8321
Performance test message 8322
Performance test message 8323
Performance test message 8324
Performance test message 8325
Performance test message 8326
Performance test message 8327
Performance test message 8328
Performance test message 8329
Performance test message 8330
Performance test message 8331
Performance test message 8332
Performance test message 8333
Performance test message 8334
Performance test message 8335
Performance test message 8336
Performance test message 8337
Performance test message 8338
Performance test message 8339
Performance test message 8340
Performance test message 8341
Performance test message 8342
Performance test message 8343
Performance test message 8344
Performance test message 8345
Performance test message 8346
Performance test message 8347
Performance test message 8348
Performance test message 8349
Performance test message 8350
Performance test message 8351
Performance test message 8352
Performance test message 8353
Performance test message 8354
Performance test message 8355
Performance test message 8356
Performance test message 8357
Performance test message 8358
Performance test message 8359
Performance test message 8360
Performance test message 8361
Performance test message 8362
Performance test message 8363
Performance test message 8364
Performance test message 8365
Performance test message 8366
Performance test message 8367
Performance test message 8368
Performance test message 8369
Performance test message 8370
Performance test message 8371
Performance test message 8372
Performance test message 8373
Performance test message 8374
Performance test message 8375
Performance test message 8376
Performance test message 8377
Performance test message 8378
Performance test message 8379
Performance test message 8380
Performance test message 8381
Performance test message 8382
Performance test message 8383
Performance test message 8384
Performance test message 8385
Performance test message 8386
Performance test message 8387
Performance test message 8388
Performance test message 8389
Performance test message 8390
Performance test message 8391
Performance test message 8392
Performance test message 8393
Performance test message 8394
Performance test message 8395
Performance test message 8396
Performance test message 8397
Performance test message 8398
Performance test message 8399
Performance test message 8400
Performance test message 8401
Performance test message 8402
Performance test message 8403
Performance test message 8404
Performance test message 8405
Performance test message 8406
Performance test message 8407
Performance test message 8408
Performance test message 8409
Performance test message 8410
Performance test message 8411
Performance test message 8412
Performance test message 8413
Performance test message 8414
Performance test message 8415
Performance test message 8416
Performance test message 8417
Performance test message 8418
Performance test message 8419
Performance test message 8420
Performance test message 8421
Performance test message 8422
Performance test message 8423
Performance test message 8424
Performance test message 8425
Performance test message 8426
Performance test message 8427
Performance test message 8428
Performance test message 8429
Performance test message 8430
Performance test message 8431
Performance test message 8432
Performance test message 8433
Performance test message 8434
Performance test message 8435
Performance test message 8436
Performance test message 8437
Performance test message 8438
Performance test message 8439
Performance test message 8440
Performance test message 8441
Performance test message 8442
Performance test message 8443
Performance test message 8444
Performance test message 8445
Performance test message 8446
Performance test message 8447
Performance test message 8448
Performance test message 8449
Performance test message 8450
Performance test message 8451
Performance test message 8452
Performance test message 8453
Performance test message 8454
Performance test message 8455
Performance test message 8456
Performance test message 8457
Performance test message 8458
Performance test message 8459
Performance test message 8460
Performance test message 8461
Performance test message 8462
Performance test message 8463
Performance test message 8464
Performance test message 8465
Performance test message 8466
Performance test message 8467
Performance test message 8468
Performance test message 8469
Performance test message 8470
Performance test message 8471
Performance test message 8472
Performance test message 8473
Performance test message 8474
Performance test message 8475
Performance test message 8476
Performance test message 8477
Performance test message 8478
Performance test message 8479
Performance test message 8480
Performance test message 8481
Performance test message 8482
Performance test message 8483
Performance test message 8484
Performance test message 8485
Performance test message 8486
Performance test message 8487
Performance test message 8488
Performance test message 8489
Performance test message 8490
Performance test message 8491
Performance test message 8492
Performance test message 8493
Performance test message 8494
Performance test message 8495
Performance test message 8496
Performance test message 8497
Performance test message 8498
Performance test message 8499
Performance test message 8500
Performance test message 8501
Performance test message 8502
Performance test message 8503
Performance test message 8504
Performance test message 8505
Performance test message 8506
Performance test message 8507
Performance test message 8508
Performance test message 8509
Performance test message 8510
Performance test message 8511
Performance test message 8512
Performance test message 8513
Performance test message 8514
Performance test message 8515
Performance test message 8516
Performance test message 8517
Performance test message 8518
Performance test message 8519
Performance test message 8520
Performance test message 8521
Performance test message 8522
Performance test message 8523
Performance test message 8524
Performance test message 8525
Performance test message 8526
Performance test message 8527
Performance test message 8528
Performance test message 8529
Performance test message 8530
Performance test message 8531
Performance test message 8532
Performance test message 8533
Performance test message 8534
Performance test message 8535
Performance test message 8536
Performance test message 8537
Performance test message 8538
Performance test message 8539
Performance test message 8540
Performance test message 8541
Performance test message 8542
Performance test message 8543
Performance test message 8544
Performance test message 8545
Performance test message 8546
Performance test message 8547
Performance test message 8548
Performance test message 8549
Performance test message 8550
Performance test message 8551
Performance test message 8552
Performance test message 8553
Performance test message 8554
Performance test message 8555
Performance test message 8556
Performance test message 8557
Performance test message 8558
Performance test message 8559
Performance test message 8560
Performance test message 8561
Performance test message 8562
Performance test message 8563
Performance test message 8564
Performance test message 8565
Performance test message 8566
Performance test message 8567
Performance test message 8568
Performance test message 8569
Performance test message 8570
Performance test message 8571
Performance test message 8572
Performance test message 8573
Performance test message 8574
Performance test message 8575
Performance test message 8576
Performance test message 8577
Performance test message 8578
Performance test message 8579
Performance test message 8580
Performance test message 8581
Performance test message 8582
Performance test message 8583
Performance test message 8584
Performance test message 8585
Performance test message 8586
Performance test message 8587
Performance test message 8588
Performance test message 8589
Performance test message 8590
Performance test message 8591
Performance test message 8592
Performance test message 8593
Performance test message 8594
Performance test message 8595
Performance test message 8596
Performance test message 8597
Performance test message 8598
Performance test message 8599
Performance test message 8600
Performance test message 8601
Performance test message 8602
Performance test message 8603
Performance test message 8604
Performance test message 8605
Performance test message 8606
Performance test message 8607
Performance test message 8608
Performance test message 8609
Performance test message 8610
Performance test message 8611
Performance test message 8612
Performance test message 8613
Performance test message 8614
Performance test message 8615
Performance test message 8616
Performance test message 8617
Performance test message 8618
Performance test message 8619
Performance test message 8620
Performance test message 8621
Performance test message 8622
Performance test message 8623
Performance test message 8624
Performance test message 8625
Performance test message 8626
Performance test message 8627
Performance test message 8628
Performance test message 8629
Performance test message 8630
Performance test message 8631
Performance test message 8632
Performance test message 8633
Performance test message 8634
Performance test message 8635
Performance test message 8636
Performance test message 8637
Performance test message 8638
Performance test message 8639
Performance test message 8640
Performance test message 8641
Performance test message 8642
Performance test message 8643
Performance test message 8644
Performance test message 8645
Performance test message 8646
Performance test message 8647
Performance test message 8648
Performance test message 8649
Performance test message 8650
Performance test message 8651
Performance test message 8652
Performance test message 8653
Performance test message 8654
Performance test message 8655
Performance test message 8656
Performance test message 8657
Performance test message 8658
Performance test message 8659
Performance test message 8660
Performance test message 8661
Performance test message 8662
Performance test message 8663
Performance test message 8664
Performance test message 8665
Performance test message 8666
Performance test message 8667
Performance test message 8668
Performance test message 8669
Performance test message 8670
Performance test message 8671
Performance test message 8672
Performance test message 8673
Performance test message 8674
Performance test message 8675
Performance test message 8676
Performance test message 8677
Performance test message 8678
Performance test message 8679
Performance test message 8680
Performance test message 8681
Performance test message 8682
Performance test message 8683
Performance test message 8684
Performance test message 8685
Performance test message 8686
Performance test message 8687
Performance test message 8688
Performance test message 8689
Performance test message 8690
Performance test message 8691
Performance test message 8692
Performance test message 8693
Performance test message 8694
Performance test message 8695
Performance test message 8696
Performance test message 8697
Performance test message 8698
Performance test message 8699
Performance test message 8700
Performance test message 8701
Performance test message 8702
Performance test message 8703
Performance test message 8704
Performance test message 8705
Performance test message 8706
Performance test message 8707
Performance test message 8708
Performance test message 8709
Performance test message 8710
Performance test message 8711
Performance test message 8712
Performance test message 8713
Performance test message 8714
Performance test message 8715
Performance test message 8716
Performance test message 8717
Performance test message 8718
Performance test message 8719
Performance test message 8720
Performance test message 8721
Performance test message 8722
Performance test message 8723
Performance test message 8724
Performance test message 8725
Performance test message 8726
Performance test message 8727
Performance test message 8728
Performance test message 8729
Performance test message 8730
Performance test message 8731
Performance test message 8732
Performance test message 8733
Performance test message 8734
Performance test message 8735
Performance test message 8736
Performance test message 8737
Performance test message 8738
Performance test message 8739
Performance test message 8740
Performance test message 8741
Performance test message 8742
Performance test message 8743
Performance test message 8744
Performance test message 8745
Performance test message 8746
Performance test message 8747
Performance test message 8748
Performance test message 8749
Performance test message 8750
Performance test message 8751
Performance test message 8752
Performance test message 8753
Performance test message 8754
Performance test message 8755
Performance test message 8756
Performance test message 8757
Performance test message 8758
Performance test message 8759
Performance test message 8760
Performance test message 8761
Performance test message 8762
Performance test message 8763
Performance test message 8764
Performance test message 8765
Performance test message 8766
Performance test message 8767
Performance test message 8768
Performance test message 8769
Performance test message 8770
Performance test message 8771
Performance test message 8772
Performance test message 8773
Performance test message 8774
Performance test message 8775
Performance test message 8776
Performance test message 8777
Performance test message 8778
Performance test message 8779
Performance test message 8780
Performance test message 8781
Performance test message 8782
Performance test message 8783
Performance test message 8784
Performance test message 8785
Performance test message 8786
Performance test message 8787
Performance test message 8788
Performance test message 8789
Performance test message 8790
Performance test message 8791
Performance test message 8792
Performance test message 8793
Performance test message 8794
Performance test message 8795
Performance test message 8796
Performance test message 8797
Performance test message 8798
Performance test message 8799
Performance test message 8800
Performance test message 8801
Performance test message 8802
Performance test message 8803
Performance test message 8804
Performance test message 8805
Performance test message 8806
Performance test message 8807
Performance test message 8808
Performance test message 8809
Performance test message 8810
Performance test message 8811
Performance test message 8812
Performance test message 8813
Performance test message 8814
Performance test message 8815
Performance test message 8816
Performance test message 8817
Performance test message 8818
Performance test message 8819
Performance test message 8820
Performance test message 8821
Performance test message 8822
Performance test message 8823
Performance test message 8824
Performance test message 8825
Performance test message 8826
Performance test message 8827
Performance test message 8828
Performance test message 8829
Performance test message 8830
Performance test message 8831
Performance test message 8832
Performance test message 8833
Performance test message 8834
Performance test message 8835
Performance test message 8836
Performance test message 8837
Performance test message 8838
Performance test message 8839
Performance test message 8840
Performance test message 8841
Performance test message 8842
Performance test message 8843
Performance test message 8844
Performance test message 8845
Performance test message 8846
Performance test message 8847
Performance test message 8848
Performance test message 8849
Performance test message 8850
Performance test message 8851
Performance test message 8852
Performance test message 8853
Performance test message 8854
Performance test message 8855
Performance test message 8856
Performance test message 8857
Performance test message 8858
Performance test message 8859
Performance test message 8860
Performance test message 8861
Performance test message 8862
Performance test message 8863
Performance test message 8864
Performance test message 8865
Performance test message 8866
Performance test message 8867
Performance test message 8868
Performance test message 8869
Performance test message 8870
Performance test message 8871
Performance test message 8872
Performance test message 8873
Performance test message 8874
Performance test message 8875
Performance test message 8876
Performance test message 8877
Performance test message 8878
Performance test message 8879
Performance test message 8880
Performance test message 8881
Performance test message 8882
Performance test message 8883
Performance test message 8884
Performance test message 8885
Performance test message 8886
Performance test message 8887
Performance test message 8888
Performance test message 8889
Performance test message 8890
Performance test message 8891
Performance test message 8892
Performance test message 8893
Performance test message 8894
Performance test message 8895
Performance test message 8896
Performance test message 8897
Performance test message 8898
Performance test message 8899
Performance test message 8900
Performance test message 8901
Performance test message 8902
Performance test message 8903
Performance test message 8904
Performance test message 8905
Performance test message 8906
Performance test message 8907
Performance test message 8908
Performance test message 8909
Performance test message 8910
Performance test message 8911
Performance test message 8912
Performance test message 8913
Performance test message 8914
Performance test message 8915
Performance test message 8916
Performance test message 8917
Performance test message 8918
Performance test message 8919
Performance test message 8920
Performance test message 8921
Performance test message 8922
Performance test message 8923
Performance test message 8924
Performance test message 8925
Performance test message 8926
Performance test message 8927
Performance test message 8928
Performance test message 8929
Performance test message 8930
Performance test message 8931
Performance test message 8932
Performance test message 8933
Performance test message 8934
Performance test message 8935
Performance test message 8936
Performance test message 8937
Performance test message 8938
Performance test message 8939
Performance test message 8940
Performance test message 8941
Performance test message 8942
Performance test message 8943
Performance test message 8944
Performance test message 8945
Performance test message 8946
Performance test message 8947
Performance test message 8948
Performance test message 8949
Performance test message 8950
Performance test message 8951
Performance test message 8952
Performance test message 8953
Performance test message 8954
Performance test message 8955
Performance test message 8956
Performance test message 8957
Performance test message 8958
Performance test message 8959
Performance test message 8960
Performance test message 8961
Performance test message 8962
Performance test message 8963
Performance test message 8964
Performance test message 8965
Performance test message 8966
Performance test message 8967
Performance test message 8968
Performance test message 8969
Performance test message 8970
Performance test message 8971
Performance test message 8972
Performance test message 8973
Performance test message 8974
Performance test message 8975
Performance test message 8976
Performance test message 8977
Performance test message 8978
Performance test message 8979
Performance test message 8980
Performance test message 8981
Performance test message 8982
Performance test message 8983
Performance test message 8984
Performance test message 8985
Performance test message 8986
Performance test message 8987
Performance test message 8988
Performance test message 8989
Performance test message 8990
Performance test message 8991
Performance test message 8992
Performance test message 8993
Performance test message 8994
Performance test message 8995
Performance test message 8996
Performance test message 8997
Performance test message 8998
Performance test message 8999
Performance test message 9000
Performance test message 9001
Performance test message 9002
Performance test message 9003
Performance test message 9004
Performance test message 9005
Performance test message 9006
Performance test message 9007
Performance test message 9008
Performance test message 9009
Performance test message 9010
Performance test message 9011
Performance test message 9012
Performance test message 9013
Performance test message 9014
Performance test message 9015
Performance test message 9016
Performance test message 9017
Performance test message 9018
Performance test message 9019
Performance test message 9020
Performance test message 9021
Performance test message 9022
Performance test message 9023
Performance test message 9024
Performance test message 9025
Performance test message 9026
Performance test message 9027
Performance test message 9028
Performance test message 9029
Performance test message 9030
Performance test message 9031
Performance test message 9032
Performance test message 9033
Performance test message 9034
Performance test message 9035
Performance test message 9036
Performance test message 9037
Performance test message 9038
Performance test message 9039
Performance test message 9040
Performance test message 9041
Performance test message 9042
Performance test message 9043
Performance test message 9044
Performance test message 9045
Performance test message 9046
Performance test message 9047
Performance test message 9048
Performance test message 9049
Performance test message 9050
Performance test message 9051
Performance test message 9052
Performance test message 9053
Performance test message 9054
Performance test message 9055
Performance test message 9056
Performance test message 9057
Performance test message 9058
Performance test message 9059
Performance test message 9060
Performance test message 9061
Performance test message 9062
Performance test message 9063
Performance test message 9064
Performance test message 9065
Performance test message 9066
Performance test message 9067
Performance test message 9068
Performance test message 9069
Performance test message 9070
Performance test message 9071
Performance test message 9072
Performance test message 9073
Performance test message 9074
Performance test message 9075
Performance test message 9076
Performance test message 9077
Performance test message 9078
Performance test message 9079
Performance test message 9080
Performance test message 9081
Performance test message 9082
Performance test message 9083
Performance test message 9084
Performance test message 9085
Performance test message 9086
Performance test message 9087
Performance test message 9088
Performance test message 9089
Performance test message 9090
Performance test message 9091
Performance test message 9092
Performance test message 9093
Performance test message 9094
Performance test message 9095
Performance test message 9096
Performance test message 9097
Performance test message 9098
Performance test message 9099
Performance test message 9100
Performance test message 9101
Performance test message 9102
Performance test message 9103
Performance test message 9104
Performance test message 9105
Performance test message 9106
Performance test message 9107
Performance test message 9108
Performance test message 9109
Performance test message 9110
Performance test message 9111
Performance test message 9112
Performance test message 9113
Performance test message 9114
Performance test message 9115
Performance test message 9116
Performance test message 9117
Performance test message 9118
Performance test message 9119
Performance test message 9120
Performance test message 9121
Performance test message 9122
Performance test message 9123
Performance test message 9124
Performance test message 9125
Performance test message 9126
Performance test message 9127
Performance test message 9128
Performance test message 9129
Performance test message 9130
Performance test message 9131
Performance test message 9132
Performance test message 9133
Performance test message 9134
Performance test message 9135
Performance test message 9136
Performance test message 9137
Performance test message 9138
Performance test message 9139
Performance test message 9140
Performance test message 9141
Performance test message 9142
Performance test message 9143
Performance test message 9144
Performance test message 9145
Performance test message 9146
Performance test message 9147
Performance test message 9148
Performance test message 9149
Performance test message 9150
Performance test message 9151
Performance test message 9152
Performance test message 9153
Performance test message 9154
Performance test message 9155
Performance test message 9156
Performance test message 9157
Performance test message 9158
Performance test message 9159
Performance test message 9160
Performance test message 9161
Performance test message 9162
Performance test message 9163
Performance test message 9164
Performance test message 9165
Performance test message 9166
Performance test message 9167
Performance test message 9168
Performance test message 9169
Performance test message 9170
Performance test message 9171
Performance test message 9172
Performance test message 9173
Performance test message 9174
Performance test message 9175
Performance test message 9176
Performance test message 9177
Performance test message 9178
Performance test message 9179
Performance test message 9180
Performance test message 9181
Performance test message 9182
Performance test message 9183
Performance test message 9184
Performance test message 9185
Performance test message 9186
Performance test message 9187
Performance test message 9188
Performance test message 9189
Performance test message 9190
Performance test message 9191
Performance test message 9192
Performance test message 9193
Performance test message 9194
Performance test message 9195
Performance test message 9196
Performance test message 9197
Performance test message 9198
Performance test message 9199
Performance test message 9200
Performance test message 9201
Performance test message 9202
Performance test message 9203
Performance test message 9204
Performance test message 9205
Performance test message 9206
Performance test message 9207
Performance test message 9208
Performance test message 9209
Performance test message 9210
Performance test message 9211
Performance test message 9212
Performance test message 9213
Performance test message 9214
Performance test message 9215
Performance test message 9216
Performance test message 9217
Performance test message 9218
Performance test message 9219
Performance test message 9220
Performance test message 9221
Performance test message 9222
Performance test message 9223
Performance test message 9224
Performance test message 9225
Performance test message 9226
Performance test message 9227
Performance test message 9228
Performance test message 9229
Performance test message 9230
Performance test message 9231
Performance test message 9232
Performance test message 9233
Performance test message 9234
Performance test message 9235
Performance test message 9236
Performance test message 9237
Performance test message 9238
Performance test message 9239
Performance test message 9240
Performance test message 9241
Performance test message 9242
Performance test message 9243
Performance test message 9244
Performance test message 9245
Performance test message 9246
Performance test message 9247
Performance test message 9248
Performance test message 9249
Performance test message 9250
Performance test message 9251
Performance test message 9252
Performance test message 9253
Performance test message 9254
Performance test message 9255
Performance test message 9256
Performance test message 9257
Performance test message 9258
Performance test message 9259
Performance test message 9260
Performance test message 9261
Performance test message 9262
Performance test message 9263
Performance test message 9264
Performance test message 9265
Performance test message 9266
Performance test message 9267
Performance test message 9268
Performance test message 9269
Performance test message 9270
Performance test message 9271
Performance test message 9272
Performance test message 9273
Performance test message 9274
Performance test message 9275
Performance test message 9276
Performance test message 9277
Performance test message 9278
Performance test message 9279
Performance test message 9280
Performance test message 9281
Performance test message 9282
Performance test message 9283
Performance test message 9284
Performance test message 9285
Performance test message 9286
Performance test message 9287
Performance test message 9288
Performance test message 9289
Performance test message 9290
Performance test message 9291
Performance test message 9292
Performance test message 9293
Performance test message 9294
Performance test message 9295
Performance test message 9296
Performance test message 9297
Performance test message 9298
Performance test message 9299
Performance test message 9300
Performance test message 9301
Performance test message 9302
Performance test message 9303
Performance test message 9304
Performance test message 9305
Performance test message 9306
Performance test message 9307
Performance test message 9308
Performance test message 9309
Performance test message 9310
Performance test message 9311
Performance test message 9312
Performance test message 9313
Performance test message 9314
Performance test message 9315
Performance test message 9316
Performance test message 9317
Performance test message 9318
Performance test message 9319
Performance test message 9320
Performance test message 9321
Performance test message 9322
Performance test message 9323
Performance test message 9324
Performance test message 9325
Performance test message 9326
Performance test message 9327
Performance test message 9328
Performance test message 9329
Performance test message 9330
Performance test message 9331
Performance test message 9332
Performance test message 9333
Performance test message 9334
Performance test message 9335
Performance test message 9336
Performance test message 9337
Performance test message 9338
Performance test message 9339
Performance test message 9340
Performance test message 9341
Performance test message 9342
Performance test message 9343
Performance test message 9344
Performance test message 9345
Performance test message 9346
Performance test message 9347
Performance test message 9348
Performance test message 9349
Performance test message 9350
Performance test message 9351
Performance test message 9352
Performance test message 9353
Performance test message 9354
Performance test message 9355
Performance test message 9356
Performance test message 9357
Performance test message 9358
Performance test message 9359
Performance test message 9360
Performance test message 9361
Performance test message 9362
Performance test message 9363
Performance test message 9364
Performance test message 9365
Performance test message 9366
Performance test message 9367
Performance test message 9368
Performance test message 9369
Performance test message 9370
Performance test message 9371
Performance test message 9372
Performance test message 9373
Performance test message 9374
Performance test message 9375
Performance test message 9376
Performance test message 9377
Performance test message 9378
Performance test message 9379
Performance test message 9380
Performance test message 9381
Performance test message 9382
Performance test message 9383
Performance test message 9384
Performance test message 9385
Performance test message 9386
Performance test message 9387
Performance test message 9388
Performance test message 9389
Performance test message 9390
Performance test message 9391
Performance test message 9392
Performance test message 9393
Performance test message 9394
Performance test message 9395
Performance test message 9396
Performance test message 9397
Performance test message 9398
Performance test message 9399
Performance test message 9400
Performance test message 9401
Performance test message 9402
Performance test message 9403
Performance test message 9404
Performance test message 9405
Performance test message 9406
Performance test message 9407
Performance test message 9408
Performance test message 9409
Performance test message 9410
Performance test message 9411
Performance test message 9412
Performance test message 9413
Performance test message 9414
Performance test message 9415
Performance test message 9416
Performance test message 9417
Performance test message 9418
Performance test message 9419
Performance test message 9420
Performance test message 9421
Performance test message 9422
Performance test message 9423
Performance test message 9424
Performance test message 9425
Performance test message 9426
Performance test message 9427
Performance test message 9428
Performance test message 9429
Performance test message 9430
Performance test message 9431
Performance test message 9432
Performance test message 9433
Performance test message 9434
Performance test message 9435
Performance test message 9436
Performance test message 9437
Performance test message 9438
Performance test message 9439
Performance test message 9440
Performance test message 9441
Performance test message 9442
Performance test message 9443
Performance test message 9444
Performance test message 9445
Performance test message 9446
Performance test message 9447
Performance test message 9448
Performance test message 9449
Performance test message 9450
Performance test message 9451
Performance test message 9452
Performance test message 9453
Performance test message 9454
Performance test message 9455
Performance test message 9456
Performance test message 9457
Performance test message 9458
Performance test message 9459
Performance test message 9460
Performance test message 9461
Performance test message 9462
Performance test message 9463
Performance test message 9464
Performance test message 9465
Performance test message 9466
Performance test message 9467
Performance test message 9468
Performance test message 9469
Performance test message 9470
Performance test message 9471
Performance test message 9472
Performance test message 9473
Performance test message 9474
Performance test message 9475
Performance test message 9476
Performance test message 9477
Performance test message 9478
Performance test message 9479
Performance test message 9480
Performance test message 9481
Performance test message 9482
Performance test message 9483
Performance test message 9484
Performance test message 9485
Performance test message 9486
Performance test message 9487
Performance test message 9488
Performance test message 9489
Performance test message 9490
Performance test message 9491
Performance test message 9492
Performance test message 9493
Performance test message 9494
Performance test message 9495
Performance test message 9496
Performance test message 9497
Performance test message 9498
Performance test message 9499
Performance test message 9500
Performance test message 9501
Performance test message 9502
Performance test message 9503
Performance test message 9504
Performance test message 9505
Performance test message 9506
Performance test message 9507
Performance test message 9508
Performance test message 9509
Performance test message 9510
Performance test message 9511
Performance test message 9512
Performance test message 9513
Performance test message 9514
Performance test message 9515
Performance test message 9516
Performance test message 9517
Performance test message 9518
Performance test message 9519
Performance test message 9520
Performance test message 9521
Performance test message 9522
Performance test message 9523
Performance test message 9524
Performance test message 9525
Performance test message 9526
Performance test message 9527
Performance test message 9528
Performance test message 9529
Performance test message 9530
Performance test message 9531
Performance test message 9532
Performance test message 9533
Performance test message 9534
Performance test message 9535
Performance test message 9536
Performance test message 9537
Performance test message 9538
Performance test message 9539
Performance test message 9540
Performance test message 9541
Performance test message 9542
Performance test message 9543
Performance test message 9544
Performance test message 9545
Performance test message 9546
Performance test message 9547
Performance test message 9548
Performance test message 9549
Performance test message 9550
Performance test message 9551
Performance test message 9552
Performance test message 9553
Performance test message 9554
Performance test message 9555
Performance test message 9556
Performance test message 9557
Performance test message 9558
Performance test message 9559
Performance test message 9560
Performance test message 9561
Performance test message 9562
Performance test message 9563
Performance test message 9564
Performance test message 9565
Performance test message 9566
Performance test message 9567
Performance test message 9568
Performance test message 9569
Performance test message 9570
Performance test message 9571
Performance test message 9572
Performance test message 9573
Performance test message 9574
Performance test message 9575
Performance test message 9576
Performance test message 9577
Performance test message 9578
Performance test message 9579
Performance test message 9580
Performance test message 9581
Performance test message 9582
Performance test message 9583
Performance test message 9584
Performance test message 9585
Performance test message 9586
Performance test message 9587
Performance test message 9588
Performance test message 9589
Performance test message 9590
Performance test message 9591
Performance test message 9592
Performance test message 9593
Performance test message 9594
Performance test message 9595
Performance test message 9596
Performance test message 9597
Performance test message 9598
Performance test message 9599
Performance test message 9600
Performance test message 9601
Performance test message 9602
Performance test message 9603
Performance test message 9604
Performance test message 9605
Performance test message 9606
Performance test message 9607
Performance test message 9608
Performance test message 9609
Performance test message 9610
Performance test message 9611
Performance test message 9612
Performance test message 9613
Performance test message 9614
Performance test message 9615
Performance test message 9616
Performance test message 9617
Performance test message 9618
Performance test message 9619
Performance test message 9620
Performance test message 9621
Performance test message 9622
Performance test message 9623
Performance test message 9624
Performance test message 9625
Performance test message 9626
Performance test message 9627
Performance test message 9628
Performance test message 9629
Performance test message 9630
Performance test message 9631
Performance test message 9632
Performance test message 9633
Performance test message 9634
Performance test message 9635
Performance test message 9636
Performance test message 9637
Performance test message 9638
Performance test message 9639
Performance test message 9640
Performance test message 9641
Performance test message 9642
Performance test message 9643
Performance test message 9644
Performance test message 9645
Performance test message 9646
Performance test message 9647
Performance test message 9648
Performance test message 9649
Performance test message 9650
Performance test message 9651
Performance test message 9652
Performance test message 9653
Performance test message 9654
Performance test message 9655
Performance test message 9656
Performance test message 9657
Performance test message 9658
Performance test message 9659
Performance test message 9660
Performance test message 9661
Performance test message 9662
Performance test message 9663
Performance test message 9664
Performance test message 9665
Performance test message 9666
Performance test message 9667
Performance test message 9668
Performance test message 9669
Performance test message 9670
Performance test message 9671
Performance test message 9672
Performance test message 9673
Performance test message 9674
Performance test message 9675
Performance test message 9676
Performance test message 9677
Performance test message 9678
Performance test message 9679
Performance test message 9680
Performance test message 9681
Performance test message 9682
Performance test message 9683
Performance test message 9684
Performance test message 9685
Performance test message 9686
Performance test message 9687
Performance test message 9688
Performance test message 9689
Performance test message 9690
Performance test message 9691
Performance test message 9692
Performance test message 9693
Performance test message 9694
Performance test message 9695
Performance test message 9696
Performance test message 9697
Performance test message 9698
Performance test message 9699
Performance test message 9700
Performance test message 9701
Performance test message 9702
Performance test message 9703
Performance test message 9704
Performance test message 9705
Performance test message 9706
Performance test message 9707
Performance test message 9708
Performance test message 9709
Performance test message 9710
Performance test message 9711
Performance test message 9712
Performance test message 9713
Performance test message 9714
Performance test message 9715
Performance test message 9716
Performance test message 9717
Performance test message 9718
Performance test message 9719
Performance test message 9720
Performance test message 9721
Performance test message 9722
Performance test message 9723
Performance test message 9724
Performance test message 9725
Performance test message 9726
Performance test message 9727
Performance test message 9728
Performance test message 9729
Performance test message 9730
Performance test message 9731
Performance test message 9732
Performance test message 9733
Performance test message 9734
Performance test message 9735
Performance test message 9736
Performance test message 9737
Performance test message 9738
Performance test message 9739
Performance test message 9740
Performance test message 9741
Performance test message 9742
Performance test message 9743
Performance test message 9744
Performance test message 9745
Performance test message 9746
Performance test message 9747
Performance test message 9748
Performance test message 9749
Performance test message 9750
Performance test message 9751
Performance test message 9752
Performance test message 9753
Performance test message 9754
Performance test message 9755
Performance test message 9756
Performance test message 9757
Performance test message 9758
Performance test message 9759
Performance test message 9760
Performance test message 9761
Performance test message 9762
Performance test message 9763
Performance test message 9764
Performance test message 9765
Performance test message 9766
Performance test message 9767
Performance test message 9768
Performance test message 9769
Performance test message 9770
Performance test message 9771
Performance test message 9772
Performance test message 9773
Performance test message 9774
Performance test message 9775
Performance test message 9776
Performance test message 9777
Performance test message 9778
Performance test message 9779
Performance test message 9780
Performance test message 9781
Performance test message 9782
Performance test message 9783
Performance test message 9784
Performance test message 9785
Performance test message 9786
Performance test message 9787
Performance test message 9788
Performance test message 9789
Performance test message 9790
Performance test message 9791
Performance test message 9792
Performance test message 9793
Performance test message 9794
Performance test message 9795
Performance test message 9796
Performance test message 9797
Performance test message 9798
Performance test message 9799
Performance test message 9800
Performance test message 9801
Performance test message 9802
Performance test message 9803
Performance test message 9804
Performance test message 9805
Performance test message 9806
Performance test message 9807
Performance test message 9808
Performance test message 9809
Performance test message 9810
Performance test message 9811
Performance test message 9812
Performance test message 9813
Performance test message 9814
Performance test message 9815
Performance test message 9816
Performance test message 9817
Performance test message 9818
Performance test message 9819
Performance test message 9820
Performance test message 9821
Performance test message 9822
Performance test message 9823
Performance test message 9824
Performance test message 9825
Performance test message 9826
Performance test message 9827
Performance test message 9828
Performance test message 9829
Performance test message 9830
Performance test message 9831
Performance test message 9832
Performance test message 9833
Performance test message 9834
Performance test message 9835
Performance test message 9836
Performance test message 9837
Performance test message 9838
Performance test message 9839
Performance test message 9840
Performance test message 9841
Performance test message 9842
Performance test message 9843
Performance test message 9844
Performance test message 9845
Performance test message 9846
Performance test message 9847
Performance test message 9848
Performance test message 9849
Performance test message 9850
Performance test message 9851
Performance test message 9852
Performance test message 9853
Performance test message 9854
Performance test message 9855
Performance test message 9856
Performance test message 9857
Performance test message 9858
Performance test message 9859
Performance test message 9860
Performance test message 9861
Performance test message 9862
Performance test message 9863
Performance test message 9864
Performance test message 9865
Performance test message 9866
Performance test message 9867
Performance test message 9868
Performance test message 9869
Performance test message 9870
Performance test message 9871
Performance test message 9872
Performance test message 9873
Performance test message 9874
Performance test message 9875
Performance test message 9876
Performance test message 9877
Performance test message 9878
Performance test message 9879
Performance test message 9880
Performance test message 9881
Performance test message 9882
Performance test message 9883
Performance test message 9884
Performance test message 9885
Performance test message 9886
Performance test message 9887
Performance test message 9888
Performance test message 9889
Performance test message 9890
Performance test message 9891
Performance test message 9892
Performance test message 9893
Performance test message 9894
Performance test message 9895
Performance test message 9896
Performance test message 9897
Performance test message 9898
Performance test message 9899
Performance test message 9900
Performance test message 9901
Performance test message 9902
Performance test message 9903
Performance test message 9904
Performance test message 9905
Performance test message 9906
Performance test message 9907
Performance test message 9908
Performance test message 9909
Performance test message 9910
Performance test message 9911
Performance test message 9912
Performance test message 9913
Performance test message 9914
Performance test message 9915
Performance test message 9916
Performance test message 9917
Performance test message 9918
Performance test message 9919
Performance test message 9920
Performance test message 9921
Performance test message 9922
Performance test message 9923
Performance test message 9924
Performance test message 9925
Performance test message 9926
Performance test message 9927
Performance test message 9928
Performance test message 9929
Performance test message 9930
Performance test message 9931
Performance test message 9932
Performance test message 9933
Performance test message 9934
Performance test message 9935
Performance test message 9936
Performance test message 9937
Performance test message 9938
Performance test message 9939
Performance test message 9940
Performance test message 9941
Performance test message 9942
Performance test message 9943
Performance test message 9944
Performance test message 9945
Performance test message 9946
Performance test message 9947
Performance test message 9948
Performance test message 9949
Performance test message 9950
Performance test message 9951
Performance test message 9952
Performance test message 9953
Performance test message 9954
Performance test message 9955
Performance test message 9956
Performance test message 9957
Performance test message 9958
Performance test message 9959
Performance test message 9960
Performance test message 9961
Performance test message 9962
Performance test message 9963
Performance test message 9964
Performance test message 9965
Performance test message 9966
Performance test message 9967
Performance test message 9968
Performance test message 9969
Performance test message 9970
Performance test message 9971
Performance test message 9972
Performance test message 9973
Performance test message 9974
Performance test message 9975
Performance test message 9976
Performance test message 9977
Performance test message 9978
Performance test message 9979
Performance test message 9980
Performance test message 9981
Performance test message 9982
Performance test message 9983
Performance test message 9984
Performance test message 9985
Performance test message 9986
Performance test message 9987
Performance test message 9988
Performance test message 9989
Performance test message 9990
Performance test message 9991
Performance test message 9992
Performance test message 9993
Performance test message 9994
Performance test message 9995
Performance test message 9996
Performance test message 9997
Performance test message 9998
Performance test message 9999
Performance test message 0
Performance test message 1
Performance test message 2
Performance test message 3
Performance test message 4
Performance test message 5
Performance test message 6
Performance test message 7
Performance test message 8
Performance test message 9
Performance test message 10
Performance test message 11
Performance test message 12
Performance test message 13
Performance test message 14
Performance test message 15
Performance test message 16
Performance test message 17
Performance test message 18
Performance test message 19
Performance test message 20
Performance test message 21
Performance test message 22
Performance test message 23
Performance test message 24
Performance test message 25
Performance test message 26
Performance test message 27
Performance test message 28
Performance test message 29
Performance test message 30
Performance test message 31
Performance test message 32
Performance test message 33
Performance test message 34
Performance test message 35
Performance test message 36
Performance test message 37
Performance test message 38
Performance test message 39
Performance test message 40
Performance test message 41
Performance test message 42
Performance test message 43
Performance test message 44
Performance test message 45
Performance test message 46
Performance test message 47
Performance test message 48
Performance test message 49
Performance test message 50
Performance test message 51
Performance test message 52
Performance test message 53
Performance test message 54
Performance test message 55
Performance test message 56
Performance test message 57
Performance test message 58
Performance test message 59
Performance test message 60
Performance test message 61
Performance test message 62
Performance test message 63
Performance test message 64
Performance test message 65
Performance test message 66
Performance test message 67
Performance test message 68
Performance test message 69
Performance test message 70
Performance test message 71
Performance test message 72
Performance test message 73
Performance test message 74
Performance test message 75
Performance test message 76
Performance test message 77
Performance test message 78
Performance test message 79
Performance test message 80
Performance test message 81
Performance test message 82
Performance test message 83
Performance test message 84
Performance test message 85
Performance test message 86
Performance test message 87
Performance test message 88
Performance test message 89
Performance test message 90
Performance test message 91
Performance test message 92
Performance test message 93
Performance test message 94
Performance test message 95
Performance test message 96
Performance test message 97
Performance test message 98
Performance test message 99
Performance test message 100
Performance test message 101
Performance test message 102
Performance test message 103
Performance test message 104
Performance test message 105
Performance test message 106
Performance test message 107
Performance test message 108
Performance test message 109
Performance test message 110
Performance test message 111
Performance test message 112
Performance test message 113
Performance test message 114
Performance test message 115
Performance test message 116
Performance test message 117
Performance test message 118
Performance test message 119
Performance test message 120
Performance test message 121
Performance test message 122
Performance test message 123
Performance test message 124
Performance test message 125
Performance test message 126
Performance test message 127
Performance test message 128
Performance test message 129
Performance test message 130
Performance test message 131
Performance test message 132
Performance test message 133
Performance test message 134
Performance test message 135
Performance test message 136
Performance test message 137
Performance test message 138
Performance test message 139
Performance test message 140
Performance test message 141
Performance test message 142
Performance test message 143
Performance test message 144
Performance test message 145
Performance test message 146
Performance test message 147
Performance test message 148
Performance test message 149
Performance test message 150
Performance test message 151
Performance test message 152
Performance test message 153
Performance test message 154
Performance test message 155
Performance test message 156
Performance test message 157
Performance test message 158
Performance test message 159
Performance test message 160
Performance test message 161
Performance test message 162
Performance test message 163
Performance test message 164
Performance test message 165
Performance test message 166
Performance test message 167
Performance test message 168
Performance test message 169
Performance test message 170
Performance test message 171
Performance test message 172
Performance test message 173
Performance test message 174
Performance test message 175
Performance test message 176
Performance test message 177
Performance test message 178
Performance test message 179
Performance test message 180
Performance test message 181
Performance test message 182
Performance test message 183
Performance test message 184
Performance test message 185
Performance test message 186
Performance test message 187
Performance test message 188
Performance test message 189
Performance test message 190
Performance test message 191
Performance test message 192
Performance test message 193
Performance test message 194
Performance test message 195
Performance test message 196
Performance test message 197
Performance test message 198
Performance test message 199
Performance test message 200
Performance test message 201
Performance test message 202
Performance test message 203
Performance test message 204
Performance test message 205
Performance test message 206
Performance test message 207
Performance test message 208
Performance test message 209
Performance test message 210
Performance test message 211
Performance test message 212
Performance test message 213
Performance test message 214
Performance test message 215
Performance test message 216
Performance test message 217
Performance test message 218
Performance test message 219
Performance test message 220
Performance test message 221
Performance test message 222
Performance test message 223
Performance test message 224
Performance test message 225
Performance test message 226
Performance test message 227
Performance test message 228
Performance test message 229
Performance test message 230
Performance test message 231
Performance test message 232
Performance test message 233
Performance test message 234
Performance test message 235
Performance test message 236
Performance test message 237
Performance test message 238
Performance test message 239
Performance test message 240
Performance test message 241
Performance test message 242
Performance test message 243
Performance test message 244
Performance test message 245
Performance test message 246
Performance test message 247
Performance test message 248
Performance test message 249
Performance test message 250
Performance test message 251
Performance test message 252
Performance test message 253
Performance test message 254
Performance test message 255
Performance test message 256
Performance test message 257
Performance test message 258
Performance test message 259
Performance test message 260
Performance test message 261
Performance test message 262
Performance test message 263
Performance test message 264
Performance test message 265
Performance test message 266
Performance test message 267
Performance test message 268
Performance test message 269
Performance test message 270
Performance test message 271
Performance test message 272
Performance test message 273
Performance test message 274
Performance test message 275
Performance test message 276
Performance test message 277
Performance test message 278
Performance test message 279
Performance test message 280
Performance test message 281
Performance test message 282
Performance test message 283
Performance test message 284
Performance test message 285
Performance test message 286
Performance test message 287
Performance test message 288
Performance test message 289
Performance test message 290
Performance test message 291
Performance test message 292
Performance test message 293
Performance test message 294
Performance test message 295
Performance test message 296
Performance test message 297
Performance test message 298
Performance test message 299
Performance test message 300
Performance test message 301
Performance test message 302
Performance test message 303
Performance test message 304
Performance test message 305
Performance test message 306
Performance test message 307
Performance test message 308
Performance test message 309
Performance test message 310
Performance test message 311
Performance test message 312
Performance test message 313
Performance test message 314
Performance test message 315
Performance test message 316
Performance test message 317
Performance test message 318
Performance test message 319
Performance test message 320
Performance test message 321
Performance test message 322
Performance test message 323
Performance test message 324
Performance test message 325
Performance test message 326
Performance test message 327
Performance test message 328
Performance test message 329
Performance test message 330
Performance test message 331
Performance test message 332
Performance test message 333
Performance test message 334
Performance test message 335
Performance test message 336
Performance test message 337
Performance test message 338
Performance test message 339
Performance test message 340
Performance test message 341
Performance test message 342
Performance test message 343
Performance test message 344
Performance test message 345
Performance test message 346
Performance test message 347
Performance test message 348
Performance test message 349
Performance test message 350
Performance test message 351
Performance test message 352
Performance test message 353
Performance test message 354
Performance test message 355
Performance test message 356
Performance test message 357
Performance test message 358
Performance test message 359
Performance test message 360
Performance test message 361
Performance test message 362
Performance test message 363
Performance test message 364
Performance test message 365
Performance test message 366
Performance test message 367
Performance test message 368
Performance test message 369
Performance test message 370
Performance test message 371
Performance test message 372
Performance test message 373
Performance test message 374
Performance test message 375
Performance test message 376
Performance test message 377
Performance test message 378
Performance test message 379
Performance test message 380
Performance test message 381
Performance test message 382
Performance test message 383
Performance test message 384
Performance test message 385
Performance test message 386
Performance test message 387
Performance test message 388
Performance test message 389
Performance test message 390
Performance test message 391
Performance test message 392
Performance test message 393
Performance test message 394
Performance test message 395
Performance test message 396
Performance test message 397
Performance test message 398
Performance test message 399
Performance test message 400
Performance test message 401
Performance test message 402
Performance test message 403
Performance test message 404
Performance test message 405
Performance test message 406
Performance test message 407
Performance test message 408
Performance test message 409
Performance test message 410
Performance test message 411
Performance test message 412
Performance test message 413
Performance test message 414
Performance test message 415
Performance test message 416
Performance test message 417
Performance test message 418
Performance test message 419
Performance test message 420
Performance test message 421
Performance test message 422
Performance test message 423
Performance test message 424
Performance test message 425
Performance test message 426
Performance test message 427
Performance test message 428
Performance test message 429
Performance test message 430
Performance test message 431
Performance test message 432
Performance test message 433
Performance test message 434
Performance test message 435
Performance test message 436
Performance test message 437
Performance test message 438
Performance test message 439
Performance test message 440
Performance test message 441
Performance test message 442
Performance test message 443
Performance test message 444
Performance test message 445
Performance test message 446
Performance test message 447
Performance test message 448
Performance test message 449
Performance test message 450
Performance test message 451
Performance test message 452
Performance test message 453
Performance test message 454
Performance test message 455
Performance test message 456
Performance test message 457
Performance test message 458
Performance test message 459
Performance test message 460
Performance test message 461
Performance test message 462
Performance test message 463
Performance test message 464
Performance test message 465
Performance test message 466
Performance test message 467
Performance test message 468
Performance test message 469
Performance test message 470
Performance test message 471
Performance test message 472
Performance test message 473
Performance test message 474
Performance test message 475
Performance test message 476
Performance test message 477
Performance test message 478
Performance test message 479
Performance test message 480
Performance test message 481
Performance test message 482
Performance test message 483
Performance test message 484
Performance test message 485
Performance test message 486
Performance test message 487
Performance test message 488
Performance test message 489
Performance test message 490
Performance test message 491
Performance test message 492
Performance test message 493
Performance test message 494
Performance test message 495
Performance test message 496
Performance test message 497
Performance test message 498
Performance test message 499
Performance test message 500
Performance test message 501
Performance test message 502
Performance test message 503
Performance test message 504
Performance test message 505
Performance test message 506
Performance test message 507
Performance test message 508
Performance test message 509
Performance test message 510
Performance test message 511
Performance test message 512
Performance test message 513
Performance test message 514
Performance test message 515
Performance test message 516
Performance test message 517
Performance test message 518
Performance test message 519
Performance test message 520
Performance test message 521
Performance test message 522
Performance test message 523
Performance test message 524
Performance test message 525
Performance test message 526
Performance test message 527
Performance test message 528
Performance test message 529
Performance test message 530
Performance test message 531
Performance test message 532
Performance test message 533
Performance test message 534
Performance test message 535
Performance test message 536
Performance test message 537
Performance test message 538
Performance test message 539
Performance test message 540
Performance test message 541
Performance test message 542
Performance test message 543
Performance test message 544
Performance test message 545
Performance test message 546
Performance test message 547
Performance test message 548
Performance test message 549
Performance test message 550
Performance test message 551
Performance test message 552
Performance test message 553
Performance test message 554
Performance test message 555
Performance test message 556
Performance test message 557
Performance test message 558
Performance test message 559
Performance test message 560
Performance test message 561
Performance test message 562
Performance test message 563
Performance test message 564
Performance test message 565
Performance test message 566
Performance test message 567
Performance test message 568
Performance test message 569
Performance test message 570
Performance test message 571
Performance test message 572
Performance test message 573
Performance test message 574
Performance test message 575
Performance test message 576
Performance test message 577
Performance test message 578
Performance test message 579
Performance test message 580
Performance test message 581
Performance test message 582
Performance test message 583
Performance test message 584
Performance test message 585
Performance test message 586
Performance test message 587
Performance test message 588
Performance test message 589
Performance test message 590
Performance test message 591
Performance test message 592
Performance test message 593
Performance test message 594
Performance test message 595
Performance test message 596
Performance test message 597
Performance test message 598
Performance test message 599
Performance test message 600
Performance test message 601
Performance test message 602
Performance test message 603
Performance test message 604
Performance test message 605
Performance test message 606
Performance test message 607
Performance test message 608
Performance test message 609
Performance test message 610
Performance test message 611
Performance test message 612
Performance test message 613
Performance test message 614
Performance test message 615
Performance test message 616
Performance test message 617
Performance test message 618
Performance test message 619
Performance test message 620
Performance test message 621
Performance test message 622
Performance test message 623
Performance test message 624
Performance test message 625
Performance test message 626
Performance test message 627
Performance test message 628
Performance test message 629
Performance test message 630
Performance test message 631
Performance test message 632
Performance test message 633
Performance test message 634
Performance test message 635
Performance test message 636
Performance test message 637
Performance test message 638
Performance test message 639
Performance test message 640
Performance test message 641
Performance test message 642
Performance test message 643
Performance test message 644
Performance test message 645
Performance test message 646
Performance test message 647
Performance test message 648
Performance test message 649
Performance test message 650
Performance test message 651
Performance test message 652
Performance test message 653
Performance test message 654
Performance test message 655
Performance test message 656
Performance test message 657
Performance test message 658
Performance test message 659
Performance test message 660
Performance test message 661
Performance test message 662
Performance test message 663
Performance test message 664
Performance test message 665
Performance test message 666
Performance test message 667
Performance test message 668
Performance test message 669
Performance test message 670
Performance test message 671
Performance test message 672
Performance test message 673
Performance test message 674
Performance test message 675
Performance test message 676
Performance test message 677
Performance test message 678
Performance test message 679
Performance test message 680
Performance test message 681
Performance test message 682
Performance test message 683
Performance test message 684
Performance test message 685
Performance test message 686
Performance test message 687
Performance test message 688
Performance test message 689
Performance test message 690
Performance test message 691
Performance test message 692
Performance test message 693
Performance test message 694
Performance test message 695
Performance test message 696
Performance test message 697
Performance test message 698
Performance test message 699
Performance test message 700
Performance test message 701
Performance test message 702
Performance test message 703
Performance test message 704
Performance test message 705
Performance test message 706
Performance test message 707
Performance test message 708
Performance test message 709
Performance test message 710
Performance test message 711
Performance test message 712
Performance test message 713
Performance test message 714
Performance test message 715
Performance test message 716
Performance test message 717
Performance test message 718
Performance test message 719
Performance test message 720
Performance test message 721
Performance test message 722
Performance test message 723
Performance test message 724
Performance test message 725
Performance test message 726
Performance test message 727
Performance test message 728
Performance test message 729
Performance test message 730
Performance test message 731
Performance test message 732
Performance test message 733
Performance test message 734
Performance test message 735
Performance test message 736
Performance test message 737
Performance test message 738
Performance test message 739
Performance test message 740
Performance test message 741
Performance test message 742
Performance test message 743
Performance test message 744
Performance test message 745
Performance test message 746
Performance test message 747
Performance test message 748
Performance test message 749
Performance test message 750
Performance test message 751
Performance test message 752
Performance test message 753
Performance test message 754
Performance test message 755
Performance test message 756
Performance test message 757
Performance test message 758
Performance test message 759
Performance test message 760
Performance test message 761
Performance test message 762
Performance test message 763
Performance test message 764
Performance test message 765
Performance test message 766
Performance test message 767
Performance test message 768
Performance test message 769
Performance test message 770
Performance test message 771
Performance test message 772
Performance test message 773
Performance test message 774
Performance test message 775
Performance test message 776
Performance test message 777
Performance test message 778
Performance test message 779
Performance test message 780
Performance test message 781
Performance test message 782
Performance test message 783
Performance test message 784
Performance test message 785
Performance test message 786
Performance test message 787
Performance test message 788
Performance test message 789
Performance test message 790
Performance test message 791
Performance test message 792
Performance test message 793
Performance test message 794
Performance test message 795
Performance test message 796
Performance test message 797
Performance test message 798
Performance test message 799
Performance test message 800
Performance test message 801
Performance test message 802
Performance test message 803
Performance test message 804
Performance test message 805
Performance test message 806
Performance test message 807
Performance test message 808
Performance test message 809
Performance test message 810
Performance test message 811
Performance test message 812
Performance test message 813
Performance test message 814
Performance test message 815
Performance test message 816
Performance test message 817
Performance test message 818
Performance test message 819
Performance test message 820
Performance test message 821
Performance test message 822
Performance test message 823
Performance test message 824
Performance test message 825
Performance test message 826
Performance test message 827
Performance test message 828
Performance test message 829
Performance test message 830
Performance test message 831
Performance test message 832
Performance test message 833
Performance test message 834
Performance test message 835
Performance test message 836
Performance test message 837
Performance test message 838
Performance test message 839
Performance test message 840
Performance test message 841
Performance test message 842
Performance test message 843
Performance test message 844
Performance test message 845
Performance test message 846
Performance test message 847
Performance test message 848
Performance test message 849
Performance test message 850
Performance test message 851
Performance test message 852
Performance test message 853
Performance test message 854
Performance test message 855
Performance test message 856
Performance test message 857
Performance test message 858
Performance test message 859
Performance test message 860
Performance test message 861
Performance test message 862
Performance test message 863
Performance test message 864
Performance test message 865
Performance test message 866
Performance test message 867
Performance test message 868
Performance test message 869
Performance test message 870
Performance test message 871
Performance test message 872
Performance test message 873
Performance test message 874
Performance test message 875
Performance test message 876
Performance test message 877
Performance test message 878
Performance test message 879
Performance test message 880
Performance test message 881
Performance test message 882
Performance test message 883
Performance test message 884
Performance test message 885
Performance test message 886
Performance test message 887
Performance test message 888
Performance test message 889
Performance test message 890
Performance test message 891
Performance test message 892
Performance test message 893
Performance test message 894
Performance test message 895
Performance test message 896
Performance test message 897
Performance test message 898
Performance test message 899
Performance test message 900
Performance test message 901
Performance test message 902
Performance test message 903
Performance test message 904
Performance test message 905
Performance test message 906
Performance test message 907
Performance test message 908
Performance test message 909
Performance test message 910
Performance test message 911
Performance test message 912
Performance test message 913
Performance test message 914
Performance test message 915
Performance test message 916
Performance test message 917
Performance test message 918
Performance test message 919
Performance test message 920
Performance test message 921
Performance test message 922
Performance test message 923
Performance test message 924
Performance test message 925
Performance test message 926
Performance test message 927
Performance test message 928
Performance test message 929
Performance test message 930
Performance test message 931
Performance test message 932
Performance test message 933
Performance test message 934
Performance test message 935
Performance test message 936
Performance test message 937
Performance test message 938
Performance test message 939
Performance test message 940
Performance test message 941
Performance test message 942
Performance test message 943
Performance test message 944
Performance test message 945
Performance test message 946
Performance test message 947
Performance test message 948
Performance test message 949
Performance test message 950
Performance test message 951
Performance test message 952
Performance test message 953
Performance test message 954
Performance test message 955
Performance test message 956
Performance test message 957
Performance test message 958
Performance test message 959
Performance test message 960
Performance test message 961
Performance test message 962
Performance test message 963
Performance test message 964
Performance test message 965
Performance test message 966
Performance test message 967
Performance test message 968
Performance test message 969
Performance test message 970
Performance test message 971
Performance test message 972
Performance test message 973
Performance test message 974
Performance test message 975
Performance test message 976
Performance test message 977
Performance test message 978
Performance test message 979
Performance test message 980
Performance test message 981
Performance test message 982
Performance test message 983
Performance test message 984
Performance test message 985
Performance test message 986
Performance test message 987
Performance test message 988
Performance test message 989
Performance test message 990
Performance test message 991
Performance test message 992
Performance test message 993
Performance test message 994
Performance test message 995
Performance test message 996
Performance test message 997
Performance test message 998
Performance test message 999
Performance test message 1000
Performance test message 1001
Performance test message 1002
Performance test message 1003
Performance test message 1004
Performance test message 1005
Performance test message 1006
Performance test message 1007
Performance test message 1008
Performance test message 1009
Performance test message 1010
Performance test message 1011
Performance test message 1012
Performance test message 1013
Performance test message 1014
Performance test message 1015
Performance test message 1016
Performance test message 1017
Performance test message 1018
Performance test message 1019
Performance test message 1020
Performance test message 1021
Performance test message 1022
Performance test message 1023
Performance test message 1024
Performance test message 1025
Performance test message 1026
Performance test message 1027
Performance test message 1028
Performance test message 1029
Performance test message 1030
Performance test message 1031
Performance test message 1032
Performance test message 1033
Performance test message 1034
Performance test message 1035
Performance test message 1036
Performance test message 1037
Performance test message 1038
Performance test message 1039
Performance test message 1040
Performance test message 1041
Performance test message 1042
Performance test message 1043
Performance test message 1044
Performance test message 1045
Performance test message 1046
Performance test message 1047
Performance test message 1048
Performance test message 1049
Performance test message 1050
Performance test message 1051
Performance test message 1052
Performance test message 1053
Performance test message 1054
Performance test message 1055
Performance test message 1056
Performance test message 1057
Performance test message 1058
Performance test message 1059
Performance test message 1060
Performance test message 1061
Performance test message 1062
Performance test message 1063
Performance test message 1064
Performance test message 1065
Performance test message 1066
Performance test message 1067
Performance test message 1068
Performance test message 1069
Performance test message 1070
Performance test message 1071
Performance test message 1072
Performance test message 1073
Performance test message 1074
Performance test message 1075
Performance test message 1076
Performance test message 1077
Performance test message 1078
Performance test message 1079
Performance test message 1080
Performance test message 1081
Performance test message 1082
Performance test message 1083
Performance test message 1084
Performance test message 1085
Performance test message 1086
Performance test message 1087
Performance test message 1088
Performance test message 1089
Performance test message 1090
Performance test message 1091
Performance test message 1092
Performance test message 1093
Performance test message 1094
Performance test message 1095
Performance test message 1096
Performance test message 1097
Performance test message 1098
Performance test message 1099
Performance test message 1100
Performance test message 1101
Performance test message 1102
Performance test message 1103
Performance test message 1104
Performance test message 1105
Performance test message 1106
Performance test message 1107
Performance test message 1108
Performance test message 1109
Performance test message 1110
Performance test message 1111
Performance test message 1112
Performance test message 1113
Performance test message 1114
Performance test message 1115
Performance test message 1116
Performance test message 1117
Performance test message 1118
Performance test message 1119
Performance test message 1120
Performance test message 1121
Performance test message 1122
Performance test message 1123
Performance test message 1124
Performance test message 1125
Performance test message 1126
Performance test message 1127
Performance test message 1128
Performance test message 1129
Performance test message 1130
Performance test message 1131
Performance test message 1132
Performance test message 1133
Performance test message 1134
Performance test message 1135
Performance test message 1136
Performance test message 1137
Performance test message 1138
Performance test message 1139
Performance test message 1140
Performance test message 1141
Performance test message 1142
Performance test message 1143
Performance test message 1144
Performance test message 1145
Performance test message 1146
Performance test message 1147
Performance test message 1148
Performance test message 1149
Performance test message 1150
Performance test message 1151
Performance test message 1152
Performance test message 1153
Performance test message 1154
Performance test message 1155
Performance test message 1156
Performance test message 1157
Performance test message 1158
Performance test message 1159
Performance test message 1160
Performance test message 1161
Performance test message 1162
Performance test message 1163
Performance test message 1164
Performance test message 1165
Performance test message 1166
Performance test message 1167
Performance test message 1168
Performance test message 1169
Performance test message 1170
Performance test message 1171
Performance test message 1172
Performance test message 1173
Performance test message 1174
Performance test message 1175
Performance test message 1176
Performance test message 1177
Performance test message 1178
Performance test message 1179
Performance test message 1180
Performance test message 1181
Performance test message 1182
Performance test message 1183
Performance test message 1184
Performance test message 1185
Performance test message 1186
Performance test message 1187
Performance test message 1188
Performance test message 1189
Performance test message 1190
Performance test message 1191
Performance test message 1192
Performance test message 1193
Performance test message 1194
Performance test message 1195
Performance test message 1196
Performance test message 1197
Performance test message 1198
Performance test message 1199
Performance test message 1200
Performance test message 1201
Performance test message 1202
Performance test message 1203
Performance test message 1204
Performance test message 1205
Performance test message 1206
Performance test message 1207
Performance test message 1208
Performance test message 1209
Performance test message 1210
Performance test message 1211
Performance test message 1212
Performance test message 1213
Performance test message 1214
Performance test message 1215
Performance test message 1216
Performance test message 1217
Performance test message 1218
Performance test message 1219
Performance test message 1220
Performance test message 1221
Performance test message 1222
Performance test message 1223
Performance test message 1224
Performance test message 1225
Performance test message 1226
Performance test message 1227
Performance test message 1228
Performance test message 1229
Performance test message 1230
Performance test message 1231
Performance test message 1232
Performance test message 1233
Performance test message 1234
Performance test message 1235
Performance test message 1236
Performance test message 1237
Performance test message 1238
Performance test message 1239
Performance test message 1240
Performance test message 1241
Performance test message 1242
Performance test message 1243
Performance test message 1244
Performance test message 1245
Performance test message 1246
Performance test message 1247
Performance test message 1248
Performance test message 1249
Performance test message 1250
Performance test message 1251
Performance test message 1252
Performance test message 1253
Performance test message 1254
Performance test message 1255
Performance test message 1256
Performance test message 1257
Performance test message 1258
Performance test message 1259
Performance test message 1260
Performance test message 1261
Performance test message 1262
Performance test message 1263
Performance test message 1264
Performance test message 1265
Performance test message 1266
Performance test message 1267
Performance test message 1268
Performance test message 1269
Performance test message 1270
Performance test message 1271
Performance test message 1272
Performance test message 1273
Performance test message 1274
Performance test message 1275
Performance test message 1276
Performance test message 1277
Performance test message 1278
Performance test message 1279
Performance test message 1280
Performance test message 1281
Performance test message 1282
Performance test message 1283
Performance test message 1284
Performance test message 1285
Performance test message 1286
Performance test message 1287
Performance test message 1288
Performance test message 1289
Performance test message 1290
Performance test message 1291
Performance test message 1292
Performance test message 1293
Performance test message 1294
Performance test message 1295
Performance test message 1296
Performance test message 1297
Performance test message 1298
Performance test message 1299
Performance test message 1300
Performance test message 1301
Performance test message 1302
Performance test message 1303
Performance test message 1304
Performance test message 1305
Performance test message 1306
Performance test message 1307
Performance test message 1308
Performance test message 1309
Performance test message 1310
Performance test message 1311
Performance test message 1312
Performance test message 1313
Performance test message 1314
Performance test message 1315
Performance test message 1316
Performance test message 1317
Performance test message 1318
Performance test message 1319
Performance test message 1320
Performance test message 1321
Performance test message 1322
Performance test message 1323
Performance test message 1324
Performance test message 1325
Performance test message 1326
Performance test message 1327
Performance test message 1328
Performance test message 1329
Performance test message 1330
Performance test message 1331
Performance test message 1332
Performance test message 1333
Performance test message 1334
Performance test message 1335
Performance test message 1336
Performance test message 1337
Performance test message 1338
Performance test message 1339
Performance test message 1340
Performance test message 1341
Performance test message 1342
Performance test message 1343
Performance test message 1344
Performance test message 1345
Performance test message 1346
Performance test message 1347
Performance test message 1348
Performance test message 1349
Performance test message 1350
Performance test message 1351
Performance test message 1352
Performance test message 1353
Performance test message 1354
Performance test message 1355
Performance test message 1356
Performance test message 1357
Performance test message 1358
Performance test message 1359
Performance test message 1360
Performance test message 1361
Performance test message 1362
Performance test message 1363
Performance test message 1364
Performance test message 1365
Performance test message 1366
Performance test message 1367
Performance test message 1368
Performance test message 1369
Performance test message 1370
Performance test message 1371
Performance test message 1372
Performance test message 1373
Performance test message 1374
Performance test message 1375
Performance test message 1376
Performance test message 1377
Performance test message 1378
Performance test message 1379
Performance test message 1380
Performance test message 1381
Performance test message 1382
Performance test message 1383
Performance test message 1384
Performance test message 1385
Performance test message 1386
Performance test message 1387
Performance test message 1388
Performance test message 1389
Performance test message 1390
Performance test message 1391
Performance test message 1392
Performance test message 1393
Performance test message 1394
Performance test message 1395
Performance test message 1396
Performance test message 1397
Performance test message 1398
Performance test message 1399
Performance test message 1400
Performance test message 1401
Performance test message 1402
Performance test message 1403
Performance test message 1404
Performance test message 1405
Performance test message 1406
Performance test message 1407
Performance test message 1408
Performance test message 1409
Performance test message 1410
Performance test message 1411
Performance test message 1412
Performance test message 1413
Performance test message 1414
Performance test message 1415
Performance test message 1416
Performance test message 1417
Performance test message 1418
Performance test message 1419
Performance test message 1420
Performance test message 1421
Performance test message 1422
Performance test message 1423
Performance test message 1424
Performance test message 1425
Performance test message 1426
Performance test message 1427
Performance test message 1428
Performance test message 1429
Performance test message 1430
Performance test message 1431
Performance test message 1432
Performance test message 1433
Performance test message 1434
Performance test message 1435
Performance test message 1436
Performance test message 1437
Performance test message 1438
Performance test message 1439
Performance test message 1440
Performance test message 1441
Performance test message 1442
Performance test message 1443
Performance test message 1444
Performance test message 1445
Performance test message 1446
Performance test message 1447
Performance test message 1448
Performance test message 1449
Performance test message 1450
Performance test message 1451
Performance test message 1452
Performance test message 1453
Performance test message 1454
Performance test message 1455
Performance test message 1456
Performance test message 1457
Performance test message 1458
Performance test message 1459
Performance test message 1460
Performance test message 1461
Performance test message 1462
Performance test message 1463
Performance test message 1464
Performance test message 1465
Performance test message 1466
Performance test message 1467
Performance test message 1468
Performance test message 1469
Performance test message 1470
Performance test message 1471
Performance test message 1472
Performance test message 1473
Performance test message 1474
Performance test message 1475
Performance test message 1476
Performance test message 1477
Performance test message 1478
Performance test message 1479
Performance test message 1480
Performance test message 1481
Performance test message 1482
Performance test message 1483
Performance test message 1484
Performance test message 1485
Performance test message 1486
Performance test message 1487
Performance test message 1488
Performance test message 1489
Performance test message 1490
Performance test message 1491
Performance test message 1492
Performance test message 1493
Performance test message 1494
Performance test message 1495
Performance test message 1496
Performance test message 1497
Performance test message 1498
Performance test message 1499
Performance test message 1500
Performance test message 1501
Performance test message 1502
Performance test message 1503
Performance test message 1504
Performance test message 1505
Performance test message 1506
Performance test message 1507
Performance test message 1508
Performance test message 1509
Performance test message 1510
Performance test message 1511
Performance test message 1512
Performance test message 1513
Performance test message 1514
Performance test message 1515
Performance test message 1516
Performance test message 1517
Performance test message 1518
Performance test message 1519
Performance test message 1520
Performance test message 1521
Performance test message 1522
Performance test message 1523
Performance test message 1524
Performance test message 1525
Performance test message 1526
Performance test message 1527
Performance test message 1528
Performance test message 1529
Performance test message 1530
Performance test message 1531
Performance test message 1532
Performance test message 1533
Performance test message 1534
Performance test message 1535
Performance test message 1536
Performance test message 1537
Performance test message 1538
Performance test message 1539
Performance test message 1540
Performance test message 1541
Performance test message 1542
Performance test message 1543
Performance test message 1544
Performance test message 1545
Performance test message 1546
Performance test message 1547
Performance test message 1548
Performance test message 1549
Performance test message 1550
Performance test message 1551
Performance test message 1552
Performance test message 1553
Performance test message 1554
Performance test message 1555
Performance test message 1556
Performance test message 1557
Performance test message 1558
Performance test message 1559
Performance test message 1560
Performance test message 1561
Performance test message 1562
Performance test message 1563
Performance test message 1564
Performance test message 1565
Performance test message 1566
Performance test message 1567
Performance test message 1568
Performance test message 1569
Performance test message 1570
Performance test message 1571
Performance test message 1572
Performance test message 1573
Performance test message 1574
Performance test message 1575
Performance test message 1576
Performance test message 1577
Performance test message 1578
Performance test message 1579
Performance test message 1580
Performance test message 1581
Performance test message 1582
Performance test message 1583
Performance test message 1584
Performance test message 1585
Performance test message 1586
Performance test message 1587
Performance test message 1588
Performance test message 1589
Performance test message 1590
Performance test message 1591
Performance test message 1592
Performance test message 1593
Performance test message 1594
Performance test message 1595
Performance test message 1596
Performance test message 1597
Performance test message 1598
Performance test message 1599
Performance test message 1600
Performance test message 1601
Performance test message 1602
Performance test message 1603
Performance test message 1604
Performance test message 1605
Performance test message 1606
Performance test message 1607
Performance test message 1608
Performance test message 1609
Performance test message 1610
Performance test message 1611
Performance test message 1612
Performance test message 1613
Performance test message 1614
Performance test message 1615
Performance test message 1616
Performance test message 1617
Performance test message 1618
Performance test message 1619
Performance test message 1620
Performance test message 1621
Performance test message 1622
Performance test message 1623
Performance test message 1624
Performance test message 1625
Performance test message 1626
Performance test message 1627
Performance test message 1628
Performance test message 1629
Performance test message 1630
Performance test message 1631
Performance test message 1632
Performance test message 1633
Performance test message 1634
Performance test message 1635
Performance test message 1636
Performance test message 1637
Performance test message 1638
Performance test message 1639
Performance test message 1640
Performance test message 1641
Performance test message 1642
Performance test message 1643
Performance test message 1644
Performance test message 1645
Performance test message 1646
Performance test message 1647
Performance test message 1648
Performance test message 1649
Performance test message 1650
Performance test message 1651
Performance test message 1652
Performance test message 1653
Performance test message 1654
Performance test message 1655
Performance test message 1656
Performance test message 1657
Performance test message 1658
Performance test message 1659
Performance test message 1660
Performance test message 1661
Performance test message 1662
Performance test message 1663
Performance test message 1664
Performance test message 1665
Performance test message 1666
Performance test message 1667
Performance test message 1668
Performance test message 1669
Performance test message 1670
Performance test message 1671
Performance test message 1672
Performance test message 1673
Performance test message 1674
Performance test message 1675
Performance test message 1676
Performance test message 1677
Performance test message 1678
Performance test message 1679
Performance test message 1680
Performance test message 1681
Performance test message 1682
Performance test message 1683
Performance test message 1684
Performance test message 1685
Performance test message 1686
Performance test message 1687
Performance test message 1688
Performance test message 1689
Performance test message 1690
Performance test message 1691
Performance test message 1692
Performance test message 1693
Performance test message 1694
Performance test message 1695
Performance test message 1696
Performance test message 1697
Performance test message 1698
Performance test message 1699
Performance test message 1700
Performance test message 1701
Performance test message 1702
Performance test message 1703
Performance test message 1704
Performance test message 1705
Performance test message 1706
Performance test message 1707
Performance test message 1708
Performance test message 1709
Performance test message 1710
Performance test message 1711
Performance test message 1712
Performance test message 1713
Performance test message 1714
Performance test message 1715
Performance test message 1716
Performance test message 1717
Performance test message 1718
Performance test message 1719
Performance test message 1720
Performance test message 1721
Performance test message 1722
Performance test message 1723
Performance test message 1724
Performance test message 1725
Performance test message 1726
Performance test message 1727
Performance test message 1728
Performance test message 1729
Performance test message 1730
Performance test message 1731
Performance test message 1732
Performance test message 1733
Performance test message 1734
Performance test message 1735
Performance test message 1736
Performance test message 1737
Performance test message 1738
Performance test message 1739
Performance test message 1740
Performance test message 1741
Performance test message 1742
Performance test message 1743
Performance test message 1744
Performance test message 1745
Performance test message 1746
Performance test message 1747
Performance test message 1748
Performance test message 1749
Performance test message 1750
Performance test message 1751
Performance test message 1752
Performance test message 1753
Performance test message 1754
Performance test message 1755
Performance test message 1756
Performance test message 1757
Performance test message 1758
Performance test message 1759
Performance test message 1760
Performance test message 1761
Performance test message 1762
Performance test message 1763
Performance test message 1764
Performance test message 1765
Performance test message 1766
Performance test message 1767
Performance test message 1768
Performance test message 1769
Performance test message 1770
Performance test message 1771
Performance test message 1772
Performance test message 1773
Performance test message 1774
Performance test message 1775
Performance test message 1776
Performance test message 1777
Performance test message 1778
Performance test message 1779
Performance test message 1780
Performance test message 1781
Performance test message 1782
Performance test message 1783
Performance test message 1784
Performance test message 1785
Performance test message 1786
Performance test message 1787
Performance test message 1788
Performance test message 1789
Performance test message 1790
Performance test message 1791
Performance test message 1792
Performance test message 1793
Performance test message 1794
Performance test message 1795
Performance test message 1796
Performance test message 1797
Performance test message 1798
Performance test message 1799
Performance test message 1800
Performance test message 1801
Performance test message 1802
Performance test message 1803
Performance test message 1804
Performance test message 1805
Performance test message 1806
Performance test message 1807
Performance test message 1808
Performance test message 1809
Performance test message 1810
Performance test message 1811
Performance test message 1812
Performance test message 1813
Performance test message 1814
Performance test message 1815
Performance test message 1816
Performance test message 1817
Performance test message 1818
Performance test message 1819
Performance test message 1820
Performance test message 1821
Performance test message 1822
Performance test message 1823
Performance test message 1824
Performance test message 1825
Performance test message 1826
Performance test message 1827
Performance test message 1828
Performance test message 1829
Performance test message 1830
Performance test message 1831
Performance test message 1832
Performance test message 1833
Performance test message 1834
Performance test message 1835
Performance test message 1836
Performance test message 1837
Performance test message 1838
Performance test message 1839
Performance test message 1840
Performance test message 1841
Performance test message 1842
Performance test message 1843
Performance test message 1844
Performance test message 1845
Performance test message 1846
Performance test message 1847
Performance test message 1848
Performance test message 1849
Performance test message 1850
Performance test message 1851
Performance test message 1852
Performance test message 1853
Performance test message 1854
Performance test message 1855
Performance test message 1856
Performance test message 1857
Performance test message 1858
Performance test message 1859
Performance test message 1860
Performance test message 1861
Performance test message 1862
Performance test message 1863
Performance test message 1864
Performance test message 1865
Performance test message 1866
Performance test message 1867
Performance test message 1868
Performance test message 1869
Performance test message 1870
Performance test message 1871
Performance test message 1872
Performance test message 1873
Performance test message 1874
Performance test message 1875
Performance test message 1876
Performance test message 1877
Performance test message 1878
Performance test message 1879
Performance test message 1880
Performance test message 1881
Performance test message 1882
Performance test message 1883
Performance test message 1884
Performance test message 1885
Performance test message 1886
Performance test message 1887
Performance test message 1888
Performance test message 1889
Performance test message 1890
Performance test message 1891
Performance test message 1892
Performance test message 1893
Performance test message 1894
Performance test message 1895
Performance test message 1896
Performance test message 1897
Performance test message 1898
Performance test message 1899
Performance test message 1900
Performance test message 1901
Performance test message 1902
Performance test message 1903
Performance test message 1904
Performance test message 1905
Performance test message 1906
Performance test message 1907
Performance test message 1908
Performance test message 1909
Performance test message 1910
Performance test message 1911
Performance test message 1912
Performance test message 1913
Performance test message 1914
Performance test message 1915
Performance test message 1916
Performance test message 1917
Performance test message 1918
Performance test message 1919
Performance test message 1920
Performance test message 1921
Performance test message 1922
Performance test message 1923
Performance test message 1924
Performance test message 1925
Performance test message 1926
Performance test message 1927
Performance test message 1928
Performance test message 1929
Performance test message 1930
Performance test message 1931
Performance test message 1932
Performance test message 1933
Performance test message 1934
Performance test message 1935
Performance test message 1936
Performance test message 1937
Performance test message 1938
Performance test message 1939
Performance test message 1940
Performance test message 1941
Performance test message 1942
Performance test message 1943
Performance test message 1944
Performance test message 1945
Performance test message 1946
Performance test message 1947
Performance test message 1948
Performance test message 1949
Performance test message 1950
Performance test message 1951
Performance test message 1952
Performance test message 1953
Performance test message 1954
Performance test message 1955
Performance test message 1956
Performance test message 1957
Performance test message 1958
Performance test message 1959
Performance test message 1960
Performance test message 1961
Performance test message 1962
Performance test message 1963
Performance test message 1964
Performance test message 1965
Performance test message 1966
Performance test message 1967
Performance test message 1968
Performance test message 1969
Performance test message 1970
Performance test message 1971
Performance test message 1972
Performance test message 1973
Performance test message 1974
Performance test message 1975
Performance test message 1976
Performance test message 1977
Performance test message 1978
Performance test message 1979
Performance test message 1980
Performance test message 1981
Performance test message 1982
Performance test message 1983
Performance test message 1984
Performance test message 1985
Performance test message 1986
Performance test message 1987
Performance test message 1988
Performance test message 1989
Performance test message 1990
Performance test message 1991
Performance test message 1992
Performance test message 1993
Performance test message 1994
Performance test message 1995
Performance test message 1996
Performance test message 1997
Performance test message 1998
Performance test message 1999
Performance test message 2000
Performance test message 2001
Performance test message 2002
Performance test message 2003
Performance test message 2004
Performance test message 2005
Performance test message 2006
Performance test message 2007
Performance test message 2008
Performance test message 2009
Performance test message 2010
Performance test message 2011
Performance test message 2012
Performance test message 2013
Performance test message 2014
Performance test message 2015
Performance test message 2016
Performance test message 2017
Performance test message 2018
Performance test message 2019
Performance test message 2020
Performance test message 2021
Performance test message 2022
Performance test message 2023
Performance test message 2024
Performance test message 2025
Performance test message 2026
Performance test message 2027
Performance test message 2028
Performance test message 2029
Performance test message 2030
Performance test message 2031
Performance test message 2032
Performance test message 2033
Performance test message 2034
Performance test message 2035
Performance test message 2036
Performance test message 2037
Performance test message 2038
Performance test message 2039
Performance test message 2040
Performance test message 2041
Performance test message 2042
Performance test message 2043
Performance test message 2044
Performance test message 2045
Performance test message 2046
Performance test message 2047
Performance test message 2048
Performance test message 2049
Performance test message 2050
Performance test message 2051
Performance test message 2052
Performance test message 2053
Performance test message 2054
Performance test message 2055
Performance test message 2056
Performance test message 2057
Performance test message 2058
Performance test message 2059
Performance test message 2060
Performance test message 2061
Performance test message 2062
Performance test message 2063
Performance test message 2064
Performance test message 2065
Performance test message 2066
Performance test message 2067
Performance test message 2068
Performance test message 2069
Performance test message 2070
Performance test message 2071
Performance test message 2072
Performance test message 2073
Performance test message 2074
Performance test message 2075
Performance test message 2076
Performance test message 2077
Performance test message 2078
Performance test message 2079
Performance test message 2080
Performance test message 2081
Performance test message 2082
Performance test message 2083
Performance test message 2084
Performance test message 2085
Performance test message 2086
Performance test message 2087
Performance test message 2088
Performance test message 2089
Performance test message 2090
Performance test message 2091
Performance test message 2092
Performance test message 2093
Performance test message 2094
Performance test message 2095
Performance test message 2096
Performance test message 2097
Performance test message 2098
Performance test message 2099
Performance test message 2100
Performance test message 2101
Performance test message 2102
Performance test message 2103
Performance test message 2104
Performance test message 2105
Performance test message 2106
Performance test message 2107
Performance test message 2108
Performance test message 2109
Performance test message 2110
Performance test message 2111
Performance test message 2112
Performance test message 2113
Performance test message 2114
Performance test message 2115
Performance test message 2116
Performance test message 2117
Performance test message 2118
Performance test message 2119
Performance test message 2120
Performance test message 2121
Performance test message 2122
Performance test message 2123
Performance test message 2124
Performance test message 2125
Performance test message 2126
Performance test message 2127
Performance test message 2128
Performance test message 2129
Performance test message 2130
Performance test message 2131
Performance test message 2132
Performance test message 2133
Performance test message 2134
Performance test message 2135
Performance test message 2136
Performance test message 2137
Performance test message 2138
Performance test message 2139
Performance test message 2140
Performance test message 2141
Performance test message 2142
Performance test message 2143
Performance test message 2144
Performance test message 2145
Performance test message 2146
Performance test message 2147
Performance test message 2148
Performance test message 2149
Performance test message 2150
Performance test message 2151
Performance test message 2152
Performance test message 2153
Performance test message 2154
Performance test message 2155
Performance test message 2156
Performance test message 2157
Performance test message 2158
Performance test message 2159
Performance test message 2160
Performance test message 2161
Performance test message 2162
Performance test message 2163
Performance test message 2164
Performance test message 2165
Performance test message 2166
Performance test message 2167
Performance test message 2168
Performance test message 2169
Performance test message 2170
Performance test message 2171
Performance test message 2172
Performance test message 2173
Performance test message 2174
Performance test message 2175
Performance test message 2176
Performance test message 2177
Performance test message 2178
Performance test message 2179
Performance test message 2180
Performance test message 2181
Performance test message 2182
Performance test message 2183
Performance test message 2184
Performance test message 2185
Performance test message 2186
Performance test message 2187
Performance test message 2188
Performance test message 2189
Performance test message 2190
Performance test message 2191
Performance test message 2192
Performance test message 2193
Performance test message 2194
Performance test message 2195
Performance test message 2196
Performance test message 2197
Performance test message 2198
Performance test message 2199
Performance test message 2200
Performance test message 2201
Performance test message 2202
Performance test message 2203
Performance test message 2204
Performance test message 2205
Performance test message 2206
Performance test message 2207
Performance test message 2208
Performance test message 2209
Performance test message 2210
Performance test message 2211
Performance test message 2212
Performance test message 2213
Performance test message 2214
Performance test message 2215
Performance test message 2216
Performance test message 2217
Performance test message 2218
Performance test message 2219
Performance test message 2220
Performance test message 2221
Performance test message 2222
Performance test message 2223
Performance test message 2224
Performance test message 2225
Performance test message 2226
Performance test message 2227
Performance test message 2228
Performance test message 2229
Performance test message 2230
Performance test message 2231
Performance test message 2232
Performance test message 2233
Performance test message 2234
Performance test message 2235
Performance test message 2236
Performance test message 2237
Performance test message 2238
Performance test message 2239
Performance test message 2240
Performance test message 2241
Performance test message 2242
Performance test message 2243
Performance test message 2244
Performance test message 2245
Performance test message 2246
Performance test message 2247
Performance test message 2248
Performance test message 2249
Performance test message 2250
Performance test message 2251
Performance test message 2252
Performance test message 2253
Performance test message 2254
Performance test message 2255
Performance test message 2256
Performance test message 2257
Performance test message 2258
Performance test message 2259
Performance test message 2260
Performance test message 2261
Performance test message 2262
Performance test message 2263
Performance test message 2264
Performance test message 2265
Performance test message 2266
Performance test message 2267
Performance test message 2268
Performance test message 2269
Performance test message 2270
Performance test message 2271
Performance test message 2272
Performance test message 2273
Performance test message 2274
Performance test message 2275
Performance test message 2276
Performance test message 2277
Performance test message 2278
Performance test message 2279
Performance test message 2280
Performance test message 2281
Performance test message 2282
Performance test message 2283
Performance test message 2284
Performance test message 2285
Performance test message 2286
Performance test message 2287
Performance test message 2288
Performance test message 2289
Performance test message 2290
Performance test message 2291
Performance test message 2292
Performance test message 2293
Performance test message 2294
Performance test message 2295
Performance test message 2296
Performance test message 2297
Performance test message 2298
Performance test message 2299
Performance test message 2300
Performance test message 2301
Performance test message 2302
Performance test message 2303
Performance test message 2304
Performance test message 2305
Performance test message 2306
Performance test message 2307
Performance test message 2308
Performance test message 2309
Performance test message 2310
Performance test message 2311
Performance test message 2312
Performance test message 2313
Performance test message 2314
Performance test message 2315
Performance test message 2316
Performance test message 2317
Performance test message 2318
Performance test message 2319
Performance test message 2320
Performance test message 2321
Performance test message 2322
Performance test message 2323
Performance test message 2324
Performance test message 2325
Performance test message 2326
Performance test message 2327
Performance test message 2328
Performance test message 2329
Performance test message 2330
Performance test message 2331
Performance test message 2332
Performance test message 2333
Performance test message 2334
Performance test message 2335
Performance test message 2336
Performance test message 2337
Performance test message 2338
Performance test message 2339
Performance test message 2340
Performance test message 2341
Performance test message 2342
Performance test message 2343
Performance test message 2344
Performance test message 2345
Performance test message 2346
Performance test message 2347
Performance test message 2348
Performance test message 2349
Performance test message 2350
Performance test message 2351
Performance test message 2352
Performance test message 2353
Performance test message 2354
Performance test message 2355
Performance test message 2356
Performance test message 2357
Performance test message 2358
Performance test message 2359
Performance test message 2360
Performance test message 2361
Performance test message 2362
Performance test message 2363
Performance test message 2364
Performance test message 2365
Performance test message 2366
Performance test message 2367
Performance test message 2368
Performance test message 2369
Performance test message 2370
Performance test message 2371
Performance test message 2372
Performance test message 2373
Performance test message 2374
Performance test message 2375
Performance test message 2376
Performance test message 2377
Performance test message 2378
Performance test message 2379
Performance test message 2380
Performance test message 2381
Performance test message 2382
Performance test message 2383
Performance test message 2384
Performance test message 2385
Performance test message 2386
Performance test message 2387
Performance test message 2388
Performance test message 2389
Performance test message 2390
Performance test message 2391
Performance test message 2392
Performance test message 2393
Performance test message 2394
Performance test message 2395
Performance test message 2396
Performance test message 2397
Performance test message 2398
Performance test message 2399
Performance test message 2400
Performance test message 2401
Performance test message 2402
Performance test message 2403
Performance test message 2404
Performance test message 2405
Performance test message 2406
Performance test message 2407
Performance test message 2408
Performance test message 2409
Performance test message 2410
Performance test message 2411
Performance test message 2412
Performance test message 2413
Performance test message 2414
Performance test message 2415
Performance test message 2416
Performance test message 2417
Performance test message 2418
Performance test message 2419
Performance test message 2420
Performance test message 2421
Performance test message 2422
Performance test message 2423
Performance test message 2424
Performance test message 2425
Performance test message 2426
Performance test message 2427
Performance test message 2428
Performance test message 2429
Performance test message 2430
Performance test message 2431
Performance test message 2432
Performance test message 2433
Performance test message 2434
Performance test message 2435
Performance test message 2436
Performance test message 2437
Performance test message 2438
Performance test message 2439
Performance test message 2440
Performance test message 2441
Performance test message 2442
Performance test message 2443
Performance test message 2444
Performance test message 2445
Performance test message 2446
Performance test message 2447
Performance test message 2448
Performance test message 2449
Performance test message 2450
Performance test message 2451
Performance test message 2452
Performance test message 2453
Performance test message 2454
Performance test message 2455
Performance test message 2456
Performance test message 2457
Performance test message 2458
Performance test message 2459
Performance test message 2460
Performance test message 2461
Performance test message 2462
Performance test message 2463
Performance test message 2464
Performance test message 2465
Performance test message 2466
Performance test message 2467
Performance test message 2468
Performance test message 2469
Performance test message 2470
Performance test message 2471
Performance test message 2472
Performance test message 2473
Performance test message 2474
Performance test message 2475
Performance test message 2476
Performance test message 2477
Performance test message 2478
Performance test message 2479
Performance test message 2480
Performance test message 2481
Performance test message 2482
Performance test message 2483
Performance test message 2484
Performance test message 2485
Performance test message 2486
Performance test message 2487
Performance test message 2488
Performance test message 2489
Performance test message 2490
Performance test message 2491
Performance test message 2492
Performance test message 2493
Performance test message 2494
Performance test message 2495
Performance test message 2496
Performance test message 2497
Performance test message 2498
Performance test message 2499
Performance test message 2500
Performance test message 2501
Performance test message 2502
Performance test message 2503
Performance test message 2504
Performance test message 2505
Performance test message 2506
Performance test message 2507
Performance test message 2508
Performance test message 2509
Performance test message 2510
Performance test message 2511
Performance test message 2512
Performance test message 2513
Performance test message 2514
Performance test message 2515
Performance test message 2516
Performance test message 2517
Performance test message 2518
Performance test message 2519
Performance test message 2520
Performance test message 2521
Performance test message 2522
Performance test message 2523
Performance test message 2524
Performance test message 2525
Performance test message 2526
Performance test message 2527
Performance test message 2528
Performance test message 2529
Performance test message 2530
Performance test message 2531
Performance test message 2532
Performance test message 2533
Performance test message 2534
Performance test message 2535
Performance test message 2536
Performance test message 2537
Performance test message 2538
Performance test message 2539
Performance test message 2540
Performance test message 2541
Performance test message 2542
Performance test message 2543
Performance test message 2544
Performance test message 2545
Performance test message 2546
Performance test message 2547
Performance test message 2548
Performance test message 2549
Performance test message 2550
Performance test message 2551
Performance test message 2552
Performance test message 2553
Performance test message 2554
Performance test message 2555
Performance test message 2556
Performance test message 2557
Performance test message 2558
Performance test message 2559
Performance test message 2560
Performance test message 2561
Performance test message 2562
Performance test message 2563
Performance test message 2564
Performance test message 2565
Performance test message 2566
Performance test message 2567
Performance test message 2568
Performance test message 2569
Performance test message 2570
Performance test message 2571
Performance test message 2572
Performance test message 2573
Performance test message 2574
Performance test message 2575
Performance test message 2576
Performance test message 2577
Performance test message 2578
Performance test message 2579
Performance test message 2580
Performance test message 2581
Performance test message 2582
Performance test message 2583
Performance test message 2584
Performance test message 2585
Performance test message 2586
Performance test message 2587
Performance test message 2588
Performance test message 2589
Performance test message 2590
Performance test message 2591
Performance test message 2592
Performance test message 2593
Performance test message 2594
Performance test message 2595
Performance test message 2596
Performance test message 2597
Performance test message 2598
Performance test message 2599
Performance test message 2600
Performance test message 2601
Performance test message 2602
Performance test message 2603
Performance test message 2604
Performance test message 2605
Performance test message 2606
Performance test message 2607
Performance test message 2608
Performance test message 2609
Performance test message 2610
Performance test message 2611
Performance test message 2612
Performance test message 2613
Performance test message 2614
Performance test message 2615
Performance test message 2616
Performance test message 2617
Performance test message 2618
Performance test message 2619
Performance test message 2620
Performance test message 2621
Performance test message 2622
Performance test message 2623
Performance test message 2624
Performance test message 2625
Performance test message 2626
Performance test message 2627
Performance test message 2628
Performance test message 2629
Performance test message 2630
Performance test message 2631
Performance test message 2632
Performance test message 2633
Performance test message 2634
Performance test message 2635
Performance test message 2636
Performance test message 2637
Performance test message 2638
Performance test message 2639
Performance test message 2640
Performance test message 2641
Performance test message 2642
Performance test message 2643
Performance test message 2644
Performance test message 2645
Performance test message 2646
Performance test message 2647
Performance test message 2648
Performance test message 2649
Performance test message 2650
Performance test message 2651
Performance test message 2652
Performance test message 2653
Performance test message 2654
Performance test message 2655
Performance test message 2656
Performance test message 2657
Performance test message 2658
Performance test message 2659
Performance test message 2660
Performance test message 2661
Performance test message 2662
Performance test message 2663
Performance test message 2664
Performance test message 2665
Performance test message 2666
Performance test message 2667
Performance test message 2668
Performance test message 2669
Performance test message 2670
Performance test message 2671
Performance test message 2672
Performance test message 2673
Performance test message 2674
Performance test message 2675
Performance test message 2676
Performance test message 2677
Performance test message 2678
Performance test message 2679
Performance test message 2680
Performance test message 2681
Performance test message 2682
Performance test message 2683
Performance test message 2684
Performance test message 2685
Performance test message 2686
Performance test message 2687
Performance test message 2688
Performance test message 2689
Performance test message 2690
Performance test message 2691
Performance test message 2692
Performance test message 2693
Performance test message 2694
Performance test message 2695
Performance test message 2696
Performance test message 2697
Performance test message 2698
Performance test message 2699
Performance test message 2700
Performance test message 2701
Performance test message 2702
Performance test message 2703
Performance test message 2704
Performance test message 2705
Performance test message 2706
Performance test message 2707
Performance test message 2708
Performance test message 2709
Performance test message 2710
Performance test message 2711
Performance test message 2712
Performance test message 2713
Performance test message 2714
Performance test message 2715
Performance test message 2716
Performance test message 2717
Performance test message 2718
Performance test message 2719
Performance test message 2720
Performance test message 2721
Performance test message 2722
Performance test message 2723
Performance test message 2724
Performance test message 2725
Performance test message 2726
Performance test message 2727
Performance test message 2728
Performance test message 2729
Performance test message 2730
Performance test message 2731
Performance test message 2732
Performance test message 2733
Performance test message 2734
Performance test message 2735
Performance test message 2736
Performance test message 2737
Performance test message 2738
Performance test message 2739
Performance test message 2740
Performance test message 2741
Performance test message 2742
Performance test message 2743
Performance test message 2744
Performance test message 2745
Performance test message 2746
Performance test message 2747
Performance test message 2748
Performance test message 2749
Performance test message 2750
Performance test message 2751
Performance test message 2752
Performance test message 2753
Performance test message 2754
Performance test message 2755
Performance test message 2756
Performance test message 2757
Performance test message 2758
Performance test message 2759
Performance test message 2760
Performance test message 2761
Performance test message 2762
Performance test message 2763
Performance test message 2764
Performance test message 2765
Performance test message 2766
Performance test message 2767
Performance test message 2768
Performance test message 2769
Performance test message 2770
Performance test message 2771
Performance test message 2772
Performance test message 2773
Performance test message 2774
Performance test message 2775
Performance test message 2776
Performance test message 2777
Performance test message 2778
Performance test message 2779
Performance test message 2780
Performance test message 2781
Performance test message 2782
Performance test message 2783
Performance test message 2784
Performance test message 2785
Performance test message 2786
Performance test message 2787
Performance test message 2788
Performance test message 2789
Performance test message 2790
Performance test message 2791
Performance test message 2792
Performance test message 2793
Performance test message 2794
Performance test message 2795
Performance test message 2796
Performance test message 2797
Performance test message 2798
Performance test message 2799
Performance test message 2800
Performance test message 2801
Performance test message 2802
Performance test message 2803
Performance test message 2804
Performance test message 2805
Performance test message 2806
Performance test message 2807
Performance test message 2808
Performance test message 2809
Performance test message 2810
Performance test message 2811
Performance test message 2812
Performance test message 2813
Performance test message 2814
Performance test message 2815
Performance test message 2816
Performance test message 2817
Performance test message 2818
Performance test message 2819
Performance test message 2820
Performance test message 2821
Performance test message 2822
Performance test message 2823
Performance test message 2824
Performance test message 2825
Performance test message 2826
Performance test message 2827
Performance test message 2828
Performance test message 2829
Performance test message 2830
Performance test message 2831
Performance test message 2832
Performance test message 2833
Performance test message 2834
Performance test message 2835
Performance test message 2836
Performance test message 2837
Performance test message 2838
Performance test message 2839
Performance test message 2840
Performance test message 2841
Performance test message 2842
Performance test message 2843
Performance test message 2844
Performance test message 2845
Performance test message 2846
Performance test message 2847
Performance test message 2848
Performance test message 2849
Performance test message 2850
Performance test message 2851
Performance test message 2852
Performance test message 2853
Performance test message 2854
Performance test message 2855
Performance test message 2856
Performance test message 2857
Performance test message 2858
Performance test message 2859
Performance test message 2860
Performance test message 2861
Performance test message 2862
Performance test message 2863
Performance test message 2864
Performance test message 2865
Performance test message 2866
Performance test message 2867
Performance test message 2868
Performance test message 2869
Performance test message 2870
Performance test message 2871
Performance test message 2872
Performance test message 2873
Performance test message 2874
Performance test message 2875
Performance test message 2876
Performance test message 2877
Performance test message 2878
Performance test message 2879
Performance test message 2880
Performance test message 2881
Performance test message 2882
Performance test message 2883
Performance test message 2884
Performance test message 2885
Performance test message 2886
Performance test message 2887
Performance test message 2888
Performance test message 2889
Performance test message 2890
Performance test message 2891
Performance test message 2892
Performance test message 2893
Performance test message 2894
Performance test message 2895
Performance test message 2896
Performance test message 2897
Performance test message 2898
Performance test message 2899
Performance test message 2900
Performance test message 2901
Performance test message 2902
Performance test message 2903
Performance test message 2904
Performance test message 2905
Performance test message 2906
Performance test message 2907
Performance test message 2908
Performance test message 2909
Performance test message 2910
Performance test message 2911
Performance test message 2912
Performance test message 2913
Performance test message 2914
Performance test message 2915
Performance test message 2916
Performance test message 2917
Performance test message 2918
Performance test message 2919
Performance test message 2920
Performance test message 2921
Performance test message 2922
Performance test message 2923
Performance test message 2924
Performance test message 2925
Performance test message 2926
Performance test message 2927
Performance test message 2928
Performance test message 2929
Performance test message 2930
Performance test message 2931
Performance test message 2932
Performance test message 2933
Performance test message 2934
Performance test message 2935
Performance test message 2936
Performance test message 2937
Performance test message 2938
Performance test message 2939
Performance test message 2940
Performance test message 2941
Performance test message 2942
Performance test message 2943
Performance test message 2944
Performance test message 2945
Performance test message 2946
Performance test message 2947
Performance test message 2948
Performance test message 2949
Performance test message 2950
Performance test message 2951
Performance test message 2952
Performance test message 2953
Performance test message 2954
Performance test message 2955
Performance test message 2956
Performance test message 2957
Performance test message 2958
Performance test message 2959
Performance test message 2960
Performance test message 2961
Performance test message 2962
Performance test message 2963
Performance test message 2964
Performance test message 2965
Performance test message 2966
Performance test message 2967
Performance test message 2968
Performance test message 2969
Performance test message 2970
Performance test message 2971
Performance test message 2972
Performance test message 2973
Performance test message 2974
Performance test message 2975
Performance test message 2976
Performance test message 2977
Performance test message 2978
Performance test message 2979
Performance test message 2980
Performance test message 2981
Performance test message 2982
Performance test message 2983
Performance test message 2984
Performance test message 2985
Performance test message 2986
Performance test message 2987
Performance test message 2988
Performance test message 2989
Performance test message 2990
Performance test message 2991
Performance test message 2992
Performance test message 2993
Performance test message 2994
Performance test message 2995
Performance test message 2996
Performance test message 2997
Performance test message 2998
Performance test message 2999
Performance test message 3000
Performance test message 3001
Performance test message 3002
Performance test message 3003
Performance test message 3004
Performance test message 3005
Performance test message 3006
Performance test message 3007
Performance test message 3008
Performance test message 3009
Performance test message 3010
Performance test message 3011
Performance test message 3012
Performance test message 3013
Performance test message 3014
Performance test message 3015
Performance test message 3016
Performance test message 3017
Performance test message 3018
Performance test message 3019
Performance test message 3020
Performance test message 3021
Performance test message 3022
Performance test message 3023
Performance test message 3024
Performance test message 3025
Performance test message 3026
Performance test message 3027
Performance test message 3028
Performance test message 3029
Performance test message 3030
Performance test message 3031
Performance test message 3032
Performance test message 3033
Performance test message 3034
Performance test message 3035
Performance test message 3036
Performance test message 3037
Performance test message 3038
Performance test message 3039
Performance test message 3040
Performance test message 3041
Performance test message 3042
Performance test message 3043
Performance test message 3044
Performance test message 3045
Performance test message 3046
Performance test message 3047
Performance test message 3048
Performance test message 3049
Performance test message 3050
Performance test message 3051
Performance test message 3052
Performance test message 3053
Performance test message 3054
Performance test message 3055
Performance test message 3056
Performance test message 3057
Performance test message 3058
Performance test message 3059
Performance test message 3060
Performance test message 3061
Performance test message 3062
Performance test message 3063
Performance test message 3064
Performance test message 3065
Performance test message 3066
Performance test message 3067
Performance test message 3068
Performance test message 3069
Performance test message 3070
Performance test message 3071
Performance test message 3072
Performance test message 3073
Performance test message 3074
Performance test message 3075
Performance test message 3076
Performance test message 3077
Performance test message 3078
Performance test message 3079
Performance test message 3080
Performance test message 3081
Performance test message 3082
Performance test message 3083
Performance test message 3084
Performance test message 3085
Performance test message 3086
Performance test message 3087
Performance test message 3088
Performance test message 3089
Performance test message 3090
Performance test message 3091
Performance test message 3092
Performance test message 3093
Performance test message 3094
Performance test message 3095
Performance test message 3096
Performance test message 3097
Performance test message 3098
Performance test message 3099
Performance test message 3100
Performance test message 3101
Performance test message 3102
Performance test message 3103
Performance test message 3104
Performance test message 3105
Performance test message 3106
Performance test message 3107
Performance test message 3108
Performance test message 3109
Performance test message 3110
Performance test message 3111
Performance test message 3112
Performance test message 3113
Performance test message 3114
Performance test message 3115
Performance test message 3116
Performance test message 3117
Performance test message 3118
Performance test message 3119
Performance test message 3120
Performance test message 3121
Performance test message 3122
Performance test message 3123
Performance test message 3124
Performance test message 3125
Performance test message 3126
Performance test message 3127
Performance test message 3128
Performance test message 3129
Performance test message 3130
Performance test message 3131
Performance test message 3132
Performance test message 3133
Performance test message 3134
Performance test message 3135
Performance test message 3136
Performance test message 3137
Performance test message 3138
Performance test message 3139
Performance test message 3140
Performance test message 3141
Performance test message 3142
Performance test message 3143
Performance test message 3144
Performance test message 3145
Performance test message 3146
Performance test message 3147
Performance test message 3148
Performance test message 3149
Performance test message 3150
Performance test message 3151
Performance test message 3152
Performance test message 3153
Performance test message 3154
Performance test message 3155
Performance test message 3156
Performance test message 3157
Performance test message 3158
Performance test message 3159
Performance test message 3160
Performance test message 3161
Performance test message 3162
Performance test message 3163
Performance test message 3164
Performance test message 3165
Performance test message 3166
Performance test message 3167
Performance test message 3168
Performance test message 3169
Performance test message 3170
Performance test message 3171
Performance test message 3172
Performance test message 3173
Performance test message 3174
Performance test message 3175
Performance test message 3176
Performance test message 3177
Performance test message 3178
Performance test message 3179
Performance test message 3180
Performance test message 3181
Performance test message 3182
Performance test message 3183
Performance test message 3184
Performance test message 3185
Performance test message 3186
Performance test message 3187
Performance test message 3188
Performance test message 3189
Performance test message 3190
Performance test message 3191
Performance test message 3192
Performance test message 3193
Performance test message 3194
Performance test message 3195
Performance test message 3196
Performance test message 3197
Performance test message 3198
Performance test message 3199
Performance test message 3200
Performance test message 3201
Performance test message 3202
Performance test message 3203
Performance test message 3204
Performance test message 3205
Performance test message 3206
Performance test message 3207
Performance test message 3208
Performance test message 3209
Performance test message 3210
Performance test message 3211
Performance test message 3212
Performance test message 3213
Performance test message 3214
Performance test message 3215
Performance test message 3216
Performance test message 3217
Performance test message 3218
Performance test message 3219
Performance test message 3220
Performance test message 3221
Performance test message 3222
Performance test message 3223
Performance test message 3224
Performance test message 3225
Performance test message 3226
Performance test message 3227
Performance test message 3228
Performance test message 3229
Performance test message 3230
Performance test message 3231
Performance test message 3232
Performance test message 3233
Performance test message 3234
Performance test message 3235
Performance test message 3236
Performance test message 3237
Performance test message 3238
Performance test message 3239
Performance test message 3240
Performance test message 3241
Performance test message 3242
Performance test message 3243
Performance test message 3244
Performance test message 3245
Performance test message 3246
Performance test message 3247
Performance test message 3248
Performance test message 3249
Performance test message 3250
Performance test message 3251
Performance test message 3252
Performance test message 3253
Performance test message 3254
Performance test message 3255
Performance test message 3256
Performance test message 3257
Performance test message 3258
Performance test message 3259
Performance test message 3260
Performance test message 3261
Performance test message 3262
Performance test message 3263
Performance test message 3264
Performance test message 3265
Performance test message 3266
Performance test message 3267
Performance test message 3268
Performance test message 3269
Performance test message 3270
Performance test message 3271
Performance test message 3272
Performance test message 3273
Performance test message 3274
Performance test message 3275
Performance test message 3276
Performance test message 3277
Performance test message 3278
Performance test message 3279
Performance test message 3280
Performance test message 3281
Performance test message 3282
Performance test message 3283
Performance test message 3284
Performance test message 3285
Performance test message 3286
Performance test message 3287
Performance test message 3288
Performance test message 3289
Performance test message 3290
Performance test message 3291
Performance test message 3292
Performance test message 3293
Performance test message 3294
Performance test message 3295
Performance test message 3296
Performance test message 3297
Performance test message 3298
Performance test message 3299
Performance test message 3300
Performance test message 3301
Performance test message 3302
Performance test message 3303
Performance test message 3304
Performance test message 3305
Performance test message 3306
Performance test message 3307
Performance test message 3308
Performance test message 3309
Performance test message 3310
Performance test message 3311
Performance test message 3312
Performance test message 3313
Performance test message 3314
Performance test message 3315
Performance test message 3316
Performance test message 3317
Performance test message 3318
Performance test message 3319
Performance test message 3320
Performance test message 3321
Performance test message 3322
Performance test message 3323
Performance test message 3324
Performance test message 3325
Performance test message 3326
Performance test message 3327
Performance test message 3328
Performance test message 3329
Performance test message 3330
Performance test message 3331
Performance test message 3332
Performance test message 3333
Performance test message 3334
Performance test message 3335
Performance test message 3336
Performance test message 3337
Performance test message 3338
Performance test message 3339
Performance test message 3340
Performance test message 3341
Performance test message 3342
Performance test message 3343
Performance test message 3344
Performance test message 3345
Performance test message 3346
Performance test message 3347
Performance test message 3348
Performance test message 3349
Performance test message 3350
Performance test message 3351
Performance test message 3352
Performance test message 3353
Performance test message 3354
Performance test message 3355
Performance test message 3356
Performance test message 3357
Performance test message 3358
Performance test message 3359
Performance test message 3360
Performance test message 3361
Performance test message 3362
Performance test message 3363
Performance test message 3364
Performance test message 3365
Performance test message 3366
Performance test message 3367
Performance test message 3368
Performance test message 3369
Performance test message 3370
Performance test message 3371
Performance test message 3372
Performance test message 3373
Performance test message 3374
Performance test message 3375
Performance test message 3376
Performance test message 3377
Performance test message 3378
Performance test message 3379
Performance test message 3380
Performance test message 3381
Performance test message 3382
Performance test message 3383
Performance test message 3384
Performance test message 3385
Performance test message 3386
Performance test message 3387
Performance test message 3388
Performance test message 3389
Performance test message 3390
Performance test message 3391
Performance test message 3392
Performance test message 3393
Performance test message 3394
Performance test message 3395
Performance test message 3396
Performance test message 3397
Performance test message 3398
Performance test message 3399
Performance test message 3400
Performance test message 3401
Performance test message 3402
Performance test message 3403
Performance test message 3404
Performance test message 3405
Performance test message 3406
Performance test message 3407
Performance test message 3408
Performance test message 3409
Performance test message 3410
Performance test message 3411
Performance test message 3412
Performance test message 3413
Performance test message 3414
Performance test message 3415
Performance test message 3416
Performance test message 3417
Performance test message 3418
Performance test message 3419
Performance test message 3420
Performance test message 3421
Performance test message 3422
Performance test message 3423
Performance test message 3424
Performance test message 3425
Performance test message 3426
Performance test message 3427
Performance test message 3428
Performance test message 3429
Performance test message 3430
Performance test message 3431
Performance test message 3432
Performance test message 3433
Performance test message 3434
Performance test message 3435
Performance test message 3436
Performance test message 3437
Performance test message 3438
Performance test message 3439
Performance test message 3440
Performance test message 3441
Performance test message 3442
Performance test message 3443
Performance test message 3444
Performance test message 3445
Performance test message 3446
Performance test message 3447
Performance test message 3448
Performance test message 3449
Performance test message 3450
Performance test message 3451
Performance test message 3452
Performance test message 3453
Performance test message 3454
Performance test message 3455
Performance test message 3456
Performance test message 3457
Performance test message 3458
Performance test message 3459
Performance test message 3460
Performance test message 3461
Performance test message 3462
Performance test message 3463
Performance test message 3464
Performance test message 3465
Performance test message 3466
Performance test message 3467
Performance test message 3468
Performance test message 3469
Performance test message 3470
Performance test message 3471
Performance test message 3472
Performance test message 3473
Performance test message 3474
Performance test message 3475
Performance test message 3476
Performance test message 3477
Performance test message 3478
Performance test message 3479
Performance test message 3480
Performance test message 3481
Performance test message 3482
Performance test message 3483
Performance test message 3484
Performance test message 3485
Performance test message 3486
Performance test message 3487
Performance test message 3488
Performance test message 3489
Performance test message 3490
Performance test message 3491
Performance test message 3492
Performance test message 3493
Performance test message 3494
Performance test message 3495
Performance test message 3496
Performance test message 3497
Performance test message 3498
Performance test message 3499
Performance test message 3500
Performance test message 3501
Performance test message 3502
Performance test message 3503
Performance test message 3504
Performance test message 3505
Performance test message 3506
Performance test message 3507
Performance test message 3508
Performance test message 3509
Performance test message 3510
Performance test message 3511
Performance test message 3512
Performance test message 3513
Performance test message 3514
Performance test message 3515
Performance test message 3516
Performance test message 3517
Performance test message 3518
Performance test message 3519
Performance test message 3520
Performance test message 3521
Performance test message 3522
Performance test message 3523
Performance test message 3524
Performance test message 3525
Performance test message 3526
Performance test message 3527
Performance test message 3528
Performance test message 3529
Performance test message 3530
Performance test message 3531
Performance test message 3532
Performance test message 3533
Performance test message 3534
Performance test message 3535
Performance test message 3536
Performance test message 3537
Performance test message 3538
Performance test message 3539
Performance test message 3540
Performance test message 3541
Performance test message 3542
Performance test message 3543
Performance test message 3544
Performance test message 3545
Performance test message 3546
Performance test message 3547
Performance test message 3548
Performance test message 3549
Performance test message 3550
Performance test message 3551
Performance test message 3552
Performance test message 3553
Performance test message 3554
Performance test message 3555
Performance test message 3556
Performance test message 3557
Performance test message 3558
Performance test message 3559
Performance test message 3560
Performance test message 3561
Performance test message 3562
Performance test message 3563
Performance test message 3564
Performance test message 3565
Performance test message 3566
Performance test message 3567
Performance test message 3568
Performance test message 3569
Performance test message 3570
Performance test message 3571
Performance test message 3572
Performance test message 3573
Performance test message 3574
Performance test message 3575
Performance test message 3576
Performance test message 3577
Performance test message 3578
Performance test message 3579
Performance test message 3580
Performance test message 3581
Performance test message 3582
Performance test message 3583
Performance test message 3584
Performance test message 3585
Performance test message 3586
Performance test message 3587
Performance test message 3588
Performance test message 3589
Performance test message 3590
Performance test message 3591
Performance test message 3592
Performance test message 3593
Performance test message 3594
Performance test message 3595
Performance test message 3596
Performance test message 3597
Performance test message 3598
Performance test message 3599
Performance test message 3600
Performance test message 3601
Performance test message 3602
Performance test message 3603
Performance test message 3604
Performance test message 3605
Performance test message 3606
Performance test message 3607
Performance test message 3608
Performance test message 3609
Performance test message 3610
Performance test message 3611
Performance test message 3612
Performance test message 3613
Performance test message 3614
Performance test message 3615
Performance test message 3616
Performance test message 3617
Performance test message 3618
Performance test message 3619
Performance test message 3620
Performance test message 3621
Performance test message 3622
Performance test message 3623
Performance test message 3624
Performance test message 3625
Performance test message 3626
Performance test message 3627
Performance test message 3628
Performance test message 3629
Performance test message 3630
Performance test message 3631
Performance test message 3632
Performance test message 3633
Performance test message 3634
Performance test message 3635
Performance test message 3636
Performance test message 3637
Performance test message 3638
Performance test message 3639
Performance test message 3640
Performance test message 3641
Performance test message 3642
Performance test message 3643
Performance test message 3644
Performance test message 3645
Performance test message 3646
Performance test message 3647
Performance test message 3648
Performance test message 3649
Performance test message 3650
Performance test message 3651
Performance test message 3652
Performance test message 3653
Performance test message 3654
Performance test message 3655
Performance test message 3656
Performance test message 3657
Performance test message 3658
Performance test message 3659
Performance test message 3660
Performance test message 3661
Performance test message 3662
Performance test message 3663
Performance test message 3664
Performance test message 3665
Performance test message 3666
Performance test message 3667
Performance test message 3668
Performance test message 3669
Performance test message 3670
Performance test message 3671
Performance test message 3672
Performance test message 3673
Performance test message 3674
Performance test message 3675
Performance test message 3676
Performance test message 3677
Performance test message 3678
Performance test message 3679
Performance test message 3680
Performance test message 3681
Performance test message 3682
Performance test message 3683
Performance test message 3684
Performance test message 3685
Performance test message 3686
Performance test message 3687
Performance test message 3688
Performance test message 3689
Performance test message 3690
Performance test message 3691
Performance test message 3692
Performance test message 3693
Performance test message 3694
Performance test message 3695
Performance test message 3696
Performance test message 3697
Performance test message 3698
Performance test message 3699
Performance test message 3700
Performance test message 3701
Performance test message 3702
Performance test message 3703
Performance test message 3704
Performance test message 3705
Performance test message 3706
Performance test message 3707
Performance test message 3708
Performance test message 3709
Performance test message 3710
Performance test message 3711
Performance test message 3712
Performance test message 3713
Performance test message 3714
Performance test message 3715
Performance test message 3716
Performance test message 3717
Performance test message 3718
Performance test message 3719
Performance test message 3720
Performance test message 3721
Performance test message 3722
Performance test message 3723
Performance test message 3724
Performance test message 3725
Performance test message 3726
Performance test message 3727
Performance test message 3728
Performance test message 3729
Performance test message 3730
Performance test message 3731
Performance test message 3732
Performance test message 3733
Performance test message 3734
Performance test message 3735
Performance test message 3736
Performance test message 3737
Performance test message 3738
Performance test message 3739
Performance test message 3740
Performance test message 3741
Performance test message 3742
Performance test message 3743
Performance test message 3744
Performance test message 3745
Performance test message 3746
Performance test message 3747
Performance test message 3748
Performance test message 3749
Performance test message 3750
Performance test message 3751
Performance test message 3752
Performance test message 3753
Performance test message 3754
Performance test message 3755
Performance test message 3756
Performance test message 3757
Performance test message 3758
Performance test message 3759
Performance test message 3760
Performance test message 3761
Performance test message 3762
Performance test message 3763
Performance test message 3764
Performance test message 3765
Performance test message 3766
Performance test message 3767
Performance test message 3768
Performance test message 3769
Performance test message 3770
Performance test message 3771
Performance test message 3772
Performance test message 3773
Performance test message 3774
Performance test message 3775
Performance test message 3776
Performance test message 3777
Performance test message 3778
Performance test message 3779
Performance test message 3780
Performance test message 3781
Performance test message 3782
Performance test message 3783
Performance test message 3784
Performance test message 3785
Performance test message 3786
Performance test message 3787
Performance test message 3788
Performance test message 3789
Performance test message 3790
Performance test message 3791
Performance test message 3792
Performance test message 3793
Performance test message 3794
Performance test message 3795
Performance test message 3796
Performance test message 3797
Performance test message 3798
Performance test message 3799
Performance test message 3800
Performance test message 3801
Performance test message 3802
Performance test message 3803
Performance test message 3804
Performance test message 3805
Performance test message 3806
Performance test message 3807
Performance test message 3808
Performance test message 3809
Performance test message 3810
Performance test message 3811
Performance test message 3812
Performance test message 3813
Performance test message 3814
Performance test message 3815
Performance test message 3816
Performance test message 3817
Performance test message 3818
Performance test message 3819
Performance test message 3820
Performance test message 3821
Performance test message 3822
Performance test message 3823
Performance test message 3824
Performance test message 3825
Performance test message 3826
Performance test message 3827
Performance test message 3828
Performance test message 3829
Performance test message 3830
Performance test message 3831
Performance test message 3832
Performance test message 3833
Performance test message 3834
Performance test message 3835
Performance test message 3836
Performance test message 3837
Performance test message 3838
Performance test message 3839
Performance test message 3840
Performance test message 3841
Performance test message 3842
Performance test message 3843
Performance test message 3844
Performance test message 3845
Performance test message 3846
Performance test message 3847
Performance test message 3848
Performance test message 3849
Performance test message 3850
Performance test message 3851
Performance test message 3852
Performance test message 3853
Performance test message 3854
Performance test message 3855
Performance test message 3856
Performance test message 3857
Performance test message 3858
Performance test message 3859
Performance test message 3860
Performance test message 3861
Performance test message 3862
Performance test message 3863
Performance test message 3864
Performance test message 3865
Performance test message 3866
Performance test message 3867
Performance test message 3868
Performance test message 3869
Performance test message 3870
Performance test message 3871
Performance test message 3872
Performance test message 3873
Performance test message 3874
Performance test message 3875
Performance test message 3876
Performance test message 3877
Performance test message 3878
Performance test message 3879
Performance test message 3880
Performance test message 3881
Performance test message 3882
Performance test message 3883
Performance test message 3884
Performance test message 3885
Performance test message 3886
Performance test message 3887
Performance test message 3888
Performance test message 3889
Performance test message 3890
Performance test message 3891
Performance test message 3892
Performance test message 3893
Performance test message 3894
Performance test message 3895
Performance test message 3896
Performance test message 3897
Performance test message 3898
Performance test message 3899
Performance test message 3900
Performance test message 3901
Performance test message 3902
Performance test message 3903
Performance test message 3904
Performance test message 3905
Performance test message 3906
Performance test message 3907
Performance test message 3908
Performance test message 3909
Performance test message 3910
Performance test message 3911
Performance test message 3912
Performance test message 3913
Performance test message 3914
Performance test message 3915
Performance test message 3916
Performance test message 3917
Performance test message 3918
Performance test message 3919
Performance test message 3920
Performance test message 3921
Performance test message 3922
Performance test message 3923
Performance test message 3924
Performance test message 3925
Performance test message 3926
Performance test message 3927
Performance test message 3928
Performance test message 3929
Performance test message 3930
Performance test message 3931
Performance test message 3932
Performance test message 3933
Performance test message 3934
Performance test message 3935
Performance test message 3936
Performance test message 3937
Performance test message 3938
Performance test message 3939
Performance test message 3940
Performance test message 3941
Performance test message 3942
Performance test message 3943
Performance test message 3944
Performance test message 3945
Performance test message 3946
Performance test message 3947
Performance test message 3948
Performance test message 3949
Performance test message 3950
Performance test message 3951
Performance test message 3952
Performance test message 3953
Performance test message 3954
Performance test message 3955
Performance test message 3956
Performance test message 3957
Performance test message 3958
Performance test message 3959
Performance test message 3960
Performance test message 3961
Performance test message 3962
Performance test message 3963
Performance test message 3964
Performance test message 3965
Performance test message 3966
Performance test message 3967
Performance test message 3968
Performance test message 3969
Performance test message 3970
Performance test message 3971
Performance test message 3972
Performance test message 3973
Performance test message 3974
Performance test message 3975
Performance test message 3976
Performance test message 3977
Performance test message 3978
Performance test message 3979
Performance test message 3980
Performance test message 3981
Performance test message 3982
Performance test message 3983
Performance test message 3984
Performance test message 3985
Performance test message 3986
Performance test message 3987
Performance test message 3988
Performance test message 3989
Performance test message 3990
Performance test message 3991
Performance test message 3992
Performance test message 3993
Performance test message 3994
Performance test message 3995
Performance test message 3996
Performance test message 3997
Performance test message 3998
Performance test message 3999
Performance test message 4000
Performance test message 4001
Performance test message 4002
Performance test message 4003
Performance test message 4004
Performance test message 4005
Performance test message 4006
Performance test message 4007
Performance test message 4008
Performance test message 4009
Performance test message 4010
Performance test message 4011
Performance test message 4012
Performance test message 4013
Performance test message 4014
Performance test message 4015
Performance test message 4016
Performance test message 4017
Performance test message 4018
Performance test message 4019
Performance test message 4020
Performance test message 4021
Performance test message 4022
Performance test message 4023
Performance test message 4024
Performance test message 4025
Performance test message 4026
Performance test message 4027
Performance test message 4028
Performance test message 4029
Performance test message 4030
Performance test message 4031
Performance test message 4032
Performance test message 4033
Performance test message 4034
Performance test message 4035
Performance test message 4036
Performance test message 4037
Performance test message 4038
Performance test message 4039
Performance test message 4040
Performance test message 4041
Performance test message 4042
Performance test message 4043
Performance test message 4044
Performance test message 4045
Performance test message 4046
Performance test message 4047
Performance test message 4048
Performance test message 4049
Performance test message 4050
Performance test message 4051
Performance test message 4052
Performance test message 4053
Performance test message 4054
Performance test message 4055
Performance test message 4056
Performance test message 4057
Performance test message 4058
Performance test message 4059
Performance test message 4060
Performance test message 4061
Performance test message 4062
Performance test message 4063
Performance test message 4064
Performance test message 4065
Performance test message 4066
Performance test message 4067
Performance test message 4068
Performance test message 4069
Performance test message 4070
Performance test message 4071
Performance test message 4072
Performance test message 4073
Performance test message 4074
Performance test message 4075
Performance test message 4076
Performance test message 4077
Performance test message 4078
Performance test message 4079
Performance test message 4080
Performance test message 4081
Performance test message 4082
Performance test message 4083
Performance test message 4084
Performance test message 4085
Performance test message 4086
Performance test message 4087
Performance test message 4088
Performance test message 4089
Performance test message 4090
Performance test message 4091
Performance test message 4092
Performance test message 4093
Performance test message 4094
Performance test message 4095
Performance test message 4096
Performance test message 4097
Performance test message 4098
Performance test message 4099
Performance test message 4100
Performance test message 4101
Performance test message 4102
Performance test message 4103
Performance test message 4104
Performance test message 4105
Performance test message 4106
Performance test message 4107
Performance test message 4108
Performance test message 4109
Performance test message 4110
Performance test message 4111
Performance test message 4112
Performance test message 4113
Performance test message 4114
Performance test message 4115
Performance test message 4116
Performance test message 4117
Performance test message 4118
Performance test message 4119
Performance test message 4120
Performance test message 4121
Performance test message 4122
Performance test message 4123
Performance test message 4124
Performance test message 4125
Performance test message 4126
Performance test message 4127
Performance test message 4128
Performance test message 4129
Performance test message 4130
Performance test message 4131
Performance test message 4132
Performance test message 4133
Performance test message 4134
Performance test message 4135
Performance test message 4136
Performance test message 4137
Performance test message 4138
Performance test message 4139
Performance test message 4140
Performance test message 4141
Performance test message 4142
Performance test message 4143
Performance test message 4144
Performance test message 4145
Performance test message 4146
Performance test message 4147
Performance test message 4148
Performance test message 4149
Performance test message 4150
Performance test message 4151
Performance test message 4152
Performance test message 4153
Performance test message 4154
Performance test message 4155
Performance test message 4156
Performance test message 4157
Performance test message 4158
Performance test message 4159
Performance test message 4160
Performance test message 4161
Performance test message 4162
Performance test message 4163
Performance test message 4164
Performance test message 4165
Performance test message 4166
Performance test message 4167
Performance test message 4168
Performance test message 4169
Performance test message 4170
Performance test message 4171
Performance test message 4172
Performance test message 4173
Performance test message 4174
Performance test message 4175
Performance test message 4176
Performance test message 4177
Performance test message 4178
Performance test message 4179
Performance test message 4180
Performance test message 4181
Performance test message 4182
Performance test message 4183
Performance test message 4184
Performance test message 4185
Performance test message 4186
Performance test message 4187
Performance test message 4188
Performance test message 4189
Performance test message 4190
Performance test message 4191
Performance test message 4192
Performance test message 4193
Performance test message 4194
Performance test message 4195
Performance test message 4196
Performance test message 4197
Performance test message 4198
Performance test message 4199
Performance test message 4200
Performance test message 4201
Performance test message 4202
Performance test message 4203
Performance test message 4204
Performance test message 4205
Performance test message 4206
Performance test message 4207
Performance test message 4208
Performance test message 4209
Performance test message 4210
Performance test message 4211
Performance test message 4212
Performance test message 4213
Performance test message 4214
Performance test message 4215
Performance test message 4216
Performance test message 4217
Performance test message 4218
Performance test message 4219
Performance test message 4220
Performance test message 4221
Performance test message 4222
Performance test message 4223
Performance test message 4224
Performance test message 4225
Performance test message 4226
Performance test message 4227
Performance test message 4228
Performance test message 4229
Performance test message 4230
Performance test message 4231
Performance test message 4232
Performance test message 4233
Performance test message 4234
Performance test message 4235
Performance test message 4236
Performance test message 4237
Performance test message 4238
Performance test message 4239
Performance test message 4240
Performance test message 4241
Performance test message 4242
Performance test message 4243
Performance test message 4244
Performance test message 4245
Performance test message 4246
Performance test message 4247
Performance test message 4248
Performance test message 4249
Performance test message 4250
Performance test message 4251
Performance test message 4252
Performance test message 4253
Performance test message 4254
Performance test message 4255
Performance test message 4256
Performance test message 4257
Performance test message 4258
Performance test message 4259
Performance test message 4260
Performance test message 4261
Performance test message 4262
Performance test message 4263
Performance test message 4264
Performance test message 4265
Performance test message 4266
Performance test message 4267
Performance test message 4268
Performance test message 4269
Performance test message 4270
Performance test message 4271
Performance test message 4272
Performance test message 4273
Performance test message 4274
Performance test message 4275
Performance test message 4276
Performance test message 4277
Performance test message 4278
Performance test message 4279
Performance test message 4280
Performance test message 4281
Performance test message 4282
Performance test message 4283
Performance test message 4284
Performance test message 4285
Performance test message 4286
Performance test message 4287
Performance test message 4288
Performance test message 4289
Performance test message 4290
Performance test message 4291
Performance test message 4292
Performance test message 4293
Performance test message 4294
Performance test message 4295
Performance test message 4296
Performance test message 4297
Performance test message 4298
Performance test message 4299
Performance test message 4300
Performance test message 4301
Performance test message 4302
Performance test message 4303
Performance test message 4304
Performance test message 4305
Performance test message 4306
Performance test message 4307
Performance test message 4308
Performance test message 4309
Performance test message 4310
Performance test message 4311
Performance test message 4312
Performance test message 4313
Performance test message 4314
Performance test message 4315
Performance test message 4316
Performance test message 4317
Performance test message 4318
Performance test message 4319
Performance test message 4320
Performance test message 4321
Performance test message 4322
Performance test message 4323
Performance test message 4324
Performance test message 4325
Performance test message 4326
Performance test message 4327
Performance test message 4328
Performance test message 4329
Performance test message 4330
Performance test message 4331
Performance test message 4332
Performance test message 4333
Performance test message 4334
Performance test message 4335
Performance test message 4336
Performance test message 4337
Performance test message 4338
Performance test message 4339
Performance test message 4340
Performance test message 4341
Performance test message 4342
Performance test message 4343
Performance test message 4344
Performance test message 4345
Performance test message 4346
Performance test message 4347
Performance test message 4348
Performance test message 4349
Performance test message 4350
Performance test message 4351
Performance test message 4352
Performance test message 4353
Performance test message 4354
Performance test message 4355
Performance test message 4356
Performance test message 4357
Performance test message 4358
Performance test message 4359
Performance test message 4360
Performance test message 4361
Performance test message 4362
Performance test message 4363
Performance test message 4364
Performance test message 4365
Performance test message 4366
Performance test message 4367
Performance test message 4368
Performance test message 4369
Performance test message 4370
Performance test message 4371
Performance test message 4372
Performance test message 4373
Performance test message 4374
Performance test message 4375
Performance test message 4376
Performance test message 4377
Performance test message 4378
Performance test message 4379
Performance test message 4380
Performance test message 4381
Performance test message 4382
Performance test message 4383
Performance test message 4384
Performance test message 4385
Performance test message 4386
Performance test message 4387
Performance test message 4388
Performance test message 4389
Performance test message 4390
Performance test message 4391
Performance test message 4392
Performance test message 4393
Performance test message 4394
Performance test message 4395
Performance test message 4396
Performance test message 4397
Performance test message 4398
Performance test message 4399
Performance test message 4400
Performance test message 4401
Performance test message 4402
Performance test message 4403
Performance test message 4404
Performance test message 4405
Performance test message 4406
Performance test message 4407
Performance test message 4408
Performance test message 4409
Performance test message 4410
Performance test message 4411
Performance test message 4412
Performance test message 4413
Performance test message 4414
Performance test message 4415
Performance test message 4416
Performance test message 4417
Performance test message 4418
Performance test message 4419
Performance test message 4420
Performance test message 4421
Performance test message 4422
Performance test message 4423
Performance test message 4424
Performance test message 4425
Performance test message 4426
Performance test message 4427
Performance test message 4428
Performance test message 4429
Performance test message 4430
Performance test message 4431
Performance test message 4432
Performance test message 4433
Performance test message 4434
Performance test message 4435
Performance test message 4436
Performance test message 4437
Performance test message 4438
Performance test message 4439
Performance test message 4440
Performance test message 4441
Performance test message 4442
Performance test message 4443
Performance test message 4444
Performance test message 4445
Performance test message 4446
Performance test message 4447
Performance test message 4448
Performance test message 4449
Performance test message 4450
Performance test message 4451
Performance test message 4452
Performance test message 4453
Performance test message 4454
Performance test message 4455
Performance test message 4456
Performance test message 4457
Performance test message 4458
Performance test message 4459
Performance test message 4460
Performance test message 4461
Performance test message 4462
Performance test message 4463
Performance test message 4464
Performance test message 4465
Performance test message 4466
Performance test message 4467
Performance test message 4468
Performance test message 4469
Performance test message 4470
Performance test message 4471
Performance test message 4472
Performance test message 4473
Performance test message 4474
Performance test message 4475
Performance test message 4476
Performance test message 4477
Performance test message 4478
Performance test message 4479
Performance test message 4480
Performance test message 4481
Performance test message 4482
Performance test message 4483
Performance test message 4484
Performance test message 4485
Performance test message 4486
Performance test message 4487
Performance test message 4488
Performance test message 4489
Performance test message 4490
Performance test message 4491
Performance test message 4492
Performance test message 4493
Performance test message 4494
Performance test message 4495
Performance test message 4496
Performance test message 4497
Performance test message 4498
Performance test message 4499
Performance test message 4500
Performance test message 4501
Performance test message 4502
Performance test message 4503
Performance test message 4504
Performance test message 4505
Performance test message 4506
Performance test message 4507
Performance test message 4508
Performance test message 4509
Performance test message 4510
Performance test message 4511
Performance test message 4512
Performance test message 4513
Performance test message 4514
Performance test message 4515
Performance test message 4516
Performance test message 4517
Performance test message 4518
Performance test message 4519
Performance test message 4520
Performance test message 4521
Performance test message 4522
Performance test message 4523
Performance test message 4524
Performance test message 4525
Performance test message 4526
Performance test message 4527
Performance test message 4528
Performance test message 4529
Performance test message 4530
Performance test message 4531
Performance test message 4532
Performance test message 4533
Performance test message 4534
Performance test message 4535
Performance test message 4536
Performance test message 4537
Performance test message 4538
Performance test message 4539
Performance test message 4540
Performance test message 4541
Performance test message 4542
Performance test message 4543
Performance test message 4544
Performance test message 4545
Performance test message 4546
Performance test message 4547
Performance test message 4548
Performance test message 4549
Performance test message 4550
Performance test message 4551
Performance test message 4552
Performance test message 4553
Performance test message 4554
Performance test message 4555
Performance test message 4556
Performance test message 4557
Performance test message 4558
Performance test message 4559
Performance test message 4560
Performance test message 4561
Performance test message 4562
Performance test message 4563
Performance test message 4564
Performance test message 4565
Performance test message 4566
Performance test message 4567
Performance test message 4568
Performance test message 4569
Performance test message 4570
Performance test message 4571
Performance test message 4572
Performance test message 4573
Performance test message 4574
Performance test message 4575
Performance test message 4576
Performance test message 4577
Performance test message 4578
Performance test message 4579
Performance test message 4580
Performance test message 4581
Performance test message 4582
Performance test message 4583
Performance test message 4584
Performance test message 4585
Performance test message 4586
Performance test message 4587
Performance test message 4588
Performance test message 4589
Performance test message 4590
Performance test message 4591
Performance test message 4592
Performance test message 4593
Performance test message 4594
Performance test message 4595
Performance test message 4596
Performance test message 4597
Performance test message 4598
Performance test message 4599
Performance test message 4600
Performance test message 4601
Performance test message 4602
Performance test message 4603
Performance test message 4604
Performance test message 4605
Performance test message 4606
Performance test message 4607
Performance test message 4608
Performance test message 4609
Performance test message 4610
Performance test message 4611
Performance test message 4612
Performance test message 4613
Performance test message 4614
Performance test message 4615
Performance test message 4616
Performance test message 4617
Performance test message 4618
Performance test message 4619
Performance test message 4620
Performance test message 4621
Performance test message 4622
Performance test message 4623
Performance test message 4624
Performance test message 4625
Performance test message 4626
Performance test message 4627
Performance test message 4628
Performance test message 4629
Performance test message 4630
Performance test message 4631
Performance test message 4632
Performance test message 4633
Performance test message 4634
Performance test message 4635
Performance test message 4636
Performance test message 4637
Performance test message 4638
Performance test message 4639
Performance test message 4640
Performance test message 4641
Performance test message 4642
Performance test message 4643
Performance test message 4644
Performance test message 4645
Performance test message 4646
Performance test message 4647
Performance test message 4648
Performance test message 4649
Performance test message 4650
Performance test message 4651
Performance test message 4652
Performance test message 4653
Performance test message 4654
Performance test message 4655
Performance test message 4656
Performance test message 4657
Performance test message 4658
Performance test message 4659
Performance test message 4660
Performance test message 4661
Performance test message 4662
Performance test message 4663
Performance test message 4664
Performance test message 4665
Performance test message 4666
Performance test message 4667
Performance test message 4668
Performance test message 4669
Performance test message 4670
Performance test message 4671
Performance test message 4672
Performance test message 4673
Performance test message 4674
Performance test message 4675
Performance test message 4676
Performance test message 4677
Performance test message 4678
Performance test message 4679
Performance test message 4680
Performance test message 4681
Performance test message 4682
Performance test message 4683
Performance test message 4684
Performance test message 4685
Performance test message 4686
Performance test message 4687
Performance test message 4688
Performance test message 4689
Performance test message 4690
Performance test message 4691
Performance test message 4692
Performance test message 4693
Performance test message 4694
Performance test message 4695
Performance test message 4696
Performance test message 4697
Performance test message 4698
Performance test message 4699
Performance test message 4700
Performance test message 4701
Performance test message 4702
Performance test message 4703
Performance test message 4704
Performance test message 4705
Performance test message 4706
Performance test message 4707
Performance test message 4708
Performance test message 4709
Performance test message 4710
Performance test message 4711
Performance test message 4712
Performance test message 4713
Performance test message 4714
Performance test message 4715
Performance test message 4716
Performance test message 4717
Performance test message 4718
Performance test message 4719
Performance test message 4720
Performance test message 4721
Performance test message 4722
Performance test message 4723
Performance test message 4724
Performance test message 4725
Performance test message 4726
Performance test message 4727
Performance test message 4728
Performance test message 4729
Performance test message 4730
Performance test message 4731
Performance test message 4732
Performance test message 4733
Performance test message 4734
Performance test message 4735
Performance test message 4736
Performance test message 4737
Performance test message 4738
Performance test message 4739
Performance test message 4740
Performance test message 4741
Performance test message 4742
Performance test message 4743
Performance test message 4744
Performance test message 4745
Performance test message 4746
Performance test message 4747
Performance test message 4748
Performance test message 4749
Performance test message 4750
Performance test message 4751
Performance test message 4752
Performance test message 4753
Performance test message 4754
Performance test message 4755
Performance test message 4756
Performance test message 4757
Performance test message 4758
Performance test message 4759
Performance test message 4760
Performance test message 4761
Performance test message 4762
Performance test message 4763
Performance test message 4764
Performance test message 4765
Performance test message 4766
Performance test message 4767
Performance test message 4768
Performance test message 4769
Performance test message 4770
Performance test message 4771
Performance test message 4772
Performance test message 4773
Performance test message 4774
Performance test message 4775
Performance test message 4776
Performance test message 4777
Performance test message 4778
Performance test message 4779
Performance test message 4780
Performance test message 4781
Performance test message 4782
Performance test message 4783
Performance test message 4784
Performance test message 4785
Performance test message 4786
Performance test message 4787
Performance test message 4788
Performance test message 4789
Performance test message 4790
Performance test message 4791
Performance test message 4792
Performance test message 4793
Performance test message 4794
Performance test message 4795
Performance test message 4796
Performance test message 4797
Performance test message 4798
Performance test message 4799
Performance test message 4800
Performance test message 4801
Performance test message 4802
Performance test message 4803
Performance test message 4804
Performance test message 4805
Performance test message 4806
Performance test message 4807
Performance test message 4808
Performance test message 4809
Performance test message 4810
Performance test message 4811
Performance test message 4812
Performance test message 4813
Performance test message 4814
Performance test message 4815
Performance test message 4816
Performance test message 4817
Performance test message 4818
Performance test message 4819
Performance test message 4820
Performance test message 4821
Performance test message 4822
Performance test message 4823
Performance test message 4824
Performance test message 4825
Performance test message 4826
Performance test message 4827
Performance test message 4828
Performance test message 4829
Performance test message 4830
Performance test message 4831
Performance test message 4832
Performance test message 4833
Performance test message 4834
Performance test message 4835
Performance test message 4836
Performance test message 4837
Performance test message 4838
Performance test message 4839
Performance test message 4840
Performance test message 4841
Performance test message 4842
Performance test message 4843
Performance test message 4844
Performance test message 4845
Performance test message 4846
Performance test message 4847
Performance test message 4848
Performance test message 4849
Performance test message 4850
Performance test message 4851
Performance test message 4852
Performance test message 4853
Performance test message 4854
Performance test message 4855
Performance test message 4856
Performance test message 4857
Performance test message 4858
Performance test message 4859
Performance test message 4860
Performance test message 4861
Performance test message 4862
Performance test message 4863
Performance test message 4864
Performance test message 4865
Performance test message 4866
Performance test message 4867
Performance test message 4868
Performance test message 4869
Performance test message 4870
Performance test message 4871
Performance test message 4872
Performance test message 4873
Performance test message 4874
Performance test message 4875
Performance test message 4876
Performance test message 4877
Performance test message 4878
Performance test message 4879
Performance test message 4880
Performance test message 4881
Performance test message 4882
Performance test message 4883
Performance test message 4884
Performance test message 4885
Performance test message 4886
Performance test message 4887
Performance test message 4888
Performance test message 4889
Performance test message 4890
Performance test message 4891
Performance test message 4892
Performance test message 4893
Performance test message 4894
Performance test message 4895
Performance test message 4896
Performance test message 4897
Performance test message 4898
Performance test message 4899
Performance test message 4900
Performance test message 4901
Performance test message 4902
Performance test message 4903
Performance test message 4904
Performance test message 4905
Performance test message 4906
Performance test message 4907
Performance test message 4908
Performance test message 4909
Performance test message 4910
Performance test message 4911
Performance test message 4912
Performance test message 4913
Performance test message 4914
Performance test message 4915
Performance test message 4916
Performance test message 4917
Performance test message 4918
Performance test message 4919
Performance test message 4920
Performance test message 4921
Performance test message 4922
Performance test message 4923
Performance test message 4924
Performance test message 4925
Performance test message 4926
Performance test message 4927
Performance test message 4928
Performance test message 4929
Performance test message 4930
Performance test message 4931
Performance test message 4932
Performance test message 4933
Performance test message 4934
Performance test message 4935
Performance test message 4936
Performance test message 4937
Performance test message 4938
Performance test message 4939
Performance test message 4940
Performance test message 4941
Performance test message 4942
Performance test message 4943
Performance test message 4944
Performance test message 4945
Performance test message 4946
Performance test message 4947
Performance test message 4948
Performance test message 4949
Performance test message 4950
Performance test message 4951
Performance test message 4952
Performance test message 4953
Performance test message 4954
Performance test message 4955
Performance test message 4956
Performance test message 4957
Performance test message 4958
Performance test message 4959
Performance test message 4960
Performance test message 4961
Performance test message 4962
Performance test message 4963
Performance test message 4964
Performance test message 4965
Performance test message 4966
Performance test message 4967
Performance test message 4968
Performance test message 4969
Performance test message 4970
Performance test message 4971
Performance test message 4972
Performance test message 4973
Performance test message 4974
Performance test message 4975
Performance test message 4976
Performance test message 4977
Performance test message 4978
Performance test message 4979
Performance test message 4980
Performance test message 4981
Performance test message 4982
Performance test message 4983
Performance test message 4984
Performance test message 4985
Performance test message 4986
Performance test message 4987
Performance test message 4988
Performance test message 4989
Performance test message 4990
Performance test message 4991
Performance test message 4992
Performance test message 4993
Performance test message 4994
Performance test message 4995
Performance test message 4996
Performance test message 4997
Performance test message 4998
Performance test message 4999
Performance test message 5000
Performance test message 5001
Performance test message 5002
Performance test message 5003
Performance test message 5004
Performance test message 5005
Performance test message 5006
Performance test message 5007
Performance test message 5008
Performance test message 5009
Performance test message 5010
Performance test message 5011
Performance test message 5012
Performance test message 5013
Performance test message 5014
Performance test message 5015
Performance test message 5016
Performance test message 5017
Performance test message 5018
Performance test message 5019
Performance test message 5020
Performance test message 5021
Performance test message 5022
Performance test message 5023
Performance test message 5024
Performance test message 5025
Performance test message 5026
Performance test message 5027
Performance test message 5028
Performance test message 5029
Performance test message 5030
Performance test message 5031
Performance test message 5032
Performance test message 5033
Performance test message 5034
Performance test message 5035
Performance test message 5036
Performance test message 5037
Performance test message 5038
Performance test message 5039
Performance test message 5040
Performance test message 5041
Performance test message 5042
Performance test message 5043
Performance test message 5044
Performance test message 5045
Performance test message 5046
Performance test message 5047
Performance test message 5048
Performance test message 5049
Performance test message 5050
Performance test message 5051
Performance test message 5052
Performance test message 5053
Performance test message 5054
Performance test message 5055
Performance test message 5056
Performance test message 5057
Performance test message 5058
Performance test message 5059
Performance test message 5060
Performance test message 5061
Performance test message 5062
Performance test message 5063
Performance test message 5064
Performance test message 5065
Performance test message 5066
Performance test message 5067
Performance test message 5068
Performance test message 5069
Performance test message 5070
Performance test message 5071
Performance test message 5072
Performance test message 5073
Performance test message 5074
Performance test message 5075
Performance test message 5076
Performance test message 5077
Performance test message 5078
Performance test message 5079
Performance test message 5080
Performance test message 5081
Performance test message 5082
Performance test message 5083
Performance test message 5084
Performance test message 5085
Performance test message 5086
Performance test message 5087
Performance test message 5088
Performance test message 5089
Performance test message 5090
Performance test message 5091
Performance test message 5092
Performance test message 5093
Performance test message 5094
Performance test message 5095
Performance test message 5096
Performance test message 5097
Performance test message 5098
Performance test message 5099
Performance test message 5100
Performance test message 5101
Performance test message 5102
Performance test message 5103
Performance test message 5104
Performance test message 5105
Performance test message 5106
Performance test message 5107
Performance test message 5108
Performance test message 5109
Performance test message 5110
Performance test message 5111
Performance test message 5112
Performance test message 5113
Performance test message 5114
Performance test message 5115
Performance test message 5116
Performance test message 5117
Performance test message 5118
Performance test message 5119
Performance test message 5120
Performance test message 5121
Performance test message 5122
Performance test message 5123
Performance test message 5124
Performance test message 5125
Performance test message 5126
Performance test message 5127
Performance test message 5128
Performance test message 5129
Performance test message 5130
Performance test message 5131
Performance test message 5132
Performance test message 5133
Performance test message 5134
Performance test message 5135
Performance test message 5136
Performance test message 5137
Performance test message 5138
Performance test message 5139
Performance test message 5140
Performance test message 5141
Performance test message 5142
Performance test message 5143
Performance test message 5144
Performance test message 5145
Performance test message 5146
Performance test message 5147
Performance test message 5148
Performance test message 5149
Performance test message 5150
Performance test message 5151
Performance test message 5152
Performance test message 5153
Performance test message 5154
Performance test message 5155
Performance test message 5156
Performance test message 5157
Performance test message 5158
Performance test message 5159
Performance test message 5160
Performance test message 5161
Performance test message 5162
Performance test message 5163
Performance test message 5164
Performance test message 5165
Performance test message 5166
Performance test message 5167
Performance test message 5168
Performance test message 5169
Performance test message 5170
Performance test message 5171
Performance test message 5172
Performance test message 5173
Performance test message 5174
Performance test message 5175
Performance test message 5176
Performance test message 5177
Performance test message 5178
Performance test message 5179
Performance test message 5180
Performance test message 5181
Performance test message 5182
Performance test message 5183
Performance test message 5184
Performance test message 5185
Performance test message 5186
Performance test message 5187
Performance test message 5188
Performance test message 5189
Performance test message 5190
Performance test message 5191
Performance test message 5192
Performance test message 5193
Performance test message 5194
Performance test message 5195
Performance test message 5196
Performance test message 5197
Performance test message 5198
Performance test message 5199
Performance test message 5200
Performance test message 5201
Performance test message 5202
Performance test message 5203
Performance test message 5204
Performance test message 5205
Performance test message 5206
Performance test message 5207
Performance test message 5208
Performance test message 5209
Performance test message 5210
Performance test message 5211
Performance test message 5212
Performance test message 5213
Performance test message 5214
Performance test message 5215
Performance test message 5216
Performance test message 5217
Performance test message 5218
Performance test message 5219
Performance test message 5220
Performance test message 5221
Performance test message 5222
Performance test message 5223
Performance test message 5224
Performance test message 5225
Performance test message 5226
Performance test message 5227
Performance test message 5228
Performance test message 5229
Performance test message 5230
Performance test message 5231
Performance test message 5232
Performance test message 5233
Performance test message 5234
Performance test message 5235
Performance test message 5236
Performance test message 5237
Performance test message 5238
Performance test message 5239
Performance test message 5240
Performance test message 5241
Performance test message 5242
Performance test message 5243
Performance test message 5244
Performance test message 5245
Performance test message 5246
Performance test message 5247
Performance test message 5248
Performance test message 5249
Performance test message 5250
Performance test message 5251
Performance test message 5252
Performance test message 5253
Performance test message 5254
Performance test message 5255
Performance test message 5256
Performance test message 5257
Performance test message 5258
Performance test message 5259
Performance test message 5260
Performance test message 5261
Performance test message 5262
Performance test message 5263
Performance test message 5264
Performance test message 5265
Performance test message 5266
Performance test message 5267
Performance test message 5268
Performance test message 5269
Performance test message 5270
Performance test message 5271
Performance test message 5272
Performance test message 5273
Performance test message 5274
Performance test message 5275
Performance test message 5276
Performance test message 5277
Performance test message 5278
Performance test message 5279
Performance test message 5280
Performance test message 5281
Performance test message 5282
Performance test message 5283
Performance test message 5284
Performance test message 5285
Performance test message 5286
Performance test message 5287
Performance test message 5288
Performance test message 5289
Performance test message 5290
Performance test message 5291
Performance test message 5292
Performance test message 5293
Performance test message 5294
Performance test message 5295
Performance test message 5296
Performance test message 5297
Performance test message 5298
Performance test message 5299
Performance test message 5300
Performance test message 5301
Performance test message 5302
Performance test message 5303
Performance test message 5304
Performance test message 5305
Performance test message 5306
Performance test message 5307
Performance test message 5308
Performance test message 5309
Performance test message 5310
Performance test message 5311
Performance test message 5312
Performance test message 5313
Performance test message 5314
Performance test message 5315
Performance test message 5316
Performance test message 5317
Performance test message 5318
Performance test message 5319
Performance test message 5320
Performance test message 5321
Performance test message 5322
Performance test message 5323
Performance test message 5324
Performance test message 5325
Performance test message 5326
Performance test message 5327
Performance test message 5328
Performance test message 5329
Performance test message 5330
Performance test message 5331
Performance test message 5332
Performance test message 5333
Performance test message 5334
Performance test message 5335
Performance test message 5336
Performance test message 5337
Performance test message 5338
Performance test message 5339
Performance test message 5340
Performance test message 5341
Performance test message 5342
Performance test message 5343
Performance test message 5344
Performance test message 5345
Performance test message 5346
Performance test message 5347
Performance test message 5348
Performance test message 5349
Performance test message 5350
Performance test message 5351
Performance test message 5352
Performance test message 5353
Performance test message 5354
Performance test message 5355
Performance test message 5356
Performance test message 5357
Performance test message 5358
Performance test message 5359
Performance test message 5360
Performance test message 5361
Performance test message 5362
Performance test message 5363
Performance test message 5364
Performance test message 5365
Performance test message 5366
Performance test message 5367
Performance test message 5368
Performance test message 5369
Performance test message 5370
Performance test message 5371
Performance test message 5372
Performance test message 5373
Performance test message 5374
Performance test message 5375
Performance test message 5376
Performance test message 5377
Performance test message 5378
Performance test message 5379
Performance test message 5380
Performance test message 5381
Performance test message 5382
Performance test message 5383
Performance test message 5384
Performance test message 5385
Performance test message 5386
Performance test message 5387
Performance test message 5388
Performance test message 5389
Performance test message 5390
Performance test message 5391
Performance test message 5392
Performance test message 5393
Performance test message 5394
Performance test message 5395
Performance test message 5396
Performance test message 5397
Performance test message 5398
Performance test message 5399
Performance test message 5400
Performance test message 5401
Performance test message 5402
Performance test message 5403
Performance test message 5404
Performance test message 5405
Performance test message 5406
Performance test message 5407
Performance test message 5408
Performance test message 5409
Performance test message 5410
Performance test message 5411
Performance test message 5412
Performance test message 5413
Performance test message 5414
Performance test message 5415
Performance test message 5416
Performance test message 5417
Performance test message 5418
Performance test message 5419
Performance test message 5420
Performance test message 5421
Performance test message 5422
Performance test message 5423
Performance test message 5424
Performance test message 5425
Performance test message 5426
Performance test message 5427
Performance test message 5428
Performance test message 5429
Performance test message 5430
Performance test message 5431
Performance test message 5432
Performance test message 5433
Performance test message 5434
Performance test message 5435
Performance test message 5436
Performance test message 5437
Performance test message 5438
Performance test message 5439
Performance test message 5440
Performance test message 5441
Performance test message 5442
Performance test message 5443
Performance test message 5444
Performance test message 5445
Performance test message 5446
Performance test message 5447
Performance test message 5448
Performance test message 5449
Performance test message 5450
Performance test message 5451
Performance test message 5452
Performance test message 5453
Performance test message 5454
Performance test message 5455
Performance test message 5456
Performance test message 5457
Performance test message 5458
Performance test message 5459
Performance test message 5460
Performance test message 5461
Performance test message 5462
Performance test message 5463
Performance test message 5464
Performance test message 5465
Performance test message 5466
Performance test message 5467
Performance test message 5468
Performance test message 5469
Performance test message 5470
Performance test message 5471
Performance test message 5472
Performance test message 5473
Performance test message 5474
Performance test message 5475
Performance test message 5476
Performance test message 5477
Performance test message 5478
Performance test message 5479
Performance test message 5480
Performance test message 5481
Performance test message 5482
Performance test message 5483
Performance test message 5484
Performance test message 5485
Performance test message 5486
Performance test message 5487
Performance test message 5488
Performance test message 5489
Performance test message 5490
Performance test message 5491
Performance test message 5492
Performance test message 5493
Performance test message 5494
Performance test message 5495
Performance test message 5496
Performance test message 5497
Performance test message 5498
Performance test message 5499
Performance test message 5500
Performance test message 5501
Performance test message 5502
Performance test message 5503
Performance test message 5504
Performance test message 5505
Performance test message 5506
Performance test message 5507
Performance test message 5508
Performance test message 5509
Performance test message 5510
Performance test message 5511
Performance test message 5512
Performance test message 5513
Performance test message 5514
Performance test message 5515
Performance test message 5516
Performance test message 5517
Performance test message 5518
Performance test message 5519
Performance test message 5520
Performance test message 5521
Performance test message 5522
Performance test message 5523
Performance test message 5524
Performance test message 5525
Performance test message 5526
Performance test message 5527
Performance test message 5528
Performance test message 5529
Performance test message 5530
Performance test message 5531
Performance test message 5532
Performance test message 5533
Performance test message 5534
Performance test message 5535
Performance test message 5536
Performance test message 5537
Performance test message 5538
Performance test message 5539
Performance test message 5540
Performance test message 5541
Performance test message 5542
Performance test message 5543
Performance test message 5544
Performance test message 5545
Performance test message 5546
Performance test message 5547
Performance test message 5548
Performance test message 5549
Performance test message 5550
Performance test message 5551
Performance test message 5552
Performance test message 5553
Performance test message 5554
Performance test message 5555
Performance test message 5556
Performance test message 5557
Performance test message 5558
Performance test message 5559
Performance test message 5560
Performance test message 5561
Performance test message 5562
Performance test message 5563
Performance test message 5564
Performance test message 5565
Performance test message 5566
Performance test message 5567
Performance test message 5568
Performance test message 5569
Performance test message 5570
Performance test message 5571
Performance test message 5572
Performance test message 5573
Performance test message 5574
Performance test message 5575
Performance test message 5576
Performance test message 5577
Performance test message 5578
Performance test message 5579
Performance test message 5580
Performance test message 5581
Performance test message 5582
Performance test message 5583
Performance test message 5584
Performance test message 5585
Performance test message 5586
Performance test message 5587
Performance test message 5588
Performance test message 5589
Performance test message 5590
Performance test message 5591
Performance test message 5592
Performance test message 5593
Performance test message 5594
Performance test message 5595
Performance test message 5596
Performance test message 5597
Performance test message 5598
Performance test message 5599
Performance test message 5600
Performance test message 5601
Performance test message 5602
Performance test message 5603
Performance test message 5604
Performance test message 5605
Performance test message 5606
Performance test message 5607
Performance test message 5608
Performance test message 5609
Performance test message 5610
Performance test message 5611
Performance test message 5612
Performance test message 5613
Performance test message 5614
Performance test message 5615
Performance test message 5616
Performance test message 5617
Performance test message 5618
Performance test message 5619
Performance test message 5620
Performance test message 5621
Performance test message 5622
Performance test message 5623
Performance test message 5624
Performance test message 5625
Performance test message 5626
Performance test message 5627
Performance test message 5628
Performance test message 5629
Performance test message 5630
Performance test message 5631
Performance test message 5632
Performance test message 5633
Performance test message 5634
Performance test message 5635
Performance test message 5636
Performance test message 5637
Performance test message 5638
Performance test message 5639
Performance test message 5640
Performance test message 5641
Performance test message 5642
Performance test message 5643
Performance test message 5644
Performance test message 5645
Performance test message 5646
Performance test message 5647
Performance test message 5648
Performance test message 5649
Performance test message 5650
Performance test message 5651
Performance test message 5652
Performance test message 5653
Performance test message 5654
Performance test message 5655
Performance test message 5656
Performance test message 5657
Performance test message 5658
Performance test message 5659
Performance test message 5660
Performance test message 5661
Performance test message 5662
Performance test message 5663
Performance test message 5664
Performance test message 5665
Performance test message 5666
Performance test message 5667
Performance test message 5668
Performance test message 5669
Performance test message 5670
Performance test message 5671
Performance test message 5672
Performance test message 5673
Performance test message 5674
Performance test message 5675
Performance test message 5676
Performance test message 5677
Performance test message 5678
Performance test message 5679
Performance test message 5680
Performance test message 5681
Performance test message 5682
Performance test message 5683
Performance test message 5684
Performance test message 5685
Performance test message 5686
Performance test message 5687
Performance test message 5688
Performance test message 5689
Performance test message 5690
Performance test message 5691
Performance test message 5692
Performance test message 5693
Performance test message 5694
Performance test message 5695
Performance test message 5696
Performance test message 5697
Performance test message 5698
Performance test message 5699
Performance test message 5700
Performance test message 5701
Performance test message 5702
Performance test message 5703
Performance test message 5704
Performance test message 5705
Performance test message 5706
Performance test message 5707
Performance test message 5708
Performance test message 5709
Performance test message 5710
Performance test message 5711
Performance test message 5712
Performance test message 5713
Performance test message 5714
Performance test message 5715
Performance test message 5716
Performance test message 5717
Performance test message 5718
Performance test message 5719
Performance test message 5720
Performance test message 5721
Performance test message 5722
Performance test message 5723
Performance test message 5724
Performance test message 5725
Performance test message 5726
Performance test message 5727
Performance test message 5728
Performance test message 5729
Performance test message 5730
Performance test message 5731
Performance test message 5732
Performance test message 5733
Performance test message 5734
Performance test message 5735
Performance test message 5736
Performance test message 5737
Performance test message 5738
Performance test message 5739
Performance test message 5740
Performance test message 5741
Performance test message 5742
Performance test message 5743
Performance test message 5744
Performance test message 5745
Performance test message 5746
Performance test message 5747
Performance test message 5748
Performance test message 5749
Performance test message 5750
Performance test message 5751
Performance test message 5752
Performance test message 5753
Performance test message 5754
Performance test message 5755
Performance test message 5756
Performance test message 5757
Performance test message 5758
Performance test message 5759
Performance test message 5760
Performance test message 5761
Performance test message 5762
Performance test message 5763
Performance test message 5764
Performance test message 5765
Performance test message 5766
Performance test message 5767
Performance test message 5768
Performance test message 5769
Performance test message 5770
Performance test message 5771
Performance test message 5772
Performance test message 5773
Performance test message 5774
Performance test message 5775
Performance test message 5776
Performance test message 5777
Performance test message 5778
Performance test message 5779
Performance test message 5780
Performance test message 5781
Performance test message 5782
Performance test message 5783
Performance test message 5784
Performance test message 5785
Performance test message 5786
Performance test message 5787
Performance test message 5788
Performance test message 5789
Performance test message 5790
Performance test message 5791
Performance test message 5792
Performance test message 5793
Performance test message 5794
Performance test message 5795
Performance test message 5796
Performance test message 5797
Performance test message 5798
Performance test message 5799
Performance test message 5800
Performance test message 5801
Performance test message 5802
Performance test message 5803
Performance test message 5804
Performance test message 5805
Performance test message 5806
Performance test message 5807
Performance test message 5808
Performance test message 5809
Performance test message 5810
Performance test message 5811
Performance test message 5812
Performance test message 5813
Performance test message 5814
Performance test message 5815
Performance test message 5816
Performance test message 5817
Performance test message 5818
Performance test message 5819
Performance test message 5820
Performance test message 5821
Performance test message 5822
Performance test message 5823
Performance test message 5824
Performance test message 5825
Performance test message 5826
Performance test message 5827
Performance test message 5828
Performance test message 5829
Performance test message 5830
Performance test message 5831
Performance test message 5832
Performance test message 5833
Performance test message 5834
Performance test message 5835
Performance test message 5836
Performance test message 5837
Performance test message 5838
Performance test message 5839
Performance test message 5840
Performance test message 5841
Performance test message 5842
Performance test message 5843
Performance test message 5844
Performance test message 5845
Performance test message 5846
Performance test message 5847
Performance test message 5848
Performance test message 5849
Performance test message 5850
Performance test message 5851
Performance test message 5852
Performance test message 5853
Performance test message 5854
Performance test message 5855
Performance test message 5856
Performance test message 5857
Performance test message 5858
Performance test message 5859
Performance test message 5860
Performance test message 5861
Performance test message 5862
Performance test message 5863
Performance test message 5864
Performance test message 5865
Performance test message 5866
Performance test message 5867
Performance test message 5868
Performance test message 5869
Performance test message 5870
Performance test message 5871
Performance test message 5872
Performance test message 5873
Performance test message 5874
Performance test message 5875
Performance test message 5876
Performance test message 5877
Performance test message 5878
Performance test message 5879
Performance test message 5880
Performance test message 5881
Performance test message 5882
Performance test message 5883
Performance test message 5884
Performance test message 5885
Performance test message 5886
Performance test message 5887
Performance test message 5888
Performance test message 5889
Performance test message 5890
Performance test message 5891
Performance test message 5892
Performance test message 5893
Performance test message 5894
Performance test message 5895
Performance test message 5896
Performance test message 5897
Performance test message 5898
Performance test message 5899
Performance test message 5900
Performance test message 5901
Performance test message 5902
Performance test message 5903
Performance test message 5904
Performance test message 5905
Performance test message 5906
Performance test message 5907
Performance test message 5908
Performance test message 5909
Performance test message 5910
Performance test message 5911
Performance test message 5912
Performance test message 5913
Performance test message 5914
Performance test message 5915
Performance test message 5916
Performance test message 5917
Performance test message 5918
Performance test message 5919
Performance test message 5920
Performance test message 5921
Performance test message 5922
Performance test message 5923
Performance test message 5924
Performance test message 5925
Performance test message 5926
Performance test message 5927
Performance test message 5928
Performance test message 5929
Performance test message 5930
Performance test message 5931
Performance test message 5932
Performance test message 5933
Performance test message 5934
Performance test message 5935
Performance test message 5936
Performance test message 5937
Performance test message 5938
Performance test message 5939
Performance test message 5940
Performance test message 5941
Performance test message 5942
Performance test message 5943
Performance test message 5944
Performance test message 5945
Performance test message 5946
Performance test message 5947
Performance test message 5948
Performance test message 5949
Performance test message 5950
Performance test message 5951
Performance test message 5952
Performance test message 5953
Performance test message 5954
Performance test message 5955
Performance test message 5956
Performance test message 5957
Performance test message 5958
Performance test message 5959
Performance test message 5960
Performance test message 5961
Performance test message 5962
Performance test message 5963
Performance test message 5964
Performance test message 5965
Performance test message 5966
Performance test message 5967
Performance test message 5968
Performance test message 5969
Performance test message 5970
Performance test message 5971
Performance test message 5972
Performance test message 5973
Performance test message 5974
Performance test message 5975
Performance test message 5976
Performance test message 5977
Performance test message 5978
Performance test message 5979
Performance test message 5980
Performance test message 5981
Performance test message 5982
Performance test message 5983
Performance test message 5984
Performance test message 5985
Performance test message 5986
Performance test message 5987
Performance test message 5988
Performance test message 5989
Performance test message 5990
Performance test message 5991
Performance test message 5992
Performance test message 5993
Performance test message 5994
Performance test message 5995
Performance test message 5996
Performance test message 5997
Performance test message 5998
Performance test message 5999
Performance test message 6000
Performance test message 6001
Performance test message 6002
Performance test message 6003
Performance test message 6004
Performance test message 6005
Performance test message 6006
Performance test message 6007
Performance test message 6008
Performance test message 6009
Performance test message 6010
Performance test message 6011
Performance test message 6012
Performance test message 6013
Performance test message 6014
Performance test message 6015
Performance test message 6016
Performance test message 6017
Performance test message 6018
Performance test message 6019
Performance test message 6020
Performance test message 6021
Performance test message 6022
Performance test message 6023
Performance test message 6024
Performance test message 6025
Performance test message 6026
Performance test message 6027
Performance test message 6028
Performance test message 6029
Performance test message 6030
Performance test message 6031
Performance test message 6032
Performance test message 6033
Performance test message 6034
Performance test message 6035
Performance test message 6036
Performance test message 6037
Performance test message 6038
Performance test message 6039
Performance test message 6040
Performance test message 6041
Performance test message 6042
Performance test message 6043
Performance test message 6044
Performance test message 6045
Performance test message 6046
Performance test message 6047
Performance test message 6048
Performance test message 6049
Performance test message 6050
Performance test message 6051
Performance test message 6052
Performance test message 6053
Performance test message 6054
Performance test message 6055
Performance test message 6056
Performance test message 6057
Performance test message 6058
Performance test message 6059
Performance test message 6060
Performance test message 6061
Performance test message 6062
Performance test message 6063
Performance test message 6064
Performance test message 6065
Performance test message 6066
Performance test message 6067
Performance test message 6068
Performance test message 6069
Performance test message 6070
Performance test message 6071
Performance test message 6072
Performance test message 6073
Performance test message 6074
Performance test message 6075
Performance test message 6076
Performance test message 6077
Performance test message 6078
Performance test message 6079
Performance test message 6080
Performance test message 6081
Performance test message 6082
Performance test message 6083
Performance test message 6084
Performance test message 6085
Performance test message 6086
Performance test message 6087
Performance test message 6088
Performance test message 6089
Performance test message 6090
Performance test message 6091
Performance test message 6092
Performance test message 6093
Performance test message 6094
Performance test message 6095
Performance test message 6096
Performance test message 6097
Performance test message 6098
Performance test message 6099
Performance test message 6100
Performance test message 6101
Performance test message 6102
Performance test message 6103
Performance test message 6104
Performance test message 6105
Performance test message 6106
Performance test message 6107
Performance test message 6108
Performance test message 6109
Performance test message 6110
Performance test message 6111
Performance test message 6112
Performance test message 6113
Performance test message 6114
Performance test message 6115
Performance test message 6116
Performance test message 6117
Performance test message 6118
Performance test message 6119
Performance test message 6120
Performance test message 6121
Performance test message 6122
Performance test message 6123
Performance test message 6124
Performance test message 6125
Performance test message 6126
Performance test message 6127
Performance test message 6128
Performance test message 6129
Performance test message 6130
Performance test message 6131
Performance test message 6132
Performance test message 6133
Performance test message 6134
Performance test message 6135
Performance test message 6136
Performance test message 6137
Performance test message 6138
Performance test message 6139
Performance test message 6140
Performance test message 6141
Performance test message 6142
Performance test message 6143
Performance test message 6144
Performance test message 6145
Performance test message 6146
Performance test message 6147
Performance test message 6148
Performance test message 6149
Performance test message 6150
Performance test message 6151
Performance test message 6152
Performance test message 6153
Performance test message 6154
Performance test message 6155
Performance test message 6156
Performance test message 6157
Performance test message 6158
Performance test message 6159
Performance test message 6160
Performance test message 6161
Performance test message 6162
Performance test message 6163
Performance test message 6164
Performance test message 6165
Performance test message 6166
Performance test message 6167
Performance test message 6168
Performance test message 6169
Performance test message 6170
Performance test message 6171
Performance test message 6172
Performance test message 6173
Performance test message 6174
Performance test message 6175
Performance test message 6176
Performance test message 6177
Performance test message 6178
Performance test message 6179
Performance test message 6180
Performance test message 6181
Performance test message 6182
Performance test message 6183
Performance test message 6184
Performance test message 6185
Performance test message 6186
Performance test message 6187
Performance test message 6188
Performance test message 6189
Performance test message 6190
Performance test message 6191
Performance test message 6192
Performance test message 6193
Performance test message 6194
Performance test message 6195
Performance test message 6196
Performance test message 6197
Performance test message 6198
Performance test message 6199
Performance test message 6200
Performance test message 6201
Performance test message 6202
Performance test message 6203
Performance test message 6204
Performance test message 6205
Performance test message 6206
Performance test message 6207
Performance test message 6208
Performance test message 6209
Performance test message 6210
Performance test message 6211
Performance test message 6212
Performance test message 6213
Performance test message 6214
Performance test message 6215
Performance test message 6216
Performance test message 6217
Performance test message 6218
Performance test message 6219
Performance test message 6220
Performance test message 6221
Performance test message 6222
Performance test message 6223
Performance test message 6224
Performance test message 6225
Performance test message 6226
Performance test message 6227
Performance test message 6228
Performance test message 6229
Performance test message 6230
Performance test message 6231
Performance test message 6232
Performance test message 6233
Performance test message 6234
Performance test message 6235
Performance test message 6236
Performance test message 6237
Performance test message 6238
Performance test message 6239
Performance test message 6240
Performance test message 6241
Performance test message 6242
Performance test message 6243
Performance test message 6244
Performance test message 6245
Performance test message 6246
Performance test message 6247
Performance test message 6248
Performance test message 6249
Performance test message 6250
Performance test message 6251
Performance test message 6252
Performance test message 6253
Performance test message 6254
Performance test message 6255
Performance test message 6256
Performance test message 6257
Performance test message 6258
Performance test message 6259
Performance test message 6260
Performance test message 6261
Performance test message 6262
Performance test message 6263
Performance test message 6264
Performance test message 6265
Performance test message 6266
Performance test message 6267
Performance test message 6268
Performance test message 6269
Performance test message 6270
Performance test message 6271
Performance test message 6272
Performance test message 6273
Performance test message 6274
Performance test message 6275
Performance test message 6276
Performance test message 6277
Performance test message 6278
Performance test message 6279
Performance test message 6280
Performance test message 6281
Performance test message 6282
Performance test message 6283
Performance test message 6284
Performance test message 6285
Performance test message 6286
Performance test message 6287
Performance test message 6288
Performance test message 6289
Performance test message 6290
Performance test message 6291
Performance test message 6292
Performance test message 6293
Performance test message 6294
Performance test message 6295
Performance test message 6296
Performance test message 6297
Performance test message 6298
Performance test message 6299
Performance test message 6300
Performance test message 6301
Performance test message 6302
Performance test message 6303
Performance test message 6304
Performance test message 6305
Performance test message 6306
Performance test message 6307
Performance test message 6308
Performance test message 6309
Performance test message 6310
Performance test message 6311
Performance test message 6312
Performance test message 6313
Performance test message 6314
Performance test message 6315
Performance test message 6316
Performance test message 6317
Performance test message 6318
Performance test message 6319
Performance test message 6320
Performance test message 6321
Performance test message 6322
Performance test message 6323
Performance test message 6324
Performance test message 6325
Performance test message 6326
Performance test message 6327
Performance test message 6328
Performance test message 6329
Performance test message 6330
Performance test message 6331
Performance test message 6332
Performance test message 6333
Performance test message 6334
Performance test message 6335
Performance test message 6336
Performance test message 6337
Performance test message 6338
Performance test message 6339
Performance test message 6340
Performance test message 6341
Performance test message 6342
Performance test message 6343
Performance test message 6344
Performance test message 6345
Performance test message 6346
Performance test message 6347
Performance test message 6348
Performance test message 6349
Performance test message 6350
Performance test message 6351
Performance test message 6352
Performance test message 6353
Performance test message 6354
Performance test message 6355
Performance test message 6356
Performance test message 6357
Performance test message 6358
Performance test message 6359
Performance test message 6360
Performance test message 6361
Performance test message 6362
Performance test message 6363
Performance test message 6364
Performance test message 6365
Performance test message 6366
Performance test message 6367
Performance test message 6368
Performance test message 6369
Performance test message 6370
Performance test message 6371
Performance test message 6372
Performance test message 6373
Performance test message 6374
Performance test message 6375
Performance test message 6376
Performance test message 6377
Performance test message 6378
Performance test message 6379
Performance test message 6380
Performance test message 6381
Performance test message 6382
Performance test message 6383
Performance test message 6384
Performance test message 6385
Performance test message 6386
Performance test message 6387
Performance test message 6388
Performance test message 6389
Performance test message 6390
Performance test message 6391
Performance test message 6392
Performance test message 6393
Performance test message 6394
Performance test message 6395
Performance test message 6396
Performance test message 6397
Performance test message 6398
Performance test message 6399
Performance test message 6400
Performance test message 6401
Performance test message 6402
Performance test message 6403
Performance test message 6404
Performance test message 6405
Performance test message 6406
Performance test message 6407
Performance test message 6408
Performance test message 6409
Performance test message 6410
Performance test message 6411
Performance test message 6412
Performance test message 6413
Performance test message 6414
Performance test message 6415
Performance test message 6416
Performance test message 6417
Performance test message 6418
Performance test message 6419
Performance test message 6420
Performance test message 6421
Performance test message 6422
Performance test message 6423
Performance test message 6424
Performance test message 6425
Performance test message 6426
Performance test message 6427
Performance test message 6428
Performance test message 6429
Performance test message 6430
Performance test message 6431
Performance test message 6432
Performance test message 6433
Performance test message 6434
Performance test message 6435
Performance test message 6436
Performance test message 6437
Performance test message 6438
Performance test message 6439
Performance test message 6440
Performance test message 6441
Performance test message 6442
Performance test message 6443
Performance test message 6444
Performance test message 6445
Performance test message 6446
Performance test message 6447
Performance test message 6448
Performance test message 6449
Performance test message 6450
Performance test message 6451
Performance test message 6452
Performance test message 6453
Performance test message 6454
Performance test message 6455
Performance test message 6456
Performance test message 6457
Performance test message 6458
Performance test message 6459
Performance test message 6460
Performance test message 6461
Performance test message 6462
Performance test message 6463
Performance test message 6464
Performance test message 6465
Performance test message 6466
Performance test message 6467
Performance test message 6468
Performance test message 6469
Performance test message 6470
Performance test message 6471
Performance test message 6472
Performance test message 6473
Performance test message 6474
Performance test message 6475
Performance test message 6476
Performance test message 6477
Performance test message 6478
Performance test message 6479
Performance test message 6480
Performance test message 6481
Performance test message 6482
Performance test message 6483
Performance test message 6484
Performance test message 6485
Performance test message 6486
Performance test message 6487
Performance test message 6488
Performance test message 6489
Performance test message 6490
Performance test message 6491
Performance test message 6492
Performance test message 6493
Performance test message 6494
Performance test message 6495
Performance test message 6496
Performance test message 6497
Performance test message 6498
Performance test message 6499
Performance test message 6500
Performance test message 6501
Performance test message 6502
Performance test message 6503
Performance test message 6504
Performance test message 6505
Performance test message 6506
Performance test message 6507
Performance test message 6508
Performance test message 6509
Performance test message 6510
Performance test message 6511
Performance test message 6512
Performance test message 6513
Performance test message 6514
Performance test message 6515
Performance test message 6516
Performance test message 6517
Performance test message 6518
Performance test message 6519
Performance test message 6520
Performance test message 6521
Performance test message 6522
Performance test message 6523
Performance test message 6524
Performance test message 6525
Performance test message 6526
Performance test message 6527
Performance test message 6528
Performance test message 6529
Performance test message 6530
Performance test message 6531
Performance test message 6532
Performance test message 6533
Performance test message 6534
Performance test message 6535
Performance test message 6536
Performance test message 6537
Performance test message 6538
Performance test message 6539
Performance test message 6540
Performance test message 6541
Performance test message 6542
Performance test message 6543
Performance test message 6544
Performance test message 6545
Performance test message 6546
Performance test message 6547
Performance test message 6548
Performance test message 6549
Performance test message 6550
Performance test message 6551
Performance test message 6552
Performance test message 6553
Performance test message 6554
Performance test message 6555
Performance test message 6556
Performance test message 6557
Performance test message 6558
Performance test message 6559
Performance test message 6560
Performance test message 6561
Performance test message 6562
Performance test message 6563
Performance test message 6564
Performance test message 6565
Performance test message 6566
Performance test message 6567
Performance test message 6568
Performance test message 6569
Performance test message 6570
Performance test message 6571
Performance test message 6572
Performance test message 6573
Performance test message 6574
Performance test message 6575
Performance test message 6576
Performance test message 6577
Performance test message 6578
Performance test message 6579
Performance test message 6580
Performance test message 6581
Performance test message 6582
Performance test message 6583
Performance test message 6584
Performance test message 6585
Performance test message 6586
Performance test message 6587
Performance test message 6588
Performance test message 6589
Performance test message 6590
Performance test message 6591
Performance test message 6592
Performance test message 6593
Performance test message 6594
Performance test message 6595
Performance test message 6596
Performance test message 6597
Performance test message 6598
Performance test message 6599
Performance test message 6600
Performance test message 6601
Performance test message 6602
Performance test message 6603
Performance test message 6604
Performance test message 6605
Performance test message 6606
Performance test message 6607
Performance test message 6608
Performance test message 6609
Performance test message 6610
Performance test message 6611
Performance test message 6612
Performance test message 6613
Performance test message 6614
Performance test message 6615
Performance test message 6616
Performance test message 6617
Performance test message 6618
Performance test message 6619
Performance test message 6620
Performance test message 6621
Performance test message 6622
Performance test message 6623
Performance test message 6624
Performance test message 6625
Performance test message 6626
Performance test message 6627
Performance test message 6628
Performance test message 6629
Performance test message 6630
Performance test message 6631
Performance test message 6632
Performance test message 6633
Performance test message 6634
Performance test message 6635
Performance test message 6636
Performance test message 6637
Performance test message 6638
Performance test message 6639
Performance test message 6640
Performance test message 6641
Performance test message 6642
Performance test message 6643
Performance test message 6644
Performance test message 6645
Performance test message 6646
Performance test message 6647
Performance test message 6648
Performance test message 6649
Performance test message 6650
Performance test message 6651
Performance test message 6652
Performance test message 6653
Performance test message 6654
Performance test message 6655
Performance test message 6656
Performance test message 6657
Performance test message 6658
Performance test message 6659
Performance test message 6660
Performance test message 6661
Performance test message 6662
Performance test message 6663
Performance test message 6664
Performance test message 6665
Performance test message 6666
Performance test message 6667
Performance test message 6668
Performance test message 6669
Performance test message 6670
Performance test message 6671
Performance test message 6672
Performance test message 6673
Performance test message 6674
Performance test message 6675
Performance test message 6676
Performance test message 6677
Performance test message 6678
Performance test message 6679
Performance test message 6680
Performance test message 6681
Performance test message 6682
Performance test message 6683
Performance test message 6684
Performance test message 6685
Performance test message 6686
Performance test message 6687
Performance test message 6688
Performance test message 6689
Performance test message 6690
Performance test message 6691
Performance test message 6692
Performance test message 6693
Performance test message 6694
Performance test message 6695
Performance test message 6696
Performance test message 6697
Performance test message 6698
Performance test message 6699
Performance test message 6700
Performance test message 6701
Performance test message 6702
Performance test message 6703
Performance test message 6704
Performance test message 6705
Performance test message 6706
Performance test message 6707
Performance test message 6708
Performance test message 6709
Performance test message 6710
Performance test message 6711
Performance test message 6712
Performance test message 6713
Performance test message 6714
Performance test message 6715
Performance test message 6716
Performance test message 6717
Performance test message 6718
Performance test message 6719
Performance test message 6720
Performance test message 6721
Performance test message 6722
Performance test message 6723
Performance test message 6724
Performance test message 6725
Performance test message 6726
Performance test message 6727
Performance test message 6728
Performance test message 6729
Performance test message 6730
Performance test message 6731
Performance test message 6732
Performance test message 6733
Performance test message 6734
Performance test message 6735
Performance test message 6736
Performance test message 6737
Performance test message 6738
Performance test message 6739
Performance test message 6740
Performance test message 6741
Performance test message 6742
Performance test message 6743
Performance test message 6744
Performance test message 6745
Performance test message 6746
Performance test message 6747
Performance test message 6748
Performance test message 6749
Performance test message 6750
Performance test message 6751
Performance test message 6752
Performance test message 6753
Performance test message 6754
Performance test message 6755
Performance test message 6756
Performance test message 6757
Performance test message 6758
Performance test message 6759
Performance test message 6760
Performance test message 6761
Performance test message 6762
Performance test message 6763
Performance test message 6764
Performance test message 6765
Performance test message 6766
Performance test message 6767
Performance test message 6768
Performance test message 6769
Performance test message 6770
Performance test message 6771
Performance test message 6772
Performance test message 6773
Performance test message 6774
Performance test message 6775
Performance test message 6776
Performance test message 6777
Performance test message 6778
Performance test message 6779
Performance test message 6780
Performance test message 6781
Performance test message 6782
Performance test message 6783
Performance test message 6784
Performance test message 6785
Performance test message 6786
Performance test message 6787
Performance test message 6788
Performance test message 6789
Performance test message 6790
Performance test message 6791
Performance test message 6792
Performance test message 6793
Performance test message 6794
Performance test message 6795
Performance test message 6796
Performance test message 6797
Performance test message 6798
Performance test message 6799
Performance test message 6800
Performance test message 6801
Performance test message 6802
Performance test message 6803
Performance test message 6804
Performance test message 6805
Performance test message 6806
Performance test message 6807
Performance test message 6808
Performance test message 6809
Performance test message 6810
Performance test message 6811
Performance test message 6812
Performance test message 6813
Performance test message 6814
Performance test message 6815
Performance test message 6816
Performance test message 6817
Performance test message 6818
Performance test message 6819
Performance test message 6820
Performance test message 6821
Performance test message 6822
Performance test message 6823
Performance test message 6824
Performance test message 6825
Performance test message 6826
Performance test message 6827
Performance test message 6828
Performance test message 6829
Performance test message 6830
Performance test message 6831
Performance test message 6832
Performance test message 6833
Performance test message 6834
Performance test message 6835
Performance test message 6836
Performance test message 6837
Performance test message 6838
Performance test message 6839
Performance test message 6840
Performance test message 6841
Performance test message 6842
Performance test message 6843
Performance test message 6844
Performance test message 6845
Performance test message 6846
Performance test message 6847
Performance test message 6848
Performance test message 6849
Performance test message 6850
Performance test message 6851
Performance test message 6852
Performance test message 6853
Performance test message 6854
Performance test message 6855
Performance test message 6856
Performance test message 6857
Performance test message 6858
Performance test message 6859
Performance test message 6860
Performance test message 6861
Performance test message 6862
Performance test message 6863
Performance test message 6864
Performance test message 6865
Performance test message 6866
Performance test message 6867
Performance test message 6868
Performance test message 6869
Performance test message 6870
Performance test message 6871
Performance test message 6872
Performance test message 6873
Performance test message 6874
Performance test message 6875
Performance test message 6876
Performance test message 6877
Performance test message 6878
Performance test message 6879
Performance test message 6880
Performance test message 6881
Performance test message 6882
Performance test message 6883
Performance test message 6884
Performance test message 6885
Performance test message 6886
Performance test message 6887
Performance test message 6888
Performance test message 6889
Performance test message 6890
Performance test message 6891
Performance test message 6892
Performance test message 6893
Performance test message 6894
Performance test message 6895
Performance test message 6896
Performance test message 6897
Performance test message 6898
Performance test message 6899
Performance test message 6900
Performance test message 6901
Performance test message 6902
Performance test message 6903
Performance test message 6904
Performance test message 6905
Performance test message 6906
Performance test message 6907
Performance test message 6908
Performance test message 6909
Performance test message 6910
Performance test message 6911
Performance test message 6912
Performance test message 6913
Performance test message 6914
Performance test message 6915
Performance test message 6916
Performance test message 6917
Performance test message 6918
Performance test message 6919
Performance test message 6920
Performance test message 6921
Performance test message 6922
Performance test message 6923
Performance test message 6924
Performance test message 6925
Performance test message 6926
Performance test message 6927
Performance test message 6928
Performance test message 6929
Performance test message 6930
Performance test message 6931
Performance test message 6932
Performance test message 6933
Performance test message 6934
Performance test message 6935
Performance test message 6936
Performance test message 6937
Performance test message 6938
Performance test message 6939
Performance test message 6940
Performance test message 6941
Performance test message 6942
Performance test message 6943
Performance test message 6944
Performance test message 6945
Performance test message 6946
Performance test message 6947
Performance test message 6948
Performance test message 6949
Performance test message 6950
Performance test message 6951
Performance test message 6952
Performance test message 6953
Performance test message 6954
Performance test message 6955
Performance test message 6956
Performance test message 6957
Performance test message 6958
Performance test message 6959
Performance test message 6960
Performance test message 6961
Performance test message 6962
Performance test message 6963
Performance test message 6964
Performance test message 6965
Performance test message 6966
Performance test message 6967
Performance test message 6968
Performance test message 6969
Performance test message 6970
Performance test message 6971
Performance test message 6972
Performance test message 6973
Performance test message 6974
Performance test message 6975
Performance test message 6976
Performance test message 6977
Performance test message 6978
Performance test message 6979
Performance test message 6980
Performance test message 6981
Performance test message 6982
Performance test message 6983
Performance test message 6984
Performance test message 6985
Performance test message 6986
Performance test message 6987
Performance test message 6988
Performance test message 6989
Performance test message 6990
Performance test message 6991
Performance test message 6992
Performance test message 6993
Performance test message 6994
Performance test message 6995
Performance test message 6996
Performance test message 6997
Performance test message 6998
Performance test message 6999
Performance test message 7000
Performance test message 7001
Performance test message 7002
Performance test message 7003
Performance test message 7004
Performance test message 7005
Performance test message 7006
Performance test message 7007
Performance test message 7008
Performance test message 7009
Performance test message 7010
Performance test message 7011
Performance test message 7012
Performance test message 7013
Performance test message 7014
Performance test message 7015
Performance test message 7016
Performance test message 7017
Performance test message 7018
Performance test message 7019
Performance test message 7020
Performance test message 7021
Performance test message 7022
Performance test message 7023
Performance test message 7024
Performance test message 7025
Performance test message 7026
Performance test message 7027
Performance test message 7028
Performance test message 7029
Performance test message 7030
Performance test message 7031
Performance test message 7032
Performance test message 7033
Performance test message 7034
Performance test message 7035
Performance test message 7036
Performance test message 7037
Performance test message 7038
Performance test message 7039
Performance test message 7040
Performance test message 7041
Performance test message 7042
Performance test message 7043
Performance test message 7044
Performance test message 7045
Performance test message 7046
Performance test message 7047
Performance test message 7048
Performance test message 7049
Performance test message 7050
Performance test message 7051
Performance test message 7052
Performance test message 7053
Performance test message 7054
Performance test message 7055
Performance test message 7056
Performance test message 7057
Performance test message 7058
Performance test message 7059
Performance test message 7060
Performance test message 7061
Performance test message 7062
Performance test message 7063
Performance test message 7064
Performance test message 7065
Performance test message 7066
Performance test message 7067
Performance test message 7068
Performance test message 7069
Performance test message 7070
Performance test message 7071
Performance test message 7072
Performance test message 7073
Performance test message 7074
Performance test message 7075
Performance test message 7076
Performance test message 7077
Performance test message 7078
Performance test message 7079
Performance test message 7080
Performance test message 7081
Performance test message 7082
Performance test message 7083
Performance test message 7084
Performance test message 7085
Performance test message 7086
Performance test message 7087
Performance test message 7088
Performance test message 7089
Performance test message 7090
Performance test message 7091
Performance test message 7092
Performance test message 7093
Performance test message 7094
Performance test message 7095
Performance test message 7096
Performance test message 7097
Performance test message 7098
Performance test message 7099
Performance test message 7100
Performance test message 7101
Performance test message 7102
Performance test message 7103
Performance test message 7104
Performance test message 7105
Performance test message 7106
Performance test message 7107
Performance test message 7108
Performance test message 7109
Performance test message 7110
Performance test message 7111
Performance test message 7112
Performance test message 7113
Performance test message 7114
Performance test message 7115
Performance test message 7116
Performance test message 7117
Performance test message 7118
Performance test message 7119
Performance test message 7120
Performance test message 7121
Performance test message 7122
Performance test message 7123
Performance test message 7124
Performance test message 7125
Performance test message 7126
Performance test message 7127
Performance test message 7128
Performance test message 7129
Performance test message 7130
Performance test message 7131
Performance test message 7132
Performance test message 7133
Performance test message 7134
Performance test message 7135
Performance test message 7136
Performance test message 7137
Performance test message 7138
Performance test message 7139
Performance test message 7140
Performance test message 7141
Performance test message 7142
Performance test message 7143
Performance test message 7144
Performance test message 7145
Performance test message 7146
Performance test message 7147
Performance test message 7148
Performance test message 7149
Performance test message 7150
Performance test message 7151
Performance test message 7152
Performance test message 7153
Performance test message 7154
Performance test message 7155
Performance test message 7156
Performance test message 7157
Performance test message 7158
Performance test message 7159
Performance test message 7160
Performance test message 7161
Performance test message 7162
Performance test message 7163
Performance test message 7164
Performance test message 7165
Performance test message 7166
Performance test message 7167
Performance test message 7168
Performance test message 7169
Performance test message 7170
Performance test message 7171
Performance test message 7172
Performance test message 7173
Performance test message 7174
Performance test message 7175
Performance test message 7176
Performance test message 7177
Performance test message 7178
Performance test message 7179
Performance test message 7180
Performance test message 7181
Performance test message 7182
Performance test message 7183
Performance test message 7184
Performance test message 7185
Performance test message 7186
Performance test message 7187
Performance test message 7188
Performance test message 7189
Performance test message 7190
Performance test message 7191
Performance test message 7192
Performance test message 7193
Performance test message 7194
Performance test message 7195
Performance test message 7196
Performance test message 7197
Performance test message 7198
Performance test message 7199
Performance test message 7200
Performance test message 7201
Performance test message 7202
Performance test message 7203
Performance test message 7204
Performance test message 7205
Performance test message 7206
Performance test message 7207
Performance test message 7208
Performance test message 7209
Performance test message 7210
Performance test message 7211
Performance test message 7212
Performance test message 7213
Performance test message 7214
Performance test message 7215
Performance test message 7216
Performance test message 7217
Performance test message 7218
Performance test message 7219
Performance test message 7220
Performance test message 7221
Performance test message 7222
Performance test message 7223
Performance test message 7224
Performance test message 7225
Performance test message 7226
Performance test message 7227
Performance test message 7228
Performance test message 7229
Performance test message 7230
Performance test message 7231
Performance test message 7232
Performance test message 7233
Performance test message 7234
Performance test message 7235
Performance test message 7236
Performance test message 7237
Performance test message 7238
Performance test message 7239
Performance test message 7240
Performance test message 7241
Performance test message 7242
Performance test message 7243
Performance test message 7244
Performance test message 7245
Performance test message 7246
Performance test message 7247
Performance test message 7248
Performance test message 7249
Performance test message 7250
Performance test message 7251
Performance test message 7252
Performance test message 7253
Performance test message 7254
Performance test message 7255
Performance test message 7256
Performance test message 7257
Performance test message 7258
Performance test message 7259
Performance test message 7260
Performance test message 7261
Performance test message 7262
Performance test message 7263
Performance test message 7264
Performance test message 7265
Performance test message 7266
Performance test message 7267
Performance test message 7268
Performance test message 7269
Performance test message 7270
Performance test message 7271
Performance test message 7272
Performance test message 7273
Performance test message 7274
Performance test message 7275
Performance test message 7276
Performance test message 7277
Performance test message 7278
Performance test message 7279
Performance test message 7280
Performance test message 7281
Performance test message 7282
Performance test message 7283
Performance test message 7284
Performance test message 7285
Performance test message 7286
Performance test message 7287
Performance test message 7288
Performance test message 7289
Performance test message 7290
Performance test message 7291
Performance test message 7292
Performance test message 7293
Performance test message 7294
Performance test message 7295
Performance test message 7296
Performance test message 7297
Performance test message 7298
Performance test message 7299
Performance test message 7300
Performance test message 7301
Performance test message 7302
Performance test message 7303
Performance test message 7304
Performance test message 7305
Performance test message 7306
Performance test message 7307
Performance test message 7308
Performance test message 7309
Performance test message 7310
Performance test message 7311
Performance test message 7312
Performance test message 7313
Performance test message 7314
Performance test message 7315
Performance test message 7316
Performance test message 7317
Performance test message 7318
Performance test message 7319
Performance test message 7320
Performance test message 7321
Performance test message 7322
Performance test message 7323
Performance test message 7324
Performance test message 7325
Performance test message 7326
Performance test message 7327
Performance test message 7328
Performance test message 7329
Performance test message 7330
Performance test message 7331
Performance test message 7332
Performance test message 7333
Performance test message 7334
Performance test message 7335
Performance test message 7336
Performance test message 7337
Performance test message 7338
Performance test message 7339
Performance test message 7340
Performance test message 7341
Performance test message 7342
Performance test message 7343
Performance test message 7344
Performance test message 7345
Performance test message 7346
Performance test message 7347
Performance test message 7348
Performance test message 7349
Performance test message 7350
Performance test message 7351
Performance test message 7352
Performance test message 7353
Performance test message 7354
Performance test message 7355
Performance test message 7356
Performance test message 7357
Performance test message 7358
Performance test message 7359
Performance test message 7360
Performance test message 7361
Performance test message 7362
Performance test message 7363
Performance test message 7364
Performance test message 7365
Performance test message 7366
Performance test message 7367
Performance test message 7368
Performance test message 7369
Performance test message 7370
Performance test message 7371
Performance test message 7372
Performance test message 7373
Performance test message 7374
Performance test message 7375
Performance test message 7376
Performance test message 7377
Performance test message 7378
Performance test message 7379
Performance test message 7380
Performance test message 7381
Performance test message 7382
Performance test message 7383
Performance test message 7384
Performance test message 7385
Performance test message 7386
Performance test message 7387
Performance test message 7388
Performance test message 7389
Performance test message 7390
Performance test message 7391
Performance test message 7392
Performance test message 7393
Performance test message 7394
Performance test message 7395
Performance test message 7396
Performance test message 7397
Performance test message 7398
Performance test message 7399
Performance test message 7400
Performance test message 7401
Performance test message 7402
Performance test message 7403
Performance test message 7404
Performance test message 7405
Performance test message 7406
Performance test message 7407
Performance test message 7408
Performance test message 7409
Performance test message 7410
Performance test message 7411
Performance test message 7412
Performance test message 7413
Performance test message 7414
Performance test message 7415
Performance test message 7416
Performance test message 7417
Performance test message 7418
Performance test message 7419
Performance test message 7420
Performance test message 7421
Performance test message 7422
Performance test message 7423
Performance test message 7424
Performance test message 7425
Performance test message 7426
Performance test message 7427
Performance test message 7428
Performance test message 7429
Performance test message 7430
Performance test message 7431
Performance test message 7432
Performance test message 7433
Performance test message 7434
Performance test message 7435
Performance test message 7436
Performance test message 7437
Performance test message 7438
Performance test message 7439
Performance test message 7440
Performance test message 7441
Performance test message 7442
Performance test message 7443
Performance test message 7444
Performance test message 7445
Performance test message 7446
Performance test message 7447
Performance test message 7448
Performance test message 7449
Performance test message 7450
Performance test message 7451
Performance test message 7452
Performance test message 7453
Performance test message 7454
Performance test message 7455
Performance test message 7456
Performance test message 7457
Performance test message 7458
Performance test message 7459
Performance test message 7460
Performance test message 7461
Performance test message 7462
Performance test message 7463
Performance test message 7464
Performance test message 7465
Performance test message 7466
Performance test message 7467
Performance test message 7468
Performance test message 7469
Performance test message 7470
Performance test message 7471
Performance test message 7472
Performance test message 7473
Performance test message 7474
Performance test message 7475
Performance test message 7476
Performance test message 7477
Performance test message 7478
Performance test message 7479
Performance test message 7480
Performance test message 7481
Performance test message 7482
Performance test message 7483
Performance test message 7484
Performance test message 7485
Performance test message 7486
Performance test message 7487
Performance test message 7488
Performance test message 7489
Performance test message 7490
Performance test message 7491
Performance test message 7492
Performance test message 7493
Performance test message 7494
Performance test message 7495
Performance test message 7496
Performance test message 7497
Performance test message 7498
Performance test message 7499
Performance test message 7500
Performance test message 7501
Performance test message 7502
Performance test message 7503
Performance test message 7504
Performance test message 7505
Performance test message 7506
Performance test message 7507
Performance test message 7508
Performance test message 7509
Performance test message 7510
Performance test message 7511
Performance test message 7512
Performance test message 7513
Performance test message 7514
Performance test message 7515
Performance test message 7516
Performance test message 7517
Performance test message 7518
Performance test message 7519
Performance test message 7520
Performance test message 7521
Performance test message 7522
Performance test message 7523
Performance test message 7524
Performance test message 7525
Performance test message 7526
Performance test message 7527
Performance test message 7528
Performance test message 7529
Performance test message 7530
Performance test message 7531
Performance test message 7532
Performance test message 7533
Performance test message 7534
Performance test message 7535
Performance test message 7536
Performance test message 7537
Performance test message 7538
Performance test message 7539
Performance test message 7540
Performance test message 7541
Performance test message 7542
Performance test message 7543
Performance test message 7544
Performance test message 7545
Performance test message 7546
Performance test message 7547
Performance test message 7548
Performance test message 7549
Performance test message 7550
Performance test message 7551
Performance test message 7552
Performance test message 7553
Performance test message 7554
Performance test message 7555
Performance test message 7556
Performance test message 7557
Performance test message 7558
Performance test message 7559
Performance test message 7560
Performance test message 7561
Performance test message 7562
Performance test message 7563
Performance test message 7564
Performance test message 7565
Performance test message 7566
Performance test message 7567
Performance test message 7568
Performance test message 7569
Performance test message 7570
Performance test message 7571
Performance test message 7572
Performance test message 7573
Performance test message 7574
Performance test message 7575
Performance test message 7576
Performance test message 7577
Performance test message 7578
Performance test message 7579
Performance test message 7580
Performance test message 7581
Performance test message 7582
Performance test message 7583
Performance test message 7584
Performance test message 7585
Performance test message 7586
Performance test message 7587
Performance test message 7588
Performance test message 7589
Performance test message 7590
Performance test message 7591
Performance test message 7592
Performance test message 7593
Performance test message 7594
Performance test message 7595
Performance test message 7596
Performance test message 7597
Performance test message 7598
Performance test message 7599
Performance test message 7600
Performance test message 7601
Performance test message 7602
Performance test message 7603
Performance test message 7604
Performance test message 7605
Performance test message 7606
Performance test message 7607
Performance test message 7608
Performance test message 7609
Performance test message 7610
Performance test message 7611
Performance test message 7612
Performance test message 7613
Performance test message 7614
Performance test message 7615
Performance test message 7616
Performance test message 7617
Performance test message 7618
Performance test message 7619
Performance test message 7620
Performance test message 7621
Performance test message 7622
Performance test message 7623
Performance test message 7624
Performance test message 7625
Performance test message 7626
Performance test message 7627
Performance test message 7628
Performance test message 7629
Performance test message 7630
Performance test message 7631
Performance test message 7632
Performance test message 7633
Performance test message 7634
Performance test message 7635
Performance test message 7636
Performance test message 7637
Performance test message 7638
Performance test message 7639
Performance test message 7640
Performance test message 7641
Performance test message 7642
Performance test message 7643
Performance test message 7644
Performance test message 7645
Performance test message 7646
Performance test message 7647
Performance test message 7648
Performance test message 7649
Performance test message 7650
Performance test message 7651
Performance test message 7652
Performance test message 7653
Performance test message 7654
Performance test message 7655
Performance test message 7656
Performance test message 7657
Performance test message 7658
Performance test message 7659
Performance test message 7660
Performance test message 7661
Performance test message 7662
Performance test message 7663
Performance test message 7664
Performance test message 7665
Performance test message 7666
Performance test message 7667
Performance test message 7668
Performance test message 7669
Performance test message 7670
Performance test message 7671
Performance test message 7672
Performance test message 7673
Performance test message 7674
Performance test message 7675
Performance test message 7676
Performance test message 7677
Performance test message 7678
Performance test message 7679
Performance test message 7680
Performance test message 7681
Performance test message 7682
Performance test message 7683
Performance test message 7684
Performance test message 7685
Performance test message 7686
Performance test message 7687
Performance test message 7688
Performance test message 7689
Performance test message 7690
Performance test message 7691
Performance test message 7692
Performance test message 7693
Performance test message 7694
Performance test message 7695
Performance test message 7696
Performance test message 7697
Performance test message 7698
Performance test message 7699
Performance test message 7700
Performance test message 7701
Performance test message 7702
Performance test message 7703
Performance test message 7704
Performance test message 7705
Performance test message 7706
Performance test message 7707
Performance test message 7708
Performance test message 7709
Performance test message 7710
Performance test message 7711
Performance test message 7712
Performance test message 7713
Performance test message 7714
Performance test message 7715
Performance test message 7716
Performance test message 7717
Performance test message 7718
Performance test message 7719
Performance test message 7720
Performance test message 7721
Performance test message 7722
Performance test message 7723
Performance test message 7724
Performance test message 7725
Performance test message 7726
Performance test message 7727
Performance test message 7728
Performance test message 7729
Performance test message 7730
Performance test message 7731
Performance test message 7732
Performance test message 7733
Performance test message 7734
Performance test message 7735
Performance test message 7736
Performance test message 7737
Performance test message 7738
Performance test message 7739
Performance test message 7740
Performance test message 7741
Performance test message 7742
Performance test message 7743
Performance test message 7744
Performance test message 7745
Performance test message 7746
Performance test message 7747
Performance test message 7748
Performance test message 7749
Performance test message 7750
Performance test message 7751
Performance test message 7752
Performance test message 7753
Performance test message 7754
Performance test message 7755
Performance test message 7756
Performance test message 7757
Performance test message 7758
Performance test message 7759
Performance test message 7760
Performance test message 7761
Performance test message 7762
Performance test message 7763
Performance test message 7764
Performance test message 7765
Performance test message 7766
Performance test message 7767
Performance test message 7768
Performance test message 7769
Performance test message 7770
Performance test message 7771
Performance test message 7772
Performance test message 7773
Performance test message 7774
Performance test message 7775
Performance test message 7776
Performance test message 7777
Performance test message 7778
Performance test message 7779
Performance test message 7780
Performance test message 7781
Performance test message 7782
Performance test message 7783
Performance test message 7784
Performance test message 7785
Performance test message 7786
Performance test message 7787
Performance test message 7788
Performance test message 7789
Performance test message 7790
Performance test message 7791
Performance test message 7792
Performance test message 7793
Performance test message 7794
Performance test message 7795
Performance test message 7796
Performance test message 7797
Performance test message 7798
Performance test message 7799
Performance test message 7800
Performance test message 7801
Performance test message 7802
Performance test message 7803
Performance test message 7804
Performance test message 7805
Performance test message 7806
Performance test message 7807
Performance test message 7808
Performance test message 7809
Performance test message 7810
Performance test message 7811
Performance test message 7812
Performance test message 7813
Performance test message 7814
Performance test message 7815
Performance test message 7816
Performance test message 7817
Performance test message 7818
Performance test message 7819
Performance test message 7820
Performance test message 7821
Performance test message 7822
Performance test message 7823
Performance test message 7824
Performance test message 7825
Performance test message 7826
Performance test message 7827
Performance test message 7828
Performance test message 7829
Performance test message 7830
Performance test message 7831
Performance test message 7832
Performance test message 7833
Performance test message 7834
Performance test message 7835
Performance test message 7836
Performance test message 7837
Performance test message 7838
Performance test message 7839
Performance test message 7840
Performance test message 7841
Performance test message 7842
Performance test message 7843
Performance test message 7844
Performance test message 7845
Performance test message 7846
Performance test message 7847
Performance test message 7848
Performance test message 7849
Performance test message 7850
Performance test message 7851
Performance test message 7852
Performance test message 7853
Performance test message 7854
Performance test message 7855
Performance test message 7856
Performance test message 7857
Performance test message 7858
Performance test message 7859
Performance test message 7860
Performance test message 7861
Performance test message 7862
Performance test message 7863
Performance test message 7864
Performance test message 7865
Performance test message 7866
Performance test message 7867
Performance test message 7868
Performance test message 7869
Performance test message 7870
Performance test message 7871
Performance test message 7872
Performance test message 7873
Performance test message 7874
Performance test message 7875
Performance test message 7876
Performance test message 7877
Performance test message 7878
Performance test message 7879
Performance test message 7880
Performance test message 7881
Performance test message 7882
Performance test message 7883
Performance test message 7884
Performance test message 7885
Performance test message 7886
Performance test message 7887
Performance test message 7888
Performance test message 7889
Performance test message 7890
Performance test message 7891
Performance test message 7892
Performance test message 7893
Performance test message 7894
Performance test message 7895
Performance test message 7896
Performance test message 7897
Performance test message 7898
Performance test message 7899
Performance test message 7900
Performance test message 7901
Performance test message 7902
Performance test message 7903
Performance test message 7904
Performance test message 7905
Performance test message 7906
Performance test message 7907
Performance test message 7908
Performance test message 7909
Performance test message 7910
Performance test message 7911
Performance test message 7912
Performance test message 7913
Performance test message 7914
Performance test message 7915
Performance test message 7916
Performance test message 7917
Performance test message 7918
Performance test message 7919
Performance test message 7920
Performance test message 7921
Performance test message 7922
Performance test message 7923
Performance test message 7924
Performance test message 7925
Performance test message 7926
Performance test message 7927
Performance test message 7928
Performance test message 7929
Performance test message 7930
Performance test message 7931
Performance test message 7932
Performance test message 7933
Performance test message 7934
Performance test message 7935
Performance test message 7936
Performance test message 7937
Performance test message 7938
Performance test message 7939
Performance test message 7940
Performance test message 7941
Performance test message 7942
Performance test message 7943
Performance test message 7944
Performance test message 7945
Performance test message 7946
Performance test message 7947
Performance test message 7948
Performance test message 7949
Performance test message 7950
Performance test message 7951
Performance test message 7952
Performance test message 7953
Performance test message 7954
Performance test message 7955
Performance test message 7956
Performance test message 7957
Performance test message 7958
Performance test message 7959
Performance test message 7960
Performance test message 7961
Performance test message 7962
Performance test message 7963
Performance test message 7964
Performance test message 7965
Performance test message 7966
Performance test message 7967
Performance test message 7968
Performance test message 7969
Performance test message 7970
Performance test message 7971
Performance test message 7972
Performance test message 7973
Performance test message 7974
Performance test message 7975
Performance test message 7976
Performance test message 7977
Performance test message 7978
Performance test message 7979
Performance test message 7980
Performance test message 7981
Performance test message 7982
Performance test message 7983
Performance test message 7984
Performance test message 7985
Performance test message 7986
Performance test message 7987
Performance test message 7988
Performance test message 7989
Performance test message 7990
Performance test message 7991
Performance test message 7992
Performance test message 7993
Performance test message 7994
Performance test message 7995
Performance test message 7996
Performance test message 7997
Performance test message 7998
Performance test message 7999
Performance test message 8000
Performance test message 8001
Performance test message 8002
Performance test message 8003
Performance test message 8004
Performance test message 8005
Performance test message 8006
Performance test message 8007
Performance test message 8008
Performance test message 8009
Performance test message 8010
Performance test message 8011
Performance test message 8012
Performance test message 8013
Performance test message 8014
Performance test message 8015
Performance test message 8016
Performance test message 8017
Performance test message 8018
Performance test message 8019
Performance test message 8020
Performance test message 8021
Performance test message 8022
Performance test message 8023
Performance test message 8024
Performance test message 8025
Performance test message 8026
Performance test message 8027
Performance test message 8028
Performance test message 8029
Performance test message 8030
Performance test message 8031
Performance test message 8032
Performance test message 8033
Performance test message 8034
Performance test message 8035
Performance test message 8036
Performance test message 8037
Performance test message 8038
Performance test message 8039
Performance test message 8040
Performance test message 8041
Performance test message 8042
Performance test message 8043
Performance test message 8044
Performance test message 8045
Performance test message 8046
Performance test message 8047
Performance test message 8048
Performance test message 8049
Performance test message 8050
Performance test message 8051
Performance test message 8052
Performance test message 8053
Performance test message 8054
Performance test message 8055
Performance test message 8056
Performance test message 8057
Performance test message 8058
Performance test message 8059
Performance test message 8060
Performance test message 8061
Performance test message 8062
Performance test message 8063
Performance test message 8064
Performance test message 8065
Performance test message 8066
Performance test message 8067
Performance test message 8068
Performance test message 8069
Performance test message 8070
Performance test message 8071
Performance test message 8072
Performance test message 8073
Performance test message 8074
Performance test message 8075
Performance test message 8076
Performance test message 8077
Performance test message 8078
Performance test message 8079
Performance test message 8080
Performance test message 8081
Performance test message 8082
Performance test message 8083
Performance test message 8084
Performance test message 8085
Performance test message 8086
Performance test message 8087
Performance test message 8088
Performance test message 8089
Performance test message 8090
Performance test message 8091
Performance test message 8092
Performance test message 8093
Performance test message 8094
Performance test message 8095
Performance test message 8096
Performance test message 8097
Performance test message 8098
Performance test message 8099
Performance test message 8100
Performance test message 8101
Performance test message 8102
Performance test message 8103
Performance test message 8104
Performance test message 8105
Performance test message 8106
Performance test message 8107
Performance test message 8108
Performance test message 8109
Performance test message 8110
Performance test message 8111
Performance test message 8112
Performance test message 8113
Performance test message 8114
Performance test message 8115
Performance test message 8116
Performance test message 8117
Performance test message 8118
Performance test message 8119
Performance test message 8120
Performance test message 8121
Performance test message 8122
Performance test message 8123
Performance test message 8124
Performance test message 8125
Performance test message 8126
Performance test message 8127
Performance test message 8128
Performance test message 8129
Performance test message 8130
Performance test message 8131
Performance test message 8132
Performance test message 8133
Performance test message 8134
Performance test message 8135
Performance test message 8136
Performance test message 8137
Performance test message 8138
Performance test message 8139
Performance test message 8140
Performance test message 8141
Performance test message 8142
Performance test message 8143
Performance test message 8144
Performance test message 8145
Performance test message 8146
Performance test message 8147
Performance test message 8148
Performance test message 8149
Performance test message 8150
Performance test message 8151
Performance test message 8152
Performance test message 8153
Performance test message 8154
Performance test message 8155
Performance test message 8156
Performance test message 8157
Performance test message 8158
Performance test message 8159
Performance test message 8160
Performance test message 8161
Performance test message 8162
Performance test message 8163
Performance test message 8164
Performance test message 8165
Performance test message 8166
Performance test message 8167
Performance test message 8168
Performance test message 8169
Performance test message 8170
Performance test message 8171
Performance test message 8172
Performance test message 8173
Performance test message 8174
Performance test message 8175
Performance test message 8176
Performance test message 8177
Performance test message 8178
Performance test message 8179
Performance test message 8180
Performance test message 8181
Performance test message 8182
Performance test message 8183
Performance test message 8184
Performance test message 8185
Performance test message 8186
Performance test message 8187
Performance test message 8188
Performance test message 8189
Performance test message 8190
Performance test message 8191
Performance test message 8192
Performance test message 8193
Performance test message 8194
Performance test message 8195
Performance test message 8196
Performance test message 8197
Performance test message 8198
Performance test message 8199
Performance test message 8200
Performance test message 8201
Performance test message 8202
Performance test message 8203
Performance test message 8204
Performance test message 8205
Performance test message 8206
Performance test message 8207
Performance test message 8208
Performance test message 8209
Performance test message 8210
Performance test message 8211
Performance test message 8212
Performance test message 8213
Performance test message 8214
Performance test message 8215
Performance test message 8216
Performance test message 8217
Performance test message 8218
Performance test message 8219
Performance test message 8220
Performance test message 8221
Performance test message 8222
Performance test message 8223
Performance test message 8224
Performance test message 8225
Performance test message 8226
Performance test message 8227
Performance test message 8228
Performance test message 8229
Performance test message 8230
Performance test message 8231
Performance test message 8232
Performance test message 8233
Performance test message 8234
Performance test message 8235
Performance test message 8236
Performance test message 8237
Performance test message 8238
Performance test message 8239
Performance test message 8240
Performance test message 8241
Performance test message 8242
Performance test message 8243
Performance test message 8244
Performance test message 8245
Performance test message 8246
Performance test message 8247
Performance test message 8248
Performance test message 8249
Performance test message 8250
Performance test message 8251
Performance test message 8252
Performance test message 8253
Performance test message 8254
Performance test message 8255
Performance test message 8256
Performance test message 8257
Performance test message 8258
Performance test message 8259
Performance test message 8260
Performance test message 8261
Performance test message 8262
Performance test message 8263
Performance test message 8264
Performance test message 8265
Performance test message 8266
Performance test message 8267
Performance test message 8268
Performance test message 8269
Performance test message 8270
Performance test message 8271
Performance test message 8272
Performance test message 8273
Performance test message 8274
Performance test message 8275
Performance test message 8276
Performance test message 8277
Performance test message 8278
Performance test message 8279
Performance test message 8280
Performance test message 8281
Performance test message 8282
Performance test message 8283
Performance test message 8284
Performance test message 8285
Performance test message 8286
Performance test message 8287
Performance test message 8288
Performance test message 8289
Performance test message 8290
Performance test message 8291
Performance test message 8292
Performance test message 8293
Performance test message 8294
Performance test message 8295
Performance test message 8296
Performance test message 8297
Performance test message 8298
Performance test message 8299
Performance test message 8300
Performance test message 8301
Performance test message 8302
Performance test message 8303
Performance test message 8304
Performance test message 8305
Performance test message 8306
Performance test message 8307
Performance test message 8308
Performance test message 8309
Performance test message 8310
Performance test message 8311
Performance test message 8312
Performance test message 8313
Performance test message 8314
Performance test message 8315
Performance test message 8316
Performance test message 8317
Performance test message 8318
Performance test message 8319
Performance test message 8320
Performance test message 8321
Performance test message 8322
Performance test message 8323
Performance test message 8324
Performance test message 8325
Performance test message 8326
Performance test message 8327
Performance test message 8328
Performance test message 8329
Performance test message 8330
Performance test message 8331
Performance test message 8332
Performance test message 8333
Performance test message 8334
Performance test message 8335
Performance test message 8336
Performance test message 8337
Performance test message 8338
Performance test message 8339
Performance test message 8340
Performance test message 8341
Performance test message 8342
Performance test message 8343
Performance test message 8344
Performance test message 8345
Performance test message 8346
Performance test message 8347
Performance test message 8348
Performance test message 8349
Performance test message 8350
Performance test message 8351
Performance test message 8352
Performance test message 8353
Performance test message 8354
Performance test message 8355
Performance test message 8356
Performance test message 8357
Performance test message 8358
Performance test message 8359
Performance test message 8360
Performance test message 8361
Performance test message 8362
Performance test message 8363
Performance test message 8364
Performance test message 8365
Performance test message 8366
Performance test message 8367
Performance test message 8368
Performance test message 8369
Performance test message 8370
Performance test message 8371
Performance test message 8372
Performance test message 8373
Performance test message 8374
Performance test message 8375
Performance test message 8376
Performance test message 8377
Performance test message 8378
Performance test message 8379
Performance test message 8380
Performance test message 8381
Performance test message 8382
Performance test message 8383
Performance test message 8384
Performance test message 8385
Performance test message 8386
Performance test message 8387
Performance test message 8388
Performance test message 8389
Performance test message 8390
Performance test message 8391
Performance test message 8392
Performance test message 8393
Performance test message 8394
Performance test message 8395
Performance test message 8396
Performance test message 8397
Performance test message 8398
Performance test message 8399
Performance test message 8400
Performance test message 8401
Performance test message 8402
Performance test message 8403
Performance test message 8404
Performance test message 8405
Performance test message 8406
Performance test message 8407
Performance test message 8408
Performance test message 8409
Performance test message 8410
Performance test message 8411
Performance test message 8412
Performance test message 8413
Performance test message 8414
Performance test message 8415
Performance test message 8416
Performance test message 8417
Performance test message 8418
Performance test message 8419
Performance test message 8420
Performance test message 8421
Performance test message 8422
Performance test message 8423
Performance test message 8424
Performance test message 8425
Performance test message 8426
Performance test message 8427
Performance test message 8428
Performance test message 8429
Performance test message 8430
Performance test message 8431
Performance test message 8432
Performance test message 8433
Performance test message 8434
Performance test message 8435
Performance test message 8436
Performance test message 8437
Performance test message 8438
Performance test message 8439
Performance test message 8440
Performance test message 8441
Performance test message 8442
Performance test message 8443
Performance test message 8444
Performance test message 8445
Performance test message 8446
Performance test message 8447
Performance test message 8448
Performance test message 8449
Performance test message 8450
Performance test message 8451
Performance test message 8452
Performance test message 8453
Performance test message 8454
Performance test message 8455
Performance test message 8456
Performance test message 8457
Performance test message 8458
Performance test message 8459
Performance test message 8460
Performance test message 8461
Performance test message 8462
Performance test message 8463
Performance test message 8464
Performance test message 8465
Performance test message 8466
Performance test message 8467
Performance test message 8468
Performance test message 8469
Performance test message 8470
Performance test message 8471
Performance test message 8472
Performance test message 8473
Performance test message 8474
Performance test message 8475
Performance test message 8476
Performance test message 8477
Performance test message 8478
Performance test message 8479
Performance test message 8480
Performance test message 8481
Performance test message 8482
Performance test message 8483
Performance test message 8484
Performance test message 8485
Performance test message 8486
Performance test message 8487
Performance test message 8488
Performance test message 8489
Performance test message 8490
Performance test message 8491
Performance test message 8492
Performance test message 8493
Performance test message 8494
Performance test message 8495
Performance test message 8496
Performance test message 8497
Performance test message 8498
Performance test message 8499
Performance test message 8500
Performance test message 8501
Performance test message 8502
Performance test message 8503
Performance test message 8504
Performance test message 8505
Performance test message 8506
Performance test message 8507
Performance test message 8508
Performance test message 8509
Performance test message 8510
Performance test message 8511
Performance test message 8512
Performance test message 8513
Performance test message 8514
Performance test message 8515
Performance test message 8516
Performance test message 8517
Performance test message 8518
Performance test message 8519
Performance test message 8520
Performance test message 8521
Performance test message 8522
Performance test message 8523
Performance test message 8524
Performance test message 8525
Performance test message 8526
Performance test message 8527
Performance test message 8528
Performance test message 8529
Performance test message 8530
Performance test message 8531
Performance test message 8532
Performance test message 8533
Performance test message 8534
Performance test message 8535
Performance test message 8536
Performance test message 8537
Performance test message 8538
Performance test message 8539
Performance test message 8540
Performance test message 8541
Performance test message 8542
Performance test message 8543
Performance test message 8544
Performance test message 8545
Performance test message 8546
Performance test message 8547
Performance test message 8548
Performance test message 8549
Performance test message 8550
Performance test message 8551
Performance test message 8552
Performance test message 8553
Performance test message 8554
Performance test message 8555
Performance test message 8556
Performance test message 8557
Performance test message 8558
Performance test message 8559
Performance test message 8560
Performance test message 8561
Performance test message 8562
Performance test message 8563
Performance test message 8564
Performance test message 8565
Performance test message 8566
Performance test message 8567
Performance test message 8568
Performance test message 8569
Performance test message 8570
Performance test message 8571
Performance test message 8572
Performance test message 8573
Performance test message 8574
Performance test message 8575
Performance test message 8576
Performance test message 8577
Performance test message 8578
Performance test message 8579
Performance test message 8580
Performance test message 8581
Performance test message 8582
Performance test message 8583
Performance test message 8584
Performance test message 8585
Performance test message 8586
Performance test message 8587
Performance test message 8588
Performance test message 8589
Performance test message 8590
Performance test message 8591
Performance test message 8592
Performance test message 8593
Performance test message 8594
Performance test message 8595
Performance test message 8596
Performance test message 8597
Performance test message 8598
Performance test message 8599
Performance test message 8600
Performance test message 8601
Performance test message 8602
Performance test message 8603
Performance test message 8604
Performance test message 8605
Performance test message 8606
Performance test message 8607
Performance test message 8608
Performance test message 8609
Performance test message 8610
Performance test message 8611
Performance test message 8612
Performance test message 8613
Performance test message 8614
Performance test message 8615
Performance test message 8616
Performance test message 8617
Performance test message 8618
Performance test message 8619
Performance test message 8620
Performance test message 8621
Performance test message 8622
Performance test message 8623
Performance test message 8624
Performance test message 8625
Performance test message 8626
Performance test message 8627
Performance test message 8628
Performance test message 8629
Performance test message 8630
Performance test message 8631
Performance test message 8632
Performance test message 8633
Performance test message 8634
Performance test message 8635
Performance test message 8636
Performance test message 8637
Performance test message 8638
Performance test message 8639
Performance test message 8640
Performance test message 8641
Performance test message 8642
Performance test message 8643
Performance test message 8644
Performance test message 8645
Performance test message 8646
Performance test message 8647
Performance test message 8648
Performance test message 8649
Performance test message 8650
Performance test message 8651
Performance test message 8652
Performance test message 8653
Performance test message 8654
Performance test message 8655
Performance test message 8656
Performance test message 8657
Performance test message 8658
Performance test message 8659
Performance test message 8660
Performance test message 8661
Performance test message 8662
Performance test message 8663
Performance test message 8664
Performance test message 8665
Performance test message 8666
Performance test message 8667
Performance test message 8668
Performance test message 8669
Performance test message 8670
Performance test message 8671
Performance test message 8672
Performance test message 8673
Performance test message 8674
Performance test message 8675
Performance test message 8676
Performance test message 8677
Performance test message 8678
Performance test message 8679
Performance test message 8680
Performance test message 8681
Performance test message 8682
Performance test message 8683
Performance test message 8684
Performance test message 8685
Performance test message 8686
Performance test message 8687
Performance test message 8688
Performance test message 8689
Performance test message 8690
Performance test message 8691
Performance test message 8692
Performance test message 8693
Performance test message 8694
Performance test message 8695
Performance test message 8696
Performance test message 8697
Performance test message 8698
Performance test message 8699
Performance test message 8700
Performance test message 8701
Performance test message 8702
Performance test message 8703
Performance test message 8704
Performance test message 8705
Performance test message 8706
Performance test message 8707
Performance test message 8708
Performance test message 8709
Performance test message 8710
Performance test message 8711
Performance test message 8712
Performance test message 8713
Performance test message 8714
Performance test message 8715
Performance test message 8716
Performance test message 8717
Performance test message 8718
Performance test message 8719
Performance test message 8720
Performance test message 8721
Performance test message 8722
Performance test message 8723
Performance test message 8724
Performance test message 8725
Performance test message 8726
Performance test message 8727
Performance test message 8728
Performance test message 8729
Performance test message 8730
Performance test message 8731
Performance test message 8732
Performance test message 8733
Performance test message 8734
Performance test message 8735
Performance test message 8736
Performance test message 8737
Performance test message 8738
Performance test message 8739
Performance test message 8740
Performance test message 8741
Performance test message 8742
Performance test message 8743
Performance test message 8744
Performance test message 8745
Performance test message 8746
Performance test message 8747
Performance test message 8748
Performance test message 8749
Performance test message 8750
Performance test message 8751
Performance test message 8752
Performance test message 8753
Performance test message 8754
Performance test message 8755
Performance test message 8756
Performance test message 8757
Performance test message 8758
Performance test message 8759
Performance test message 8760
Performance test message 8761
Performance test message 8762
Performance test message 8763
Performance test message 8764
Performance test message 8765
Performance test message 8766
Performance test message 8767
Performance test message 8768
Performance test message 8769
Performance test message 8770
Performance test message 8771
Performance test message 8772
Performance test message 8773
Performance test message 8774
Performance test message 8775
Performance test message 8776
Performance test message 8777
Performance test message 8778
Performance test message 8779
Performance test message 8780
Performance test message 8781
Performance test message 8782
Performance test message 8783
Performance test message 8784
Performance test message 8785
Performance test message 8786
Performance test message 8787
Performance test message 8788
Performance test message 8789
Performance test message 8790
Performance test message 8791
Performance test message 8792
Performance test message 8793
Performance test message 8794
Performance test message 8795
Performance test message 8796
Performance test message 8797
Performance test message 8798
Performance test message 8799
Performance test message 8800
Performance test message 8801
Performance test message 8802
Performance test message 8803
Performance test message 8804
Performance test message 8805
Performance test message 8806
Performance test message 8807
Performance test message 8808
Performance test message 8809
Performance test message 8810
Performance test message 8811
Performance test message 8812
Performance test message 8813
Performance test message 8814
Performance test message 8815
Performance test message 8816
Performance test message 8817
Performance test message 8818
Performance test message 8819
Performance test message 8820
Performance test message 8821
Performance test message 8822
Performance test message 8823
Performance test message 8824
Performance test message 8825
Performance test message 8826
Performance test message 8827
Performance test message 8828
Performance test message 8829
Performance test message 8830
Performance test message 8831
Performance test message 8832
Performance test message 8833
Performance test message 8834
Performance test message 8835
Performance test message 8836
Performance test message 8837
Performance test message 8838
Performance test message 8839
Performance test message 8840
Performance test message 8841
Performance test message 8842
Performance test message 8843
Performance test message 8844
Performance test message 8845
Performance test message 8846
Performance test message 8847
Performance test message 8848
Performance test message 8849
Performance test message 8850
Performance test message 8851
Performance test message 8852
Performance test message 8853
Performance test message 8854
Performance test message 8855
Performance test message 8856
Performance test message 8857
Performance test message 8858
Performance test message 8859
Performance test message 8860
Performance test message 8861
Performance test message 8862
Performance test message 8863
Performance test message 8864
Performance test message 8865
Performance test message 8866
Performance test message 8867
Performance test message 8868
Performance test message 8869
Performance test message 8870
Performance test message 8871
Performance test message 8872
Performance test message 8873
Performance test message 8874
Performance test message 8875
Performance test message 8876
Performance test message 8877
Performance test message 8878
Performance test message 8879
Performance test message 8880
Performance test message 8881
Performance test message 8882
Performance test message 8883
Performance test message 8884
Performance test message 8885
Performance test message 8886
Performance test message 8887
Performance test message 8888
Performance test message 8889
Performance test message 8890
Performance test message 8891
Performance test message 8892
Performance test message 8893
Performance test message 8894
Performance test message 8895
Performance test message 8896
Performance test message 8897
Performance test message 8898
Performance test message 8899
Performance test message 8900
Performance test message 8901
Performance test message 8902
Performance test message 8903
Performance test message 8904
Performance test message 8905
Performance test message 8906
Performance test message 8907
Performance test message 8908
Performance test message 8909
Performance test message 8910
Performance test message 8911
Performance test message 8912
Performance test message 8913
Performance test message 8914
Performance test message 8915
Performance test message 8916
Performance test message 8917
Performance test message 8918
Performance test message 8919
Performance test message 8920
Performance test message 8921
Performance test message 8922
Performance test message 8923
Performance test message 8924
Performance test message 8925
Performance test message 8926
Performance test message 8927
Performance test message 8928
Performance test message 8929
Performance test message 8930
Performance test message 8931
Performance test message 8932
Performance test message 8933
Performance test message 8934
Performance test message 8935
Performance test message 8936
Performance test message 8937
Performance test message 8938
Performance test message 8939
Performance test message 8940
Performance test message 8941
Performance test message 8942
Performance test message 8943
Performance test message 8944
Performance test message 8945
Performance test message 8946
Performance test message 8947
Performance test message 8948
Performance test message 8949
Performance test message 8950
Performance test message 8951
Performance test message 8952
Performance test message 8953
Performance test message 8954
Performance test message 8955
Performance test message 8956
Performance test message 8957
Performance test message 8958
Performance test message 8959
Performance test message 8960
Performance test message 8961
Performance test message 8962
Performance test message 8963
Performance test message 8964
Performance test message 8965
Performance test message 8966
Performance test message 8967
Performance test message 8968
Performance test message 8969
Performance test message 8970
Performance test message 8971
Performance test message 8972
Performance test message 8973
Performance test message 8974
Performance test message 8975
Performance test message 8976
Performance test message 8977
Performance test message 8978
Performance test message 8979
Performance test message 8980
Performance test message 8981
Performance test message 8982
Performance test message 8983
Performance test message 8984
Performance test message 8985
Performance test message 8986
Performance test message 8987
Performance test message 8988
Performance test message 8989
Performance test message 8990
Performance test message 8991
Performance test message 8992
Performance test message 8993
Performance test message 8994
Performance test message 8995
Performance test message 8996
Performance test message 8997
Performance test message 8998
Performance test message 8999
Performance test message 9000
Performance test message 9001
Performance test message 9002
Performance test message 9003
Performance test message 9004
Performance test message 9005
Performance test message 9006
Performance test message 9007
Performance test message 9008
Performance test message 9009
Performance test message 9010
Performance test message 9011
Performance test message 9012
Performance test message 9013
Performance test message 9014
Performance test message 9015
Performance test message 9016
Performance test message 9017
Performance test message 9018
Performance test message 9019
Performance test message 9020
Performance test message 9021
Performance test message 9022
Performance test message 9023
Performance test message 9024
Performance test message 9025
Performance test message 9026
Performance test message 9027
Performance test message 9028
Performance test message 9029
Performance test message 9030
Performance test message 9031
Performance test message 9032
Performance test message 9033
Performance test message 9034
Performance test message 9035
Performance test message 9036
Performance test message 9037
Performance test message 9038
Performance test message 9039
Performance test message 9040
Performance test message 9041
Performance test message 9042
Performance test message 9043
Performance test message 9044
Performance test message 9045
Performance test message 9046
Performance test message 9047
Performance test message 9048
Performance test message 9049
Performance test message 9050
Performance test message 9051
Performance test message 9052
Performance test message 9053
Performance test message 9054
Performance test message 9055
Performance test message 9056
Performance test message 9057
Performance test message 9058
Performance test message 9059
Performance test message 9060
Performance test message 9061
Performance test message 9062
Performance test message 9063
Performance test message 9064
Performance test message 9065
Performance test message 9066
Performance test message 9067
Performance test message 9068
Performance test message 9069
Performance test message 9070
Performance test message 9071
Performance test message 9072
Performance test message 9073
Performance test message 9074
Performance test message 9075
Performance test message 9076
Performance test message 9077
Performance test message 9078
Performance test message 9079
Performance test message 9080
Performance test message 9081
Performance test message 9082
Performance test message 9083
Performance test message 9084
Performance test message 9085
Performance test message 9086
Performance test message 9087
Performance test message 9088
Performance test message 9089
Performance test message 9090
Performance test message 9091
Performance test message 9092
Performance test message 9093
Performance test message 9094
Performance test message 9095
Performance test message 9096
Performance test message 9097
Performance test message 9098
Performance test message 9099
Performance test message 9100
Performance test message 9101
Performance test message 9102
Performance test message 9103
Performance test message 9104
Performance test message 9105
Performance test message 9106
Performance test message 9107
Performance test message 9108
Performance test message 9109
Performance test message 9110
Performance test message 9111
Performance test message 9112
Performance test message 9113
Performance test message 9114
Performance test message 9115
Performance test message 9116
Performance test message 9117
Performance test message 9118
Performance test message 9119
Performance test message 9120
Performance test message 9121
Performance test message 9122
Performance test message 9123
Performance test message 9124
Performance test message 9125
Performance test message 9126
Performance test message 9127
Performance test message 9128
Performance test message 9129
Performance test message 9130
Performance test message 9131
Performance test message 9132
Performance test message 9133
Performance test message 9134
Performance test message 9135
Performance test message 9136
Performance test message 9137
Performance test message 9138
Performance test message 9139
Performance test message 9140
Performance test message 9141
Performance test message 9142
Performance test message 9143
Performance test message 9144
Performance test message 9145
Performance test message 9146
Performance test message 9147
Performance test message 9148
Performance test message 9149
Performance test message 9150
Performance test message 9151
Performance test message 9152
Performance test message 9153
Performance test message 9154
Performance test message 9155
Performance test message 9156
Performance test message 9157
Performance test message 9158
Performance test message 9159
Performance test message 9160
Performance test message 9161
Performance test message 9162
Performance test message 9163
Performance test message 9164
Performance test message 9165
Performance test message 9166
Performance test message 9167
Performance test message 9168
Performance test message 9169
Performance test message 9170
Performance test message 9171
Performance test message 9172
Performance test message 9173
Performance test message 9174
Performance test message 9175
Performance test message 9176
Performance test message 9177
Performance test message 9178
Performance test message 9179
Performance test message 9180
Performance test message 9181
Performance test message 9182
Performance test message 9183
Performance test message 9184
Performance test message 9185
Performance test message 9186
Performance test message 9187
Performance test message 9188
Performance test message 9189
Performance test message 9190
Performance test message 9191
Performance test message 9192
Performance test message 9193
Performance test message 9194
Performance test message 9195
Performance test message 9196
Performance test message 9197
Performance test message 9198
Performance test message 9199
Performance test message 9200
Performance test message 9201
Performance test message 9202
Performance test message 9203
Performance test message 9204
Performance test message 9205
Performance test message 9206
Performance test message 9207
Performance test message 9208
Performance test message 9209
Performance test message 9210
Performance test message 9211
Performance test message 9212
Performance test message 9213
Performance test message 9214
Performance test message 9215
Performance test message 9216
Performance test message 9217
Performance test message 9218
Performance test message 9219
Performance test message 9220
Performance test message 9221
Performance test message 9222
Performance test message 9223
Performance test message 9224
Performance test message 9225
Performance test message 9226
Performance test message 9227
Performance test message 9228
Performance test message 9229
Performance test message 9230
Performance test message 9231
Performance test message 9232
Performance test message 9233
Performance test message 9234
Performance test message 9235
Performance test message 9236
Performance test message 9237
Performance test message 9238
Performance test message 9239
Performance test message 9240
Performance test message 9241
Performance test message 9242
Performance test message 9243
Performance test message 9244
Performance test message 9245
Performance test message 9246
Performance test message 9247
Performance test message 9248
Performance test message 9249
Performance test message 9250
Performance test message 9251
Performance test message 9252
Performance test message 9253
Performance test message 9254
Performance test message 9255
Performance test message 9256
Performance test message 9257
Performance test message 9258
Performance test message 9259
Performance test message 9260
Performance test message 9261
Performance test message 9262
Performance test message 9263
Performance test message 9264
Performance test message 9265
Performance test message 9266
Performance test message 9267
Performance test message 9268
Performance test message 9269
Performance test message 9270
Performance test message 9271
Performance test message 9272
Performance test message 9273
Performance test message 9274
Performance test message 9275
Performance test message 9276
Performance test message 9277
Performance test message 9278
Performance test message 9279
Performance test message 9280
Performance test message 9281
Performance test message 9282
Performance test message 9283
Performance test message 9284
Performance test message 9285
Performance test message 9286
Performance test message 9287
Performance test message 9288
Performance test message 9289
Performance test message 9290
Performance test message 9291
Performance test message 9292
Performance test message 9293
Performance test message 9294
Performance test message 9295
Performance test message 9296
Performance test message 9297
Performance test message 9298
Performance test message 9299
Performance test message 9300
Performance test message 9301
Performance test message 9302
Performance test message 9303
Performance test message 9304
Performance test message 9305
Performance test message 9306
Performance test message 9307
Performance test message 9308
Performance test message 9309
Performance test message 9310
Performance test message 9311
Performance test message 9312
Performance test message 9313
Performance test message 9314
Performance test message 9315
Performance test message 9316
Performance test message 9317
Performance test message 9318
Performance test message 9319
Performance test message 9320
Performance test message 9321
Performance test message 9322
Performance test message 9323
Performance test message 9324
Performance test message 9325
Performance test message 9326
Performance test message 9327
Performance test message 9328
Performance test message 9329
Performance test message 9330
Performance test message 9331
Performance test message 9332
Performance test message 9333
Performance test message 9334
Performance test message 9335
Performance test message 9336
Performance test message 9337
Performance test message 9338
Performance test message 9339
Performance test message 9340
Performance test message 9341
Performance test message 9342
Performance test message 9343
Performance test message 9344
Performance test message 9345
Performance test message 9346
Performance test message 9347
Performance test message 9348
Performance test message 9349
Performance test message 9350
Performance test message 9351
Performance test message 9352
Performance test message 9353
Performance test message 9354
Performance test message 9355
Performance test message 9356
Performance test message 9357
Performance test message 9358
Performance test message 9359
Performance test message 9360
Performance test message 9361
Performance test message 9362
Performance test message 9363
Performance test message 9364
Performance test message 9365
Performance test message 9366
Performance test message 9367
Performance test message 9368
Performance test message 9369
Performance test message 9370
Performance test message 9371
Performance test message 9372
Performance test message 9373
Performance test message 9374
Performance test message 9375
Performance test message 9376
Performance test message 9377
Performance test message 9378
Performance test message 9379
Performance test message 9380
Performance test message 9381
Performance test message 9382
Performance test message 9383
Performance test message 9384
Performance test message 9385
Performance test message 9386
Performance test message 9387
Performance test message 9388
Performance test message 9389
Performance test message 9390
Performance test message 9391
Performance test message 9392
Performance test message 9393
Performance test message 9394
Performance test message 9395
Performance test message 9396
Performance test message 9397
Performance test message 9398
Performance test message 9399
Performance test message 9400
Performance test message 9401
Performance test message 9402
Performance test message 9403
Performance test message 9404
Performance test message 9405
Performance test message 9406
Performance test message 9407
Performance test message 9408
Performance test message 9409
Performance test message 9410
Performance test message 9411
Performance test message 9412
Performance test message 9413
Performance test message 9414
Performance test message 9415
Performance test message 9416
Performance test message 9417
Performance test message 9418
Performance test message 9419
Performance test message 9420
Performance test message 9421
Performance test message 9422
Performance test message 9423
Performance test message 9424
Performance test message 9425
Performance test message 9426
Performance test message 9427
Performance test message 9428
Performance test message 9429
Performance test message 9430
Performance test message 9431
Performance test message 9432
Performance test message 9433
Performance test message 9434
Performance test message 9435
Performance test message 9436
Performance test message 9437
Performance test message 9438
Performance test message 9439
Performance test message 9440
Performance test message 9441
Performance test message 9442
Performance test message 9443
Performance test message 9444
Performance test message 9445
Performance test message 9446
Performance test message 9447
Performance test message 9448
Performance test message 9449
Performance test message 9450
Performance test message 9451
Performance test message 9452
Performance test message 9453
Performance test message 9454
Performance test message 9455
Performance test message 9456
Performance test message 9457
Performance test message 9458
Performance test message 9459
Performance test message 9460
Performance test message 9461
Performance test message 9462
Performance test message 9463
Performance test message 9464
Performance test message 9465
Performance test message 9466
Performance test message 9467
Performance test message 9468
Performance test message 9469
Performance test message 9470
Performance test message 9471
Performance test message 9472
Performance test message 9473
Performance test message 9474
Performance test message 9475
Performance test message 9476
Performance test message 9477
Performance test message 9478
Performance test message 9479
Performance test message 9480
Performance test message 9481
Performance test message 9482
Performance test message 9483
Performance test message 9484
Performance test message 9485
Performance test message 9486
Performance test message 9487
Performance test message 9488
Performance test message 9489
Performance test message 9490
Performance test message 9491
Performance test message 9492
Performance test message 9493
Performance test message 9494
Performance test message 9495
Performance test message 9496
Performance test message 9497
Performance test message 9498
Performance test message 9499
Performance test message 9500
Performance test message 9501
Performance test message 9502
Performance test message 9503
Performance test message 9504
Performance test message 9505
Performance test message 9506
Performance test message 9507
Performance test message 9508
Performance test message 9509
Performance test message 9510
Performance test message 9511
Performance test message 9512
Performance test message 9513
Performance test message 9514
Performance test message 9515
Performance test message 9516
Performance test message 9517
Performance test message 9518
Performance test message 9519
Performance test message 9520
Performance test message 9521
Performance test message 9522
Performance test message 9523
Performance test message 9524
Performance test message 9525
Performance test message 9526
Performance test message 9527
Performance test message 9528
Performance test message 9529
Performance test message 9530
Performance test message 9531
Performance test message 9532
Performance test message 9533
Performance test message 9534
Performance test message 9535
Performance test message 9536
Performance test message 9537
Performance test message 9538
Performance test message 9539
Performance test message 9540
Performance test message 9541
Performance test message 9542
Performance test message 9543
Performance test message 9544
Performance test message 9545
Performance test message 9546
Performance test message 9547
Performance test message 9548
Performance test message 9549
Performance test message 9550
Performance test message 9551
Performance test message 9552
Performance test message 9553
Performance test message 9554
Performance test message 9555
Performance test message 9556
Performance test message 9557
Performance test message 9558
Performance test message 9559
Performance test message 9560
Performance test message 9561
Performance test message 9562
Performance test message 9563
Performance test message 9564
Performance test message 9565
Performance test message 9566
Performance test message 9567
Performance test message 9568
Performance test message 9569
Performance test message 9570
Performance test message 9571
Performance test message 9572
Performance test message 9573
Performance test message 9574
Performance test message 9575
Performance test message 9576
Performance test message 9577
Performance test message 9578
Performance test message 9579
Performance test message 9580
Performance test message 9581
Performance test message 9582
Performance test message 9583
Performance test message 9584
Performance test message 9585
Performance test message 9586
Performance test message 9587
Performance test message 9588
Performance test message 9589
Performance test message 9590
Performance test message 9591
Performance test message 9592
Performance test message 9593
Performance test message 9594
Performance test message 9595
Performance test message 9596
Performance test message 9597
Performance test message 9598
Performance test message 9599
Performance test message 9600
Performance test message 9601
Performance test message 9602
Performance test message 9603
Performance test message 9604
Performance test message 9605
Performance test message 9606
Performance test message 9607
Performance test message 9608
Performance test message 9609
Performance test message 9610
Performance test message 9611
Performance test message 9612
Performance test message 9613
Performance test message 9614
Performance test message 9615
Performance test message 9616
Performance test message 9617
Performance test message 9618
Performance test message 9619
Performance test message 9620
Performance test message 9621
Performance test message 9622
Performance test message 9623
Performance test message 9624
Performance test message 9625
Performance test message 9626
Performance test message 9627
Performance test message 9628
Performance test message 9629
Performance test message 9630
Performance test message 9631
Performance test message 9632
Performance test message 9633
Performance test message 9634
Performance test message 9635
Performance test message 9636
Performance test message 9637
Performance test message 9638
Performance test message 9639
Performance test message 9640
Performance test message 9641
Performance test message 9642
Performance test message 9643
Performance test message 9644
Performance test message 9645
Performance test message 9646
Performance test message 9647
Performance test message 9648
Performance test message 9649
Performance test message 9650
Performance test message 9651
Performance test message 9652
Performance test message 9653
Performance test message 9654
Performance test message 9655
Performance test message 9656
Performance test message 9657
Performance test message 9658
Performance test message 9659
Performance test message 9660
Performance test message 9661
Performance test message 9662
Performance test message 9663
Performance test message 9664
Performance test message 9665
Performance test message 9666
Performance test message 9667
Performance test message 9668
Performance test message 9669
Performance test message 9670
Performance test message 9671
Performance test message 9672
Performance test message 9673
Performance test message 9674
Performance test message 9675
Performance test message 9676
Performance test message 9677
Performance test message 9678
Performance test message 9679
Performance test message 9680
Performance test message 9681
Performance test message 9682
Performance test message 9683
Performance test message 9684
Performance test message 9685
Performance test message 9686
Performance test message 9687
Performance test message 9688
Performance test message 9689
Performance test message 9690
Performance test message 9691
Performance test message 9692
Performance test message 9693
Performance test message 9694
Performance test message 9695
Performance test message 9696
Performance test message 9697
Performance test message 9698
Performance test message 9699
Performance test message 9700
Performance test message 9701
Performance test message 9702
Performance test message 9703
Performance test message 9704
Performance test message 9705
Performance test message 9706
Performance test message 9707
Performance test message 9708
Performance test message 9709
Performance test message 9710
Performance test message 9711
Performance test message 9712
Performance test message 9713
Performance test message 9714
Performance test message 9715
Performance test message 9716
Performance test message 9717
Performance test message 9718
Performance test message 9719
Performance test message 9720
Performance test message 9721
Performance test message 9722
Performance test message 9723
Performance test message 9724
Performance test message 9725
Performance test message 9726
Performance test message 9727
Performance test message 9728
Performance test message 9729
Performance test message 9730
Performance test message 9731
Performance test message 9732
Performance test message 9733
Performance test message 9734
Performance test message 9735
Performance test message 9736
Performance test message 9737
Performance test message 9738
Performance test message 9739
Performance test message 9740
Performance test message 9741
Performance test message 9742
Performance test message 9743
Performance test message 9744
Performance test message 9745
Performance test message 9746
Performance test message 9747
Performance test message 9748
Performance test message 9749
Performance test message 9750
Performance test message 9751
Performance test message 9752
Performance test message 9753
Performance test message 9754
Performance test message 9755
Performance test message 9756
Performance test message 9757
Performance test message 9758
Performance test message 9759
Performance test message 9760
Performance test message 9761
Performance test message 9762
Performance test message 9763
Performance test message 9764
Performance test message 9765
Performance test message 9766
Performance test message 9767
Performance test message 9768
Performance test message 9769
Performance test message 9770
Performance test message 9771
Performance test message 9772
Performance test message 9773
Performance test message 9774
Performance test message 9775
Performance test message 9776
Performance test message 9777
Performance test message 9778
Performance test message 9779
Performance test message 9780
Performance test message 9781
Performance test message 9782
Performance test message 9783
Performance test message 9784
Performance test message 9785
Performance test message 9786
Performance test message 9787
Performance test message 9788
Performance test message 9789
Performance test message 9790
Performance test message 9791
Performance test message 9792
Performance test message 9793
Performance test message 9794
Performance test message 9795
Performance test message 9796
Performance test message 9797
Performance test message 9798
Performance test message 9799
Performance test message 9800
Performance test message 9801
Performance test message 9802
Performance test message 9803
Performance test message 9804
Performance test message 9805
Performance test message 9806
Performance test message 9807
Performance test message 9808
Performance test message 9809
Performance test message 9810
Performance test message 9811
Performance test message 9812
Performance test message 9813
Performance test message 9814
Performance test message 9815
Performance test message 9816
Performance test message 9817
Performance test message 9818
Performance test message 9819
Performance test message 9820
Performance test message 9821
Performance test message 9822
Performance test message 9823
Performance test message 9824
Performance test message 9825
Performance test message 9826
Performance test message 9827
Performance test message 9828
Performance test message 9829
Performance test message 9830
Performance test message 9831
Performance test message 9832
Performance test message 9833
Performance test message 9834
Performance test message 9835
Performance test message 9836
Performance test message 9837
Performance test message 9838
Performance test message 9839
Performance test message 9840
Performance test message 9841
Performance test message 9842
Performance test message 9843
Performance test message 9844
Performance test message 9845
Performance test message 9846
Performance test message 9847
Performance test message 9848
Performance test message 9849
Performance test message 9850
Performance test message 9851
Performance test message 9852
Performance test message 9853
Performance test message 9854
Performance test message 9855
Performance test message 9856
Performance test message 9857
Performance test message 9858
Performance test message 9859
Performance test message 9860
Performance test message 9861
Performance test message 9862
Performance test message 9863
Performance test message 9864
Performance test message 9865
Performance test message 9866
Performance test message 9867
Performance test message 9868
Performance test message 9869
Performance test message 9870
Performance test message 9871
Performance test message 9872
Performance test message 9873
Performance test message 9874
Performance test message 9875
Performance test message 9876
Performance test message 9877
Performance test message 9878
Performance test message 9879
Performance test message 9880
Performance test message 9881
Performance test message 9882
Performance test message 9883
Performance test message 9884
Performance test message 9885
Performance test message 9886
Performance test message 9887
Performance test message 9888
Performance test message 9889
Performance test message 9890
Performance test message 9891
Performance test message 9892
Performance test message 9893
Performance test message 9894
Performance test message 9895
Performance test message 9896
Performance test message 9897
Performance test message 9898
Performance test message 9899
Performance test message 9900
Performance test message 9901
Performance test message 9902
Performance test message 9903
Performance test message 9904
Performance test message 9905
Performance test message 9906
Performance test message 9907
Performance test message 9908
Performance test message 9909
Performance test message 9910
Performance test message 9911
Performance test message 9912
Performance test message 9913
Performance test message 9914
Performance test message 9915
Performance test message 9916
Performance test message 9917
Performance test message 9918
Performance test message 9919
Performance test message 9920
Performance test message 9921
Performance test message 9922
Performance test message 9923
Performance test message 9924
Performance test message 9925
Performance test message 9926
Performance test message 9927
Performance test message 9928
Performance test message 9929
Performance test message 9930
Performance test message 9931
Performance test message 9932
Performance test message 9933
Performance test message 9934
Performance test message 9935
Performance test message 9936
Performance test message 9937
Performance test message 9938
Performance test message 9939
Performance test message 9940
Performance test message 9941
Performance test message 9942
Performance test message 9943
Performance test message 9944
Performance test message 9945
Performance test message 9946
Performance test message 9947
Performance test message 9948
Performance test message 9949
Performance test message 9950
Performance test message 9951
Performance test message 9952
Performance test message 9953
Performance test message 9954
Performance test message 9955
Performance test message 9956
Performance test message 9957
Performance test message 9958
Performance test message 9959
Performance test message 9960
Performance test message 9961
Performance test message 9962
Performance test message 9963
Performance test message 9964
Performance test message 9965
Performance test message 9966
Performance test message 9967
Performance test message 9968
Performance test message 9969
Performance test message 9970
Performance test message 9971
Performance test message 9972
Performance test message 9973
Performance test message 9974
Performance test message 9975
Performance test message 9976
Performance test message 9977
Performance test message 9978
Performance test message 9979
Performance test message 9980
Performance test message 9981
Performance test message 9982
Performance test message 9983
Performance test message 9984
Performance test message 9985
Performance test message 9986
Performance test message 9987
Performance test message 9988
Performance test message 9989
Performance test message 9990
Performance test message 9991
Performance test message 9992
Performance test message 9993
Performance test message 9994
Performance test message 9995
Performance test message 9996
Performance test message 9997
Performance test message 9998
Performance test message 9999
Performance test message 0
Performance test message 1
Performance test message 2
Performance test message 3
Performance test message 4
Performance test message 5
Performance test message 6
Performance test message 7
Performance test message 8
Performance test message 9
Performance test message 10
Performance test message 11
Performance test message 12
Performance test message 13
Performance test message 14
Performance test message 15
Performance test message 16
Performance test message 17
Performance test message 18
Performance test message 19
Performance test message 20
Performance test message 21
Performance test message 22
Performance test message 23
Performance test message 24
Performance test message 25
Performance test message 26
Performance test message 27
Performance test message 28
Performance test message 29
Performance test message 30
Performance test message 31
Performance test message 32
Performance test message 33
Performance test message 34
Performance test message 35
Performance test message 36
Performance test message 37
Performance test message 38
Performance test message 39
Performance test message 40
Performance test message 41
Performance test message 42
Performance test message 43
Performance test message 44
Performance test message 45
Performance test message 46
Performance test message 47
Performance test message 48
Performance test message 49
Performance test message 50
Performance test message 51
Performance test message 52
Performance test message 53
Performance test message 54
Performance test message 55
Performance test message 56
Performance test message 57
Performance test message 58
Performance test message 59
Performance test message 60
Performance test message 61
Performance test message 62
Performance test message 63
Performance test message 64
Performance test message 65
Performance test message 66
Performance test message 67
Performance test message 68
Performance test message 69
Performance test message 70
Performance test message 71
Performance test message 72
Performance test message 73
Performance test message 74
Performance test message 75
Performance test message 76
Performance test message 77
Performance test message 78
Performance test message 79
Performance test message 80
Performance test message 81
Performance test message 82
Performance test message 83
Performance test message 84
Performance test message 85
Performance test message 86
Performance test message 87
Performance test message 88
Performance test message 89
Performance test message 90
Performance test message 91
Performance test message 92
Performance test message 93
Performance test message 94
Performance test message 95
Performance test message 96
Performance test message 97
Performance test message 98
Performance test message 99
Performance test message 100
Performance test message 101
Performance test message 102
Performance test message 103
Performance test message 104
Performance test message 105
Performance test message 106
Performance test message 107
Performance test message 108
Performance test message 109
Performance test message 110
Performance test message 111
Performance test message 112
Performance test message 113
Performance test message 114
Performance test message 115
Performance test message 116
Performance test message 117
Performance test message 118
Performance test message 119
Performance test message 120
Performance test message 121
Performance test message 122
Performance test message 123
Performance test message 124
Performance test message 125
Performance test message 126
Performance test message 127
Performance test message 128
Performance test message 129
Performance test message 130
Performance test message 131
Performance test message 132
Performance test message 133
Performance test message 134
Performance test message 135
Performance test message 136
Performance test message 137
Performance test message 138
Performance test message 139
Performance test message 140
Performance test message 141
Performance test message 142
Performance test message 143
Performance test message 144
Performance test message 145
Performance test message 146
Performance test message 147
Performance test message 148
Performance test message 149
Performance test message 150
Performance test message 151
Performance test message 152
Performance test message 153
Performance test message 154
Performance test message 155
Performance test message 156
Performance test message 157
Performance test message 158
Performance test message 159
Performance test message 160
Performance test message 161
Performance test message 162
Performance test message 163
Performance test message 164
Performance test message 165
Performance test message 166
Performance test message 167
Performance test message 168
Performance test message 169
Performance test message 170
Performance test message 171
Performance test message 172
Performance test message 173
Performance test message 174
Performance test message 175
Performance test message 176
Performance test message 177
Performance test message 178
Performance test message 179
Performance test message 180
Performance test message 181
Performance test message 182
Performance test message 183
Performance test message 184
Performance test message 185
Performance test message 186
Performance test message 187
Performance test message 188
Performance test message 189
Performance test message 190
Performance test message 191
Performance test message 192
Performance test message 193
Performance test message 194
Performance test message 195
Performance test message 196
Performance test message 197
Performance test message 198
Performance test message 199
Performance test message 200
Performance test message 201
Performance test message 202
Performance test message 203
Performance test message 204
Performance test message 205
Performance test message 206
Performance test message 207
Performance test message 208
Performance test message 209
Performance test message 210
Performance test message 211
Performance test message 212
Performance test message 213
Performance test message 214
Performance test message 215
Performance test message 216
Performance test message 217
Performance test message 218
Performance test message 219
Performance test message 220
Performance test message 221
Performance test message 222
Performance test message 223
Performance test message 224
Performance test message 225
Performance test message 226
Performance test message 227
Performance test message 228
Performance test message 229
Performance test message 230
Performance test message 231
Performance test message 232
Performance test message 233
Performance test message 234
Performance test message 235
Performance test message 236
Performance test message 237
Performance test message 238
Performance test message 239
Performance test message 240
Performance test message 241
Performance test message 242
Performance test message 243
Performance test message 244
Performance test message 245
Performance test message 246
Performance test message 247
Performance test message 248
Performance test message 249
Performance test message 250
Performance test message 251
Performance test message 252
Performance test message 253
Performance test message 254
Performance test message 255
Performance test message 256
Performance test message 257
Performance test message 258
Performance test message 259
Performance test message 260
Performance test message 261
Performance test message 262
Performance test message 263
Performance test message 264
Performance test message 265
Performance test message 266
Performance test message 267
Performance test message 268
Performance test message 269
Performance test message 270
Performance test message 271
Performance test message 272
Performance test message 273
Performance test message 274
Performance test message 275
Performance test message 276
Performance test message 277
Performance test message 278
Performance test message 279
Performance test message 280
Performance test message 281
Performance test message 282
Performance test message 283
Performance test message 284
Performance test message 285
Performance test message 286
Performance test message 287
Performance test message 288
Performance test message 289
Performance test message 290
Performance test message 291
Performance test message 292
Performance test message 293
Performance test message 294
Performance test message 295
Performance test message 296
Performance test message 297
Performance test message 298
Performance test message 299
Performance test message 300
Performance test message 301
Performance test message 302
Performance test message 303
Performance test message 304
Performance test message 305
Performance test message 306
Performance test message 307
Performance test message 308
Performance test message 309
Performance test message 310
Performance test message 311
Performance test message 312
Performance test message 313
Performance test message 314
Performance test message 315
Performance test message 316
Performance test message 317
Performance test message 318
Performance test message 319
Performance test message 320
Performance test message 321
Performance test message 322
Performance test message 323
Performance test message 324
Performance test message 325
Performance test message 326
Performance test message 327
Performance test message 328
Performance test message 329
Performance test message 330
Performance test message 331
Performance test message 332
Performance test message 333
Performance test message 334
Performance test message 335
Performance test message 336
Performance test message 337
Performance test message 338
Performance test message 339
Performance test message 340
Performance test message 341
Performance test message 342
Performance test message 343
Performance test message 344
Performance test message 345
Performance test message 346
Performance test message 347
Performance test message 348
Performance test message 349
Performance test message 350
Performance test message 351
Performance test message 352
Performance test message 353
Performance test message 354
Performance test message 355
Performance test message 356
Performance test message 357
Performance test message 358
Performance test message 359
Performance test message 360
Performance test message 361
Performance test message 362
Performance test message 363
Performance test message 364
Performance test message 365
Performance test message 366
Performance test message 367
Performance test message 368
Performance test message 369
Performance test message 370
Performance test message 371
Performance test message 372
Performance test message 373
Performance test message 374
Performance test message 375
Performance test message 376
Performance test message 377
Performance test message 378
Performance test message 379
Performance test message 380
Performance test message 381
Performance test message 382
Performance test message 383
Performance test message 384
Performance test message 385
Performance test message 386
Performance test message 387
Performance test message 388
Performance test message 389
Performance test message 390
Performance test message 391
Performance test message 392
Performance test message 393
Performance test message 394
Performance test message 395
Performance test message 396
Performance test message 397
Performance test message 398
Performance test message 399
Performance test message 400
Performance test message 401
Performance test message 402
Performance test message 403
Performance test message 404
Performance test message 405
Performance test message 406
Performance test message 407
Performance test message 408
Performance test message 409
Performance test message 410
Performance test message 411
Performance test message 412
Performance test message 413
Performance test message 414
Performance test message 415
Performance test message 416
Performance test message 417
Performance test message 418
Performance test message 419
Performance test message 420
Performance test message 421
Performance test message 422
Performance test message 423
Performance test message 424
Performance test message 425
Performance test message 426
Performance test message 427
Performance test message 428
Performance test message 429
Performance test message 430
Performance test message 431
Performance test message 432
Performance test message 433
Performance test message 434
Performance test message 435
Performance test message 436
Performance test message 437
Performance test message 438
Performance test message 439
Performance test message 440
Performance test message 441
Performance test message 442
Performance test message 443
Performance test message 444
Performance test message 445
Performance test message 446
Performance test message 447
Performance test message 448
Performance test message 449
Performance test message 450
Performance test message 451
Performance test message 452
Performance test message 453
Performance test message 454
Performance test message 455
Performance test message 456
Performance test message 457
Performance test message 458
Performance test message 459
Performance test message 460
Performance test message 461
Performance test message 462
Performance test message 463
Performance test message 464
Performance test message 465
Performance test message 466
Performance test message 467
Performance test message 468
Performance test message 469
Performance test message 470
Performance test message 471
Performance test message 472
Performance test message 473
Performance test message 474
Performance test message 475
Performance test message 476
Performance test message 477
Performance test message 478
Performance test message 479
Performance test message 480
Performance test message 481
Performance test message 482
Performance test message 483
Performance test message 484
Performance test message 485
Performance test message 486
Performance test message 487
Performance test message 488
Performance test message 489
Performance test message 490
Performance test message 491
Performance test message 492
Performance test message 493
Performance test message 494
Performance test message 495
Performance test message 496
Performance test message 497
Performance test message 498
Performance test message 499
Performance test message 500
Performance test message 501
Performance test message 502
Performance test message 503
Performance test message 504
Performance test message 505
Performance test message 506
Performance test message 507
Performance test message 508
Performance test message 509
Performance test message 510
Performance test message 511
Performance test message 512
Performance test message 513
Performance test message 514
Performance test message 515
Performance test message 516
Performance test message 517
Performance test message 518
Performance test message 519
Performance test message 520
Performance test message 521
Performance test message 522
Performance test message 523
Performance test message 524
Performance test message 525
Performance test message 526
Performance test message 527
Performance test message 528
Performance test message 529
Performance test message 530
Performance test message 531
Performance test message 532
Performance test message 533
Performance test message 534
Performance test message 535
Performance test message 536
Performance test message 537
Performance test message 538
Performance test message 539
Performance test message 540
Performance test message 541
Performance test message 542
Performance test message 543
Performance test message 544
Performance test message 545
Performance test message 546
Performance test message 547
Performance test message 548
Performance test message 549
Performance test message 550
Performance test message 551
Performance test message 552
Performance test message 553
Performance test message 554
Performance test message 555
Performance test message 556
Performance test message 557
Performance test message 558
Performance test message 559
Performance test message 560
Performance test message 561
Performance test message 562
Performance test message 563
Performance test message 564
Performance test message 565
Performance test message 566
Performance test message 567
Performance test message 568
Performance test message 569
Performance test message 570
Performance test message 571
Performance test message 572
Performance test message 573
Performance test message 574
Performance test message 575
Performance test message 576
Performance test message 577
Performance test message 578
Performance test message 579
Performance test message 580
Performance test message 581
Performance test message 582
Performance test message 583
Performance test message 584
Performance test message 585
Performance test message 586
Performance test message 587
Performance test message 588
Performance test message 589
Performance test message 590
Performance test message 591
Performance test message 592
Performance test message 593
Performance test message 594
Performance test message 595
Performance test message 596
Performance test message 597
Performance test message 598
Performance test message 599
Performance test message 600
Performance test message 601
Performance test message 602
Performance test message 603
Performance test message 604
Performance test message 605
Performance test message 606
Performance test message 607
Performance test message 608
Performance test message 609
Performance test message 610
Performance test message 611
Performance test message 612
Performance test message 613
Performance test message 614
Performance test message 615
Performance test message 616
Performance test message 617
Performance test message 618
Performance test message 619
Performance test message 620
Performance test message 621
Performance test message 622
Performance test message 623
Performance test message 624
Performance test message 625
Performance test message 626
Performance test message 627
Performance test message 628
Performance test message 629
Performance test message 630
Performance test message 631
Performance test message 632
Performance test message 633
Performance test message 634
Performance test message 635
Performance test message 636
Performance test message 637
Performance test message 638
Performance test message 639
Performance test message 640
Performance test message 641
Performance test message 642
Performance test message 643
Performance test message 644
Performance test message 645
Performance test message 646
Performance test message 647
Performance test message 648
Performance test message 649
Performance test message 650
Performance test message 651
Performance test message 652
Performance test message 653
Performance test message 654
Performance test message 655
Performance test message 656
Performance test message 657
Performance test message 658
Performance test message 659
Performance test message 660
Performance test message 661
Performance test message 662
Performance test message 663
Performance test message 664
Performance test message 665
Performance test message 666
Performance test message 667
Performance test message 668
Performance test message 669
Performance test message 670
Performance test message 671
Performance test message 672
Performance test message 673
Performance test message 674
Performance test message 675
Performance test message 676
Performance test message 677
Performance test message 678
Performance test message 679
Performance test message 680
Performance test message 681
Performance test message 682
Performance test message 683
Performance test message 684
Performance test message 685
Performance test message 686
Performance test message 687
Performance test message 688
Performance test message 689
Performance test message 690
Performance test message 691
Performance test message 692
Performance test message 693
Performance test message 694
Performance test message 695
Performance test message 696
Performance test message 697
Performance test message 698
Performance test message 699
Performance test message 700
Performance test message 701
Performance test message 702
Performance test message 703
Performance test message 704
Performance test message 705
Performance test message 706
Performance test message 707
Performance test message 708
Performance test message 709
Performance test message 710
Performance test message 711
Performance test message 712
Performance test message 713
Performance test message 714
Performance test message 715
Performance test message 716
Performance test message 717
Performance test message 718
Performance test message 719
Performance test message 720
Performance test message 721
Performance test message 722
Performance test message 723
Performance test message 724
Performance test message 725
Performance test message 726
Performance test message 727
Performance test message 728
Performance test message 729
Performance test message 730
Performance test message 731
Performance test message 732
Performance test message 733
Performance test message 734
Performance test message 735
Performance test message 736
Performance test message 737
Performance test message 738
Performance test message 739
Performance test message 740
Performance test message 741
Performance test message 742
Performance test message 743
Performance test message 744
Performance test message 745
Performance test message 746
Performance test message 747
Performance test message 748
Performance test message 749
Performance test message 750
Performance test message 751
Performance test message 752
Performance test message 753
Performance test message 754
Performance test message 755
Performance test message 756
Performance test message 757
Performance test message 758
Performance test message 759
Performance test message 760
Performance test message 761
Performance test message 762
Performance test message 763
Performance test message 764
Performance test message 765
Performance test message 766
Performance test message 767
Performance test message 768
Performance test message 769
Performance test message 770
Performance test message 771
Performance test message 772
Performance test message 773
Performance test message 774
Performance test message 775
Performance test message 776
Performance test message 777
Performance test message 778
Performance test message 779
Performance test message 780
Performance test message 781
Performance test message 782
Performance test message 783
Performance test message 784
Performance test message 785
Performance test message 786
Performance test message 787
Performance test message 788
Performance test message 789
Performance test message 790
Performance test message 791
Performance test message 792
Performance test message 793
Performance test message 794
Performance test message 795
Performance test message 796
Performance test message 797
Performance test message 798
Performance test message 799
Performance test message 800
Performance test message 801
Performance test message 802
Performance test message 803
Performance test message 804
Performance test message 805
Performance test message 806
Performance test message 807
Performance test message 808
Performance test message 809
Performance test message 810
Performance test message 811
Performance test message 812
Performance test message 813
Performance test message 814
Performance test message 815
Performance test message 816
Performance test message 817
Performance test message 818
Performance test message 819
Performance test message 820
Performance test message 821
Performance test message 822
Performance test message 823
Performance test message 824
Performance test message 825
Performance test message 826
Performance test message 827
Performance test message 828
Performance test message 829
Performance test message 830
Performance test message 831
Performance test message 832
Performance test message 833
Performance test message 834
Performance test message 835
Performance test message 836
Performance test message 837
Performance test message 838
Performance test message 839
Performance test message 840
Performance test message 841
Performance test message 842
Performance test message 843
Performance test message 844
Performance test message 845
Performance test message 846
Performance test message 847
Performance test message 848
Performance test message 849
Performance test message 850
Performance test message 851
Performance test message 852
Performance test message 853
Performance test message 854
Performance test message 855
Performance test message 856
Performance test message 857
Performance test message 858
Performance test message 859
Performance test message 860
Performance test message 861
Performance test message 862
Performance test message 863
Performance test message 864
Performance test message 865
Performance test message 866
Performance test message 867
Performance test message 868
Performance test message 869
Performance test message 870
Performance test message 871
Performance test message 872
Performance test message 873
Performance test message 874
Performance test message 875
Performance test message 876
Performance test message 877
Performance test message 878
Performance test message 879
Performance test message 880
Performance test message 881
Performance test message 882
Performance test message 883
Performance test message 884
Performance test message 885
Performance test message 886
Performance test message 887
Performance test message 888
Performance test message 889
Performance test message 890
Performance test message 891
Performance test message 892
Performance test message 893
Performance test message 894
Performance test message 895
Performance test message 896
Performance test message 897
Performance test message 898
Performance test message 899
Performance test message 900
Performance test message 901
Performance test message 902
Performance test message 903
Performance test message 904
Performance test message 905
Performance test message 906
Performance test message 907
Performance test message 908
Performance test message 909
Performance test message 910
Performance test message 911
Performance test message 912
Performance test message 913
Performance test message 914
Performance test message 915
Performance test message 916
Performance test message 917
Performance test message 918
Performance test message 919
Performance test message 920
Performance test message 921
Performance test message 922
Performance test message 923
Performance test message 924
Performance test message 925
Performance test message 926
Performance test message 927
Performance test message 928
Performance test message 929
Performance test message 930
Performance test message 931
Performance test message 932
Performance test message 933
Performance test message 934
Performance test message 935
Performance test message 936
Performance test message 937
Performance test message 938
Performance test message 939
Performance test message 940
Performance test message 941
Performance test message 942
Performance test message 943
Performance test message 944
Performance test message 945
Performance test message 946
Performance test message 947
Performance test message 948
Performance test message 949
Performance test message 950
Performance test message 951
Performance test message 952
Performance test message 953
Performance test message 954
Performance test message 955
Performance test message 956
Performance test message 957
Performance test message 958
Performance test message 959
Performance test message 960
Performance test message 961
Performance test message 962
Performance test message 963
Performance test message 964
Performance test message 965
Performance test message 966
Performance test message 967
Performance test message 968
Performance test message 969
Performance test message 970
Performance test message 971
Performance test message 972
Performance test message 973
Performance test message 974
Performance test message 975
Performance test message 976
Performance test message 977
Performance test message 978
Performance test message 979
Performance test message 980
Performance test message 981
Performance test message 982
Performance test message 983
Performance test message 984
Performance test message 985
Performance test message 986
Performance test message 987
Performance test message 988
Performance test message 989
Performance test message 990
Performance test message 991
Performance test message 992
Performance test message 993
Performance test message 994
Performance test message 995
Performance test message 996
Performance test message 997
Performance test message 998
Performance test message 999
Performance test message 1000
Performance test message 1001
Performance test message 1002
Performance test message 1003
Performance test message 1004
Performance test message 1005
Performance test message 1006
Performance test message 1007
Performance test message 1008
Performance test message 1009
Performance test message 1010
Performance test message 1011
Performance test message 1012
Performance test message 1013
Performance test message 1014
Performance test message 1015
Performance test message 1016
Performance test message 1017
Performance test message 1018
Performance test message 1019
Performance test message 1020
Performance test message 1021
Performance test message 1022
Performance test message 1023
Performance test message 1024
Performance test message 1025
Performance test message 1026
Performance test message 1027
Performance test message 1028
Performance test message 1029
Performance test message 1030
Performance test message 1031
Performance test message 1032
Performance test message 1033
Performance test message 1034
Performance test message 1035
Performance test message 1036
Performance test message 1037
Performance test message 1038
Performance test message 1039
Performance test message 1040
Performance test message 1041
Performance test message 1042
Performance test message 1043
Performance test message 1044
Performance test message 1045
Performance test message 1046
Performance test message 1047
Performance test message 1048
Performance test message 1049
Performance test message 1050
Performance test message 1051
Performance test message 1052
Performance test message 1053
Performance test message 1054
Performance test message 1055
Performance test message 1056
Performance test message 1057
Performance test message 1058
Performance test message 1059
Performance test message 1060
Performance test message 1061
Performance test message 1062
Performance test message 1063
Performance test message 1064
Performance test message 1065
Performance test message 1066
Performance test message 1067
Performance test message 1068
Performance test message 1069
Performance test message 1070
Performance test message 1071
Performance test message 1072
Performance test message 1073
Performance test message 1074
Performance test message 1075
Performance test message 1076
Performance test message 1077
Performance test message 1078
Performance test message 1079
Performance test message 1080
Performance test message 1081
Performance test message 1082
Performance test message 1083
Performance test message 1084
Performance test message 1085
Performance test message 1086
Performance test message 1087
Performance test message 1088
Performance test message 1089
Performance test message 1090
Performance test message 1091
Performance test message 1092
Performance test message 1093
Performance test message 1094
Performance test message 1095
Performance test message 1096
Performance test message 1097
Performance test message 1098
Performance test message 1099
Performance test message 1100
Performance test message 1101
Performance test message 1102
Performance test message 1103
Performance test message 1104
Performance test message 1105
Performance test message 1106
Performance test message 1107
Performance test message 1108
Performance test message 1109
Performance test message 1110
Performance test message 1111
Performance test message 1112
Performance test message 1113
Performance test message 1114
Performance test message 1115
Performance test message 1116
Performance test message 1117
Performance test message 1118
Performance test message 1119
Performance test message 1120
Performance test message 1121
Performance test message 1122
Performance test message 1123
Performance test message 1124
Performance test message 1125
Performance test message 1126
Performance test message 1127
Performance test message 1128
Performance test message 1129
Performance test message 1130
Performance test message 1131
Performance test message 1132
Performance test message 1133
Performance test message 1134
Performance test message 1135
Performance test message 1136
Performance test message 1137
Performance test message 1138
Performance test message 1139
Performance test message 1140
Performance test message 1141
Performance test message 1142
Performance test message 1143
Performance test message 1144
Performance test message 1145
Performance test message 1146
Performance test message 1147
Performance test message 1148
Performance test message 1149
Performance test message 1150
Performance test message 1151
Performance test message 1152
Performance test message 1153
Performance test message 1154
Performance test message 1155
Performance test message 1156
Performance test message 1157
Performance test message 1158
Performance test message 1159
Performance test message 1160
Performance test message 1161
Performance test message 1162
Performance test message 1163
Performance test message 1164
Performance test message 1165
Performance test message 1166
Performance test message 1167
Performance test message 1168
Performance test message 1169
Performance test message 1170
Performance test message 1171
Performance test message 1172
Performance test message 1173
Performance test message 1174
Performance test message 1175
Performance test message 1176
Performance test message 1177
Performance test message 1178
Performance test message 1179
Performance test message 1180
Performance test message 1181
Performance test message 1182
Performance test message 1183
Performance test message 1184
Performance test message 1185
Performance test message 1186
Performance test message 1187
Performance test message 1188
Performance test message 1189
Performance test message 1190
Performance test message 1191
Performance test message 1192
Performance test message 1193
Performance test message 1194
Performance test message 1195
Performance test message 1196
Performance test message 1197
Performance test message 1198
Performance test message 1199
Performance test message 1200
Performance test message 1201
Performance test message 1202
Performance test message 1203
Performance test message 1204
Performance test message 1205
Performance test message 1206
Performance test message 1207
Performance test message 1208
Performance test message 1209
Performance test message 1210
Performance test message 1211
Performance test message 1212
Performance test message 1213
Performance test message 1214
Performance test message 1215
Performance test message 1216
Performance test message 1217
Performance test message 1218
Performance test message 1219
Performance test message 1220
Performance test message 1221
Performance test message 1222
Performance test message 1223
Performance test message 1224
Performance test message 1225
Performance test message 1226
Performance test message 1227
Performance test message 1228
Performance test message 1229
Performance test message 1230
Performance test message 1231
Performance test message 1232
Performance test message 1233
Performance test message 1234
Performance test message 1235
Performance test message 1236
Performance test message 1237
Performance test message 1238
Performance test message 1239
Performance test message 1240
Performance test message 1241
Performance test message 1242
Performance test message 1243
Performance test message 1244
Performance test message 1245
Performance test message 1246
Performance test message 1247
Performance test message 1248
Performance test message 1249
Performance test message 1250
Performance test message 1251
Performance test message 1252
Performance test message 1253
Performance test message 1254
Performance test message 1255
Performance test message 1256
Performance test message 1257
Performance test message 1258
Performance test message 1259
Performance test message 1260
Performance test message 1261
Performance test message 1262
Performance test message 1263
Performance test message 1264
Performance test message 1265
Performance test message 1266
Performance test message 1267
Performance test message 1268
Performance test message 1269
Performance test message 1270
Performance test message 1271
Performance test message 1272
Performance test message 1273
Performance test message 1274
Performance test message 1275
Performance test message 1276
Performance test message 1277
Performance test message 1278
Performance test message 1279
Performance test message 1280
Performance test message 1281
Performance test message 1282
Performance test message 1283
Performance test message 1284
Performance test message 1285
Performance test message 1286
Performance test message 1287
Performance test message 1288
Performance test message 1289
Performance test message 1290
Performance test message 1291
Performance test message 1292
Performance test message 1293
Performance test message 1294
Performance test message 1295
Performance test message 1296
Performance test message 1297
Performance test message 1298
Performance test message 1299
Performance test message 1300
Performance test message 1301
Performance test message 1302
Performance test message 1303
Performance test message 1304
Performance test message 1305
Performance test message 1306
Performance test message 1307
Performance test message 1308
Performance test message 1309
Performance test message 1310
Performance test message 1311
Performance test message 1312
Performance test message 1313
Performance test message 1314
Performance test message 1315
Performance test message 1316
Performance test message 1317
Performance test message 1318
Performance test message 1319
Performance test message 1320
Performance test message 1321
Performance test message 1322
Performance test message 1323
Performance test message 1324
Performance test message 1325
Performance test message 1326
Performance test message 1327
Performance test message 1328
Performance test message 1329
Performance test message 1330
Performance test message 1331
Performance test message 1332
Performance test message 1333
Performance test message 1334
Performance test message 1335
Performance test message 1336
Performance test message 1337
Performance test message 1338
Performance test message 1339
Performance test message 1340
Performance test message 1341
Performance test message 1342
Performance test message 1343
Performance test message 1344
Performance test message 1345
Performance test message 1346
Performance test message 1347
Performance test message 1348
Performance test message 1349
Performance test message 1350
Performance test message 1351
Performance test message 1352
Performance test message 1353
Performance test message 1354
Performance test message 1355
Performance test message 1356
Performance test message 1357
Performance test message 1358
Performance test message 1359
Performance test message 1360
Performance test message 1361
Performance test message 1362
Performance test message 1363
Performance test message 1364
Performance test message 1365
Performance test message 1366
Performance test message 1367
Performance test message 1368
Performance test message 1369
Performance test message 1370
Performance test message 1371
Performance test message 1372
Performance test message 1373
Performance test message 1374
Performance test message 1375
Performance test message 1376
Performance test message 1377
Performance test message 1378
Performance test message 1379
Performance test message 1380
Performance test message 1381
Performance test message 1382
Performance test message 1383
Performance test message 1384
Performance test message 1385
Performance test message 1386
Performance test message 1387
Performance test message 1388
Performance test message 1389
Performance test message 1390
Performance test message 1391
Performance test message 1392
Performance test message 1393
Performance test message 1394
Performance test message 1395
Performance test message 1396
Performance test message 1397
Performance test message 1398
Performance test message 1399
Performance test message 1400
Performance test message 1401
Performance test message 1402
Performance test message 1403
Performance test message 1404
Performance test message 1405
Performance test message 1406
Performance test message 1407
Performance test message 1408
Performance test message 1409
Performance test message 1410
Performance test message 1411
Performance test message 1412
Performance test message 1413
Performance test message 1414
Performance test message 1415
Performance test message 1416
Performance test message 1417
Performance test message 1418
Performance test message 1419
Performance test message 1420
Performance test message 1421
Performance test message 1422
Performance test message 1423
Performance test message 1424
Performance test message 1425
Performance test message 1426
Performance test message 1427
Performance test message 1428
Performance test message 1429
Performance test message 1430
Performance test message 1431
Performance test message 1432
Performance test message 1433
Performance test message 1434
Performance test message 1435
Performance test message 1436
Performance test message 1437
Performance test message 1438
Performance test message 1439
Performance test message 1440
Performance test message 1441
Performance test message 1442
Performance test message 1443
Performance test message 1444
Performance test message 1445
Performance test message 1446
Performance test message 1447
Performance test message 1448
Performance test message 1449
Performance test message 1450
Performance test message 1451
Performance test message 1452
Performance test message 1453
Performance test message 1454
Performance test message 1455
Performance test message 1456
Performance test message 1457
Performance test message 1458
Performance test message 1459
Performance test message 1460
Performance test message 1461
Performance test message 1462
Performance test message 1463
Performance test message 1464
Performance test message 1465
Performance test message 1466
Performance test message 1467
Performance test message 1468
Performance test message 1469
Performance test message 1470
Performance test message 1471
Performance test message 1472
Performance test message 1473
Performance test message 1474
Performance test message 1475
Performance test message 1476
Performance test message 1477
Performance test message 1478
Performance test message 1479
Performance test message 1480
Performance test message 1481
Performance test message 1482
Performance test message 1483
Performance test message 1484
Performance test message 1485
Performance test message 1486
Performance test message 1487
Performance test message 1488
Performance test message 1489
Performance test message 1490
Performance test message 1491
Performance test message 1492
Performance test message 1493
Performance test message 1494
Performance test message 1495
Performance test message 1496
Performance test message 1497
Performance test message 1498
Performance test message 1499
Performance test message 1500
Performance test message 1501
Performance test message 1502
Performance test message 1503
Performance test message 1504
Performance test message 1505
Performance test message 1506
Performance test message 1507
Performance test message 1508
Performance test message 1509
Performance test message 1510
Performance test message 1511
Performance test message 1512
Performance test message 1513
Performance test message 1514
Performance test message 1515
Performance test message 1516
Performance test message 1517
Performance test message 1518
Performance test message 1519
Performance test message 1520
Performance test message 1521
Performance test message 1522
Performance test message 1523
Performance test message 1524
Performance test message 1525
Performance test message 1526
Performance test message 1527
Performance test message 1528
Performance test message 1529
Performance test message 1530
Performance test message 1531
Performance test message 1532
Performance test message 1533
Performance test message 1534
Performance test message 1535
Performance test message 1536
Performance test message 1537
Performance test message 1538
Performance test message 1539
Performance test message 1540
Performance test message 1541
Performance test message 1542
Performance test message 1543
Performance test message 1544
Performance test message 1545
Performance test message 1546
Performance test message 1547
Performance test message 1548
Performance test message 1549
Performance test message 1550
Performance test message 1551
Performance test message 1552
Performance test message 1553
Performance test message 1554
Performance test message 1555
Performance test message 1556
Performance test message 1557
Performance test message 1558
Performance test message 1559
Performance test message 1560
Performance test message 1561
Performance test message 1562
Performance test message 1563
Performance test message 1564
Performance test message 1565
Performance test message 1566
Performance test message 1567
Performance test message 1568
Performance test message 1569
Performance test message 1570
Performance test message 1571
Performance test message 1572
Performance test message 1573
Performance test message 1574
Performance test message 1575
Performance test message 1576
Performance test message 1577
Performance test message 1578
Performance test message 1579
Performance test message 1580
Performance test message 1581
Performance test message 1582
Performance test message 1583
Performance test message 1584
Performance test message 1585
Performance test message 1586
Performance test message 1587
Performance test message 1588
Performance test message 1589
Performance test message 1590
Performance test message 1591
Performance test message 1592
Performance test message 1593
Performance test message 1594
Performance test message 1595
Performance test message 1596
Performance test message 1597
Performance test message 1598
Performance test message 1599
Performance test message 1600
Performance test message 1601
Performance test message 1602
Performance test message 1603
Performance test message 1604
Performance test message 1605
Performance test message 1606
Performance test message 1607
Performance test message 1608
Performance test message 1609
Performance test message 1610
Performance test message 1611
Performance test message 1612
Performance test message 1613
Performance test message 1614
Performance test message 1615
Performance test message 1616
Performance test message 1617
Performance test message 1618
Performance test message 1619
Performance test message 1620
Performance test message 1621
Performance test message 1622
Performance test message 1623
Performance test message 1624
Performance test message 1625
Performance test message 1626
Performance test message 1627
Performance test message 1628
Performance test message 1629
Performance test message 1630
Performance test message 1631
Performance test message 1632
Performance test message 1633
Performance test message 1634
Performance test message 1635
Performance test message 1636
Performance test message 1637
Performance test message 1638
Performance test message 1639
Performance test message 1640
Performance test message 1641
Performance test message 1642
Performance test message 1643
Performance test message 1644
Performance test message 1645
Performance test message 1646
Performance test message 1647
Performance test message 1648
Performance test message 1649
Performance test message 1650
Performance test message 1651
Performance test message 1652
Performance test message 1653
Performance test message 1654
Performance test message 1655
Performance test message 1656
Performance test message 1657
Performance test message 1658
Performance test message 1659
Performance test message 1660
Performance test message 1661
Performance test message 1662
Performance test message 1663
Performance test message 1664
Performance test message 1665
Performance test message 1666
Performance test message 1667
Performance test message 1668
Performance test message 1669
Performance test message 1670
Performance test message 1671
Performance test message 1672
Performance test message 1673
Performance test message 1674
Performance test message 1675
Performance test message 1676
Performance test message 1677
Performance test message 1678
Performance test message 1679
Performance test message 1680
Performance test message 1681
Performance test message 1682
Performance test message 1683
Performance test message 1684
Performance test message 1685
Performance test message 1686
Performance test message 1687
Performance test message 1688
Performance test message 1689
Performance test message 1690
Performance test message 1691
Performance test message 1692
Performance test message 1693
Performance test message 1694
Performance test message 1695
Performance test message 1696
Performance test message 1697
Performance test message 1698
Performance test message 1699
Performance test message 1700
Performance test message 1701
Performance test message 1702
Performance test message 1703
Performance test message 1704
Performance test message 1705
Performance test message 1706
Performance test message 1707
Performance test message 1708
Performance test message 1709
Performance test message 1710
Performance test message 1711
Performance test message 1712
Performance test message 1713
Performance test message 1714
Performance test message 1715
Performance test message 1716
Performance test message 1717
Performance test message 1718
Performance test message 1719
Performance test message 1720
Performance test message 1721
Performance test message 1722
Performance test message 1723
Performance test message 1724
Performance test message 1725
Performance test message 1726
Performance test message 1727
Performance test message 1728
Performance test message 1729
Performance test message 1730
Performance test message 1731
Performance test message 1732
Performance test message 1733
Performance test message 1734
Performance test message 1735
Performance test message 1736
Performance test message 1737
Performance test message 1738
Performance test message 1739
Performance test message 1740
Performance test message 1741
Performance test message 1742
Performance test message 1743
Performance test message 1744
Performance test message 1745
Performance test message 1746
Performance test message 1747
Performance test message 1748
Performance test message 1749
Performance test message 1750
Performance test message 1751
Performance test message 1752
Performance test message 1753
Performance test message 1754
Performance test message 1755
Performance test message 1756
Performance test message 1757
Performance test message 1758
Performance test message 1759
Performance test message 1760
Performance test message 1761
Performance test message 1762
Performance test message 1763
Performance test message 1764
Performance test message 1765
Performance test message 1766
Performance test message 1767
Performance test message 1768
Performance test message 1769
Performance test message 1770
Performance test message 1771
Performance test message 1772
Performance test message 1773
Performance test message 1774
Performance test message 1775
Performance test message 1776
Performance test message 1777
Performance test message 1778
Performance test message 1779
Performance test message 1780
Performance test message 1781
Performance test message 1782
Performance test message 1783
Performance test message 1784
Performance test message 1785
Performance test message 1786
Performance test message 1787
Performance test message 1788
Performance test message 1789
Performance test message 1790
Performance test message 1791
Performance test message 1792
Performance test message 1793
Performance test message 1794
Performance test message 1795
Performance test message 1796
Performance test message 1797
Performance test message 1798
Performance test message 1799
Performance test message 1800
Performance test message 1801
Performance test message 1802
Performance test message 1803
Performance test message 1804
Performance test message 1805
Performance test message 1806
Performance test message 1807
Performance test message 1808
Performance test message 1809
Performance test message 1810
Performance test message 1811
Performance test message 1812
Performance test message 1813
Performance test message 1814
Performance test message 1815
Performance test message 1816
Performance test message 1817
Performance test message 1818
Performance test message 1819
Performance test message 1820
Performance test message 1821
Performance test message 1822
Performance test message 1823
Performance test message 1824
Performance test message 1825
Performance test message 1826
Performance test message 1827
Performance test message 1828
Performance test message 1829
Performance test message 1830
Performance test message 1831
Performance test message 1832
Performance test message 1833
Performance test message 1834
Performance test message 1835
Performance test message 1836
Performance test message 1837
Performance test message 1838
Performance test message 1839
Performance test message 1840
Performance test message 1841
Performance test message 1842
Performance test message 1843
Performance test message 1844
Performance test message 1845
Performance test message 1846
Performance test message 1847
Performance test message 1848
Performance test message 1849
Performance test message 1850
Performance test message 1851
Performance test message 1852
Performance test message 1853
Performance test message 1854
Performance test message 1855
Performance test message 1856
Performance test message 1857
Performance test message 1858
Performance test message 1859
Performance test message 1860
Performance test message 1861
Performance test message 1862
Performance test message 1863
Performance test message 1864
Performance test message 1865
Performance test message 1866
Performance test message 1867
Performance test message 1868
Performance test message 1869
Performance test message 1870
Performance test message 1871
Performance test message 1872
Performance test message 1873
Performance test message 1874
Performance test message 1875
Performance test message 1876
Performance test message 1877
Performance test message 1878
Performance test message 1879
Performance test message 1880
Performance test message 1881
Performance test message 1882
Performance test message 1883
Performance test message 1884
Performance test message 1885
Performance test message 1886
Performance test message 1887
Performance test message 1888
Performance test message 1889
Performance test message 1890
Performance test message 1891
Performance test message 1892
Performance test message 1893
Performance test message 1894
Performance test message 1895
Performance test message 1896
Performance test message 1897
Performance test message 1898
Performance test message 1899
Performance test message 1900
Performance test message 1901
Performance test message 1902
Performance test message 1903
Performance test message 1904
Performance test message 1905
Performance test message 1906
Performance test message 1907
Performance test message 1908
Performance test message 1909
Performance test message 1910
Performance test message 1911
Performance test message 1912
Performance test message 1913
Performance test message 1914
Performance test message 1915
Performance test message 1916
Performance test message 1917
Performance test message 1918
Performance test message 1919
Performance test message 1920
Performance test message 1921
Performance test message 1922
Performance test message 1923
Performance test message 1924
Performance test message 1925
Performance test message 1926
Performance test message 1927
Performance test message 1928
Performance test message 1929
Performance test message 1930
Performance test message 1931
Performance test message 1932
Performance test message 1933
Performance test message 1934
Performance test message 1935
Performance test message 1936
Performance test message 1937
Performance test message 1938
Performance test message 1939
Performance test message 1940
Performance test message 1941
Performance test message 1942
Performance test message 1943
Performance test message 1944
Performance test message 1945
Performance test message 1946
Performance test message 1947
Performance test message 1948
Performance test message 1949
Performance test message 1950
Performance test message 1951
Performance test message 1952
Performance test message 1953
Performance test message 1954
Performance test message 1955
Performance test message 1956
Performance test message 1957
Performance test message 1958
Performance test message 1959
Performance test message 1960
Performance test message 1961
Performance test message 1962
Performance test message 1963
Performance test message 1964
Performance test message 1965
Performance test message 1966
Performance test message 1967
Performance test message 1968
Performance test message 1969
Performance test message 1970
Performance test message 1971
Performance test message 1972
Performance test message 1973
Performance test message 1974
Performance test message 1975
Performance test message 1976
Performance test message 1977
Performance test message 1978
Performance test message 1979
Performance test message 1980
Performance test message 1981
Performance test message 1982
Performance test message 1983
Performance test message 1984
Performance test message 1985
Performance test message 1986
Performance test message 1987
Performance test message 1988
Performance test message 1989
Performance test message 1990
Performance test message 1991
Performance test message 1992
Performance test message 1993
Performance test message 1994
Performance test message 1995
Performance test message 1996
Performance test message 1997
Performance test message 1998
Performance test message 1999
Performance test message 2000
Performance test message 2001
Performance test message 2002
Performance test message 2003
Performance test message 2004
Performance test message 2005
Performance test message 2006
Performance test message 2007
Performance test message 2008
Performance test message 2009
Performance test message 2010
Performance test message 2011
Performance test message 2012
Performance test message 2013
Performance test message 2014
Performance test message 2015
Performance test message 2016
Performance test message 2017
Performance test message 2018
Performance test message 2019
Performance test message 2020
Performance test message 2021
Performance test message 2022
Performance test message 2023
Performance test message 2024
Performance test message 2025
Performance test message 2026
Performance test message 2027
Performance test message 2028
Performance test message 2029
Performance test message 2030
Performance test message 2031
Performance test message 2032
Performance test message 2033
Performance test message 2034
Performance test message 2035
Performance test message 2036
Performance test message 2037
Performance test message 2038
Performance test message 2039
Performance test message 2040
Performance test message 2041
Performance test message 2042
Performance test message 2043
Performance test message 2044
Performance test message 2045
Performance test message 2046
Performance test message 2047
Performance test message 2048
Performance test message 2049
Performance test message 2050
Performance test message 2051
Performance test message 2052
Performance test message 2053
Performance test message 2054
Performance test message 2055
Performance test message 2056
Performance test message 2057
Performance test message 2058
Performance test message 2059
Performance test message 2060
Performance test message 2061
Performance test message 2062
Performance test message 2063
Performance test message 2064
Performance test message 2065
Performance test message 2066
Performance test message 2067
Performance test message 2068
Performance test message 2069
Performance test message 2070
Performance test message 2071
Performance test message 2072
Performance test message 2073
Performance test message 2074
Performance test message 2075
Performance test message 2076
Performance test message 2077
Performance test message 2078
Performance test message 2079
Performance test message 2080
Performance test message 2081
Performance test message 2082
Performance test message 2083
Performance test message 2084
Performance test message 2085
Performance test message 2086
Performance test message 2087
Performance test message 2088
Performance test message 2089
Performance test message 2090
Performance test message 2091
Performance test message 2092
Performance test message 2093
Performance test message 2094
Performance test message 2095
Performance test message 2096
Performance test message 2097
Performance test message 2098
Performance test message 2099
Performance test message 2100
Performance test message 2101
Performance test message 2102
Performance test message 2103
Performance test message 2104
Performance test message 2105
Performance test message 2106
Performance test message 2107
Performance test message 2108
Performance test message 2109
Performance test message 2110
Performance test message 2111
Performance test message 2112
Performance test message 2113
Performance test message 2114
Performance test message 2115
Performance test message 2116
Performance test message 2117
Performance test message 2118
Performance test message 2119
Performance test message 2120
Performance test message 2121
Performance test message 2122
Performance test message 2123
Performance test message 2124
Performance test message 2125
Performance test message 2126
Performance test message 2127
Performance test message 2128
Performance test message 2129
Performance test message 2130
Performance test message 2131
Performance test message 2132
Performance test message 2133
Performance test message 2134
Performance test message 2135
Performance test message 2136
Performance test message 2137
Performance test message 2138
Performance test message 2139
Performance test message 2140
Performance test message 2141
Performance test message 2142
Performance test message 2143
Performance test message 2144
Performance test message 2145
Performance test message 2146
Performance test message 2147
Performance test message 2148
Performance test message 2149
Performance test message 2150
Performance test message 2151
Performance test message 2152
Performance test message 2153
Performance test message 2154
Performance test message 2155
Performance test message 2156
Performance test message 2157
Performance test message 2158
Performance test message 2159
Performance test message 2160
Performance test message 2161
Performance test message 2162
Performance test message 2163
Performance test message 2164
Performance test message 2165
Performance test message 2166
Performance test message 2167
Performance test message 2168
Performance test message 2169
Performance test message 2170
Performance test message 2171
Performance test message 2172
Performance test message 2173
Performance test message 2174
Performance test message 2175
Performance test message 2176
Performance test message 2177
Performance test message 2178
Performance test message 2179
Performance test message 2180
Performance test message 2181
Performance test message 2182
Performance test message 2183
Performance test message 2184
Performance test message 2185
Performance test message 2186
Performance test message 2187
Performance test message 2188
Performance test message 2189
Performance test message 2190
Performance test message 2191
Performance test message 2192
Performance test message 2193
Performance test message 2194
Performance test message 2195
Performance test message 2196
Performance test message 2197
Performance test message 2198
Performance test message 2199
Performance test message 2200
Performance test message 2201
Performance test message 2202
Performance test message 2203
Performance test message 2204
Performance test message 2205
Performance test message 2206
Performance test message 2207
Performance test message 2208
Performance test message 2209
Performance test message 2210
Performance test message 2211
Performance test message 2212
Performance test message 2213
Performance test message 2214
Performance test message 2215
Performance test message 2216
Performance test message 2217
Performance test message 2218
Performance test message 2219
Performance test message 2220
Performance test message 2221
Performance test message 2222
Performance test message 2223
Performance test message 2224
Performance test message 2225
Performance test message 2226
Performance test message 2227
Performance test message 2228
Performance test message 2229
Performance test message 2230
Performance test message 2231
Performance test message 2232
Performance test message 2233
Performance test message 2234
Performance test message 2235
Performance test message 2236
Performance test message 2237
Performance test message 2238
Performance test message 2239
Performance test message 2240
Performance test message 2241
Performance test message 2242
Performance test message 2243
Performance test message 2244
Performance test message 2245
Performance test message 2246
Performance test message 2247
Performance test message 2248
Performance test message 2249
Performance test message 2250
Performance test message 2251
Performance test message 2252
Performance test message 2253
Performance test message 2254
Performance test message 2255
Performance test message 2256
Performance test message 2257
Performance test message 2258
Performance test message 2259
Performance test message 2260
Performance test message 2261
Performance test message 2262
Performance test message 2263
Performance test message 2264
Performance test message 2265
Performance test message 2266
Performance test message 2267
Performance test message 2268
Performance test message 2269
Performance test message 2270
Performance test message 2271
Performance test message 2272
Performance test message 2273
Performance test message 2274
Performance test message 2275
Performance test message 2276
Performance test message 2277
Performance test message 2278
Performance test message 2279
Performance test message 2280
Performance test message 2281
Performance test message 2282
Performance test message 2283
Performance test message 2284
Performance test message 2285
Performance test message 2286
Performance test message 2287
Performance test message 2288
Performance test message 2289
Performance test message 2290
Performance test message 2291
Performance test message 2292
Performance test message 2293
Performance test message 2294
Performance test message 2295
Performance test message 2296
Performance test message 2297
Performance test message 2298
Performance test message 2299
Performance test message 2300
Performance test message 2301
Performance test message 2302
Performance test message 2303
Performance test message 2304
Performance test message 2305
Performance test message 2306
Performance test message 2307
Performance test message 2308
Performance test message 2309
Performance test message 2310
Performance test message 2311
Performance test message 2312
Performance test message 2313
Performance test message 2314
Performance test message 2315
Performance test message 2316
Performance test message 2317
Performance test message 2318
Performance test message 2319
Performance test message 2320
Performance test message 2321
Performance test message 2322
Performance test message 2323
Performance test message 2324
Performance test message 2325
Performance test message 2326
Performance test message 2327
Performance test message 2328
Performance test message 2329
Performance test message 2330
Performance test message 2331
Performance test message 2332
Performance test message 2333
Performance test message 2334
Performance test message 2335
Performance test message 2336
Performance test message 2337
Performance test message 2338
Performance test message 2339
Performance test message 2340
Performance test message 2341
Performance test message 2342
Performance test message 2343
Performance test message 2344
Performance test message 2345
Performance test message 2346
Performance test message 2347
Performance test message 2348
Performance test message 2349
Performance test message 2350
Performance test message 2351
Performance test message 2352
Performance test message 2353
Performance test message 2354
Performance test message 2355
Performance test message 2356
Performance test message 2357
Performance test message 2358
Performance test message 2359
Performance test message 2360
Performance test message 2361
Performance test message 2362
Performance test message 2363
Performance test message 2364
Performance test message 2365
Performance test message 2366
Performance test message 2367
Performance test message 2368
Performance test message 2369
Performance test message 2370
Performance test message 2371
Performance test message 2372
Performance test message 2373
Performance test message 2374
Performance test message 2375
Performance test message 2376
Performance test message 2377
Performance test message 2378
Performance test message 2379
Performance test message 2380
Performance test message 2381
Performance test message 2382
Performance test message 2383
Performance test message 2384
Performance test message 2385
Performance test message 2386
Performance test message 2387
Performance test message 2388
Performance test message 2389
Performance test message 2390
Performance test message 2391
Performance test message 2392
Performance test message 2393
Performance test message 2394
Performance test message 2395
Performance test message 2396
Performance test message 2397
Performance test message 2398
Performance test message 2399
Performance test message 2400
Performance test message 2401
Performance test message 2402
Performance test message 2403
Performance test message 2404
Performance test message 2405
Performance test message 2406
Performance test message 2407
Performance test message 2408
Performance test message 2409
Performance test message 2410
Performance test message 2411
Performance test message 2412
Performance test message 2413
Performance test message 2414
Performance test message 2415
Performance test message 2416
Performance test message 2417
Performance test message 2418
Performance test message 2419
Performance test message 2420
Performance test message 2421
Performance test message 2422
Performance test message 2423
Performance test message 2424
Performance test message 2425
Performance test message 2426
Performance test message 2427
Performance test message 2428
Performance test message 2429
Performance test message 2430
Performance test message 2431
Performance test message 2432
Performance test message 2433
Performance test message 2434
Performance test message 2435
Performance test message 2436
Performance test message 2437
Performance test message 2438
Performance test message 2439
Performance test message 2440
Performance test message 2441
Performance test message 2442
Performance test message 2443
Performance test message 2444
Performance test message 2445
Performance test message 2446
Performance test message 2447
Performance test message 2448
Performance test message 2449
Performance test message 2450
Performance test message 2451
Performance test message 2452
Performance test message 2453
Performance test message 2454
Performance test message 2455
Performance test message 2456
Performance test message 2457
Performance test message 2458
Performance test message 2459
Performance test message 2460
Performance test message 2461
Performance test message 2462
Performance test message 2463
Performance test message 2464
Performance test message 2465
Performance test message 2466
Performance test message 2467
Performance test message 2468
Performance test message 2469
Performance test message 2470
Performance test message 2471
Performance test message 2472
Performance test message 2473
Performance test message 2474
Performance test message 2475
Performance test message 2476
Performance test message 2477
Performance test message 2478
Performance test message 2479
Performance test message 2480
Performance test message 2481
Performance test message 2482
Performance test message 2483
Performance test message 2484
Performance test message 2485
Performance test message 2486
Performance test message 2487
Performance test message 2488
Performance test message 2489
Performance test message 2490
Performance test message 2491
Performance test message 2492
Performance test message 2493
Performance test message 2494
Performance test message 2495
Performance test message 2496
Performance test message 2497
Performance test message 2498
Performance test message 2499
Performance test message 2500
Performance test message 2501
Performance test message 2502
Performance test message 2503
Performance test message 2504
Performance test message 2505
Performance test message 2506
Performance test message 2507
Performance test message 2508
Performance test message 2509
Performance test message 2510
Performance test message 2511
Performance test message 2512
Performance test message 2513
Performance test message 2514
Performance test message 2515
Performance test message 2516
Performance test message 2517
Performance test message 2518
Performance test message 2519
Performance test message 2520
Performance test message 2521
Performance test message 2522
Performance test message 2523
Performance test message 2524
Performance test message 2525
Performance test message 2526
Performance test message 2527
Performance test message 2528
Performance test message 2529
Performance test message 2530
Performance test message 2531
Performance test message 2532
Performance test message 2533
Performance test message 2534
Performance test message 2535
Performance test message 2536
Performance test message 2537
Performance test message 2538
Performance test message 2539
Performance test message 2540
Performance test message 2541
Performance test message 2542
Performance test message 2543
Performance test message 2544
Performance test message 2545
Performance test message 2546
Performance test message 2547
Performance test message 2548
Performance test message 2549
Performance test message 2550
Performance test message 2551
Performance test message 2552
Performance test message 2553
Performance test message 2554
Performance test message 2555
Performance test message 2556
Performance test message 2557
Performance test message 2558
Performance test message 2559
Performance test message 2560
Performance test message 2561
Performance test message 2562
Performance test message 2563
Performance test message 2564
Performance test message 2565
Performance test message 2566
Performance test message 2567
Performance test message 2568
Performance test message 2569
Performance test message 2570
Performance test message 2571
Performance test message 2572
Performance test message 2573
Performance test message 2574
Performance test message 2575
Performance test message 2576
Performance test message 2577
Performance test message 2578
Performance test message 2579
Performance test message 2580
Performance test message 2581
Performance test message 2582
Performance test message 2583
Performance test message 2584
Performance test message 2585
Performance test message 2586
Performance test message 2587
Performance test message 2588
Performance test message 2589
Performance test message 2590
Performance test message 2591
Performance test message 2592
Performance test message 2593
Performance test message 2594
Performance test message 2595
Performance test message 2596
Performance test message 2597
Performance test message 2598
Performance test message 2599
Performance test message 2600
Performance test message 2601
Performance test message 2602
Performance test message 2603
Performance test message 2604
Performance test message 2605
Performance test message 2606
Performance test message 2607
Performance test message 2608
Performance test message 2609
Performance test message 2610
Performance test message 2611
Performance test message 2612
Performance test message 2613
Performance test message 2614
Performance test message 2615
Performance test message 2616
Performance test message 2617
Performance test message 2618
Performance test message 2619
Performance test message 2620
Performance test message 2621
Performance test message 2622
Performance test message 2623
Performance test message 2624
Performance test message 2625
Performance test message 2626
Performance test message 2627
Performance test message 2628
Performance test message 2629
Performance test message 2630
Performance test message 2631
Performance test message 2632
Performance test message 2633
Performance test message 2634
Performance test message 2635
Performance test message 2636
Performance test message 2637
Performance test message 2638
Performance test message 2639
Performance test message 2640
Performance test message 2641
Performance test message 2642
Performance test message 2643
Performance test message 2644
Performance test message 2645
Performance test message 2646
Performance test message 2647
Performance test message 2648
Performance test message 2649
Performance test message 2650
Performance test message 2651
Performance test message 2652
Performance test message 2653
Performance test message 2654
Performance test message 2655
Performance test message 2656
Performance test message 2657
Performance test message 2658
Performance test message 2659
Performance test message 2660
Performance test message 2661
Performance test message 2662
Performance test message 2663
Performance test message 2664
Performance test message 2665
Performance test message 2666
Performance test message 2667
Performance test message 2668
Performance test message 2669
Performance test message 2670
Performance test message 2671
Performance test message 2672
Performance test message 2673
Performance test message 2674
Performance test message 2675
Performance test message 2676
Performance test message 2677
Performance test message 2678
Performance test message 2679
Performance test message 2680
Performance test message 2681
Performance test message 2682
Performance test message 2683
Performance test message 2684
Performance test message 2685
Performance test message 2686
Performance test message 2687
Performance test message 2688
Performance test message 2689
Performance test message 2690
Performance test message 2691
Performance test message 2692
Performance test message 2693
Performance test message 2694
Performance test message 2695
Performance test message 2696
Performance test message 2697
Performance test message 2698
Performance test message 2699
Performance test message 2700
Performance test message 2701
Performance test message 2702
Performance test message 2703
Performance test message 2704
Performance test message 2705
Performance test message 2706
Performance test message 2707
Performance test message 2708
Performance test message 2709
Performance test message 2710
Performance test message 2711
Performance test message 2712
Performance test message 2713
Performance test message 2714
Performance test message 2715
Performance test message 2716
Performance test message 2717
Performance test message 2718
Performance test message 2719
Performance test message 2720
Performance test message 2721
Performance test message 2722
Performance test message 2723
Performance test message 2724
Performance test message 2725
Performance test message 2726
Performance test message 2727
Performance test message 2728
Performance test message 2729
Performance test message 2730
Performance test message 2731
Performance test message 2732
Performance test message 2733
Performance test message 2734
Performance test message 2735
Performance test message 2736
Performance test message 2737
Performance test message 2738
Performance test message 2739
Performance test message 2740
Performance test message 2741
Performance test message 2742
Performance test message 2743
Performance test message 2744
Performance test message 2745
Performance test message 2746
Performance test message 2747
Performance test message 2748
Performance test message 2749
Performance test message 2750
Performance test message 2751
Performance test message 2752
Performance test message 2753
Performance test message 2754
Performance test message 2755
Performance test message 2756
Performance test message 2757
Performance test message 2758
Performance test message 2759
Performance test message 2760
Performance test message 2761
Performance test message 2762
Performance test message 2763
Performance test message 2764
Performance test message 2765
Performance test message 2766
Performance test message 2767
Performance test message 2768
Performance test message 2769
Performance test message 2770
Performance test message 2771
Performance test message 2772
Performance test message 2773
Performance test message 2774
Performance test message 2775
Performance test message 2776
Performance test message 2777
Performance test message 2778
Performance test message 2779
Performance test message 2780
Performance test message 2781
Performance test message 2782
Performance test message 2783
Performance test message 2784
Performance test message 2785
Performance test message 2786
Performance test message 2787
Performance test message 2788
Performance test message 2789
Performance test message 2790
Performance test message 2791
Performance test message 2792
Performance test message 2793
Performance test message 2794
Performance test message 2795
Performance test message 2796
Performance test message 2797
Performance test message 2798
Performance test message 2799
Performance test message 2800
Performance test message 2801
Performance test message 2802
Performance test message 2803
Performance test message 2804
Performance test message 2805
Performance test message 2806
Performance test message 2807
Performance test message 2808
Performance test message 2809
Performance test message 2810
Performance test message 2811
Performance test message 2812
Performance test message 2813
Performance test message 2814
Performance test message 2815
Performance test message 2816
Performance test message 2817
Performance test message 2818
Performance test message 2819
Performance test message 2820
Performance test message 2821
Performance test message 2822
Performance test message 2823
Performance test message 2824
Performance test message 2825
Performance test message 2826
Performance test message 2827
Performance test message 2828
Performance test message 2829
Performance test message 2830
Performance test message 2831
Performance test message 2832
Performance test message 2833
Performance test message 2834
Performance test message 2835
Performance test message 2836
Performance test message 2837
Performance test message 2838
Performance test message 2839
Performance test message 2840
Performance test message 2841
Performance test message 2842
Performance test message 2843
Performance test message 2844
Performance test message 2845
Performance test message 2846
Performance test message 2847
Performance test message 2848
Performance test message 2849
Performance test message 2850
Performance test message 2851
Performance test message 2852
Performance test message 2853
Performance test message 2854
Performance test message 2855
Performance test message 2856
Performance test message 2857
Performance test message 2858
Performance test message 2859
Performance test message 2860
Performance test message 2861
Performance test message 2862
Performance test message 2863
Performance test message 2864
Performance test message 2865
Performance test message 2866
Performance test message 2867
Performance test message 2868
Performance test message 2869
Performance test message 2870
Performance test message 2871
Performance test message 2872
Performance test message 2873
Performance test message 2874
Performance test message 2875
Performance test message 2876
Performance test message 2877
Performance test message 2878
Performance test message 2879
Performance test message 2880
Performance test message 2881
Performance test message 2882
Performance test message 2883
Performance test message 2884
Performance test message 2885
Performance test message 2886
Performance test message 2887
Performance test message 2888
Performance test message 2889
Performance test message 2890
Performance test message 2891
Performance test message 2892
Performance test message 2893
Performance test message 2894
Performance test message 2895
Performance test message 2896
Performance test message 2897
Performance test message 2898
Performance test message 2899
Performance test message 2900
Performance test message 2901
Performance test message 2902
Performance test message 2903
Performance test message 2904
Performance test message 2905
Performance test message 2906
Performance test message 2907
Performance test message 2908
Performance test message 2909
Performance test message 2910
Performance test message 2911
Performance test message 2912
Performance test message 2913
Performance test message 2914
Performance test message 2915
Performance test message 2916
Performance test message 2917
Performance test message 2918
Performance test message 2919
Performance test message 2920
Performance test message 2921
Performance test message 2922
Performance test message 2923
Performance test message 2924
Performance test message 2925
Performance test message 2926
Performance test message 2927
Performance test message 2928
Performance test message 2929
Performance test message 2930
Performance test message 2931
Performance test message 2932
Performance test message 2933
Performance test message 2934
Performance test message 2935
Performance test message 2936
Performance test message 2937
Performance test message 2938
Performance test message 2939
Performance test message 2940
Performance test message 2941
Performance test message 2942
Performance test message 2943
Performance test message 2944
Performance test message 2945
Performance test message 2946
Performance test message 2947
Performance test message 2948
Performance test message 2949
Performance test message 2950
Performance test message 2951
Performance test message 2952
Performance test message 2953
Performance test message 2954
Performance test message 2955
Performance test message 2956
Performance test message 2957
Performance test message 2958
Performance test message 2959
Performance test message 2960
Performance test message 2961
Performance test message 2962
Performance test message 2963
Performance test message 2964
Performance test message 2965
Performance test message 2966
Performance test message 2967
Performance test message 2968
Performance test message 2969
Performance test message 2970
Performance test message 2971
Performance test message 2972
Performance test message 2973
Performance test message 2974
Performance test message 2975
Performance test message 2976
Performance test message 2977
Performance test message 2978
Performance test message 2979
Performance test message 2980
Performance test message 2981
Performance test message 2982
Performance test message 2983
Performance test message 2984
Performance test message 2985
Performance test message 2986
Performance test message 2987
Performance test message 2988
Performance test message 2989
Performance test message 2990
Performance test message 2991
Performance test message 2992
Performance test message 2993
Performance test message 2994
Performance test message 2995
Performance test message 2996
Performance test message 2997
Performance test message 2998
Performance test message 2999
Performance test message 3000
Performance test message 3001
Performance test message 3002
Performance test message 3003
Performance test message 3004
Performance test message 3005
Performance test message 3006
Performance test message 3007
Performance test message 3008
Performance test message 3009
Performance test message 3010
Performance test message 3011
Performance test message 3012
Performance test message 3013
Performance test message 3014
Performance test message 3015
Performance test message 3016
Performance test message 3017
Performance test message 3018
Performance test message 3019
Performance test message 3020
Performance test message 3021
Performance test message 3022
Performance test message 3023
Performance test message 3024
Performance test message 3025
Performance test message 3026
Performance test message 3027
Performance test message 3028
Performance test message 3029
Performance test message 3030
Performance test message 3031
Performance test message 3032
Performance test message 3033
Performance test message 3034
Performance test message 3035
Performance test message 3036
Performance test message 3037
Performance test message 3038
Performance test message 3039
Performance test message 3040
Performance test message 3041
Performance test message 3042
Performance test message 3043
Performance test message 3044
Performance test message 3045
Performance test message 3046
Performance test message 3047
Performance test message 3048
Performance test message 3049
Performance test message 3050
Performance test message 3051
Performance test message 3052
Performance test message 3053
Performance test message 3054
Performance test message 3055
Performance test message 3056
Performance test message 3057
Performance test message 3058
Performance test message 3059
Performance test message 3060
Performance test message 3061
Performance test message 3062
Performance test message 3063
Performance test message 3064
Performance test message 3065
Performance test message 3066
Performance test message 3067
Performance test message 3068
Performance test message 3069
Performance test message 3070
Performance test message 3071
Performance test message 3072
Performance test message 3073
Performance test message 3074
Performance test message 3075
Performance test message 3076
Performance test message 3077
Performance test message 3078
Performance test message 3079
Performance test message 3080
Performance test message 3081
Performance test message 3082
Performance test message 3083
Performance test message 3084
Performance test message 3085
Performance test message 3086
Performance test message 3087
Performance test message 3088
Performance test message 3089
Performance test message 3090
Performance test message 3091
Performance test message 3092
Performance test message 3093
Performance test message 3094
Performance test message 3095
Performance test message 3096
Performance test message 3097
Performance test message 3098
Performance test message 3099
Performance test message 3100
Performance test message 3101
Performance test message 3102
Performance test message 3103
Performance test message 3104
Performance test message 3105
Performance test message 3106
Performance test message 3107
Performance test message 3108
Performance test message 3109
Performance test message 3110
Performance test message 3111
Performance test message 3112
Performance test message 3113
Performance test message 3114
Performance test message 3115
Performance test message 3116
Performance test message 3117
Performance test message 3118
Performance test message 3119
Performance test message 3120
Performance test message 3121
Performance test message 3122
Performance test message 3123
Performance test message 3124
Performance test message 3125
Performance test message 3126
Performance test message 3127
Performance test message 3128
Performance test message 3129
Performance test message 3130
Performance test message 3131
Performance test message 3132
Performance test message 3133
Performance test message 3134
Performance test message 3135
Performance test message 3136
Performance test message 3137
Performance test message 3138
Performance test message 3139
Performance test message 3140
Performance test message 3141
Performance test message 3142
Performance test message 3143
Performance test message 3144
Performance test message 3145
Performance test message 3146
Performance test message 3147
Performance test message 3148
Performance test message 3149
Performance test message 3150
Performance test message 3151
Performance test message 3152
Performance test message 3153
Performance test message 3154
Performance test message 3155
Performance test message 3156
Performance test message 3157
Performance test message 3158
Performance test message 3159
Performance test message 3160
Performance test message 3161
Performance test message 3162
Performance test message 3163
Performance test message 3164
Performance test message 3165
Performance test message 3166
Performance test message 3167
Performance test message 3168
Performance test message 3169
Performance test message 3170
Performance test message 3171
Performance test message 3172
Performance test message 3173
Performance test message 3174
Performance test message 3175
Performance test message 3176
Performance test message 3177
Performance test message 3178
Performance test message 3179
Performance test message 3180
Performance test message 3181
Performance test message 3182
Performance test message 3183
Performance test message 3184
Performance test message 3185
Performance test message 3186
Performance test message 3187
Performance test message 3188
Performance test message 3189
Performance test message 3190
Performance test message 3191
Performance test message 3192
Performance test message 3193
Performance test message 3194
Performance test message 3195
Performance test message 3196
Performance test message 3197
Performance test message 3198
Performance test message 3199
Performance test message 3200
Performance test message 3201
Performance test message 3202
Performance test message 3203
Performance test message 3204
Performance test message 3205
Performance test message 3206
Performance test message 3207
Performance test message 3208
Performance test message 3209
Performance test message 3210
Performance test message 3211
Performance test message 3212
Performance test message 3213
Performance test message 3214
Performance test message 3215
Performance test message 3216
Performance test message 3217
Performance test message 3218
Performance test message 3219
Performance test message 3220
Performance test message 3221
Performance test message 3222
Performance test message 3223
Performance test message 3224
Performance test message 3225
Performance test message 3226
Performance test message 3227
Performance test message 3228
Performance test message 3229
Performance test message 3230
Performance test message 3231
Performance test message 3232
Performance test message 3233
Performance test message 3234
Performance test message 3235
Performance test message 3236
Performance test message 3237
Performance test message 3238
Performance test message 3239
Performance test message 3240
Performance test message 3241
Performance test message 3242
Performance test message 3243
Performance test message 3244
Performance test message 3245
Performance test message 3246
Performance test message 3247
Performance test message 3248
Performance test message 3249
Performance test message 3250
Performance test message 3251
Performance test message 3252
Performance test message 3253
Performance test message 3254
Performance test message 3255
Performance test message 3256
Performance test message 3257
Performance test message 3258
Performance test message 3259
Performance test message 3260
Performance test message 3261
Performance test message 3262
Performance test message 3263
Performance test message 3264
Performance test message 3265
Performance test message 3266
Performance test message 3267
Performance test message 3268
Performance test message 3269
Performance test message 3270
Performance test message 3271
Performance test message 3272
Performance test message 3273
Performance test message 3274
Performance test message 3275
Performance test message 3276
Performance test message 3277
Performance test message 3278
Performance test message 3279
Performance test message 3280
Performance test message 3281
Performance test message 3282
Performance test message 3283
Performance test message 3284
Performance test message 3285
Performance test message 3286
Performance test message 3287
Performance test message 3288
Performance test message 3289
Performance test message 3290
Performance test message 3291
Performance test message 3292
Performance test message 3293
Performance test message 3294
Performance test message 3295
Performance test message 3296
Performance test message 3297
Performance test message 3298
Performance test message 3299
Performance test message 3300
Performance test message 3301
Performance test message 3302
Performance test message 3303
Performance test message 3304
Performance test message 3305
Performance test message 3306
Performance test message 3307
Performance test message 3308
Performance test message 3309
Performance test message 3310
Performance test message 3311
Performance test message 3312
Performance test message 3313
Performance test message 3314
Performance test message 3315
Performance test message 3316
Performance test message 3317
Performance test message 3318
Performance test message 3319
Performance test message 3320
Performance test message 3321
Performance test message 3322
Performance test message 3323
Performance test message 3324
Performance test message 3325
Performance test message 3326
Performance test message 3327
Performance test message 3328
Performance test message 3329
Performance test message 3330
Performance test message 3331
Performance test message 3332
Performance test message 3333
Performance test message 3334
Performance test message 3335
Performance test message 3336
Performance test message 3337
Performance test message 3338
Performance test message 3339
Performance test message 3340
Performance test message 3341
Performance test message 3342
Performance test message 3343
Performance test message 3344
Performance test message 3345
Performance test message 3346
Performance test message 3347
Performance test message 3348
Performance test message 3349
Performance test message 3350
Performance test message 3351
Performance test message 3352
Performance test message 3353
Performance test message 3354
Performance test message 3355
Performance test message 3356
Performance test message 3357
Performance test message 3358
Performance test message 3359
Performance test message 3360
Performance test message 3361
Performance test message 3362
Performance test message 3363
Performance test message 3364
Performance test message 3365
Performance test message 3366
Performance test message 3367
Performance test message 3368
Performance test message 3369
Performance test message 3370
Performance test message 3371
Performance test message 3372
Performance test message 3373
Performance test message 3374
Performance test message 3375
Performance test message 3376
Performance test message 3377
Performance test message 3378
Performance test message 3379
Performance test message 3380
Performance test message 3381
Performance test message 3382
Performance test message 3383
Performance test message 3384
Performance test message 3385
Performance test message 3386
Performance test message 3387
Performance test message 3388
Performance test message 3389
Performance test message 3390
Performance test message 3391
Performance test message 3392
Performance test message 3393
Performance test message 3394
Performance test message 3395
Performance test message 3396
Performance test message 3397
Performance test message 3398
Performance test message 3399
Performance test message 3400
Performance test message 3401
Performance test message 3402
Performance test message 3403
Performance test message 3404
Performance test message 3405
Performance test message 3406
Performance test message 3407
Performance test message 3408
Performance test message 3409
Performance test message 3410
Performance test message 3411
Performance test message 3412
Performance test message 3413
Performance test message 3414
Performance test message 3415
Performance test message 3416
Performance test message 3417
Performance test message 3418
Performance test message 3419
Performance test message 3420
Performance test message 3421
Performance test message 3422
Performance test message 3423
Performance test message 3424
Performance test message 3425
Performance test message 3426
Performance test message 3427
Performance test message 3428
Performance test message 3429
Performance test message 3430
Performance test message 3431
Performance test message 3432
Performance test message 3433
Performance test message 3434
Performance test message 3435
Performance test message 3436
Performance test message 3437
Performance test message 3438
Performance test message 3439
Performance test message 3440
Performance test message 3441
Performance test message 3442
Performance test message 3443
Performance test message 3444
Performance test message 3445
Performance test message 3446
Performance test message 3447
Performance test message 3448
Performance test message 3449
Performance test message 3450
Performance test message 3451
Performance test message 3452
Performance test message 3453
Performance test message 3454
Performance test message 3455
Performance test message 3456
Performance test message 3457
Performance test message 3458
Performance test message 3459
Performance test message 3460
Performance test message 3461
Performance test message 3462
Performance test message 3463
Performance test message 3464
Performance test message 3465
Performance test message 3466
Performance test message 3467
Performance test message 3468
Performance test message 3469
Performance test message 3470
Performance test message 3471
Performance test message 3472
Performance test message 3473
Performance test message 3474
Performance test message 3475
Performance test message 3476
Performance test message 3477
Performance test message 3478
Performance test message 3479
Performance test message 3480
Performance test message 3481
Performance test message 3482
Performance test message 3483
Performance test message 3484
Performance test message 3485
Performance test message 3486
Performance test message 3487
Performance test message 3488
Performance test message 3489
Performance test message 3490
Performance test message 3491
Performance test message 3492
Performance test message 3493
Performance test message 3494
Performance test message 3495
Performance test message 3496
Performance test message 3497
Performance test message 3498
Performance test message 3499
Performance test message 3500
Performance test message 3501
Performance test message 3502
Performance test message 3503
Performance test message 3504
Performance test message 3505
Performance test message 3506
Performance test message 3507
Performance test message 3508
Performance test message 3509
Performance test message 3510
Performance test message 3511
Performance test message 3512
Performance test message 3513
Performance test message 3514
Performance test message 3515
Performance test message 3516
Performance test message 3517
Performance test message 3518
Performance test message 3519
Performance test message 3520
Performance test message 3521
Performance test message 3522
Performance test message 3523
Performance test message 3524
Performance test message 3525
Performance test message 3526
Performance test message 3527
Performance test message 3528
Performance test message 3529
Performance test message 3530
Performance test message 3531
Performance test message 3532
Performance test message 3533
Performance test message 3534
Performance test message 3535
Performance test message 3536
Performance test message 3537
Performance test message 3538
Performance test message 3539
Performance test message 3540
Performance test message 3541
Performance test message 3542
Performance test message 3543
Performance test message 3544
Performance test message 3545
Performance test message 3546
Performance test message 3547
Performance test message 3548
Performance test message 3549
Performance test message 3550
Performance test message 3551
Performance test message 3552
Performance test message 3553
Performance test message 3554
Performance test message 3555
Performance test message 3556
Performance test message 3557
Performance test message 3558
Performance test message 3559
Performance test message 3560
Performance test message 3561
Performance test message 3562
Performance test message 3563
Performance test message 3564
Performance test message 3565
Performance test message 3566
Performance test message 3567
Performance test message 3568
Performance test message 3569
Performance test message 3570
Performance test message 3571
Performance test message 3572
Performance test message 3573
Performance test message 3574
Performance test message 3575
Performance test message 3576
Performance test message 3577
Performance test message 3578
Performance test message 3579
Performance test message 3580
Performance test message 3581
Performance test message 3582
Performance test message 3583
Performance test message 3584
Performance test message 3585
Performance test message 3586
Performance test message 3587
Performance test message 3588
Performance test message 3589
Performance test message 3590
Performance test message 3591
Performance test message 3592
Performance test message 3593
Performance test message 3594
Performance test message 3595
Performance test message 3596
Performance test message 3597
Performance test message 3598
Performance test message 3599
Performance test message 3600
Performance test message 3601
Performance test message 3602
Performance test message 3603
Performance test message 3604
Performance test message 3605
Performance test message 3606
Performance test message 3607
Performance test message 3608
Performance test message 3609
Performance test message 3610
Performance test message 3611
Performance test message 3612
Performance test message 3613
Performance test message 3614
Performance test message 3615
Performance test message 3616
Performance test message 3617
Performance test message 3618
Performance test message 3619
Performance test message 3620
Performance test message 3621
Performance test message 3622
Performance test message 3623
Performance test message 3624
Performance test message 3625
Performance test message 3626
Performance test message 3627
Performance test message 3628
Performance test message 3629
Performance test message 3630
Performance test message 3631
Performance test message 3632
Performance test message 3633
Performance test message 3634
Performance test message 3635
Performance test message 3636
Performance test message 3637
Performance test message 3638
Performance test message 3639
Performance test message 3640
Performance test message 3641
Performance test message 3642
Performance test message 3643
Performance test message 3644
Performance test message 3645
Performance test message 3646
Performance test message 3647
Performance test message 3648
Performance test message 3649
Performance test message 3650
Performance test message 3651
Performance test message 3652
Performance test message 3653
Performance test message 3654
Performance test message 3655
Performance test message 3656
Performance test message 3657
Performance test message 3658
Performance test message 3659
Performance test message 3660
Performance test message 3661
Performance test message 3662
Performance test message 3663
Performance test message 3664
Performance test message 3665
Performance test message 3666
Performance test message 3667
Performance test message 3668
Performance test message 3669
Performance test message 3670
Performance test message 3671
Performance test message 3672
Performance test message 3673
Performance test message 3674
Performance test message 3675
Performance test message 3676
Performance test message 3677
Performance test message 3678
Performance test message 3679
Performance test message 3680
Performance test message 3681
Performance test message 3682
Performance test message 3683
Performance test message 3684
Performance test message 3685
Performance test message 3686
Performance test message 3687
Performance test message 3688
Performance test message 3689
Performance test message 3690
Performance test message 3691
Performance test message 3692
Performance test message 3693
Performance test message 3694
Performance test message 3695
Performance test message 3696
Performance test message 3697
Performance test message 3698
Performance test message 3699
Performance test message 3700
Performance test message 3701
Performance test message 3702
Performance test message 3703
Performance test message 3704
Performance test message 3705
Performance test message 3706
Performance test message 3707
Performance test message 3708
Performance test message 3709
Performance test message 3710
Performance test message 3711
Performance test message 3712
Performance test message 3713
Performance test message 3714
Performance test message 3715
Performance test message 3716
Performance test message 3717
Performance test message 3718
Performance test message 3719
Performance test message 3720
Performance test message 3721
Performance test message 3722
Performance test message 3723
Performance test message 3724
Performance test message 3725
Performance test message 3726
Performance test message 3727
Performance test message 3728
Performance test message 3729
Performance test message 3730
Performance test message 3731
Performance test message 3732
Performance test message 3733
Performance test message 3734
Performance test message 3735
Performance test message 3736
Performance test message 3737
Performance test message 3738
Performance test message 3739
Performance test message 3740
Performance test message 3741
Performance test message 3742
Performance test message 3743
Performance test message 3744
Performance test message 3745
Performance test message 3746
Performance test message 3747
Performance test message 3748
Performance test message 3749
Performance test message 3750
Performance test message 3751
Performance test message 3752
Performance test message 3753
Performance test message 3754
Performance test message 3755
Performance test message 3756
Performance test message 3757
Performance test message 3758
Performance test message 3759
Performance test message 3760
Performance test message 3761
Performance test message 3762
Performance test message 3763
Performance test message 3764
Performance test message 3765
Performance test message 3766
Performance test message 3767
Performance test message 3768
Performance test message 3769
Performance test message 3770
Performance test message 3771
Performance test message 3772
Performance test message 3773
Performance test message 3774
Performance test message 3775
Performance test message 3776
Performance test message 3777
Performance test message 3778
Performance test message 3779
Performance test message 3780
Performance test message 3781
Performance test message 3782
Performance test message 3783
Performance test message 3784
Performance test message 3785
Performance test message 3786
Performance test message 3787
Performance test message 3788
Performance test message 3789
Performance test message 3790
Performance test message 3791
Performance test message 3792
Performance test message 3793
Performance test message 3794
Performance test message 3795
Performance test message 3796
Performance test message 3797
Performance test message 3798
Performance test message 3799
Performance test message 3800
Performance test message 3801
Performance test message 3802
Performance test message 3803
Performance test message 3804
Performance test message 3805
Performance test message 3806
Performance test message 3807
Performance test message 3808
Performance test message 3809
Performance test message 3810
Performance test message 3811
Performance test message 3812
Performance test message 3813
Performance test message 3814
Performance test message 3815
Performance test message 3816
Performance test message 3817
Performance test message 3818
Performance test message 3819
Performance test message 3820
Performance test message 3821
Performance test message 3822
Performance test message 3823
Performance test message 3824
Performance test message 3825
Performance test message 3826
Performance test message 3827
Performance test message 3828
Performance test message 3829
Performance test message 3830
Performance test message 3831
Performance test message 3832
Performance test message 3833
Performance test message 3834
Performance test message 3835
Performance test message 3836
Performance test message 3837
Performance test message 3838
Performance test message 3839
Performance test message 3840
Performance test message 3841
Performance test message 3842
Performance test message 3843
Performance test message 3844
Performance test message 3845
Performance test message 3846
Performance test message 3847
Performance test message 3848
Performance test message 3849
Performance test message 3850
Performance test message 3851
Performance test message 3852
Performance test message 3853
Performance test message 3854
Performance test message 3855
Performance test message 3856
Performance test message 3857
Performance test message 3858
Performance test message 3859
Performance test message 3860
Performance test message 3861
Performance test message 3862
Performance test message 3863
Performance test message 3864
Performance test message 3865
Performance test message 3866
Performance test message 3867
Performance test message 3868
Performance test message 3869
Performance test message 3870
Performance test message 3871
Performance test message 3872
Performance test message 3873
Performance test message 3874
Performance test message 3875
Performance test message 3876
Performance test message 3877
Performance test message 3878
Performance test message 3879
Performance test message 3880
Performance test message 3881
Performance test message 3882
Performance test message 3883
Performance test message 3884
Performance test message 3885
Performance test message 3886
Performance test message 3887
Performance test message 3888
Performance test message 3889
Performance test message 3890
Performance test message 3891
Performance test message 3892
Performance test message 3893
Performance test message 3894
Performance test message 3895
Performance test message 3896
Performance test message 3897
Performance test message 3898
Performance test message 3899
Performance test message 3900
Performance test message 3901
Performance test message 3902
Performance test message 3903
Performance test message 3904
Performance test message 3905
Performance test message 3906
Performance test message 3907
Performance test message 3908
Performance test message 3909
Performance test message 3910
Performance test message 3911
Performance test message 3912
Performance test message 3913
Performance test message 3914
Performance test message 3915
Performance test message 3916
Performance test message 3917
Performance test message 3918
Performance test message 3919
Performance test message 3920
Performance test message 3921
Performance test message 3922
Performance test message 3923
Performance test message 3924
Performance test message 3925
Performance test message 3926
Performance test message 3927
Performance test message 3928
Performance test message 3929
Performance test message 3930
Performance test message 3931
Performance test message 3932
Performance test message 3933
Performance test message 3934
Performance test message 3935
Performance test message 3936
Performance test message 3937
Performance test message 3938
Performance test message 3939
Performance test message 3940
Performance test message 3941
Performance test message 3942
Performance test message 3943
Performance test message 3944
Performance test message 3945
Performance test message 3946
Performance test message 3947
Performance test message 3948
Performance test message 3949
Performance test message 3950
Performance test message 3951
Performance test message 3952
Performance test message 3953
Performance test message 3954
Performance test message 3955
Performance test message 3956
Performance test message 3957
Performance test message 3958
Performance test message 3959
Performance test message 3960
Performance test message 3961
Performance test message 3962
Performance test message 3963
Performance test message 3964
Performance test message 3965
Performance test message 3966
Performance test message 3967
Performance test message 3968
Performance test message 3969
Performance test message 3970
Performance test message 3971
Performance test message 3972
Performance test message 3973
Performance test message 3974
Performance test message 3975
Performance test message 3976
Performance test message 3977
Performance test message 3978
Performance test message 3979
Performance test message 3980
Performance test message 3981
Performance test message 3982
Performance test message 3983
Performance test message 3984
Performance test message 3985
Performance test message 3986
Performance test message 3987
Performance test message 3988
Performance test message 3989
Performance test message 3990
Performance test message 3991
Performance test message 3992
Performance test message 3993
Performance test message 3994
Performance test message 3995
Performance test message 3996
Performance test message 3997
Performance test message 3998
Performance test message 3999
Performance test message 4000
Performance test message 4001
Performance test message 4002
Performance test message 4003
Performance test message 4004
Performance test message 4005
Performance test message 4006
Performance test message 4007
Performance test message 4008
Performance test message 4009
Performance test message 4010
Performance test message 4011
Performance test message 4012
Performance test message 4013
Performance test message 4014
Performance test message 4015
Performance test message 4016
Performance test message 4017
Performance test message 4018
Performance test message 4019
Performance test message 4020
Performance test message 4021
Performance test message 4022
Performance test message 4023
Performance test message 4024
Performance test message 4025
Performance test message 4026
Performance test message 4027
Performance test message 4028
Performance test message 4029
Performance test message 4030
Performance test message 4031
Performance test message 4032
Performance test message 4033
Performance test message 4034
Performance test message 4035
Performance test message 4036
Performance test message 4037
Performance test message 4038
Performance test message 4039
Performance test message 4040
Performance test message 4041
Performance test message 4042
Performance test message 4043
Performance test message 4044
Performance test message 4045
Performance test message 4046
Performance test message 4047
Performance test message 4048
Performance test message 4049
Performance test message 4050
Performance test message 4051
Performance test message 4052
Performance test message 4053
Performance test message 4054
Performance test message 4055
Performance test message 4056
Performance test message 4057
Performance test message 4058
Performance test message 4059
Performance test message 4060
Performance test message 4061
Performance test message 4062
Performance test message 4063
Performance test message 4064
Performance test message 4065
Performance test message 4066
Performance test message 4067
Performance test message 4068
Performance test message 4069
Performance test message 4070
Performance test message 4071
Performance test message 4072
Performance test message 4073
Performance test message 4074
Performance test message 4075
Performance test message 4076
Performance test message 4077
Performance test message 4078
Performance test message 4079
Performance test message 4080
Performance test message 4081
Performance test message 4082
Performance test message 4083
Performance test message 4084
Performance test message 4085
Performance test message 4086
Performance test message 4087
Performance test message 4088
Performance test message 4089
Performance test message 4090
Performance test message 4091
Performance test message 4092
Performance test message 4093
Performance test message 4094
Performance test message 4095
Performance test message 4096
Performance test message 4097
Performance test message 4098
Performance test message 4099
Performance test message 4100
Performance test message 4101
Performance test message 4102
Performance test message 4103
Performance test message 4104
Performance test message 4105
Performance test message 4106
Performance test message 4107
Performance test message 4108
Performance test message 4109
Performance test message 4110
Performance test message 4111
Performance test message 4112
Performance test message 4113
Performance test message 4114
Performance test message 4115
Performance test message 4116
Performance test message 4117
Performance test message 4118
Performance test message 4119
Performance test message 4120
Performance test message 4121
Performance test message 4122
Performance test message 4123
Performance test message 4124
Performance test message 4125
Performance test message 4126
Performance test message 4127
Performance test message 4128
Performance test message 4129
Performance test message 4130
Performance test message 4131
Performance test message 4132
Performance test message 4133
Performance test message 4134
Performance test message 4135
Performance test message 4136
Performance test message 4137
Performance test message 4138
Performance test message 4139
Performance test message 4140
Performance test message 4141
Performance test message 4142
Performance test message 4143
Performance test message 4144
Performance test message 4145
Performance test message 4146
Performance test message 4147
Performance test message 4148
Performance test message 4149
Performance test message 4150
Performance test message 4151
Performance test message 4152
Performance test message 4153
Performance test message 4154
Performance test message 4155
Performance test message 4156
Performance test message 4157
Performance test message 4158
Performance test message 4159
Performance test message 4160
Performance test message 4161
Performance test message 4162
Performance test message 4163
Performance test message 4164
Performance test message 4165
Performance test message 4166
Performance test message 4167
Performance test message 4168
Performance test message 4169
Performance test message 4170
Performance test message 4171
Performance test message 4172
Performance test message 4173
Performance test message 4174
Performance test message 4175
Performance test message 4176
Performance test message 4177
Performance test message 4178
Performance test message 4179
Performance test message 4180
Performance test message 4181
Performance test message 4182
Performance test message 4183
Performance test message 4184
Performance test message 4185
Performance test message 4186
Performance test message 4187
Performance test message 4188
Performance test message 4189
Performance test message 4190
Performance test message 4191
Performance test message 4192
Performance test message 4193
Performance test message 4194
Performance test message 4195
Performance test message 4196
Performance test message 4197
Performance test message 4198
Performance test message 4199
Performance test message 4200
Performance test message 4201
Performance test message 4202
Performance test message 4203
Performance test message 4204
Performance test message 4205
Performance test message 4206
Performance test message 4207
Performance test message 4208
Performance test message 4209
Performance test message 4210
Performance test message 4211
Performance test message 4212
Performance test message 4213
Performance test message 4214
Performance test message 4215
Performance test message 4216
Performance test message 4217
Performance test message 4218
Performance test message 4219
Performance test message 4220
Performance test message 4221
Performance test message 4222
Performance test message 4223
Performance test message 4224
Performance test message 4225
Performance test message 4226
Performance test message 4227
Performance test message 4228
Performance test message 4229
Performance test message 4230
Performance test message 4231
Performance test message 4232
Performance test message 4233
Performance test message 4234
Performance test message 4235
Performance test message 4236
Performance test message 4237
Performance test message 4238
Performance test message 4239
Performance test message 4240
Performance test message 4241
Performance test message 4242
Performance test message 4243
Performance test message 4244
Performance test message 4245
Performance test message 4246
Performance test message 4247
Performance test message 4248
Performance test message 4249
Performance test message 4250
Performance test message 4251
Performance test message 4252
Performance test message 4253
Performance test message 4254
Performance test message 4255
Performance test message 4256
Performance test message 4257
Performance test message 4258
Performance test message 4259
Performance test message 4260
Performance test message 4261
Performance test message 4262
Performance test message 4263
Performance test message 4264
Performance test message 4265
Performance test message 4266
Performance test message 4267
Performance test message 4268
Performance test message 4269
Performance test message 4270
Performance test message 4271
Performance test message 4272
Performance test message 4273
Performance test message 4274
Performance test message 4275
Performance test message 4276
Performance test message 4277
Performance test message 4278
Performance test message 4279
Performance test message 4280
Performance test message 4281
Performance test message 4282
Performance test message 4283
Performance test message 4284
Performance test message 4285
Performance test message 4286
Performance test message 4287
Performance test message 4288
Performance test message 4289
Performance test message 4290
Performance test message 4291
Performance test message 4292
Performance test message 4293
Performance test message 4294
Performance test message 4295
Performance test message 4296
Performance test message 4297
Performance test message 4298
Performance test message 4299
Performance test message 4300
Performance test message 4301
Performance test message 4302
Performance test message 4303
Performance test message 4304
Performance test message 4305
Performance test message 4306
Performance test message 4307
Performance test message 4308
Performance test message 4309
Performance test message 4310
Performance test message 4311
Performance test message 4312
Performance test message 4313
Performance test message 4314
Performance test message 4315
Performance test message 4316
Performance test message 4317
Performance test message 4318
Performance test message 4319
Performance test message 4320
Performance test message 4321
Performance test message 4322
Performance test message 4323
Performance test message 4324
Performance test message 4325
Performance test message 4326
Performance test message 4327
Performance test message 4328
Performance test message 4329
Performance test message 4330
Performance test message 4331
Performance test message 4332
Performance test message 4333
Performance test message 4334
Performance test message 4335
Performance test message 4336
Performance test message 4337
Performance test message 4338
Performance test message 4339
Performance test message 4340
Performance test message 4341
Performance test message 4342
Performance test message 4343
Performance test message 4344
Performance test message 4345
Performance test message 4346
Performance test message 4347
Performance test message 4348
Performance test message 4349
Performance test message 4350
Performance test message 4351
Performance test message 4352
Performance test message 4353
Performance test message 4354
Performance test message 4355
Performance test message 4356
Performance test message 4357
Performance test message 4358
Performance test message 4359
Performance test message 4360
Performance test message 4361
Performance test message 4362
Performance test message 4363
Performance test message 4364
Performance test message 4365
Performance test message 4366
Performance test message 4367
Performance test message 4368
Performance test message 4369
Performance test message 4370
Performance test message 4371
Performance test message 4372
Performance test message 4373
Performance test message 4374
Performance test message 4375
Performance test message 4376
Performance test message 4377
Performance test message 4378
Performance test message 4379
Performance test message 4380
Performance test message 4381
Performance test message 4382
Performance test message 4383
Performance test message 4384
Performance test message 4385
Performance test message 4386
Performance test message 4387
Performance test message 4388
Performance test message 4389
Performance test message 4390
Performance test message 4391
Performance test message 4392
Performance test message 4393
Performance test message 4394
Performance test message 4395
Performance test message 4396
Performance test message 4397
Performance test message 4398
Performance test message 4399
Performance test message 4400
Performance test message 4401
Performance test message 4402
Performance test message 4403
Performance test message 4404
Performance test message 4405
Performance test message 4406
Performance test message 4407
Performance test message 4408
Performance test message 4409
Performance test message 4410
Performance test message 4411
Performance test message 4412
Performance test message 4413
Performance test message 4414
Performance test message 4415
Performance test message 4416
Performance test message 4417
Performance test message 4418
Performance test message 4419
Performance test message 4420
Performance test message 4421
Performance test message 4422
Performance test message 4423
Performance test message 4424
Performance test message 4425
Performance test message 4426
Performance test message 4427
Performance test message 4428
Performance test message 4429
Performance test message 4430
Performance test message 4431
Performance test message 4432
Performance test message 4433
Performance test message 4434
Performance test message 4435
Performance test message 4436
Performance test message 4437
Performance test message 4438
Performance test message 4439
Performance test message 4440
Performance test message 4441
Performance test message 4442
Performance test message 4443
Performance test message 4444
Performance test message 4445
Performance test message 4446
Performance test message 4447
Performance test message 4448
Performance test message 4449
Performance test message 4450
Performance test message 4451
Performance test message 4452
Performance test message 4453
Performance test message 4454
Performance test message 4455
Performance test message 4456
Performance test message 4457
Performance test message 4458
Performance test message 4459
Performance test message 4460
Performance test message 4461
Performance test message 4462
Performance test message 4463
Performance test message 4464
Performance test message 4465
Performance test message 4466
Performance test message 4467
Performance test message 4468
Performance test message 4469
Performance test message 4470
Performance test message 4471
Performance test message 4472
Performance test message 4473
Performance test message 4474
Performance test message 4475
Performance test message 4476
Performance test message 4477
Performance test message 4478
Performance test message 4479
Performance test message 4480
Performance test message 4481
Performance test message 4482
Performance test message 4483
Performance test message 4484
Performance test message 4485
Performance test message 4486
Performance test message 4487
Performance test message 4488
Performance test message 4489
Performance test message 4490
Performance test message 4491
Performance test message 4492
Performance test message 4493
Performance test message 4494
Performance test message 4495
Performance test message 4496
Performance test message 4497
Performance test message 4498
Performance test message 4499
Performance test message 4500
Performance test message 4501
Performance test message 4502
Performance test message 4503
Performance test message 4504
Performance test message 4505
Performance test message 4506
Performance test message 4507
Performance test message 4508
Performance test message 4509
Performance test message 4510
Performance test message 4511
Performance test message 4512
Performance test message 4513
Performance test message 4514
Performance test message 4515
Performance test message 4516
Performance test message 4517
Performance test message 4518
Performance test message 4519
Performance test message 4520
Performance test message 4521
Performance test message 4522
Performance test message 4523
Performance test message 4524
Performance test message 4525
Performance test message 4526
Performance test message 4527
Performance test message 4528
Performance test message 4529
Performance test message 4530
Performance test message 4531
Performance test message 4532
Performance test message 4533
Performance test message 4534
Performance test message 4535
Performance test message 4536
Performance test message 4537
Performance test message 4538
Performance test message 4539
Performance test message 4540
Performance test message 4541
Performance test message 4542
Performance test message 4543
Performance test message 4544
Performance test message 4545
Performance test message 4546
Performance test message 4547
Performance test message 4548
Performance test message 4549
Performance test message 4550
Performance test message 4551
Performance test message 4552
Performance test message 4553
Performance test message 4554
Performance test message 4555
Performance test message 4556
Performance test message 4557
Performance test message 4558
Performance test message 4559
Performance test message 4560
Performance test message 4561
Performance test message 4562
Performance test message 4563
Performance test message 4564
Performance test message 4565
Performance test message 4566
Performance test message 4567
Performance test message 4568
Performance test message 4569
Performance test message 4570
Performance test message 4571
Performance test message 4572
Performance test message 4573
Performance test message 4574
Performance test message 4575
Performance test message 4576
Performance test message 4577
Performance test message 4578
Performance test message 4579
Performance test message 4580
Performance test message 4581
Performance test message 4582
Performance test message 4583
Performance test message 4584
Performance test message 4585
Performance test message 4586
Performance test message 4587
Performance test message 4588
Performance test message 4589
Performance test message 4590
Performance test message 4591
Performance test message 4592
Performance test message 4593
Performance test message 4594
Performance test message 4595
Performance test message 4596
Performance test message 4597
Performance test message 4598
Performance test message 4599
Performance test message 4600
Performance test message 4601
Performance test message 4602
Performance test message 4603
Performance test message 4604
Performance test message 4605
Performance test message 4606
Performance test message 4607
Performance test message 4608
Performance test message 4609
Performance test message 4610
Performance test message 4611
Performance test message 4612
Performance test message 4613
Performance test message 4614
Performance test message 4615
Performance test message 4616
Performance test message 4617
Performance test message 4618
Performance test message 4619
Performance test message 4620
Performance test message 4621
Performance test message 4622
Performance test message 4623
Performance test message 4624
Performance test message 4625
Performance test message 4626
Performance test message 4627
Performance test message 4628
Performance test message 4629
Performance test message 4630
Performance test message 4631
Performance test message 4632
Performance test message 4633
Performance test message 4634
Performance test message 4635
Performance test message 4636
Performance test message 4637
Performance test message 4638
Performance test message 4639
Performance test message 4640
Performance test message 4641
Performance test message 4642
Performance test message 4643
Performance test message 4644
Performance test message 4645
Performance test message 4646
Performance test message 4647
Performance test message 4648
Performance test message 4649
Performance test message 4650
Performance test message 4651
Performance test message 4652
Performance test message 4653
Performance test message 4654
Performance test message 4655
Performance test message 4656
Performance test message 4657
Performance test message 4658
Performance test message 4659
Performance test message 4660
Performance test message 4661
Performance test message 4662
Performance test message 4663
Performance test message 4664
Performance test message 4665
Performance test message 4666
Performance test message 4667
Performance test message 4668
Performance test message 4669
Performance test message 4670
Performance test message 4671
Performance test message 4672
Performance test message 4673
Performance test message 4674
Performance test message 4675
Performance test message 4676
Performance test message 4677
Performance test message 4678
Performance test message 4679
Performance test message 4680
Performance test message 4681
Performance test message 4682
Performance test message 4683
Performance test message 4684
Performance test message 4685
Performance test message 4686
Performance test message 4687
Performance test message 4688
Performance test message 4689
Performance test message 4690
Performance test message 4691
Performance test message 4692
Performance test message 4693
Performance test message 4694
Performance test message 4695
Performance test message 4696
Performance test message 4697
Performance test message 4698
Performance test message 4699
Performance test message 4700
Performance test message 4701
Performance test message 4702
Performance test message 4703
Performance test message 4704
Performance test message 4705
Performance test message 4706
Performance test message 4707
Performance test message 4708
Performance test message 4709
Performance test message 4710
Performance test message 4711
Performance test message 4712
Performance test message 4713
Performance test message 4714
Performance test message 4715
Performance test message 4716
Performance test message 4717
Performance test message 4718
Performance test message 4719
Performance test message 4720
Performance test message 4721
Performance test message 4722
Performance test message 4723
Performance test message 4724
Performance test message 4725
Performance test message 4726
Performance test message 4727
Performance test message 4728
Performance test message 4729
Performance test message 4730
Performance test message 4731
Performance test message 4732
Performance test message 4733
Performance test message 4734
Performance test message 4735
Performance test message 4736
Performance test message 4737
Performance test message 4738
Performance test message 4739
Performance test message 4740
Performance test message 4741
Performance test message 4742
Performance test message 4743
Performance test message 4744
Performance test message 4745
Performance test message 4746
Performance test message 4747
Performance test message 4748
Performance test message 4749
Performance test message 4750
Performance test message 4751
Performance test message 4752
Performance test message 4753
Performance test message 4754
Performance test message 4755
Performance test message 4756
Performance test message 4757
Performance test message 4758
Performance test message 4759
Performance test message 4760
Performance test message 4761
Performance test message 4762
Performance test message 4763
Performance test message 4764
Performance test message 4765
Performance test message 4766
Performance test message 4767
Performance test message 4768
Performance test message 4769
Performance test message 4770
Performance test message 4771
Performance test message 4772
Performance test message 4773
Performance test message 4774
Performance test message 4775
Performance test message 4776
Performance test message 4777
Performance test message 4778
Performance test message 4779
Performance test message 4780
Performance test message 4781
Performance test message 4782
Performance test message 4783
Performance test message 4784
Performance test message 4785
Performance test message 4786
Performance test message 4787
Performance test message 4788
Performance test message 4789
Performance test message 4790
Performance test message 4791
Performance test message 4792
Performance test message 4793
Performance test message 4794
Performance test message 4795
Performance test message 4796
Performance test message 4797
Performance test message 4798
Performance test message 4799
Performance test message 4800
Performance test message 4801
Performance test message 4802
Performance test message 4803
Performance test message 4804
Performance test message 4805
Performance test message 4806
Performance test message 4807
Performance test message 4808
Performance test message 4809
Performance test message 4810
Performance test message 4811
Performance test message 4812
Performance test message 4813
Performance test message 4814
Performance test message 4815
Performance test message 4816
Performance test message 4817
Performance test message 4818
Performance test message 4819
Performance test message 4820
Performance test message 4821
Performance test message 4822
Performance test message 4823
Performance test message 4824
Performance test message 4825
Performance test message 4826
Performance test message 4827
Performance test message 4828
Performance test message 4829
Performance test message 4830
Performance test message 4831
Performance test message 4832
Performance test message 4833
Performance test message 4834
Performance test message 4835
Performance test message 4836
Performance test message 4837
Performance test message 4838
Performance test message 4839
Performance test message 4840
Performance test message 4841
Performance test message 4842
Performance test message 4843
Performance test message 4844
Performance test message 4845
Performance test message 4846
Performance test message 4847
Performance test message 4848
Performance test message 4849
Performance test message 4850
Performance test message 4851
Performance test message 4852
Performance test message 4853
Performance test message 4854
Performance test message 4855
Performance test message 4856
Performance test message 4857
Performance test message 4858
Performance test message 4859
Performance test message 4860
Performance test message 4861
Performance test message 4862
Performance test message 4863
Performance test message 4864
Performance test message 4865
Performance test message 4866
Performance test message 4867
Performance test message 4868
Performance test message 4869
Performance test message 4870
Performance test message 4871
Performance test message 4872
Performance test message 4873
Performance test message 4874
Performance test message 4875
Performance test message 4876
Performance test message 4877
Performance test message 4878
Performance test message 4879
Performance test message 4880
Performance test message 4881
Performance test message 4882
Performance test message 4883
Performance test message 4884
Performance test message 4885
Performance test message 4886
Performance test message 4887
Performance test message 4888
Performance test message 4889
Performance test message 4890
Performance test message 4891
Performance test message 4892
Performance test message 4893
Performance test message 4894
Performance test message 4895
Performance test message 4896
Performance test message 4897
Performance test message 4898
Performance test message 4899
Performance test message 4900
Performance test message 4901
Performance test message 4902
Performance test message 4903
Performance test message 4904
Performance test message 4905
Performance test message 4906
Performance test message 4907
Performance test message 4908
Performance test message 4909
Performance test message 4910
Performance test message 4911
Performance test message 4912
Performance test message 4913
Performance test message 4914
Performance test message 4915
Performance test message 4916
Performance test message 4917
Performance test message 4918
Performance test message 4919
Performance test message 4920
Performance test message 4921
Performance test message 4922
Performance test message 4923
Performance test message 4924
Performance test message 4925
Performance test message 4926
Performance test message 4927
Performance test message 4928
Performance test message 4929
Performance test message 4930
Performance test message 4931
Performance test message 4932
Performance test message 4933
Performance test message 4934
Performance test message 4935
Performance test message 4936
Performance test message 4937
Performance test message 4938
Performance test message 4939
Performance test message 4940
Performance test message 4941
Performance test message 4942
Performance test message 4943
Performance test message 4944
Performance test message 4945
Performance test message 4946
Performance test message 4947
Performance test message 4948
Performance test message 4949
Performance test message 4950
Performance test message 4951
Performance test message 4952
Performance test message 4953
Performance test message 4954
Performance test message 4955
Performance test message 4956
Performance test message 4957
Performance test message 4958
Performance test message 4959
Performance test message 4960
Performance test message 4961
Performance test message 4962
Performance test message 4963
Performance test message 4964
Performance test message 4965
Performance test message 4966
Performance test message 4967
Performance test message 4968
Performance test message 4969
Performance test message 4970
Performance test message 4971
Performance test message 4972
Performance test message 4973
Performance test message 4974
Performance test message 4975
Performance test message 4976
Performance test message 4977
Performance test message 4978
Performance test message 4979
Performance test message 4980
Performance test message 4981
Performance test message 4982
Performance test message 4983
Performance test message 4984
Performance test message 4985
Performance test message 4986
Performance test message 4987
Performance test message 4988
Performance test message 4989
Performance test message 4990
Performance test message 4991
Performance test message 4992
Performance test message 4993
Performance test message 4994
Performance test message 4995
Performance test message 4996
Performance test message 4997
Performance test message 4998
Performance test message 4999
Performance test message 5000
Performance test message 5001
Performance test message 5002
Performance test message 5003
Performance test message 5004
Performance test message 5005
Performance test message 5006
Performance test message 5007
Performance test message 5008
Performance test message 5009
Performance test message 5010
Performance test message 5011
Performance test message 5012
Performance test message 5013
Performance test message 5014
Performance test message 5015
Performance test message 5016
Performance test message 5017
Performance test message 5018
Performance test message 5019
Performance test message 5020
Performance test message 5021
Performance test message 5022
Performance test message 5023
Performance test message 5024
Performance test message 5025
Performance test message 5026
Performance test message 5027
Performance test message 5028
Performance test message 5029
Performance test message 5030
Performance test message 5031
Performance test message 5032
Performance test message 5033
Performance test message 5034
Performance test message 5035
Performance test message 5036
Performance test message 5037
Performance test message 5038
Performance test message 5039
Performance test message 5040
Performance test message 5041
Performance test message 5042
Performance test message 5043
Performance test message 5044
Performance test message 5045
Performance test message 5046
Performance test message 5047
Performance test message 5048
Performance test message 5049
Performance test message 5050
Performance test message 5051
Performance test message 5052
Performance test message 5053
Performance test message 5054
Performance test message 5055
Performance test message 5056
Performance test message 5057
Performance test message 5058
Performance test message 5059
Performance test message 5060
Performance test message 5061
Performance test message 5062
Performance test message 5063
Performance test message 5064
Performance test message 5065
Performance test message 5066
Performance test message 5067
Performance test message 5068
Performance test message 5069
Performance test message 5070
Performance test message 5071
Performance test message 5072
Performance test message 5073
Performance test message 5074
Performance test message 5075
Performance test message 5076
Performance test message 5077
Performance test message 5078
Performance test message 5079
Performance test message 5080
Performance test message 5081
Performance test message 5082
Performance test message 5083
Performance test message 5084
Performance test message 5085
Performance test message 5086
Performance test message 5087
Performance test message 5088
Performance test message 5089
Performance test message 5090
Performance test message 5091
Performance test message 5092
Performance test message 5093
Performance test message 5094
Performance test message 5095
Performance test message 5096
Performance test message 5097
Performance test message 5098
Performance test message 5099
Performance test message 5100
Performance test message 5101
Performance test message 5102
Performance test message 5103
Performance test message 5104
Performance test message 5105
Performance test message 5106
Performance test message 5107
Performance test message 5108
Performance test message 5109
Performance test message 5110
Performance test message 5111
Performance test message 5112
Performance test message 5113
Performance test message 5114
Performance test message 5115
Performance test message 5116
Performance test message 5117
Performance test message 5118
Performance test message 5119
Performance test message 5120
Performance test message 5121
Performance test message 5122
Performance test message 5123
Performance test message 5124
Performance test message 5125
Performance test message 5126
Performance test message 5127
Performance test message 5128
Performance test message 5129
Performance test message 5130
Performance test message 5131
Performance test message 5132
Performance test message 5133
Performance test message 5134
Performance test message 5135
Performance test message 5136
Performance test message 5137
Performance test message 5138
Performance test message 5139
Performance test message 5140
Performance test message 5141
Performance test message 5142
Performance test message 5143
Performance test message 5144
Performance test message 5145
Performance test message 5146
Performance test message 5147
Performance test message 5148
Performance test message 5149
Performance test message 5150
Performance test message 5151
Performance test message 5152
Performance test message 5153
Performance test message 5154
Performance test message 5155
Performance test message 5156
Performance test message 5157
Performance test message 5158
Performance test message 5159
Performance test message 5160
Performance test message 5161
Performance test message 5162
Performance test message 5163
Performance test message 5164
Performance test message 5165
Performance test message 5166
Performance test message 5167
Performance test message 5168
Performance test message 5169
Performance test message 5170
Performance test message 5171
Performance test message 5172
Performance test message 5173
Performance test message 5174
Performance test message 5175
Performance test message 5176
Performance test message 5177
Performance test message 5178
Performance test message 5179
Performance test message 5180
Performance test message 5181
Performance test message 5182
Performance test message 5183
Performance test message 5184
Performance test message 5185
Performance test message 5186
Performance test message 5187
Performance test message 5188
Performance test message 5189
Performance test message 5190
Performance test message 5191
Performance test message 5192
Performance test message 5193
Performance test message 5194
Performance test message 5195
Performance test message 5196
Performance test message 5197
Performance test message 5198
Performance test message 5199
Performance test message 5200
Performance test message 5201
Performance test message 5202
Performance test message 5203
Performance test message 5204
Performance test message 5205
Performance test message 5206
Performance test message 5207
Performance test message 5208
Performance test message 5209
Performance test message 5210
Performance test message 5211
Performance test message 5212
Performance test message 5213
Performance test message 5214
Performance test message 5215
Performance test message 5216
Performance test message 5217
Performance test message 5218
Performance test message 5219
Performance test message 5220
Performance test message 5221
Performance test message 5222
Performance test message 5223
Performance test message 5224
Performance test message 5225
Performance test message 5226
Performance test message 5227
Performance test message 5228
Performance test message 5229
Performance test message 5230
Performance test message 5231
Performance test message 5232
Performance test message 5233
Performance test message 5234
Performance test message 5235
Performance test message 5236
Performance test message 5237
Performance test message 5238
Performance test message 5239
Performance test message 5240
Performance test message 5241
Performance test message 5242
Performance test message 5243
Performance test message 5244
Performance test message 5245
Performance test message 5246
Performance test message 5247
Performance test message 5248
Performance test message 5249
Performance test message 5250
Performance test message 5251
Performance test message 5252
Performance test message 5253
Performance test message 5254
Performance test message 5255
Performance test message 5256
Performance test message 5257
Performance test message 5258
Performance test message 5259
Performance test message 5260
Performance test message 5261
Performance test message 5262
Performance test message 5263
Performance test message 5264
Performance test message 5265
Performance test message 5266
Performance test message 5267
Performance test message 5268
Performance test message 5269
Performance test message 5270
Performance test message 5271
Performance test message 5272
Performance test message 5273
Performance test message 5274
Performance test message 5275
Performance test message 5276
Performance test message 5277
Performance test message 5278
Performance test message 5279
Performance test message 5280
Performance test message 5281
Performance test message 5282
Performance test message 5283
Performance test message 5284
Performance test message 5285
Performance test message 5286
Performance test message 5287
Performance test message 5288
Performance test message 5289
Performance test message 5290
Performance test message 5291
Performance test message 5292
Performance test message 5293
Performance test message 5294
Performance test message 5295
Performance test message 5296
Performance test message 5297
Performance test message 5298
Performance test message 5299
Performance test message 5300
Performance test message 5301
Performance test message 5302
Performance test message 5303
Performance test message 5304
Performance test message 5305
Performance test message 5306
Performance test message 5307
Performance test message 5308
Performance test message 5309
Performance test message 5310
Performance test message 5311
Performance test message 5312
Performance test message 5313
Performance test message 5314
Performance test message 5315
Performance test message 5316
Performance test message 5317
Performance test message 5318
Performance test message 5319
Performance test message 5320
Performance test message 5321
Performance test message 5322
Performance test message 5323
Performance test message 5324
Performance test message 5325
Performance test message 5326
Performance test message 5327
Performance test message 5328
Performance test message 5329
Performance test message 5330
Performance test message 5331
Performance test message 5332
Performance test message 5333
Performance test message 5334
Performance test message 5335
Performance test message 5336
Performance test message 5337
Performance test message 5338
Performance test message 5339
Performance test message 5340
Performance test message 5341
Performance test message 5342
Performance test message 5343
Performance test message 5344
Performance test message 5345
Performance test message 5346
Performance test message 5347
Performance test message 5348
Performance test message 5349
Performance test message 5350
Performance test message 5351
Performance test message 5352
Performance test message 5353
Performance test message 5354
Performance test message 5355
Performance test message 5356
Performance test message 5357
Performance test message 5358
Performance test message 5359
Performance test message 5360
Performance test message 5361
Performance test message 5362
Performance test message 5363
Performance test message 5364
Performance test message 5365
Performance test message 5366
Performance test message 5367
Performance test message 5368
Performance test message 5369
Performance test message 5370
Performance test message 5371
Performance test message 5372
Performance test message 5373
Performance test message 5374
Performance test message 5375
Performance test message 5376
Performance test message 5377
Performance test message 5378
Performance test message 5379
Performance test message 5380
Performance test message 5381
Performance test message 5382
Performance test message 5383
Performance test message 5384
Performance test message 5385
Performance test message 5386
Performance test message 5387
Performance test message 5388
Performance test message 5389
Performance test message 5390
Performance test message 5391
Performance test message 5392
Performance test message 5393
Performance test message 5394
Performance test message 5395
Performance test message 5396
Performance test message 5397
Performance test message 5398
Performance test message 5399
Performance test message 5400
Performance test message 5401
Performance test message 5402
Performance test message 5403
Performance test message 5404
Performance test message 5405
Performance test message 5406
Performance test message 5407
Performance test message 5408
Performance test message 5409
Performance test message 5410
Performance test message 5411
Performance test message 5412
Performance test message 5413
Performance test message 5414
Performance test message 5415
Performance test message 5416
Performance test message 5417
Performance test message 5418
Performance test message 5419
Performance test message 5420
Performance test message 5421
Performance test message 5422
Performance test message 5423
Performance test message 5424
Performance test message 5425
Performance test message 5426
Performance test message 5427
Performance test message 5428
Performance test message 5429
Performance test message 5430
Performance test message 5431
Performance test message 5432
Performance test message 5433
Performance test message 5434
Performance test message 5435
Performance test message 5436
Performance test message 5437
Performance test message 5438
Performance test message 5439
Performance test message 5440
Performance test message 5441
Performance test message 5442
Performance test message 5443
Performance test message 5444
Performance test message 5445
Performance test message 5446
Performance test message 5447
Performance test message 5448
Performance test message 5449
Performance test message 5450
Performance test message 5451
Performance test message 5452
Performance test message 5453
Performance test message 5454
Performance test message 5455
Performance test message 5456
Performance test message 5457
Performance test message 5458
Performance test message 5459
Performance test message 5460
Performance test message 5461
Performance test message 5462
Performance test message 5463
Performance test message 5464
Performance test message 5465
Performance test message 5466
Performance test message 5467
Performance test message 5468
Performance test message 5469
Performance test message 5470
Performance test message 5471
Performance test message 5472
Performance test message 5473
Performance test message 5474
Performance test message 5475
Performance test message 5476
Performance test message 5477
Performance test message 5478
Performance test message 5479
Performance test message 5480
Performance test message 5481
Performance test message 5482
Performance test message 5483
Performance test message 5484
Performance test message 5485
Performance test message 5486
Performance test message 5487
Performance test message 5488
Performance test message 5489
Performance test message 5490
Performance test message 5491
Performance test message 5492
Performance test message 5493
Performance test message 5494
Performance test message 5495
Performance test message 5496
Performance test message 5497
Performance test message 5498
Performance test message 5499
Performance test message 5500
Performance test message 5501
Performance test message 5502
Performance test message 5503
Performance test message 5504
Performance test message 5505
Performance test message 5506
Performance test message 5507
Performance test message 5508
Performance test message 5509
Performance test message 5510
Performance test message 5511
Performance test message 5512
Performance test message 5513
Performance test message 5514
Performance test message 5515
Performance test message 5516
Performance test message 5517
Performance test message 5518
Performance test message 5519
Performance test message 5520
Performance test message 5521
Performance test message 5522
Performance test message 5523
Performance test message 5524
Performance test message 5525
Performance test message 5526
Performance test message 5527
Performance test message 5528
Performance test message 5529
Performance test message 5530
Performance test message 5531
Performance test message 5532
Performance test message 5533
Performance test message 5534
Performance test message 5535
Performance test message 5536
Performance test message 5537
Performance test message 5538
Performance test message 5539
Performance test message 5540
Performance test message 5541
Performance test message 5542
Performance test message 5543
Performance test message 5544
Performance test message 5545
Performance test message 5546
Performance test message 5547
Performance test message 5548
Performance test message 5549
Performance test message 5550
Performance test message 5551
Performance test message 5552
Performance test message 5553
Performance test message 5554
Performance test message 5555
Performance test message 5556
Performance test message 5557
Performance test message 5558
Performance test message 5559
Performance test message 5560
Performance test message 5561
Performance test message 5562
Performance test message 5563
Performance test message 5564
Performance test message 5565
Performance test message 5566
Performance test message 5567
Performance test message 5568
Performance test message 5569
Performance test message 5570
Performance test message 5571
Performance test message 5572
Performance test message 5573
Performance test message 5574
Performance test message 5575
Performance test message 5576
Performance test message 5577
Performance test message 5578
Performance test message 5579
Performance test message 5580
Performance test message 5581
Performance test message 5582
Performance test message 5583
Performance test message 5584
Performance test message 5585
Performance test message 5586
Performance test message 5587
Performance test message 5588
Performance test message 5589
Performance test message 5590
Performance test message 5591
Performance test message 5592
Performance test message 5593
Performance test message 5594
Performance test message 5595
Performance test message 5596
Performance test message 5597
Performance test message 5598
Performance test message 5599
Performance test message 5600
Performance test message 5601
Performance test message 5602
Performance test message 5603
Performance test message 5604
Performance test message 5605
Performance test message 5606
Performance test message 5607
Performance test message 5608
Performance test message 5609
Performance test message 5610
Performance test message 5611
Performance test message 5612
Performance test message 5613
Performance test message 5614
Performance test message 5615
Performance test message 5616
Performance test message 5617
Performance test message 5618
Performance test message 5619
Performance test message 5620
Performance test message 5621
Performance test message 5622
Performance test message 5623
Performance test message 5624
Performance test message 5625
Performance test message 5626
Performance test message 5627
Performance test message 5628
Performance test message 5629
Performance test message 5630
Performance test message 5631
Performance test message 5632
Performance test message 5633
Performance test message 5634
Performance test message 5635
Performance test message 5636
Performance test message 5637
Performance test message 5638
Performance test message 5639
Performance test message 5640
Performance test message 5641
Performance test message 5642
Performance test message 5643
Performance test message 5644
Performance test message 5645
Performance test message 5646
Performance test message 5647
Performance test message 5648
Performance test message 5649
Performance test message 5650
Performance test message 5651
Performance test message 5652
Performance test message 5653
Performance test message 5654
Performance test message 5655
Performance test message 5656
Performance test message 5657
Performance test message 5658
Performance test message 5659
Performance test message 5660
Performance test message 5661
Performance test message 5662
Performance test message 5663
Performance test message 5664
Performance test message 5665
Performance test message 5666
Performance test message 5667
Performance test message 5668
Performance test message 5669
Performance test message 5670
Performance test message 5671
Performance test message 5672
Performance test message 5673
Performance test message 5674
Performance test message 5675
Performance test message 5676
Performance test message 5677
Performance test message 5678
Performance test message 5679
Performance test message 5680
Performance test message 5681
Performance test message 5682
Performance test message 5683
Performance test message 5684
Performance test message 5685
Performance test message 5686
Performance test message 5687
Performance test message 5688
Performance test message 5689
Performance test message 5690
Performance test message 5691
Performance test message 5692
Performance test message 5693
Performance test message 5694
Performance test message 5695
Performance test message 5696
Performance test message 5697
Performance test message 5698
Performance test message 5699
Performance test message 5700
Performance test message 5701
Performance test message 5702
Performance test message 5703
Performance test message 5704
Performance test message 5705
Performance test message 5706
Performance test message 5707
Performance test message 5708
Performance test message 5709
Performance test message 5710
Performance test message 5711
Performance test message 5712
Performance test message 5713
Performance test message 5714
Performance test message 5715
Performance test message 5716
Performance test message 5717
Performance test message 5718
Performance test message 5719
Performance test message 5720
Performance test message 5721
Performance test message 5722
Performance test message 5723
Performance test message 5724
Performance test message 5725
Performance test message 5726
Performance test message 5727
Performance test message 5728
Performance test message 5729
Performance test message 5730
Performance test message 5731
Performance test message 5732
Performance test message 5733
Performance test message 5734
Performance test message 5735
Performance test message 5736
Performance test message 5737
Performance test message 5738
Performance test message 5739
Performance test message 5740
Performance test message 5741
Performance test message 5742
Performance test message 5743
Performance test message 5744
Performance test message 5745
Performance test message 5746
Performance test message 5747
Performance test message 5748
Performance test message 5749
Performance test message 5750
Performance test message 5751
Performance test message 5752
Performance test message 5753
Performance test message 5754
Performance test message 5755
Performance test message 5756
Performance test message 5757
Performance test message 5758
Performance test message 5759
Performance test message 5760
Performance test message 5761
Performance test message 5762
Performance test message 5763
Performance test message 5764
Performance test message 5765
Performance test message 5766
Performance test message 5767
Performance test message 5768
Performance test message 5769
Performance test message 5770
Performance test message 5771
Performance test message 5772
Performance test message 5773
Performance test message 5774
Performance test message 5775
Performance test message 5776
Performance test message 5777
Performance test message 5778
Performance test message 5779
Performance test message 5780
Performance test message 5781
Performance test message 5782
Performance test message 5783
Performance test message 5784
Performance test message 5785
Performance test message 5786
Performance test message 5787
Performance test message 5788
Performance test message 5789
Performance test message 5790
Performance test message 5791
Performance test message 5792
Performance test message 5793
Performance test message 5794
Performance test message 5795
Performance test message 5796
Performance test message 5797
Performance test message 5798
Performance test message 5799
Performance test message 5800
Performance test message 5801
Performance test message 5802
Performance test message 5803
Performance test message 5804
Performance test message 5805
Performance test message 5806
Performance test message 5807
Performance test message 5808
Performance test message 5809
Performance test message 5810
Performance test message 5811
Performance test message 5812
Performance test message 5813
Performance test message 5814
Performance test message 5815
Performance test message 5816
Performance test message 5817
Performance test message 5818
Performance test message 5819
Performance test message 5820
Performance test message 5821
Performance test message 5822
Performance test message 5823
Performance test message 5824
Performance test message 5825
Performance test message 5826
Performance test message 5827
Performance test message 5828
Performance test message 5829
Performance test message 5830
Performance test message 5831
Performance test message 5832
Performance test message 5833
Performance test message 5834
Performance test message 5835
Performance test message 5836
Performance test message 5837
Performance test message 5838
Performance test message 5839
Performance test message 5840
Performance test message 5841
Performance test message 5842
Performance test message 5843
Performance test message 5844
Performance test message 5845
Performance test message 5846
Performance test message 5847
Performance test message 5848
Performance test message 5849
Performance test message 5850
Performance test message 5851
Performance test message 5852
Performance test message 5853
Performance test message 5854
Performance test message 5855
Performance test message 5856
Performance test message 5857
Performance test message 5858
Performance test message 5859
Performance test message 5860
Performance test message 5861
Performance test message 5862
Performance test message 5863
Performance test message 5864
Performance test message 5865
Performance test message 5866
Performance test message 5867
Performance test message 5868
Performance test message 5869
Performance test message 5870
Performance test message 5871
Performance test message 5872
Performance test message 5873
Performance test message 5874
Performance test message 5875
Performance test message 5876
Performance test message 5877
Performance test message 5878
Performance test message 5879
Performance test message 5880
Performance test message 5881
Performance test message 5882
Performance test message 5883
Performance test message 5884
Performance test message 5885
Performance test message 5886
Performance test message 5887
Performance test message 5888
Performance test message 5889
Performance test message 5890
Performance test message 5891
Performance test message 5892
Performance test message 5893
Performance test message 5894
Performance test message 5895
Performance test message 5896
Performance test message 5897
Performance test message 5898
Performance test message 5899
Performance test message 5900
Performance test message 5901
Performance test message 5902
Performance test message 5903
Performance test message 5904
Performance test message 5905
Performance test message 5906
Performance test message 5907
Performance test message 5908
Performance test message 5909
Performance test message 5910
Performance test message 5911
Performance test message 5912
Performance test message 5913
Performance test message 5914
Performance test message 5915
Performance test message 5916
Performance test message 5917
Performance test message 5918
Performance test message 5919
Performance test message 5920
Performance test message 5921
Performance test message 5922
Performance test message 5923
Performance test message 5924
Performance test message 5925
Performance test message 5926
Performance test message 5927
Performance test message 5928
Performance test message 5929
Performance test message 5930
Performance test message 5931
Performance test message 5932
Performance test message 5933
Performance test message 5934
Performance test message 5935
Performance test message 5936
Performance test message 5937
Performance test message 5938
Performance test message 5939
Performance test message 5940
Performance test message 5941
Performance test message 5942
Performance test message 5943
Performance test message 5944
Performance test message 5945
Performance test message 5946
Performance test message 5947
Performance test message 5948
Performance test message 5949
Performance test message 5950
Performance test message 5951
Performance test message 5952
Performance test message 5953
Performance test message 5954
Performance test message 5955
Performance test message 5956
Performance test message 5957
Performance test message 5958
Performance test message 5959
Performance test message 5960
Performance test message 5961
Performance test message 5962
Performance test message 5963
Performance test message 5964
Performance test message 5965
Performance test message 5966
Performance test message 5967
Performance test message 5968
Performance test message 5969
Performance test message 5970
Performance test message 5971
Performance test message 5972
Performance test message 5973
Performance test message 5974
Performance test message 5975
Performance test message 5976
Performance test message 5977
Performance test message 5978
Performance test message 5979
Performance test message 5980
Performance test message 5981
Performance test message 5982
Performance test message 5983
Performance test message 5984
Performance test message 5985
Performance test message 5986
Performance test message 5987
Performance test message 5988
Performance test message 5989
Performance test message 5990
Performance test message 5991
Performance test message 5992
Performance test message 5993
Performance test message 5994
Performance test message 5995
Performance test message 5996
Performance test message 5997
Performance test message 5998
Performance test message 5999
Performance test message 6000
Performance test message 6001
Performance test message 6002
Performance test message 6003
Performance test message 6004
Performance test message 6005
Performance test message 6006
Performance test message 6007
Performance test message 6008
Performance test message 6009
Performance test message 6010
Performance test message 6011
Performance test message 6012
Performance test message 6013
Performance test message 6014
Performance test message 6015
Performance test message 6016
Performance test message 6017
Performance test message 6018
Performance test message 6019
Performance test message 6020
Performance test message 6021
Performance test message 6022
Performance test message 6023
Performance test message 6024
Performance test message 6025
Performance test message 6026
Performance test message 6027
Performance test message 6028
Performance test message 6029
Performance test message 6030
Performance test message 6031
Performance test message 6032
Performance test message 6033
Performance test message 6034
Performance test message 6035
Performance test message 6036
Performance test message 6037
Performance test message 6038
Performance test message 6039
Performance test message 6040
Performance test message 6041
Performance test message 6042
Performance test message 6043
Performance test message 6044
Performance test message 6045
Performance test message 6046
Performance test message 6047
Performance test message 6048
Performance test message 6049
Performance test message 6050
Performance test message 6051
Performance test message 6052
Performance test message 6053
Performance test message 6054
Performance test message 6055
Performance test message 6056
Performance test message 6057
Performance test message 6058
Performance test message 6059
Performance test message 6060
Performance test message 6061
Performance test message 6062
Performance test message 6063
Performance test message 6064
Performance test message 6065
Performance test message 6066
Performance test message 6067
Performance test message 6068
Performance test message 6069
Performance test message 6070
Performance test message 6071
Performance test message 6072
Performance test message 6073
Performance test message 6074
Performance test message 6075
Performance test message 6076
Performance test message 6077
Performance test message 6078
Performance test message 6079
Performance test message 6080
Performance test message 6081
Performance test message 6082
Performance test message 6083
Performance test message 6084
Performance test message 6085
Performance test message 6086
Performance test message 6087
Performance test message 6088
Performance test message 6089
Performance test message 6090
Performance test message 6091
Performance test message 6092
Performance test message 6093
Performance test message 6094
Performance test message 6095
Performance test message 6096
Performance test message 6097
Performance test message 6098
Performance test message 6099
Performance test message 6100
Performance test message 6101
Performance test message 6102
Performance test message 6103
Performance test message 6104
Performance test message 6105
Performance test message 6106
Performance test message 6107
Performance test message 6108
Performance test message 6109
Performance test message 6110
Performance test message 6111
Performance test message 6112
Performance test message 6113
Performance test message 6114
Performance test message 6115
Performance test message 6116
Performance test message 6117
Performance test message 6118
Performance test message 6119
Performance test message 6120
Performance test message 6121
Performance test message 6122
Performance test message 6123
Performance test message 6124
Performance test message 6125
Performance test message 6126
Performance test message 6127
Performance test message 6128
Performance test message 6129
Performance test message 6130
Performance test message 6131
Performance test message 6132
Performance test message 6133
Performance test message 6134
Performance test message 6135
Performance test message 6136
Performance test message 6137
Performance test message 6138
Performance test message 6139
Performance test message 6140
Performance test message 6141
Performance test message 6142
Performance test message 6143
Performance test message 6144
Performance test message 6145
Performance test message 6146
Performance test message 6147
Performance test message 6148
Performance test message 6149
Performance test message 6150
Performance test message 6151
Performance test message 6152
Performance test message 6153
Performance test message 6154
Performance test message 6155
Performance test message 6156
Performance test message 6157
Performance test message 6158
Performance test message 6159
Performance test message 6160
Performance test message 6161
Performance test message 6162
Performance test message 6163
Performance test message 6164
Performance test message 6165
Performance test message 6166
Performance test message 6167
Performance test message 6168
Performance test message 6169
Performance test message 6170
Performance test message 6171
Performance test message 6172
Performance test message 6173
Performance test message 6174
Performance test message 6175
Performance test message 6176
Performance test message 6177
Performance test message 6178
Performance test message 6179
Performance test message 6180
Performance test message 6181
Performance test message 6182
Performance test message 6183
Performance test message 6184
Performance test message 6185
Performance test message 6186
Performance test message 6187
Performance test message 6188
Performance test message 6189
Performance test message 6190
Performance test message 6191
Performance test message 6192
Performance test message 6193
Performance test message 6194
Performance test message 6195
Performance test message 6196
Performance test message 6197
Performance test message 6198
Performance test message 6199
Performance test message 6200
Performance test message 6201
Performance test message 6202
Performance test message 6203
Performance test message 6204
Performance test message 6205
Performance test message 6206
Performance test message 6207
Performance test message 6208
Performance test message 6209
Performance test message 6210
Performance test message 6211
Performance test message 6212
Performance test message 6213
Performance test message 6214
Performance test message 6215
Performance test message 6216
Performance test message 6217
Performance test message 6218
Performance test message 6219
Performance test message 6220
Performance test message 6221
Performance test message 6222
Performance test message 6223
Performance test message 6224
Performance test message 6225
Performance test message 6226
Performance test message 6227
Performance test message 6228
Performance test message 6229
Performance test message 6230
Performance test message 6231
Performance test message 6232
Performance test message 6233
Performance test message 6234
Performance test message 6235
Performance test message 6236
Performance test message 6237
Performance test message 6238
Performance test message 6239
Performance test message 6240
Performance test message 6241
Performance test message 6242
Performance test message 6243
Performance test message 6244
Performance test message 6245
Performance test message 6246
Performance test message 6247
Performance test message 6248
Performance test message 6249
Performance test message 6250
Performance test message 6251
Performance test message 6252
Performance test message 6253
Performance test message 6254
Performance test message 6255
Performance test message 6256
Performance test message 6257
Performance test message 6258
Performance test message 6259
Performance test message 6260
Performance test message 6261
Performance test message 6262
Performance test message 6263
Performance test message 6264
Performance test message 6265
Performance test message 6266
Performance test message 6267
Performance test message 6268
Performance test message 6269
Performance test message 6270
Performance test message 6271
Performance test message 6272
Performance test message 6273
Performance test message 6274
Performance test message 6275
Performance test message 6276
Performance test message 6277
Performance test message 6278
Performance test message 6279
Performance test message 6280
Performance test message 6281
Performance test message 6282
Performance test message 6283
Performance test message 6284
Performance test message 6285
Performance test message 6286
Performance test message 6287
Performance test message 6288
Performance test message 6289
Performance test message 6290
Performance test message 6291
Performance test message 6292
Performance test message 6293
Performance test message 6294
Performance test message 6295
Performance test message 6296
Performance test message 6297
Performance test message 6298
Performance test message 6299
Performance test message 6300
Performance test message 6301
Performance test message 6302
Performance test message 6303
Performance test message 6304
Performance test message 6305
Performance test message 6306
Performance test message 6307
Performance test message 6308
Performance test message 6309
Performance test message 6310
Performance test message 6311
Performance test message 6312
Performance test message 6313
Performance test message 6314
Performance test message 6315
Performance test message 6316
Performance test message 6317
Performance test message 6318
Performance test message 6319
Performance test message 6320
Performance test message 6321
Performance test message 6322
Performance test message 6323
Performance test message 6324
Performance test message 6325
Performance test message 6326
Performance test message 6327
Performance test message 6328
Performance test message 6329
Performance test message 6330
Performance test message 6331
Performance test message 6332
Performance test message 6333
Performance test message 6334
Performance test message 6335
Performance test message 6336
Performance test message 6337
Performance test message 6338
Performance test message 6339
Performance test message 6340
Performance test message 6341
Performance test message 6342
Performance test message 6343
Performance test message 6344
Performance test message 6345
Performance test message 6346
Performance test message 6347
Performance test message 6348
Performance test message 6349
Performance test message 6350
Performance test message 6351
Performance test message 6352
Performance test message 6353
Performance test message 6354
Performance test message 6355
Performance test message 6356
Performance test message 6357
Performance test message 6358
Performance test message 6359
Performance test message 6360
Performance test message 6361
Performance test message 6362
Performance test message 6363
Performance test message 6364
Performance test message 6365
Performance test message 6366
Performance test message 6367
Performance test message 6368
Performance test message 6369
Performance test message 6370
Performance test message 6371
Performance test message 6372
Performance test message 6373
Performance test message 6374
Performance test message 6375
Performance test message 6376
Performance test message 6377
Performance test message 6378
Performance test message 6379
Performance test message 6380
Performance test message 6381
Performance test message 6382
Performance test message 6383
Performance test message 6384
Performance test message 6385
Performance test message 6386
Performance test message 6387
Performance test message 6388
Performance test message 6389
Performance test message 6390
Performance test message 6391
Performance test message 6392
Performance test message 6393
Performance test message 6394
Performance test message 6395
Performance test message 6396
Performance test message 6397
Performance test message 6398
Performance test message 6399
Performance test message 6400
Performance test message 6401
Performance test message 6402
Performance test message 6403
Performance test message 6404
Performance test message 6405
Performance test message 6406
Performance test message 6407
Performance test message 6408
Performance test message 6409
Performance test message 6410
Performance test message 6411
Performance test message 6412
Performance test message 6413
Performance test message 6414
Performance test message 6415
Performance test message 6416
Performance test message 6417
Performance test message 6418
Performance test message 6419
Performance test message 6420
Performance test message 6421
Performance test message 6422
Performance test message 6423
Performance test message 6424
Performance test message 6425
Performance test message 6426
Performance test message 6427
Performance test message 6428
Performance test message 6429
Performance test message 6430
Performance test message 6431
Performance test message 6432
Performance test message 6433
Performance test message 6434
Performance test message 6435
Performance test message 6436
Performance test message 6437
Performance test message 6438
Performance test message 6439
Performance test message 6440
Performance test message 6441
Performance test message 6442
Performance test message 6443
Performance test message 6444
Performance test message 6445
Performance test message 6446
Performance test message 6447
Performance test message 6448
Performance test message 6449
Performance test message 6450
Performance test message 6451
Performance test message 6452
Performance test message 6453
Performance test message 6454
Performance test message 6455
Performance test message 6456
Performance test message 6457
Performance test message 6458
Performance test message 6459
Performance test message 6460
Performance test message 6461
Performance test message 6462
Performance test message 6463
Performance test message 6464
Performance test message 6465
Performance test message 6466
Performance test message 6467
Performance test message 6468
Performance test message 6469
Performance test message 6470
Performance test message 6471
Performance test message 6472
Performance test message 6473
Performance test message 6474
Performance test message 6475
Performance test message 6476
Performance test message 6477
Performance test message 6478
Performance test message 6479
Performance test message 6480
Performance test message 6481
Performance test message 6482
Performance test message 6483
Performance test message 6484
Performance test message 6485
Performance test message 6486
Performance test message 6487
Performance test message 6488
Performance test message 6489
Performance test message 6490
Performance test message 6491
Performance test message 6492
Performance test message 6493
Performance test message 6494
Performance test message 6495
Performance test message 6496
Performance test message 6497
Performance test message 6498
Performance test message 6499
Performance test message 6500
Performance test message 6501
Performance test message 6502
Performance test message 6503
Performance test message 6504
Performance test message 6505
Performance test message 6506
Performance test message 6507
Performance test message 6508
Performance test message 6509
Performance test message 6510
Performance test message 6511
Performance test message 6512
Performance test message 6513
Performance test message 6514
Performance test message 6515
Performance test message 6516
Performance test message 6517
Performance test message 6518
Performance test message 6519
Performance test message 6520
Performance test message 6521
Performance test message 6522
Performance test message 6523
Performance test message 6524
Performance test message 6525
Performance test message 6526
Performance test message 6527
Performance test message 6528
Performance test message 6529
Performance test message 6530
Performance test message 6531
Performance test message 6532
Performance test message 6533
Performance test message 6534
Performance test message 6535
Performance test message 6536
Performance test message 6537
Performance test message 6538
Performance test message 6539
Performance test message 6540
Performance test message 6541
Performance test message 6542
Performance test message 6543
Performance test message 6544
Performance test message 6545
Performance test message 6546
Performance test message 6547
Performance test message 6548
Performance test message 6549
Performance test message 6550
Performance test message 6551
Performance test message 6552
Performance test message 6553
Performance test message 6554
Performance test message 6555
Performance test message 6556
Performance test message 6557
Performance test message 6558
Performance test message 6559
Performance test message 6560
Performance test message 6561
Performance test message 6562
Performance test message 6563
Performance test message 6564
Performance test message 6565
Performance test message 6566
Performance test message 6567
Performance test message 6568
Performance test message 6569
Performance test message 6570
Performance test message 6571
Performance test message 6572
Performance test message 6573
Performance test message 6574
Performance test message 6575
Performance test message 6576
Performance test message 6577
Performance test message 6578
Performance test message 6579
Performance test message 6580
Performance test message 6581
Performance test message 6582
Performance test message 6583
Performance test message 6584
Performance test message 6585
Performance test message 6586
Performance test message 6587
Performance test message 6588
Performance test message 6589
Performance test message 6590
Performance test message 6591
Performance test message 6592
Performance test message 6593
Performance test message 6594
Performance test message 6595
Performance test message 6596
Performance test message 6597
Performance test message 6598
Performance test message 6599
Performance test message 6600
Performance test message 6601
Performance test message 6602
Performance test message 6603
Performance test message 6604
Performance test message 6605
Performance test message 6606
Performance test message 6607
Performance test message 6608
Performance test message 6609
Performance test message 6610
Performance test message 6611
Performance test message 6612
Performance test message 6613
Performance test message 6614
Performance test message 6615
Performance test message 6616
Performance test message 6617
Performance test message 6618
Performance test message 6619
Performance test message 6620
Performance test message 6621
Performance test message 6622
Performance test message 6623
Performance test message 6624
Performance test message 6625
Performance test message 6626
Performance test message 6627
Performance test message 6628
Performance test message 6629
Performance test message 6630
Performance test message 6631
Performance test message 6632
Performance test message 6633
Performance test message 6634
Performance test message 6635
Performance test message 6636
Performance test message 6637
Performance test message 6638
Performance test message 6639
Performance test message 6640
Performance test message 6641
Performance test message 6642
Performance test message 6643
Performance test message 6644
Performance test message 6645
Performance test message 6646
Performance test message 6647
Performance test message 6648
Performance test message 6649
Performance test message 6650
Performance test message 6651
Performance test message 6652
Performance test message 6653
Performance test message 6654
Performance test message 6655
Performance test message 6656
Performance test message 6657
Performance test message 6658
Performance test message 6659
Performance test message 6660
Performance test message 6661
Performance test message 6662
Performance test message 6663
Performance test message 6664
Performance test message 6665
Performance test message 6666
Performance test message 6667
Performance test message 6668
Performance test message 6669
Performance test message 6670
Performance test message 6671
Performance test message 6672
Performance test message 6673
Performance test message 6674
Performance test message 6675
Performance test message 6676
Performance test message 6677
Performance test message 6678
Performance test message 6679
Performance test message 6680
Performance test message 6681
Performance test message 6682
Performance test message 6683
Performance test message 6684
Performance test message 6685
Performance test message 6686
Performance test message 6687
Performance test message 6688
Performance test message 6689
Performance test message 6690
Performance test message 6691
Performance test message 6692
Performance test message 6693
Performance test message 6694
Performance test message 6695
Performance test message 6696
Performance test message 6697
Performance test message 6698
Performance test message 6699
Performance test message 6700
Performance test message 6701
Performance test message 6702
Performance test message 6703
Performance test message 6704
Performance test message 6705
Performance test message 6706
Performance test message 6707
Performance test message 6708
Performance test message 6709
Performance test message 6710
Performance test message 6711
Performance test message 6712
Performance test message 6713
Performance test message 6714
Performance test message 6715
Performance test message 6716
Performance test message 6717
Performance test message 6718
Performance test message 6719
Performance test message 6720
Performance test message 6721
Performance test message 6722
Performance test message 6723
Performance test message 6724
Performance test message 6725
Performance test message 6726
Performance test message 6727
Performance test message 6728
Performance test message 6729
Performance test message 6730
Performance test message 6731
Performance test message 6732
Performance test message 6733
Performance test message 6734
Performance test message 6735
Performance test message 6736
Performance test message 6737
Performance test message 6738
Performance test message 6739
Performance test message 6740
Performance test message 6741
Performance test message 6742
Performance test message 6743
Performance test message 6744
Performance test message 6745
Performance test message 6746
Performance test message 6747
Performance test message 6748
Performance test message 6749
Performance test message 6750
Performance test message 6751
Performance test message 6752
Performance test message 6753
Performance test message 6754
Performance test message 6755
Performance test message 6756
Performance test message 6757
Performance test message 6758
Performance test message 6759
Performance test message 6760
Performance test message 6761
Performance test message 6762
Performance test message 6763
Performance test message 6764
Performance test message 6765
Performance test message 6766
Performance test message 6767
Performance test message 6768
Performance test message 6769
Performance test message 6770
Performance test message 6771
Performance test message 6772
Performance test message 6773
Performance test message 6774
Performance test message 6775
Performance test message 6776
Performance test message 6777
Performance test message 6778
Performance test message 6779
Performance test message 6780
Performance test message 6781
Performance test message 6782
Performance test message 6783
Performance test message 6784
Performance test message 6785
Performance test message 6786
Performance test message 6787
Performance test message 6788
Performance test message 6789
Performance test message 6790
Performance test message 6791
Performance test message 6792
Performance test message 6793
Performance test message 6794
Performance test message 6795
Performance test message 6796
Performance test message 6797
Performance test message 6798
Performance test message 6799
Performance test message 6800
Performance test message 6801
Performance test message 6802
Performance test message 6803
Performance test message 6804
Performance test message 6805
Performance test message 6806
Performance test message 6807
Performance test message 6808
Performance test message 6809
Performance test message 6810
Performance test message 6811
Performance test message 6812
Performance test message 6813
Performance test message 6814
Performance test message 6815
Performance test message 6816
Performance test message 6817
Performance test message 6818
Performance test message 6819
Performance test message 6820
Performance test message 6821
Performance test message 6822
Performance test message 6823
Performance test message 6824
Performance test message 6825
Performance test message 6826
Performance test message 6827
Performance test message 6828
Performance test message 6829
Performance test message 6830
Performance test message 6831
Performance test message 6832
Performance test message 6833
Performance test message 6834
Performance test message 6835
Performance test message 6836
Performance test message 6837
Performance test message 6838
Performance test message 6839
Performance test message 6840
Performance test message 6841
Performance test message 6842
Performance test message 6843
Performance test message 6844
Performance test message 6845
Performance test message 6846
Performance test message 6847
Performance test message 6848
Performance test message 6849
Performance test message 6850
Performance test message 6851
Performance test message 6852
Performance test message 6853
Performance test message 6854
Performance test message 6855
Performance test message 6856
Performance test message 6857
Performance test message 6858
Performance test message 6859
Performance test message 6860
Performance test message 6861
Performance test message 6862
Performance test message 6863
Performance test message 6864
Performance test message 6865
Performance test message 6866
Performance test message 6867
Performance test message 6868
Performance test message 6869
Performance test message 6870
Performance test message 6871
Performance test message 6872
Performance test message 6873
Performance test message 6874
Performance test message 6875
Performance test message 6876
Performance test message 6877
Performance test message 6878
Performance test message 6879
Performance test message 6880
Performance test message 6881
Performance test message 6882
Performance test message 6883
Performance test message 6884
Performance test message 6885
Performance test message 6886
Performance test message 6887
Performance test message 6888
Performance test message 6889
Performance test message 6890
Performance test message 6891
Performance test message 6892
Performance test message 6893
Performance test message 6894
Performance test message 6895
Performance test message 6896
Performance test message 6897
Performance test message 6898
Performance test message 6899
Performance test message 6900
Performance test message 6901
Performance test message 6902
Performance test message 6903
Performance test message 6904
Performance test message 6905
Performance test message 6906
Performance test message 6907
Performance test message 6908
Performance test message 6909
Performance test message 6910
Performance test message 6911
Performance test message 6912
Performance test message 6913
Performance test message 6914
Performance test message 6915
Performance test message 6916
Performance test message 6917
Performance test message 6918
Performance test message 6919
Performance test message 6920
Performance test message 6921
Performance test message 6922
Performance test message 6923
Performance test message 6924
Performance test message 6925
Performance test message 6926
Performance test message 6927
Performance test message 6928
Performance test message 6929
Performance test message 6930
Performance test message 6931
Performance test message 6932
Performance test message 6933
Performance test message 6934
Performance test message 6935
Performance test message 6936
Performance test message 6937
Performance test message 6938
Performance test message 6939
Performance test message 6940
Performance test message 6941
Performance test message 6942
Performance test message 6943
Performance test message 6944
Performance test message 6945
Performance test message 6946
Performance test message 6947
Performance test message 6948
Performance test message 6949
Performance test message 6950
Performance test message 6951
Performance test message 6952
Performance test message 6953
Performance test message 6954
Performance test message 6955
Performance test message 6956
Performance test message 6957
Performance test message 6958
Performance test message 6959
Performance test message 6960
Performance test message 6961
Performance test message 6962
Performance test message 6963
Performance test message 6964
Performance test message 6965
Performance test message 6966
Performance test message 6967
Performance test message 6968
Performance test message 6969
Performance test message 6970
Performance test message 6971
Performance test message 6972
Performance test message 6973
Performance test message 6974
Performance test message 6975
Performance test message 6976
Performance test message 6977
Performance test message 6978
Performance test message 6979
Performance test message 6980
Performance test message 6981
Performance test message 6982
Performance test message 6983
Performance test message 6984
Performance test message 6985
Performance test message 6986
Performance test message 6987
Performance test message 6988
Performance test message 6989
Performance test message 6990
Performance test message 6991
Performance test message 6992
Performance test message 6993
Performance test message 6994
Performance test message 6995
Performance test message 6996
Performance test message 6997
Performance test message 6998
Performance test message 6999
Performance test message 7000
Performance test message 7001
Performance test message 7002
Performance test message 7003
Performance test message 7004
Performance test message 7005
Performance test message 7006
Performance test message 7007
Performance test message 7008
Performance test message 7009
Performance test message 7010
Performance test message 7011
Performance test message 7012
Performance test message 7013
Performance test message 7014
Performance test message 7015
Performance test message 7016
Performance test message 7017
Performance test message 7018
Performance test message 7019
Performance test message 7020
Performance test message 7021
Performance test message 7022
Performance test message 7023
Performance test message 7024
Performance test message 7025
Performance test message 7026
Performance test message 7027
Performance test message 7028
Performance test message 7029
Performance test message 7030
Performance test message 7031
Performance test message 7032
Performance test message 7033
Performance test message 7034
Performance test message 7035
Performance test message 7036
Performance test message 7037
Performance test message 7038
Performance test message 7039
Performance test message 7040
Performance test message 7041
Performance test message 7042
Performance test message 7043
Performance test message 7044
Performance test message 7045
Performance test message 7046
Performance test message 7047
Performance test message 7048
Performance test message 7049
Performance test message 7050
Performance test message 7051
Performance test message 7052
Performance test message 7053
Performance test message 7054
Performance test message 7055
Performance test message 7056
Performance test message 7057
Performance test message 7058
Performance test message 7059
Performance test message 7060
Performance test message 7061
Performance test message 7062
Performance test message 7063
Performance test message 7064
Performance test message 7065
Performance test message 7066
Performance test message 7067
Performance test message 7068
Performance test message 7069
Performance test message 7070
Performance test message 7071
Performance test message 7072
Performance test message 7073
Performance test message 7074
Performance test message 7075
Performance test message 7076
Performance test message 7077
Performance test message 7078
Performance test message 7079
Performance test message 7080
Performance test message 7081
Performance test message 7082
Performance test message 7083
Performance test message 7084
Performance test message 7085
Performance test message 7086
Performance test message 7087
Performance test message 7088
Performance test message 7089
Performance test message 7090
Performance test message 7091
Performance test message 7092
Performance test message 7093
Performance test message 7094
Performance test message 7095
Performance test message 7096
Performance test message 7097
Performance test message 7098
Performance test message 7099
Performance test message 7100
Performance test message 7101
Performance test message 7102
Performance test message 7103
Performance test message 7104
Performance test message 7105
Performance test message 7106
Performance test message 7107
Performance test message 7108
Performance test message 7109
Performance test message 7110
Performance test message 7111
Performance test message 7112
Performance test message 7113
Performance test message 7114
Performance test message 7115
Performance test message 7116
Performance test message 7117
Performance test message 7118
Performance test message 7119
Performance test message 7120
Performance test message 7121
Performance test message 7122
Performance test message 7123
Performance test message 7124
Performance test message 7125
Performance test message 7126
Performance test message 7127
Performance test message 7128
Performance test message 7129
Performance test message 7130
Performance test message 7131
Performance test message 7132
Performance test message 7133
Performance test message 7134
Performance test message 7135
Performance test message 7136
Performance test message 7137
Performance test message 7138
Performance test message 7139
Performance test message 7140
Performance test message 7141
Performance test message 7142
Performance test message 7143
Performance test message 7144
Performance test message 7145
Performance test message 7146
Performance test message 7147
Performance test message 7148
Performance test message 7149
Performance test message 7150
Performance test message 7151
Performance test message 7152
Performance test message 7153
Performance test message 7154
Performance test message 7155
Performance test message 7156
Performance test message 7157
Performance test message 7158
Performance test message 7159
Performance test message 7160
Performance test message 7161
Performance test message 7162
Performance test message 7163
Performance test message 7164
Performance test message 7165
Performance test message 7166
Performance test message 7167
Performance test message 7168
Performance test message 7169
Performance test message 7170
Performance test message 7171
Performance test message 7172
Performance test message 7173
Performance test message 7174
Performance test message 7175
Performance test message 7176
Performance test message 7177
Performance test message 7178
Performance test message 7179
Performance test message 7180
Performance test message 7181
Performance test message 7182
Performance test message 7183
Performance test message 7184
Performance test message 7185
Performance test message 7186
Performance test message 7187
Performance test message 7188
Performance test message 7189
Performance test message 7190
Performance test message 7191
Performance test message 7192
Performance test message 7193
Performance test message 7194
Performance test message 7195
Performance test message 7196
Performance test message 7197
Performance test message 7198
Performance test message 7199
Performance test message 7200
Performance test message 7201
Performance test message 7202
Performance test message 7203
Performance test message 7204
Performance test message 7205
Performance test message 7206
Performance test message 7207
Performance test message 7208
Performance test message 7209
Performance test message 7210
Performance test message 7211
Performance test message 7212
Performance test message 7213
Performance test message 7214
Performance test message 7215
Performance test message 7216
Performance test message 7217
Performance test message 7218
Performance test message 7219
Performance test message 7220
Performance test message 7221
Performance test message 7222
Performance test message 7223
Performance test message 7224
Performance test message 7225
Performance test message 7226
Performance test message 7227
Performance test message 7228
Performance test message 7229
Performance test message 7230
Performance test message 7231
Performance test message 7232
Performance test message 7233
Performance test message 7234
Performance test message 7235
Performance test message 7236
Performance test message 7237
Performance test message 7238
Performance test message 7239
Performance test message 7240
Performance test message 7241
Performance test message 7242
Performance test message 7243
Performance test message 7244
Performance test message 7245
Performance test message 7246
Performance test message 7247
Performance test message 7248
Performance test message 7249
Performance test message 7250
Performance test message 7251
Performance test message 7252
Performance test message 7253
Performance test message 7254
Performance test message 7255
Performance test message 7256
Performance test message 7257
Performance test message 7258
Performance test message 7259
Performance test message 7260
Performance test message 7261
Performance test message 7262
Performance test message 7263
Performance test message 7264
Performance test message 7265
Performance test message 7266
Performance test message 7267
Performance test message 7268
Performance test message 7269
Performance test message 7270
Performance test message 7271
Performance test message 7272
Performance test message 7273
Performance test message 7274
Performance test message 7275
Performance test message 7276
Performance test message 7277
Performance test message 7278
Performance test message 7279
Performance test message 7280
Performance test message 7281
Performance test message 7282
Performance test message 7283
Performance test message 7284
Performance test message 7285
Performance test message 7286
Performance test message 7287
Performance test message 7288
Performance test message 7289
Performance test message 7290
Performance test message 7291
Performance test message 7292
Performance test message 7293
Performance test message 7294
Performance test message 7295
Performance test message 7296
Performance test message 7297
Performance test message 7298
Performance test message 7299
Performance test message 7300
Performance test message 7301
Performance test message 7302
Performance test message 7303
Performance test message 7304
Performance test message 7305
Performance test message 7306
Performance test message 7307
Performance test message 7308
Performance test message 7309
Performance test message 7310
Performance test message 7311
Performance test message 7312
Performance test message 7313
Performance test message 7314
Performance test message 7315
Performance test message 7316
Performance test message 7317
Performance test message 7318
Performance test message 7319
Performance test message 7320
Performance test message 7321
Performance test message 7322
Performance test message 7323
Performance test message 7324
Performance test message 7325
Performance test message 7326
Performance test message 7327
Performance test message 7328
Performance test message 7329
Performance test message 7330
Performance test message 7331
Performance test message 7332
Performance test message 7333
Performance test message 7334
Performance test message 7335
Performance test message 7336
Performance test message 7337
Performance test message 7338
Performance test message 7339
Performance test message 7340
Performance test message 7341
Performance test message 7342
Performance test message 7343
Performance test message 7344
Performance test message 7345
Performance test message 7346
Performance test message 7347
Performance test message 7348
Performance test message 7349
Performance test message 7350
Performance test message 7351
Performance test message 7352
Performance test message 7353
Performance test message 7354
Performance test message 7355
Performance test message 7356
Performance test message 7357
Performance test message 7358
Performance test message 7359
Performance test message 7360
Performance test message 7361
Performance test message 7362
Performance test message 7363
Performance test message 7364
Performance test message 7365
Performance test message 7366
Performance test message 7367
Performance test message 7368
Performance test message 7369
Performance test message 7370
Performance test message 7371
Performance test message 7372
Performance test message 7373
Performance test message 7374
Performance test message 7375
Performance test message 7376
Performance test message 7377
Performance test message 7378
Performance test message 7379
Performance test message 7380
Performance test message 7381
Performance test message 7382
Performance test message 7383
Performance test message 7384
Performance test message 7385
Performance test message 7386
Performance test message 7387
Performance test message 7388
Performance test message 7389
Performance test message 7390
Performance test message 7391
Performance test message 7392
Performance test message 7393
Performance test message 7394
Performance test message 7395
Performance test message 7396
Performance test message 7397
Performance test message 7398
Performance test message 7399
Performance test message 7400
Performance test message 7401
Performance test message 7402
Performance test message 7403
Performance test message 7404
Performance test message 7405
Performance test message 7406
Performance test message 7407
Performance test message 7408
Performance test message 7409
Performance test message 7410
Performance test message 7411
Performance test message 7412
Performance test message 7413
Performance test message 7414
Performance test message 7415
Performance test message 7416
Performance test message 7417
Performance test message 7418
Performance test message 7419
Performance test message 7420
Performance test message 7421
Performance test message 7422
Performance test message 7423
Performance test message 7424
Performance test message 7425
Performance test message 7426
Performance test message 7427
Performance test message 7428
Performance test message 7429
Performance test message 7430
Performance test message 7431
Performance test message 7432
Performance test message 7433
Performance test message 7434
Performance test message 7435
Performance test message 7436
Performance test message 7437
Performance test message 7438
Performance test message 7439
Performance test message 7440
Performance test message 7441
Performance test message 7442
Performance test message 7443
Performance test message 7444
Performance test message 7445
Performance test message 7446
Performance test message 7447
Performance test message 7448
Performance test message 7449
Performance test message 7450
Performance test message 7451
Performance test message 7452
Performance test message 7453
Performance test message 7454
Performance test message 7455
Performance test message 7456
Performance test message 7457
Performance test message 7458
Performance test message 7459
Performance test message 7460
Performance test message 7461
Performance test message 7462
Performance test message 7463
Performance test message 7464
Performance test message 7465
Performance test message 7466
Performance test message 7467
Performance test message 7468
Performance test message 7469
Performance test message 7470
Performance test message 7471
Performance test message 7472
Performance test message 7473
Performance test message 7474
Performance test message 7475
Performance test message 7476
Performance test message 7477
Performance test message 7478
Performance test message 7479
Performance test message 7480
Performance test message 7481
Performance test message 7482
Performance test message 7483
Performance test message 7484
Performance test message 7485
Performance test message 7486
Performance test message 7487
Performance test message 7488
Performance test message 7489
Performance test message 7490
Performance test message 7491
Performance test message 7492
Performance test message 7493
Performance test message 7494
Performance test message 7495
Performance test message 7496
Performance test message 7497
Performance test message 7498
Performance test message 7499
Performance test message 7500
Performance test message 7501
Performance test message 7502
Performance test message 7503
Performance test message 7504
Performance test message 7505
Performance test message 7506
Performance test message 7507
Performance test message 7508
Performance test message 7509
Performance test message 7510
Performance test message 7511
Performance test message 7512
Performance test message 7513
Performance test message 7514
Performance test message 7515
Performance test message 7516
Performance test message 7517
Performance test message 7518
Performance test message 7519
Performance test message 7520
Performance test message 7521
Performance test message 7522
Performance test message 7523
Performance test message 7524
Performance test message 7525
Performance test message 7526
Performance test message 7527
Performance test message 7528
Performance test message 7529
Performance test message 7530
Performance test message 7531
Performance test message 7532
Performance test message 7533
Performance test message 7534
Performance test message 7535
Performance test message 7536
Performance test message 7537
Performance test message 7538
Performance test message 7539
Performance test message 7540
Performance test message 7541
Performance test message 7542
Performance test message 7543
Performance test message 7544
Performance test message 7545
Performance test message 7546
Performance test message 7547
Performance test message 7548
Performance test message 7549
Performance test message 7550
Performance test message 7551
Performance test message 7552
Performance test message 7553
Performance test message 7554
Performance test message 7555
Performance test message 7556
Performance test message 7557
Performance test message 7558
Performance test message 7559
Performance test message 7560
Performance test message 7561
Performance test message 7562
Performance test message 7563
Performance test message 7564
Performance test message 7565
Performance test message 7566
Performance test message 7567
Performance test message 7568
Performance test message 7569
Performance test message 7570
Performance test message 7571
Performance test message 7572
Performance test message 7573
Performance test message 7574
Performance test message 7575
Performance test message 7576
Performance test message 7577
Performance test message 7578
Performance test message 7579
Performance test message 7580
Performance test message 7581
Performance test message 7582
Performance test message 7583
Performance test message 7584
Performance test message 7585
Performance test message 7586
Performance test message 7587
Performance test message 7588
Performance test message 7589
Performance test message 7590
Performance test message 7591
Performance test message 7592
Performance test message 7593
Performance test message 7594
Performance test message 7595
Performance test message 7596
Performance test message 7597
Performance test message 7598
Performance test message 7599
Performance test message 7600
Performance test message 7601
Performance test message 7602
Performance test message 7603
Performance test message 7604
Performance test message 7605
Performance test message 7606
Performance test message 7607
Performance test message 7608
Performance test message 7609
Performance test message 7610
Performance test message 7611
Performance test message 7612
Performance test message 7613
Performance test message 7614
Performance test message 7615
Performance test message 7616
Performance test message 7617
Performance test message 7618
Performance test message 7619
Performance test message 7620
Performance test message 7621
Performance test message 7622
Performance test message 7623
Performance test message 7624
Performance test message 7625
Performance test message 7626
Performance test message 7627
Performance test message 7628
Performance test message 7629
Performance test message 7630
Performance test message 7631
Performance test message 7632
Performance test message 7633
Performance test message 7634
Performance test message 7635
Performance test message 7636
Performance test message 7637
Performance test message 7638
Performance test message 7639
Performance test message 7640
Performance test message 7641
Performance test message 7642
Performance test message 7643
Performance test message 7644
Performance test message 7645
Performance test message 7646
Performance test message 7647
Performance test message 7648
Performance test message 7649
Performance test message 7650
Performance test message 7651
Performance test message 7652
Performance test message 7653
Performance test message 7654
Performance test message 7655
Performance test message 7656
Performance test message 7657
Performance test message 7658
Performance test message 7659
Performance test message 7660
Performance test message 7661
Performance test message 7662
Performance test message 7663
Performance test message 7664
Performance test message 7665
Performance test message 7666
Performance test message 7667
Performance test message 7668
Performance test message 7669
Performance test message 7670
Performance test message 7671
Performance test message 7672
Performance test message 7673
Performance test message 7674
Performance test message 7675
Performance test message 7676
Performance test message 7677
Performance test message 7678
Performance test message 7679
Performance test message 7680
Performance test message 7681
Performance test message 7682
Performance test message 7683
Performance test message 7684
Performance test message 7685
Performance test message 7686
Performance test message 7687
Performance test message 7688
Performance test message 7689
Performance test message 7690
Performance test message 7691
Performance test message 7692
Performance test message 7693
Performance test message 7694
Performance test message 7695
Performance test message 7696
Performance test message 7697
Performance test message 7698
Performance test message 7699
Performance test message 7700
Performance test message 7701
Performance test message 7702
Performance test message 7703
Performance test message 7704
Performance test message 7705
Performance test message 7706
Performance test message 7707
Performance test message 7708
Performance test message 7709
Performance test message 7710
Performance test message 7711
Performance test message 7712
Performance test message 7713
Performance test message 7714
Performance test message 7715
Performance test message 7716
Performance test message 7717
Performance test message 7718
Performance test message 7719
Performance test message 7720
Performance test message 7721
Performance test message 7722
Performance test message 7723
Performance test message 7724
Performance test message 7725
Performance test message 7726
Performance test message 7727
Performance test message 7728
Performance test message 7729
Performance test message 7730
Performance test message 7731
Performance test message 7732
Performance test message 7733
Performance test message 7734
Performance test message 7735
Performance test message 7736
Performance test message 7737
Performance test message 7738
Performance test message 7739
Performance test message 7740
Performance test message 7741
Performance test message 7742
Performance test message 7743
Performance test message 7744
Performance test message 7745
Performance test message 7746
Performance test message 7747
Performance test message 7748
Performance test message 7749
Performance test message 7750
Performance test message 7751
Performance test message 7752
Performance test message 7753
Performance test message 7754
Performance test message 7755
Performance test message 7756
Performance test message 7757
Performance test message 7758
Performance test message 7759
Performance test message 7760
Performance test message 7761
Performance test message 7762
Performance test message 7763
Performance test message 7764
Performance test message 7765
Performance test message 7766
Performance test message 7767
Performance test message 7768
Performance test message 7769
Performance test message 7770
Performance test message 7771
Performance test message 7772
Performance test message 7773
Performance test message 7774
Performance test message 7775
Performance test message 7776
Performance test message 7777
Performance test message 7778
Performance test message 7779
Performance test message 7780
Performance test message 7781
Performance test message 7782
Performance test message 7783
Performance test message 7784
Performance test message 7785
Performance test message 7786
Performance test message 7787
Performance test message 7788
Performance test message 7789
Performance test message 7790
Performance test message 7791
Performance test message 7792
Performance test message 7793
Performance test message 7794
Performance test message 7795
Performance test message 7796
Performance test message 7797
Performance test message 7798
Performance test message 7799
Performance test message 7800
Performance test message 7801
Performance test message 7802
Performance test message 7803
Performance test message 7804
Performance test message 7805
Performance test message 7806
Performance test message 7807
Performance test message 7808
Performance test message 7809
Performance test message 7810
Performance test message 7811
Performance test message 7812
Performance test message 7813
Performance test message 7814
Performance test message 7815
Performance test message 7816
Performance test message 7817
Performance test message 7818
Performance test message 7819
Performance test message 7820
Performance test message 7821
Performance test message 7822
Performance test message 7823
Performance test message 7824
Performance test message 7825
Performance test message 7826
Performance test message 7827
Performance test message 7828
Performance test message 7829
Performance test message 7830
Performance test message 7831
Performance test message 7832
Performance test message 7833
Performance test message 7834
Performance test message 7835
Performance test message 7836
Performance test message 7837
Performance test message 7838
Performance test message 7839
Performance test message 7840
Performance test message 7841
Performance test message 7842
Performance test message 7843
Performance test message 7844
Performance test message 7845
Performance test message 7846
Performance test message 7847
Performance test message 7848
Performance test message 7849
Performance test message 7850
Performance test message 7851
Performance test message 7852
Performance test message 7853
Performance test message 7854
Performance test message 7855
Performance test message 7856
Performance test message 7857
Performance test message 7858
Performance test message 7859
Performance test message 7860
Performance test message 7861
Performance test message 7862
Performance test message 7863
Performance test message 7864
Performance test message 7865
Performance test message 7866
Performance test message 7867
Performance test message 7868
Performance test message 7869
Performance test message 7870
Performance test message 7871
Performance test message 7872
Performance test message 7873
Performance test message 7874
Performance test message 7875
Performance test message 7876
Performance test message 7877
Performance test message 7878
Performance test message 7879
Performance test message 7880
Performance test message 7881
Performance test message 7882
Performance test message 7883
Performance test message 7884
Performance test message 7885
Performance test message 7886
Performance test message 7887
Performance test message 7888
Performance test message 7889
Performance test message 7890
Performance test message 7891
Performance test message 7892
Performance test message 7893
Performance test message 7894
Performance test message 7895
Performance test message 7896
Performance test message 7897
Performance test message 7898
Performance test message 7899
Performance test message 7900
Performance test message 7901
Performance test message 7902
Performance test message 7903
Performance test message 7904
Performance test message 7905
Performance test message 7906
Performance test message 7907
Performance test message 7908
Performance test message 7909
Performance test message 7910
Performance test message 7911
Performance test message 7912
Performance test message 7913
Performance test message 7914
Performance test message 7915
Performance test message 7916
Performance test message 7917
Performance test message 7918
Performance test message 7919
Performance test message 7920
Performance test message 7921
Performance test message 7922
Performance test message 7923
Performance test message 7924
Performance test message 7925
Performance test message 7926
Performance test message 7927
Performance test message 7928
Performance test message 7929
Performance test message 7930
Performance test message 7931
Performance test message 7932
Performance test message 7933
Performance test message 7934
Performance test message 7935
Performance test message 7936
Performance test message 7937
Performance test message 7938
Performance test message 7939
Performance test message 7940
Performance test message 7941
Performance test message 7942
Performance test message 7943
Performance test message 7944
Performance test message 7945
Performance test message 7946
Performance test message 7947
Performance test message 7948
Performance test message 7949
Performance test message 7950
Performance test message 7951
Performance test message 7952
Performance test message 7953
Performance test message 7954
Performance test message 7955
Performance test message 7956
Performance test message 7957
Performance test message 7958
Performance test message 7959
Performance test message 7960
Performance test message 7961
Performance test message 7962
Performance test message 7963
Performance test message 7964
Performance test message 7965
Performance test message 7966
Performance test message 7967
Performance test message 7968
Performance test message 7969
Performance test message 7970
Performance test message 7971
Performance test message 7972
Performance test message 7973
Performance test message 7974
Performance test message 7975
Performance test message 7976
Performance test message 7977
Performance test message 7978
Performance test message 7979
Performance test message 7980
Performance test message 7981
Performance test message 7982
Performance test message 7983
Performance test message 7984
Performance test message 7985
Performance test message 7986
Performance test message 7987
Performance test message 7988
Performance test message 7989
Performance test message 7990
Performance test message 7991
Performance test message 7992
Performance test message 7993
Performance test message 7994
Performance test message 7995
Performance test message 7996
Performance test message 7997
Performance test message 7998
Performance test message 7999
Performance test message 8000
Performance test message 8001
Performance test message 8002
Performance test message 8003
Performance test message 8004
Performance test message 8005
Performance test message 8006
Performance test message 8007
Performance test message 8008
Performance test message 8009
Performance test message 8010
Performance test message 8011
Performance test message 8012
Performance test message 8013
Performance test message 8014
Performance test message 8015
Performance test message 8016
Performance test message 8017
Performance test message 8018
Performance test message 8019
Performance test message 8020
Performance test message 8021
Performance test message 8022
Performance test message 8023
Performance test message 8024
Performance test message 8025
Performance test message 8026
Performance test message 8027
Performance test message 8028
Performance test message 8029
Performance test message 8030
Performance test message 8031
Performance test message 8032
Performance test message 8033
Performance test message 8034
Performance test message 8035
Performance test message 8036
Performance test message 8037
Performance test message 8038
Performance test message 8039
Performance test message 8040
Performance test message 8041
Performance test message 8042
Performance test message 8043
Performance test message 8044
Performance test message 8045
Performance test message 8046
Performance test message 8047
Performance test message 8048
Performance test message 8049
Performance test message 8050
Performance test message 8051
Performance test message 8052
Performance test message 8053
Performance test message 8054
Performance test message 8055
Performance test message 8056
Performance test message 8057
Performance test message 8058
Performance test message 8059
Performance test message 8060
Performance test message 8061
Performance test message 8062
Performance test message 8063
Performance test message 8064
Performance test message 8065
Performance test message 8066
Performance test message 8067
Performance test message 8068
Performance test message 8069
Performance test message 8070
Performance test message 8071
Performance test message 8072
Performance test message 8073
Performance test message 8074
Performance test message 8075
Performance test message 8076
Performance test message 8077
Performance test message 8078
Performance test message 8079
Performance test message 8080
Performance test message 8081
Performance test message 8082
Performance test message 8083
Performance test message 8084
Performance test message 8085
Performance test message 8086
Performance test message 8087
Performance test message 8088
Performance test message 8089
Performance test message 8090
Performance test message 8091
Performance test message 8092
Performance test message 8093
Performance test message 8094
Performance test message 8095
Performance test message 8096
Performance test message 8097
Performance test message 8098
Performance test message 8099
Performance test message 8100
Performance test message 8101
Performance test message 8102
Performance test message 8103
Performance test message 8104
Performance test message 8105
Performance test message 8106
Performance test message 8107
Performance test message 8108
Performance test message 8109
Performance test message 8110
Performance test message 8111
Performance test message 8112
Performance test message 8113
Performance test message 8114
Performance test message 8115
Performance test message 8116
Performance test message 8117
Performance test message 8118
Performance test message 8119
Performance test message 8120
Performance test message 8121
Performance test message 8122
Performance test message 8123
Performance test message 8124
Performance test message 8125
Performance test message 8126
Performance test message 8127
Performance test message 8128
Performance test message 8129
Performance test message 8130
Performance test message 8131
Performance test message 8132
Performance test message 8133
Performance test message 8134
Performance test message 8135
Performance test message 8136
Performance test message 8137
Performance test message 8138
Performance test message 8139
Performance test message 8140
Performance test message 8141
Performance test message 8142
Performance test message 8143
Performance test message 8144
Performance test message 8145
Performance test message 8146
Performance test message 8147
Performance test message 8148
Performance test message 8149
Performance test message 8150
Performance test message 8151
Performance test message 8152
Performance test message 8153
Performance test message 8154
Performance test message 8155
Performance test message 8156
Performance test message 8157
Performance test message 8158
Performance test message 8159
Performance test message 8160
Performance test message 8161
Performance test message 8162
Performance test message 8163
Performance test message 8164
Performance test message 8165
Performance test message 8166
Performance test message 8167
Performance test message 8168
Performance test message 8169
Performance test message 8170
Performance test message 8171
Performance test message 8172
Performance test message 8173
Performance test message 8174
Performance test message 8175
Performance test message 8176
Performance test message 8177
Performance test message 8178
Performance test message 8179
Performance test message 8180
Performance test message 8181
Performance test message 8182
Performance test message 8183
Performance test message 8184
Performance test message 8185
Performance test message 8186
Performance test message 8187
Performance test message 8188
Performance test message 8189
Performance test message 8190
Performance test message 8191
Performance test message 8192
Performance test message 8193
Performance test message 8194
Performance test message 8195
Performance test message 8196
Performance test message 8197
Performance test message 8198
Performance test message 8199
Performance test message 8200
Performance test message 8201
Performance test message 8202
Performance test message 8203
Performance test message 8204
Performance test message 8205
Performance test message 8206
Performance test message 8207
Performance test message 8208
Performance test message 8209
Performance test message 8210
Performance test message 8211
Performance test message 8212
Performance test message 8213
Performance test message 8214
Performance test message 8215
Performance test message 8216
Performance test message 8217
Performance test message 8218
Performance test message 8219
Performance test message 8220
Performance test message 8221
Performance test message 8222
Performance test message 8223
Performance test message 8224
Performance test message 8225
Performance test message 8226
Performance test message 8227
Performance test message 8228
Performance test message 8229
Performance test message 8230
Performance test message 8231
Performance test message 8232
Performance test message 8233
Performance test message 8234
Performance test message 8235
Performance test message 8236
Performance test message 8237
Performance test message 8238
Performance test message 8239
Performance test message 8240
Performance test message 8241
Performance test message 8242
Performance test message 8243
Performance test message 8244
Performance test message 8245
Performance test message 8246
Performance test message 8247
Performance test message 8248
Performance test message 8249
Performance test message 8250
Performance test message 8251
Performance test message 8252
Performance test message 8253
Performance test message 8254
Performance test message 8255
Performance test message 8256
Performance test message 8257
Performance test message 8258
Performance test message 8259
Performance test message 8260
Performance test message 8261
Performance test message 8262
Performance test message 8263
Performance test message 8264
Performance test message 8265
Performance test message 8266
Performance test message 8267
Performance test message 8268
Performance test message 8269
Performance test message 8270
Performance test message 8271
Performance test message 8272
Performance test message 8273
Performance test message 8274
Performance test message 8275
Performance test message 8276
Performance test message 8277
Performance test message 8278
Performance test message 8279
Performance test message 8280
Performance test message 8281
Performance test message 8282
Performance test message 8283
Performance test message 8284
Performance test message 8285
Performance test message 8286
Performance test message 8287
Performance test message 8288
Performance test message 8289
Performance test message 8290
Performance test message 8291
Performance test message 8292
Performance test message 8293
Performance test message 8294
Performance test message 8295
Performance test message 8296
Performance test message 8297
Performance test message 8298
Performance test message 8299
Performance test message 8300
Performance test message 8301
Performance test message 8302
Performance test message 8303
Performance test message 8304
Performance test message 8305
Performance test message 8306
Performance test message 8307
Performance test message 8308
Performance test message 8309
Performance test message 8310
Performance test message 8311
Performance test message 8312
Performance test message 8313
Performance test message 8314
Performance test message 8315
Performance test message 8316
Performance test message 8317
Performance test message 8318
Performance test message 8319
Performance test message 8320
Performance test message 8321
Performance test message 8322
Performance test message 8323
Performance test message 8324
Performance test message 8325
Performance test message 8326
Performance test message 8327
Performance test message 8328
Performance test message 8329
Performance test message 8330
Performance test message 8331
Performance test message 8332
Performance test message 8333
Performance test message 8334
Performance test message 8335
Performance test message 8336
Performance test message 8337
Performance test message 8338
Performance test message 8339
Performance test message 8340
Performance test message 8341
Performance test message 8342
Performance test message 8343
Performance test message 8344
Performance test message 8345
Performance test message 8346
Performance test message 8347
Performance test message 8348
Performance test message 8349
Performance test message 8350
Performance test message 8351
Performance test message 8352
Performance test message 8353
Performance test message 8354
Performance test message 8355
Performance test message 8356
Performance test message 8357
Performance test message 8358
Performance test message 8359
Performance test message 8360
Performance test message 8361
Performance test message 8362
Performance test message 8363
Performance test message 8364
Performance test message 8365
Performance test message 8366
Performance test message 8367
Performance test message 8368
Performance test message 8369
Performance test message 8370
Performance test message 8371
Performance test message 8372
Performance test message 8373
Performance test message 8374
Performance test message 8375
Performance test message 8376
Performance test message 8377
Performance test message 8378
Performance test message 8379
Performance test message 8380
Performance test message 8381
Performance test message 8382
Performance test message 8383
Performance test message 8384
Performance test message 8385
Performance test message 8386
Performance test message 8387
Performance test message 8388
Performance test message 8389
Performance test message 8390
Performance test message 8391
Performance test message 8392
Performance test message 8393
Performance test message 8394
Performance test message 8395
Performance test message 8396
Performance test message 8397
Performance test message 8398
Performance test message 8399
Performance test message 8400
Performance test message 8401
Performance test message 8402
Performance test message 8403
Performance test message 8404
Performance test message 8405
Performance test message 8406
Performance test message 8407
Performance test message 8408
Performance test message 8409
Performance test message 8410
Performance test message 8411
Performance test message 8412
Performance test message 8413
Performance test message 8414
Performance test message 8415
Performance test message 8416
Performance test message 8417
Performance test message 8418
Performance test message 8419
Performance test message 8420
Performance test message 8421
Performance test message 8422
Performance test message 8423
Performance test message 8424
Performance test message 8425
Performance test message 8426
Performance test message 8427
Performance test message 8428
Performance test message 8429
Performance test message 8430
Performance test message 8431
Performance test message 8432
Performance test message 8433
Performance test message 8434
Performance test message 8435
Performance test message 8436
Performance test message 8437
Performance test message 8438
Performance test message 8439
Performance test message 8440
Performance test message 8441
Performance test message 8442
Performance test message 8443
Performance test message 8444
Performance test message 8445
Performance test message 8446
Performance test message 8447
Performance test message 8448
Performance test message 8449
Performance test message 8450
Performance test message 8451
Performance test message 8452
Performance test message 8453
Performance test message 8454
Performance test message 8455
Performance test message 8456
Performance test message 8457
Performance test message 8458
Performance test message 8459
Performance test message 8460
Performance test message 8461
Performance test message 8462
Performance test message 8463
Performance test message 8464
Performance test message 8465
Performance test message 8466
Performance test message 8467
Performance test message 8468
Performance test message 8469
Performance test message 8470
Performance test message 8471
Performance test message 8472
Performance test message 8473
Performance test message 8474
Performance test message 8475
Performance test message 8476
Performance test message 8477
Performance test message 8478
Performance test message 8479
Performance test message 8480
Performance test message 8481
Performance test message 8482
Performance test message 8483
Performance test message 8484
Performance test message 8485
Performance test message 8486
Performance test message 8487
Performance test message 8488
Performance test message 8489
Performance test message 8490
Performance test message 8491
Performance test message 8492
Performance test message 8493
Performance test message 8494
Performance test message 8495
Performance test message 8496
Performance test message 8497
Performance test message 8498
Performance test message 8499
Performance test message 8500
Performance test message 8501
Performance test message 8502
Performance test message 8503
Performance test message 8504
Performance test message 8505
Performance test message 8506
Performance test message 8507
Performance test message 8508
Performance test message 8509
Performance test message 8510
Performance test message 8511
Performance test message 8512
Performance test message 8513
Performance test message 8514
Performance test message 8515
Performance test message 8516
Performance test message 8517
Performance test message 8518
Performance test message 8519
Performance test message 8520
Performance test message 8521
Performance test message 8522
Performance test message 8523
Performance test message 8524
Performance test message 8525
Performance test message 8526
Performance test message 8527
Performance test message 8528
Performance test message 8529
Performance test message 8530
Performance test message 8531
Performance test message 8532
Performance test message 8533
Performance test message 8534
Performance test message 8535
Performance test message 8536
Performance test message 8537
Performance test message 8538
Performance test message 8539
Performance test message 8540
Performance test message 8541
Performance test message 8542
Performance test message 8543
Performance test message 8544
Performance test message 8545
Performance test message 8546
Performance test message 8547
Performance test message 8548
Performance test message 8549
Performance test message 8550
Performance test message 8551
Performance test message 8552
Performance test message 8553
Performance test message 8554
Performance test message 8555
Performance test message 8556
Performance test message 8557
Performance test message 8558
Performance test message 8559
Performance test message 8560
Performance test message 8561
Performance test message 8562
Performance test message 8563
Performance test message 8564
Performance test message 8565
Performance test message 8566
Performance test message 8567
Performance test message 8568
Performance test message 8569
Performance test message 8570
Performance test message 8571
Performance test message 8572
Performance test message 8573
Performance test message 8574
Performance test message 8575
Performance test message 8576
Performance test message 8577
Performance test message 8578
Performance test message 8579
Performance test message 8580
Performance test message 8581
Performance test message 8582
Performance test message 8583
Performance test message 8584
Performance test message 8585
Performance test message 8586
Performance test message 8587
Performance test message 8588
Performance test message 8589
Performance test message 8590
Performance test message 8591
Performance test message 8592
Performance test message 8593
Performance test message 8594
Performance test message 8595
Performance test message 8596
Performance test message 8597
Performance test message 8598
Performance test message 8599
Performance test message 8600
Performance test message 8601
Performance test message 8602
Performance test message 8603
Performance test message 8604
Performance test message 8605
Performance test message 8606
Performance test message 8607
Performance test message 8608
Performance test message 8609
Performance test message 8610
Performance test message 8611
Performance test message 8612
Performance test message 8613
Performance test message 8614
Performance test message 8615
Performance test message 8616
Performance test message 8617
Performance test message 8618
Performance test message 8619
Performance test message 8620
Performance test message 8621
Performance test message 8622
Performance test message 8623
Performance test message 8624
Performance test message 8625
Performance test message 8626
Performance test message 8627
Performance test message 8628
Performance test message 8629
Performance test message 8630
Performance test message 8631
Performance test message 8632
Performance test message 8633
Performance test message 8634
Performance test message 8635
Performance test message 8636
Performance test message 8637
Performance test message 8638
Performance test message 8639
Performance test message 8640
Performance test message 8641
Performance test message 8642
Performance test message 8643
Performance test message 8644
Performance test message 8645
Performance test message 8646
Performance test message 8647
Performance test message 8648
Performance test message 8649
Performance test message 8650
Performance test message 8651
Performance test message 8652
Performance test message 8653
Performance test message 8654
Performance test message 8655
Performance test message 8656
Performance test message 8657
Performance test message 8658
Performance test message 8659
Performance test message 8660
Performance test message 8661
Performance test message 8662
Performance test message 8663
Performance test message 8664
Performance test message 8665
Performance test message 8666
Performance test message 8667
Performance test message 8668
Performance test message 8669
Performance test message 8670
Performance test message 8671
Performance test message 8672
Performance test message 8673
Performance test message 8674
Performance test message 8675
Performance test message 8676
Performance test message 8677
Performance test message 8678
Performance test message 8679
Performance test message 8680
Performance test message 8681
Performance test message 8682
Performance test message 8683
Performance test message 8684
Performance test message 8685
Performance test message 8686
Performance test message 8687
Performance test message 8688
Performance test message 8689
Performance test message 8690
Performance test message 8691
Performance test message 8692
Performance test message 8693
Performance test message 8694
Performance test message 8695
Performance test message 8696
Performance test message 8697
Performance test message 8698
Performance test message 8699
Performance test message 8700
Performance test message 8701
Performance test message 8702
Performance test message 8703
Performance test message 8704
Performance test message 8705
Performance test message 8706
Performance test message 8707
Performance test message 8708
Performance test message 8709
Performance test message 8710
Performance test message 8711
Performance test message 8712
Performance test message 8713
Performance test message 8714
Performance test message 8715
Performance test message 8716
Performance test message 8717
Performance test message 8718
Performance test message 8719
Performance test message 8720
Performance test message 8721
Performance test message 8722
Performance test message 8723
Performance test message 8724
Performance test message 8725
Performance test message 8726
Performance test message 8727
Performance test message 8728
Performance test message 8729
Performance test message 8730
Performance test message 8731
Performance test message 8732
Performance test message 8733
Performance test message 8734
Performance test message 8735
Performance test message 8736
Performance test message 8737
Performance test message 8738
Performance test message 8739
Performance test message 8740
Performance test message 8741
Performance test message 8742
Performance test message 8743
Performance test message 8744
Performance test message 8745
Performance test message 8746
Performance test message 8747
Performance test message 8748
Performance test message 8749
Performance test message 8750
Performance test message 8751
Performance test message 8752
Performance test message 8753
Performance test message 8754
Performance test message 8755
Performance test message 8756
Performance test message 8757
Performance test message 8758
Performance test message 8759
Performance test message 8760
Performance test message 8761
Performance test message 8762
Performance test message 8763
Performance test message 8764
Performance test message 8765
Performance test message 8766
Performance test message 8767
Performance test message 8768
Performance test message 8769
Performance test message 8770
Performance test message 8771
Performance test message 8772
Performance test message 8773
Performance test message 8774
Performance test message 8775
Performance test message 8776
Performance test message 8777
Performance test message 8778
Performance test message 8779
Performance test message 8780
Performance test message 8781
Performance test message 8782
Performance test message 8783
Performance test message 8784
Performance test message 8785
Performance test message 8786
Performance test message 8787
Performance test message 8788
Performance test message 8789
Performance test message 8790
Performance test message 8791
Performance test message 8792
Performance test message 8793
Performance test message 8794
Performance test message 8795
Performance test message 8796
Performance test message 8797
Performance test message 8798
Performance test message 8799
Performance test message 8800
Performance test message 8801
Performance test message 8802
Performance test message 8803
Performance test message 8804
Performance test message 8805
Performance test message 8806
Performance test message 8807
Performance test message 8808
Performance test message 8809
Performance test message 8810
Performance test message 8811
Performance test message 8812
Performance test message 8813
Performance test message 8814
Performance test message 8815
Performance test message 8816
Performance test message 8817
Performance test message 8818
Performance test message 8819
Performance test message 8820
Performance test message 8821
Performance test message 8822
Performance test message 8823
Performance test message 8824
Performance test message 8825
Performance test message 8826
Performance test message 8827
Performance test message 8828
Performance test message 8829
Performance test message 8830
Performance test message 8831
Performance test message 8832
Performance test message 8833
Performance test message 8834
Performance test message 8835
Performance test message 8836
Performance test message 8837
Performance test message 8838
Performance test message 8839
Performance test message 8840
Performance test message 8841
Performance test message 8842
Performance test message 8843
Performance test message 8844
Performance test message 8845
Performance test message 8846
Performance test message 8847
Performance test message 8848
Performance test message 8849
Performance test message 8850
Performance test message 8851
Performance test message 8852
Performance test message 8853
Performance test message 8854
Performance test message 8855
Performance test message 8856
Performance test message 8857
Performance test message 8858
Performance test message 8859
Performance test message 8860
Performance test message 8861
Performance test message 8862
Performance test message 8863
Performance test message 8864
Performance test message 8865
Performance test message 8866
Performance test message 8867
Performance test message 8868
Performance test message 8869
Performance test message 8870
Performance test message 8871
Performance test message 8872
Performance test message 8873
Performance test message 8874
Performance test message 8875
Performance test message 8876
Performance test message 8877
Performance test message 8878
Performance test message 8879
Performance test message 8880
Performance test message 8881
Performance test message 8882
Performance test message 8883
Performance test message 8884
Performance test message 8885
Performance test message 8886
Performance test message 8887
Performance test message 8888
Performance test message 8889
Performance test message 8890
Performance test message 8891
Performance test message 8892
Performance test message 8893
Performance test message 8894
Performance test message 8895
Performance test message 8896
Performance test message 8897
Performance test message 8898
Performance test message 8899
Performance test message 8900
Performance test message 8901
Performance test message 8902
Performance test message 8903
Performance test message 8904
Performance test message 8905
Performance test message 8906
Performance test message 8907
Performance test message 8908
Performance test message 8909
Performance test message 8910
Performance test message 8911
Performance test message 8912
Performance test message 8913
Performance test message 8914
Performance test message 8915
Performance test message 8916
Performance test message 8917
Performance test message 8918
Performance test message 8919
Performance test message 8920
Performance test message 8921
Performance test message 8922
Performance test message 8923
Performance test message 8924
Performance test message 8925
Performance test message 8926
Performance test message 8927
Performance test message 8928
Performance test message 8929
Performance test message 8930
Performance test message 8931
Performance test message 8932
Performance test message 8933
Performance test message 8934
Performance test message 8935
Performance test message 8936
Performance test message 8937
Performance test message 8938
Performance test message 8939
Performance test message 8940
Performance test message 8941
Performance test message 8942
Performance test message 8943
Performance test message 8944
Performance test message 8945
Performance test message 8946
Performance test message 8947
Performance test message 8948
Performance test message 8949
Performance test message 8950
Performance test message 8951
Performance test message 8952
Performance test message 8953
Performance test message 8954
Performance test message 8955
Performance test message 8956
Performance test message 8957
Performance test message 8958
Performance test message 8959
Performance test message 8960
Performance test message 8961
Performance test message 8962
Performance test message 8963
Performance test message 8964
Performance test message 8965
Performance test message 8966
Performance test message 8967
Performance test message 8968
Performance test message 8969
Performance test message 8970
Performance test message 8971
Performance test message 8972
Performance test message 8973
Performance test message 8974
Performance test message 8975
Performance test message 8976
Performance test message 8977
Performance test message 8978
Performance test message 8979
Performance test message 8980
Performance test message 8981
Performance test message 8982
Performance test message 8983
Performance test message 8984
Performance test message 8985
Performance test message 8986
Performance test message 8987
Performance test message 8988
Performance test message 8989
Performance test message 8990
Performance test message 8991
Performance test message 8992
Performance test message 8993
Performance test message 8994
Performance test message 8995
Performance test message 8996
Performance test message 8997
Performance test message 8998
Performance test message 8999
Performance test message 9000
Performance test message 9001
Performance test message 9002
Performance test message 9003
Performance test message 9004
Performance test message 9005
Performance test message 9006
Performance test message 9007
Performance test message 9008
Performance test message 9009
Performance test message 9010
Performance test message 9011
Performance test message 9012
Performance test message 9013
Performance test message 9014
Performance test message 9015
Performance test message 9016
Performance test message 9017
Performance test message 9018
Performance test message 9019
Performance test message 9020
Performance test message 9021
Performance test message 9022
Performance test message 9023
Performance test message 9024
Performance test message 9025
Performance test message 9026
Performance test message 9027
Performance test message 9028
Performance test message 9029
Performance test message 9030
Performance test message 9031
Performance test message 9032
Performance test message 9033
Performance test message 9034
Performance test message 9035
Performance test message 9036
Performance test message 9037
Performance test message 9038
Performance test message 9039
Performance test message 9040
Performance test message 9041
Performance test message 9042
Performance test message 9043
Performance test message 9044
Performance test message 9045
Performance test message 9046
Performance test message 9047
Performance test message 9048
Performance test message 9049
Performance test message 9050
Performance test message 9051
Performance test message 9052
Performance test message 9053
Performance test message 9054
Performance test message 9055
Performance test message 9056
Performance test message 9057
Performance test message 9058
Performance test message 9059
Performance test message 9060
Performance test message 9061
Performance test message 9062
Performance test message 9063
Performance test message 9064
Performance test message 9065
Performance test message 9066
Performance test message 9067
Performance test message 9068
Performance test message 9069
Performance test message 9070
Performance test message 9071
Performance test message 9072
Performance test message 9073
Performance test message 9074
Performance test message 9075
Performance test message 9076
Performance test message 9077
Performance test message 9078
Performance test message 9079
Performance test message 9080
Performance test message 9081
Performance test message 9082
Performance test message 9083
Performance test message 9084
Performance test message 9085
Performance test message 9086
Performance test message 9087
Performance test message 9088
Performance test message 9089
Performance test message 9090
Performance test message 9091
Performance test message 9092
Performance test message 9093
Performance test message 9094
Performance test message 9095
Performance test message 9096
Performance test message 9097
Performance test message 9098
Performance test message 9099
Performance test message 9100
Performance test message 9101
Performance test message 9102
Performance test message 9103
Performance test message 9104
Performance test message 9105
Performance test message 9106
Performance test message 9107
Performance test message 9108
Performance test message 9109
Performance test message 9110
Performance test message 9111
Performance test message 9112
Performance test message 9113
Performance test message 9114
Performance test message 9115
Performance test message 9116
Performance test message 9117
Performance test message 9118
Performance test message 9119
Performance test message 9120
Performance test message 9121
Performance test message 9122
Performance test message 9123
Performance test message 9124
Performance test message 9125
Performance test message 9126
Performance test message 9127
Performance test message 9128
Performance test message 9129
Performance test message 9130
Performance test message 9131
Performance test message 9132
Performance test message 9133
Performance test message 9134
Performance test message 9135
Performance test message 9136
Performance test message 9137
Performance test message 9138
Performance test message 9139
Performance test message 9140
Performance test message 9141
Performance test message 9142
Performance test message 9143
Performance test message 9144
Performance test message 9145
Performance test message 9146
Performance test message 9147
Performance test message 9148
Performance test message 9149
Performance test message 9150
Performance test message 9151
Performance test message 9152
Performance test message 9153
Performance test message 9154
Performance test message 9155
Performance test message 9156
Performance test message 9157
Performance test message 9158
Performance test message 9159
Performance test message 9160
Performance test message 9161
Performance test message 9162
Performance test message 9163
Performance test message 9164
Performance test message 9165
Performance test message 9166
Performance test message 9167
Performance test message 9168
Performance test message 9169
Performance test message 9170
Performance test message 9171
Performance test message 9172
Performance test message 9173
Performance test message 9174
Performance test message 9175
Performance test message 9176
Performance test message 9177
Performance test message 9178
Performance test message 9179
Performance test message 9180
Performance test message 9181
Performance test message 9182
Performance test message 9183
Performance test message 9184
Performance test message 9185
Performance test message 9186
Performance test message 9187
Performance test message 9188
Performance test message 9189
Performance test message 9190
Performance test message 9191
Performance test message 9192
Performance test message 9193
Performance test message 9194
Performance test message 9195
Performance test message 9196
Performance test message 9197
Performance test message 9198
Performance test message 9199
Performance test message 9200
Performance test message 9201
Performance test message 9202
Performance test message 9203
Performance test message 9204
Performance test message 9205
Performance test message 9206
Performance test message 9207
Performance test message 9208
Performance test message 9209
Performance test message 9210
Performance test message 9211
Performance test message 9212
Performance test message 9213
Performance test message 9214
Performance test message 9215
Performance test message 9216
Performance test message 9217
Performance test message 9218
Performance test message 9219
Performance test message 9220
Performance test message 9221
Performance test message 9222
Performance test message 9223
Performance test message 9224
Performance test message 9225
Performance test message 9226
Performance test message 9227
Performance test message 9228
Performance test message 9229
Performance test message 9230
Performance test message 9231
Performance test message 9232
Performance test message 9233
Performance test message 9234
Performance test message 9235
Performance test message 9236
Performance test message 9237
Performance test message 9238
Performance test message 9239
Performance test message 9240
Performance test message 9241
Performance test message 9242
Performance test message 9243
Performance test message 9244
Performance test message 9245
Performance test message 9246
Performance test message 9247
Performance test message 9248
Performance test message 9249
Performance test message 9250
Performance test message 9251
Performance test message 9252
Performance test message 9253
Performance test message 9254
Performance test message 9255
Performance test message 9256
Performance test message 9257
Performance test message 9258
Performance test message 9259
Performance test message 9260
Performance test message 9261
Performance test message 9262
Performance test message 9263
Performance test message 9264
Performance test message 9265
Performance test message 9266
Performance test message 9267
Performance test message 9268
Performance test message 9269
Performance test message 9270
Performance test message 9271
Performance test message 9272
Performance test message 9273
Performance test message 9274
Performance test message 9275
Performance test message 9276
Performance test message 9277
Performance test message 9278
Performance test message 9279
Performance test message 9280
Performance test message 9281
Performance test message 9282
Performance test message 9283
Performance test message 9284
Performance test message 9285
Performance test message 9286
Performance test message 9287
Performance test message 9288
Performance test message 9289
Performance test message 9290
Performance test message 9291
Performance test message 9292
Performance test message 9293
Performance test message 9294
Performance test message 9295
Performance test message 9296
Performance test message 9297
Performance test message 9298
Performance test message 9299
Performance test message 9300
Performance test message 9301
Performance test message 9302
Performance test message 9303
Performance test message 9304
Performance test message 9305
Performance test message 9306
Performance test message 9307
Performance test message 9308
Performance test message 9309
Performance test message 9310
Performance test message 9311
Performance test message 9312
Performance test message 9313
Performance test message 9314
Performance test message 9315
Performance test message 9316
Performance test message 9317
Performance test message 9318
Performance test message 9319
Performance test message 9320
Performance test message 9321
Performance test message 9322
Performance test message 9323
Performance test message 9324
Performance test message 9325
Performance test message 9326
Performance test message 9327
Performance test message 9328
Performance test message 9329
Performance test message 9330
Performance test message 9331
Performance test message 9332
Performance test message 9333
Performance test message 9334
Performance test message 9335
Performance test message 9336
Performance test message 9337
Performance test message 9338
Performance test message 9339
Performance test message 9340
Performance test message 9341
Performance test message 9342
Performance test message 9343
Performance test message 9344
Performance test message 9345
Performance test message 9346
Performance test message 9347
Performance test message 9348
Performance test message 9349
Performance test message 9350
Performance test message 9351
Performance test message 9352
Performance test message 9353
Performance test message 9354
Performance test message 9355
Performance test message 9356
Performance test message 9357
Performance test message 9358
Performance test message 9359
Performance test message 9360
Performance test message 9361
Performance test message 9362
Performance test message 9363
Performance test message 9364
Performance test message 9365
Performance test message 9366
Performance test message 9367
Performance test message 9368
Performance test message 9369
Performance test message 9370
Performance test message 9371
Performance test message 9372
Performance test message 9373
Performance test message 9374
Performance test message 9375
Performance test message 9376
Performance test message 9377
Performance test message 9378
Performance test message 9379
Performance test message 9380
Performance test message 9381
Performance test message 9382
Performance test message 9383
Performance test message 9384
Performance test message 9385
Performance test message 9386
Performance test message 9387
Performance test message 9388
Performance test message 9389
Performance test message 9390
Performance test message 9391
Performance test message 9392
Performance test message 9393
Performance test message 9394
Performance test message 9395
Performance test message 9396
Performance test message 9397
Performance test message 9398
Performance test message 9399
Performance test message 9400
Performance test message 9401
Performance test message 9402
Performance test message 9403
Performance test message 9404
Performance test message 9405
Performance test message 9406
Performance test message 9407
Performance test message 9408
Performance test message 9409
Performance test message 9410
Performance test message 9411
Performance test message 9412
Performance test message 9413
Performance test message 9414
Performance test message 9415
Performance test message 9416
Performance test message 9417
Performance test message 9418
Performance test message 9419
Performance test message 9420
Performance test message 9421
Performance test message 9422
Performance test message 9423
Performance test message 9424
Performance test message 9425
Performance test message 9426
Performance test message 9427
Performance test message 9428
Performance test message 9429
Performance test message 9430
Performance test message 9431
Performance test message 9432
Performance test message 9433
Performance test message 9434
Performance test message 9435
Performance test message 9436
Performance test message 9437
Performance test message 9438
Performance test message 9439
Performance test message 9440
Performance test message 9441
Performance test message 9442
Performance test message 9443
Performance test message 9444
Performance test message 9445
Performance test message 9446
Performance test message 9447
Performance test message 9448
Performance test message 9449
Performance test message 9450
Performance test message 9451
Performance test message 9452
Performance test message 9453
Performance test message 9454
Performance test message 9455
Performance test message 9456
Performance test message 9457
Performance test message 9458
Performance test message 9459
Performance test message 9460
Performance test message 9461
Performance test message 9462
Performance test message 9463
Performance test message 9464
Performance test message 9465
Performance test message 9466
Performance test message 9467
Performance test message 9468
Performance test message 9469
Performance test message 9470
Performance test message 9471
Performance test message 9472
Performance test message 9473
Performance test message 9474
Performance test message 9475
Performance test message 9476
Performance test message 9477
Performance test message 9478
Performance test message 9479
Performance test message 9480
Performance test message 9481
Performance test message 9482
Performance test message 9483
Performance test message 9484
Performance test message 9485
Performance test message 9486
Performance test message 9487
Performance test message 9488
Performance test message 9489
Performance test message 9490
Performance test message 9491
Performance test message 9492
Performance test message 9493
Performance test message 9494
Performance test message 9495
Performance test message 9496
Performance test message 9497
Performance test message 9498
Performance test message 9499
Performance test message 9500
Performance test message 9501
Performance test message 9502
Performance test message 9503
Performance test message 9504
Performance test message 9505
Performance test message 9506
Performance test message 9507
Performance test message 9508
Performance test message 9509
Performance test message 9510
Performance test message 9511
Performance test message 9512
Performance test message 9513
Performance test message 9514
Performance test message 9515
Performance test message 9516
Performance test message 9517
Performance test message 9518
Performance test message 9519
Performance test message 9520
Performance test message 9521
Performance test message 9522
Performance test message 9523
Performance test message 9524
Performance test message 9525
Performance test message 9526
Performance test message 9527
Performance test message 9528
Performance test message 9529
Performance test message 9530
Performance test message 9531
Performance test message 9532
Performance test message 9533
Performance test message 9534
Performance test message 9535
Performance test message 9536
Performance test message 9537
Performance test message 9538
Performance test message 9539
Performance test message 9540
Performance test message 9541
Performance test message 9542
Performance test message 9543
Performance test message 9544
Performance test message 9545
Performance test message 9546
Performance test message 9547
Performance test message 9548
Performance test message 9549
Performance test message 9550
Performance test message 9551
Performance test message 9552
Performance test message 9553
Performance test message 9554
Performance test message 9555
Performance test message 9556
Performance test message 9557
Performance test message 9558
Performance test message 9559
Performance test message 9560
Performance test message 9561
Performance test message 9562
Performance test message 9563
Performance test message 9564
Performance test message 9565
Performance test message 9566
Performance test message 9567
Performance test message 9568
Performance test message 9569
Performance test message 9570
Performance test message 9571
Performance test message 9572
Performance test message 9573
Performance test message 9574
Performance test message 9575
Performance test message 9576
Performance test message 9577
Performance test message 9578
Performance test message 9579
Performance test message 9580
Performance test message 9581
Performance test message 9582
Performance test message 9583
Performance test message 9584
Performance test message 9585
Performance test message 9586
Performance test message 9587
Performance test message 9588
Performance test message 9589
Performance test message 9590
Performance test message 9591
Performance test message 9592
Performance test message 9593
Performance test message 9594
Performance test message 9595
Performance test message 9596
Performance test message 9597
Performance test message 9598
Performance test message 9599
Performance test message 9600
Performance test message 9601
Performance test message 9602
Performance test message 9603
Performance test message 9604
Performance test message 9605
Performance test message 9606
Performance test message 9607
Performance test message 9608
Performance test message 9609
Performance test message 9610
Performance test message 9611
Performance test message 9612
Performance test message 9613
Performance test message 9614
Performance test message 9615
Performance test message 9616
Performance test message 9617
Performance test message 9618
Performance test message 9619
Performance test message 9620
Performance test message 9621
Performance test message 9622
Performance test message 9623
Performance test message 9624
Performance test message 9625
Performance test message 9626
Performance test message 9627
Performance test message 9628
Performance test message 9629
Performance test message 9630
Performance test message 9631
Performance test message 9632
Performance test message 9633
Performance test message 9634
Performance test message 9635
Performance test message 9636
Performance test message 9637
Performance test message 9638
Performance test message 9639
Performance test message 9640
Performance test message 9641
Performance test message 9642
Performance test message 9643
Performance test message 9644
Performance test message 9645
Performance test message 9646
Performance test message 9647
Performance test message 9648
Performance test message 9649
Performance test message 9650
Performance test message 9651
Performance test message 9652
Performance test message 9653
Performance test message 9654
Performance test message 9655
Performance test message 9656
Performance test message 9657
Performance test message 9658
Performance test message 9659
Performance test message 9660
Performance test message 9661
Performance test message 9662
Performance test message 9663
Performance test message 9664
Performance test message 9665
Performance test message 9666
Performance test message 9667
Performance test message 9668
Performance test message 9669
Performance test message 9670
Performance test message 9671
Performance test message 9672
Performance test message 9673
Performance test message 9674
Performance test message 9675
Performance test message 9676
Performance test message 9677
Performance test message 9678
Performance test message 9679
Performance test message 9680
Performance test message 9681
Performance test message 9682
Performance test message 9683
Performance test message 9684
Performance test message 9685
Performance test message 9686
Performance test message 9687
Performance test message 9688
Performance test message 9689
Performance test message 9690
Performance test message 9691
Performance test message 9692
Performance test message 9693
Performance test message 9694
Performance test message 9695
Performance test message 9696
Performance test message 9697
Performance test message 9698
Performance test message 9699
Performance test message 9700
Performance test message 9701
Performance test message 9702
Performance test message 9703
Performance test message 9704
Performance test message 9705
Performance test message 9706
Performance test message 9707
Performance test message 9708
Performance test message 9709
Performance test message 9710
Performance test message 9711
Performance test message 9712
Performance test message 9713
Performance test message 9714
Performance test message 9715
Performance test message 9716
Performance test message 9717
Performance test message 9718
Performance test message 9719
Performance test message 9720
Performance test message 9721
Performance test message 9722
Performance test message 9723
Performance test message 9724
Performance test message 9725
Performance test message 9726
Performance test message 9727
Performance test message 9728
Performance test message 9729
Performance test message 9730
Performance test message 9731
Performance test message 9732
Performance test message 9733
Performance test message 9734
Performance test message 9735
Performance test message 9736
Performance test message 9737
Performance test message 9738
Performance test message 9739
Performance test message 9740
Performance test message 9741
Performance test message 9742
Performance test message 9743
Performance test message 9744
Performance test message 9745
Performance test message 9746
Performance test message 9747
Performance test message 9748
Performance test message 9749
Performance test message 9750
Performance test message 9751
Performance test message 9752
Performance test message 9753
Performance test message 9754
Performance test message 9755
Performance test message 9756
Performance test message 9757
Performance test message 9758
Performance test message 9759
Performance test message 9760
Performance test message 9761
Performance test message 9762
Performance test message 9763
Performance test message 9764
Performance test message 9765
Performance test message 9766
Performance test message 9767
Performance test message 9768
Performance test message 9769
Performance test message 9770
Performance test message 9771
Performance test message 9772
Performance test message 9773
Performance test message 9774
Performance test message 9775
Performance test message 9776
Performance test message 9777
Performance test message 9778
Performance test message 9779
Performance test message 9780
Performance test message 9781
Performance test message 9782
Performance test message 9783
Performance test message 9784
Performance test message 9785
Performance test message 9786
Performance test message 9787
Performance test message 9788
Performance test message 9789
Performance test message 9790
Performance test message 9791
Performance test message 9792
Performance test message 9793
Performance test message 9794
Performance test message 9795
Performance test message 9796
Performance test message 9797
Performance test message 9798
Performance test message 9799
Performance test message 9800
Performance test message 9801
Performance test message 9802
Performance test message 9803
Performance test message 9804
Performance test message 9805
Performance test message 9806
Performance test message 9807
Performance test message 9808
Performance test message 9809
Performance test message 9810
Performance test message 9811
Performance test message 9812
Performance test message 9813
Performance test message 9814
Performance test message 9815
Performance test message 9816
Performance test message 9817
Performance test message 9818
Performance test message 9819
Performance test message 9820
Performance test message 9821
Performance test message 9822
Performance test message 9823
Performance test message 9824
Performance test message 9825
Performance test message 9826
Performance test message 9827
Performance test message 9828
Performance test message 9829
Performance test message 9830
Performance test message 9831
Performance test message 9832
Performance test message 9833
Performance test message 9834
Performance test message 9835
Performance test message 9836
Performance test message 9837
Performance test message 9838
Performance test message 9839
Performance test message 9840
Performance test message 9841
Performance test message 9842
Performance test message 9843
Performance test message 9844
Performance test message 9845
Performance test message 9846
Performance test message 9847
Performance test message 9848
Performance test message 9849
Performance test message 9850
Performance test message 9851
Performance test message 9852
Performance test message 9853
Performance test message 9854
Performance test message 9855
Performance test message 9856
Performance test message 9857
Performance test message 9858
Performance test message 9859
Performance test message 9860
Performance test message 9861
Performance test message 9862
Performance test message 9863
Performance test message 9864
Performance test message 9865
Performance test message 9866
Performance test message 9867
Performance test message 9868
Performance test message 9869
Performance test message 9870
Performance test message 9871
Performance test message 9872
Performance test message 9873
Performance test message 9874
Performance test message 9875
Performance test message 9876
Performance test message 9877
Performance test message 9878
Performance test message 9879
Performance test message 9880
Performance test message 9881
Performance test message 9882
Performance test message 9883
Performance test message 9884
Performance test message 9885
Performance test message 9886
Performance test message 9887
Performance test message 9888
Performance test message 9889
Performance test message 9890
Performance test message 9891
Performance test message 9892
Performance test message 9893
Performance test message 9894
Performance test message 9895
Performance test message 9896
Performance test message 9897
Performance test message 9898
Performance test message 9899
Performance test message 9900
Performance test message 9901
Performance test message 9902
Performance test message 9903
Performance test message 9904
Performance test message 9905
Performance test message 9906
Performance test message 9907
Performance test message 9908
Performance test message 9909
Performance test message 9910
Performance test message 9911
Performance test message 9912
Performance test message 9913
Performance test message 9914
Performance test message 9915
Performance test message 9916
Performance test message 9917
Performance test message 9918
Performance test message 9919
Performance test message 9920
Performance test message 9921
Performance test message 9922
Performance test message 9923
Performance test message 9924
Performance test message 9925
Performance test message 9926
Performance test message 9927
Performance test message 9928
Performance test message 9929
Performance test message 9930
Performance test message 9931
Performance test message 9932
Performance test message 9933
Performance test message 9934
Performance test message 9935
Performance test message 9936
Performance test message 9937
Performance test message 9938
Performance test message 9939
Performance test message 9940
Performance test message 9941
Performance test message 9942
Performance test message 9943
Performance test message 9944
Performance test message 9945
Performance test message 9946
Performance test message 9947
Performance test message 9948
Performance test message 9949
Performance test message 9950
Performance test message 9951
Performance test message 9952
Performance test message 9953
Performance test message 9954
Performance test message 9955
Performance test message 9956
Performance test message 9957
Performance test message 9958
Performance test message 9959
Performance test message 9960
Performance test message 9961
Performance test message 9962
Performance test message 9963
Performance test message 9964
Performance test message 9965
Performance test message 9966
Performance test message 9967
Performance test message 9968
Performance test message 9969
Performance test message 9970
Performance test message 9971
Performance test message 9972
Performance test message 9973
Performance test message 9974
Performance test message 9975
Performance test message 9976
Performance test message 9977
Performance test message 9978
Performance test message 9979
Performance test message 9980
Performance test message 9981
Performance test message 9982
Performance test message 9983
Performance test message 9984
Performance test message 9985
Performance test message 9986
Performance test message 9987
Performance test message 9988
Performance test message 9989
Performance test message 9990
Performance test message 9991
Performance test message 9992
Performance test message 9993
Performance test message 9994
Performance test message 9995
Performance test message 9996
Performance test message 9997
Performance test message 9998
Performance test message 9999
Performance test message 0
Performance test message 1
Performance test message 2
Performance test message 3
Performance test message 4
Performance test message 5
Performance test message 6
Performance test message 7
Performance test message 8
Performance test message 9
Performance test message 10
Performance test message 11
Performance test message 12
Performance test message 13
Performance test message 14
Performance test message 15
Performance test message 16
Performance test message 17
Performance test message 18
Performance test message 19
Performance test message 20
Performance test message 21
Performance test message 22
Performance test message 23
Performance test message 24
Performance test message 25
Performance test message 26
Performance test message 27
Performance test message 28
Performance test message 29
Performance test message 30
Performance test message 31
Performance test message 32
Performance test message 33
Performance test message 34
Performance test message 35
Performance test message 36
Performance test message 37
Performance test message 38
Performance test message 39
Performance test message 40
Performance test message 41
Performance test message 42
Performance test message 43
Performance test message 44
Performance test message 45
Performance test message 46
Performance test message 47
Performance test message 48
Performance test message 49
Performance test message 50
Performance test message 51
Performance test message 52
Performance test message 53
Performance test message 54
Performance test message 55
Performance test message 56
Performance test message 57
Performance test message 58
Performance test message 59
Performance test message 60
Performance test message 61
Performance test message 62
Performance test message 63
Performance test message 64
Performance test message 65
Performance test message 66
Performance test message 67
Performance test message 68
Performance test message 69
Performance test message 70
Performance test message 71
Performance test message 72
Performance test message 73
Performance test message 74
Performance test message 75
Performance test message 76
Performance test message 77
Performance test message 78
Performance test message 79
Performance test message 80
Performance test message 81
Performance test message 82
Performance test message 83
Performance test message 84
Performance test message 85
Performance test message 86
Performance test message 87
Performance test message 88
Performance test message 89
Performance test message 90
Performance test message 91
Performance test message 92
Performance test message 93
Performance test message 94
Performance test message 95
Performance test message 96
Performance test message 97
Performance test message 98
Performance test message 99
Performance test message 100
Performance test message 101
Performance test message 102
Performance test message 103
Performance test message 104
Performance test message 105
Performance test message 106
Performance test message 107
Performance test message 108
Performance test message 109
Performance test message 110
Performance test message 111
Performance test message 112
Performance test message 113
Performance test message 114
Performance test message 115
Performance test message 116
Performance test message 117
Performance test message 118
Performance test message 119
Performance test message 120
Performance test message 121
Performance test message 122
Performance test message 123
Performance test message 124
Performance test message 125
Performance test message 126
Performance test message 127
Performance test message 128
Performance test message 129
Performance test message 130
Performance test message 131
Performance test message 132
Performance test message 133
Performance test message 134
Performance test message 135
Performance test message 136
Performance test message 137
Performance test message 138
Performance test message 139
Performance test message 140
Performance test message 141
Performance test message 142
Performance test message 143
Performance test message 144
Performance test message 145
Performance test message 146
Performance test message 147
Performance test message 148
Performance test message 149
Performance test message 150
Performance test message 151
Performance test message 152
Performance test message 153
Performance test message 154
Performance test message 155
Performance test message 156
Performance test message 157
Performance test message 158
Performance test message 159
Performance test message 160
Performance test message 161
Performance test message 162
Performance test message 163
Performance test message 164
Performance test message 165
Performance test message 166
Performance test message 167
Performance test message 168
Performance test message 169
Performance test message 170
Performance test message 171
Performance test message 172
Performance test message 173
Performance test message 174
Performance test message 175
Performance test message 176
Performance test message 177
Performance test message 178
Performance test message 179
Performance test message 180
Performance test message 181
Performance test message 182
Performance test message 183
Performance test message 184
Performance test message 185
Performance test message 186
Performance test message 187
Performance test message 188
Performance test message 189
Performance test message 190
Performance test message 191
Performance test message 192
Performance test message 193
Performance test message 194
Performance test message 195
Performance test message 196
Performance test message 197
Performance test message 198
Performance test message 199
Performance test message 200
Performance test message 201
Performance test message 202
Performance test message 203
Performance test message 204
Performance test message 205
Performance test message 206
Performance test message 207
Performance test message 208
Performance test message 209
Performance test message 210
Performance test message 211
Performance test message 212
Performance test message 213
Performance test message 214
Performance test message 215
Performance test message 216
Performance test message 217
Performance test message 218
Performance test message 219
Performance test message 220
Performance test message 221
Performance test message 222
Performance test message 223
Performance test message 224
Performance test message 225
Performance test message 226
Performance test message 227
Performance test message 228
Performance test message 229
Performance test message 230
Performance test message 231
Performance test message 232
Performance test message 233
Performance test message 234
Performance test message 235
Performance test message 236
Performance test message 237
Performance test message 238
Performance test message 239
Performance test message 240
Performance test message 241
Performance test message 242
Performance test message 243
Performance test message 244
Performance test message 245
Performance test message 246
Performance test message 247
Performance test message 248
Performance test message 249
Performance test message 250
Performance test message 251
Performance test message 252
Performance test message 253
Performance test message 254
Performance test message 255
Performance test message 256
Performance test message 257
Performance test message 258
Performance test message 259
Performance test message 260
Performance test message 261
Performance test message 262
Performance test message 263
Performance test message 264
Performance test message 265
Performance test message 266
Performance test message 267
Performance test message 268
Performance test message 269
Performance test message 270
Performance test message 271
Performance test message 272
Performance test message 273
Performance test message 274
Performance test message 275
Performance test message 276
Performance test message 277
Performance test message 278
Performance test message 279
Performance test message 280
Performance test message 281
Performance test message 282
Performance test message 283
Performance test message 284
Performance test message 285
Performance test message 286
Performance test message 287
Performance test message 288
Performance test message 289
Performance test message 290
Performance test message 291
Performance test message 292
Performance test message 293
Performance test message 294
Performance test message 295
Performance test message 296
Performance test message 297
Performance test message 298
Performance test message 299
Performance test message 300
Performance test message 301
Performance test message 302
Performance test message 303
Performance test message 304
Performance test message 305
Performance test message 306
Performance test message 307
Performance test message 308
Performance test message 309
Performance test message 310
Performance test message 311
Performance test message 312
Performance test message 313
Performance test message 314
Performance test message 315
Performance test message 316
Performance test message 317
Performance test message 318
Performance test message 319
Performance test message 320
Performance test message 321
Performance test message 322
Performance test message 323
Performance test message 324
Performance test message 325
Performance test message 326
Performance test message 327
Performance test message 328
Performance test message 329
Performance test message 330
Performance test message 331
Performance test message 332
Performance test message 333
Performance test message 334
Performance test message 335
Performance test message 336
Performance test message 337
Performance test message 338
Performance test message 339
Performance test message 340
Performance test message 341
Performance test message 342
Performance test message 343
Performance test message 344
Performance test message 345
Performance test message 346
Performance test message 347
Performance test message 348
Performance test message 349
Performance test message 350
Performance test message 351
Performance test message 352
Performance test message 353
Performance test message 354
Performance test message 355
Performance test message 356
Performance test message 357
Performance test message 358
Performance test message 359
Performance test message 360
Performance test message 361
Performance test message 362
Performance test message 363
Performance test message 364
Performance test message 365
Performance test message 366
Performance test message 367
Performance test message 368
Performance test message 369
Performance test message 370
Performance test message 371
Performance test message 372
Performance test message 373
Performance test message 374
Performance test message 375
Performance test message 376
Performance test message 377
Performance test message 378
Performance test message 379
Performance test message 380
Performance test message 381
Performance test message 382
Performance test message 383
Performance test message 384
Performance test message 385
Performance test message 386
Performance test message 387
Performance test message 388
Performance test message 389
Performance test message 390
Performance test message 391
Performance test message 392
Performance test message 393
Performance test message 394
Performance test message 395
Performance test message 396
Performance test message 397
Performance test message 398
Performance test message 399
Performance test message 400
Performance test message 401
Performance test message 402
Performance test message 403
Performance test message 404
Performance test message 405
Performance test message 406
Performance test message 407
Performance test message 408
Performance test message 409
Performance test message 410
Performance test message 411
Performance test message 412
Performance test message 413
Performance test message 414
Performance test message 415
Performance test message 416
Performance test message 417
Performance test message 418
Performance test message 419
Performance test message 420
Performance test message 421
Performance test message 422
Performance test message 423
Performance test message 424
Performance test message 425
Performance test message 426
Performance test message 427
Performance test message 428
Performance test message 429
Performance test message 430
Performance test message 431
Performance test message 432
Performance test message 433
Performance test message 434
Performance test message 435
Performance test message 436
Performance test message 437
Performance test message 438
Performance test message 439
Performance test message 440
Performance test message 441
Performance test message 442
Performance test message 443
Performance test message 444
Performance test message 445
Performance test message 446
Performance test message 447
Performance test message 448
Performance test message 449
Performance test message 450
Performance test message 451
Performance test message 452
Performance test message 453
Performance test message 454
Performance test message 455
Performance test message 456
Performance test message 457
Performance test message 458
Performance test message 459
Performance test message 460
Performance test message 461
Performance test message 462
Performance test message 463
Performance test message 464
Performance test message 465
Performance test message 466
Performance test message 467
Performance test message 468
Performance test message 469
Performance test message 470
Performance test message 471
Performance test message 472
Performance test message 473
Performance test message 474
Performance test message 475
Performance test message 476
Performance test message 477
Performance test message 478
Performance test message 479
Performance test message 480
Performance test message 481
Performance test message 482
Performance test message 483
Performance test message 484
Performance test message 485
Performance test message 486
Performance test message 487
Performance test message 488
Performance test message 489
Performance test message 490
Performance test message 491
Performance test message 492
Performance test message 493
Performance test message 494
Performance test message 495
Performance test message 496
Performance test message 497
Performance test message 498
Performance test message 499
Performance test message 500
Performance test message 501
Performance test message 502
Performance test message 503
Performance test message 504
Performance test message 505
Performance test message 506
Performance test message 507
Performance test message 508
Performance test message 509
Performance test message 510
Performance test message 511
Performance test message 512
Performance test message 513
Performance test message 514
Performance test message 515
Performance test message 516
Performance test message 517
Performance test message 518
Performance test message 519
Performance test message 520
Performance test message 521
Performance test message 522
Performance test message 523
Performance test message 524
Performance test message 525
Performance test message 526
Performance test message 527
Performance test message 528
Performance test message 529
Performance test message 530
Performance test message 531
Performance test message 532
Performance test message 533
Performance test message 534
Performance test message 535
Performance test message 536
Performance test message 537
Performance test message 538
Performance test message 539
Performance test message 540
Performance test message 541
Performance test message 542
Performance test message 543
Performance test message 544
Performance test message 545
Performance test message 546
Performance test message 547
Performance test message 548
Performance test message 549
Performance test message 550
Performance test message 551
Performance test message 552
Performance test message 553
Performance test message 554
Performance test message 555
Performance test message 556
Performance test message 557
Performance test message 558
Performance test message 559
Performance test message 560
Performance test message 561
Performance test message 562
Performance test message 563
Performance test message 564
Performance test message 565
Performance test message 566
Performance test message 567
Performance test message 568
Performance test message 569
Performance test message 570
Performance test message 571
Performance test message 572
Performance test message 573
Performance test message 574
Performance test message 575
Performance test message 576
Performance test message 577
Performance test message 578
Performance test message 579
Performance test message 580
Performance test message 581
Performance test message 582
Performance test message 583
Performance test message 584
Performance test message 585
Performance test message 586
Performance test message 587
Performance test message 588
Performance test message 589
Performance test message 590
Performance test message 591
Performance test message 592
Performance test message 593
Performance test message 594
Performance test message 595
Performance test message 596
Performance test message 597
Performance test message 598
Performance test message 599
Performance test message 600
Performance test message 601
Performance test message 602
Performance test message 603
Performance test message 604
Performance test message 605
Performance test message 606
Performance test message 607
Performance test message 608
Performance test message 609
Performance test message 610
Performance test message 611
Performance test message 612
Performance test message 613
Performance test message 614
Performance test message 615
Performance test message 616
Performance test message 617
Performance test message 618
Performance test message 619
Performance test message 620
Performance test message 621
Performance test message 622
Performance test message 623
Performance test message 624
Performance test message 625
Performance test message 626
Performance test message 627
Performance test message 628
Performance test message 629
Performance test message 630
Performance test message 631
Performance test message 632
Performance test message 633
Performance test message 634
Performance test message 635
Performance test message 636
Performance test message 637
Performance test message 638
Performance test message 639
Performance test message 640
Performance test message 641
Performance test message 642
Performance test message 643
Performance test message 644
Performance test message 645
Performance test message 646
Performance test message 647
Performance test message 648
Performance test message 649
Performance test message 650
Performance test message 651
Performance test message 652
Performance test message 653
Performance test message 654
Performance test message 655
Performance test message 656
Performance test message 657
Performance test message 658
Performance test message 659
Performance test message 660
Performance test message 661
Performance test message 662
Performance test message 663
Performance test message 664
Performance test message 665
Performance test message 666
Performance test message 667
Performance test message 668
Performance test message 669
Performance test message 670
Performance test message 671
Performance test message 672
Performance test message 673
Performance test message 674
Performance test message 675
Performance test message 676
Performance test message 677
Performance test message 678
Performance test message 679
Performance test message 680
Performance test message 681
Performance test message 682
Performance test message 683
Performance test message 684
Performance test message 685
Performance test message 686
Performance test message 687
Performance test message 688
Performance test message 689
Performance test message 690
Performance test message 691
Performance test message 692
Performance test message 693
Performance test message 694
Performance test message 695
Performance test message 696
Performance test message 697
Performance test message 698
Performance test message 699
Performance test message 700
Performance test message 701
Performance test message 702
Performance test message 703
Performance test message 704
Performance test message 705
Performance test message 706
Performance test message 707
Performance test message 708
Performance test message 709
Performance test message 710
Performance test message 711
Performance test message 712
Performance test message 713
Performance test message 714
Performance test message 715
Performance test message 716
Performance test message 717
Performance test message 718
Performance test message 719
Performance test message 720
Performance test message 721
Performance test message 722
Performance test message 723
Performance test message 724
Performance test message 725
Performance test message 726
Performance test message 727
Performance test message 728
Performance test message 729
Performance test message 730
Performance test message 731
Performance test message 732
Performance test message 733
Performance test message 734
Performance test message 735
Performance test message 736
Performance test message 737
Performance test message 738
Performance test message 739
Performance test message 740
Performance test message 741
Performance test message 742
Performance test message 743
Performance test message 744
Performance test message 745
Performance test message 746
Performance test message 747
Performance test message 748
Performance test message 749
Performance test message 750
Performance test message 751
Performance test message 752
Performance test message 753
Performance test message 754
Performance test message 755
Performance test message 756
Performance test message 757
Performance test message 758
Performance test message 759
Performance test message 760
Performance test message 761
Performance test message 762
Performance test message 763
Performance test message 764
Performance test message 765
Performance test message 766
Performance test message 767
Performance test message 768
Performance test message 769
Performance test message 770
Performance test message 771
Performance test message 772
Performance test message 773
Performance test message 774
Performance test message 775
Performance test message 776
Performance test message 777
Performance test message 778
Performance test message 779
Performance test message 780
Performance test message 781
Performance test message 782
Performance test message 783
Performance test message 784
Performance test message 785
Performance test message 786
Performance test message 787
Performance test message 788
Performance test message 789
Performance test message 790
Performance test message 791
Performance test message 792
Performance test message 793
Performance test message 794
Performance test message 795
Performance test message 796
Performance test message 797
Performance test message 798
Performance test message 799
Performance test message 800
Performance test message 801
Performance test message 802
Performance test message 803
Performance test message 804
Performance test message 805
Performance test message 806
Performance test message 807
Performance test message 808
Performance test message 809
Performance test message 810
Performance test message 811
Performance test message 812
Performance test message 813
Performance test message 814
Performance test message 815
Performance test message 816
Performance test message 817
Performance test message 818
Performance test message 819
Performance test message 820
Performance test message 821
Performance test message 822
Performance test message 823
Performance test message 824
Performance test message 825
Performance test message 826
Performance test message 827
Performance test message 828
Performance test message 829
Performance test message 830
Performance test message 831
Performance test message 832
Performance test message 833
Performance test message 834
Performance test message 835
Performance test message 836
Performance test message 837
Performance test message 838
Performance test message 839
Performance test message 840
Performance test message 841
Performance test message 842
Performance test message 843
Performance test message 844
Performance test message 845
Performance test message 846
Performance test message 847
Performance test message 848
Performance test message 849
Performance test message 850
Performance test message 851
Performance test message 852
Performance test message 853
Performance test message 854
Performance test message 855
Performance test message 856
Performance test message 857
Performance test message 858
Performance test message 859
Performance test message 860
Performance test message 861
Performance test message 862
Performance test message 863
Performance test message 864
Performance test message 865
Performance test message 866
Performance test message 867
Performance test message 868
Performance test message 869
Performance test message 870
Performance test message 871
Performance test message 872
Performance test message 873
Performance test message 874
Performance test message 875
Performance test message 876
Performance test message 877
Performance test message 878
Performance test message 879
Performance test message 880
Performance test message 881
Performance test message 882
Performance test message 883
Performance test message 884
Performance test message 885
Performance test message 886
Performance test message 887
Performance test message 888
Performance test message 889
Performance test message 890
Performance test message 891
Performance test message 892
Performance test message 893
Performance test message 894
Performance test message 895
Performance test message 896
Performance test message 897
Performance test message 898
Performance test message 899
Performance test message 900
Performance test message 901
Performance test message 902
Performance test message 903
Performance test message 904
Performance test message 905
Performance test message 906
Performance test message 907
Performance test message 908
Performance test message 909
Performance test message 910
Performance test message 911
Performance test message 912
Performance test message 913
Performance test message 914
Performance test message 915
Performance test message 916
Performance test message 917
Performance test message 918
Performance test message 919
Performance test message 920
Performance test message 921
Performance test message 922
Performance test message 923
Performance test message 924
Performance test message 925
Performance test message 926
Performance test message 927
Performance test message 928
Performance test message 929
Performance test message 930
Performance test message 931
Performance test message 932
Performance test message 933
Performance test message 934
Performance test message 935
Performance test message 936
Performance test message 937
Performance test message 938
Performance test message 939
Performance test message 940
Performance test message 941
Performance test message 942
Performance test message 943
Performance test message 944
Performance test message 945
Performance test message 946
Performance test message 947
Performance test message 948
Performance test message 949
Performance test message 950
Performance test message 951
Performance test message 952
Performance test message 953
Performance test message 954
Performance test message 955
Performance test message 956
Performance test message 957
Performance test message 958
Performance test message 959
Performance test message 960
Performance test message 961
Performance test message 962
Performance test message 963
Performance test message 964
Performance test message 965
Performance test message 966
Performance test message 967
Performance test message 968
Performance test message 969
Performance test message 970
Performance test message 971
Performance test message 972
Performance test message 973
Performance test message 974
Performance test message 975
Performance test message 976
Performance test message 977
Performance test message 978
Performance test message 979
Performance test message 980
Performance test message 981
Performance test message 982
Performance test message 983
Performance test message 984
Performance test message 985
Performance test message 986
Performance test message 987
Performance test message 988
Performance test message 989
Performance test message 990
Performance test message 991
Performance test message 992
Performance test message 993
Performance test message 994
Performance test message 995
Performance test message 996
Performance test message 997
Performance test message 998
Performance test message 999
Performance test message 1000
Performance test message 1001
Performance test message 1002
Performance test message 1003
Performance test message 1004
Performance test message 1005
Performance test message 1006
Performance test message 1007
Performance test message 1008
Performance test message 1009
Performance test message 1010
Performance test message 1011
Performance test message 1012
Performance test message 1013
Performance test message 1014
Performance test message 1015
Performance test message 1016
Performance test message 1017
Performance test message 1018
Performance test message 1019
Performance test message 1020
Performance test message 1021
Performance test message 1022
Performance test message 1023
Performance test message 1024
Performance test message 1025
Performance test message 1026
Performance test message 1027
Performance test message 1028
Performance test message 1029
Performance test message 1030
Performance test message 1031
Performance test message 1032
Performance test message 1033
Performance test message 1034
Performance test message 1035
Performance test message 1036
Performance test message 1037
Performance test message 1038
Performance test message 1039
Performance test message 1040
Performance test message 1041
Performance test message 1042
Performance test message 1043
Performance test message 1044
Performance test message 1045
Performance test message 1046
Performance test message 1047
Performance test message 1048
Performance test message 1049
Performance test message 1050
Performance test message 1051
Performance test message 1052
Performance test message 1053
Performance test message 1054
Performance test message 1055
Performance test message 1056
Performance test message 1057
Performance test message 1058
Performance test message 1059
Performance test message 1060
Performance test message 1061
Performance test message 1062
Performance test message 1063
Performance test message 1064
Performance test message 1065
Performance test message 1066
Performance test message 1067
Performance test message 1068
Performance test message 1069
Performance test message 1070
Performance test message 1071
Performance test message 1072
Performance test message 1073
Performance test message 1074
Performance test message 1075
Performance test message 1076
Performance test message 1077
Performance test message 1078
Performance test message 1079
Performance test message 1080
Performance test message 1081
Performance test message 1082
Performance test message 1083
Performance test message 1084
Performance test message 1085
Performance test message 1086
Performance test message 1087
Performance test message 1088
Performance test message 1089
Performance test message 1090
Performance test message 1091
Performance test message 1092
Performance test message 1093
Performance test message 1094
Performance test message 1095
Performance test message 1096
Performance test message 1097
Performance test message 1098
Performance test message 1099
Performance test message 1100
Performance test message 1101
Performance test message 1102
Performance test message 1103
Performance test message 1104
Performance test message 1105
Performance test message 1106
Performance test message 1107
Performance test message 1108
Performance test message 1109
Performance test message 1110
Performance test message 1111
Performance test message 1112
Performance test message 1113
Performance test message 1114
Performance test message 1115
Performance test message 1116
Performance test message 1117
Performance test message 1118
Performance test message 1119
Performance test message 1120
Performance test message 1121
Performance test message 1122
Performance test message 1123
Performance test message 1124
Performance test message 1125
Performance test message 1126
Performance test message 1127
Performance test message 1128
Performance test message 1129
Performance test message 1130
Performance test message 1131
Performance test message 1132
Performance test message 1133
Performance test message 1134
Performance test message 1135
Performance test message 1136
Performance test message 1137
Performance test message 1138
Performance test message 1139
Performance test message 1140
Performance test message 1141
Performance test message 1142
Performance test message 1143
Performance test message 1144
Performance test message 1145
Performance test message 1146
Performance test message 1147
Performance test message 1148
Performance test message 1149
Performance test message 1150
Performance test message 1151
Performance test message 1152
Performance test message 1153
Performance test message 1154
Performance test message 1155
Performance test message 1156
Performance test message 1157
Performance test message 1158
Performance test message 1159
Performance test message 1160
Performance test message 1161
Performance test message 1162
Performance test message 1163
Performance test message 1164
Performance test message 1165
Performance test message 1166
Performance test message 1167
Performance test message 1168
Performance test message 1169
Performance test message 1170
Performance test message 1171
Performance test message 1172
Performance test message 1173
Performance test message 1174
Performance test message 1175
Performance test message 1176
Performance test message 1177
Performance test message 1178
Performance test message 1179
Performance test message 1180
Performance test message 1181
Performance test message 1182
Performance test message 1183
Performance test message 1184
Performance test message 1185
Performance test message 1186
Performance test message 1187
Performance test message 1188
Performance test message 1189
Performance test message 1190
Performance test message 1191
Performance test message 1192
Performance test message 1193
Performance test message 1194
Performance test message 1195
Performance test message 1196
Performance test message 1197
Performance test message 1198
Performance test message 1199
Performance test message 1200
Performance test message 1201
Performance test message 1202
Performance test message 1203
Performance test message 1204
Performance test message 1205
Performance test message 1206
Performance test message 1207
Performance test message 1208
Performance test message 1209
Performance test message 1210
Performance test message 1211
Performance test message 1212
Performance test message 1213
Performance test message 1214
Performance test message 1215
Performance test message 1216
Performance test message 1217
Performance test message 1218
Performance test message 1219
Performance test message 1220
Performance test message 1221
Performance test message 1222
Performance test message 1223
Performance test message 1224
Performance test message 1225
Performance test message 1226
Performance test message 1227
Performance test message 1228
Performance test message 1229
Performance test message 1230
Performance test message 1231
Performance test message 1232
Performance test message 1233
Performance test message 1234
Performance test message 1235
Performance test message 1236
Performance test message 1237
Performance test message 1238
Performance test message 1239
Performance test message 1240
Performance test message 1241
Performance test message 1242
Performance test message 1243
Performance test message 1244
Performance test message 1245
Performance test message 1246
Performance test message 1247
Performance test message 1248
Performance test message 1249
Performance test message 1250
Performance test message 1251
Performance test message 1252
Performance test message 1253
Performance test message 1254
Performance test message 1255
Performance test message 1256
Performance test message 1257
Performance test message 1258
Performance test message 1259
Performance test message 1260
Performance test message 1261
Performance test message 1262
Performance test message 1263
Performance test message 1264
Performance test message 1265
Performance test message 1266
Performance test message 1267
Performance test message 1268
Performance test message 1269
Performance test message 1270
Performance test message 1271
Performance test message 1272
Performance test message 1273
Performance test message 1274
Performance test message 1275
Performance test message 1276
Performance test message 1277
Performance test message 1278
Performance test message 1279
Performance test message 1280
Performance test message 1281
Performance test message 1282
Performance test message 1283
Performance test message 1284
Performance test message 1285
Performance test message 1286
Performance test message 1287
Performance test message 1288
Performance test message 1289
Performance test message 1290
Performance test message 1291
Performance test message 1292
Performance test message 1293
Performance test message 1294
Performance test message 1295
Performance test message 1296
Performance test message 1297
Performance test message 1298
Performance test message 1299
Performance test message 1300
Performance test message 1301
Performance test message 1302
Performance test message 1303
Performance test message 1304
Performance test message 1305
Performance test message 1306
Performance test message 1307
Performance test message 1308
Performance test message 1309
Performance test message 1310
Performance test message 1311
Performance test message 1312
Performance test message 1313
Performance test message 1314
Performance test message 1315
Performance test message 1316
Performance test message 1317
Performance test message 1318
Performance test message 1319
Performance test message 1320
Performance test message 1321
Performance test message 1322
Performance test message 1323
Performance test message 1324
Performance test message 1325
Performance test message 1326
Performance test message 1327
Performance test message 1328
Performance test message 1329
Performance test message 1330
Performance test message 1331
Performance test message 1332
Performance test message 1333
Performance test message 1334
Performance test message 1335
Performance test message 1336
Performance test message 1337
Performance test message 1338
Performance test message 1339
Performance test message 1340
Performance test message 1341
Performance test message 1342
Performance test message 1343
Performance test message 1344
Performance test message 1345
Performance test message 1346
Performance test message 1347
Performance test message 1348
Performance test message 1349
Performance test message 1350
Performance test message 1351
Performance test message 1352
Performance test message 1353
Performance test message 1354
Performance test message 1355
Performance test message 1356
Performance test message 1357
Performance test message 1358
Performance test message 1359
Performance test message 1360
Performance test message 1361
Performance test message 1362
Performance test message 1363
Performance test message 1364
Performance test message 1365
Performance test message 1366
Performance test message 1367
Performance test message 1368
Performance test message 1369
Performance test message 1370
Performance test message 1371
Performance test message 1372
Performance test message 1373
Performance test message 1374
Performance test message 1375
Performance test message 1376
Performance test message 1377
Performance test message 1378
Performance test message 1379
Performance test message 1380
Performance test message 1381
Performance test message 1382
Performance test message 1383
Performance test message 1384
Performance test message 1385
Performance test message 1386
Performance test message 1387
Performance test message 1388
Performance test message 1389
Performance test message 1390
Performance test message 1391
Performance test message 1392
Performance test message 1393
Performance test message 1394
Performance test message 1395
Performance test message 1396
Performance test message 1397
Performance test message 1398
Performance test message 1399
Performance test message 1400
Performance test message 1401
Performance test message 1402
Performance test message 1403
Performance test message 1404
Performance test message 1405
Performance test message 1406
Performance test message 1407
Performance test message 1408
Performance test message 1409
Performance test message 1410
Performance test message 1411
Performance test message 1412
Performance test message 1413
Performance test message 1414
Performance test message 1415
Performance test message 1416
Performance test message 1417
Performance test message 1418
Performance test message 1419
Performance test message 1420
Performance test message 1421
Performance test message 1422
Performance test message 1423
Performance test message 1424
Performance test message 1425
Performance test message 1426
Performance test message 1427
Performance test message 1428
Performance test message 1429
Performance test message 1430
Performance test message 1431
Performance test message 1432
Performance test message 1433
Performance test message 1434
Performance test message 1435
Performance test message 1436
Performance test message 1437
Performance test message 1438
Performance test message 1439
Performance test message 1440
Performance test message 1441
Performance test message 1442
Performance test message 1443
Performance test message 1444
Performance test message 1445
Performance test message 1446
Performance test message 1447
Performance test message 1448
Performance test message 1449
Performance test message 1450
Performance test message 1451
Performance test message 1452
Performance test message 1453
Performance test message 1454
Performance test message 1455
Performance test message 1456
Performance test message 1457
Performance test message 1458
Performance test message 1459
Performance test message 1460
Performance test message 1461
Performance test message 1462
Performance test message 1463
Performance test message 1464
Performance test message 1465
Performance test message 1466
Performance test message 1467
Performance test message 1468
Performance test message 1469
Performance test message 1470
Performance test message 1471
Performance test message 1472
Performance test message 1473
Performance test message 1474
Performance test message 1475
Performance test message 1476
Performance test message 1477
Performance test message 1478
Performance test message 1479
Performance test message 1480
Performance test message 1481
Performance test message 1482
Performance test message 1483
Performance test message 1484
Performance test message 1485
Performance test message 1486
Performance test message 1487
Performance test message 1488
Performance test message 1489
Performance test message 1490
Performance test message 1491
Performance test message 1492
Performance test message 1493
Performance test message 1494
Performance test message 1495
Performance test message 1496
Performance test message 1497
Performance test message 1498
Performance test message 1499
Performance test message 1500
Performance test message 1501
Performance test message 1502
Performance test message 1503
Performance test message 1504
Performance test message 1505
Performance test message 1506
Performance test message 1507
Performance test message 1508
Performance test message 1509
Performance test message 1510
Performance test message 1511
Performance test message 1512
Performance test message 1513
Performance test message 1514
Performance test message 1515
Performance test message 1516
Performance test message 1517
Performance test message 1518
Performance test message 1519
Performance test message 1520
Performance test message 1521
Performance test message 1522
Performance test message 1523
Performance test message 1524
Performance test message 1525
Performance test message 1526
Performance test message 1527
Performance test message 1528
Performance test message 1529
Performance test message 1530
Performance test message 1531
Performance test message 1532
Performance test message 1533
Performance test message 1534
Performance test message 1535
Performance test message 1536
Performance test message 1537
Performance test message 1538
Performance test message 1539
Performance test message 1540
Performance test message 1541
Performance test message 1542
Performance test message 1543
Performance test message 1544
Performance test message 1545
Performance test message 1546
Performance test message 1547
Performance test message 1548
Performance test message 1549
Performance test message 1550
Performance test message 1551
Performance test message 1552
Performance test message 1553
Performance test message 1554
Performance test message 1555
Performance test message 1556
Performance test message 1557
Performance test message 1558
Performance test message 1559
Performance test message 1560
Performance test message 1561
Performance test message 1562
Performance test message 1563
Performance test message 1564
Performance test message 1565
Performance test message 1566
Performance test message 1567
Performance test message 1568
Performance test message 1569
Performance test message 1570
Performance test message 1571
Performance test message 1572
Performance test message 1573
Performance test message 1574
Performance test message 1575
Performance test message 1576
Performance test message 1577
Performance test message 1578
Performance test message 1579
Performance test message 1580
Performance test message 1581
Performance test message 1582
Performance test message 1583
Performance test message 1584
Performance test message 1585
Performance test message 1586
Performance test message 1587
Performance test message 1588
Performance test message 1589
Performance test message 1590
Performance test message 1591
Performance test message 1592
Performance test message 1593
Performance test message 1594
Performance test message 1595
Performance test message 1596
Performance test message 1597
Performance test message 1598
Performance test message 1599
Performance test message 1600
Performance test message 1601
Performance test message 1602
Performance test message 1603
Performance test message 1604
Performance test message 1605
Performance test message 1606
Performance test message 1607
Performance test message 1608
Performance test message 1609
Performance test message 1610
Performance test message 1611
Performance test message 1612
Performance test message 1613
Performance test message 1614
Performance test message 1615
Performance test message 1616
Performance test message 1617
Performance test message 1618
Performance test message 1619
Performance test message 1620
Performance test message 1621
Performance test message 1622
Performance test message 1623
Performance test message 1624
Performance test message 1625
Performance test message 1626
Performance test message 1627
Performance test message 1628
Performance test message 1629
Performance test message 1630
Performance test message 1631
Performance test message 1632
Performance test message 1633
Performance test message 1634
Performance test message 1635
Performance test message 1636
Performance test message 1637
Performance test message 1638
Performance test message 1639
Performance test message 1640
Performance test message 1641
Performance test message 1642
Performance test message 1643
Performance test message 1644
Performance test message 1645
Performance test message 1646
Performance test message 1647
Performance test message 1648
Performance test message 1649
Performance test message 1650
Performance test message 1651
Performance test message 1652
Performance test message 1653
Performance test message 1654
Performance test message 1655
Performance test message 1656
Performance test message 1657
Performance test message 1658
Performance test message 1659
Performance test message 1660
Performance test message 1661
Performance test message 1662
Performance test message 1663
Performance test message 1664
Performance test message 1665
Performance test message 1666
Performance test message 1667
Performance test message 1668
Performance test message 1669
Performance test message 1670
Performance test message 1671
Performance test message 1672
Performance test message 1673
Performance test message 1674
Performance test message 1675
Performance test message 1676
Performance test message 1677
Performance test message 1678
Performance test message 1679
Performance test message 1680
Performance test message 1681
Performance test message 1682
Performance test message 1683
Performance test message 1684
Performance test message 1685
Performance test message 1686
Performance test message 1687
Performance test message 1688
Performance test message 1689
Performance test message 1690
Performance test message 1691
Performance test message 1692
Performance test message 1693
Performance test message 1694
Performance test message 1695
Performance test message 1696
Performance test message 1697
Performance test message 1698
Performance test message 1699
Performance test message 1700
Performance test message 1701
Performance test message 1702
Performance test message 1703
Performance test message 1704
Performance test message 1705
Performance test message 1706
Performance test message 1707
Performance test message 1708
Performance test message 1709
Performance test message 1710
Performance test message 1711
Performance test message 1712
Performance test message 1713
Performance test message 1714
Performance test message 1715
Performance test message 1716
Performance test message 1717
Performance test message 1718
Performance test message 1719
Performance test message 1720
Performance test message 1721
Performance test message 1722
Performance test message 1723
Performance test message 1724
Performance test message 1725
Performance test message 1726
Performance test message 1727
Performance test message 1728
Performance test message 1729
Performance test message 1730
Performance test message 1731
Performance test message 1732
Performance test message 1733
Performance test message 1734
Performance test message 1735
Performance test message 1736
Performance test message 1737
Performance test message 1738
Performance test message 1739
Performance test message 1740
Performance test message 1741
Performance test message 1742
Performance test message 1743
Performance test message 1744
Performance test message 1745
Performance test message 1746
Performance test message 1747
Performance test message 1748
Performance test message 1749
Performance test message 1750
Performance test message 1751
Performance test message 1752
Performance test message 1753
Performance test message 1754
Performance test message 1755
Performance test message 1756
Performance test message 1757
Performance test message 1758
Performance test message 1759
Performance test message 1760
Performance test message 1761
Performance test message 1762
Performance test message 1763
Performance test message 1764
Performance test message 1765
Performance test message 1766
Performance test message 1767
Performance test message 1768
Performance test message 1769
Performance test message 1770
Performance test message 1771
Performance test message 1772
Performance test message 1773
Performance test message 1774
Performance test message 1775
Performance test message 1776
Performance test message 1777
Performance test message 1778
Performance test message 1779
Performance test message 1780
Performance test message 1781
Performance test message 1782
Performance test message 1783
Performance test message 1784
Performance test message 1785
Performance test message 1786
Performance test message 1787
Performance test message 1788
Performance test message 1789
Performance test message 1790
Performance test message 1791
Performance test message 1792
Performance test message 1793
Performance test message 1794
Performance test message 1795
Performance test message 1796
Performance test message 1797
Performance test message 1798
Performance test message 1799
Performance test message 1800
Performance test message 1801
Performance test message 1802
Performance test message 1803
Performance test message 1804
Performance test message 1805
Performance test message 1806
Performance test message 1807
Performance test message 1808
Performance test message 1809
Performance test message 1810
Performance test message 1811
Performance test message 1812
Performance test message 1813
Performance test message 1814
Performance test message 1815
Performance test message 1816
Performance test message 1817
Performance test message 1818
Performance test message 1819
Performance test message 1820
Performance test message 1821
Performance test message 1822
Performance test message 1823
Performance test message 1824
Performance test message 1825
Performance test message 1826
Performance test message 1827
Performance test message 1828
Performance test message 1829
Performance test message 1830
Performance test message 1831
Performance test message 1832
Performance test message 1833
Performance test message 1834
Performance test message 1835
Performance test message 1836
Performance test message 1837
Performance test message 1838
Performance test message 1839
Performance test message 1840
Performance test message 1841
Performance test message 1842
Performance test message 1843
Performance test message 1844
Performance test message 1845
Performance test message 1846
Performance test message 1847
Performance test message 1848
Performance test message 1849
Performance test message 1850
Performance test message 1851
Performance test message 1852
Performance test message 1853
Performance test message 1854
Performance test message 1855
Performance test message 1856
Performance test message 1857
Performance test message 1858
Performance test message 1859
Performance test message 1860
Performance test message 1861
Performance test message 1862
Performance test message 1863
Performance test message 1864
Performance test message 1865
Performance test message 1866
Performance test message 1867
Performance test message 1868
Performance test message 1869
Performance test message 1870
Performance test message 1871
Performance test message 1872
Performance test message 1873
Performance test message 1874
Performance test message 1875
Performance test message 1876
Performance test message 1877
Performance test message 1878
Performance test message 1879
Performance test message 1880
Performance test message 1881
Performance test message 1882
Performance test message 1883
Performance test message 1884
Performance test message 1885
Performance test message 1886
Performance test message 1887
Performance test message 1888
Performance test message 1889
Performance test message 1890
Performance test message 1891
Performance test message 1892
Performance test message 1893
Performance test message 1894
Performance test message 1895
Performance test message 1896
Performance test message 1897
Performance test message 1898
Performance test message 1899
Performance test message 1900
Performance test message 1901
Performance test message 1902
Performance test message 1903
Performance test message 1904
Performance test message 1905
Performance test message 1906
Performance test message 1907
Performance test message 1908
Performance test message 1909
Performance test message 1910
Performance test message 1911
Performance test message 1912
Performance test message 1913
Performance test message 1914
Performance test message 1915
Performance test message 1916
Performance test message 1917
Performance test message 1918
Performance test message 1919
Performance test message 1920
Performance test message 1921
Performance test message 1922
Performance test message 1923
Performance test message 1924
Performance test message 1925
Performance test message 1926
Performance test message 1927
Performance test message 1928
Performance test message 1929
Performance test message 1930
Performance test message 1931
Performance test message 1932
Performance test message 1933
Performance test message 1934
Performance test message 1935
Performance test message 1936
Performance test message 1937
Performance test message 1938
Performance test message 1939
Performance test message 1940
Performance test message 1941
Performance test message 1942
Performance test message 1943
Performance test message 1944
Performance test message 1945
Performance test message 1946
Performance test message 1947
Performance test message 1948
Performance test message 1949
Performance test message 1950
Performance test message 1951
Performance test message 1952
Performance test message 1953
Performance test message 1954
Performance test message 1955
Performance test message 1956
Performance test message 1957
Performance test message 1958
Performance test message 1959
Performance test message 1960
Performance test message 1961
Performance test message 1962
Performance test message 1963
Performance test message 1964
Performance test message 1965
Performance test message 1966
Performance test message 1967
Performance test message 1968
Performance test message 1969
Performance test message 1970
Performance test message 1971
Performance test message 1972
Performance test message 1973
Performance test message 1974
Performance test message 1975
Performance test message 1976
Performance test message 1977
Performance test message 1978
Performance test message 1979
Performance test message 1980
Performance test message 1981
Performance test message 1982
Performance test message 1983
Performance test message 1984
Performance test message 1985
Performance test message 1986
Performance test message 1987
Performance test message 1988
Performance test message 1989
Performance test message 1990
Performance test message 1991
Performance test message 1992
Performance test message 1993
Performance test message 1994
Performance test message 1995
Performance test message 1996
Performance test message 1997
Performance test message 1998
Performance test message 1999
Performance test message 2000
Performance test message 2001
Performance test message 2002
Performance test message 2003
Performance test message 2004
Performance test message 2005
Performance test message 2006
Performance test message 2007
Performance test message 2008
Performance test message 2009
Performance test message 2010
Performance test message 2011
Performance test message 2012
Performance test message 2013
Performance test message 2014
Performance test message 2015
Performance test message 2016
Performance test message 2017
Performance test message 2018
Performance test message 2019
Performance test message 2020
Performance test message 2021
Performance test message 2022
Performance test message 2023
Performance test message 2024
Performance test message 2025
Performance test message 2026
Performance test message 2027
Performance test message 2028
Performance test message 2029
Performance test message 2030
Performance test message 2031
Performance test message 2032
Performance test message 2033
Performance test message 2034
Performance test message 2035
Performance test message 2036
Performance test message 2037
Performance test message 2038
Performance test message 2039
Performance test message 2040
Performance test message 2041
Performance test message 2042
Performance test message 2043
Performance test message 2044
Performance test message 2045
Performance test message 2046
Performance test message 2047
Performance test message 2048
Performance test message 2049
Performance test message 2050
Performance test message 2051
Performance test message 2052
Performance test message 2053
Performance test message 2054
Performance test message 2055
Performance test message 2056
Performance test message 2057
Performance test message 2058
Performance test message 2059
Performance test message 2060
Performance test message 2061
Performance test message 2062
Performance test message 2063
Performance test message 2064
Performance test message 2065
Performance test message 2066
Performance test message 2067
Performance test message 2068
Performance test message 2069
Performance test message 2070
Performance test message 2071
Performance test message 2072
Performance test message 2073
Performance test message 2074
Performance test message 2075
Performance test message 2076
Performance test message 2077
Performance test message 2078
Performance test message 2079
Performance test message 2080
Performance test message 2081
Performance test message 2082
Performance test message 2083
Performance test message 2084
Performance test message 2085
Performance test message 2086
Performance test message 2087
Performance test message 2088
Performance test message 2089
Performance test message 2090
Performance test message 2091
Performance test message 2092
Performance test message 2093
Performance test message 2094
Performance test message 2095
Performance test message 2096
Performance test message 2097
Performance test message 2098
Performance test message 2099
Performance test message 2100
Performance test message 2101
Performance test message 2102
Performance test message 2103
Performance test message 2104
Performance test message 2105
Performance test message 2106
Performance test message 2107
Performance test message 2108
Performance test message 2109
Performance test message 2110
Performance test message 2111
Performance test message 2112
Performance test message 2113
Performance test message 2114
Performance test message 2115
Performance test message 2116
Performance test message 2117
Performance test message 2118
Performance test message 2119
Performance test message 2120
Performance test message 2121
Performance test message 2122
Performance test message 2123
Performance test message 2124
Performance test message 2125
Performance test message 2126
Performance test message 2127
Performance test message 2128
Performance test message 2129
Performance test message 2130
Performance test message 2131
Performance test message 2132
Performance test message 2133
Performance test message 2134
Performance test message 2135
Performance test message 2136
Performance test message 2137
Performance test message 2138
Performance test message 2139
Performance test message 2140
Performance test message 2141
Performance test message 2142
Performance test message 2143
Performance test message 2144
Performance test message 2145
Performance test message 2146
Performance test message 2147
Performance test message 2148
Performance test message 2149
Performance test message 2150
Performance test message 2151
Performance test message 2152
Performance test message 2153
Performance test message 2154
Performance test message 2155
Performance test message 2156
Performance test message 2157
Performance test message 2158
Performance test message 2159
Performance test message 2160
Performance test message 2161
Performance test message 2162
Performance test message 2163
Performance test message 2164
Performance test message 2165
Performance test message 2166
Performance test message 2167
Performance test message 2168
Performance test message 2169
Performance test message 2170
Performance test message 2171
Performance test message 2172
Performance test message 2173
Performance test message 2174
Performance test message 2175
Performance test message 2176
Performance test message 2177
Performance test message 2178
Performance test message 2179
Performance test message 2180
Performance test message 2181
Performance test message 2182
Performance test message 2183
Performance test message 2184
Performance test message 2185
Performance test message 2186
Performance test message 2187
Performance test message 2188
Performance test message 2189
Performance test message 2190
Performance test message 2191
Performance test message 2192
Performance test message 2193
Performance test message 2194
Performance test message 2195
Performance test message 2196
Performance test message 2197
Performance test message 2198
Performance test message 2199
Performance test message 2200
Performance test message 2201
Performance test message 2202
Performance test message 2203
Performance test message 2204
Performance test message 2205
Performance test message 2206
Performance test message 2207
Performance test message 2208
Performance test message 2209
Performance test message 2210
Performance test message 2211
Performance test message 2212
Performance test message 2213
Performance test message 2214
Performance test message 2215
Performance test message 2216
Performance test message 2217
Performance test message 2218
Performance test message 2219
Performance test message 2220
Performance test message 2221
Performance test message 2222
Performance test message 2223
Performance test message 2224
Performance test message 2225
Performance test message 2226
Performance test message 2227
Performance test message 2228
Performance test message 2229
Performance test message 2230
Performance test message 2231
Performance test message 2232
Performance test message 2233
Performance test message 2234
Performance test message 2235
Performance test message 2236
Performance test message 2237
Performance test message 2238
Performance test message 2239
Performance test message 2240
Performance test message 2241
Performance test message 2242
Performance test message 2243
Performance test message 2244
Performance test message 2245
Performance test message 2246
Performance test message 2247
Performance test message 2248
Performance test message 2249
Performance test message 2250
Performance test message 2251
Performance test message 2252
Performance test message 2253
Performance test message 2254
Performance test message 2255
Performance test message 2256
Performance test message 2257
Performance test message 2258
Performance test message 2259
Performance test message 2260
Performance test message 2261
Performance test message 2262
Performance test message 2263
Performance test message 2264
Performance test message 2265
Performance test message 2266
Performance test message 2267
Performance test message 2268
Performance test message 2269
Performance test message 2270
Performance test message 2271
Performance test message 2272
Performance test message 2273
Performance test message 2274
Performance test message 2275
Performance test message 2276
Performance test message 2277
Performance test message 2278
Performance test message 2279
Performance test message 2280
Performance test message 2281
Performance test message 2282
Performance test message 2283
Performance test message 2284
Performance test message 2285
Performance test message 2286
Performance test message 2287
Performance test message 2288
Performance test message 2289
Performance test message 2290
Performance test message 2291
Performance test message 2292
Performance test message 2293
Performance test message 2294
Performance test message 2295
Performance test message 2296
Performance test message 2297
Performance test message 2298
Performance test message 2299
Performance test message 2300
Performance test message 2301
Performance test message 2302
Performance test message 2303
Performance test message 2304
Performance test message 2305
Performance test message 2306
Performance test message 2307
Performance test message 2308
Performance test message 2309
Performance test message 2310
Performance test message 2311
Performance test message 2312
Performance test message 2313
Performance test message 2314
Performance test message 2315
Performance test message 2316
Performance test message 2317
Performance test message 2318
Performance test message 2319
Performance test message 2320
Performance test message 2321
Performance test message 2322
Performance test message 2323
Performance test message 2324
Performance test message 2325
Performance test message 2326
Performance test message 2327
Performance test message 2328
Performance test message 2329
Performance test message 2330
Performance test message 2331
Performance test message 2332
Performance test message 2333
Performance test message 2334
Performance test message 2335
Performance test message 2336
Performance test message 2337
Performance test message 2338
Performance test message 2339
Performance test message 2340
Performance test message 2341
Performance test message 2342
Performance test message 2343
Performance test message 2344
Performance test message 2345
Performance test message 2346
Performance test message 2347
Performance test message 2348
Performance test message 2349
Performance test message 2350
Performance test message 2351
Performance test message 2352
Performance test message 2353
Performance test message 2354
Performance test message 2355
Performance test message 2356
Performance test message 2357
Performance test message 2358
Performance test message 2359
Performance test message 2360
Performance test message 2361
Performance test message 2362
Performance test message 2363
Performance test message 2364
Performance test message 2365
Performance test message 2366
Performance test message 2367
Performance test message 2368
Performance test message 2369
Performance test message 2370
Performance test message 2371
Performance test message 2372
Performance test message 2373
Performance test message 2374
Performance test message 2375
Performance test message 2376
Performance test message 2377
Performance test message 2378
Performance test message 2379
Performance test message 2380
Performance test message 2381
Performance test message 2382
Performance test message 2383
Performance test message 2384
Performance test message 2385
Performance test message 2386
Performance test message 2387
Performance test message 2388
Performance test message 2389
Performance test message 2390
Performance test message 2391
Performance test message 2392
Performance test message 2393
Performance test message 2394
Performance test message 2395
Performance test message 2396
Performance test message 2397
Performance test message 2398
Performance test message 2399
Performance test message 2400
Performance test message 2401
Performance test message 2402
Performance test message 2403
Performance test message 2404
Performance test message 2405
Performance test message 2406
Performance test message 2407
Performance test message 2408
Performance test message 2409
Performance test message 2410
Performance test message 2411
Performance test message 2412
Performance test message 2413
Performance test message 2414
Performance test message 2415
Performance test message 2416
Performance test message 2417
Performance test message 2418
Performance test message 2419
Performance test message 2420
Performance test message 2421
Performance test message 2422
Performance test message 2423
Performance test message 2424
Performance test message 2425
Performance test message 2426
Performance test message 2427
Performance test message 2428
Performance test message 2429
Performance test message 2430
Performance test message 2431
Performance test message 2432
Performance test message 2433
Performance test message 2434
Performance test message 2435
Performance test message 2436
Performance test message 2437
Performance test message 2438
Performance test message 2439
Performance test message 2440
Performance test message 2441
Performance test message 2442
Performance test message 2443
Performance test message 2444
Performance test message 2445
Performance test message 2446
Performance test message 2447
Performance test message 2448
Performance test message 2449
Performance test message 2450
Performance test message 2451
Performance test message 2452
Performance test message 2453
Performance test message 2454
Performance test message 2455
Performance test message 2456
Performance test message 2457
Performance test message 2458
Performance test message 2459
Performance test message 2460
Performance test message 2461
Performance test message 2462
Performance test message 2463
Performance test message 2464
Performance test message 2465
Performance test message 2466
Performance test message 2467
Performance test message 2468
Performance test message 2469
Performance test message 2470
Performance test message 2471
Performance test message 2472
Performance test message 2473
Performance test message 2474
Performance test message 2475
Performance test message 2476
Performance test message 2477
Performance test message 2478
Performance test message 2479
Performance test message 2480
Performance test message 2481
Performance test message 2482
Performance test message 2483
Performance test message 2484
Performance test message 2485
Performance test message 2486
Performance test message 2487
Performance test message 2488
Performance test message 2489
Performance test message 2490
Performance test message 2491
Performance test message 2492
Performance test message 2493
Performance test message 2494
Performance test message 2495
Performance test message 2496
Performance test message 2497
Performance test message 2498
Performance test message 2499
Performance test message 2500
Performance test message 2501
Performance test message 2502
Performance test message 2503
Performance test message 2504
Performance test message 2505
Performance test message 2506
Performance test message 2507
Performance test message 2508
Performance test message 2509
Performance test message 2510
Performance test message 2511
Performance test message 2512
Performance test message 2513
Performance test message 2514
Performance test message 2515
Performance test message 2516
Performance test message 2517
Performance test message 2518
Performance test message 2519
Performance test message 2520
Performance test message 2521
Performance test message 2522
Performance test message 2523
Performance test message 2524
Performance test message 2525
Performance test message 2526
Performance test message 2527
Performance test message 2528
Performance test message 2529
Performance test message 2530
Performance test message 2531
Performance test message 2532
Performance test message 2533
Performance test message 2534
Performance test message 2535
Performance test message 2536
Performance test message 2537
Performance test message 2538
Performance test message 2539
Performance test message 2540
Performance test message 2541
Performance test message 2542
Performance test message 2543
Performance test message 2544
Performance test message 2545
Performance test message 2546
Performance test message 2547
Performance test message 2548
Performance test message 2549
Performance test message 2550
Performance test message 2551
Performance test message 2552
Performance test message 2553
Performance test message 2554
Performance test message 2555
Performance test message 2556
Performance test message 2557
Performance test message 2558
Performance test message 2559
Performance test message 2560
Performance test message 2561
Performance test message 2562
Performance test message 2563
Performance test message 2564
Performance test message 2565
Performance test message 2566
Performance test message 2567
Performance test message 2568
Performance test message 2569
Performance test message 2570
Performance test message 2571
Performance test message 2572
Performance test message 2573
Performance test message 2574
Performance test message 2575
Performance test message 2576
Performance test message 2577
Performance test message 2578
Performance test message 2579
Performance test message 2580
Performance test message 2581
Performance test message 2582
Performance test message 2583
Performance test message 2584
Performance test message 2585
Performance test message 2586
Performance test message 2587
Performance test message 2588
Performance test message 2589
Performance test message 2590
Performance test message 2591
Performance test message 2592
Performance test message 2593
Performance test message 2594
Performance test message 2595
Performance test message 2596
Performance test message 2597
Performance test message 2598
Performance test message 2599
Performance test message 2600
Performance test message 2601
Performance test message 2602
Performance test message 2603
Performance test message 2604
Performance test message 2605
Performance test message 2606
Performance test message 2607
Performance test message 2608
Performance test message 2609
Performance test message 2610
Performance test message 2611
Performance test message 2612
Performance test message 2613
Performance test message 2614
Performance test message 2615
Performance test message 2616
Performance test message 2617
Performance test message 2618
Performance test message 2619
Performance test message 2620
Performance test message 2621
Performance test message 2622
Performance test message 2623
Performance test message 2624
Performance test message 2625
Performance test message 2626
Performance test message 2627
Performance test message 2628
Performance test message 2629
Performance test message 2630
Performance test message 2631
Performance test message 2632
Performance test message 2633
Performance test message 2634
Performance test message 2635
Performance test message 2636
Performance test message 2637
Performance test message 2638
Performance test message 2639
Performance test message 2640
Performance test message 2641
Performance test message 2642
Performance test message 2643
Performance test message 2644
Performance test message 2645
Performance test message 2646
Performance test message 2647
Performance test message 2648
Performance test message 2649
Performance test message 2650
Performance test message 2651
Performance test message 2652
Performance test message 2653
Performance test message 2654
Performance test message 2655
Performance test message 2656
Performance test message 2657
Performance test message 2658
Performance test message 2659
Performance test message 2660
Performance test message 2661
Performance test message 2662
Performance test message 2663
Performance test message 2664
Performance test message 2665
Performance test message 2666
Performance test message 2667
Performance test message 2668
Performance test message 2669
Performance test message 2670
Performance test message 2671
Performance test message 2672
Performance test message 2673
Performance test message 2674
Performance test message 2675
Performance test message 2676
Performance test message 2677
Performance test message 2678
Performance test message 2679
Performance test message 2680
Performance test message 2681
Performance test message 2682
Performance test message 2683
Performance test message 2684
Performance test message 2685
Performance test message 2686
Performance test message 2687
Performance test message 2688
Performance test message 2689
Performance test message 2690
Performance test message 2691
Performance test message 2692
Performance test message 2693
Performance test message 2694
Performance test message 2695
Performance test message 2696
Performance test message 2697
Performance test message 2698
Performance test message 2699
Performance test message 2700
Performance test message 2701
Performance test message 2702
Performance test message 2703
Performance test message 2704
Performance test message 2705
Performance test message 2706
Performance test message 2707
Performance test message 2708
Performance test message 2709
Performance test message 2710
Performance test message 2711
Performance test message 2712
Performance test message 2713
Performance test message 2714
Performance test message 2715
Performance test message 2716
Performance test message 2717
Performance test message 2718
Performance test message 2719
Performance test message 2720
Performance test message 2721
Performance test message 2722
Performance test message 2723
Performance test message 2724
Performance test message 2725
Performance test message 2726
Performance test message 2727
Performance test message 2728
Performance test message 2729
Performance test message 2730
Performance test message 2731
Performance test message 2732
Performance test message 2733
Performance test message 2734
Performance test message 2735
Performance test message 2736
Performance test message 2737
Performance test message 2738
Performance test message 2739
Performance test message 2740
Performance test message 2741
Performance test message 2742
Performance test message 2743
Performance test message 2744
Performance test message 2745
Performance test message 2746
Performance test message 2747
Performance test message 2748
Performance test message 2749
Performance test message 2750
Performance test message 2751
Performance test message 2752
Performance test message 2753
Performance test message 2754
Performance test message 2755
Performance test message 2756
Performance test message 2757
Performance test message 2758
Performance test message 2759
Performance test message 2760
Performance test message 2761
Performance test message 2762
Performance test message 2763
Performance test message 2764
Performance test message 2765
Performance test message 2766
Performance test message 2767
Performance test message 2768
Performance test message 2769
Performance test message 2770
Performance test message 2771
Performance test message 2772
Performance test message 2773
Performance test message 2774
Performance test message 2775
Performance test message 2776
Performance test message 2777
Performance test message 2778
Performance test message 2779
Performance test message 2780
Performance test message 2781
Performance test message 2782
Performance test message 2783
Performance test message 2784
Performance test message 2785
Performance test message 2786
Performance test message 2787
Performance test message 2788
Performance test message 2789
Performance test message 2790
Performance test message 2791
Performance test message 2792
Performance test message 2793
Performance test message 2794
Performance test message 2795
Performance test message 2796
Performance test message 2797
Performance test message 2798
Performance test message 2799
Performance test message 2800
Performance test message 2801
Performance test message 2802
Performance test message 2803
Performance test message 2804
Performance test message 2805
Performance test message 2806
Performance test message 2807
Performance test message 2808
Performance test message 2809
Performance test message 2810
Performance test message 2811
Performance test message 2812
Performance test message 2813
Performance test message 2814
Performance test message 2815
Performance test message 2816
Performance test message 2817
Performance test message 2818
Performance test message 2819
Performance test message 2820
Performance test message 2821
Performance test message 2822
Performance test message 2823
Performance test message 2824
Performance test message 2825
Performance test message 2826
Performance test message 2827
Performance test message 2828
Performance test message 2829
Performance test message 2830
Performance test message 2831
Performance test message 2832
Performance test message 2833
Performance test message 2834
Performance test message 2835
Performance test message 2836
Performance test message 2837
Performance test message 2838
Performance test message 2839
Performance test message 2840
Performance test message 2841
Performance test message 2842
Performance test message 2843
Performance test message 2844
Performance test message 2845
Performance test message 2846
Performance test message 2847
Performance test message 2848
Performance test message 2849
Performance test message 2850
Performance test message 2851
Performance test message 2852
Performance test message 2853
Performance test message 2854
Performance test message 2855
Performance test message 2856
Performance test message 2857
Performance test message 2858
Performance test message 2859
Performance test message 2860
Performance test message 2861
Performance test message 2862
Performance test message 2863
Performance test message 2864
Performance test message 2865
Performance test message 2866
Performance test message 2867
Performance test message 2868
Performance test message 2869
Performance test message 2870
Performance test message 2871
Performance test message 2872
Performance test message 2873
Performance test message 2874
Performance test message 2875
Performance test message 2876
Performance test message 2877
Performance test message 2878
Performance test message 2879
Performance test message 2880
Performance test message 2881
Performance test message 2882
Performance test message 2883
Performance test message 2884
Performance test message 2885
Performance test message 2886
Performance test message 2887
Performance test message 2888
Performance test message 2889
Performance test message 2890
Performance test message 2891
Performance test message 2892
Performance test message 2893
Performance test message 2894
Performance test message 2895
Performance test message 2896
Performance test message 2897
Performance test message 2898
Performance test message 2899
Performance test message 2900
Performance test message 2901
Performance test message 2902
Performance test message 2903
Performance test message 2904
Performance test message 2905
Performance test message 2906
Performance test message 2907
Performance test message 2908
Performance test message 2909
Performance test message 2910
Performance test message 2911
Performance test message 2912
Performance test message 2913
Performance test message 2914
Performance test message 2915
Performance test message 2916
Performance test message 2917
Performance test message 2918
Performance test message 2919
Performance test message 2920
Performance test message 2921
Performance test message 2922
Performance test message 2923
Performance test message 2924
Performance test message 2925
Performance test message 2926
Performance test message 2927
Performance test message 2928
Performance test message 2929
Performance test message 2930
Performance test message 2931
Performance test message 2932
Performance test message 2933
Performance test message 2934
Performance test message 2935
Performance test message 2936
Performance test message 2937
Performance test message 2938
Performance test message 2939
Performance test message 2940
Performance test message 2941
Performance test message 2942
Performance test message 2943
Performance test message 2944
Performance test message 2945
Performance test message 2946
Performance test message 2947
Performance test message 2948
Performance test message 2949
Performance test message 2950
Performance test message 2951
Performance test message 2952
Performance test message 2953
Performance test message 2954
Performance test message 2955
Performance test message 2956
Performance test message 2957
Performance test message 2958
Performance test message 2959
Performance test message 2960
Performance test message 2961
Performance test message 2962
Performance test message 2963
Performance test message 2964
Performance test message 2965
Performance test message 2966
Performance test message 2967
Performance test message 2968
Performance test message 2969
Performance test message 2970
Performance test message 2971
Performance test message 2972
Performance test message 2973
Performance test message 2974
Performance test message 2975
Performance test message 2976
Performance test message 2977
Performance test message 2978
Performance test message 2979
Performance test message 2980
Performance test message 2981
Performance test message 2982
Performance test message 2983
Performance test message 2984
Performance test message 2985
Performance test message 2986
Performance test message 2987
Performance test message 2988
Performance test message 2989
Performance test message 2990
Performance test message 2991
Performance test message 2992
Performance test message 2993
Performance test message 2994
Performance test message 2995
Performance test message 2996
Performance test message 2997
Performance test message 2998
Performance test message 2999
Performance test message 3000
Performance test message 3001
Performance test message 3002
Performance test message 3003
Performance test message 3004
Performance test message 3005
Performance test message 3006
Performance test message 3007
Performance test message 3008
Performance test message 3009
Performance test message 3010
Performance test message 3011
Performance test message 3012
Performance test message 3013
Performance test message 3014
Performance test message 3015
Performance test message 3016
Performance test message 3017
Performance test message 3018
Performance test message 3019
Performance test message 3020
Performance test message 3021
Performance test message 3022
Performance test message 3023
Performance test message 3024
Performance test message 3025
Performance test message 3026
Performance test message 3027
Performance test message 3028
Performance test message 3029
Performance test message 3030
Performance test message 3031
Performance test message 3032
Performance test message 3033
Performance test message 3034
Performance test message 3035
Performance test message 3036
Performance test message 3037
Performance test message 3038
Performance test message 3039
Performance test message 3040
Performance test message 3041
Performance test message 3042
Performance test message 3043
Performance test message 3044
Performance test message 3045
Performance test message 3046
Performance test message 3047
Performance test message 3048
Performance test message 3049
Performance test message 3050
Performance test message 3051
Performance test message 3052
Performance test message 3053
Performance test message 3054
Performance test message 3055
Performance test message 3056
Performance test message 3057
Performance test message 3058
Performance test message 3059
Performance test message 3060
Performance test message 3061
Performance test message 3062
Performance test message 3063
Performance test message 3064
Performance test message 3065
Performance test message 3066
Performance test message 3067
Performance test message 3068
Performance test message 3069
Performance test message 3070
Performance test message 3071
Performance test message 3072
Performance test message 3073
Performance test message 3074
Performance test message 3075
Performance test message 3076
Performance test message 3077
Performance test message 3078
Performance test message 3079
Performance test message 3080
Performance test message 3081
Performance test message 3082
Performance test message 3083
Performance test message 3084
Performance test message 3085
Performance test message 3086
Performance test message 3087
Performance test message 3088
Performance test message 3089
Performance test message 3090
Performance test message 3091
Performance test message 3092
Performance test message 3093
Performance test message 3094
Performance test message 3095
Performance test message 3096
Performance test message 3097
Performance test message 3098
Performance test message 3099
Performance test message 3100
Performance test message 3101
Performance test message 3102
Performance test message 3103
Performance test message 3104
Performance test message 3105
Performance test message 3106
Performance test message 3107
Performance test message 3108
Performance test message 3109
Performance test message 3110
Performance test message 3111
Performance test message 3112
Performance test message 3113
Performance test message 3114
Performance test message 3115
Performance test message 3116
Performance test message 3117
Performance test message 3118
Performance test message 3119
Performance test message 3120
Performance test message 3121
Performance test message 3122
Performance test message 3123
Performance test message 3124
Performance test message 3125
Performance test message 3126
Performance test message 3127
Performance test message 3128
Performance test message 3129
Performance test message 3130
Performance test message 3131
Performance test message 3132
Performance test message 3133
Performance test message 3134
Performance test message 3135
Performance test message 3136
Performance test message 3137
Performance test message 3138
Performance test message 3139
Performance test message 3140
Performance test message 3141
Performance test message 3142
Performance test message 3143
Performance test message 3144
Performance test message 3145
Performance test message 3146
Performance test message 3147
Performance test message 3148
Performance test message 3149
Performance test message 3150
Performance test message 3151
Performance test message 3152
Performance test message 3153
Performance test message 3154
Performance test message 3155
Performance test message 3156
Performance test message 3157
Performance test message 3158
Performance test message 3159
Performance test message 3160
Performance test message 3161
Performance test message 3162
Performance test message 3163
Performance test message 3164
Performance test message 3165
Performance test message 3166
Performance test message 3167
Performance test message 3168
Performance test message 3169
Performance test message 3170
Performance test message 3171
Performance test message 3172
Performance test message 3173
Performance test message 3174
Performance test message 3175
Performance test message 3176
Performance test message 3177
Performance test message 3178
Performance test message 3179
Performance test message 3180
Performance test message 3181
Performance test message 3182
Performance test message 3183
Performance test message 3184
Performance test message 3185
Performance test message 3186
Performance test message 3187
Performance test message 3188
Performance test message 3189
Performance test message 3190
Performance test message 3191
Performance test message 3192
Performance test message 3193
Performance test message 3194
Performance test message 3195
Performance test message 3196
Performance test message 3197
Performance test message 3198
Performance test message 3199
Performance test message 3200
Performance test message 3201
Performance test message 3202
Performance test message 3203
Performance test message 3204
Performance test message 3205
Performance test message 3206
Performance test message 3207
Performance test message 3208
Performance test message 3209
Performance test message 3210
Performance test message 3211
Performance test message 3212
Performance test message 3213
Performance test message 3214
Performance test message 3215
Performance test message 3216
Performance test message 3217
Performance test message 3218
Performance test message 3219
Performance test message 3220
Performance test message 3221
Performance test message 3222
Performance test message 3223
Performance test message 3224
Performance test message 3225
Performance test message 3226
Performance test message 3227
Performance test message 3228
Performance test message 3229
Performance test message 3230
Performance test message 3231
Performance test message 3232
Performance test message 3233
Performance test message 3234
Performance test message 3235
Performance test message 3236
Performance test message 3237
Performance test message 3238
Performance test message 3239
Performance test message 3240
Performance test message 3241
Performance test message 3242
Performance test message 3243
Performance test message 3244
Performance test message 3245
Performance test message 3246
Performance test message 3247
Performance test message 3248
Performance test message 3249
Performance test message 3250
Performance test message 3251
Performance test message 3252
Performance test message 3253
Performance test message 3254
Performance test message 3255
Performance test message 3256
Performance test message 3257
Performance test message 3258
Performance test message 3259
Performance test message 3260
Performance test message 3261
Performance test message 3262
Performance test message 3263
Performance test message 3264
Performance test message 3265
Performance test message 3266
Performance test message 3267
Performance test message 3268
Performance test message 3269
Performance test message 3270
Performance test message 3271
Performance test message 3272
Performance test message 3273
Performance test message 3274
Performance test message 3275
Performance test message 3276
Performance test message 3277
Performance test message 3278
Performance test message 3279
Performance test message 3280
Performance test message 3281
Performance test message 3282
Performance test message 3283
Performance test message 3284
Performance test message 3285
Performance test message 3286
Performance test message 3287
Performance test message 3288
Performance test message 3289
Performance test message 3290
Performance test message 3291
Performance test message 3292
Performance test message 3293
Performance test message 3294
Performance test message 3295
Performance test message 3296
Performance test message 3297
Performance test message 3298
Performance test message 3299
Performance test message 3300
Performance test message 3301
Performance test message 3302
Performance test message 3303
Performance test message 3304
Performance test message 3305
Performance test message 3306
Performance test message 3307
Performance test message 3308
Performance test message 3309
Performance test message 3310
Performance test message 3311
Performance test message 3312
Performance test message 3313
Performance test message 3314
Performance test message 3315
Performance test message 3316
Performance test message 3317
Performance test message 3318
Performance test message 3319
Performance test message 3320
Performance test message 3321
Performance test message 3322
Performance test message 3323
Performance test message 3324
Performance test message 3325
Performance test message 3326
Performance test message 3327
Performance test message 3328
Performance test message 3329
Performance test message 3330
Performance test message 3331
Performance test message 3332
Performance test message 3333
Performance test message 3334
Performance test message 3335
Performance test message 3336
Performance test message 3337
Performance test message 3338
Performance test message 3339
Performance test message 3340
Performance test message 3341
Performance test message 3342
Performance test message 3343
Performance test message 3344
Performance test message 3345
Performance test message 3346
Performance test message 3347
Performance test message 3348
Performance test message 3349
Performance test message 3350
Performance test message 3351
Performance test message 3352
Performance test message 3353
Performance test message 3354
Performance test message 3355
Performance test message 3356
Performance test message 3357
Performance test message 3358
Performance test message 3359
Performance test message 3360
Performance test message 3361
Performance test message 3362
Performance test message 3363
Performance test message 3364
Performance test message 3365
Performance test message 3366
Performance test message 3367
Performance test message 3368
Performance test message 3369
Performance test message 3370
Performance test message 3371
Performance test message 3372
Performance test message 3373
Performance test message 3374
Performance test message 3375
Performance test message 3376
Performance test message 3377
Performance test message 3378
Performance test message 3379
Performance test message 3380
Performance test message 3381
Performance test message 3382
Performance test message 3383
Performance test message 3384
Performance test message 3385
Performance test message 3386
Performance test message 3387
Performance test message 3388
Performance test message 3389
Performance test message 3390
Performance test message 3391
Performance test message 3392
Performance test message 3393
Performance test message 3394
Performance test message 3395
Performance test message 3396
Performance test message 3397
Performance test message 3398
Performance test message 3399
Performance test message 3400
Performance test message 3401
Performance test message 3402
Performance test message 3403
Performance test message 3404
Performance test message 3405
Performance test message 3406
Performance test message 3407
Performance test message 3408
Performance test message 3409
Performance test message 3410
Performance test message 3411
Performance test message 3412
Performance test message 3413
Performance test message 3414
Performance test message 3415
Performance test message 3416
Performance test message 3417
Performance test message 3418
Performance test message 3419
Performance test message 3420
Performance test message 3421
Performance test message 3422
Performance test message 3423
Performance test message 3424
Performance test message 3425
Performance test message 3426
Performance test message 3427
Performance test message 3428
Performance test message 3429
Performance test message 3430
Performance test message 3431
Performance test message 3432
Performance test message 3433
Performance test message 3434
Performance test message 3435
Performance test message 3436
Performance test message 3437
Performance test message 3438
Performance test message 3439
Performance test message 3440
Performance test message 3441
Performance test message 3442
Performance test message 3443
Performance test message 3444
Performance test message 3445
Performance test message 3446
Performance test message 3447
Performance test message 3448
Performance test message 3449
Performance test message 3450
Performance test message 3451
Performance test message 3452
Performance test message 3453
Performance test message 3454
Performance test message 3455
Performance test message 3456
Performance test message 3457
Performance test message 3458
Performance test message 3459
Performance test message 3460
Performance test message 3461
Performance test message 3462
Performance test message 3463
Performance test message 3464
Performance test message 3465
Performance test message 3466
Performance test message 3467
Performance test message 3468
Performance test message 3469
Performance test message 3470
Performance test message 3471
Performance test message 3472
Performance test message 3473
Performance test message 3474
Performance test message 3475
Performance test message 3476
Performance test message 3477
Performance test message 3478
Performance test message 3479
Performance test message 3480
Performance test message 3481
Performance test message 3482
Performance test message 3483
Performance test message 3484
Performance test message 3485
Performance test message 3486
Performance test message 3487
Performance test message 3488
Performance test message 3489
Performance test message 3490
Performance test message 3491
Performance test message 3492
Performance test message 3493
Performance test message 3494
Performance test message 3495
Performance test message 3496
Performance test message 3497
Performance test message 3498
Performance test message 3499
Performance test message 3500
Performance test message 3501
Performance test message 3502
Performance test message 3503
Performance test message 3504
Performance test message 3505
Performance test message 3506
Performance test message 3507
Performance test message 3508
Performance test message 3509
Performance test message 3510
Performance test message 3511
Performance test message 3512
Performance test message 3513
Performance test message 3514
Performance test message 3515
Performance test message 3516
Performance test message 3517
Performance test message 3518
Performance test message 3519
Performance test message 3520
Performance test message 3521
Performance test message 3522
Performance test message 3523
Performance test message 3524
Performance test message 3525
Performance test message 3526
Performance test message 3527
Performance test message 3528
Performance test message 3529
Performance test message 3530
Performance test message 3531
Performance test message 3532
Performance test message 3533
Performance test message 3534
Performance test message 3535
Performance test message 3536
Performance test message 3537
Performance test message 3538
Performance test message 3539
Performance test message 3540
Performance test message 3541
Performance test message 3542
Performance test message 3543
Performance test message 3544
Performance test message 3545
Performance test message 3546
Performance test message 3547
Performance test message 3548
Performance test message 3549
Performance test message 3550
Performance test message 3551
Performance test message 3552
Performance test message 3553
Performance test message 3554
Performance test message 3555
Performance test message 3556
Performance test message 3557
Performance test message 3558
Performance test message 3559
Performance test message 3560
Performance test message 3561
Performance test message 3562
Performance test message 3563
Performance test message 3564
Performance test message 3565
Performance test message 3566
Performance test message 3567
Performance test message 3568
Performance test message 3569
Performance test message 3570
Performance test message 3571
Performance test message 3572
Performance test message 3573
Performance test message 3574
Performance test message 3575
Performance test message 3576
Performance test message 3577
Performance test message 3578
Performance test message 3579
Performance test message 3580
Performance test message 3581
Performance test message 3582
Performance test message 3583
Performance test message 3584
Performance test message 3585
Performance test message 3586
Performance test message 3587
Performance test message 3588
Performance test message 3589
Performance test message 3590
Performance test message 3591
Performance test message 3592
Performance test message 3593
Performance test message 3594
Performance test message 3595
Performance test message 3596
Performance test message 3597
Performance test message 3598
Performance test message 3599
Performance test message 3600
Performance test message 3601
Performance test message 3602
Performance test message 3603
Performance test message 3604
Performance test message 3605
Performance test message 3606
Performance test message 3607
Performance test message 3608
Performance test message 3609
Performance test message 3610
Performance test message 3611
Performance test message 3612
Performance test message 3613
Performance test message 3614
Performance test message 3615
Performance test message 3616
Performance test message 3617
Performance test message 3618
Performance test message 3619
Performance test message 3620
Performance test message 3621
Performance test message 3622
Performance test message 3623
Performance test message 3624
Performance test message 3625
Performance test message 3626
Performance test message 3627
Performance test message 3628
Performance test message 3629
Performance test message 3630
Performance test message 3631
Performance test message 3632
Performance test message 3633
Performance test message 3634
Performance test message 3635
Performance test message 3636
Performance test message 3637
Performance test message 3638
Performance test message 3639
Performance test message 3640
Performance test message 3641
Performance test message 3642
Performance test message 3643
Performance test message 3644
Performance test message 3645
Performance test message 3646
Performance test message 3647
Performance test message 3648
Performance test message 3649
Performance test message 3650
Performance test message 3651
Performance test message 3652
Performance test message 3653
Performance test message 3654
Performance test message 3655
Performance test message 3656
Performance test message 3657
Performance test message 3658
Performance test message 3659
Performance test message 3660
Performance test message 3661
Performance test message 3662
Performance test message 3663
Performance test message 3664
Performance test message 3665
Performance test message 3666
Performance test message 3667
Performance test message 3668
Performance test message 3669
Performance test message 3670
Performance test message 3671
Performance test message 3672
Performance test message 3673
Performance test message 3674
Performance test message 3675
Performance test message 3676
Performance test message 3677
Performance test message 3678
Performance test message 3679
Performance test message 3680
Performance test message 3681
Performance test message 3682
Performance test message 3683
Performance test message 3684
Performance test message 3685
Performance test message 3686
Performance test message 3687
Performance test message 3688
Performance test message 3689
Performance test message 3690
Performance test message 3691
Performance test message 3692
Performance test message 3693
Performance test message 3694
Performance test message 3695
Performance test message 3696
Performance test message 3697
Performance test message 3698
Performance test message 3699
Performance test message 3700
Performance test message 3701
Performance test message 3702
Performance test message 3703
Performance test message 3704
Performance test message 3705
Performance test message 3706
Performance test message 3707
Performance test message 3708
Performance test message 3709
Performance test message 3710
Performance test message 3711
Performance test message 3712
Performance test message 3713
Performance test message 3714
Performance test message 3715
Performance test message 3716
Performance test message 3717
Performance test message 3718
Performance test message 3719
Performance test message 3720
Performance test message 3721
Performance test message 3722
Performance test message 3723
Performance test message 3724
Performance test message 3725
Performance test message 3726
Performance test message 3727
Performance test message 3728
Performance test message 3729
Performance test message 3730
Performance test message 3731
Performance test message 3732
Performance test message 3733
Performance test message 3734
Performance test message 3735
Performance test message 3736
Performance test message 3737
Performance test message 3738
Performance test message 3739
Performance test message 3740
Performance test message 3741
Performance test message 3742
Performance test message 3743
Performance test message 3744
Performance test message 3745
Performance test message 3746
Performance test message 3747
Performance test message 3748
Performance test message 3749
Performance test message 3750
Performance test message 3751
Performance test message 3752
Performance test message 3753
Performance test message 3754
Performance test message 3755
Performance test message 3756
Performance test message 3757
Performance test message 3758
Performance test message 3759
Performance test message 3760
Performance test message 3761
Performance test message 3762
Performance test message 3763
Performance test message 3764
Performance test message 3765
Performance test message 3766
Performance test message 3767
Performance test message 3768
Performance test message 3769
Performance test message 3770
Performance test message 3771
Performance test message 3772
Performance test message 3773
Performance test message 3774
Performance test message 3775
Performance test message 3776
Performance test message 3777
Performance test message 3778
Performance test message 3779
Performance test message 3780
Performance test message 3781
Performance test message 3782
Performance test message 3783
Performance test message 3784
Performance test message 3785
Performance test message 3786
Performance test message 3787
Performance test message 3788
Performance test message 3789
Performance test message 3790
Performance test message 3791
Performance test message 3792
Performance test message 3793
Performance test message 3794
Performance test message 3795
Performance test message 3796
Performance test message 3797
Performance test message 3798
Performance test message 3799
Performance test message 3800
Performance test message 3801
Performance test message 3802
Performance test message 3803
Performance test message 3804
Performance test message 3805
Performance test message 3806
Performance test message 3807
Performance test message 3808
Performance test message 3809
Performance test message 3810
Performance test message 3811
Performance test message 3812
Performance test message 3813
Performance test message 3814
Performance test message 3815
Performance test message 3816
Performance test message 3817
Performance test message 3818
Performance test message 3819
Performance test message 3820
Performance test message 3821
Performance test message 3822
Performance test message 3823
Performance test message 3824
Performance test message 3825
Performance test message 3826
Performance test message 3827
Performance test message 3828
Performance test message 3829
Performance test message 3830
Performance test message 3831
Performance test message 3832
Performance test message 3833
Performance test message 3834
Performance test message 3835
Performance test message 3836
Performance test message 3837
Performance test message 3838
Performance test message 3839
Performance test message 3840
Performance test message 3841
Performance test message 3842
Performance test message 3843
Performance test message 3844
Performance test message 3845
Performance test message 3846
Performance test message 3847
Performance test message 3848
Performance test message 3849
Performance test message 3850
Performance test message 3851
Performance test message 3852
Performance test message 3853
Performance test message 3854
Performance test message 3855
Performance test message 3856
Performance test message 3857
Performance test message 3858
Performance test message 3859
Performance test message 3860
Performance test message 3861
Performance test message 3862
Performance test message 3863
Performance test message 3864
Performance test message 3865
Performance test message 3866
Performance test message 3867
Performance test message 3868
Performance test message 3869
Performance test message 3870
Performance test message 3871
Performance test message 3872
Performance test message 3873
Performance test message 3874
Performance test message 3875
Performance test message 3876
Performance test message 3877
Performance test message 3878
Performance test message 3879
Performance test message 3880
Performance test message 3881
Performance test message 3882
Performance test message 3883
Performance test message 3884
Performance test message 3885
Performance test message 3886
Performance test message 3887
Performance test message 3888
Performance test message 3889
Performance test message 3890
Performance test message 3891
Performance test message 3892
Performance test message 3893
Performance test message 3894
Performance test message 3895
Performance test message 3896
Performance test message 3897
Performance test message 3898
Performance test message 3899
Performance test message 3900
Performance test message 3901
Performance test message 3902
Performance test message 3903
Performance test message 3904
Performance test message 3905
Performance test message 3906
Performance test message 3907
Performance test message 3908
Performance test message 3909
Performance test message 3910
Performance test message 3911
Performance test message 3912
Performance test message 3913
Performance test message 3914
Performance test message 3915
Performance test message 3916
Performance test message 3917
Performance test message 3918
Performance test message 3919
Performance test message 3920
Performance test message 3921
Performance test message 3922
Performance test message 3923
Performance test message 3924
Performance test message 3925
Performance test message 3926
Performance test message 3927
Performance test message 3928
Performance test message 3929
Performance test message 3930
Performance test message 3931
Performance test message 3932
Performance test message 3933
Performance test message 3934
Performance test message 3935
Performance test message 3936
Performance test message 3937
Performance test message 3938
Performance test message 3939
Performance test message 3940
Performance test message 3941
Performance test message 3942
Performance test message 3943
Performance test message 3944
Performance test message 3945
Performance test message 3946
Performance test message 3947
Performance test message 3948
Performance test message 3949
Performance test message 3950
Performance test message 3951
Performance test message 3952
Performance test message 3953
Performance test message 3954
Performance test message 3955
Performance test message 3956
Performance test message 3957
Performance test message 3958
Performance test message 3959
Performance test message 3960
Performance test message 3961
Performance test message 3962
Performance test message 3963
Performance test message 3964
Performance test message 3965
Performance test message 3966
Performance test message 3967
Performance test message 3968
Performance test message 3969
Performance test message 3970
Performance test message 3971
Performance test message 3972
Performance test message 3973
Performance test message 3974
Performance test message 3975
Performance test message 3976
Performance test message 3977
Performance test message 3978
Performance test message 3979
Performance test message 3980
Performance test message 3981
Performance test message 3982
Performance test message 3983
Performance test message 3984
Performance test message 3985
Performance test message 3986
Performance test message 3987
Performance test message 3988
Performance test message 3989
Performance test message 3990
Performance test message 3991
Performance test message 3992
Performance test message 3993
Performance test message 3994
Performance test message 3995
Performance test message 3996
Performance test message 3997
Performance test message 3998
Performance test message 3999
Performance test message 4000
Performance test message 4001
Performance test message 4002
Performance test message 4003
Performance test message 4004
Performance test message 4005
Performance test message 4006
Performance test message 4007
Performance test message 4008
Performance test message 4009
Performance test message 4010
Performance test message 4011
Performance test message 4012
Performance test message 4013
Performance test message 4014
Performance test message 4015
Performance test message 4016
Performance test message 4017
Performance test message 4018
Performance test message 4019
Performance test message 4020
Performance test message 4021
Performance test message 4022
Performance test message 4023
Performance test message 4024
Performance test message 4025
Performance test message 4026
Performance test message 4027
Performance test message 4028
Performance test message 4029
Performance test message 4030
Performance test message 4031
Performance test message 4032
Performance test message 4033
Performance test message 4034
Performance test message 4035
Performance test message 4036
Performance test message 4037
Performance test message 4038
Performance test message 4039
Performance test message 4040
Performance test message 4041
Performance test message 4042
Performance test message 4043
Performance test message 4044
Performance test message 4045
Performance test message 4046
Performance test message 4047
Performance test message 4048
Performance test message 4049
Performance test message 4050
Performance test message 4051
Performance test message 4052
Performance test message 4053
Performance test message 4054
Performance test message 4055
Performance test message 4056
Performance test message 4057
Performance test message 4058
Performance test message 4059
Performance test message 4060
Performance test message 4061
Performance test message 4062
Performance test message 4063
Performance test message 4064
Performance test message 4065
Performance test message 4066
Performance test message 4067
Performance test message 4068
Performance test message 4069
Performance test message 4070
Performance test message 4071
Performance test message 4072
Performance test message 4073
Performance test message 4074
Performance test message 4075
Performance test message 4076
Performance test message 4077
Performance test message 4078
Performance test message 4079
Performance test message 4080
Performance test message 4081
Performance test message 4082
Performance test message 4083
Performance test message 4084
Performance test message 4085
Performance test message 4086
Performance test message 4087
Performance test message 4088
Performance test message 4089
Performance test message 4090
Performance test message 4091
Performance test message 4092
Performance test message 4093
Performance test message 4094
Performance test message 4095
Performance test message 4096
Performance test message 4097
Performance test message 4098
Performance test message 4099
Performance test message 4100
Performance test message 4101
Performance test message 4102
Performance test message 4103
Performance test message 4104
Performance test message 4105
Performance test message 4106
Performance test message 4107
Performance test message 4108
Performance test message 4109
Performance test message 4110
Performance test message 4111
Performance test message 4112
Performance test message 4113
Performance test message 4114
Performance test message 4115
Performance test message 4116
Performance test message 4117
Performance test message 4118
Performance test message 4119
Performance test message 4120
Performance test message 4121
Performance test message 4122
Performance test message 4123
Performance test message 4124
Performance test message 4125
Performance test message 4126
Performance test message 4127
Performance test message 4128
Performance test message 4129
Performance test message 4130
Performance test message 4131
Performance test message 4132
Performance test message 4133
Performance test message 4134
Performance test message 4135
Performance test message 4136
Performance test message 4137
Performance test message 4138
Performance test message 4139
Performance test message 4140
Performance test message 4141
Performance test message 4142
Performance test message 4143
Performance test message 4144
Performance test message 4145
Performance test message 4146
Performance test message 4147
Performance test message 4148
Performance test message 4149
Performance test message 4150
Performance test message 4151
Performance test message 4152
Performance test message 4153
Performance test message 4154
Performance test message 4155
Performance test message 4156
Performance test message 4157
Performance test message 4158
Performance test message 4159
Performance test message 4160
Performance test message 4161
Performance test message 4162
Performance test message 4163
Performance test message 4164
Performance test message 4165
Performance test message 4166
Performance test message 4167
Performance test message 4168
Performance test message 4169
Performance test message 4170
Performance test message 4171
Performance test message 4172
Performance test message 4173
Performance test message 4174
Performance test message 4175
Performance test message 4176
Performance test message 4177
Performance test message 4178
Performance test message 4179
Performance test message 4180
Performance test message 4181
Performance test message 4182
Performance test message 4183
Performance test message 4184
Performance test message 4185
Performance test message 4186
Performance test message 4187
Performance test message 4188
Performance test message 4189
Performance test message 4190
Performance test message 4191
Performance test message 4192
Performance test message 4193
Performance test message 4194
Performance test message 4195
Performance test message 4196
Performance test message 4197
Performance test message 4198
Performance test message 4199
Performance test message 4200
Performance test message 4201
Performance test message 4202
Performance test message 4203
Performance test message 4204
Performance test message 4205
Performance test message 4206
Performance test message 4207
Performance test message 4208
Performance test message 4209
Performance test message 4210
Performance test message 4211
Performance test message 4212
Performance test message 4213
Performance test message 4214
Performance test message 4215
Performance test message 4216
Performance test message 4217
Performance test message 4218
Performance test message 4219
Performance test message 4220
Performance test message 4221
Performance test message 4222
Performance test message 4223
Performance test message 4224
Performance test message 4225
Performance test message 4226
Performance test message 4227
Performance test message 4228
Performance test message 4229
Performance test message 4230
Performance test message 4231
Performance test message 4232
Performance test message 4233
Performance test message 4234
Performance test message 4235
Performance test message 4236
Performance test message 4237
Performance test message 4238
Performance test message 4239
Performance test message 4240
Performance test message 4241
Performance test message 4242
Performance test message 4243
Performance test message 4244
Performance test message 4245
Performance test message 4246
Performance test message 4247
Performance test message 4248
Performance test message 4249
Performance test message 4250
Performance test message 4251
Performance test message 4252
Performance test message 4253
Performance test message 4254
Performance test message 4255
Performance test message 4256
Performance test message 4257
Performance test message 4258
Performance test message 4259
Performance test message 4260
Performance test message 4261
Performance test message 4262
Performance test message 4263
Performance test message 4264
Performance test message 4265
Performance test message 4266
Performance test message 4267
Performance test message 4268
Performance test message 4269
Performance test message 4270
Performance test message 4271
Performance test message 4272
Performance test message 4273
Performance test message 4274
Performance test message 4275
Performance test message 4276
Performance test message 4277
Performance test message 4278
Performance test message 4279
Performance test message 4280
Performance test message 4281
Performance test message 4282
Performance test message 4283
Performance test message 4284
Performance test message 4285
Performance test message 4286
Performance test message 4287
Performance test message 4288
Performance test message 4289
Performance test message 4290
Performance test message 4291
Performance test message 4292
Performance test message 4293
Performance test message 4294
Performance test message 4295
Performance test message 4296
Performance test message 4297
Performance test message 4298
Performance test message 4299
Performance test message 4300
Performance test message 4301
Performance test message 4302
Performance test message 4303
Performance test message 4304
Performance test message 4305
Performance test message 4306
Performance test message 4307
Performance test message 4308
Performance test message 4309
Performance test message 4310
Performance test message 4311
Performance test message 4312
Performance test message 4313
Performance test message 4314
Performance test message 4315
Performance test message 4316
Performance test message 4317
Performance test message 4318
Performance test message 4319
Performance test message 4320
Performance test message 4321
Performance test message 4322
Performance test message 4323
Performance test message 4324
Performance test message 4325
Performance test message 4326
Performance test message 4327
Performance test message 4328
Performance test message 4329
Performance test message 4330
Performance test message 4331
Performance test message 4332
Performance test message 4333
Performance test message 4334
Performance test message 4335
Performance test message 4336
Performance test message 4337
Performance test message 4338
Performance test message 4339
Performance test message 4340
Performance test message 4341
Performance test message 4342
Performance test message 4343
Performance test message 4344
Performance test message 4345
Performance test message 4346
Performance test message 4347
Performance test message 4348
Performance test message 4349
Performance test message 4350
Performance test message 4351
Performance test message 4352
Performance test message 4353
Performance test message 4354
Performance test message 4355
Performance test message 4356
Performance test message 4357
Performance test message 4358
Performance test message 4359
Performance test message 4360
Performance test message 4361
Performance test message 4362
Performance test message 4363
Performance test message 4364
Performance test message 4365
Performance test message 4366
Performance test message 4367
Performance test message 4368
Performance test message 4369
Performance test message 4370
Performance test message 4371
Performance test message 4372
Performance test message 4373
Performance test message 4374
Performance test message 4375
Performance test message 4376
Performance test message 4377
Performance test message 4378
Performance test message 4379
Performance test message 4380
Performance test message 4381
Performance test message 4382
Performance test message 4383
Performance test message 4384
Performance test message 4385
Performance test message 4386
Performance test message 4387
Performance test message 4388
Performance test message 4389
Performance test message 4390
Performance test message 4391
Performance test message 4392
Performance test message 4393
Performance test message 4394
Performance test message 4395
Performance test message 4396
Performance test message 4397
Performance test message 4398
Performance test message 4399
Performance test message 4400
Performance test message 4401
Performance test message 4402
Performance test message 4403
Performance test message 4404
Performance test message 4405
Performance test message 4406
Performance test message 4407
Performance test message 4408
Performance test message 4409
Performance test message 4410
Performance test message 4411
Performance test message 4412
Performance test message 4413
Performance test message 4414
Performance test message 4415
Performance test message 4416
Performance test message 4417
Performance test message 4418
Performance test message 4419
Performance test message 4420
Performance test message 4421
Performance test message 4422
Performance test message 4423
Performance test message 4424
Performance test message 4425
Performance test message 4426
Performance test message 4427
Performance test message 4428
Performance test message 4429
Performance test message 4430
Performance test message 4431
Performance test message 4432
Performance test message 4433
Performance test message 4434
Performance test message 4435
Performance test message 4436
Performance test message 4437
Performance test message 4438
Performance test message 4439
Performance test message 4440
Performance test message 4441
Performance test message 4442
Performance test message 4443
Performance test message 4444
Performance test message 4445
Performance test message 4446
Performance test message 4447
Performance test message 4448
Performance test message 4449
Performance test message 4450
Performance test message 4451
Performance test message 4452
Performance test message 4453
Performance test message 4454
Performance test message 4455
Performance test message 4456
Performance test message 4457
Performance test message 4458
Performance test message 4459
Performance test message 4460
Performance test message 4461
Performance test message 4462
Performance test message 4463
Performance test message 4464
Performance test message 4465
Performance test message 4466
Performance test message 4467
Performance test message 4468
Performance test message 4469
Performance test message 4470
Performance test message 4471
Performance test message 4472
Performance test message 4473
Performance test message 4474
Performance test message 4475
Performance test message 4476
Performance test message 4477
Performance test message 4478
Performance test message 4479
Performance test message 4480
Performance test message 4481
Performance test message 4482
Performance test message 4483
Performance test message 4484
Performance test message 4485
Performance test message 4486
Performance test message 4487
Performance test message 4488
Performance test message 4489
Performance test message 4490
Performance test message 4491
Performance test message 4492
Performance test message 4493
Performance test message 4494
Performance test message 4495
Performance test message 4496
Performance test message 4497
Performance test message 4498
Performance test message 4499
Performance test message 4500
Performance test message 4501
Performance test message 4502
Performance test message 4503
Performance test message 4504
Performance test message 4505
Performance test message 4506
Performance test message 4507
Performance test message 4508
Performance test message 4509
Performance test message 4510
Performance test message 4511
Performance test message 4512
Performance test message 4513
Performance test message 4514
Performance test message 4515
Performance test message 4516
Performance test message 4517
Performance test message 4518
Performance test message 4519
Performance test message 4520
Performance test message 4521
Performance test message 4522
Performance test message 4523
Performance test message 4524
Performance test message 4525
Performance test message 4526
Performance test message 4527
Performance test message 4528
Performance test message 4529
Performance test message 4530
Performance test message 4531
Performance test message 4532
Performance test message 4533
Performance test message 4534
Performance test message 4535
Performance test message 4536
Performance test message 4537
Performance test message 4538
Performance test message 4539
Performance test message 4540
Performance test message 4541
Performance test message 4542
Performance test message 4543
Performance test message 4544
Performance test message 4545
Performance test message 4546
Performance test message 4547
Performance test message 4548
Performance test message 4549
Performance test message 4550
Performance test message 4551
Performance test message 4552
Performance test message 4553
Performance test message 4554
Performance test message 4555
Performance test message 4556
Performance test message 4557
Performance test message 4558
Performance test message 4559
Performance test message 4560
Performance test message 4561
Performance test message 4562
Performance test message 4563
Performance test message 4564
Performance test message 4565
Performance test message 4566
Performance test message 4567
Performance test message 4568
Performance test message 4569
Performance test message 4570
Performance test message 4571
Performance test message 4572
Performance test message 4573
Performance test message 4574
Performance test message 4575
Performance test message 4576
Performance test message 4577
Performance test message 4578
Performance test message 4579
Performance test message 4580
Performance test message 4581
Performance test message 4582
Performance test message 4583
Performance test message 4584
Performance test message 4585
Performance test message 4586
Performance test message 4587
Performance test message 4588
Performance test message 4589
Performance test message 4590
Performance test message 4591
Performance test message 4592
Performance test message 4593
Performance test message 4594
Performance test message 4595
Performance test message 4596
Performance test message 4597
Performance test message 4598
Performance test message 4599
Performance test message 4600
Performance test message 4601
Performance test message 4602
Performance test message 4603
Performance test message 4604
Performance test message 4605
Performance test message 4606
Performance test message 4607
Performance test message 4608
Performance test message 4609
Performance test message 4610
Performance test message 4611
Performance test message 4612
Performance test message 4613
Performance test message 4614
Performance test message 4615
Performance test message 4616
Performance test message 4617
Performance test message 4618
Performance test message 4619
Performance test message 4620
Performance test message 4621
Performance test message 4622
Performance test message 4623
Performance test message 4624
Performance test message 4625
Performance test message 4626
Performance test message 4627
Performance test message 4628
Performance test message 4629
Performance test message 4630
Performance test message 4631
Performance test message 4632
Performance test message 4633
Performance test message 4634
Performance test message 4635
Performance test message 4636
Performance test message 4637
Performance test message 4638
Performance test message 4639
Performance test message 4640
Performance test message 4641
Performance test message 4642
Performance test message 4643
Performance test message 4644
Performance test message 4645
Performance test message 4646
Performance test message 4647
Performance test message 4648
Performance test message 4649
Performance test message 4650
Performance test message 4651
Performance test message 4652
Performance test message 4653
Performance test message 4654
Performance test message 4655
Performance test message 4656
Performance test message 4657
Performance test message 4658
Performance test message 4659
Performance test message 4660
Performance test message 4661
Performance test message 4662
Performance test message 4663
Performance test message 4664
Performance test message 4665
Performance test message 4666
Performance test message 4667
Performance test message 4668
Performance test message 4669
Performance test message 4670
Performance test message 4671
Performance test message 4672
Performance test message 4673
Performance test message 4674
Performance test message 4675
Performance test message 4676
Performance test message 4677
Performance test message 4678
Performance test message 4679
Performance test message 4680
Performance test message 4681
Performance test message 4682
Performance test message 4683
Performance test message 4684
Performance test message 4685
Performance test message 4686
Performance test message 4687
Performance test message 4688
Performance test message 4689
Performance test message 4690
Performance test message 4691
Performance test message 4692
Performance test message 4693
Performance test message 4694
Performance test message 4695
Performance test message 4696
Performance test message 4697
Performance test message 4698
Performance test message 4699
Performance test message 4700
Performance test message 4701
Performance test message 4702
Performance test message 4703
Performance test message 4704
Performance test message 4705
Performance test message 4706
Performance test message 4707
Performance test message 4708
Performance test message 4709
Performance test message 4710
Performance test message 4711
Performance test message 4712
Performance test message 4713
Performance test message 4714
Performance test message 4715
Performance test message 4716
Performance test message 4717
Performance test message 4718
Performance test message 4719
Performance test message 4720
Performance test message 4721
Performance test message 4722
Performance test message 4723
Performance test message 4724
Performance test message 4725
Performance test message 4726
Performance test message 4727
Performance test message 4728
Performance test message 4729
Performance test message 4730
Performance test message 4731
Performance test message 4732
Performance test message 4733
Performance test message 4734
Performance test message 4735
Performance test message 4736
Performance test message 4737
Performance test message 4738
Performance test message 4739
Performance test message 4740
Performance test message 4741
Performance test message 4742
Performance test message 4743
Performance test message 4744
Performance test message 4745
Performance test message 4746
Performance test message 4747
Performance test message 4748
Performance test message 4749
Performance test message 4750
Performance test message 4751
Performance test message 4752
Performance test message 4753
Performance test message 4754
Performance test message 4755
Performance test message 4756
Performance test message 4757
Performance test message 4758
Performance test message 4759
Performance test message 4760
Performance test message 4761
Performance test message 4762
Performance test message 4763
Performance test message 4764
Performance test message 4765
Performance test message 4766
Performance test message 4767
Performance test message 4768
Performance test message 4769
Performance test message 4770
Performance test message 4771
Performance test message 4772
Performance test message 4773
Performance test message 4774
Performance test message 4775
Performance test message 4776
Performance test message 4777
Performance test message 4778
Performance test message 4779
Performance test message 4780
Performance test message 4781
Performance test message 4782
Performance test message 4783
Performance test message 4784
Performance test message 4785
Performance test message 4786
Performance test message 4787
Performance test message 4788
Performance test message 4789
Performance test message 4790
Performance test message 4791
Performance test message 4792
Performance test message 4793
Performance test message 4794
Performance test message 4795
Performance test message 4796
Performance test message 4797
Performance test message 4798
Performance test message 4799
Performance test message 4800
Performance test message 4801
Performance test message 4802
Performance test message 4803
Performance test message 4804
Performance test message 4805
Performance test message 4806
Performance test message 4807
Performance test message 4808
Performance test message 4809
Performance test message 4810
Performance test message 4811
Performance test message 4812
Performance test message 4813
Performance test message 4814
Performance test message 4815
Performance test message 4816
Performance test message 4817
Performance test message 4818
Performance test message 4819
Performance test message 4820
Performance test message 4821
Performance test message 4822
Performance test message 4823
Performance test message 4824
Performance test message 4825
Performance test message 4826
Performance test message 4827
Performance test message 4828
Performance test message 4829
Performance test message 4830
Performance test message 4831
Performance test message 4832
Performance test message 4833
Performance test message 4834
Performance test message 4835
Performance test message 4836
Performance test message 4837
Performance test message 4838
Performance test message 4839
Performance test message 4840
Performance test message 4841
Performance test message 4842
Performance test message 4843
Performance test message 4844
Performance test message 4845
Performance test message 4846
Performance test message 4847
Performance test message 4848
Performance test message 4849
Performance test message 4850
Performance test message 4851
Performance test message 4852
Performance test message 4853
Performance test message 4854
Performance test message 4855
Performance test message 4856
Performance test message 4857
Performance test message 4858
Performance test message 4859
Performance test message 4860
Performance test message 4861
Performance test message 4862
Performance test message 4863
Performance test message 4864
Performance test message 4865
Performance test message 4866
Performance test message 4867
Performance test message 4868
Performance test message 4869
Performance test message 4870
Performance test message 4871
Performance test message 4872
Performance test message 4873
Performance test message 4874
Performance test message 4875
Performance test message 4876
Performance test message 4877
Performance test message 4878
Performance test message 4879
Performance test message 4880
Performance test message 4881
Performance test message 4882
Performance test message 4883
Performance test message 4884
Performance test message 4885
Performance test message 4886
Performance test message 4887
Performance test message 4888
Performance test message 4889
Performance test message 4890
Performance test message 4891
Performance test message 4892
Performance test message 4893
Performance test message 4894
Performance test message 4895
Performance test message 4896
Performance test message 4897
Performance test message 4898
Performance test message 4899
Performance test message 4900
Performance test message 4901
Performance test message 4902
Performance test message 4903
Performance test message 4904
Performance test message 4905
Performance test message 4906
Performance test message 4907
Performance test message 4908
Performance test message 4909
Performance test message 4910
Performance test message 4911
Performance test message 4912
Performance test message 4913
Performance test message 4914
Performance test message 4915
Performance test message 4916
Performance test message 4917
Performance test message 4918
Performance test message 4919
Performance test message 4920
Performance test message 4921
Performance test message 4922
Performance test message 4923
Performance test message 4924
Performance test message 4925
Performance test message 4926
Performance test message 4927
Performance test message 4928
Performance test message 4929
Performance test message 4930
Performance test message 4931
Performance test message 4932
Performance test message 4933
Performance test message 4934
Performance test message 4935
Performance test message 4936
Performance test message 4937
Performance test message 4938
Performance test message 4939
Performance test message 4940
Performance test message 4941
Performance test message 4942
Performance test message 4943
Performance test message 4944
Performance test message 4945
Performance test message 4946
Performance test message 4947
Performance test message 4948
Performance test message 4949
Performance test message 4950
Performance test message 4951
Performance test message 4952
Performance test message 4953
Performance test message 4954
Performance test message 4955
Performance test message 4956
Performance test message 4957
Performance test message 4958
Performance test message 4959
Performance test message 4960
Performance test message 4961
Performance test message 4962
Performance test message 4963
Performance test message 4964
Performance test message 4965
Performance test message 4966
Performance test message 4967
Performance test message 4968
Performance test message 4969
Performance test message 4970
Performance test message 4971
Performance test message 4972
Performance test message 4973
Performance test message 4974
Performance test message 4975
Performance test message 4976
Performance test message 4977
Performance test message 4978
Performance test message 4979
Performance test message 4980
Performance test message 4981
Performance test message 4982
Performance test message 4983
Performance test message 4984
Performance test message 4985
Performance test message 4986
Performance test message 4987
Performance test message 4988
Performance test message 4989
Performance test message 4990
Performance test message 4991
Performance test message 4992
Performance test message 4993
Performance test message 4994
Performance test message 4995
Performance test message 4996
Performance test message 4997
Performance test message 4998
Performance test message 4999
Performance test message 5000
Performance test message 5001
Performance test message 5002
Performance test message 5003
Performance test message 5004
Performance test message 5005
Performance test message 5006
Performance test message 5007
Performance test message 5008
Performance test message 5009
Performance test message 5010
Performance test message 5011
Performance test message 5012
Performance test message 5013
Performance test message 5014
Performance test message 5015
Performance test message 5016
Performance test message 5017
Performance test message 5018
Performance test message 5019
Performance test message 5020
Performance test message 5021
Performance test message 5022
Performance test message 5023
Performance test message 5024
Performance test message 5025
Performance test message 5026
Performance test message 5027
Performance test message 5028
Performance test message 5029
Performance test message 5030
Performance test message 5031
Performance test message 5032
Performance test message 5033
Performance test message 5034
Performance test message 5035
Performance test message 5036
Performance test message 5037
Performance test message 5038
Performance test message 5039
Performance test message 5040
Performance test message 5041
Performance test message 5042
Performance test message 5043
Performance test message 5044
Performance test message 5045
Performance test message 5046
Performance test message 5047
Performance test message 5048
Performance test message 5049
Performance test message 5050
Performance test message 5051
Performance test message 5052
Performance test message 5053
Performance test message 5054
Performance test message 5055
Performance test message 5056
Performance test message 5057
Performance test message 5058
Performance test message 5059
Performance test message 5060
Performance test message 5061
Performance test message 5062
Performance test message 5063
Performance test message 5064
Performance test message 5065
Performance test message 5066
Performance test message 5067
Performance test message 5068
Performance test message 5069
Performance test message 5070
Performance test message 5071
Performance test message 5072
Performance test message 5073
Performance test message 5074
Performance test message 5075
Performance test message 5076
Performance test message 5077
Performance test message 5078
Performance test message 5079
Performance test message 5080
Performance test message 5081
Performance test message 5082
Performance test message 5083
Performance test message 5084
Performance test message 5085
Performance test message 5086
Performance test message 5087
Performance test message 5088
Performance test message 5089
Performance test message 5090
Performance test message 5091
Performance test message 5092
Performance test message 5093
Performance test message 5094
Performance test message 5095
Performance test message 5096
Performance test message 5097
Performance test message 5098
Performance test message 5099
Performance test message 5100
Performance test message 5101
Performance test message 5102
Performance test message 5103
Performance test message 5104
Performance test message 5105
Performance test message 5106
Performance test message 5107
Performance test message 5108
Performance test message 5109
Performance test message 5110
Performance test message 5111
Performance test message 5112
Performance test message 5113
Performance test message 5114
Performance test message 5115
Performance test message 5116
Performance test message 5117
Performance test message 5118
Performance test message 5119
Performance test message 5120
Performance test message 5121
Performance test message 5122
Performance test message 5123
Performance test message 5124
Performance test message 5125
Performance test message 5126
Performance test message 5127
Performance test message 5128
Performance test message 5129
Performance test message 5130
Performance test message 5131
Performance test message 5132
Performance test message 5133
Performance test message 5134
Performance test message 5135
Performance test message 5136
Performance test message 5137
Performance test message 5138
Performance test message 5139
Performance test message 5140
Performance test message 5141
Performance test message 5142
Performance test message 5143
Performance test message 5144
Performance test message 5145
Performance test message 5146
Performance test message 5147
Performance test message 5148
Performance test message 5149
Performance test message 5150
Performance test message 5151
Performance test message 5152
Performance test message 5153
Performance test message 5154
Performance test message 5155
Performance test message 5156
Performance test message 5157
Performance test message 5158
Performance test message 5159
Performance test message 5160
Performance test message 5161
Performance test message 5162
Performance test message 5163
Performance test message 5164
Performance test message 5165
Performance test message 5166
Performance test message 5167
Performance test message 5168
Performance test message 5169
Performance test message 5170
Performance test message 5171
Performance test message 5172
Performance test message 5173
Performance test message 5174
Performance test message 5175
Performance test message 5176
Performance test message 5177
Performance test message 5178
Performance test message 5179
Performance test message 5180
Performance test message 5181
Performance test message 5182
Performance test message 5183
Performance test message 5184
Performance test message 5185
Performance test message 5186
Performance test message 5187
Performance test message 5188
Performance test message 5189
Performance test message 5190
Performance test message 5191
Performance test message 5192
Performance test message 5193
Performance test message 5194
Performance test message 5195
Performance test message 5196
Performance test message 5197
Performance test message 5198
Performance test message 5199
Performance test message 5200
Performance test message 5201
Performance test message 5202
Performance test message 5203
Performance test message 5204
Performance test message 5205
Performance test message 5206
Performance test message 5207
Performance test message 5208
Performance test message 5209
Performance test message 5210
Performance test message 5211
Performance test message 5212
Performance test message 5213
Performance test message 5214
Performance test message 5215
Performance test message 5216
Performance test message 5217
Performance test message 5218
Performance test message 5219
Performance test message 5220
Performance test message 5221
Performance test message 5222
Performance test message 5223
Performance test message 5224
Performance test message 5225
Performance test message 5226
Performance test message 5227
Performance test message 5228
Performance test message 5229
Performance test message 5230
Performance test message 5231
Performance test message 5232
Performance test message 5233
Performance test message 5234
Performance test message 5235
Performance test message 5236
Performance test message 5237
Performance test message 5238
Performance test message 5239
Performance test message 5240
Performance test message 5241
Performance test message 5242
Performance test message 5243
Performance test message 5244
Performance test message 5245
Performance test message 5246
Performance test message 5247
Performance test message 5248
Performance test message 5249
Performance test message 5250
Performance test message 5251
Performance test message 5252
Performance test message 5253
Performance test message 5254
Performance test message 5255
Performance test message 5256
Performance test message 5257
Performance test message 5258
Performance test message 5259
Performance test message 5260
Performance test message 5261
Performance test message 5262
Performance test message 5263
Performance test message 5264
Performance test message 5265
Performance test message 5266
Performance test message 5267
Performance test message 5268
Performance test message 5269
Performance test message 5270
Performance test message 5271
Performance test message 5272
Performance test message 5273
Performance test message 5274
Performance test message 5275
Performance test message 5276
Performance test message 5277
Performance test message 5278
Performance test message 5279
Performance test message 5280
Performance test message 5281
Performance test message 5282
Performance test message 5283
Performance test message 5284
Performance test message 5285
Performance test message 5286
Performance test message 5287
Performance test message 5288
Performance test message 5289
Performance test message 5290
Performance test message 5291
Performance test message 5292
Performance test message 5293
Performance test message 5294
Performance test message 5295
Performance test message 5296
Performance test message 5297
Performance test message 5298
Performance test message 5299
Performance test message 5300
Performance test message 5301
Performance test message 5302
Performance test message 5303
Performance test message 5304
Performance test message 5305
Performance test message 5306
Performance test message 5307
Performance test message 5308
Performance test message 5309
Performance test message 5310
Performance test message 5311
Performance test message 5312
Performance test message 5313
Performance test message 5314
Performance test message 5315
Performance test message 5316
Performance test message 5317
Performance test message 5318
Performance test message 5319
Performance test message 5320
Performance test message 5321
Performance test message 5322
Performance test message 5323
Performance test message 5324
Performance test message 5325
Performance test message 5326
Performance test message 5327
Performance test message 5328
Performance test message 5329
Performance test message 5330
Performance test message 5331
Performance test message 5332
Performance test message 5333
Performance test message 5334
Performance test message 5335
Performance test message 5336
Performance test message 5337
Performance test message 5338
Performance test message 5339
Performance test message 5340
Performance test message 5341
Performance test message 5342
Performance test message 5343
Performance test message 5344
Performance test message 5345
Performance test message 5346
Performance test message 5347
Performance test message 5348
Performance test message 5349
Performance test message 5350
Performance test message 5351
Performance test message 5352
Performance test message 5353
Performance test message 5354
Performance test message 5355
Performance test message 5356
Performance test message 5357
Performance test message 5358
Performance test message 5359
Performance test message 5360
Performance test message 5361
Performance test message 5362
Performance test message 5363
Performance test message 5364
Performance test message 5365
Performance test message 5366
Performance test message 5367
Performance test message 5368
Performance test message 5369
Performance test message 5370
Performance test message 5371
Performance test message 5372
Performance test message 5373
Performance test message 5374
Performance test message 5375
Performance test message 5376
Performance test message 5377
Performance test message 5378
Performance test message 5379
Performance test message 5380
Performance test message 5381
Performance test message 5382
Performance test message 5383
Performance test message 5384
Performance test message 5385
Performance test message 5386
Performance test message 5387
Performance test message 5388
Performance test message 5389
Performance test message 5390
Performance test message 5391
Performance test message 5392
Performance test message 5393
Performance test message 5394
Performance test message 5395
Performance test message 5396
Performance test message 5397
Performance test message 5398
Performance test message 5399
Performance test message 5400
Performance test message 5401
Performance test message 5402
Performance test message 5403
Performance test message 5404
Performance test message 5405
Performance test message 5406
Performance test message 5407
Performance test message 5408
Performance test message 5409
Performance test message 5410
Performance test message 5411
Performance test message 5412
Performance test message 5413
Performance test message 5414
Performance test message 5415
Performance test message 5416
Performance test message 5417
Performance test message 5418
Performance test message 5419
Performance test message 5420
Performance test message 5421
Performance test message 5422
Performance test message 5423
Performance test message 5424
Performance test message 5425
Performance test message 5426
Performance test message 5427
Performance test message 5428
Performance test message 5429
Performance test message 5430
Performance test message 5431
Performance test message 5432
Performance test message 5433
Performance test message 5434
Performance test message 5435
Performance test message 5436
Performance test message 5437
Performance test message 5438
Performance test message 5439
Performance test message 5440
Performance test message 5441
Performance test message 5442
Performance test message 5443
Performance test message 5444
Performance test message 5445
Performance test message 5446
Performance test message 5447
Performance test message 5448
Performance test message 5449
Performance test message 5450
Performance test message 5451
Performance test message 5452
Performance test message 5453
Performance test message 5454
Performance test message 5455
Performance test message 5456
Performance test message 5457
Performance test message 5458
Performance test message 5459
Performance test message 5460
Performance test message 5461
Performance test message 5462
Performance test message 5463
Performance test message 5464
Performance test message 5465
Performance test message 5466
Performance test message 5467
Performance test message 5468
Performance test message 5469
Performance test message 5470
Performance test message 5471
Performance test message 5472
Performance test message 5473
Performance test message 5474
Performance test message 5475
Performance test message 5476
Performance test message 5477
Performance test message 5478
Performance test message 5479
Performance test message 5480
Performance test message 5481
Performance test message 5482
Performance test message 5483
Performance test message 5484
Performance test message 5485
Performance test message 5486
Performance test message 5487
Performance test message 5488
Performance test message 5489
Performance test message 5490
Performance test message 5491
Performance test message 5492
Performance test message 5493
Performance test message 5494
Performance test message 5495
Performance test message 5496
Performance test message 5497
Performance test message 5498
Performance test message 5499
Performance test message 5500
Performance test message 5501
Performance test message 5502
Performance test message 5503
Performance test message 5504
Performance test message 5505
Performance test message 5506
Performance test message 5507
Performance test message 5508
Performance test message 5509
Performance test message 5510
Performance test message 5511
Performance test message 5512
Performance test message 5513
Performance test message 5514
Performance test message 5515
Performance test message 5516
Performance test message 5517
Performance test message 5518
Performance test message 5519
Performance test message 5520
Performance test message 5521
Performance test message 5522
Performance test message 5523
Performance test message 5524
Performance test message 5525
Performance test message 5526
Performance test message 5527
Performance test message 5528
Performance test message 5529
Performance test message 5530
Performance test message 5531
Performance test message 5532
Performance test message 5533
Performance test message 5534
Performance test message 5535
Performance test message 5536
Performance test message 5537
Performance test message 5538
Performance test message 5539
Performance test message 5540
Performance test message 5541
Performance test message 5542
Performance test message 5543
Performance test message 5544
Performance test message 5545
Performance test message 5546
Performance test message 5547
Performance test message 5548
Performance test message 5549
Performance test message 5550
Performance test message 5551
Performance test message 5552
Performance test message 5553
Performance test message 5554
Performance test message 5555
Performance test message 5556
Performance test message 5557
Performance test message 5558
Performance test message 5559
Performance test message 5560
Performance test message 5561
Performance test message 5562
Performance test message 5563
Performance test message 5564
Performance test message 5565
Performance test message 5566
Performance test message 5567
Performance test message 5568
Performance test message 5569
Performance test message 5570
Performance test message 5571
Performance test message 5572
Performance test message 5573
Performance test message 5574
Performance test message 5575
Performance test message 5576
Performance test message 5577
Performance test message 5578
Performance test message 5579
Performance test message 5580
Performance test message 5581
Performance test message 5582
Performance test message 5583
Performance test message 5584
Performance test message 5585
Performance test message 5586
Performance test message 5587
Performance test message 5588
Performance test message 5589
Performance test message 5590
Performance test message 5591
Performance test message 5592
Performance test message 5593
Performance test message 5594
Performance test message 5595
Performance test message 5596
Performance test message 5597
Performance test message 5598
Performance test message 5599
Performance test message 5600
Performance test message 5601
Performance test message 5602
Performance test message 5603
Performance test message 5604
Performance test message 5605
Performance test message 5606
Performance test message 5607
Performance test message 5608
Performance test message 5609
Performance test message 5610
Performance test message 5611
Performance test message 5612
Performance test message 5613
Performance test message 5614
Performance test message 5615
Performance test message 5616
Performance test message 5617
Performance test message 5618
Performance test message 5619
Performance test message 5620
Performance test message 5621
Performance test message 5622
Performance test message 5623
Performance test message 5624
Performance test message 5625
Performance test message 5626
Performance test message 5627
Performance test message 5628
Performance test message 5629
Performance test message 5630
Performance test message 5631
Performance test message 5632
Performance test message 5633
Performance test message 5634
Performance test message 5635
Performance test message 5636
Performance test message 5637
Performance test message 5638
Performance test message 5639
Performance test message 5640
Performance test message 5641
Performance test message 5642
Performance test message 5643
Performance test message 5644
Performance test message 5645
Performance test message 5646
Performance test message 5647
Performance test message 5648
Performance test message 5649
Performance test message 5650
Performance test message 5651
Performance test message 5652
Performance test message 5653
Performance test message 5654
Performance test message 5655
Performance test message 5656
Performance test message 5657
Performance test message 5658
Performance test message 5659
Performance test message 5660
Performance test message 5661
Performance test message 5662
Performance test message 5663
Performance test message 5664
Performance test message 5665
Performance test message 5666
Performance test message 5667
Performance test message 5668
Performance test message 5669
Performance test message 5670
Performance test message 5671
Performance test message 5672
Performance test message 5673
Performance test message 5674
Performance test message 5675
Performance test message 5676
Performance test message 5677
Performance test message 5678
Performance test message 5679
Performance test message 5680
Performance test message 5681
Performance test message 5682
Performance test message 5683
Performance test message 5684
Performance test message 5685
Performance test message 5686
Performance test message 5687
Performance test message 5688
Performance test message 5689
Performance test message 5690
Performance test message 5691
Performance test message 5692
Performance test message 5693
Performance test message 5694
Performance test message 5695
Performance test message 5696
Performance test message 5697
Performance test message 5698
Performance test message 5699
Performance test message 5700
Performance test message 5701
Performance test message 5702
Performance test message 5703
Performance test message 5704
Performance test message 5705
Performance test message 5706
Performance test message 5707
Performance test message 5708
Performance test message 5709
Performance test message 5710
Performance test message 5711
Performance test message 5712
Performance test message 5713
Performance test message 5714
Performance test message 5715
Performance test message 5716
Performance test message 5717
Performance test message 5718
Performance test message 5719
Performance test message 5720
Performance test message 5721
Performance test message 5722
Performance test message 5723
Performance test message 5724
Performance test message 5725
Performance test message 5726
Performance test message 5727
Performance test message 5728
Performance test message 5729
Performance test message 5730
Performance test message 5731
Performance test message 5732
Performance test message 5733
Performance test message 5734
Performance test message 5735
Performance test message 5736
Performance test message 5737
Performance test message 5738
Performance test message 5739
Performance test message 5740
Performance test message 5741
Performance test message 5742
Performance test message 5743
Performance test message 5744
Performance test message 5745
Performance test message 5746
Performance test message 5747
Performance test message 5748
Performance test message 5749
Performance test message 5750
Performance test message 5751
Performance test message 5752
Performance test message 5753
Performance test message 5754
Performance test message 5755
Performance test message 5756
Performance test message 5757
Performance test message 5758
Performance test message 5759
Performance test message 5760
Performance test message 5761
Performance test message 5762
Performance test message 5763
Performance test message 5764
Performance test message 5765
Performance test message 5766
Performance test message 5767
Performance test message 5768
Performance test message 5769
Performance test message 5770
Performance test message 5771
Performance test message 5772
Performance test message 5773
Performance test message 5774
Performance test message 5775
Performance test message 5776
Performance test message 5777
Performance test message 5778
Performance test message 5779
Performance test message 5780
Performance test message 5781
Performance test message 5782
Performance test message 5783
Performance test message 5784
Performance test message 5785
Performance test message 5786
Performance test message 5787
Performance test message 5788
Performance test message 5789
Performance test message 5790
Performance test message 5791
Performance test message 5792
Performance test message 5793
Performance test message 5794
Performance test message 5795
Performance test message 5796
Performance test message 5797
Performance test message 5798
Performance test message 5799
Performance test message 5800
Performance test message 5801
Performance test message 5802
Performance test message 5803
Performance test message 5804
Performance test message 5805
Performance test message 5806
Performance test message 5807
Performance test message 5808
Performance test message 5809
Performance test message 5810
Performance test message 5811
Performance test message 5812
Performance test message 5813
Performance test message 5814
Performance test message 5815
Performance test message 5816
Performance test message 5817
Performance test message 5818
Performance test message 5819
Performance test message 5820
Performance test message 5821
Performance test message 5822
Performance test message 5823
Performance test message 5824
Performance test message 5825
Performance test message 5826
Performance test message 5827
Performance test message 5828
Performance test message 5829
Performance test message 5830
Performance test message 5831
Performance test message 5832
Performance test message 5833
Performance test message 5834
Performance test message 5835
Performance test message 5836
Performance test message 5837
Performance test message 5838
Performance test message 5839
Performance test message 5840
Performance test message 5841
Performance test message 5842
Performance test message 5843
Performance test message 5844
Performance test message 5845
Performance test message 5846
Performance test message 5847
Performance test message 5848
Performance test message 5849
Performance test message 5850
Performance test message 5851
Performance test message 5852
Performance test message 5853
Performance test message 5854
Performance test message 5855
Performance test message 5856
Performance test message 5857
Performance test message 5858
Performance test message 5859
Performance test message 5860
Performance test message 5861
Performance test message 5862
Performance test message 5863
Performance test message 5864
Performance test message 5865
Performance test message 5866
Performance test message 5867
Performance test message 5868
Performance test message 5869
Performance test message 5870
Performance test message 5871
Performance test message 5872
Performance test message 5873
Performance test message 5874
Performance test message 5875
Performance test message 5876
Performance test message 5877
Performance test message 5878
Performance test message 5879
Performance test message 5880
Performance test message 5881
Performance test message 5882
Performance test message 5883
Performance test message 5884
Performance test message 5885
Performance test message 5886
Performance test message 5887
Performance test message 5888
Performance test message 5889
Performance test message 5890
Performance test message 5891
Performance test message 5892
Performance test message 5893
Performance test message 5894
Performance test message 5895
Performance test message 5896
Performance test message 5897
Performance test message 5898
Performance test message 5899
Performance test message 5900
Performance test message 5901
Performance test message 5902
Performance test message 5903
Performance test message 5904
Performance test message 5905
Performance test message 5906
Performance test message 5907
Performance test message 5908
Performance test message 5909
Performance test message 5910
Performance test message 5911
Performance test message 5912
Performance test message 5913
Performance test message 5914
Performance test message 5915
Performance test message 5916
Performance test message 5917
Performance test message 5918
Performance test message 5919
Performance test message 5920
Performance test message 5921
Performance test message 5922
Performance test message 5923
Performance test message 5924
Performance test message 5925
Performance test message 5926
Performance test message 5927
Performance test message 5928
Performance test message 5929
Performance test message 5930
Performance test message 5931
Performance test message 5932
Performance test message 5933
Performance test message 5934
Performance test message 5935
Performance test message 5936
Performance test message 5937
Performance test message 5938
Performance test message 5939
Performance test message 5940
Performance test message 5941
Performance test message 5942
Performance test message 5943
Performance test message 5944
Performance test message 5945
Performance test message 5946
Performance test message 5947
Performance test message 5948
Performance test message 5949
Performance test message 5950
Performance test message 5951
Performance test message 5952
Performance test message 5953
Performance test message 5954
Performance test message 5955
Performance test message 5956
Performance test message 5957
Performance test message 5958
Performance test message 5959
Performance test message 5960
Performance test message 5961
Performance test message 5962
Performance test message 5963
Performance test message 5964
Performance test message 5965
Performance test message 5966
Performance test message 5967
Performance test message 5968
Performance test message 5969
Performance test message 5970
Performance test message 5971
Performance test message 5972
Performance test message 5973
Performance test message 5974
Performance test message 5975
Performance test message 5976
Performance test message 5977
Performance test message 5978
Performance test message 5979
Performance test message 5980
Performance test message 5981
Performance test message 5982
Performance test message 5983
Performance test message 5984
Performance test message 5985
Performance test message 5986
Performance test message 5987
Performance test message 5988
Performance test message 5989
Performance test message 5990
Performance test message 5991
Performance test message 5992
Performance test message 5993
Performance test message 5994
Performance test message 5995
Performance test message 5996
Performance test message 5997
Performance test message 5998
Performance test message 5999
Performance test message 6000
Performance test message 6001
Performance test message 6002
Performance test message 6003
Performance test message 6004
Performance test message 6005
Performance test message 6006
Performance test message 6007
Performance test message 6008
Performance test message 6009
Performance test message 6010
Performance test message 6011
Performance test message 6012
Performance test message 6013
Performance test message 6014
Performance test message 6015
Performance test message 6016
Performance test message 6017
Performance test message 6018
Performance test message 6019
Performance test message 6020
Performance test message 6021
Performance test message 6022
Performance test message 6023
Performance test message 6024
Performance test message 6025
Performance test message 6026
Performance test message 6027
Performance test message 6028
Performance test message 6029
Performance test message 6030
Performance test message 6031
Performance test message 6032
Performance test message 6033
Performance test message 6034
Performance test message 6035
Performance test message 6036
Performance test message 6037
Performance test message 6038
Performance test message 6039
Performance test message 6040
Performance test message 6041
Performance test message 6042
Performance test message 6043
Performance test message 6044
Performance test message 6045
Performance test message 6046
Performance test message 6047
Performance test message 6048
Performance test message 6049
Performance test message 6050
Performance test message 6051
Performance test message 6052
Performance test message 6053
Performance test message 6054
Performance test message 6055
Performance test message 6056
Performance test message 6057
Performance test message 6058
Performance test message 6059
Performance test message 6060
Performance test message 6061
Performance test message 6062
Performance test message 6063
Performance test message 6064
Performance test message 6065
Performance test message 6066
Performance test message 6067
Performance test message 6068
Performance test message 6069
Performance test message 6070
Performance test message 6071
Performance test message 6072
Performance test message 6073
Performance test message 6074
Performance test message 6075
Performance test message 6076
Performance test message 6077
Performance test message 6078
Performance test message 6079
Performance test message 6080
Performance test message 6081
Performance test message 6082
Performance test message 6083
Performance test message 6084
Performance test message 6085
Performance test message 6086
Performance test message 6087
Performance test message 6088
Performance test message 6089
Performance test message 6090
Performance test message 6091
Performance test message 6092
Performance test message 6093
Performance test message 6094
Performance test message 6095
Performance test message 6096
Performance test message 6097
Performance test message 6098
Performance test message 6099
Performance test message 6100
Performance test message 6101
Performance test message 6102
Performance test message 6103
Performance test message 6104
Performance test message 6105
Performance test message 6106
Performance test message 6107
Performance test message 6108
Performance test message 6109
Performance test message 6110
Performance test message 6111
Performance test message 6112
Performance test message 6113
Performance test message 6114
Performance test message 6115
Performance test message 6116
Performance test message 6117
Performance test message 6118
Performance test message 6119
Performance test message 6120
Performance test message 6121
Performance test message 6122
Performance test message 6123
Performance test message 6124
Performance test message 6125
Performance test message 6126
Performance test message 6127
Performance test message 6128
Performance test message 6129
Performance test message 6130
Performance test message 6131
Performance test message 6132
Performance test message 6133
Performance test message 6134
Performance test message 6135
Performance test message 6136
Performance test message 6137
Performance test message 6138
Performance test message 6139
Performance test message 6140
Performance test message 6141
Performance test message 6142
Performance test message 6143
Performance test message 6144
Performance test message 6145
Performance test message 6146
Performance test message 6147
Performance test message 6148
Performance test message 6149
Performance test message 6150
Performance test message 6151
Performance test message 6152
Performance test message 6153
Performance test message 6154
Performance test message 6155
Performance test message 6156
Performance test message 6157
Performance test message 6158
Performance test message 6159
Performance test message 6160
Performance test message 6161
Performance test message 6162
Performance test message 6163
Performance test message 6164
Performance test message 6165
Performance test message 6166
Performance test message 6167
Performance test message 6168
Performance test message 6169
Performance test message 6170
Performance test message 6171
Performance test message 6172
Performance test message 6173
Performance test message 6174
Performance test message 6175
Performance test message 6176
Performance test message 6177
Performance test message 6178
Performance test message 6179
Performance test message 6180
Performance test message 6181
Performance test message 6182
Performance test message 6183
Performance test message 6184
Performance test message 6185
Performance test message 6186
Performance test message 6187
Performance test message 6188
Performance test message 6189
Performance test message 6190
Performance test message 6191
Performance test message 6192
Performance test message 6193
Performance test message 6194
Performance test message 6195
Performance test message 6196
Performance test message 6197
Performance test message 6198
Performance test message 6199
Performance test message 6200
Performance test message 6201
Performance test message 6202
Performance test message 6203
Performance test message 6204
Performance test message 6205
Performance test message 6206
Performance test message 6207
Performance test message 6208
Performance test message 6209
Performance test message 6210
Performance test message 6211
Performance test message 6212
Performance test message 6213
Performance test message 6214
Performance test message 6215
Performance test message 6216
Performance test message 6217
Performance test message 6218
Performance test message 6219
Performance test message 6220
Performance test message 6221
Performance test message 6222
Performance test message 6223
Performance test message 6224
Performance test message 6225
Performance test message 6226
Performance test message 6227
Performance test message 6228
Performance test message 6229
Performance test message 6230
Performance test message 6231
Performance test message 6232
Performance test message 6233
Performance test message 6234
Performance test message 6235
Performance test message 6236
Performance test message 6237
Performance test message 6238
Performance test message 6239
Performance test message 6240
Performance test message 6241
Performance test message 6242
Performance test message 6243
Performance test message 6244
Performance test message 6245
Performance test message 6246
Performance test message 6247
Performance test message 6248
Performance test message 6249
Performance test message 6250
Performance test message 6251
Performance test message 6252
Performance test message 6253
Performance test message 6254
Performance test message 6255
Performance test message 6256
Performance test message 6257
Performance test message 6258
Performance test message 6259
Performance test message 6260
Performance test message 6261
Performance test message 6262
Performance test message 6263
Performance test message 6264
Performance test message 6265
Performance test message 6266
Performance test message 6267
Performance test message 6268
Performance test message 6269
Performance test message 6270
Performance test message 6271
Performance test message 6272
Performance test message 6273
Performance test message 6274
Performance test message 6275
Performance test message 6276
Performance test message 6277
Performance test message 6278
Performance test message 6279
Performance test message 6280
Performance test message 6281
Performance test message 6282
Performance test message 6283
Performance test message 6284
Performance test message 6285
Performance test message 6286
Performance test message 6287
Performance test message 6288
Performance test message 6289
Performance test message 6290
Performance test message 6291
Performance test message 6292
Performance test message 6293
Performance test message 6294
Performance test message 6295
Performance test message 6296
Performance test message 6297
Performance test message 6298
Performance test message 6299
Performance test message 6300
Performance test message 6301
Performance test message 6302
Performance test message 6303
Performance test message 6304
Performance test message 6305
Performance test message 6306
Performance test message 6307
Performance test message 6308
Performance test message 6309
Performance test message 6310
Performance test message 6311
Performance test message 6312
Performance test message 6313
Performance test message 6314
Performance test message 6315
Performance test message 6316
Performance test message 6317
Performance test message 6318
Performance test message 6319
Performance test message 6320
Performance test message 6321
Performance test message 6322
Performance test message 6323
Performance test message 6324
Performance test message 6325
Performance test message 6326
Performance test message 6327
Performance test message 6328
Performance test message 6329
Performance test message 6330
Performance test message 6331
Performance test message 6332
Performance test message 6333
Performance test message 6334
Performance test message 6335
Performance test message 6336
Performance test message 6337
Performance test message 6338
Performance test message 6339
Performance test message 6340
Performance test message 6341
Performance test message 6342
Performance test message 6343
Performance test message 6344
Performance test message 6345
Performance test message 6346
Performance test message 6347
Performance test message 6348
Performance test message 6349
Performance test message 6350
Performance test message 6351
Performance test message 6352
Performance test message 6353
Performance test message 6354
Performance test message 6355
Performance test message 6356
Performance test message 6357
Performance test message 6358
Performance test message 6359
Performance test message 6360
Performance test message 6361
Performance test message 6362
Performance test message 6363
Performance test message 6364
Performance test message 6365
Performance test message 6366
Performance test message 6367
Performance test message 6368
Performance test message 6369
Performance test message 6370
Performance test message 6371
Performance test message 6372
Performance test message 6373
Performance test message 6374
Performance test message 6375
Performance test message 6376
Performance test message 6377
Performance test message 6378
Performance test message 6379
Performance test message 6380
Performance test message 6381
Performance test message 6382
Performance test message 6383
Performance test message 6384
Performance test message 6385
Performance test message 6386
Performance test message 6387
Performance test message 6388
Performance test message 6389
Performance test message 6390
Performance test message 6391
Performance test message 6392
Performance test message 6393
Performance test message 6394
Performance test message 6395
Performance test message 6396
Performance test message 6397
Performance test message 6398
Performance test message 6399
Performance test message 6400
Performance test message 6401
Performance test message 6402
Performance test message 6403
Performance test message 6404
Performance test message 6405
Performance test message 6406
Performance test message 6407
Performance test message 6408
Performance test message 6409
Performance test message 6410
Performance test message 6411
Performance test message 6412
Performance test message 6413
Performance test message 6414
Performance test message 6415
Performance test message 6416
Performance test message 6417
Performance test message 6418
Performance test message 6419
Performance test message 6420
Performance test message 6421
Performance test message 6422
Performance test message 6423
Performance test message 6424
Performance test message 6425
Performance test message 6426
Performance test message 6427
Performance test message 6428
Performance test message 6429
Performance test message 6430
Performance test message 6431
Performance test message 6432
Performance test message 6433
Performance test message 6434
Performance test message 6435
Performance test message 6436
Performance test message 6437
Performance test message 6438
Performance test message 6439
Performance test message 6440
Performance test message 6441
Performance test message 6442
Performance test message 6443
Performance test message 6444
Performance test message 6445
Performance test message 6446
Performance test message 6447
Performance test message 6448
Performance test message 6449
Performance test message 6450
Performance test message 6451
Performance test message 6452
Performance test message 6453
Performance test message 6454
Performance test message 6455
Performance test message 6456
Performance test message 6457
Performance test message 6458
Performance test message 6459
Performance test message 6460
Performance test message 6461
Performance test message 6462
Performance test message 6463
Performance test message 6464
Performance test message 6465
Performance test message 6466
Performance test message 6467
Performance test message 6468
Performance test message 6469
Performance test message 6470
Performance test message 6471
Performance test message 6472
Performance test message 6473
Performance test message 6474
Performance test message 6475
Performance test message 6476
Performance test message 6477
Performance test message 6478
Performance test message 6479
Performance test message 6480
Performance test message 6481
Performance test message 6482
Performance test message 6483
Performance test message 6484
Performance test message 6485
Performance test message 6486
Performance test message 6487
Performance test message 6488
Performance test message 6489
Performance test message 6490
Performance test message 6491
Performance test message 6492
Performance test message 6493
Performance test message 6494
Performance test message 6495
Performance test message 6496
Performance test message 6497
Performance test message 6498
Performance test message 6499
Performance test message 6500
Performance test message 6501
Performance test message 6502
Performance test message 6503
Performance test message 6504
Performance test message 6505
Performance test message 6506
Performance test message 6507
Performance test message 6508
Performance test message 6509
Performance test message 6510
Performance test message 6511
Performance test message 6512
Performance test message 6513
Performance test message 6514
Performance test message 6515
Performance test message 6516
Performance test message 6517
Performance test message 6518
Performance test message 6519
Performance test message 6520
Performance test message 6521
Performance test message 6522
Performance test message 6523
Performance test message 6524
Performance test message 6525
Performance test message 6526
Performance test message 6527
Performance test message 6528
Performance test message 6529
Performance test message 6530
Performance test message 6531
Performance test message 6532
Performance test message 6533
Performance test message 6534
Performance test message 6535
Performance test message 6536
Performance test message 6537
Performance test message 6538
Performance test message 6539
Performance test message 6540
Performance test message 6541
Performance test message 6542
Performance test message 6543
Performance test message 6544
Performance test message 6545
Performance test message 6546
Performance test message 6547
Performance test message 6548
Performance test message 6549
Performance test message 6550
Performance test message 6551
Performance test message 6552
Performance test message 6553
Performance test message 6554
Performance test message 6555
Performance test message 6556
Performance test message 6557
Performance test message 6558
Performance test message 6559
Performance test message 6560
Performance test message 6561
Performance test message 6562
Performance test message 6563
Performance test message 6564
Performance test message 6565
Performance test message 6566
Performance test message 6567
Performance test message 6568
Performance test message 6569
Performance test message 6570
Performance test message 6571
Performance test message 6572
Performance test message 6573
Performance test message 6574
Performance test message 6575
Performance test message 6576
Performance test message 6577
Performance test message 6578
Performance test message 6579
Performance test message 6580
Performance test message 6581
Performance test message 6582
Performance test message 6583
Performance test message 6584
Performance test message 6585
Performance test message 6586
Performance test message 6587
Performance test message 6588
Performance test message 6589
Performance test message 6590
Performance test message 6591
Performance test message 6592
Performance test message 6593
Performance test message 6594
Performance test message 6595
Performance test message 6596
Performance test message 6597
Performance test message 6598
Performance test message 6599
Performance test message 6600
Performance test message 6601
Performance test message 6602
Performance test message 6603
Performance test message 6604
Performance test message 6605
Performance test message 6606
Performance test message 6607
Performance test message 6608
Performance test message 6609
Performance test message 6610
Performance test message 6611
Performance test message 6612
Performance test message 6613
Performance test message 6614
Performance test message 6615
Performance test message 6616
Performance test message 6617
Performance test message 6618
Performance test message 6619
Performance test message 6620
Performance test message 6621
Performance test message 6622
Performance test message 6623
Performance test message 6624
Performance test message 6625
Performance test message 6626
Performance test message 6627
Performance test message 6628
Performance test message 6629
Performance test message 6630
Performance test message 6631
Performance test message 6632
Performance test message 6633
Performance test message 6634
Performance test message 6635
Performance test message 6636
Performance test message 6637
Performance test message 6638
Performance test message 6639
Performance test message 6640
Performance test message 6641
Performance test message 6642
Performance test message 6643
Performance test message 6644
Performance test message 6645
Performance test message 6646
Performance test message 6647
Performance test message 6648
Performance test message 6649
Performance test message 6650
Performance test message 6651
Performance test message 6652
Performance test message 6653
Performance test message 6654
Performance test message 6655
Performance test message 6656
Performance test message 6657
Performance test message 6658
Performance test message 6659
Performance test message 6660
Performance test message 6661
Performance test message 6662
Performance test message 6663
Performance test message 6664
Performance test message 6665
Performance test message 6666
Performance test message 6667
Performance test message 6668
Performance test message 6669
Performance test message 6670
Performance test message 6671
Performance test message 6672
Performance test message 6673
Performance test message 6674
Performance test message 6675
Performance test message 6676
Performance test message 6677
Performance test message 6678
Performance test message 6679
Performance test message 6680
Performance test message 6681
Performance test message 6682
Performance test message 6683
Performance test message 6684
Performance test message 6685
Performance test message 6686
Performance test message 6687
Performance test message 6688
Performance test message 6689
Performance test message 6690
Performance test message 6691
Performance test message 6692
Performance test message 6693
Performance test message 6694
Performance test message 6695
Performance test message 6696
Performance test message 6697
Performance test message 6698
Performance test message 6699
Performance test message 6700
Performance test message 6701
Performance test message 6702
Performance test message 6703
Performance test message 6704
Performance test message 6705
Performance test message 6706
Performance test message 6707
Performance test message 6708
Performance test message 6709
Performance test message 6710
Performance test message 6711
Performance test message 6712
Performance test message 6713
Performance test message 6714
Performance test message 6715
Performance test message 6716
Performance test message 6717
Performance test message 6718
Performance test message 6719
Performance test message 6720
Performance test message 6721
Performance test message 6722
Performance test message 6723
Performance test message 6724
Performance test message 6725
Performance test message 6726
Performance test message 6727
Performance test message 6728
Performance test message 6729
Performance test message 6730
Performance test message 6731
Performance test message 6732
Performance test message 6733
Performance test message 6734
Performance test message 6735
Performance test message 6736
Performance test message 6737
Performance test message 6738
Performance test message 6739
Performance test message 6740
Performance test message 6741
Performance test message 6742
Performance test message 6743
Performance test message 6744
Performance test message 6745
Performance test message 6746
Performance test message 6747
Performance test message 6748
Performance test message 6749
Performance test message 6750
Performance test message 6751
Performance test message 6752
Performance test message 6753
Performance test message 6754
Performance test message 6755
Performance test message 6756
Performance test message 6757
Performance test message 6758
Performance test message 6759
Performance test message 6760
Performance test message 6761
Performance test message 6762
Performance test message 6763
Performance test message 6764
Performance test message 6765
Performance test message 6766
Performance test message 6767
Performance test message 6768
Performance test message 6769
Performance test message 6770
Performance test message 6771
Performance test message 6772
Performance test message 6773
Performance test message 6774
Performance test message 6775
Performance test message 6776
Performance test message 6777
Performance test message 6778
Performance test message 6779
Performance test message 6780
Performance test message 6781
Performance test message 6782
Performance test message 6783
Performance test message 6784
Performance test message 6785
Performance test message 6786
Performance test message 6787
Performance test message 6788
Performance test message 6789
Performance test message 6790
Performance test message 6791
Performance test message 6792
Performance test message 6793
Performance test message 6794
Performance test message 6795
Performance test message 6796
Performance test message 6797
Performance test message 6798
Performance test message 6799
Performance test message 6800
Performance test message 6801
Performance test message 6802
Performance test message 6803
Performance test message 6804
Performance test message 6805
Performance test message 6806
Performance test message 6807
Performance test message 6808
Performance test message 6809
Performance test message 6810
Performance test message 6811
Performance test message 6812
Performance test message 6813
Performance test message 6814
Performance test message 6815
Performance test message 6816
Performance test message 6817
Performance test message 6818
Performance test message 6819
Performance test message 6820
Performance test message 6821
Performance test message 6822
Performance test message 6823
Performance test message 6824
Performance test message 6825
Performance test message 6826
Performance test message 6827
Performance test message 6828
Performance test message 6829
Performance test message 6830
Performance test message 6831
Performance test message 6832
Performance test message 6833
Performance test message 6834
Performance test message 6835
Performance test message 6836
Performance test message 6837
Performance test message 6838
Performance test message 6839
Performance test message 6840
Performance test message 6841
Performance test message 6842
Performance test message 6843
Performance test message 6844
Performance test message 6845
Performance test message 6846
Performance test message 6847
Performance test message 6848
Performance test message 6849
Performance test message 6850
Performance test message 6851
Performance test message 6852
Performance test message 6853
Performance test message 6854
Performance test message 6855
Performance test message 6856
Performance test message 6857
Performance test message 6858
Performance test message 6859
Performance test message 6860
Performance test message 6861
Performance test message 6862
Performance test message 6863
Performance test message 6864
Performance test message 6865
Performance test message 6866
Performance test message 6867
Performance test message 6868
Performance test message 6869
Performance test message 6870
Performance test message 6871
Performance test message 6872
Performance test message 6873
Performance test message 6874
Performance test message 6875
Performance test message 6876
Performance test message 6877
Performance test message 6878
Performance test message 6879
Performance test message 6880
Performance test message 6881
Performance test message 6882
Performance test message 6883
Performance test message 6884
Performance test message 6885
Performance test message 6886
Performance test message 6887
Performance test message 6888
Performance test message 6889
Performance test message 6890
Performance test message 6891
Performance test message 6892
Performance test message 6893
Performance test message 6894
Performance test message 6895
Performance test message 6896
Performance test message 6897
Performance test message 6898
Performance test message 6899
Performance test message 6900
Performance test message 6901
Performance test message 6902
Performance test message 6903
Performance test message 6904
Performance test message 6905
Performance test message 6906
Performance test message 6907
Performance test message 6908
Performance test message 6909
Performance test message 6910
Performance test message 6911
Performance test message 6912
Performance test message 6913
Performance test message 6914
Performance test message 6915
Performance test message 6916
Performance test message 6917
Performance test message 6918
Performance test message 6919
Performance test message 6920
Performance test message 6921
Performance test message 6922
Performance test message 6923
Performance test message 6924
Performance test message 6925
Performance test message 6926
Performance test message 6927
Performance test message 6928
Performance test message 6929
Performance test message 6930
Performance test message 6931
Performance test message 6932
Performance test message 6933
Performance test message 6934
Performance test message 6935
Performance test message 6936
Performance test message 6937
Performance test message 6938
Performance test message 6939
Performance test message 6940
Performance test message 6941
Performance test message 6942
Performance test message 6943
Performance test message 6944
Performance test message 6945
Performance test message 6946
Performance test message 6947
Performance test message 6948
Performance test message 6949
Performance test message 6950
Performance test message 6951
Performance test message 6952
Performance test message 6953
Performance test message 6954
Performance test message 6955
Performance test message 6956
Performance test message 6957
Performance test message 6958
Performance test message 6959
Performance test message 6960
Performance test message 6961
Performance test message 6962
Performance test message 6963
Performance test message 6964
Performance test message 6965
Performance test message 6966
Performance test message 6967
Performance test message 6968
Performance test message 6969
Performance test message 6970
Performance test message 6971
Performance test message 6972
Performance test message 6973
Performance test message 6974
Performance test message 6975
Performance test message 6976
Performance test message 6977
Performance test message 6978
Performance test message 6979
Performance test message 6980
Performance test message 6981
Performance test message 6982
Performance test message 6983
Performance test message 6984
Performance test message 6985
Performance test message 6986
Performance test message 6987
Performance test message 6988
Performance test message 6989
Performance test message 6990
Performance test message 6991
Performance test message 6992
Performance test message 6993
Performance test message 6994
Performance test message 6995
Performance test message 6996
Performance test message 6997
Performance test message 6998
Performance test message 6999
Performance test message 7000
Performance test message 7001
Performance test message 7002
Performance test message 7003
Performance test message 7004
Performance test message 7005
Performance test message 7006
Performance test message 7007
Performance test message 7008
Performance test message 7009
Performance test message 7010
Performance test message 7011
Performance test message 7012
Performance test message 7013
Performance test message 7014
Performance test message 7015
Performance test message 7016
Performance test message 7017
Performance test message 7018
Performance test message 7019
Performance test message 7020
Performance test message 7021
Performance test message 7022
Performance test message 7023
Performance test message 7024
Performance test message 7025
Performance test message 7026
Performance test message 7027
Performance test message 7028
Performance test message 7029
Performance test message 7030
Performance test message 7031
Performance test message 7032
Performance test message 7033
Performance test message 7034
Performance test message 7035
Performance test message 7036
Performance test message 7037
Performance test message 7038
Performance test message 7039
Performance test message 7040
Performance test message 7041
Performance test message 7042
Performance test message 7043
Performance test message 7044
Performance test message 7045
Performance test message 7046
Performance test message 7047
Performance test message 7048
Performance test message 7049
Performance test message 7050
Performance test message 7051
Performance test message 7052
Performance test message 7053
Performance test message 7054
Performance test message 7055
Performance test message 7056
Performance test message 7057
Performance test message 7058
Performance test message 7059
Performance test message 7060
Performance test message 7061
Performance test message 7062
Performance test message 7063
Performance test message 7064
Performance test message 7065
Performance test message 7066
Performance test message 7067
Performance test message 7068
Performance test message 7069
Performance test message 7070
Performance test message 7071
Performance test message 7072
Performance test message 7073
Performance test message 7074
Performance test message 7075
Performance test message 7076
Performance test message 7077
Performance test message 7078
Performance test message 7079
Performance test message 7080
Performance test message 7081
Performance test message 7082
Performance test message 7083
Performance test message 7084
Performance test message 7085
Performance test message 7086
Performance test message 7087
Performance test message 7088
Performance test message 7089
Performance test message 7090
Performance test message 7091
Performance test message 7092
Performance test message 7093
Performance test message 7094
Performance test message 7095
Performance test message 7096
Performance test message 7097
Performance test message 7098
Performance test message 7099
Performance test message 7100
Performance test message 7101
Performance test message 7102
Performance test message 7103
Performance test message 7104
Performance test message 7105
Performance test message 7106
Performance test message 7107
Performance test message 7108
Performance test message 7109
Performance test message 7110
Performance test message 7111
Performance test message 7112
Performance test message 7113
Performance test message 7114
Performance test message 7115
Performance test message 7116
Performance test message 7117
Performance test message 7118
Performance test message 7119
Performance test message 7120
Performance test message 7121
Performance test message 7122
Performance test message 7123
Performance test message 7124
Performance test message 7125
Performance test message 7126
Performance test message 7127
Performance test message 7128
Performance test message 7129
Performance test message 7130
Performance test message 7131
Performance test message 7132
Performance test message 7133
Performance test message 7134
Performance test message 7135
Performance test message 7136
Performance test message 7137
Performance test message 7138
Performance test message 7139
Performance test message 7140
Performance test message 7141
Performance test message 7142
Performance test message 7143
Performance test message 7144
Performance test message 7145
Performance test message 7146
Performance test message 7147
Performance test message 7148
Performance test message 7149
Performance test message 7150
Performance test message 7151
Performance test message 7152
Performance test message 7153
Performance test message 7154
Performance test message 7155
Performance test message 7156
Performance test message 7157
Performance test message 7158
Performance test message 7159
Performance test message 7160
Performance test message 7161
Performance test message 7162
Performance test message 7163
Performance test message 7164
Performance test message 7165
Performance test message 7166
Performance test message 7167
Performance test message 7168
Performance test message 7169
Performance test message 7170
Performance test message 7171
Performance test message 7172
Performance test message 7173
Performance test message 7174
Performance test message 7175
Performance test message 7176
Performance test message 7177
Performance test message 7178
Performance test message 7179
Performance test message 7180
Performance test message 7181
Performance test message 7182
Performance test message 7183
Performance test message 7184
Performance test message 7185
Performance test message 7186
Performance test message 7187
Performance test message 7188
Performance test message 7189
Performance test message 7190
Performance test message 7191
Performance test message 7192
Performance test message 7193
Performance test message 7194
Performance test message 7195
Performance test message 7196
Performance test message 7197
Performance test message 7198
Performance test message 7199
Performance test message 7200
Performance test message 7201
Performance test message 7202
Performance test message 7203
Performance test message 7204
Performance test message 7205
Performance test message 7206
Performance test message 7207
Performance test message 7208
Performance test message 7209
Performance test message 7210
Performance test message 7211
Performance test message 7212
Performance test message 7213
Performance test message 7214
Performance test message 7215
Performance test message 7216
Performance test message 7217
Performance test message 7218
Performance test message 7219
Performance test message 7220
Performance test message 7221
Performance test message 7222
Performance test message 7223
Performance test message 7224
Performance test message 7225
Performance test message 7226
Performance test message 7227
Performance test message 7228
Performance test message 7229
Performance test message 7230
Performance test message 7231
Performance test message 7232
Performance test message 7233
Performance test message 7234
Performance test message 7235
Performance test message 7236
Performance test message 7237
Performance test message 7238
Performance test message 7239
Performance test message 7240
Performance test message 7241
Performance test message 7242
Performance test message 7243
Performance test message 7244
Performance test message 7245
Performance test message 7246
Performance test message 7247
Performance test message 7248
Performance test message 7249
Performance test message 7250
Performance test message 7251
Performance test message 7252
Performance test message 7253
Performance test message 7254
Performance test message 7255
Performance test message 7256
Performance test message 7257
Performance test message 7258
Performance test message 7259
Performance test message 7260
Performance test message 7261
Performance test message 7262
Performance test message 7263
Performance test message 7264
Performance test message 7265
Performance test message 7266
Performance test message 7267
Performance test message 7268
Performance test message 7269
Performance test message 7270
Performance test message 7271
Performance test message 7272
Performance test message 7273
Performance test message 7274
Performance test message 7275
Performance test message 7276
Performance test message 7277
Performance test message 7278
Performance test message 7279
Performance test message 7280
Performance test message 7281
Performance test message 7282
Performance test message 7283
Performance test message 7284
Performance test message 7285
Performance test message 7286
Performance test message 7287
Performance test message 7288
Performance test message 7289
Performance test message 7290
Performance test message 7291
Performance test message 7292
Performance test message 7293
Performance test message 7294
Performance test message 7295
Performance test message 7296
Performance test message 7297
Performance test message 7298
Performance test message 7299
Performance test message 7300
Performance test message 7301
Performance test message 7302
Performance test message 7303
Performance test message 7304
Performance test message 7305
Performance test message 7306
Performance test message 7307
Performance test message 7308
Performance test message 7309
Performance test message 7310
Performance test message 7311
Performance test message 7312
Performance test message 7313
Performance test message 7314
Performance test message 7315
Performance test message 7316
Performance test message 7317
Performance test message 7318
Performance test message 7319
Performance test message 7320
Performance test message 7321
Performance test message 7322
Performance test message 7323
Performance test message 7324
Performance test message 7325
Performance test message 7326
Performance test message 7327
Performance test message 7328
Performance test message 7329
Performance test message 7330
Performance test message 7331
Performance test message 7332
Performance test message 7333
Performance test message 7334
Performance test message 7335
Performance test message 7336
Performance test message 7337
Performance test message 7338
Performance test message 7339
Performance test message 7340
Performance test message 7341
Performance test message 7342
Performance test message 7343
Performance test message 7344
Performance test message 7345
Performance test message 7346
Performance test message 7347
Performance test message 7348
Performance test message 7349
Performance test message 7350
Performance test message 7351
Performance test message 7352
Performance test message 7353
Performance test message 7354
Performance test message 7355
Performance test message 7356
Performance test message 7357
Performance test message 7358
Performance test message 7359
Performance test message 7360
Performance test message 7361
Performance test message 7362
Performance test message 7363
Performance test message 7364
Performance test message 7365
Performance test message 7366
Performance test message 7367
Performance test message 7368
Performance test message 7369
Performance test message 7370
Performance test message 7371
Performance test message 7372
Performance test message 7373
Performance test message 7374
Performance test message 7375
Performance test message 7376
Performance test message 7377
Performance test message 7378
Performance test message 7379
Performance test message 7380
Performance test message 7381
Performance test message 7382
Performance test message 7383
Performance test message 7384
Performance test message 7385
Performance test message 7386
Performance test message 7387
Performance test message 7388
Performance test message 7389
Performance test message 7390
Performance test message 7391
Performance test message 7392
Performance test message 7393
Performance test message 7394
Performance test message 7395
Performance test message 7396
Performance test message 7397
Performance test message 7398
Performance test message 7399
Performance test message 7400
Performance test message 7401
Performance test message 7402
Performance test message 7403
Performance test message 7404
Performance test message 7405
Performance test message 7406
Performance test message 7407
Performance test message 7408
Performance test message 7409
Performance test message 7410
Performance test message 7411
Performance test message 7412
Performance test message 7413
Performance test message 7414
Performance test message 7415
Performance test message 7416
Performance test message 7417
Performance test message 7418
Performance test message 7419
Performance test message 7420
Performance test message 7421
Performance test message 7422
Performance test message 7423
Performance test message 7424
Performance test message 7425
Performance test message 7426
Performance test message 7427
Performance test message 7428
Performance test message 7429
Performance test message 7430
Performance test message 7431
Performance test message 7432
Performance test message 7433
Performance test message 7434
Performance test message 7435
Performance test message 7436
Performance test message 7437
Performance test message 7438
Performance test message 7439
Performance test message 7440
Performance test message 7441
Performance test message 7442
Performance test message 7443
Performance test message 7444
Performance test message 7445
Performance test message 7446
Performance test message 7447
Performance test message 7448
Performance test message 7449
Performance test message 7450
Performance test message 7451
Performance test message 7452
Performance test message 7453
Performance test message 7454
Performance test message 7455
Performance test message 7456
Performance test message 7457
Performance test message 7458
Performance test message 7459
Performance test message 7460
Performance test message 7461
Performance test message 7462
Performance test message 7463
Performance test message 7464
Performance test message 7465
Performance test message 7466
Performance test message 7467
Performance test message 7468
Performance test message 7469
Performance test message 7470
Performance test message 7471
Performance test message 7472
Performance test message 7473
Performance test message 7474
Performance test message 7475
Performance test message 7476
Performance test message 7477
Performance test message 7478
Performance test message 7479
Performance test message 7480
Performance test message 7481
Performance test message 7482
Performance test message 7483
Performance test message 7484
Performance test message 7485
Performance test message 7486
Performance test message 7487
Performance test message 7488
Performance test message 7489
Performance test message 7490
Performance test message 7491
Performance test message 7492
Performance test message 7493
Performance test message 7494
Performance test message 7495
Performance test message 7496
Performance test message 7497
Performance test message 7498
Performance test message 7499
Performance test message 7500
Performance test message 7501
Performance test message 7502
Performance test message 7503
Performance test message 7504
Performance test message 7505
Performance test message 7506
Performance test message 7507
Performance test message 7508
Performance test message 7509
Performance test message 7510
Performance test message 7511
Performance test message 7512
Performance test message 7513
Performance test message 7514
Performance test message 7515
Performance test message 7516
Performance test message 7517
Performance test message 7518
Performance test message 7519
Performance test message 7520
Performance test message 7521
Performance test message 7522
Performance test message 7523
Performance test message 7524
Performance test message 7525
Performance test message 7526
Performance test message 7527
Performance test message 7528
Performance test message 7529
Performance test message 7530
Performance test message 7531
Performance test message 7532
Performance test message 7533
Performance test message 7534
Performance test message 7535
Performance test message 7536
Performance test message 7537
Performance test message 7538
Performance test message 7539
Performance test message 7540
Performance test message 7541
Performance test message 7542
Performance test message 7543
Performance test message 7544
Performance test message 7545
Performance test message 7546
Performance test message 7547
Performance test message 7548
Performance test message 7549
Performance test message 7550
Performance test message 7551
Performance test message 7552
Performance test message 7553
Performance test message 7554
Performance test message 7555
Performance test message 7556
Performance test message 7557
Performance test message 7558
Performance test message 7559
Performance test message 7560
Performance test message 7561
Performance test message 7562
Performance test message 7563
Performance test message 7564
Performance test message 7565
Performance test message 7566
Performance test message 7567
Performance test message 7568
Performance test message 7569
Performance test message 7570
Performance test message 7571
Performance test message 7572
Performance test message 7573
Performance test message 7574
Performance test message 7575
Performance test message 7576
Performance test message 7577
Performance test message 7578
Performance test message 7579
Performance test message 7580
Performance test message 7581
Performance test message 7582
Performance test message 7583
Performance test message 7584
Performance test message 7585
Performance test message 7586
Performance test message 7587
Performance test message 7588
Performance test message 7589
Performance test message 7590
Performance test message 7591
Performance test message 7592
Performance test message 7593
Performance test message 7594
Performance test message 7595
Performance test message 7596
Performance test message 7597
Performance test message 7598
Performance test message 7599
Performance test message 7600
Performance test message 7601
Performance test message 7602
Performance test message 7603
Performance test message 7604
Performance test message 7605
Performance test message 7606
Performance test message 7607
Performance test message 7608
Performance test message 7609
Performance test message 7610
Performance test message 7611
Performance test message 7612
Performance test message 7613
Performance test message 7614
Performance test message 7615
Performance test message 7616
Performance test message 7617
Performance test message 7618
Performance test message 7619
Performance test message 7620
Performance test message 7621
Performance test message 7622
Performance test message 7623
Performance test message 7624
Performance test message 7625
Performance test message 7626
Performance test message 7627
Performance test message 7628
Performance test message 7629
Performance test message 7630
Performance test message 7631
Performance test message 7632
Performance test message 7633
Performance test message 7634
Performance test message 7635
Performance test message 7636
Performance test message 7637
Performance test message 7638
Performance test message 7639
Performance test message 7640
Performance test message 7641
Performance test message 7642
Performance test message 7643
Performance test message 7644
Performance test message 7645
Performance test message 7646
Performance test message 7647
Performance test message 7648
Performance test message 7649
Performance test message 7650
Performance test message 7651
Performance test message 7652
Performance test message 7653
Performance test message 7654
Performance test message 7655
Performance test message 7656
Performance test message 7657
Performance test message 7658
Performance test message 7659
Performance test message 7660
Performance test message 7661
Performance test message 7662
Performance test message 7663
Performance test message 7664
Performance test message 7665
Performance test message 7666
Performance test message 7667
Performance test message 7668
Performance test message 7669
Performance test message 7670
Performance test message 7671
Performance test message 7672
Performance test message 7673
Performance test message 7674
Performance test message 7675
Performance test message 7676
Performance test message 7677
Performance test message 7678
Performance test message 7679
Performance test message 7680
Performance test message 7681
Performance test message 7682
Performance test message 7683
Performance test message 7684
Performance test message 7685
Performance test message 7686
Performance test message 7687
Performance test message 7688
Performance test message 7689
Performance test message 7690
Performance test message 7691
Performance test message 7692
Performance test message 7693
Performance test message 7694
Performance test message 7695
Performance test message 7696
Performance test message 7697
Performance test message 7698
Performance test message 7699
Performance test message 7700
Performance test message 7701
Performance test message 7702
Performance test message 7703
Performance test message 7704
Performance test message 7705
Performance test message 7706
Performance test message 7707
Performance test message 7708
Performance test message 7709
Performance test message 7710
Performance test message 7711
Performance test message 7712
Performance test message 7713
Performance test message 7714
Performance test message 7715
Performance test message 7716
Performance test message 7717
Performance test message 7718
Performance test message 7719
Performance test message 7720
Performance test message 7721
Performance test message 7722
Performance test message 7723
Performance test message 7724
Performance test message 7725
Performance test message 7726
Performance test message 7727
Performance test message 7728
Performance test message 7729
Performance test message 7730
Performance test message 7731
Performance test message 7732
Performance test message 7733
Performance test message 7734
Performance test message 7735
Performance test message 7736
Performance test message 7737
Performance test message 7738
Performance test message 7739
Performance test message 7740
Performance test message 7741
Performance test message 7742
Performance test message 7743
Performance test message 7744
Performance test message 7745
Performance test message 7746
Performance test message 7747
Performance test message 7748
Performance test message 7749
Performance test message 7750
Performance test message 7751
Performance test message 7752
Performance test message 7753
Performance test message 7754
Performance test message 7755
Performance test message 7756
Performance test message 7757
Performance test message 7758
Performance test message 7759
Performance test message 7760
Performance test message 7761
Performance test message 7762
Performance test message 7763
Performance test message 7764
Performance test message 7765
Performance test message 7766
Performance test message 7767
Performance test message 7768
Performance test message 7769
Performance test message 7770
Performance test message 7771
Performance test message 7772
Performance test message 7773
Performance test message 7774
Performance test message 7775
Performance test message 7776
Performance test message 7777
Performance test message 7778
Performance test message 7779
Performance test message 7780
Performance test message 7781
Performance test message 7782
Performance test message 7783
Performance test message 7784
Performance test message 7785
Performance test message 7786
Performance test message 7787
Performance test message 7788
Performance test message 7789
Performance test message 7790
Performance test message 7791
Performance test message 7792
Performance test message 7793
Performance test message 7794
Performance test message 7795
Performance test message 7796
Performance test message 7797
Performance test message 7798
Performance test message 7799
Performance test message 7800
Performance test message 7801
Performance test message 7802
Performance test message 7803
Performance test message 7804
Performance test message 7805
Performance test message 7806
Performance test message 7807
Performance test message 7808
Performance test message 7809
Performance test message 7810
Performance test message 7811
Performance test message 7812
Performance test message 7813
Performance test message 7814
Performance test message 7815
Performance test message 7816
Performance test message 7817
Performance test message 7818
Performance test message 7819
Performance test message 7820
Performance test message 7821
Performance test message 7822
Performance test message 7823
Performance test message 7824
Performance test message 7825
Performance test message 7826
Performance test message 7827
Performance test message 7828
Performance test message 7829
Performance test message 7830
Performance test message 7831
Performance test message 7832
Performance test message 7833
Performance test message 7834
Performance test message 7835
Performance test message 7836
Performance test message 7837
Performance test message 7838
Performance test message 7839
Performance test message 7840
Performance test message 7841
Performance test message 7842
Performance test message 7843
Performance test message 7844
Performance test message 7845
Performance test message 7846
Performance test message 7847
Performance test message 7848
Performance test message 7849
Performance test message 7850
Performance test message 7851
Performance test message 7852
Performance test message 7853
Performance test message 7854
Performance test message 7855
Performance test message 7856
Performance test message 7857
Performance test message 7858
Performance test message 7859
Performance test message 7860
Performance test message 7861
Performance test message 7862
Performance test message 7863
Performance test message 7864
Performance test message 7865
Performance test message 7866
Performance test message 7867
Performance test message 7868
Performance test message 7869
Performance test message 7870
Performance test message 7871
Performance test message 7872
Performance test message 7873
Performance test message 7874
Performance test message 7875
Performance test message 7876
Performance test message 7877
Performance test message 7878
Performance test message 7879
Performance test message 7880
Performance test message 7881
Performance test message 7882
Performance test message 7883
Performance test message 7884
Performance test message 7885
Performance test message 7886
Performance test message 7887
Performance test message 7888
Performance test message 7889
Performance test message 7890
Performance test message 7891
Performance test message 7892
Performance test message 7893
Performance test message 7894
Performance test message 7895
Performance test message 7896
Performance test message 7897
Performance test message 7898
Performance test message 7899
Performance test message 7900
Performance test message 7901
Performance test message 7902
Performance test message 7903
Performance test message 7904
Performance test message 7905
Performance test message 7906
Performance test message 7907
Performance test message 7908
Performance test message 7909
Performance test message 7910
Performance test message 7911
Performance test message 7912
Performance test message 7913
Performance test message 7914
Performance test message 7915
Performance test message 7916
Performance test message 7917
Performance test message 7918
Performance test message 7919
Performance test message 7920
Performance test message 7921
Performance test message 7922
Performance test message 7923
Performance test message 7924
Performance test message 7925
Performance test message 7926
Performance test message 7927
Performance test message 7928
Performance test message 7929
Performance test message 7930
Performance test message 7931
Performance test message 7932
Performance test message 7933
Performance test message 7934
Performance test message 7935
Performance test message 7936
Performance test message 7937
Performance test message 7938
Performance test message 7939
Performance test message 7940
Performance test message 7941
Performance test message 7942
Performance test message 7943
Performance test message 7944
Performance test message 7945
Performance test message 7946
Performance test message 7947
Performance test message 7948
Performance test message 7949
Performance test message 7950
Performance test message 7951
Performance test message 7952
Performance test message 7953
Performance test message 7954
Performance test message 7955
Performance test message 7956
Performance test message 7957
Performance test message 7958
Performance test message 7959
Performance test message 7960
Performance test message 7961
Performance test message 7962
Performance test message 7963
Performance test message 7964
Performance test message 7965
Performance test message 7966
Performance test message 7967
Performance test message 7968
Performance test message 7969
Performance test message 7970
Performance test message 7971
Performance test message 7972
Performance test message 7973
Performance test message 7974
Performance test message 7975
Performance test message 7976
Performance test message 7977
Performance test message 7978
Performance test message 7979
Performance test message 7980
Performance test message 7981
Performance test message 7982
Performance test message 7983
Performance test message 7984
Performance test message 7985
Performance test message 7986
Performance test message 7987
Performance test message 7988
Performance test message 7989
Performance test message 7990
Performance test message 7991
Performance test message 7992
Performance test message 7993
Performance test message 7994
Performance test message 7995
Performance test message 7996
Performance test message 7997
Performance test message 7998
Performance test message 7999
Performance test message 8000
Performance test message 8001
Performance test message 8002
Performance test message 8003
Performance test message 8004
Performance test message 8005
Performance test message 8006
Performance test message 8007
Performance test message 8008
Performance test message 8009
Performance test message 8010
Performance test message 8011
Performance test message 8012
Performance test message 8013
Performance test message 8014
Performance test message 8015
Performance test message 8016
Performance test message 8017
Performance test message 8018
Performance test message 8019
Performance test message 8020
Performance test message 8021
Performance test message 8022
Performance test message 8023
Performance test message 8024
Performance test message 8025
Performance test message 8026
Performance test message 8027
Performance test message 8028
Performance test message 8029
Performance test message 8030
Performance test message 8031
Performance test message 8032
Performance test message 8033
Performance test message 8034
Performance test message 8035
Performance test message 8036
Performance test message 8037
Performance test message 8038
Performance test message 8039
Performance test message 8040
Performance test message 8041
Performance test message 8042
Performance test message 8043
Performance test message 8044
Performance test message 8045
Performance test message 8046
Performance test message 8047
Performance test message 8048
Performance test message 8049
Performance test message 8050
Performance test message 8051
Performance test message 8052
Performance test message 8053
Performance test message 8054
Performance test message 8055
Performance test message 8056
Performance test message 8057
Performance test message 8058
Performance test message 8059
Performance test message 8060
Performance test message 8061
Performance test message 8062
Performance test message 8063
Performance test message 8064
Performance test message 8065
Performance test message 8066
Performance test message 8067
Performance test message 8068
Performance test message 8069
Performance test message 8070
Performance test message 8071
Performance test message 8072
Performance test message 8073
Performance test message 8074
Performance test message 8075
Performance test message 8076
Performance test message 8077
Performance test message 8078
Performance test message 8079
Performance test message 8080
Performance test message 8081
Performance test message 8082
Performance test message 8083
Performance test message 8084
Performance test message 8085
Performance test message 8086
Performance test message 8087
Performance test message 8088
Performance test message 8089
Performance test message 8090
Performance test message 8091
Performance test message 8092
Performance test message 8093
Performance test message 8094
Performance test message 8095
Performance test message 8096
Performance test message 8097
Performance test message 8098
Performance test message 8099
Performance test message 8100
Performance test message 8101
Performance test message 8102
Performance test message 8103
Performance test message 8104
Performance test message 8105
Performance test message 8106
Performance test message 8107
Performance test message 8108
Performance test message 8109
Performance test message 8110
Performance test message 8111
Performance test message 8112
Performance test message 8113
Performance test message 8114
Performance test message 8115
Performance test message 8116
Performance test message 8117
Performance test message 8118
Performance test message 8119
Performance test message 8120
Performance test message 8121
Performance test message 8122
Performance test message 8123
Performance test message 8124
Performance test message 8125
Performance test message 8126
Performance test message 8127
Performance test message 8128
Performance test message 8129
Performance test message 8130
Performance test message 8131
Performance test message 8132
Performance test message 8133
Performance test message 8134
Performance test message 8135
Performance test message 8136
Performance test message 8137
Performance test message 8138
Performance test message 8139
Performance test message 8140
Performance test message 8141
Performance test message 8142
Performance test message 8143
Performance test message 8144
Performance test message 8145
Performance test message 8146
Performance test message 8147
Performance test message 8148
Performance test message 8149
Performance test message 8150
Performance test message 8151
Performance test message 8152
Performance test message 8153
Performance test message 8154
Performance test message 8155
Performance test message 8156
Performance test message 8157
Performance test message 8158
Performance test message 8159
Performance test message 8160
Performance test message 8161
Performance test message 8162
Performance test message 8163
Performance test message 8164
Performance test message 8165
Performance test message 8166
Performance test message 8167
Performance test message 8168
Performance test message 8169
Performance test message 8170
Performance test message 8171
Performance test message 8172
Performance test message 8173
Performance test message 8174
Performance test message 8175
Performance test message 8176
Performance test message 8177
Performance test message 8178
Performance test message 8179
Performance test message 8180
Performance test message 8181
Performance test message 8182
Performance test message 8183
Performance test message 8184
Performance test message 8185
Performance test message 8186
Performance test message 8187
Performance test message 8188
Performance test message 8189
Performance test message 8190
Performance test message 8191
Performance test message 8192
Performance test message 8193
Performance test message 8194
Performance test message 8195
Performance test message 8196
Performance test message 8197
Performance test message 8198
Performance test message 8199
Performance test message 8200
Performance test message 8201
Performance test message 8202
Performance test message 8203
Performance test message 8204
Performance test message 8205
Performance test message 8206
Performance test message 8207
Performance test message 8208
Performance test message 8209
Performance test message 8210
Performance test message 8211
Performance test message 8212
Performance test message 8213
Performance test message 8214
Performance test message 8215
Performance test message 8216
Performance test message 8217
Performance test message 8218
Performance test message 8219
Performance test message 8220
Performance test message 8221
Performance test message 8222
Performance test message 8223
Performance test message 8224
Performance test message 8225
Performance test message 8226
Performance test message 8227
Performance test message 8228
Performance test message 8229
Performance test message 8230
Performance test message 8231
Performance test message 8232
Performance test message 8233
Performance test message 8234
Performance test message 8235
Performance test message 8236
Performance test message 8237
Performance test message 8238
Performance test message 8239
Performance test message 8240
Performance test message 8241
Performance test message 8242
Performance test message 8243
Performance test message 8244
Performance test message 8245
Performance test message 8246
Performance test message 8247
Performance test message 8248
Performance test message 8249
Performance test message 8250
Performance test message 8251
Performance test message 8252
Performance test message 8253
Performance test message 8254
Performance test message 8255
Performance test message 8256
Performance test message 8257
Performance test message 8258
Performance test message 8259
Performance test message 8260
Performance test message 8261
Performance test message 8262
Performance test message 8263
Performance test message 8264
Performance test message 8265
Performance test message 8266
Performance test message 8267
Performance test message 8268
Performance test message 8269
Performance test message 8270
Performance test message 8271
Performance test message 8272
Performance test message 8273
Performance test message 8274
Performance test message 8275
Performance test message 8276
Performance test message 8277
Performance test message 8278
Performance test message 8279
Performance test message 8280
Performance test message 8281
Performance test message 8282
Performance test message 8283
Performance test message 8284
Performance test message 8285
Performance test message 8286
Performance test message 8287
Performance test message 8288
Performance test message 8289
Performance test message 8290
Performance test message 8291
Performance test message 8292
Performance test message 8293
Performance test message 8294
Performance test message 8295
Performance test message 8296
Performance test message 8297
Performance test message 8298
Performance test message 8299
Performance test message 8300
Performance test message 8301
Performance test message 8302
Performance test message 8303
Performance test message 8304
Performance test message 8305
Performance test message 8306
Performance test message 8307
Performance test message 8308
Performance test message 8309
Performance test message 8310
Performance test message 8311
Performance test message 8312
Performance test message 8313
Performance test message 8314
Performance test message 8315
Performance test message 8316
Performance test message 8317
Performance test message 8318
Performance test message 8319
Performance test message 8320
Performance test message 8321
Performance test message 8322
Performance test message 8323
Performance test message 8324
Performance test message 8325
Performance test message 8326
Performance test message 8327
Performance test message 8328
Performance test message 8329
Performance test message 8330
Performance test message 8331
Performance test message 8332
Performance test message 8333
Performance test message 8334
Performance test message 8335
Performance test message 8336
Performance test message 8337
Performance test message 8338
Performance test message 8339
Performance test message 8340
Performance test message 8341
Performance test message 8342
Performance test message 8343
Performance test message 8344
Performance test message 8345
Performance test message 8346
Performance test message 8347
Performance test message 8348
Performance test message 8349
Performance test message 8350
Performance test message 8351
Performance test message 8352
Performance test message 8353
Performance test message 8354
Performance test message 8355
Performance test message 8356
Performance test message 8357
Performance test message 8358
Performance test message 8359
Performance test message 8360
Performance test message 8361
Performance test message 8362
Performance test message 8363
Performance test message 8364
Performance test message 8365
Performance test message 8366
Performance test message 8367
Performance test message 8368
Performance test message 8369
Performance test message 8370
Performance test message 8371
Performance test message 8372
Performance test message 8373
Performance test message 8374
Performance test message 8375
Performance test message 8376
Performance test message 8377
Performance test message 8378
Performance test message 8379
Performance test message 8380
Performance test message 8381
Performance test message 8382
Performance test message 8383
Performance test message 8384
Performance test message 8385
Performance test message 8386
Performance test message 8387
Performance test message 8388
Performance test message 8389
Performance test message 8390
Performance test message 8391
Performance test message 8392
Performance test message 8393
Performance test message 8394
Performance test message 8395
Performance test message 8396
Performance test message 8397
Performance test message 8398
Performance test message 8399
Performance test message 8400
Performance test message 8401
Performance test message 8402
Performance test message 8403
Performance test message 8404
Performance test message 8405
Performance test message 8406
Performance test message 8407
Performance test message 8408
Performance test message 8409
Performance test message 8410
Performance test message 8411
Performance test message 8412
Performance test message 8413
Performance test message 8414
Performance test message 8415
Performance test message 8416
Performance test message 8417
Performance test message 8418
Performance test message 8419
Performance test message 8420
Performance test message 8421
Performance test message 8422
Performance test message 8423
Performance test message 8424
Performance test message 8425
Performance test message 8426
Performance test message 8427
Performance test message 8428
Performance test message 8429
Performance test message 8430
Performance test message 8431
Performance test message 8432
Performance test message 8433
Performance test message 8434
Performance test message 8435
Performance test message 8436
Performance test message 8437
Performance test message 8438
Performance test message 8439
Performance test message 8440
Performance test message 8441
Performance test message 8442
Performance test message 8443
Performance test message 8444
Performance test message 8445
Performance test message 8446
Performance test message 8447
Performance test message 8448
Performance test message 8449
Performance test message 8450
Performance test message 8451
Performance test message 8452
Performance test message 8453
Performance test message 8454
Performance test message 8455
Performance test message 8456
Performance test message 8457
Performance test message 8458
Performance test message 8459
Performance test message 8460
Performance test message 8461
Performance test message 8462
Performance test message 8463
Performance test message 8464
Performance test message 8465
Performance test message 8466
Performance test message 8467
Performance test message 8468
Performance test message 8469
Performance test message 8470
Performance test message 8471
Performance test message 8472
Performance test message 8473
Performance test message 8474
Performance test message 8475
Performance test message 8476
Performance test message 8477
Performance test message 8478
Performance test message 8479
Performance test message 8480
Performance test message 8481
Performance test message 8482
Performance test message 8483
Performance test message 8484
Performance test message 8485
Performance test message 8486
Performance test message 8487
Performance test message 8488
Performance test message 8489
Performance test message 8490
Performance test message 8491
Performance test message 8492
Performance test message 8493
Performance test message 8494
Performance test message 8495
Performance test message 8496
Performance test message 8497
Performance test message 8498
Performance test message 8499
Performance test message 8500
Performance test message 8501
Performance test message 8502
Performance test message 8503
Performance test message 8504
Performance test message 8505
Performance test message 8506
Performance test message 8507
Performance test message 8508
Performance test message 8509
Performance test message 8510
Performance test message 8511
Performance test message 8512
Performance test message 8513
Performance test message 8514
Performance test message 8515
Performance test message 8516
Performance test message 8517
Performance test message 8518
Performance test message 8519
Performance test message 8520
Performance test message 8521
Performance test message 8522
Performance test message 8523
Performance test message 8524
Performance test message 8525
Performance test message 8526
Performance test message 8527
Performance test message 8528
Performance test message 8529
Performance test message 8530
Performance test message 8531
Performance test message 8532
Performance test message 8533
Performance test message 8534
Performance test message 8535
Performance test message 8536
Performance test message 8537
Performance test message 8538
Performance test message 8539
Performance test message 8540
Performance test message 8541
Performance test message 8542
Performance test message 8543
Performance test message 8544
Performance test message 8545
Performance test message 8546
Performance test message 8547
Performance test message 8548
Performance test message 8549
Performance test message 8550
Performance test message 8551
Performance test message 8552
Performance test message 8553
Performance test message 8554
Performance test message 8555
Performance test message 8556
Performance test message 8557
Performance test message 8558
Performance test message 8559
Performance test message 8560
Performance test message 8561
Performance test message 8562
Performance test message 8563
Performance test message 8564
Performance test message 8565
Performance test message 8566
Performance test message 8567
Performance test message 8568
Performance test message 8569
Performance test message 8570
Performance test message 8571
Performance test message 8572
Performance test message 8573
Performance test message 8574
Performance test message 8575
Performance test message 8576
Performance test message 8577
Performance test message 8578
Performance test message 8579
Performance test message 8580
Performance test message 8581
Performance test message 8582
Performance test message 8583
Performance test message 8584
Performance test message 8585
Performance test message 8586
Performance test message 8587
Performance test message 8588
Performance test message 8589
Performance test message 8590
Performance test message 8591
Performance test message 8592
Performance test message 8593
Performance test message 8594
Performance test message 8595
Performance test message 8596
Performance test message 8597
Performance test message 8598
Performance test message 8599
Performance test message 8600
Performance test message 8601
Performance test message 8602
Performance test message 8603
Performance test message 8604
Performance test message 8605
Performance test message 8606
Performance test message 8607
Performance test message 8608
Performance test message 8609
Performance test message 8610
Performance test message 8611
Performance test message 8612
Performance test message 8613
Performance test message 8614
Performance test message 8615
Performance test message 8616
Performance test message 8617
Performance test message 8618
Performance test message 8619
Performance test message 8620
Performance test message 8621
Performance test message 8622
Performance test message 8623
Performance test message 8624
Performance test message 8625
Performance test message 8626
Performance test message 8627
Performance test message 8628
Performance test message 8629
Performance test message 8630
Performance test message 8631
Performance test message 8632
Performance test message 8633
Performance test message 8634
Performance test message 8635
Performance test message 8636
Performance test message 8637
Performance test message 8638
Performance test message 8639
Performance test message 8640
Performance test message 8641
Performance test message 8642
Performance test message 8643
Performance test message 8644
Performance test message 8645
Performance test message 8646
Performance test message 8647
Performance test message 8648
Performance test message 8649
Performance test message 8650
Performance test message 8651
Performance test message 8652
Performance test message 8653
Performance test message 8654
Performance test message 8655
Performance test message 8656
Performance test message 8657
Performance test message 8658
Performance test message 8659
Performance test message 8660
Performance test message 8661
Performance test message 8662
Performance test message 8663
Performance test message 8664
Performance test message 8665
Performance test message 8666
Performance test message 8667
Performance test message 8668
Performance test message 8669
Performance test message 8670
Performance test message 8671
Performance test message 8672
Performance test message 8673
Performance test message 8674
Performance test message 8675
Performance test message 8676
Performance test message 8677
Performance test message 8678
Performance test message 8679
Performance test message 8680
Performance test message 8681
Performance test message 8682
Performance test message 8683
Performance test message 8684
Performance test message 8685
Performance test message 8686
Performance test message 8687
Performance test message 8688
Performance test message 8689
Performance test message 8690
Performance test message 8691
Performance test message 8692
Performance test message 8693
Performance test message 8694
Performance test message 8695
Performance test message 8696
Performance test message 8697
Performance test message 8698
Performance test message 8699
Performance test message 8700
Performance test message 8701
Performance test message 8702
Performance test message 8703
Performance test message 8704
Performance test message 8705
Performance test message 8706
Performance test message 8707
Performance test message 8708
Performance test message 8709
Performance test message 8710
Performance test message 8711
Performance test message 8712
Performance test message 8713
Performance test message 8714
Performance test message 8715
Performance test message 8716
Performance test message 8717
Performance test message 8718
Performance test message 8719
Performance test message 8720
Performance test message 8721
Performance test message 8722
Performance test message 8723
Performance test message 8724
Performance test message 8725
Performance test message 8726
Performance test message 8727
Performance test message 8728
Performance test message 8729
Performance test message 8730
Performance test message 8731
Performance test message 8732
Performance test message 8733
Performance test message 8734
Performance test message 8735
Performance test message 8736
Performance test message 8737
Performance test message 8738
Performance test message 8739
Performance test message 8740
Performance test message 8741
Performance test message 8742
Performance test message 8743
Performance test message 8744
Performance test message 8745
Performance test message 8746
Performance test message 8747
Performance test message 8748
Performance test message 8749
Performance test message 8750
Performance test message 8751
Performance test message 8752
Performance test message 8753
Performance test message 8754
Performance test message 8755
Performance test message 8756
Performance test message 8757
Performance test message 8758
Performance test message 8759
Performance test message 8760
Performance test message 8761
Performance test message 8762
Performance test message 8763
Performance test message 8764
Performance test message 8765
Performance test message 8766
Performance test message 8767
Performance test message 8768
Performance test message 8769
Performance test message 8770
Performance test message 8771
Performance test message 8772
Performance test message 8773
Performance test message 8774
Performance test message 8775
Performance test message 8776
Performance test message 8777
Performance test message 8778
Performance test message 8779
Performance test message 8780
Performance test message 8781
Performance test message 8782
Performance test message 8783
Performance test message 8784
Performance test message 8785
Performance test message 8786
Performance test message 8787
Performance test message 8788
Performance test message 8789
Performance test message 8790
Performance test message 8791
Performance test message 8792
Performance test message 8793
Performance test message 8794
Performance test message 8795
Performance test message 8796
Performance test message 8797
Performance test message 8798
Performance test message 8799
Performance test message 8800
Performance test message 8801
Performance test message 8802
Performance test message 8803
Performance test message 8804
Performance test message 8805
Performance test message 8806
Performance test message 8807
Performance test message 8808
Performance test message 8809
Performance test message 8810
Performance test message 8811
Performance test message 8812
Performance test message 8813
Performance test message 8814
Performance test message 8815
Performance test message 8816
Performance test message 8817
Performance test message 8818
Performance test message 8819
Performance test message 8820
Performance test message 8821
Performance test message 8822
Performance test message 8823
Performance test message 8824
Performance test message 8825
Performance test message 8826
Performance test message 8827
Performance test message 8828
Performance test message 8829
Performance test message 8830
Performance test message 8831
Performance test message 8832
Performance test message 8833
Performance test message 8834
Performance test message 8835
Performance test message 8836
Performance test message 8837
Performance test message 8838
Performance test message 8839
Performance test message 8840
Performance test message 8841
Performance test message 8842
Performance test message 8843
Performance test message 8844
Performance test message 8845
Performance test message 8846
Performance test message 8847
Performance test message 8848
Performance test message 8849
Performance test message 8850
Performance test message 8851
Performance test message 8852
Performance test message 8853
Performance test message 8854
Performance test message 8855
Performance test message 8856
Performance test message 8857
Performance test message 8858
Performance test message 8859
Performance test message 8860
Performance test message 8861
Performance test message 8862
Performance test message 8863
Performance test message 8864
Performance test message 8865
Performance test message 8866
Performance test message 8867
Performance test message 8868
Performance test message 8869
Performance test message 8870
Performance test message 8871
Performance test message 8872
Performance test message 8873
Performance test message 8874
Performance test message 8875
Performance test message 8876
Performance test message 8877
Performance test message 8878
Performance test message 8879
Performance test message 8880
Performance test message 8881
Performance test message 8882
Performance test message 8883
Performance test message 8884
Performance test message 8885
Performance test message 8886
Performance test message 8887
Performance test message 8888
Performance test message 8889
Performance test message 8890
Performance test message 8891
Performance test message 8892
Performance test message 8893
Performance test message 8894
Performance test message 8895
Performance test message 8896
Performance test message 8897
Performance test message 8898
Performance test message 8899
Performance test message 8900
Performance test message 8901
Performance test message 8902
Performance test message 8903
Performance test message 8904
Performance test message 8905
Performance test message 8906
Performance test message 8907
Performance test message 8908
Performance test message 8909
Performance test message 8910
Performance test message 8911
Performance test message 8912
Performance test message 8913
Performance test message 8914
Performance test message 8915
Performance test message 8916
Performance test message 8917
Performance test message 8918
Performance test message 8919
Performance test message 8920
Performance test message 8921
Performance test message 8922
Performance test message 8923
Performance test message 8924
Performance test message 8925
Performance test message 8926
Performance test message 8927
Performance test message 8928
Performance test message 8929
Performance test message 8930
Performance test message 8931
Performance test message 8932
Performance test message 8933
Performance test message 8934
Performance test message 8935
Performance test message 8936
Performance test message 8937
Performance test message 8938
Performance test message 8939
Performance test message 8940
Performance test message 8941
Performance test message 8942
Performance test message 8943
Performance test message 8944
Performance test message 8945
Performance test message 8946
Performance test message 8947
Performance test message 8948
Performance test message 8949
Performance test message 8950
Performance test message 8951
Performance test message 8952
Performance test message 8953
Performance test message 8954
Performance test message 8955
Performance test message 8956
Performance test message 8957
Performance test message 8958
Performance test message 8959
Performance test message 8960
Performance test message 8961
Performance test message 8962
Performance test message 8963
Performance test message 8964
Performance test message 8965
Performance test message 8966
Performance test message 8967
Performance test message 8968
Performance test message 8969
Performance test message 8970
Performance test message 8971
Performance test message 8972
Performance test message 8973
Performance test message 8974
Performance test message 8975
Performance test message 8976
Performance test message 8977
Performance test message 8978
Performance test message 8979
Performance test message 8980
Performance test message 8981
Performance test message 8982
Performance test message 8983
Performance test message 8984
Performance test message 8985
Performance test message 8986
Performance test message 8987
Performance test message 8988
Performance test message 8989
Performance test message 8990
Performance test message 8991
Performance test message 8992
Performance test message 8993
Performance test message 8994
Performance test message 8995
Performance test message 8996
Performance test message 8997
Performance test message 8998
Performance test message 8999
Performance test message 9000
Performance test message 9001
Performance test message 9002
Performance test message 9003
Performance test message 9004
Performance test message 9005
Performance test message 9006
Performance test message 9007
Performance test message 9008
Performance test message 9009
Performance test message 9010
Performance test message 9011
Performance test message 9012
Performance test message 9013
Performance test message 9014
Performance test message 9015
Performance test message 9016
Performance test message 9017
Performance test message 9018
Performance test message 9019
Performance test message 9020
Performance test message 9021
Performance test message 9022
Performance test message 9023
Performance test message 9024
Performance test message 9025
Performance test message 9026
Performance test message 9027
Performance test message 9028
Performance test message 9029
Performance test message 9030
Performance test message 9031
Performance test message 9032
Performance test message 9033
Performance test message 9034
Performance test message 9035
Performance test message 9036
Performance test message 9037
Performance test message 9038
Performance test message 9039
Performance test message 9040
Performance test message 9041
Performance test message 9042
Performance test message 9043
Performance test message 9044
Performance test message 9045
Performance test message 9046
Performance test message 9047
Performance test message 9048
Performance test message 9049
Performance test message 9050
Performance test message 9051
Performance test message 9052
Performance test message 9053
Performance test message 9054
Performance test message 9055
Performance test message 9056
Performance test message 9057
Performance test message 9058
Performance test message 9059
Performance test message 9060
Performance test message 9061
Performance test message 9062
Performance test message 9063
Performance test message 9064
Performance test message 9065
Performance test message 9066
Performance test message 9067
Performance test message 9068
Performance test message 9069
Performance test message 9070
Performance test message 9071
Performance test message 9072
Performance test message 9073
Performance test message 9074
Performance test message 9075
Performance test message 9076
Performance test message 9077
Performance test message 9078
Performance test message 9079
Performance test message 9080
Performance test message 9081
Performance test message 9082
Performance test message 9083
Performance test message 9084
Performance test message 9085
Performance test message 9086
Performance test message 9087
Performance test message 9088
Performance test message 9089
Performance test message 9090
Performance test message 9091
Performance test message 9092
Performance test message 9093
Performance test message 9094
Performance test message 9095
Performance test message 9096
Performance test message 9097
Performance test message 9098
Performance test message 9099
Performance test message 9100
Performance test message 9101
Performance test message 9102
Performance test message 9103
Performance test message 9104
Performance test message 9105
Performance test message 9106
Performance test message 9107
Performance test message 9108
Performance test message 9109
Performance test message 9110
Performance test message 9111
Performance test message 9112
Performance test message 9113
Performance test message 9114
Performance test message 9115
Performance test message 9116
Performance test message 9117
Performance test message 9118
Performance test message 9119
Performance test message 9120
Performance test message 9121
Performance test message 9122
Performance test message 9123
Performance test message 9124
Performance test message 9125
Performance test message 9126
Performance test message 9127
Performance test message 9128
Performance test message 9129
Performance test message 9130
Performance test message 9131
Performance test message 9132
Performance test message 9133
Performance test message 9134
Performance test message 9135
Performance test message 9136
Performance test message 9137
Performance test message 9138
Performance test message 9139
Performance test message 9140
Performance test message 9141
Performance test message 9142
Performance test message 9143
Performance test message 9144
Performance test message 9145
Performance test message 9146
Performance test message 9147
Performance test message 9148
Performance test message 9149
Performance test message 9150
Performance test message 9151
Performance test message 9152
Performance test message 9153
Performance test message 9154
Performance test message 9155
Performance test message 9156
Performance test message 9157
Performance test message 9158
Performance test message 9159
Performance test message 9160
Performance test message 9161
Performance test message 9162
Performance test message 9163
Performance test message 9164
Performance test message 9165
Performance test message 9166
Performance test message 9167
Performance test message 9168
Performance test message 9169
Performance test message 9170
Performance test message 9171
Performance test message 9172
Performance test message 9173
Performance test message 9174
Performance test message 9175
Performance test message 9176
Performance test message 9177
Performance test message 9178
Performance test message 9179
Performance test message 9180
Performance test message 9181
Performance test message 9182
Performance test message 9183
Performance test message 9184
Performance test message 9185
Performance test message 9186
Performance test message 9187
Performance test message 9188
Performance test message 9189
Performance test message 9190
Performance test message 9191
Performance test message 9192
Performance test message 9193
Performance test message 9194
Performance test message 9195
Performance test message 9196
Performance test message 9197
Performance test message 9198
Performance test message 9199
Performance test message 9200
Performance test message 9201
Performance test message 9202
Performance test message 9203
Performance test message 9204
Performance test message 9205
Performance test message 9206
Performance test message 9207
Performance test message 9208
Performance test message 9209
Performance test message 9210
Performance test message 9211
Performance test message 9212
Performance test message 9213
Performance test message 9214
Performance test message 9215
Performance test message 9216
Performance test message 9217
Performance test message 9218
Performance test message 9219
Performance test message 9220
Performance test message 9221
Performance test message 9222
Performance test message 9223
Performance test message 9224
Performance test message 9225
Performance test message 9226
Performance test message 9227
Performance test message 9228
Performance test message 9229
Performance test message 9230
Performance test message 9231
Performance test message 9232
Performance test message 9233
Performance test message 9234
Performance test message 9235
Performance test message 9236
Performance test message 9237
Performance test message 9238
Performance test message 9239
Performance test message 9240
Performance test message 9241
Performance test message 9242
Performance test message 9243
Performance test message 9244
Performance test message 9245
Performance test message 9246
Performance test message 9247
Performance test message 9248
Performance test message 9249
Performance test message 9250
Performance test message 9251
Performance test message 9252
Performance test message 9253
Performance test message 9254
Performance test message 9255
Performance test message 9256
Performance test message 9257
Performance test message 9258
Performance test message 9259
Performance test message 9260
Performance test message 9261
Performance test message 9262
Performance test message 9263
Performance test message 9264
Performance test message 9265
Performance test message 9266
Performance test message 9267
Performance test message 9268
Performance test message 9269
Performance test message 9270
Performance test message 9271
Performance test message 9272
Performance test message 9273
Performance test message 9274
Performance test message 9275
Performance test message 9276
Performance test message 9277
Performance test message 9278
Performance test message 9279
Performance test message 9280
Performance test message 9281
Performance test message 9282
Performance test message 9283
Performance test message 9284
Performance test message 9285
Performance test message 9286
Performance test message 9287
Performance test message 9288
Performance test message 9289
Performance test message 9290
Performance test message 9291
Performance test message 9292
Performance test message 9293
Performance test message 9294
Performance test message 9295
Performance test message 9296
Performance test message 9297
Performance test message 9298
Performance test message 9299
Performance test message 9300
Performance test message 9301
Performance test message 9302
Performance test message 9303
Performance test message 9304
Performance test message 9305
Performance test message 9306
Performance test message 9307
Performance test message 9308
Performance test message 9309
Performance test message 9310
Performance test message 9311
Performance test message 9312
Performance test message 9313
Performance test message 9314
Performance test message 9315
Performance test message 9316
Performance test message 9317
Performance test message 9318
Performance test message 9319
Performance test message 9320
Performance test message 9321
Performance test message 9322
Performance test message 9323
Performance test message 9324
Performance test message 9325
Performance test message 9326
Performance test message 9327
Performance test message 9328
Performance test message 9329
Performance test message 9330
Performance test message 9331
Performance test message 9332
Performance test message 9333
Performance test message 9334
Performance test message 9335
Performance test message 9336
Performance test message 9337
Performance test message 9338
Performance test message 9339
Performance test message 9340
Performance test message 9341
Performance test message 9342
Performance test message 9343
Performance test message 9344
Performance test message 9345
Performance test message 9346
Performance test message 9347
Performance test message 9348
Performance test message 9349
Performance test message 9350
Performance test message 9351
Performance test message 9352
Performance test message 9353
Performance test message 9354
Performance test message 9355
Performance test message 9356
Performance test message 9357
Performance test message 9358
Performance test message 9359
Performance test message 9360
Performance test message 9361
Performance test message 9362
Performance test message 9363
Performance test message 9364
Performance test message 9365
Performance test message 9366
Performance test message 9367
Performance test message 9368
Performance test message 9369
Performance test message 9370
Performance test message 9371
Performance test message 9372
Performance test message 9373
Performance test message 9374
Performance test message 9375
Performance test message 9376
Performance test message 9377
Performance test message 9378
Performance test message 9379
Performance test message 9380
Performance test message 9381
Performance test message 9382
Performance test message 9383
Performance test message 9384
Performance test message 9385
Performance test message 9386
Performance test message 9387
Performance test message 9388
Performance test message 9389
Performance test message 9390
Performance test message 9391
Performance test message 9392
Performance test message 9393
Performance test message 9394
Performance test message 9395
Performance test message 9396
Performance test message 9397
Performance test message 9398
Performance test message 9399
Performance test message 9400
Performance test message 9401
Performance test message 9402
Performance test message 9403
Performance test message 9404
Performance test message 9405
Performance test message 9406
Performance test message 9407
Performance test message 9408
Performance test message 9409
Performance test message 9410
Performance test message 9411
Performance test message 9412
Performance test message 9413
Performance test message 9414
Performance test message 9415
Performance test message 9416
Performance test message 9417
Performance test message 9418
Performance test message 9419
Performance test message 9420
Performance test message 9421
Performance test message 9422
Performance test message 9423
Performance test message 9424
Performance test message 9425
Performance test message 9426
Performance test message 9427
Performance test message 9428
Performance test message 9429
Performance test message 9430
Performance test message 9431
Performance test message 9432
Performance test message 9433
Performance test message 9434
Performance test message 9435
Performance test message 9436
Performance test message 9437
Performance test message 9438
Performance test message 9439
Performance test message 9440
Performance test message 9441
Performance test message 9442
Performance test message 9443
Performance test message 9444
Performance test message 9445
Performance test message 9446
Performance test message 9447
Performance test message 9448
Performance test message 9449
Performance test message 9450
Performance test message 9451
Performance test message 9452
Performance test message 9453
Performance test message 9454
Performance test message 9455
Performance test message 9456
Performance test message 9457
Performance test message 9458
Performance test message 9459
Performance test message 9460
Performance test message 9461
Performance test message 9462
Performance test message 9463
Performance test message 9464
Performance test message 9465
Performance test message 9466
Performance test message 9467
Performance test message 9468
Performance test message 9469
Performance test message 9470
Performance test message 9471
Performance test message 9472
Performance test message 9473
Performance test message 9474
Performance test message 9475
Performance test message 9476
Performance test message 9477
Performance test message 9478
Performance test message 9479
Performance test message 9480
Performance test message 9481
Performance test message 9482
Performance test message 9483
Performance test message 9484
Performance test message 9485
Performance test message 9486
Performance test message 9487
Performance test message 9488
Performance test message 9489
Performance test message 9490
Performance test message 9491
Performance test message 9492
Performance test message 9493
Performance test message 9494
Performance test message 9495
Performance test message 9496
Performance test message 9497
Performance test message 9498
Performance test message 9499
Performance test message 9500
Performance test message 9501
Performance test message 9502
Performance test message 9503
Performance test message 9504
Performance test message 9505
Performance test message 9506
Performance test message 9507
Performance test message 9508
Performance test message 9509
Performance test message 9510
Performance test message 9511
Performance test message 9512
Performance test message 9513
Performance test message 9514
Performance test message 9515
Performance test message 9516
Performance test message 9517
Performance test message 9518
Performance test message 9519
Performance test message 9520
Performance test message 9521
Performance test message 9522
Performance test message 9523
Performance test message 9524
Performance test message 9525
Performance test message 9526
Performance test message 9527
Performance test message 9528
Performance test message 9529
Performance test message 9530
Performance test message 9531
Performance test message 9532
Performance test message 9533
Performance test message 9534
Performance test message 9535
Performance test message 9536
Performance test message 9537
Performance test message 9538
Performance test message 9539
Performance test message 9540
Performance test message 9541
Performance test message 9542
Performance test message 9543
Performance test message 9544
Performance test message 9545
Performance test message 9546
Performance test message 9547
Performance test message 9548
Performance test message 9549
Performance test message 9550
Performance test message 9551
Performance test message 9552
Performance test message 9553
Performance test message 9554
Performance test message 9555
Performance test message 9556
Performance test message 9557
Performance test message 9558
Performance test message 9559
Performance test message 9560
Performance test message 9561
Performance test message 9562
Performance test message 9563
Performance test message 9564
Performance test message 9565
Performance test message 9566
Performance test message 9567
Performance test message 9568
Performance test message 9569
Performance test message 9570
Performance test message 9571
Performance test message 9572
Performance test message 9573
Performance test message 9574
Performance test message 9575
Performance test message 9576
Performance test message 9577
Performance test message 9578
Performance test message 9579
Performance test message 9580
Performance test message 9581
Performance test message 9582
Performance test message 9583
Performance test message 9584
Performance test message 9585
Performance test message 9586
Performance test message 9587
Performance test message 9588
Performance test message 9589
Performance test message 9590
Performance test message 9591
Performance test message 9592
Performance test message 9593
Performance test message 9594
Performance test message 9595
Performance test message 9596
Performance test message 9597
Performance test message 9598
Performance test message 9599
Performance test message 9600
Performance test message 9601
Performance test message 9602
Performance test message 9603
Performance test message 9604
Performance test message 9605
Performance test message 9606
Performance test message 9607
Performance test message 9608
Performance test message 9609
Performance test message 9610
Performance test message 9611
Performance test message 9612
Performance test message 9613
Performance test message 9614
Performance test message 9615
Performance test message 9616
Performance test message 9617
Performance test message 9618
Performance test message 9619
Performance test message 9620
Performance test message 9621
Performance test message 9622
Performance test message 9623
Performance test message 9624
Performance test message 9625
Performance test message 9626
Performance test message 9627
Performance test message 9628
Performance test message 9629
Performance test message 9630
Performance test message 9631
Performance test message 9632
Performance test message 9633
Performance test message 9634
Performance test message 9635
Performance test message 9636
Performance test message 9637
Performance test message 9638
Performance test message 9639
Performance test message 9640
Performance test message 9641
Performance test message 9642
Performance test message 9643
Performance test message 9644
Performance test message 9645
Performance test message 9646
Performance test message 9647
Performance test message 9648
Performance test message 9649
Performance test message 9650
Performance test message 9651
Performance test message 9652
Performance test message 9653
Performance test message 9654
Performance test message 9655
Performance test message 9656
Performance test message 9657
Performance test message 9658
Performance test message 9659
Performance test message 9660
Performance test message 9661
Performance test message 9662
Performance test message 9663
Performance test message 9664
Performance test message 9665
Performance test message 9666
Performance test message 9667
Performance test message 9668
Performance test message 9669
Performance test message 9670
Performance test message 9671
Performance test message 9672
Performance test message 9673
Performance test message 9674
Performance test message 9675
Performance test message 9676
Performance test message 9677
Performance test message 9678
Performance test message 9679
Performance test message 9680
Performance test message 9681
Performance test message 9682
Performance test message 9683
Performance test message 9684
Performance test message 9685
Performance test message 9686
Performance test message 9687
Performance test message 9688
Performance test message 9689
Performance test message 9690
Performance test message 9691
Performance test message 9692
Performance test message 9693
Performance test message 9694
Performance test message 9695
Performance test message 9696
Performance test message 9697
Performance test message 9698
Performance test message 9699
Performance test message 9700
Performance test message 9701
Performance test message 9702
Performance test message 9703
Performance test message 9704
Performance test message 9705
Performance test message 9706
Performance test message 9707
Performance test message 9708
Performance test message 9709
Performance test message 9710
Performance test message 9711
Performance test message 9712
Performance test message 9713
Performance test message 9714
Performance test message 9715
Performance test message 9716
Performance test message 9717
Performance test message 9718
Performance test message 9719
Performance test message 9720
Performance test message 9721
Performance test message 9722
Performance test message 9723
Performance test message 9724
Performance test message 9725
Performance test message 9726
Performance test message 9727
Performance test message 9728
Performance test message 9729
Performance test message 9730
Performance test message 9731
Performance test message 9732
Performance test message 9733
Performance test message 9734
Performance test message 9735
Performance test message 9736
Performance test message 9737
Performance test message 9738
Performance test message 9739
Performance test message 9740
Performance test message 9741
Performance test message 9742
Performance test message 9743
Performance test message 9744
Performance test message 9745
Performance test message 9746
Performance test message 9747
Performance test message 9748
Performance test message 9749
Performance test message 9750
Performance test message 9751
Performance test message 9752
Performance test message 9753
Performance test message 9754
Performance test message 9755
Performance test message 9756
Performance test message 9757
Performance test message 9758
Performance test message 9759
Performance test message 9760
Performance test message 9761
Performance test message 9762
Performance test message 9763
Performance test message 9764
Performance test message 9765
Performance test message 9766
Performance test message 9767
Performance test message 9768
Performance test message 9769
Performance test message 9770
Performance test message 9771
Performance test message 9772
Performance test message 9773
Performance test message 9774
Performance test message 9775
Performance test message 9776
Performance test message 9777
Performance test message 9778
Performance test message 9779
Performance test message 9780
Performance test message 9781
Performance test message 9782
Performance test message 9783
Performance test message 9784
Performance test message 9785
Performance test message 9786
Performance test message 9787
Performance test message 9788
Performance test message 9789
Performance test message 9790
Performance test message 9791
Performance test message 9792
Performance test message 9793
Performance test message 9794
Performance test message 9795
Performance test message 9796
Performance test message 9797
Performance test message 9798
Performance test message 9799
Performance test message 9800
Performance test message 9801
Performance test message 9802
Performance test message 9803
Performance test message 9804
Performance test message 9805
Performance test message 9806
Performance test message 9807
Performance test message 9808
Performance test message 9809
Performance test message 9810
Performance test message 9811
Performance test message 9812
Performance test message 9813
Performance test message 9814
Performance test message 9815
Performance test message 9816
Performance test message 9817
Performance test message 9818
Performance test message 9819
Performance test message 9820
Performance test message 9821
Performance test message 9822
Performance test message 9823
Performance test message 9824
Performance test message 9825
Performance test message 9826
Performance test message 9827
Performance test message 9828
Performance test message 9829
Performance test message 9830
Performance test message 9831
Performance test message 9832
Performance test message 9833
Performance test message 9834
Performance test message 9835
Performance test message 9836
Performance test message 9837
Performance test message 9838
Performance test message 9839
Performance test message 9840
Performance test message 9841
Performance test message 9842
Performance test message 9843
Performance test message 9844
Performance test message 9845
Performance test message 9846
Performance test message 9847
Performance test message 9848
Performance test message 9849
Performance test message 9850
Performance test message 9851
Performance test message 9852
Performance test message 9853
Performance test message 9854
Performance test message 9855
Performance test message 9856
Performance test message 9857
Performance test message 9858
Performance test message 9859
Performance test message 9860
Performance test message 9861
Performance test message 9862
Performance test message 9863
Performance test message 9864
Performance test message 9865
Performance test message 9866
Performance test message 9867
Performance test message 9868
Performance test message 9869
Performance test message 9870
Performance test message 9871
Performance test message 9872
Performance test message 9873
Performance test message 9874
Performance test message 9875
Performance test message 9876
Performance test message 9877
Performance test message 9878
Performance test message 9879
Performance test message 9880
Performance test message 9881
Performance test message 9882
Performance test message 9883
Performance test message 9884
Performance test message 9885
Performance test message 9886
Performance test message 9887
Performance test message 9888
Performance test message 9889
Performance test message 9890
Performance test message 9891
Performance test message 9892
Performance test message 9893
Performance test message 9894
Performance test message 9895
Performance test message 9896
Performance test message 9897
Performance test message 9898
Performance test message 9899
Performance test message 9900
Performance test message 9901
Performance test message 9902
Performance test message 9903
Performance test message 9904
Performance test message 9905
Performance test message 9906
Performance test message 9907
Performance test message 9908
Performance test message 9909
Performance test message 9910
Performance test message 9911
Performance test message 9912
Performance test message 9913
Performance test message 9914
Performance test message 9915
Performance test message 9916
Performance test message 9917
Performance test message 9918
Performance test message 9919
Performance test message 9920
Performance test message 9921
Performance test message 9922
Performance test message 9923
Performance test message 9924
Performance test message 9925
Performance test message 9926
Performance test message 9927
Performance test message 9928
Performance test message 9929
Performance test message 9930
Performance test message 9931
Performance test message 9932
Performance test message 9933
Performance test message 9934
Performance test message 9935
Performance test message 9936
Performance test message 9937
Performance test message 9938
Performance test message 9939
Performance test message 9940
Performance test message 9941
Performance test message 9942
Performance test message 9943
Performance test message 9944
Performance test message 9945
Performance test message 9946
Performance test message 9947
Performance test message 9948
Performance test message 9949
Performance test message 9950
Performance test message 9951
Performance test message 9952
Performance test message 9953
Performance test message 9954
Performance test message 9955
Performance test message 9956
Performance test message 9957
Performance test message 9958
Performance test message 9959
Performance test message 9960
Performance test message 9961
Performance test message 9962
Performance test message 9963
Performance test message 9964
Performance test message 9965
Performance test message 9966
Performance test message 9967
Performance test message 9968
Performance test message 9969
Performance test message 9970
Performance test message 9971
Performance test message 9972
Performance test message 9973
Performance test message 9974
Performance test message 9975
Performance test message 9976
Performance test message 9977
Performance test message 9978
Performance test message 9979
Performance test message 9980
Performance test message 9981
Performance test message 9982
Performance test message 9983
Performance test message 9984
Performance test message 9985
Performance test message 9986
Performance test message 9987
Performance test message 9988
Performance test message 9989
Performance test message 9990
Performance test message 9991
Performance test message 9992
Performance test message 9993
Performance test message 9994
Performance test message 9995
Performance test message 9996
Performance test message 9997
Performance test message 9998
Performance test message 9999
Performance test message 0
Performance test message 1
Performance test message 2
Performance test message 3
Performance test message 4
Performance test message 5
Performance test message 6
Performance test message 7
Performance test message 8
Performance test message 9
Performance test message 10
Performance test message 11
Performance test message 12
Performance test message 13
Performance test message 14
Performance test message 15
Performance test message 16
Performance test message 17
Performance test message 18
Performance test message 19
Performance test message 20
Performance test message 21
Performance test message 22
Performance test message 23
Performance test message 24
Performance test message 25
Performance test message 26
Performance test message 27
Performance test message 28
Performance test message 29
Performance test message 30
Performance test message 31
Performance test message 32
Performance test message 33
Performance test message 34
Performance test message 35
Performance test message 36
Performance test message 37
Performance test message 38
Performance test message 39
Performance test message 40
Performance test message 41
Performance test message 42
Performance test message 43
Performance test message 44
Performance test message 45
Performance test message 46
Performance test message 47
Performance test message 48
Performance test message 49
Performance test message 50
Performance test message 51
Performance test message 52
Performance test message 53
Performance test message 54
Performance test message 55
Performance test message 56
Performance test message 57
Performance test message 58
Performance test message 59
Performance test message 60
Performance test message 61
Performance test message 62
Performance test message 63
Performance test message 64
Performance test message 65
Performance test message 66
Performance test message 67
Performance test message 68
Performance test message 69
Performance test message 70
Performance test message 71
Performance test message 72
Performance test message 73
Performance test message 74
Performance test message 75
Performance test message 76
Performance test message 77
Performance test message 78
Performance test message 79
Performance test message 80
Performance test message 81
Performance test message 82
Performance test message 83
Performance test message 84
Performance test message 85
Performance test message 86
Performance test message 87
Performance test message 88
Performance test message 89
Performance test message 90
Performance test message 91
Performance test message 92
Performance test message 93
Performance test message 94
Performance test message 95
Performance test message 96
Performance test message 97
Performance test message 98
Performance test message 99
Performance test message 100
Performance test message 101
Performance test message 102
Performance test message 103
Performance test message 104
Performance test message 105
Performance test message 106
Performance test message 107
Performance test message 108
Performance test message 109
Performance test message 110
Performance test message 111
Performance test message 112
Performance test message 113
Performance test message 114
Performance test message 115
Performance test message 116
Performance test message 117
Performance test message 118
Performance test message 119
Performance test message 120
Performance test message 121
Performance test message 122
Performance test message 123
Performance test message 124
Performance test message 125
Performance test message 126
Performance test message 127
Performance test message 128
Performance test message 129
Performance test message 130
Performance test message 131
Performance test message 132
Performance test message 133
Performance test message 134
Performance test message 135
Performance test message 136
Performance test message 137
Performance test message 138
Performance test message 139
Performance test message 140
Performance test message 141
Performance test message 142
Performance test message 143
Performance test message 144
Performance test message 145
Performance test message 146
Performance test message 147
Performance test message 148
Performance test message 149
Performance test message 150
Performance test message 151
Performance test message 152
Performance test message 153
Performance test message 154
Performance test message 155
Performance test message 156
Performance test message 157
Performance test message 158
Performance test message 159
Performance test message 160
Performance test message 161
Performance test message 162
Performance test message 163
Performance test message 164
Performance test message 165
Performance test message 166
Performance test message 167
Performance test message 168
Performance test message 169
Performance test message 170
Performance test message 171
Performance test message 172
Performance test message 173
Performance test message 174
Performance test message 175
Performance test message 176
Performance test message 177
Performance test message 178
Performance test message 179
Performance test message 180
Performance test message 181
Performance test message 182
Performance test message 183
Performance test message 184
Performance test message 185
Performance test message 186
Performance test message 187
Performance test message 188
Performance test message 189
Performance test message 190
Performance test message 191
Performance test message 192
Performance test message 193
Performance test message 194
Performance test message 195
Performance test message 196
Performance test message 197
Performance test message 198
Performance test message 199
Performance test message 200
Performance test message 201
Performance test message 202
Performance test message 203
Performance test message 204
Performance test message 205
Performance test message 206
Performance test message 207
Performance test message 208
Performance test message 209
Performance test message 210
Performance test message 211
Performance test message 212
Performance test message 213
Performance test message 214
Performance test message 215
Performance test message 216
Performance test message 217
Performance test message 218
Performance test message 219
Performance test message 220
Performance test message 221
Performance test message 222
Performance test message 223
Performance test message 224
Performance test message 225
Performance test message 226
Performance test message 227
Performance test message 228
Performance test message 229
Performance test message 230
Performance test message 231
Performance test message 232
Performance test message 233
Performance test message 234
Performance test message 235
Performance test message 236
Performance test message 237
Performance test message 238
Performance test message 239
Performance test message 240
Performance test message 241
Performance test message 242
Performance test message 243
Performance test message 244
Performance test message 245
Performance test message 246
Performance test message 247
Performance test message 248
Performance test message 249
Performance test message 250
Performance test message 251
Performance test message 252
Performance test message 253
Performance test message 254
Performance test message 255
Performance test message 256
Performance test message 257
Performance test message 258
Performance test message 259
Performance test message 260
Performance test message 261
Performance test message 262
Performance test message 263
Performance test message 264
Performance test message 265
Performance test message 266
Performance test message 267
Performance test message 268
Performance test message 269
Performance test message 270
Performance test message 271
Performance test message 272
Performance test message 273
Performance test message 274
Performance test message 275
Performance test message 276
Performance test message 277
Performance test message 278
Performance test message 279
Performance test message 280
Performance test message 281
Performance test message 282
Performance test message 283
Performance test message 284
Performance test message 285
Performance test message 286
Performance test message 287
Performance test message 288
Performance test message 289
Performance test message 290
Performance test message 291
Performance test message 292
Performance test message 293
Performance test message 294
Performance test message 295
Performance test message 296
Performance test message 297
Performance test message 298
Performance test message 299
Performance test message 300
Performance test message 301
Performance test message 302
Performance test message 303
Performance test message 304
Performance test message 305
Performance test message 306
Performance test message 307
Performance test message 308
Performance test message 309
Performance test message 310
Performance test message 311
Performance test message 312
Performance test message 313
Performance test message 314
Performance test message 315
Performance test message 316
Performance test message 317
Performance test message 318
Performance test message 319
Performance test message 320
Performance test message 321
Performance test message 322
Performance test message 323
Performance test message 324
Performance test message 325
Performance test message 326
Performance test message 327
Performance test message 328
Performance test message 329
Performance test message 330
Performance test message 331
Performance test message 332
Performance test message 333
Performance test message 334
Performance test message 335
Performance test message 336
Performance test message 337
Performance test message 338
Performance test message 339
Performance test message 340
Performance test message 341
Performance test message 342
Performance test message 343
Performance test message 344
Performance test message 345
Performance test message 346
Performance test message 347
Performance test message 348
Performance test message 349
Performance test message 350
Performance test message 351
Performance test message 352
Performance test message 353
Performance test message 354
Performance test message 355
Performance test message 356
Performance test message 357
Performance test message 358
Performance test message 359
Performance test message 360
Performance test message 361
Performance test message 362
Performance test message 363
Performance test message 364
Performance test message 365
Performance test message 366
Performance test message 367
Performance test message 368
Performance test message 369
Performance test message 370
Performance test message 371
Performance test message 372
Performance test message 373
Performance test message 374
Performance test message 375
Performance test message 376
Performance test message 377
Performance test message 378
Performance test message 379
Performance test message 380
Performance test message 381
Performance test message 382
Performance test message 383
Performance test message 384
Performance test message 385
Performance test message 386
Performance test message 387
Performance test message 388
Performance test message 389
Performance test message 390
Performance test message 391
Performance test message 392
Performance test message 393
Performance test message 394
Performance test message 395
Performance test message 396
Performance test message 397
Performance test message 398
Performance test message 399
Performance test message 400
Performance test message 401
Performance test message 402
Performance test message 403
Performance test message 404
Performance test message 405
Performance test message 406
Performance test message 407
Performance test message 408
Performance test message 409
Performance test message 410
Performance test message 411
Performance test message 412
Performance test message 413
Performance test message 414
Performance test message 415
Performance test message 416
Performance test message 417
Performance test message 418
Performance test message 419
Performance test message 420
Performance test message 421
Performance test message 422
Performance test message 423
Performance test message 424
Performance test message 425
Performance test message 426
Performance test message 427
Performance test message 428
Performance test message 429
Performance test message 430
Performance test message 431
Performance test message 432
Performance test message 433
Performance test message 434
Performance test message 435
Performance test message 436
Performance test message 437
Performance test message 438
Performance test message 439
Performance test message 440
Performance test message 441
Performance test message 442
Performance test message 443
Performance test message 444
Performance test message 445
Performance test message 446
Performance test message 447
Performance test message 448
Performance test message 449
Performance test message 450
Performance test message 451
Performance test message 452
Performance test message 453
Performance test message 454
Performance test message 455
Performance test message 456
Performance test message 457
Performance test message 458
Performance test message 459
Performance test message 460
Performance test message 461
Performance test message 462
Performance test message 463
Performance test message 464
Performance test message 465
Performance test message 466
Performance test message 467
Performance test message 468
Performance test message 469
Performance test message 470
Performance test message 471
Performance test message 472
Performance test message 473
Performance test message 474
Performance test message 475
Performance test message 476
Performance test message 477
Performance test message 478
Performance test message 479
Performance test message 480
Performance test message 481
Performance test message 482
Performance test message 483
Performance test message 484
Performance test message 485
Performance test message 486
Performance test message 487
Performance test message 488
Performance test message 489
Performance test message 490
Performance test message 491
Performance test message 492
Performance test message 493
Performance test message 494
Performance test message 495
Performance test message 496
Performance test message 497
Performance test message 498
Performance test message 499
Performance test message 500
Performance test message 501
Performance test message 502
Performance test message 503
Performance test message 504
Performance test message 505
Performance test message 506
Performance test message 507
Performance test message 508
Performance test message 509
Performance test message 510
Performance test message 511
Performance test message 512
Performance test message 513
Performance test message 514
Performance test message 515
Performance test message 516
Performance test message 517
Performance test message 518
Performance test message 519
Performance test message 520
Performance test message 521
Performance test message 522
Performance test message 523
Performance test message 524
Performance test message 525
Performance test message 526
Performance test message 527
Performance test message 528
Performance test message 529
Performance test message 530
Performance test message 531
Performance test message 532
Performance test message 533
Performance test message 534
Performance test message 535
Performance test message 536
Performance test message 537
Performance test message 538
Performance test message 539
Performance test message 540
Performance test message 541
Performance test message 542
Performance test message 543
Performance test message 544
Performance test message 545
Performance test message 546
Performance test message 547
Performance test message 548
Performance test message 549
Performance test message 550
Performance test message 551
Performance test message 552
Performance test message 553
Performance test message 554
Performance test message 555
Performance test message 556
Performance test message 557
Performance test message 558
Performance test message 559
Performance test message 560
Performance test message 561
Performance test message 562
Performance test message 563
Performance test message 564
Performance test message 565
Performance test message 566
Performance test message 567
Performance test message 568
Performance test message 569
Performance test message 570
Performance test message 571
Performance test message 572
Performance test message 573
Performance test message 574
Performance test message 575
Performance test message 576
Performance test message 577
Performance test message 578
Performance test message 579
Performance test message 580
Performance test message 581
Performance test message 582
Performance test message 583
Performance test message 584
Performance test message 585
Performance test message 586
Performance test message 587
Performance test message 588
Performance test message 589
Performance test message 590
Performance test message 591
Performance test message 592
Performance test message 593
Performance test message 594
Performance test message 595
Performance test message 596
Performance test message 597
Performance test message 598
Performance test message 599
Performance test message 600
Performance test message 601
Performance test message 602
Performance test message 603
Performance test message 604
Performance test message 605
Performance test message 606
Performance test message 607
Performance test message 608
Performance test message 609
Performance test message 610
Performance test message 611
Performance test message 612
Performance test message 613
Performance test message 614
Performance test message 615
Performance test message 616
Performance test message 617
Performance test message 618
Performance test message 619
Performance test message 620
Performance test message 621
Performance test message 622
Performance test message 623
Performance test message 624
Performance test message 625
Performance test message 626
Performance test message 627
Performance test message 628
Performance test message 629
Performance test message 630
Performance test message 631
Performance test message 632
Performance test message 633
Performance test message 634
Performance test message 635
Performance test message 636
Performance test message 637
Performance test message 638
Performance test message 639
Performance test message 640
Performance test message 641
Performance test message 642
Performance test message 643
Performance test message 644
Performance test message 645
Performance test message 646
Performance test message 647
Performance test message 648
Performance test message 649
Performance test message 650
Performance test message 651
Performance test message 652
Performance test message 653
Performance test message 654
Performance test message 655
Performance test message 656
Performance test message 657
Performance test message 658
Performance test message 659
Performance test message 660
Performance test message 661
Performance test message 662
Performance test message 663
Performance test message 664
Performance test message 665
Performance test message 666
Performance test message 667
Performance test message 668
Performance test message 669
Performance test message 670
Performance test message 671
Performance test message 672
Performance test message 673
Performance test message 674
Performance test message 675
Performance test message 676
Performance test message 677
Performance test message 678
Performance test message 679
Performance test message 680
Performance test message 681
Performance test message 682
Performance test message 683
Performance test message 684
Performance test message 685
Performance test message 686
Performance test message 687
Performance test message 688
Performance test message 689
Performance test message 690
Performance test message 691
Performance test message 692
Performance test message 693
Performance test message 694
Performance test message 695
Performance test message 696
Performance test message 697
Performance test message 698
Performance test message 699
Performance test message 700
Performance test message 701
Performance test message 702
Performance test message 703
Performance test message 704
Performance test message 705
Performance test message 706
Performance test message 707
Performance test message 708
Performance test message 709
Performance test message 710
Performance test message 711
Performance test message 712
Performance test message 713
Performance test message 714
Performance test message 715
Performance test message 716
Performance test message 717
Performance test message 718
Performance test message 719
Performance test message 720
Performance test message 721
Performance test message 722
Performance test message 723
Performance test message 724
Performance test message 725
Performance test message 726
Performance test message 727
Performance test message 728
Performance test message 729
Performance test message 730
Performance test message 731
Performance test message 732
Performance test message 733
Performance test message 734
Performance test message 735
Performance test message 736
Performance test message 737
Performance test message 738
Performance test message 739
Performance test message 740
Performance test message 741
Performance test message 742
Performance test message 743
Performance test message 744
Performance test message 745
Performance test message 746
Performance test message 747
Performance test message 748
Performance test message 749
Performance test message 750
Performance test message 751
Performance test message 752
Performance test message 753
Performance test message 754
Performance test message 755
Performance test message 756
Performance test message 757
Performance test message 758
Performance test message 759
Performance test message 760
Performance test message 761
Performance test message 762
Performance test message 763
Performance test message 764
Performance test message 765
Performance test message 766
Performance test message 767
Performance test message 768
Performance test message 769
Performance test message 770
Performance test message 771
Performance test message 772
Performance test message 773
Performance test message 774
Performance test message 775
Performance test message 776
Performance test message 777
Performance test message 778
Performance test message 779
Performance test message 780
Performance test message 781
Performance test message 782
Performance test message 783
Performance test message 784
Performance test message 785
Performance test message 786
Performance test message 787
Performance test message 788
Performance test message 789
Performance test message 790
Performance test message 791
Performance test message 792
Performance test message 793
Performance test message 794
Performance test message 795
Performance test message 796
Performance test message 797
Performance test message 798
Performance test message 799
Performance test message 800
Performance test message 801
Performance test message 802
Performance test message 803
Performance test message 804
Performance test message 805
Performance test message 806
Performance test message 807
Performance test message 808
Performance test message 809
Performance test message 810
Performance test message 811
Performance test message 812
Performance test message 813
Performance test message 814
Performance test message 815
Performance test message 816
Performance test message 817
Performance test message 818
Performance test message 819
Performance test message 820
Performance test message 821
Performance test message 822
Performance test message 823
Performance test message 824
Performance test message 825
Performance test message 826
Performance test message 827
Performance test message 828
Performance test message 829
Performance test message 830
Performance test message 831
Performance test message 832
Performance test message 833
Performance test message 834
Performance test message 835
Performance test message 836
Performance test message 837
Performance test message 838
Performance test message 839
Performance test message 840
Performance test message 841
Performance test message 842
Performance test message 843
Performance test message 844
Performance test message 845
Performance test message 846
Performance test message 847
Performance test message 848
Performance test message 849
Performance test message 850
Performance test message 851
Performance test message 852
Performance test message 853
Performance test message 854
Performance test message 855
Performance test message 856
Performance test message 857
Performance test message 858
Performance test message 859
Performance test message 860
Performance test message 861
Performance test message 862
Performance test message 863
Performance test message 864
Performance test message 865
Performance test message 866
Performance test message 867
Performance test message 868
Performance test message 869
Performance test message 870
Performance test message 871
Performance test message 872
Performance test message 873
Performance test message 874
Performance test message 875
Performance test message 876
Performance test message 877
Performance test message 878
Performance test message 879
Performance test message 880
Performance test message 881
Performance test message 882
Performance test message 883
Performance test message 884
Performance test message 885
Performance test message 886
Performance test message 887
Performance test message 888
Performance test message 889
Performance test message 890
Performance test message 891
Performance test message 892
Performance test message 893
Performance test message 894
Performance test message 895
Performance test message 896
Performance test message 897
Performance test message 898
Performance test message 899
Performance test message 900
Performance test message 901
Performance test message 902
Performance test message 903
Performance test message 904
Performance test message 905
Performance test message 906
Performance test message 907
Performance test message 908
Performance test message 909
Performance test message 910
Performance test message 911
Performance test message 912
Performance test message 913
Performance test message 914
Performance test message 915
Performance test message 916
Performance test message 917
Performance test message 918
Performance test message 919
Performance test message 920
Performance test message 921
Performance test message 922
Performance test message 923
Performance test message 924
Performance test message 925
Performance test message 926
Performance test message 927
Performance test message 928
Performance test message 929
Performance test message 930
Performance test message 931
Performance test message 932
Performance test message 933
Performance test message 934
Performance test message 935
Performance test message 936
Performance test message 937
Performance test message 938
Performance test message 939
Performance test message 940
Performance test message 941
Performance test message 942
Performance test message 943
Performance test message 944
Performance test message 945
Performance test message 946
Performance test message 947
Performance test message 948
Performance test message 949
Performance test message 950
Performance test message 951
Performance test message 952
Performance test message 953
Performance test message 954
Performance test message 955
Performance test message 956
Performance test message 957
Performance test message 958
Performance test message 959
Performance test message 960
Performance test message 961
Performance test message 962
Performance test message 963
Performance test message 964
Performance test message 965
Performance test message 966
Performance test message 967
Performance test message 968
Performance test message 969
Performance test message 970
Performance test message 971
Performance test message 972
Performance test message 973
Performance test message 974
Performance test message 975
Performance test message 976
Performance test message 977
Performance test message 978
Performance test message 979
Performance test message 980
Performance test message 981
Performance test message 982
Performance test message 983
Performance test message 984
Performance test message 985
Performance test message 986
Performance test message 987
Performance test message 988
Performance test message 989
Performance test message 990
Performance test message 991
Performance test message 992
Performance test message 993
Performance test message 994
Performance test message 995
Performance test message 996
Performance test message 997
Performance test message 998
Performance test message 999
Performance test message 1000
Performance test message 1001
Performance test message 1002
Performance test message 1003
Performance test message 1004
Performance test message 1005
Performance test message 1006
Performance test message 1007
Performance test message 1008
Performance test message 1009
Performance test message 1010
Performance test message 1011
Performance test message 1012
Performance test message 1013
Performance test message 1014
Performance test message 1015
Performance test message 1016
Performance test message 1017
Performance test message 1018
Performance test message 1019
Performance test message 1020
Performance test message 1021
Performance test message 1022
Performance test message 1023
Performance test message 1024
Performance test message 1025
Performance test message 1026
Performance test message 1027
Performance test message 1028
Performance test message 1029
Performance test message 1030
Performance test message 1031
Performance test message 1032
Performance test message 1033
Performance test message 1034
Performance test message 1035
Performance test message 1036
Performance test message 1037
Performance test message 1038
Performance test message 1039
Performance test message 1040
Performance test message 1041
Performance test message 1042
Performance test message 1043
Performance test message 1044
Performance test message 1045
Performance test message 1046
Performance test message 1047
Performance test message 1048
Performance test message 1049
Performance test message 1050
Performance test message 1051
Performance test message 1052
Performance test message 1053
Performance test message 1054
Performance test message 1055
Performance test message 1056
Performance test message 1057
Performance test message 1058
Performance test message 1059
Performance test message 1060
Performance test message 1061
Performance test message 1062
Performance test message 1063
Performance test message 1064
Performance test message 1065
Performance test message 1066
Performance test message 1067
Performance test message 1068
Performance test message 1069
Performance test message 1070
Performance test message 1071
Performance test message 1072
Performance test message 1073
Performance test message 1074
Performance test message 1075
Performance test message 1076
Performance test message 1077
Performance test message 1078
Performance test message 1079
Performance test message 1080
Performance test message 1081
Performance test message 1082
Performance test message 1083
Performance test message 1084
Performance test message 1085
Performance test message 1086
Performance test message 1087
Performance test message 1088
Performance test message 1089
Performance test message 1090
Performance test message 1091
Performance test message 1092
Performance test message 1093
Performance test message 1094
Performance test message 1095
Performance test message 1096
Performance test message 1097
Performance test message 1098
Performance test message 1099
Performance test message 1100
Performance test message 1101
Performance test message 1102
Performance test message 1103
Performance test message 1104
Performance test message 1105
Performance test message 1106
Performance test message 1107
Performance test message 1108
Performance test message 1109
Performance test message 1110
Performance test message 1111
Performance test message 1112
Performance test message 1113
Performance test message 1114
Performance test message 1115
Performance test message 1116
Performance test message 1117
Performance test message 1118
Performance test message 1119
Performance test message 1120
Performance test message 1121
Performance test message 1122
Performance test message 1123
Performance test message 1124
Performance test message 1125
Performance test message 1126
Performance test message 1127
Performance test message 1128
Performance test message 1129
Performance test message 1130
Performance test message 1131
Performance test message 1132
Performance test message 1133
Performance test message 1134
Performance test message 1135
Performance test message 1136
Performance test message 1137
Performance test message 1138
Performance test message 1139
Performance test message 1140
Performance test message 1141
Performance test message 1142
Performance test message 1143
Performance test message 1144
Performance test message 1145
Performance test message 1146
Performance test message 1147
Performance test message 1148
Performance test message 1149
Performance test message 1150
Performance test message 1151
Performance test message 1152
Performance test message 1153
Performance test message 1154
Performance test message 1155
Performance test message 1156
Performance test message 1157
Performance test message 1158
Performance test message 1159
Performance test message 1160
Performance test message 1161
Performance test message 1162
Performance test message 1163
Performance test message 1164
Performance test message 1165
Performance test message 1166
Performance test message 1167
Performance test message 1168
Performance test message 1169
Performance test message 1170
Performance test message 1171
Performance test message 1172
Performance test message 1173
Performance test message 1174
Performance test message 1175
Performance test message 1176
Performance test message 1177
Performance test message 1178
Performance test message 1179
Performance test message 1180
Performance test message 1181
Performance test message 1182
Performance test message 1183
Performance test message 1184
Performance test message 1185
Performance test message 1186
Performance test message 1187
Performance test message 1188
Performance test message 1189
Performance test message 1190
Performance test message 1191
Performance test message 1192
Performance test message 1193
Performance test message 1194
Performance test message 1195
Performance test message 1196
Performance test message 1197
Performance test message 1198
Performance test message 1199
Performance test message 1200
Performance test message 1201
Performance test message 1202
Performance test message 1203
Performance test message 1204
Performance test message 1205
Performance test message 1206
Performance test message 1207
Performance test message 1208
Performance test message 1209
Performance test message 1210
Performance test message 1211
Performance test message 1212
Performance test message 1213
Performance test message 1214
Performance test message 1215
Performance test message 1216
Performance test message 1217
Performance test message 1218
Performance test message 1219
Performance test message 1220
Performance test message 1221
Performance test message 1222
Performance test message 1223
Performance test message 1224
Performance test message 1225
Performance test message 1226
Performance test message 1227
Performance test message 1228
Performance test message 1229
Performance test message 1230
Performance test message 1231
Performance test message 1232
Performance test message 1233
Performance test message 1234
Performance test message 1235
Performance test message 1236
Performance test message 1237
Performance test message 1238
Performance test message 1239
Performance test message 1240
Performance test message 1241
Performance test message 1242
Performance test message 1243
Performance test message 1244
Performance test message 1245
Performance test message 1246
Performance test message 1247
Performance test message 1248
Performance test message 1249
Performance test message 1250
Performance test message 1251
Performance test message 1252
Performance test message 1253
Performance test message 1254
Performance test message 1255
Performance test message 1256
Performance test message 1257
Performance test message 1258
Performance test message 1259
Performance test message 1260
Performance test message 1261
Performance test message 1262
Performance test message 1263
Performance test message 1264
Performance test message 1265
Performance test message 1266
Performance test message 1267
Performance test message 1268
Performance test message 1269
Performance test message 1270
Performance test message 1271
Performance test message 1272
Performance test message 1273
Performance test message 1274
Performance test message 1275
Performance test message 1276
Performance test message 1277
Performance test message 1278
Performance test message 1279
Performance test message 1280
Performance test message 1281
Performance test message 1282
Performance test message 1283
Performance test message 1284
Performance test message 1285
Performance test message 1286
Performance test message 1287
Performance test message 1288
Performance test message 1289
Performance test message 1290
Performance test message 1291
Performance test message 1292
Performance test message 1293
Performance test message 1294
Performance test message 1295
Performance test message 1296
Performance test message 1297
Performance test message 1298
Performance test message 1299
Performance test message 1300
Performance test message 1301
Performance test message 1302
Performance test message 1303
Performance test message 1304
Performance test message 1305
Performance test message 1306
Performance test message 1307
Performance test message 1308
Performance test message 1309
Performance test message 1310
Performance test message 1311
Performance test message 1312
Performance test message 1313
Performance test message 1314
Performance test message 1315
Performance test message 1316
Performance test message 1317
Performance test message 1318
Performance test message 1319
Performance test message 1320
Performance test message 1321
Performance test message 1322
Performance test message 1323
Performance test message 1324
Performance test message 1325
Performance test message 1326
Performance test message 1327
Performance test message 1328
Performance test message 1329
Performance test message 1330
Performance test message 1331
Performance test message 1332
Performance test message 1333
Performance test message 1334
Performance test message 1335
Performance test message 1336
Performance test message 1337
Performance test message 1338
Performance test message 1339
Performance test message 1340
Performance test message 1341
Performance test message 1342
Performance test message 1343
Performance test message 1344
Performance test message 1345
Performance test message 1346
Performance test message 1347
Performance test message 1348
Performance test message 1349
Performance test message 1350
Performance test message 1351
Performance test message 1352
Performance test message 1353
Performance test message 1354
Performance test message 1355
Performance test message 1356
Performance test message 1357
Performance test message 1358
Performance test message 1359
Performance test message 1360
Performance test message 1361
Performance test message 1362
Performance test message 1363
Performance test message 1364
Performance test message 1365
Performance test message 1366
Performance test message 1367
Performance test message 1368
Performance test message 1369
Performance test message 1370
Performance test message 1371
Performance test message 1372
Performance test message 1373
Performance test message 1374
Performance test message 1375
Performance test message 1376
Performance test message 1377
Performance test message 1378
Performance test message 1379
Performance test message 1380
Performance test message 1381
Performance test message 1382
Performance test message 1383
Performance test message 1384
Performance test message 1385
Performance test message 1386
Performance test message 1387
Performance test message 1388
Performance test message 1389
Performance test message 1390
Performance test message 1391
Performance test message 1392
Performance test message 1393
Performance test message 1394
Performance test message 1395
Performance test message 1396
Performance test message 1397
Performance test message 1398
Performance test message 1399
Performance test message 1400
Performance test message 1401
Performance test message 1402
Performance test message 1403
Performance test message 1404
Performance test message 1405
Performance test message 1406
Performance test message 1407
Performance test message 1408
Performance test message 1409
Performance test message 1410
Performance test message 1411
Performance test message 1412
Performance test message 1413
Performance test message 1414
Performance test message 1415
Performance test message 1416
Performance test message 1417
Performance test message 1418
Performance test message 1419
Performance test message 1420
Performance test message 1421
Performance test message 1422
Performance test message 1423
Performance test message 1424
Performance test message 1425
Performance test message 1426
Performance test message 1427
Performance test message 1428
Performance test message 1429
Performance test message 1430
Performance test message 1431
Performance test message 1432
Performance test message 1433
Performance test message 1434
Performance test message 1435
Performance test message 1436
Performance test message 1437
Performance test message 1438
Performance test message 1439
Performance test message 1440
Performance test message 1441
Performance test message 1442
Performance test message 1443
Performance test message 1444
Performance test message 1445
Performance test message 1446
Performance test message 1447
Performance test message 1448
Performance test message 1449
Performance test message 1450
Performance test message 1451
Performance test message 1452
Performance test message 1453
Performance test message 1454
Performance test message 1455
Performance test message 1456
Performance test message 1457
Performance test message 1458
Performance test message 1459
Performance test message 1460
Performance test message 1461
Performance test message 1462
Performance test message 1463
Performance test message 1464
Performance test message 1465
Performance test message 1466
Performance test message 1467
Performance test message 1468
Performance test message 1469
Performance test message 1470
Performance test message 1471
Performance test message 1472
Performance test message 1473
Performance test message 1474
Performance test message 1475
Performance test message 1476
Performance test message 1477
Performance test message 1478
Performance test message 1479
Performance test message 1480
Performance test message 1481
Performance test message 1482
Performance test message 1483
Performance test message 1484
Performance test message 1485
Performance test message 1486
Performance test message 1487
Performance test message 1488
Performance test message 1489
Performance test message 1490
Performance test message 1491
Performance test message 1492
Performance test message 1493
Performance test message 1494
Performance test message 1495
Performance test message 1496
Performance test message 1497
Performance test message 1498
Performance test message 1499
Performance test message 1500
Performance test message 1501
Performance test message 1502
Performance test message 1503
Performance test message 1504
Performance test message 1505
Performance test message 1506
Performance test message 1507
Performance test message 1508
Performance test message 1509
Performance test message 1510
Performance test message 1511
Performance test message 1512
Performance test message 1513
Performance test message 1514
Performance test message 1515
Performance test message 1516
Performance test message 1517
Performance test message 1518
Performance test message 1519
Performance test message 1520
Performance test message 1521
Performance test message 1522
Performance test message 1523
Performance test message 1524
Performance test message 1525
Performance test message 1526
Performance test message 1527
Performance test message 1528
Performance test message 1529
Performance test message 1530
Performance test message 1531
Performance test message 1532
Performance test message 1533
Performance test message 1534
Performance test message 1535
Performance test message 1536
Performance test message 1537
Performance test message 1538
Performance test message 1539
Performance test message 1540
Performance test message 1541
Performance test message 1542
Performance test message 1543
Performance test message 1544
Performance test message 1545
Performance test message 1546
Performance test message 1547
Performance test message 1548
Performance test message 1549
Performance test message 1550
Performance test message 1551
Performance test message 1552
Performance test message 1553
Performance test message 1554
Performance test message 1555
Performance test message 1556
Performance test message 1557
Performance test message 1558
Performance test message 1559
Performance test message 1560
Performance test message 1561
Performance test message 1562
Performance test message 1563
Performance test message 1564
Performance test message 1565
Performance test message 1566
Performance test message 1567
Performance test message 1568
Performance test message 1569
Performance test message 1570
Performance test message 1571
Performance test message 1572
Performance test message 1573
Performance test message 1574
Performance test message 1575
Performance test message 1576
Performance test message 1577
Performance test message 1578
Performance test message 1579
Performance test message 1580
Performance test message 1581
Performance test message 1582
Performance test message 1583
Performance test message 1584
Performance test message 1585
Performance test message 1586
Performance test message 1587
Performance test message 1588
Performance test message 1589
Performance test message 1590
Performance test message 1591
Performance test message 1592
Performance test message 1593
Performance test message 1594
Performance test message 1595
Performance test message 1596
Performance test message 1597
Performance test message 1598
Performance test message 1599
Performance test message 1600
Performance test message 1601
Performance test message 1602
Performance test message 1603
Performance test message 1604
Performance test message 1605
Performance test message 1606
Performance test message 1607
Performance test message 1608
Performance test message 1609
Performance test message 1610
Performance test message 1611
Performance test message 1612
Performance test message 1613
Performance test message 1614
Performance test message 1615
Performance test message 1616
Performance test message 1617
Performance test message 1618
Performance test message 1619
Performance test message 1620
Performance test message 1621
Performance test message 1622
Performance test message 1623
Performance test message 1624
Performance test message 1625
Performance test message 1626
Performance test message 1627
Performance test message 1628
Performance test message 1629
Performance test message 1630
Performance test message 1631
Performance test message 1632
Performance test message 1633
Performance test message 1634
Performance test message 1635
Performance test message 1636
Performance test message 1637
Performance test message 1638
Performance test message 1639
Performance test message 1640
Performance test message 1641
Performance test message 1642
Performance test message 1643
Performance test message 1644
Performance test message 1645
Performance test message 1646
Performance test message 1647
Performance test message 1648
Performance test message 1649
Performance test message 1650
Performance test message 1651
Performance test message 1652
Performance test message 1653
Performance test message 1654
Performance test message 1655
Performance test message 1656
Performance test message 1657
Performance test message 1658
Performance test message 1659
Performance test message 1660
Performance test message 1661
Performance test message 1662
Performance test message 1663
Performance test message 1664
Performance test message 1665
Performance test message 1666
Performance test message 1667
Performance test message 1668
Performance test message 1669
Performance test message 1670
Performance test message 1671
Performance test message 1672
Performance test message 1673
Performance test message 1674
Performance test message 1675
Performance test message 1676
Performance test message 1677
Performance test message 1678
Performance test message 1679
Performance test message 1680
Performance test message 1681
Performance test message 1682
Performance test message 1683
Performance test message 1684
Performance test message 1685
Performance test message 1686
Performance test message 1687
Performance test message 1688
Performance test message 1689
Performance test message 1690
Performance test message 1691
Performance test message 1692
Performance test message 1693
Performance test message 1694
Performance test message 1695
Performance test message 1696
Performance test message 1697
Performance test message 1698
Performance test message 1699
Performance test message 1700
Performance test message 1701
Performance test message 1702
Performance test message 1703
Performance test message 1704
Performance test message 1705
Performance test message 1706
Performance test message 1707
Performance test message 1708
Performance test message 1709
Performance test message 1710
Performance test message 1711
Performance test message 1712
Performance test message 1713
Performance test message 1714
Performance test message 1715
Performance test message 1716
Performance test message 1717
Performance test message 1718
Performance test message 1719
Performance test message 1720
Performance test message 1721
Performance test message 1722
Performance test message 1723
Performance test message 1724
Performance test message 1725
Performance test message 1726
Performance test message 1727
Performance test message 1728
Performance test message 1729
Performance test message 1730
Performance test message 1731
Performance test message 1732
Performance test message 1733
Performance test message 1734
Performance test message 1735
Performance test message 1736
Performance test message 1737
Performance test message 1738
Performance test message 1739
Performance test message 1740
Performance test message 1741
Performance test message 1742
Performance test message 1743
Performance test message 1744
Performance test message 1745
Performance test message 1746
Performance test message 1747
Performance test message 1748
Performance test message 1749
Performance test message 1750
Performance test message 1751
Performance test message 1752
Performance test message 1753
Performance test message 1754
Performance test message 1755
Performance test message 1756
Performance test message 1757
Performance test message 1758
Performance test message 1759
Performance test message 1760
Performance test message 1761
Performance test message 1762
Performance test message 1763
Performance test message 1764
Performance test message 1765
Performance test message 1766
Performance test message 1767
Performance test message 1768
Performance test message 1769
Performance test message 1770
Performance test message 1771
Performance test message 1772
Performance test message 1773
Performance test message 1774
Performance test message 1775
Performance test message 1776
Performance test message 1777
Performance test message 1778
Performance test message 1779
Performance test message 1780
Performance test message 1781
Performance test message 1782
Performance test message 1783
Performance test message 1784
Performance test message 1785
Performance test message 1786
Performance test message 1787
Performance test message 1788
Performance test message 1789
Performance test message 1790
Performance test message 1791
Performance test message 1792
Performance test message 1793
Performance test message 1794
Performance test message 1795
Performance test message 1796
Performance test message 1797
Performance test message 1798
Performance test message 1799
Performance test message 1800
Performance test message 1801
Performance test message 1802
Performance test message 1803
Performance test message 1804
Performance test message 1805
Performance test message 1806
Performance test message 1807
Performance test message 1808
Performance test message 1809
Performance test message 1810
Performance test message 1811
Performance test message 1812
Performance test message 1813
Performance test message 1814
Performance test message 1815
Performance test message 1816
Performance test message 1817
Performance test message 1818
Performance test message 1819
Performance test message 1820
Performance test message 1821
Performance test message 1822
Performance test message 1823
Performance test message 1824
Performance test message 1825
Performance test message 1826
Performance test message 1827
Performance test message 1828
Performance test message 1829
Performance test message 1830
Performance test message 1831
Performance test message 1832
Performance test message 1833
Performance test message 1834
Performance test message 1835
Performance test message 1836
Performance test message 1837
Performance test message 1838
Performance test message 1839
Performance test message 1840
Performance test message 1841
Performance test message 1842
Performance test message 1843
Performance test message 1844
Performance test message 1845
Performance test message 1846
Performance test message 1847
Performance test message 1848
Performance test message 1849
Performance test message 1850
Performance test message 1851
Performance test message 1852
Performance test message 1853
Performance test message 1854
Performance test message 1855
Performance test message 1856
Performance test message 1857
Performance test message 1858
Performance test message 1859
Performance test message 1860
Performance test message 1861
Performance test message 1862
Performance test message 1863
Performance test message 1864
Performance test message 1865
Performance test message 1866
Performance test message 1867
Performance test message 1868
Performance test message 1869
Performance test message 1870
Performance test message 1871
Performance test message 1872
Performance test message 1873
Performance test message 1874
Performance test message 1875
Performance test message 1876
Performance test message 1877
Performance test message 1878
Performance test message 1879
Performance test message 1880
Performance test message 1881
Performance test message 1882
Performance test message 1883
Performance test message 1884
Performance test message 1885
Performance test message 1886
Performance test message 1887
Performance test message 1888
Performance test message 1889
Performance test message 1890
Performance test message 1891
Performance test message 1892
Performance test message 1893
Performance test message 1894
Performance test message 1895
Performance test message 1896
Performance test message 1897
Performance test message 1898
Performance test message 1899
Performance test message 1900
Performance test message 1901
Performance test message 1902
Performance test message 1903
Performance test message 1904
Performance test message 1905
Performance test message 1906
Performance test message 1907
Performance test message 1908
Performance test message 1909
Performance test message 1910
Performance test message 1911
Performance test message 1912
Performance test message 1913
Performance test message 1914
Performance test message 1915
Performance test message 1916
Performance test message 1917
Performance test message 1918
Performance test message 1919
Performance test message 1920
Performance test message 1921
Performance test message 1922
Performance test message 1923
Performance test message 1924
Performance test message 1925
Performance test message 1926
Performance test message 1927
Performance test message 1928
Performance test message 1929
Performance test message 1930
Performance test message 1931
Performance test message 1932
Performance test message 1933
Performance test message 1934
Performance test message 1935
Performance test message 1936
Performance test message 1937
Performance test message 1938
Performance test message 1939
Performance test message 1940
Performance test message 1941
Performance test message 1942
Performance test message 1943
Performance test message 1944
Performance test message 1945
Performance test message 1946
Performance test message 1947
Performance test message 1948
Performance test message 1949
Performance test message 1950
Performance test message 1951
Performance test message 1952
Performance test message 1953
Performance test message 1954
Performance test message 1955
Performance test message 1956
Performance test message 1957
Performance test message 1958
Performance test message 1959
Performance test message 1960
Performance test message 1961
Performance test message 1962
Performance test message 1963
Performance test message 1964
Performance test message 1965
Performance test message 1966
Performance test message 1967
Performance test message 1968
Performance test message 1969
Performance test message 1970
Performance test message 1971
Performance test message 1972
Performance test message 1973
Performance test message 1974
Performance test message 1975
Performance test message 1976
Performance test message 1977
Performance test message 1978
Performance test message 1979
Performance test message 1980
Performance test message 1981
Performance test message 1982
Performance test message 1983
Performance test message 1984
Performance test message 1985
Performance test message 1986
Performance test message 1987
Performance test message 1988
Performance test message 1989
Performance test message 1990
Performance test message 1991
Performance test message 1992
Performance test message 1993
Performance test message 1994
Performance test message 1995
Performance test message 1996
Performance test message 1997
Performance test message 1998
Performance test message 1999
Performance test message 2000
Performance test message 2001
Performance test message 2002
Performance test message 2003
Performance test message 2004
Performance test message 2005
Performance test message 2006
Performance test message 2007
Performance test message 2008
Performance test message 2009
Performance test message 2010
Performance test message 2011
Performance test message 2012
Performance test message 2013
Performance test message 2014
Performance test message 2015
Performance test message 2016
Performance test message 2017
Performance test message 2018
Performance test message 2019
Performance test message 2020
Performance test message 2021
Performance test message 2022
Performance test message 2023
Performance test message 2024
Performance test message 2025
Performance test message 2026
Performance test message 2027
Performance test message 2028
Performance test message 2029
Performance test message 2030
Performance test message 2031
Performance test message 2032
Performance test message 2033
Performance test message 2034
Performance test message 2035
Performance test message 2036
Performance test message 2037
Performance test message 2038
Performance test message 2039
Performance test message 2040
Performance test message 2041
Performance test message 2042
Performance test message 2043
Performance test message 2044
Performance test message 2045
Performance test message 2046
Performance test message 2047
Performance test message 2048
Performance test message 2049
Performance test message 2050
Performance test message 2051
Performance test message 2052
Performance test message 2053
Performance test message 2054
Performance test message 2055
Performance test message 2056
Performance test message 2057
Performance test message 2058
Performance test message 2059
Performance test message 2060
Performance test message 2061
Performance test message 2062
Performance test message 2063
Performance test message 2064
Performance test message 2065
Performance test message 2066
Performance test message 2067
Performance test message 2068
Performance test message 2069
Performance test message 2070
Performance test message 2071
Performance test message 2072
Performance test message 2073
Performance test message 2074
Performance test message 2075
Performance test message 2076
Performance test message 2077
Performance test message 2078
Performance test message 2079
Performance test message 2080
Performance test message 2081
Performance test message 2082
Performance test message 2083
Performance test message 2084
Performance test message 2085
Performance test message 2086
Performance test message 2087
Performance test message 2088
Performance test message 2089
Performance test message 2090
Performance test message 2091
Performance test message 2092
Performance test message 2093
Performance test message 2094
Performance test message 2095
Performance test message 2096
Performance test message 2097
Performance test message 2098
Performance test message 2099
Performance test message 2100
Performance test message 2101
Performance test message 2102
Performance test message 2103
Performance test message 2104
Performance test message 2105
Performance test message 2106
Performance test message 2107
Performance test message 2108
Performance test message 2109
Performance test message 2110
Performance test message 2111
Performance test message 2112
Performance test message 2113
Performance test message 2114
Performance test message 2115
Performance test message 2116
Performance test message 2117
Performance test message 2118
Performance test message 2119
Performance test message 2120
Performance test message 2121
Performance test message 2122
Performance test message 2123
Performance test message 2124
Performance test message 2125
Performance test message 2126
Performance test message 2127
Performance test message 2128
Performance test message 2129
Performance test message 2130
Performance test message 2131
Performance test message 2132
Performance test message 2133
Performance test message 2134
Performance test message 2135
Performance test message 2136
Performance test message 2137
Performance test message 2138
Performance test message 2139
Performance test message 2140
Performance test message 2141
Performance test message 2142
Performance test message 2143
Performance test message 2144
Performance test message 2145
Performance test message 2146
Performance test message 2147
Performance test message 2148
Performance test message 2149
Performance test message 2150
Performance test message 2151
Performance test message 2152
Performance test message 2153
Performance test message 2154
Performance test message 2155
Performance test message 2156
Performance test message 2157
Performance test message 2158
Performance test message 2159
Performance test message 2160
Performance test message 2161
Performance test message 2162
Performance test message 2163
Performance test message 2164
Performance test message 2165
Performance test message 2166
Performance test message 2167
Performance test message 2168
Performance test message 2169
Performance test message 2170
Performance test message 2171
Performance test message 2172
Performance test message 2173
Performance test message 2174
Performance test message 2175
Performance test message 2176
Performance test message 2177
Performance test message 2178
Performance test message 2179
Performance test message 2180
Performance test message 2181
Performance test message 2182
Performance test message 2183
Performance test message 2184
Performance test message 2185
Performance test message 2186
Performance test message 2187
Performance test message 2188
Performance test message 2189
Performance test message 2190
Performance test message 2191
Performance test message 2192
Performance test message 2193
Performance test message 2194
Performance test message 2195
Performance test message 2196
Performance test message 2197
Performance test message 2198
Performance test message 2199
Performance test message 2200
Performance test message 2201
Performance test message 2202
Performance test message 2203
Performance test message 2204
Performance test message 2205
Performance test message 2206
Performance test message 2207
Performance test message 2208
Performance test message 2209
Performance test message 2210
Performance test message 2211
Performance test message 2212
Performance test message 2213
Performance test message 2214
Performance test message 2215
Performance test message 2216
Performance test message 2217
Performance test message 2218
Performance test message 2219
Performance test message 2220
Performance test message 2221
Performance test message 2222
Performance test message 2223
Performance test message 2224
Performance test message 2225
Performance test message 2226
Performance test message 2227
Performance test message 2228
Performance test message 2229
Performance test message 2230
Performance test message 2231
Performance test message 2232
Performance test message 2233
Performance test message 2234
Performance test message 2235
Performance test message 2236
Performance test message 2237
Performance test message 2238
Performance test message 2239
Performance test message 2240
Performance test message 2241
Performance test message 2242
Performance test message 2243
Performance test message 2244
Performance test message 2245
Performance test message 2246
Performance test message 2247
Performance test message 2248
Performance test message 2249
Performance test message 2250
Performance test message 2251
Performance test message 2252
Performance test message 2253
Performance test message 2254
Performance test message 2255
Performance test message 2256
Performance test message 2257
Performance test message 2258
Performance test message 2259
Performance test message 2260
Performance test message 2261
Performance test message 2262
Performance test message 2263
Performance test message 2264
Performance test message 2265
Performance test message 2266
Performance test message 2267
Performance test message 2268
Performance test message 2269
Performance test message 2270
Performance test message 2271
Performance test message 2272
Performance test message 2273
Performance test message 2274
Performance test message 2275
Performance test message 2276
Performance test message 2277
Performance test message 2278
Performance test message 2279
Performance test message 2280
Performance test message 2281
Performance test message 2282
Performance test message 2283
Performance test message 2284
Performance test message 2285
Performance test message 2286
Performance test message 2287
Performance test message 2288
Performance test message 2289
Performance test message 2290
Performance test message 2291
Performance test message 2292
Performance test message 2293
Performance test message 2294
Performance test message 2295
Performance test message 2296
Performance test message 2297
Performance test message 2298
Performance test message 2299
Performance test message 2300
Performance test message 2301
Performance test message 2302
Performance test message 2303
Performance test message 2304
Performance test message 2305
Performance test message 2306
Performance test message 2307
Performance test message 2308
Performance test message 2309
Performance test message 2310
Performance test message 2311
Performance test message 2312
Performance test message 2313
Performance test message 2314
Performance test message 2315
Performance test message 2316
Performance test message 2317
Performance test message 2318
Performance test message 2319
Performance test message 2320
Performance test message 2321
Performance test message 2322
Performance test message 2323
Performance test message 2324
Performance test message 2325
Performance test message 2326
Performance test message 2327
Performance test message 2328
Performance test message 2329
Performance test message 2330
Performance test message 2331
Performance test message 2332
Performance test message 2333
Performance test message 2334
Performance test message 2335
Performance test message 2336
Performance test message 2337
Performance test message 2338
Performance test message 2339
Performance test message 2340
Performance test message 2341
Performance test message 2342
Performance test message 2343
Performance test message 2344
Performance test message 2345
Performance test message 2346
Performance test message 2347
Performance test message 2348
Performance test message 2349
Performance test message 2350
Performance test message 2351
Performance test message 2352
Performance test message 2353
Performance test message 2354
Performance test message 2355
Performance test message 2356
Performance test message 2357
Performance test message 2358
Performance test message 2359
Performance test message 2360
Performance test message 2361
Performance test message 2362
Performance test message 2363
Performance test message 2364
Performance test message 2365
Performance test message 2366
Performance test message 2367
Performance test message 2368
Performance test message 2369
Performance test message 2370
Performance test message 2371
Performance test message 2372
Performance test message 2373
Performance test message 2374
Performance test message 2375
Performance test message 2376
Performance test message 2377
Performance test message 2378
Performance test message 2379
Performance test message 2380
Performance test message 2381
Performance test message 2382
Performance test message 2383
Performance test message 2384
Performance test message 2385
Performance test message 2386
Performance test message 2387
Performance test message 2388
Performance test message 2389
Performance test message 2390
Performance test message 2391
Performance test message 2392
Performance test message 2393
Performance test message 2394
Performance test message 2395
Performance test message 2396
Performance test message 2397
Performance test message 2398
Performance test message 2399
Performance test message 2400
Performance test message 2401
Performance test message 2402
Performance test message 2403
Performance test message 2404
Performance test message 2405
Performance test message 2406
Performance test message 2407
Performance test message 2408
Performance test message 2409
Performance test message 2410
Performance test message 2411
Performance test message 2412
Performance test message 2413
Performance test message 2414
Performance test message 2415
Performance test message 2416
Performance test message 2417
Performance test message 2418
Performance test message 2419
Performance test message 2420
Performance test message 2421
Performance test message 2422
Performance test message 2423
Performance test message 2424
Performance test message 2425
Performance test message 2426
Performance test message 2427
Performance test message 2428
Performance test message 2429
Performance test message 2430
Performance test message 2431
Performance test message 2432
Performance test message 2433
Performance test message 2434
Performance test message 2435
Performance test message 2436
Performance test message 2437
Performance test message 2438
Performance test message 2439
Performance test message 2440
Performance test message 2441
Performance test message 2442
Performance test message 2443
Performance test message 2444
Performance test message 2445
Performance test message 2446
Performance test message 2447
Performance test message 2448
Performance test message 2449
Performance test message 2450
Performance test message 2451
Performance test message 2452
Performance test message 2453
Performance test message 2454
Performance test message 2455
Performance test message 2456
Performance test message 2457
Performance test message 2458
Performance test message 2459
Performance test message 2460
Performance test message 2461
Performance test message 2462
Performance test message 2463
Performance test message 2464
Performance test message 2465
Performance test message 2466
Performance test message 2467
Performance test message 2468
Performance test message 2469
Performance test message 2470
Performance test message 2471
Performance test message 2472
Performance test message 2473
Performance test message 2474
Performance test message 2475
Performance test message 2476
Performance test message 2477
Performance test message 2478
Performance test message 2479
Performance test message 2480
Performance test message 2481
Performance test message 2482
Performance test message 2483
Performance test message 2484
Performance test message 2485
Performance test message 2486
Performance test message 2487
Performance test message 2488
Performance test message 2489
Performance test message 2490
Performance test message 2491
Performance test message 2492
Performance test message 2493
Performance test message 2494
Performance test message 2495
Performance test message 2496
Performance test message 2497
Performance test message 2498
Performance test message 2499
Performance test message 2500
Performance test message 2501
Performance test message 2502
Performance test message 2503
Performance test message 2504
Performance test message 2505
Performance test message 2506
Performance test message 2507
Performance test message 2508
Performance test message 2509
Performance test message 2510
Performance test message 2511
Performance test message 2512
Performance test message 2513
Performance test message 2514
Performance test message 2515
Performance test message 2516
Performance test message 2517
Performance test message 2518
Performance test message 2519
Performance test message 2520
Performance test message 2521
Performance test message 2522
Performance test message 2523
Performance test message 2524
Performance test message 2525
Performance test message 2526
Performance test message 2527
Performance test message 2528
Performance test message 2529
Performance test message 2530
Performance test message 2531
Performance test message 2532
Performance test message 2533
Performance test message 2534
Performance test message 2535
Performance test message 2536
Performance test message 2537
Performance test message 2538
Performance test message 2539
Performance test message 2540
Performance test message 2541
Performance test message 2542
Performance test message 2543
Performance test message 2544
Performance test message 2545
Performance test message 2546
Performance test message 2547
Performance test message 2548
Performance test message 2549
Performance test message 2550
Performance test message 2551
Performance test message 2552
Performance test message 2553
Performance test message 2554
Performance test message 2555
Performance test message 2556
Performance test message 2557
Performance test message 2558
Performance test message 2559
Performance test message 2560
Performance test message 2561
Performance test message 2562
Performance test message 2563
Performance test message 2564
Performance test message 2565
Performance test message 2566
Performance test message 2567
Performance test message 2568
Performance test message 2569
Performance test message 2570
Performance test message 2571
Performance test message 2572
Performance test message 2573
Performance test message 2574
Performance test message 2575
Performance test message 2576
Performance test message 2577
Performance test message 2578
Performance test message 2579
Performance test message 2580
Performance test message 2581
Performance test message 2582
Performance test message 2583
Performance test message 2584
Performance test message 2585
Performance test message 2586
Performance test message 2587
Performance test message 2588
Performance test message 2589
Performance test message 2590
Performance test message 2591
Performance test message 2592
Performance test message 2593
Performance test message 2594
Performance test message 2595
Performance test message 2596
Performance test message 2597
Performance test message 2598
Performance test message 2599
Performance test message 2600
Performance test message 2601
Performance test message 2602
Performance test message 2603
Performance test message 2604
Performance test message 2605
Performance test message 2606
Performance test message 2607
Performance test message 2608
Performance test message 2609
Performance test message 2610
Performance test message 2611
Performance test message 2612
Performance test message 2613
Performance test message 2614
Performance test message 2615
Performance test message 2616
Performance test message 2617
Performance test message 2618
Performance test message 2619
Performance test message 2620
Performance test message 2621
Performance test message 2622
Performance test message 2623
Performance test message 2624
Performance test message 2625
Performance test message 2626
Performance test message 2627
Performance test message 2628
Performance test message 2629
Performance test message 2630
Performance test message 2631
Performance test message 2632
Performance test message 2633
Performance test message 2634
Performance test message 2635
Performance test message 2636
Performance test message 2637
Performance test message 2638
Performance test message 2639
Performance test message 2640
Performance test message 2641
Performance test message 2642
Performance test message 2643
Performance test message 2644
Performance test message 2645
Performance test message 2646
Performance test message 2647
Performance test message 2648
Performance test message 2649
Performance test message 2650
Performance test message 2651
Performance test message 2652
Performance test message 2653
Performance test message 2654
Performance test message 2655
Performance test message 2656
Performance test message 2657
Performance test message 2658
Performance test message 2659
Performance test message 2660
Performance test message 2661
Performance test message 2662
Performance test message 2663
Performance test message 2664
Performance test message 2665
Performance test message 2666
Performance test message 2667
Performance test message 2668
Performance test message 2669
Performance test message 2670
Performance test message 2671
Performance test message 2672
Performance test message 2673
Performance test message 2674
Performance test message 2675
Performance test message 2676
Performance test message 2677
Performance test message 2678
Performance test message 2679
Performance test message 2680
Performance test message 2681
Performance test message 2682
Performance test message 2683
Performance test message 2684
Performance test message 2685
Performance test message 2686
Performance test message 2687
Performance test message 2688
Performance test message 2689
Performance test message 2690
Performance test message 2691
Performance test message 2692
Performance test message 2693
Performance test message 2694
Performance test message 2695
Performance test message 2696
Performance test message 2697
Performance test message 2698
Performance test message 2699
Performance test message 2700
Performance test message 2701
Performance test message 2702
Performance test message 2703
Performance test message 2704
Performance test message 2705
Performance test message 2706
Performance test message 2707
Performance test message 2708
Performance test message 2709
Performance test message 2710
Performance test message 2711
Performance test message 2712
Performance test message 2713
Performance test message 2714
Performance test message 2715
Performance test message 2716
Performance test message 2717
Performance test message 2718
Performance test message 2719
Performance test message 2720
Performance test message 2721
Performance test message 2722
Performance test message 2723
Performance test message 2724
Performance test message 2725
Performance test message 2726
Performance test message 2727
Performance test message 2728
Performance test message 2729
Performance test message 2730
Performance test message 2731
Performance test message 2732
Performance test message 2733
Performance test message 2734
Performance test message 2735
Performance test message 2736
Performance test message 2737
Performance test message 2738
Performance test message 2739
Performance test message 2740
Performance test message 2741
Performance test message 2742
Performance test message 2743
Performance test message 2744
Performance test message 2745
Performance test message 2746
Performance test message 2747
Performance test message 2748
Performance test message 2749
Performance test message 2750
Performance test message 2751
Performance test message 2752
Performance test message 2753
Performance test message 2754
Performance test message 2755
Performance test message 2756
Performance test message 2757
Performance test message 2758
Performance test message 2759
Performance test message 2760
Performance test message 2761
Performance test message 2762
Performance test message 2763
Performance test message 2764
Performance test message 2765
Performance test message 2766
Performance test message 2767
Performance test message 2768
Performance test message 2769
Performance test message 2770
Performance test message 2771
Performance test message 2772
Performance test message 2773
Performance test message 2774
Performance test message 2775
Performance test message 2776
Performance test message 2777
Performance test message 2778
Performance test message 2779
Performance test message 2780
Performance test message 2781
Performance test message 2782
Performance test message 2783
Performance test message 2784
Performance test message 2785
Performance test message 2786
Performance test message 2787
Performance test message 2788
Performance test message 2789
Performance test message 2790
Performance test message 2791
Performance test message 2792
Performance test message 2793
Performance test message 2794
Performance test message 2795
Performance test message 2796
Performance test message 2797
Performance test message 2798
Performance test message 2799
Performance test message 2800
Performance test message 2801
Performance test message 2802
Performance test message 2803
Performance test message 2804
Performance test message 2805
Performance test message 2806
Performance test message 2807
Performance test message 2808
Performance test message 2809
Performance test message 2810
Performance test message 2811
Performance test message 2812
Performance test message 2813
Performance test message 2814
Performance test message 2815
Performance test message 2816
Performance test message 2817
Performance test message 2818
Performance test message 2819
Performance test message 2820
Performance test message 2821
Performance test message 2822
Performance test message 2823
Performance test message 2824
Performance test message 2825
Performance test message 2826
Performance test message 2827
Performance test message 2828
Performance test message 2829
Performance test message 2830
Performance test message 2831
Performance test message 2832
Performance test message 2833
Performance test message 2834
Performance test message 2835
Performance test message 2836
Performance test message 2837
Performance test message 2838
Performance test message 2839
Performance test message 2840
Performance test message 2841
Performance test message 2842
Performance test message 2843
Performance test message 2844
Performance test message 2845
Performance test message 2846
Performance test message 2847
Performance test message 2848
Performance test message 2849
Performance test message 2850
Performance test message 2851
Performance test message 2852
Performance test message 2853
Performance test message 2854
Performance test message 2855
Performance test message 2856
Performance test message 2857
Performance test message 2858
Performance test message 2859
Performance test message 2860
Performance test message 2861
Performance test message 2862
Performance test message 2863
Performance test message 2864
Performance test message 2865
Performance test message 2866
Performance test message 2867
Performance test message 2868
Performance test message 2869
Performance test message 2870
Performance test message 2871
Performance test message 2872
Performance test message 2873
Performance test message 2874
Performance test message 2875
Performance test message 2876
Performance test message 2877
Performance test message 2878
Performance test message 2879
Performance test message 2880
Performance test message 2881
Performance test message 2882
Performance test message 2883
Performance test message 2884
Performance test message 2885
Performance test message 2886
Performance test message 2887
Performance test message 2888
Performance test message 2889
Performance test message 2890
Performance test message 2891
Performance test message 2892
Performance test message 2893
Performance test message 2894
Performance test message 2895
Performance test message 2896
Performance test message 2897
Performance test message 2898
Performance test message 2899
Performance test message 2900
Performance test message 2901
Performance test message 2902
Performance test message 2903
Performance test message 2904
Performance test message 2905
Performance test message 2906
Performance test message 2907
Performance test message 2908
Performance test message 2909
Performance test message 2910
Performance test message 2911
Performance test message 2912
Performance test message 2913
Performance test message 2914
Performance test message 2915
Performance test message 2916
Performance test message 2917
Performance test message 2918
Performance test message 2919
Performance test message 2920
Performance test message 2921
Performance test message 2922
Performance test message 2923
Performance test message 2924
Performance test message 2925
Performance test message 2926
Performance test message 2927
Performance test message 2928
Performance test message 2929
Performance test message 2930
Performance test message 2931
Performance test message 2932
Performance test message 2933
Performance test message 2934
Performance test message 2935
Performance test message 2936
Performance test message 2937
Performance test message 2938
Performance test message 2939
Performance test message 2940
Performance test message 2941
Performance test message 2942
Performance test message 2943
Performance test message 2944
Performance test message 2945
Performance test message 2946
Performance test message 2947
Performance test message 2948
Performance test message 2949
Performance test message 2950
Performance test message 2951
Performance test message 2952
Performance test message 2953
Performance test message 2954
Performance test message 2955
Performance test message 2956
Performance test message 2957
Performance test message 2958
Performance test message 2959
Performance test message 2960
Performance test message 2961
Performance test message 2962
Performance test message 2963
Performance test message 2964
Performance test message 2965
Performance test message 2966
Performance test message 2967
Performance test message 2968
Performance test message 2969
Performance test message 2970
Performance test message 2971
Performance test message 2972
Performance test message 2973
Performance test message 2974
Performance test message 2975
Performance test message 2976
Performance test message 2977
Performance test message 2978
Performance test message 2979
Performance test message 2980
Performance test message 2981
Performance test message 2982
Performance test message 2983
Performance test message 2984
Performance test message 2985
Performance test message 2986
Performance test message 2987
Performance test message 2988
Performance test message 2989
Performance test message 2990
Performance test message 2991
Performance test message 2992
Performance test message 2993
Performance test message 2994
Performance test message 2995
Performance test message 2996
Performance test message 2997
Performance test message 2998
Performance test message 2999
Performance test message 3000
Performance test message 3001
Performance test message 3002
Performance test message 3003
Performance test message 3004
Performance test message 3005
Performance test message 3006
Performance test message 3007
Performance test message 3008
Performance test message 3009
Performance test message 3010
Performance test message 3011
Performance test message 3012
Performance test message 3013
Performance test message 3014
Performance test message 3015
Performance test message 3016
Performance test message 3017
Performance test message 3018
Performance test message 3019
Performance test message 3020
Performance test message 3021
Performance test message 3022
Performance test message 3023
Performance test message 3024
Performance test message 3025
Performance test message 3026
Performance test message 3027
Performance test message 3028
Performance test message 3029
Performance test message 3030
Performance test message 3031
Performance test message 3032
Performance test message 3033
Performance test message 3034
Performance test message 3035
Performance test message 3036
Performance test message 3037
Performance test message 3038
Performance test message 3039
Performance test message 3040
Performance test message 3041
Performance test message 3042
Performance test message 3043
Performance test message 3044
Performance test message 3045
Performance test message 3046
Performance test message 3047
Performance test message 3048
Performance test message 3049
Performance test message 3050
Performance test message 3051
Performance test message 3052
Performance test message 3053
Performance test message 3054
Performance test message 3055
Performance test message 3056
Performance test message 3057
Performance test message 3058
Performance test message 3059
Performance test message 3060
Performance test message 3061
Performance test message 3062
Performance test message 3063
Performance test message 3064
Performance test message 3065
Performance test message 3066
Performance test message 3067
Performance test message 3068
Performance test message 3069
Performance test message 3070
Performance test message 3071
Performance test message 3072
Performance test message 3073
Performance test message 3074
Performance test message 3075
Performance test message 3076
Performance test message 3077
Performance test message 3078
Performance test message 3079
Performance test message 3080
Performance test message 3081
Performance test message 3082
Performance test message 3083
Performance test message 3084
Performance test message 3085
Performance test message 3086
Performance test message 3087
Performance test message 3088
Performance test message 3089
Performance test message 3090
Performance test message 3091
Performance test message 3092
Performance test message 3093
Performance test message 3094
Performance test message 3095
Performance test message 3096
Performance test message 3097
Performance test message 3098
Performance test message 3099
Performance test message 3100
Performance test message 3101
Performance test message 3102
Performance test message 3103
Performance test message 3104
Performance test message 3105
Performance test message 3106
Performance test message 3107
Performance test message 3108
Performance test message 3109
Performance test message 3110
Performance test message 3111
Performance test message 3112
Performance test message 3113
Performance test message 3114
Performance test message 3115
Performance test message 3116
Performance test message 3117
Performance test message 3118
Performance test message 3119
Performance test message 3120
Performance test message 3121
Performance test message 3122
Performance test message 3123
Performance test message 3124
Performance test message 3125
Performance test message 3126
Performance test message 3127
Performance test message 3128
Performance test message 3129
Performance test message 3130
Performance test message 3131
Performance test message 3132
Performance test message 3133
Performance test message 3134
Performance test message 3135
Performance test message 3136
Performance test message 3137
Performance test message 3138
Performance test message 3139
Performance test message 3140
Performance test message 3141
Performance test message 3142
Performance test message 3143
Performance test message 3144
Performance test message 3145
Performance test message 3146
Performance test message 3147
Performance test message 3148
Performance test message 3149
Performance test message 3150
Performance test message 3151
Performance test message 3152
Performance test message 3153
Performance test message 3154
Performance test message 3155
Performance test message 3156
Performance test message 3157
Performance test message 3158
Performance test message 3159
Performance test message 3160
Performance test message 3161
Performance test message 3162
Performance test message 3163
Performance test message 3164
Performance test message 3165
Performance test message 3166
Performance test message 3167
Performance test message 3168
Performance test message 3169
Performance test message 3170
Performance test message 3171
Performance test message 3172
Performance test message 3173
Performance test message 3174
Performance test message 3175
Performance test message 3176
Performance test message 3177
Performance test message 3178
Performance test message 3179
Performance test message 3180
Performance test message 3181
Performance test message 3182
Performance test message 3183
Performance test message 3184
Performance test message 3185
Performance test message 3186
Performance test message 3187
Performance test message 3188
Performance test message 3189
Performance test message 3190
Performance test message 3191
Performance test message 3192
Performance test message 3193
Performance test message 3194
Performance test message 3195
Performance test message 3196
Performance test message 3197
Performance test message 3198
Performance test message 3199
Performance test message 3200
Performance test message 3201
Performance test message 3202
Performance test message 3203
Performance test message 3204
Performance test message 3205
Performance test message 3206
Performance test message 3207
Performance test message 3208
Performance test message 3209
Performance test message 3210
Performance test message 3211
Performance test message 3212
Performance test message 3213
Performance test message 3214
Performance test message 3215
Performance test message 3216
Performance test message 3217
Performance test message 3218
Performance test message 3219
Performance test message 3220
Performance test message 3221
Performance test message 3222
Performance test message 3223
Performance test message 3224
Performance test message 3225
Performance test message 3226
Performance test message 3227
Performance test message 3228
Performance test message 3229
Performance test message 3230
Performance test message 3231
Performance test message 3232
Performance test message 3233
Performance test message 3234
Performance test message 3235
Performance test message 3236
Performance test message 3237
Performance test message 3238
Performance test message 3239
Performance test message 3240
Performance test message 3241
Performance test message 3242
Performance test message 3243
Performance test message 3244
Performance test message 3245
Performance test message 3246
Performance test message 3247
Performance test message 3248
Performance test message 3249
Performance test message 3250
Performance test message 3251
Performance test message 3252
Performance test message 3253
Performance test message 3254
Performance test message 3255
Performance test message 3256
Performance test message 3257
Performance test message 3258
Performance test message 3259
Performance test message 3260
Performance test message 3261
Performance test message 3262
Performance test message 3263
Performance test message 3264
Performance test message 3265
Performance test message 3266
Performance test message 3267
Performance test message 3268
Performance test message 3269
Performance test message 3270
Performance test message 3271
Performance test message 3272
Performance test message 3273
Performance test message 3274
Performance test message 3275
Performance test message 3276
Performance test message 3277
Performance test message 3278
Performance test message 3279
Performance test message 3280
Performance test message 3281
Performance test message 3282
Performance test message 3283
Performance test message 3284
Performance test message 3285
Performance test message 3286
Performance test message 3287
Performance test message 3288
Performance test message 3289
Performance test message 3290
Performance test message 3291
Performance test message 3292
Performance test message 3293
Performance test message 3294
Performance test message 3295
Performance test message 3296
Performance test message 3297
Performance test message 3298
Performance test message 3299
Performance test message 3300
Performance test message 3301
Performance test message 3302
Performance test message 3303
Performance test message 3304
Performance test message 3305
Performance test message 3306
Performance test message 3307
Performance test message 3308
Performance test message 3309
Performance test message 3310
Performance test message 3311
Performance test message 3312
Performance test message 3313
Performance test message 3314
Performance test message 3315
Performance test message 3316
Performance test message 3317
Performance test message 3318
Performance test message 3319
Performance test message 3320
Performance test message 3321
Performance test message 3322
Performance test message 3323
Performance test message 3324
Performance test message 3325
Performance test message 3326
Performance test message 3327
Performance test message 3328
Performance test message 3329
Performance test message 3330
Performance test message 3331
Performance test message 3332
Performance test message 3333
Performance test message 3334
Performance test message 3335
Performance test message 3336
Performance test message 3337
Performance test message 3338
Performance test message 3339
Performance test message 3340
Performance test message 3341
Performance test message 3342
Performance test message 3343
Performance test message 3344
Performance test message 3345
Performance test message 3346
Performance test message 3347
Performance test message 3348
Performance test message 3349
Performance test message 3350
Performance test message 3351
Performance test message 3352
Performance test message 3353
Performance test message 3354
Performance test message 3355
Performance test message 3356
Performance test message 3357
Performance test message 3358
Performance test message 3359
Performance test message 3360
Performance test message 3361
Performance test message 3362
Performance test message 3363
Performance test message 3364
Performance test message 3365
Performance test message 3366
Performance test message 3367
Performance test message 3368
Performance test message 3369
Performance test message 3370
Performance test message 3371
Performance test message 3372
Performance test message 3373
Performance test message 3374
Performance test message 3375
Performance test message 3376
Performance test message 3377
Performance test message 3378
Performance test message 3379
Performance test message 3380
Performance test message 3381
Performance test message 3382
Performance test message 3383
Performance test message 3384
Performance test message 3385
Performance test message 3386
Performance test message 3387
Performance test message 3388
Performance test message 3389
Performance test message 3390
Performance test message 3391
Performance test message 3392
Performance test message 3393
Performance test message 3394
Performance test message 3395
Performance test message 3396
Performance test message 3397
Performance test message 3398
Performance test message 3399
Performance test message 3400
Performance test message 3401
Performance test message 3402
Performance test message 3403
Performance test message 3404
Performance test message 3405
Performance test message 3406
Performance test message 3407
Performance test message 3408
Performance test message 3409
Performance test message 3410
Performance test message 3411
Performance test message 3412
Performance test message 3413
Performance test message 3414
Performance test message 3415
Performance test message 3416
Performance test message 3417
Performance test message 3418
Performance test message 3419
Performance test message 3420
Performance test message 3421
Performance test message 3422
Performance test message 3423
Performance test message 3424
Performance test message 3425
Performance test message 3426
Performance test message 3427
Performance test message 3428
Performance test message 3429
Performance test message 3430
Performance test message 3431
Performance test message 3432
Performance test message 3433
Performance test message 3434
Performance test message 3435
Performance test message 3436
Performance test message 3437
Performance test message 3438
Performance test message 3439
Performance test message 3440
Performance test message 3441
Performance test message 3442
Performance test message 3443
Performance test message 3444
Performance test message 3445
Performance test message 3446
Performance test message 3447
Performance test message 3448
Performance test message 3449
Performance test message 3450
Performance test message 3451
Performance test message 3452
Performance test message 3453
Performance test message 3454
Performance test message 3455
Performance test message 3456
Performance test message 3457
Performance test message 3458
Performance test message 3459
Performance test message 3460
Performance test message 3461
Performance test message 3462
Performance test message 3463
Performance test message 3464
Performance test message 3465
Performance test message 3466
Performance test message 3467
Performance test message 3468
Performance test message 3469
Performance test message 3470
Performance test message 3471
Performance test message 3472
Performance test message 3473
Performance test message 3474
Performance test message 3475
Performance test message 3476
Performance test message 3477
Performance test message 3478
Performance test message 3479
Performance test message 3480
Performance test message 3481
Performance test message 3482
Performance test message 3483
Performance test message 3484
Performance test message 3485
Performance test message 3486
Performance test message 3487
Performance test message 3488
Performance test message 3489
Performance test message 3490
Performance test message 3491
Performance test message 3492
Performance test message 3493
Performance test message 3494
Performance test message 3495
Performance test message 3496
Performance test message 3497
Performance test message 3498
Performance test message 3499
Performance test message 3500
Performance test message 3501
Performance test message 3502
Performance test message 3503
Performance test message 3504
Performance test message 3505
Performance test message 3506
Performance test message 3507
Performance test message 3508
Performance test message 3509
Performance test message 3510
Performance test message 3511
Performance test message 3512
Performance test message 3513
Performance test message 3514
Performance test message 3515
Performance test message 3516
Performance test message 3517
Performance test message 3518
Performance test message 3519
Performance test message 3520
Performance test message 3521
Performance test message 3522
Performance test message 3523
Performance test message 3524
Performance test message 3525
Performance test message 3526
Performance test message 3527
Performance test message 3528
Performance test message 3529
Performance test message 3530
Performance test message 3531
Performance test message 3532
Performance test message 3533
Performance test message 3534
Performance test message 3535
Performance test message 3536
Performance test message 3537
Performance test message 3538
Performance test message 3539
Performance test message 3540
Performance test message 3541
Performance test message 3542
Performance test message 3543
Performance test message 3544
Performance test message 3545
Performance test message 3546
Performance test message 3547
Performance test message 3548
Performance test message 3549
Performance test message 3550
Performance test message 3551
Performance test message 3552
Performance test message 3553
Performance test message 3554
Performance test message 3555
Performance test message 3556
Performance test message 3557
Performance test message 3558
Performance test message 3559
Performance test message 3560
Performance test message 3561
Performance test message 3562
Performance test message 3563
Performance test message 3564
Performance test message 3565
Performance test message 3566
Performance test message 3567
Performance test message 3568
Performance test message 3569
Performance test message 3570
Performance test message 3571
Performance test message 3572
Performance test message 3573
Performance test message 3574
Performance test message 3575
Performance test message 3576
Performance test message 3577
Performance test message 3578
Performance test message 3579
Performance test message 3580
Performance test message 3581
Performance test message 3582
Performance test message 3583
Performance test message 3584
Performance test message 3585
Performance test message 3586
Performance test message 3587
Performance test message 3588
Performance test message 3589
Performance test message 3590
Performance test message 3591
Performance test message 3592
Performance test message 3593
Performance test message 3594
Performance test message 3595
Performance test message 3596
Performance test message 3597
Performance test message 3598
Performance test message 3599
Performance test message 3600
Performance test message 3601
Performance test message 3602
Performance test message 3603
Performance test message 3604
Performance test message 3605
Performance test message 3606
Performance test message 3607
Performance test message 3608
Performance test message 3609
Performance test message 3610
Performance test message 3611
Performance test message 3612
Performance test message 3613
Performance test message 3614
Performance test message 3615
Performance test message 3616
Performance test message 3617
Performance test message 3618
Performance test message 3619
Performance test message 3620
Performance test message 3621
Performance test message 3622
Performance test message 3623
Performance test message 3624
Performance test message 3625
Performance test message 3626
Performance test message 3627
Performance test message 3628
Performance test message 3629
Performance test message 3630
Performance test message 3631
Performance test message 3632
Performance test message 3633
Performance test message 3634
Performance test message 3635
Performance test message 3636
Performance test message 3637
Performance test message 3638
Performance test message 3639
Performance test message 3640
Performance test message 3641
Performance test message 3642
Performance test message 3643
Performance test message 3644
Performance test message 3645
Performance test message 3646
Performance test message 3647
Performance test message 3648
Performance test message 3649
Performance test message 3650
Performance test message 3651
Performance test message 3652
Performance test message 3653
Performance test message 3654
Performance test message 3655
Performance test message 3656
Performance test message 3657
Performance test message 3658
Performance test message 3659
Performance test message 3660
Performance test message 3661
Performance test message 3662
Performance test message 3663
Performance test message 3664
Performance test message 3665
Performance test message 3666
Performance test message 3667
Performance test message 3668
Performance test message 3669
Performance test message 3670
Performance test message 3671
Performance test message 3672
Performance test message 3673
Performance test message 3674
Performance test message 3675
Performance test message 3676
Performance test message 3677
Performance test message 3678
Performance test message 3679
Performance test message 3680
Performance test message 3681
Performance test message 3682
Performance test message 3683
Performance test message 3684
Performance test message 3685
Performance test message 3686
Performance test message 3687
Performance test message 3688
Performance test message 3689
Performance test message 3690
Performance test message 3691
Performance test message 3692
Performance test message 3693
Performance test message 3694
Performance test message 3695
Performance test message 3696
Performance test message 3697
Performance test message 3698
Performance test message 3699
Performance test message 3700
Performance test message 3701
Performance test message 3702
Performance test message 3703
Performance test message 3704
Performance test message 3705
Performance test message 3706
Performance test message 3707
Performance test message 3708
Performance test message 3709
Performance test message 3710
Performance test message 3711
Performance test message 3712
Performance test message 3713
Performance test message 3714
Performance test message 3715
Performance test message 3716
Performance test message 3717
Performance test message 3718
Performance test message 3719
Performance test message 3720
Performance test message 3721
Performance test message 3722
Performance test message 3723
Performance test message 3724
Performance test message 3725
Performance test message 3726
Performance test message 3727
Performance test message 3728
Performance test message 3729
Performance test message 3730
Performance test message 3731
Performance test message 3732
Performance test message 3733
Performance test message 3734
Performance test message 3735
Performance test message 3736
Performance test message 3737
Performance test message 3738
Performance test message 3739
Performance test message 3740
Performance test message 3741
Performance test message 3742
Performance test message 3743
Performance test message 3744
Performance test message 3745
Performance test message 3746
Performance test message 3747
Performance test message 3748
Performance test message 3749
Performance test message 3750
Performance test message 3751
Performance test message 3752
Performance test message 3753
Performance test message 3754
Performance test message 3755
Performance test message 3756
Performance test message 3757
Performance test message 3758
Performance test message 3759
Performance test message 3760
Performance test message 3761
Performance test message 3762
Performance test message 3763
Performance test message 3764
Performance test message 3765
Performance test message 3766
Performance test message 3767
Performance test message 3768
Performance test message 3769
Performance test message 3770
Performance test message 3771
Performance test message 3772
Performance test message 3773
Performance test message 3774
Performance test message 3775
Performance test message 3776
Performance test message 3777
Performance test message 3778
Performance test message 3779
Performance test message 3780
Performance test message 3781
Performance test message 3782
Performance test message 3783
Performance test message 3784
Performance test message 3785
Performance test message 3786
Performance test message 3787
Performance test message 3788
Performance test message 3789
Performance test message 3790
Performance test message 3791
Performance test message 3792
Performance test message 3793
Performance test message 3794
Performance test message 3795
Performance test message 3796
Performance test message 3797
Performance test message 3798
Performance test message 3799
Performance test message 3800
Performance test message 3801
Performance test message 3802
Performance test message 3803
Performance test message 3804
Performance test message 3805
Performance test message 3806
Performance test message 3807
Performance test message 3808
Performance test message 3809
Performance test message 3810
Performance test message 3811
Performance test message 3812
Performance test message 3813
Performance test message 3814
Performance test message 3815
Performance test message 3816
Performance test message 3817
Performance test message 3818
Performance test message 3819
Performance test message 3820
Performance test message 3821
Performance test message 3822
Performance test message 3823
Performance test message 3824
Performance test message 3825
Performance test message 3826
Performance test message 3827
Performance test message 3828
Performance test message 3829
Performance test message 3830
Performance test message 3831
Performance test message 3832
Performance test message 3833
Performance test message 3834
Performance test message 3835
Performance test message 3836
Performance test message 3837
Performance test message 3838
Performance test message 3839
Performance test message 3840
Performance test message 3841
Performance test message 3842
Performance test message 3843
Performance test message 3844
Performance test message 3845
Performance test message 3846
Performance test message 3847
Performance test message 3848
Performance test message 3849
Performance test message 3850
Performance test message 3851
Performance test message 3852
Performance test message 3853
Performance test message 3854
Performance test message 3855
Performance test message 3856
Performance test message 3857
Performance test message 3858
Performance test message 3859
Performance test message 3860
Performance test message 3861
Performance test message 3862
Performance test message 3863
Performance test message 3864
Performance test message 3865
Performance test message 3866
Performance test message 3867
Performance test message 3868
Performance test message 3869
Performance test message 3870
Performance test message 3871
Performance test message 3872
Performance test message 3873
Performance test message 3874
Performance test message 3875
Performance test message 3876
Performance test message 3877
Performance test message 3878
Performance test message 3879
Performance test message 3880
Performance test message 3881
Performance test message 3882
Performance test message 3883
Performance test message 3884
Performance test message 3885
Performance test message 3886
Performance test message 3887
Performance test message 3888
Performance test message 3889
Performance test message 3890
Performance test message 3891
Performance test message 3892
Performance test message 3893
Performance test message 3894
Performance test message 3895
Performance test message 3896
Performance test message 3897
Performance test message 3898
Performance test message 3899
Performance test message 3900
Performance test message 3901
Performance test message 3902
Performance test message 3903
Performance test message 3904
Performance test message 3905
Performance test message 3906
Performance test message 3907
Performance test message 3908
Performance test message 3909
Performance test message 3910
Performance test message 3911
Performance test message 3912
Performance test message 3913
Performance test message 3914
Performance test message 3915
Performance test message 3916
Performance test message 3917
Performance test message 3918
Performance test message 3919
Performance test message 3920
Performance test message 3921
Performance test message 3922
Performance test message 3923
Performance test message 3924
Performance test message 3925
Performance test message 3926
Performance test message 3927
Performance test message 3928
Performance test message 3929
Performance test message 3930
Performance test message 3931
Performance test message 3932
Performance test message 3933
Performance test message 3934
Performance test message 3935
Performance test message 3936
Performance test message 3937
Performance test message 3938
Performance test message 3939
Performance test message 3940
Performance test message 3941
Performance test message 3942
Performance test message 3943
Performance test message 3944
Performance test message 3945
Performance test message 3946
Performance test message 3947
Performance test message 3948
Performance test message 3949
Performance test message 3950
Performance test message 3951
Performance test message 3952
Performance test message 3953
Performance test message 3954
Performance test message 3955
Performance test message 3956
Performance test message 3957
Performance test message 3958
Performance test message 3959
Performance test message 3960
Performance test message 3961
Performance test message 3962
Performance test message 3963
Performance test message 3964
Performance test message 3965
Performance test message 3966
Performance test message 3967
Performance test message 3968
Performance test message 3969
Performance test message 3970
Performance test message 3971
Performance test message 3972
Performance test message 3973
Performance test message 3974
Performance test message 3975
Performance test message 3976
Performance test message 3977
Performance test message 3978
Performance test message 3979
Performance test message 3980
Performance test message 3981
Performance test message 3982
Performance test message 3983
Performance test message 3984
Performance test message 3985
Performance test message 3986
Performance test message 3987
Performance test message 3988
Performance test message 3989
Performance test message 3990
Performance test message 3991
Performance test message 3992
Performance test message 3993
Performance test message 3994
Performance test message 3995
Performance test message 3996
Performance test message 3997
Performance test message 3998
Performance test message 3999
Performance test message 4000
Performance test message 4001
Performance test message 4002
Performance test message 4003
Performance test message 4004
Performance test message 4005
Performance test message 4006
Performance test message 4007
Performance test message 4008
Performance test message 4009
Performance test message 4010
Performance test message 4011
Performance test message 4012
Performance test message 4013
Performance test message 4014
Performance test message 4015
Performance test message 4016
Performance test message 4017
Performance test message 4018
Performance test message 4019
Performance test message 4020
Performance test message 4021
Performance test message 4022
Performance test message 4023
Performance test message 4024
Performance test message 4025
Performance test message 4026
Performance test message 4027
Performance test message 4028
Performance test message 4029
Performance test message 4030
Performance test message 4031
Performance test message 4032
Performance test message 4033
Performance test message 4034
Performance test message 4035
Performance test message 4036
Performance test message 4037
Performance test message 4038
Performance test message 4039
Performance test message 4040
Performance test message 4041
Performance test message 4042
Performance test message 4043
Performance test message 4044
Performance test message 4045
Performance test message 4046
Performance test message 4047
Performance test message 4048
Performance test message 4049
Performance test message 4050
Performance test message 4051
Performance test message 4052
Performance test message 4053
Performance test message 4054
Performance test message 4055
Performance test message 4056
Performance test message 4057
Performance test message 4058
Performance test message 4059
Performance test message 4060
Performance test message 4061
Performance test message 4062
Performance test message 4063
Performance test message 4064
Performance test message 4065
Performance test message 4066
Performance test message 4067
Performance test message 4068
Performance test message 4069
Performance test message 4070
Performance test message 4071
Performance test message 4072
Performance test message 4073
Performance test message 4074
Performance test message 4075
Performance test message 4076
Performance test message 4077
Performance test message 4078
Performance test message 4079
Performance test message 4080
Performance test message 4081
Performance test message 4082
Performance test message 4083
Performance test message 4084
Performance test message 4085
Performance test message 4086
Performance test message 4087
Performance test message 4088
Performance test message 4089
Performance test message 4090
Performance test message 4091
Performance test message 4092
Performance test message 4093
Performance test message 4094
Performance test message 4095
Performance test message 4096
Performance test message 4097
Performance test message 4098
Performance test message 4099
Performance test message 4100
Performance test message 4101
Performance test message 4102
Performance test message 4103
Performance test message 4104
Performance test message 4105
Performance test message 4106
Performance test message 4107
Performance test message 4108
Performance test message 4109
Performance test message 4110
Performance test message 4111
Performance test message 4112
Performance test message 4113
Performance test message 4114
Performance test message 4115
Performance test message 4116
Performance test message 4117
Performance test message 4118
Performance test message 4119
Performance test message 4120
Performance test message 4121
Performance test message 4122
Performance test message 4123
Performance test message 4124
Performance test message 4125
Performance test message 4126
Performance test message 4127
Performance test message 4128
Performance test message 4129
Performance test message 4130
Performance test message 4131
Performance test message 4132
Performance test message 4133
Performance test message 4134
Performance test message 4135
Performance test message 4136
Performance test message 4137
Performance test message 4138
Performance test message 4139
Performance test message 4140
Performance test message 4141
Performance test message 4142
Performance test message 4143
Performance test message 4144
Performance test message 4145
Performance test message 4146
Performance test message 4147
Performance test message 4148
Performance test message 4149
Performance test message 4150
Performance test message 4151
Performance test message 4152
Performance test message 4153
Performance test message 4154
Performance test message 4155
Performance test message 4156
Performance test message 4157
Performance test message 4158
Performance test message 4159
Performance test message 4160
Performance test message 4161
Performance test message 4162
Performance test message 4163
Performance test message 4164
Performance test message 4165
Performance test message 4166
Performance test message 4167
Performance test message 4168
Performance test message 4169
Performance test message 4170
Performance test message 4171
Performance test message 4172
Performance test message 4173
Performance test message 4174
Performance test message 4175
Performance test message 4176
Performance test message 4177
Performance test message 4178
Performance test message 4179
Performance test message 4180
Performance test message 4181
Performance test message 4182
Performance test message 4183
Performance test message 4184
Performance test message 4185
Performance test message 4186
Performance test message 4187
Performance test message 4188
Performance test message 4189
Performance test message 4190
Performance test message 4191
Performance test message 4192
Performance test message 4193
Performance test message 4194
Performance test message 4195
Performance test message 4196
Performance test message 4197
Performance test message 4198
Performance test message 4199
Performance test message 4200
Performance test message 4201
Performance test message 4202
Performance test message 4203
Performance test message 4204
Performance test message 4205
Performance test message 4206
Performance test message 4207
Performance test message 4208
Performance test message 4209
Performance test message 4210
Performance test message 4211
Performance test message 4212
Performance test message 4213
Performance test message 4214
Performance test message 4215
Performance test message 4216
Performance test message 4217
Performance test message 4218
Performance test message 4219
Performance test message 4220
Performance test message 4221
Performance test message 4222
Performance test message 4223
Performance test message 4224
Performance test message 4225
Performance test message 4226
Performance test message 4227
Performance test message 4228
Performance test message 4229
Performance test message 4230
Performance test message 4231
Performance test message 4232
Performance test message 4233
Performance test message 4234
Performance test message 4235
Performance test message 4236
Performance test message 4237
Performance test message 4238
Performance test message 4239
Performance test message 4240
Performance test message 4241
Performance test message 4242
Performance test message 4243
Performance test message 4244
Performance test message 4245
Performance test message 4246
Performance test message 4247
Performance test message 4248
Performance test message 4249
Performance test message 4250
Performance test message 4251
Performance test message 4252
Performance test message 4253
Performance test message 4254
Performance test message 4255
Performance test message 4256
Performance test message 4257
Performance test message 4258
Performance test message 4259
Performance test message 4260
Performance test message 4261
Performance test message 4262
Performance test message 4263
Performance test message 4264
Performance test message 4265
Performance test message 4266
Performance test message 4267
Performance test message 4268
Performance test message 4269
Performance test message 4270
Performance test message 4271
Performance test message 4272
Performance test message 4273
Performance test message 4274
Performance test message 4275
Performance test message 4276
Performance test message 4277
Performance test message 4278
Performance test message 4279
Performance test message 4280
Performance test message 4281
Performance test message 4282
Performance test message 4283
Performance test message 4284
Performance test message 4285
Performance test message 4286
Performance test message 4287
Performance test message 4288
Performance test message 4289
Performance test message 4290
Performance test message 4291
Performance test message 4292
Performance test message 4293
Performance test message 4294
Performance test message 4295
Performance test message 4296
Performance test message 4297
Performance test message 4298
Performance test message 4299
Performance test message 4300
Performance test message 4301
Performance test message 4302
Performance test message 4303
Performance test message 4304
Performance test message 4305
Performance test message 4306
Performance test message 4307
Performance test message 4308
Performance test message 4309
Performance test message 4310
Performance test message 4311
Performance test message 4312
Performance test message 4313
Performance test message 4314
Performance test message 4315
Performance test message 4316
Performance test message 4317
Performance test message 4318
Performance test message 4319
Performance test message 4320
Performance test message 4321
Performance test message 4322
Performance test message 4323
Performance test message 4324
Performance test message 4325
Performance test message 4326
Performance test message 4327
Performance test message 4328
Performance test message 4329
Performance test message 4330
Performance test message 4331
Performance test message 4332
Performance test message 4333
Performance test message 4334
Performance test message 4335
Performance test message 4336
Performance test message 4337
Performance test message 4338
Performance test message 4339
Performance test message 4340
Performance test message 4341
Performance test message 4342
Performance test message 4343
Performance test message 4344
Performance test message 4345
Performance test message 4346
Performance test message 4347
Performance test message 4348
Performance test message 4349
Performance test message 4350
Performance test message 4351
Performance test message 4352
Performance test message 4353
Performance test message 4354
Performance test message 4355
Performance test message 4356
Performance test message 4357
Performance test message 4358
Performance test message 4359
Performance test message 4360
Performance test message 4361
Performance test message 4362
Performance test message 4363
Performance test message 4364
Performance test message 4365
Performance test message 4366
Performance test message 4367
Performance test message 4368
Performance test message 4369
Performance test message 4370
Performance test message 4371
Performance test message 4372
Performance test message 4373
Performance test message 4374
Performance test message 4375
Performance test message 4376
Performance test message 4377
Performance test message 4378
Performance test message 4379
Performance test message 4380
Performance test message 4381
Performance test message 4382
Performance test message 4383
Performance test message 4384
Performance test message 4385
Performance test message 4386
Performance test message 4387
Performance test message 4388
Performance test message 4389
Performance test message 4390
Performance test message 4391
Performance test message 4392
Performance test message 4393
Performance test message 4394
Performance test message 4395
Performance test message 4396
Performance test message 4397
Performance test message 4398
Performance test message 4399
Performance test message 4400
Performance test message 4401
Performance test message 4402
Performance test message 4403
Performance test message 4404
Performance test message 4405
Performance test message 4406
Performance test message 4407
Performance test message 4408
Performance test message 4409
Performance test message 4410
Performance test message 4411
Performance test message 4412
Performance test message 4413
Performance test message 4414
Performance test message 4415
Performance test message 4416
Performance test message 4417
Performance test message 4418
Performance test message 4419
Performance test message 4420
Performance test message 4421
Performance test message 4422
Performance test message 4423
Performance test message 4424
Performance test message 4425
Performance test message 4426
Performance test message 4427
Performance test message 4428
Performance test message 4429
Performance test message 4430
Performance test message 4431
Performance test message 4432
Performance test message 4433
Performance test message 4434
Performance test message 4435
Performance test message 4436
Performance test message 4437
Performance test message 4438
Performance test message 4439
Performance test message 4440
Performance test message 4441
Performance test message 4442
Performance test message 4443
Performance test message 4444
Performance test message 4445
Performance test message 4446
Performance test message 4447
Performance test message 4448
Performance test message 4449
Performance test message 4450
Performance test message 4451
Performance test message 4452
Performance test message 4453
Performance test message 4454
Performance test message 4455
Performance test message 4456
Performance test message 4457
Performance test message 4458
Performance test message 4459
Performance test message 4460
Performance test message 4461
Performance test message 4462
Performance test message 4463
Performance test message 4464
Performance test message 4465
Performance test message 4466
Performance test message 4467
Performance test message 4468
Performance test message 4469
Performance test message 4470
Performance test message 4471
Performance test message 4472
Performance test message 4473
Performance test message 4474
Performance test message 4475
Performance test message 4476
Performance test message 4477
Performance test message 4478
Performance test message 4479
Performance test message 4480
Performance test message 4481
Performance test message 4482
Performance test message 4483
Performance test message 4484
Performance test message 4485
Performance test message 4486
Performance test message 4487
Performance test message 4488
Performance test message 4489
Performance test message 4490
Performance test message 4491
Performance test message 4492
Performance test message 4493
Performance test message 4494
Performance test message 4495
Performance test message 4496
Performance test message 4497
Performance test message 4498
Performance test message 4499
Performance test message 4500
Performance test message 4501
Performance test message 4502
Performance test message 4503
Performance test message 4504
Performance test message 4505
Performance test message 4506
Performance test message 4507
Performance test message 4508
Performance test message 4509
Performance test message 4510
Performance test message 4511
Performance test message 4512
Performance test message 4513
Performance test message 4514
Performance test message 4515
Performance test message 4516
Performance test message 4517
Performance test message 4518
Performance test message 4519
Performance test message 4520
Performance test message 4521
Performance test message 4522
Performance test message 4523
Performance test message 4524
Performance test message 4525
Performance test message 4526
Performance test message 4527
Performance test message 4528
Performance test message 4529
Performance test message 4530
Performance test message 4531
Performance test message 4532
Performance test message 4533
Performance test message 4534
Performance test message 4535
Performance test message 4536
Performance test message 4537
Performance test message 4538
Performance test message 4539
Performance test message 4540
Performance test message 4541
Performance test message 4542
Performance test message 4543
Performance test message 4544
Performance test message 4545
Performance test message 4546
Performance test message 4547
Performance test message 4548
Performance test message 4549
Performance test message 4550
Performance test message 4551
Performance test message 4552
Performance test message 4553
Performance test message 4554
Performance test message 4555
Performance test message 4556
Performance test message 4557
Performance test message 4558
Performance test message 4559
Performance test message 4560
Performance test message 4561
Performance test message 4562
Performance test message 4563
Performance test message 4564
Performance test message 4565
Performance test message 4566
Performance test message 4567
Performance test message 4568
Performance test message 4569
Performance test message 4570
Performance test message 4571
Performance test message 4572
Performance test message 4573
Performance test message 4574
Performance test message 4575
Performance test message 4576
Performance test message 4577
Performance test message 4578
Performance test message 4579
Performance test message 4580
Performance test message 4581
Performance test message 4582
Performance test message 4583
Performance test message 4584
Performance test message 4585
Performance test message 4586
Performance test message 4587
Performance test message 4588
Performance test message 4589
Performance test message 4590
Performance test message 4591
Performance test message 4592
Performance test message 4593
Performance test message 4594
Performance test message 4595
Performance test message 4596
Performance test message 4597
Performance test message 4598
Performance test message 4599
Performance test message 4600
Performance test message 4601
Performance test message 4602
Performance test message 4603
Performance test message 4604
Performance test message 4605
Performance test message 4606
Performance test message 4607
Performance test message 4608
Performance test message 4609
Performance test message 4610
Performance test message 4611
Performance test message 4612
Performance test message 4613
Performance test message 4614
Performance test message 4615
Performance test message 4616
Performance test message 4617
Performance test message 4618
Performance test message 4619
Performance test message 4620
Performance test message 4621
Performance test message 4622
Performance test message 4623
Performance test message 4624
Performance test message 4625
Performance test message 4626
Performance test message 4627
Performance test message 4628
Performance test message 4629
Performance test message 4630
Performance test message 4631
Performance test message 4632
Performance test message 4633
Performance test message 4634
Performance test message 4635
Performance test message 4636
Performance test message 4637
Performance test message 4638
Performance test message 4639
Performance test message 4640
Performance test message 4641
Performance test message 4642
Performance test message 4643
Performance test message 4644
Performance test message 4645
Performance test message 4646
Performance test message 4647
Performance test message 4648
Performance test message 4649
Performance test message 4650
Performance test message 4651
Performance test message 4652
Performance test message 4653
Performance test message 4654
Performance test message 4655
Performance test message 4656
Performance test message 4657
Performance test message 4658
Performance test message 4659
Performance test message 4660
Performance test message 4661
Performance test message 4662
Performance test message 4663
Performance test message 4664
Performance test message 4665
Performance test message 4666
Performance test message 4667
Performance test message 4668
Performance test message 4669
Performance test message 4670
Performance test message 4671
Performance test message 4672
Performance test message 4673
Performance test message 4674
Performance test message 4675
Performance test message 4676
Performance test message 4677
Performance test message 4678
Performance test message 4679
Performance test message 4680
Performance test message 4681
Performance test message 4682
Performance test message 4683
Performance test message 4684
Performance test message 4685
Performance test message 4686
Performance test message 4687
Performance test message 4688
Performance test message 4689
Performance test message 4690
Performance test message 4691
Performance test message 4692
Performance test message 4693
Performance test message 4694
Performance test message 4695
Performance test message 4696
Performance test message 4697
Performance test message 4698
Performance test message 4699
Performance test message 4700
Performance test message 4701
Performance test message 4702
Performance test message 4703
Performance test message 4704
Performance test message 4705
Performance test message 4706
Performance test message 4707
Performance test message 4708
Performance test message 4709
Performance test message 4710
Performance test message 4711
Performance test message 4712
Performance test message 4713
Performance test message 4714
Performance test message 4715
Performance test message 4716
Performance test message 4717
Performance test message 4718
Performance test message 4719
Performance test message 4720
Performance test message 4721
Performance test message 4722
Performance test message 4723
Performance test message 4724
Performance test message 4725
Performance test message 4726
Performance test message 4727
Performance test message 4728
Performance test message 4729
Performance test message 4730
Performance test message 4731
Performance test message 4732
Performance test message 4733
Performance test message 4734
Performance test message 4735
Performance test message 4736
Performance test message 4737
Performance test message 4738
Performance test message 4739
Performance test message 4740
Performance test message 4741
Performance test message 4742
Performance test message 4743
Performance test message 4744
Performance test message 4745
Performance test message 4746
Performance test message 4747
Performance test message 4748
Performance test message 4749
Performance test message 4750
Performance test message 4751
Performance test message 4752
Performance test message 4753
Performance test message 4754
Performance test message 4755
Performance test message 4756
Performance test message 4757
Performance test message 4758
Performance test message 4759
Performance test message 4760
Performance test message 4761
Performance test message 4762
Performance test message 4763
Performance test message 4764
Performance test message 4765
Performance test message 4766
Performance test message 4767
Performance test message 4768
Performance test message 4769
Performance test message 4770
Performance test message 4771
Performance test message 4772
Performance test message 4773
Performance test message 4774
Performance test message 4775
Performance test message 4776
Performance test message 4777
Performance test message 4778
Performance test message 4779
Performance test message 4780
Performance test message 4781
Performance test message 4782
Performance test message 4783
Performance test message 4784
Performance test message 4785
Performance test message 4786
Performance test message 4787
Performance test message 4788
Performance test message 4789
Performance test message 4790
Performance test message 4791
Performance test message 4792
Performance test message 4793
Performance test message 4794
Performance test message 4795
Performance test message 4796
Performance test message 4797
Performance test message 4798
Performance test message 4799
Performance test message 4800
Performance test message 4801
Performance test message 4802
Performance test message 4803
Performance test message 4804
Performance test message 4805
Performance test message 4806
Performance test message 4807
Performance test message 4808
Performance test message 4809
Performance test message 4810
Performance test message 4811
Performance test message 4812
Performance test message 4813
Performance test message 4814
Performance test message 4815
Performance test message 4816
Performance test message 4817
Performance test message 4818
Performance test message 4819
Performance test message 4820
Performance test message 4821
Performance test message 4822
Performance test message 4823
Performance test message 4824
Performance test message 4825
Performance test message 4826
Performance test message 4827
Performance test message 4828
Performance test message 4829
Performance test message 4830
Performance test message 4831
Performance test message 4832
Performance test message 4833
Performance test message 4834
Performance test message 4835
Performance test message 4836
Performance test message 4837
Performance test message 4838
Performance test message 4839
Performance test message 4840
Performance test message 4841
Performance test message 4842
Performance test message 4843
Performance test message 4844
Performance test message 4845
Performance test message 4846
Performance test message 4847
Performance test message 4848
Performance test message 4849
Performance test message 4850
Performance test message 4851
Performance test message 4852
Performance test message 4853
Performance test message 4854
Performance test message 4855
Performance test message 4856
Performance test message 4857
Performance test message 4858
Performance test message 4859
Performance test message 4860
Performance test message 4861
Performance test message 4862
Performance test message 4863
Performance test message 4864
Performance test message 4865
Performance test message 4866
Performance test message 4867
Performance test message 4868
Performance test message 4869
Performance test message 4870
Performance test message 4871
Performance test message 4872
Performance test message 4873
Performance test message 4874
Performance test message 4875
Performance test message 4876
Performance test message 4877
Performance test message 4878
Performance test message 4879
Performance test message 4880
Performance test message 4881
Performance test message 4882
Performance test message 4883
Performance test message 4884
Performance test message 4885
Performance test message 4886
Performance test message 4887
Performance test message 4888
Performance test message 4889
Performance test message 4890
Performance test message 4891
Performance test message 4892
Performance test message 4893
Performance test message 4894
Performance test message 4895
Performance test message 4896
Performance test message 4897
Performance test message 4898
Performance test message 4899
Performance test message 4900
Performance test message 4901
Performance test message 4902
Performance test message 4903
Performance test message 4904
Performance test message 4905
Performance test message 4906
Performance test message 4907
Performance test message 4908
Performance test message 4909
Performance test message 4910
Performance test message 4911
Performance test message 4912
Performance test message 4913
Performance test message 4914
Performance test message 4915
Performance test message 4916
Performance test message 4917
Performance test message 4918
Performance test message 4919
Performance test message 4920
Performance test message 4921
Performance test message 4922
Performance test message 4923
Performance test message 4924
Performance test message 4925
Performance test message 4926
Performance test message 4927
Performance test message 4928
Performance test message 4929
Performance test message 4930
Performance test message 4931
Performance test message 4932
Performance test message 4933
Performance test message 4934
Performance test message 4935
Performance test message 4936
Performance test message 4937
Performance test message 4938
Performance test message 4939
Performance test message 4940
Performance test message 4941
Performance test message 4942
Performance test message 4943
Performance test message 4944
Performance test message 4945
Performance test message 4946
Performance test message 4947
Performance test message 4948
Performance test message 4949
Performance test message 4950
Performance test message 4951
Performance test message 4952
Performance test message 4953
Performance test message 4954
Performance test message 4955
Performance test message 4956
Performance test message 4957
Performance test message 4958
Performance test message 4959
Performance test message 4960
Performance test message 4961
Performance test message 4962
Performance test message 4963
Performance test message 4964
Performance test message 4965
Performance test message 4966
Performance test message 4967
Performance test message 4968
Performance test message 4969
Performance test message 4970
Performance test message 4971
Performance test message 4972
Performance test message 4973
Performance test message 4974
Performance test message 4975
Performance test message 4976
Performance test message 4977
Performance test message 4978
Performance test message 4979
Performance test message 4980
Performance test message 4981
Performance test message 4982
Performance test message 4983
Performance test message 4984
Performance test message 4985
Performance test message 4986
Performance test message 4987
Performance test message 4988
Performance test message 4989
Performance test message 4990
Performance test message 4991
Performance test message 4992
Performance test message 4993
Performance test message 4994
Performance test message 4995
Performance test message 4996
Performance test message 4997
Performance test message 4998
Performance test message 4999
Performance test message 5000
Performance test message 5001
Performance test message 5002
Performance test message 5003
Performance test message 5004
Performance test message 5005
Performance test message 5006
Performance test message 5007
Performance test message 5008
Performance test message 5009
Performance test message 5010
Performance test message 5011
Performance test message 5012
Performance test message 5013
Performance test message 5014
Performance test message 5015
Performance test message 5016
Performance test message 5017
Performance test message 5018
Performance test message 5019
Performance test message 5020
Performance test message 5021
Performance test message 5022
Performance test message 5023
Performance test message 5024
Performance test message 5025
Performance test message 5026
Performance test message 5027
Performance test message 5028
Performance test message 5029
Performance test message 5030
Performance test message 5031
Performance test message 5032
Performance test message 5033
Performance test message 5034
Performance test message 5035
Performance test message 5036
Performance test message 5037
Performance test message 5038
Performance test message 5039
Performance test message 5040
Performance test message 5041
Performance test message 5042
Performance test message 5043
Performance test message 5044
Performance test message 5045
Performance test message 5046
Performance test message 5047
Performance test message 5048
Performance test message 5049
Performance test message 5050
Performance test message 5051
Performance test message 5052
Performance test message 5053
Performance test message 5054
Performance test message 5055
Performance test message 5056
Performance test message 5057
Performance test message 5058
Performance test message 5059
Performance test message 5060
Performance test message 5061
Performance test message 5062
Performance test message 5063
Performance test message 5064
Performance test message 5065
Performance test message 5066
Performance test message 5067
Performance test message 5068
Performance test message 5069
Performance test message 5070
Performance test message 5071
Performance test message 5072
Performance test message 5073
Performance test message 5074
Performance test message 5075
Performance test message 5076
Performance test message 5077
Performance test message 5078
Performance test message 5079
Performance test message 5080
Performance test message 5081
Performance test message 5082
Performance test message 5083
Performance test message 5084
Performance test message 5085
Performance test message 5086
Performance test message 5087
Performance test message 5088
Performance test message 5089
Performance test message 5090
Performance test message 5091
Performance test message 5092
Performance test message 5093
Performance test message 5094
Performance test message 5095
Performance test message 5096
Performance test message 5097
Performance test message 5098
Performance test message 5099
Performance test message 5100
Performance test message 5101
Performance test message 5102
Performance test message 5103
Performance test message 5104
Performance test message 5105
Performance test message 5106
Performance test message 5107
Performance test message 5108
Performance test message 5109
Performance test message 5110
Performance test message 5111
Performance test message 5112
Performance test message 5113
Performance test message 5114
Performance test message 5115
Performance test message 5116
Performance test message 5117
Performance test message 5118
Performance test message 5119
Performance test message 5120
Performance test message 5121
Performance test message 5122
Performance test message 5123
Performance test message 5124
Performance test message 5125
Performance test message 5126
Performance test message 5127
Performance test message 5128
Performance test message 5129
Performance test message 5130
Performance test message 5131
Performance test message 5132
Performance test message 5133
Performance test message 5134
Performance test message 5135
Performance test message 5136
Performance test message 5137
Performance test message 5138
Performance test message 5139
Performance test message 5140
Performance test message 5141
Performance test message 5142
Performance test message 5143
Performance test message 5144
Performance test message 5145
Performance test message 5146
Performance test message 5147
Performance test message 5148
Performance test message 5149
Performance test message 5150
Performance test message 5151
Performance test message 5152
Performance test message 5153
Performance test message 5154
Performance test message 5155
Performance test message 5156
Performance test message 5157
Performance test message 5158
Performance test message 5159
Performance test message 5160
Performance test message 5161
Performance test message 5162
Performance test message 5163
Performance test message 5164
Performance test message 5165
Performance test message 5166
Performance test message 5167
Performance test message 5168
Performance test message 5169
Performance test message 5170
Performance test message 5171
Performance test message 5172
Performance test message 5173
Performance test message 5174
Performance test message 5175
Performance test message 5176
Performance test message 5177
Performance test message 5178
Performance test message 5179
Performance test message 5180
Performance test message 5181
Performance test message 5182
Performance test message 5183
Performance test message 5184
Performance test message 5185
Performance test message 5186
Performance test message 5187
Performance test message 5188
Performance test message 5189
Performance test message 5190
Performance test message 5191
Performance test message 5192
Performance test message 5193
Performance test message 5194
Performance test message 5195
Performance test message 5196
Performance test message 5197
Performance test message 5198
Performance test message 5199
Performance test message 5200
Performance test message 5201
Performance test message 5202
Performance test message 5203
Performance test message 5204
Performance test message 5205
Performance test message 5206
Performance test message 5207
Performance test message 5208
Performance test message 5209
Performance test message 5210
Performance test message 5211
Performance test message 5212
Performance test message 5213
Performance test message 5214
Performance test message 5215
Performance test message 5216
Performance test message 5217
Performance test message 5218
Performance test message 5219
Performance test message 5220
Performance test message 5221
Performance test message 5222
Performance test message 5223
Performance test message 5224
Performance test message 5225
Performance test message 5226
Performance test message 5227
Performance test message 5228
Performance test message 5229
Performance test message 5230
Performance test message 5231
Performance test message 5232
Performance test message 5233
Performance test message 5234
Performance test message 5235
Performance test message 5236
Performance test message 5237
Performance test message 5238
Performance test message 5239
Performance test message 5240
Performance test message 5241
Performance test message 5242
Performance test message 5243
Performance test message 5244
Performance test message 5245
Performance test message 5246
Performance test message 5247
Performance test message 5248
Performance test message 5249
Performance test message 5250
Performance test message 5251
Performance test message 5252
Performance test message 5253
Performance test message 5254
Performance test message 5255
Performance test message 5256
Performance test message 5257
Performance test message 5258
Performance test message 5259
Performance test message 5260
Performance test message 5261
Performance test message 5262
Performance test message 5263
Performance test message 5264
Performance test message 5265
Performance test message 5266
Performance test message 5267
Performance test message 5268
Performance test message 5269
Performance test message 5270
Performance test message 5271
Performance test message 5272
Performance test message 5273
Performance test message 5274
Performance test message 5275
Performance test message 5276
Performance test message 5277
Performance test message 5278
Performance test message 5279
Performance test message 5280
Performance test message 5281
Performance test message 5282
Performance test message 5283
Performance test message 5284
Performance test message 5285
Performance test message 5286
Performance test message 5287
Performance test message 5288
Performance test message 5289
Performance test message 5290
Performance test message 5291
Performance test message 5292
Performance test message 5293
Performance test message 5294
Performance test message 5295
Performance test message 5296
Performance test message 5297
Performance test message 5298
Performance test message 5299
Performance test message 5300
Performance test message 5301
Performance test message 5302
Performance test message 5303
Performance test message 5304
Performance test message 5305
Performance test message 5306
Performance test message 5307
Performance test message 5308
Performance test message 5309
Performance test message 5310
Performance test message 5311
Performance test message 5312
Performance test message 5313
Performance test message 5314
Performance test message 5315
Performance test message 5316
Performance test message 5317
Performance test message 5318
Performance test message 5319
Performance test message 5320
Performance test message 5321
Performance test message 5322
Performance test message 5323
Performance test message 5324
Performance test message 5325
Performance test message 5326
Performance test message 5327
Performance test message 5328
Performance test message 5329
Performance test message 5330
Performance test message 5331
Performance test message 5332
Performance test message 5333
Performance test message 5334
Performance test message 5335
Performance test message 5336
Performance test message 5337
Performance test message 5338
Performance test message 5339
Performance test message 5340
Performance test message 5341
Performance test message 5342
Performance test message 5343
Performance test message 5344
Performance test message 5345
Performance test message 5346
Performance test message 5347
Performance test message 5348
Performance test message 5349
Performance test message 5350
Performance test message 5351
Performance test message 5352
Performance test message 5353
Performance test message 5354
Performance test message 5355
Performance test message 5356
Performance test message 5357
Performance test message 5358
Performance test message 5359
Performance test message 5360
Performance test message 5361
Performance test message 5362
Performance test message 5363
Performance test message 5364
Performance test message 5365
Performance test message 5366
Performance test message 5367
Performance test message 5368
Performance test message 5369
Performance test message 5370
Performance test message 5371
Performance test message 5372
Performance test message 5373
Performance test message 5374
Performance test message 5375
Performance test message 5376
Performance test message 5377
Performance test message 5378
Performance test message 5379
Performance test message 5380
Performance test message 5381
Performance test message 5382
Performance test message 5383
Performance test message 5384
Performance test message 5385
Performance test message 5386
Performance test message 5387
Performance test message 5388
Performance test message 5389
Performance test message 5390
Performance test message 5391
Performance test message 5392
Performance test message 5393
Performance test message 5394
Performance test message 5395
Performance test message 5396
Performance test message 5397
Performance test message 5398
Performance test message 5399
Performance test message 5400
Performance test message 5401
Performance test message 5402
Performance test message 5403
Performance test message 5404
Performance test message 5405
Performance test message 5406
Performance test message 5407
Performance test message 5408
Performance test message 5409
Performance test message 5410
Performance test message 5411
Performance test message 5412
Performance test message 5413
Performance test message 5414
Performance test message 5415
Performance test message 5416
Performance test message 5417
Performance test message 5418
Performance test message 5419
Performance test message 5420
Performance test message 5421
Performance test message 5422
Performance test message 5423
Performance test message 5424
Performance test message 5425
Performance test message 5426
Performance test message 5427
Performance test message 5428
Performance test message 5429
Performance test message 5430
Performance test message 5431
Performance test message 5432
Performance test message 5433
Performance test message 5434
Performance test message 5435
Performance test message 5436
Performance test message 5437
Performance test message 5438
Performance test message 5439
Performance test message 5440
Performance test message 5441
Performance test message 5442
Performance test message 5443
Performance test message 5444
Performance test message 5445
Performance test message 5446
Performance test message 5447
Performance test message 5448
Performance test message 5449
Performance test message 5450
Performance test message 5451
Performance test message 5452
Performance test message 5453
Performance test message 5454
Performance test message 5455
Performance test message 5456
Performance test message 5457
Performance test message 5458
Performance test message 5459
Performance test message 5460
Performance test message 5461
Performance test message 5462
Performance test message 5463
Performance test message 5464
Performance test message 5465
Performance test message 5466
Performance test message 5467
Performance test message 5468
Performance test message 5469
Performance test message 5470
Performance test message 5471
Performance test message 5472
Performance test message 5473
Performance test message 5474
Performance test message 5475
Performance test message 5476
Performance test message 5477
Performance test message 5478
Performance test message 5479
Performance test message 5480
Performance test message 5481
Performance test message 5482
Performance test message 5483
Performance test message 5484
Performance test message 5485
Performance test message 5486
Performance test message 5487
Performance test message 5488
Performance test message 5489
Performance test message 5490
Performance test message 5491
Performance test message 5492
Performance test message 5493
Performance test message 5494
Performance test message 5495
Performance test message 5496
Performance test message 5497
Performance test message 5498
Performance test message 5499
Performance test message 5500
Performance test message 5501
Performance test message 5502
Performance test message 5503
Performance test message 5504
Performance test message 5505
Performance test message 5506
Performance test message 5507
Performance test message 5508
Performance test message 5509
Performance test message 5510
Performance test message 5511
Performance test message 5512
Performance test message 5513
Performance test message 5514
Performance test message 5515
Performance test message 5516
Performance test message 5517
Performance test message 5518
Performance test message 5519
Performance test message 5520
Performance test message 5521
Performance test message 5522
Performance test message 5523
Performance test message 5524
Performance test message 5525
Performance test message 5526
Performance test message 5527
Performance test message 5528
Performance test message 5529
Performance test message 5530
Performance test message 5531
Performance test message 5532
Performance test message 5533
Performance test message 5534
Performance test message 5535
Performance test message 5536
Performance test message 5537
Performance test message 5538
Performance test message 5539
Performance test message 5540
Performance test message 5541
Performance test message 5542
Performance test message 5543
Performance test message 5544
Performance test message 5545
Performance test message 5546
Performance test message 5547
Performance test message 5548
Performance test message 5549
Performance test message 5550
Performance test message 5551
Performance test message 5552
Performance test message 5553
Performance test message 5554
Performance test message 5555
Performance test message 5556
Performance test message 5557
Performance test message 5558
Performance test message 5559
Performance test message 5560
Performance test message 5561
Performance test message 5562
Performance test message 5563
Performance test message 5564
Performance test message 5565
Performance test message 5566
Performance test message 5567
Performance test message 5568
Performance test message 5569
Performance test message 5570
Performance test message 5571
Performance test message 5572
Performance test message 5573
Performance test message 5574
Performance test message 5575
Performance test message 5576
Performance test message 5577
Performance test message 5578
Performance test message 5579
Performance test message 5580
Performance test message 5581
Performance test message 5582
Performance test message 5583
Performance test message 5584
Performance test message 5585
Performance test message 5586
Performance test message 5587
Performance test message 5588
Performance test message 5589
Performance test message 5590
Performance test message 5591
Performance test message 5592
Performance test message 5593
Performance test message 5594
Performance test message 5595
Performance test message 5596
Performance test message 5597
Performance test message 5598
Performance test message 5599
Performance test message 5600
Performance test message 5601
Performance test message 5602
Performance test message 5603
Performance test message 5604
Performance test message 5605
Performance test message 5606
Performance test message 5607
Performance test message 5608
Performance test message 5609
Performance test message 5610
Performance test message 5611
Performance test message 5612
Performance test message 5613
Performance test message 5614
Performance test message 5615
Performance test message 5616
Performance test message 5617
Performance test message 5618
Performance test message 5619
Performance test message 5620
Performance test message 5621
Performance test message 5622
Performance test message 5623
Performance test message 5624
Performance test message 5625
Performance test message 5626
Performance test message 5627
Performance test message 5628
Performance test message 5629
Performance test message 5630
Performance test message 5631
Performance test message 5632
Performance test message 5633
Performance test message 5634
Performance test message 5635
Performance test message 5636
Performance test message 5637
Performance test message 5638
Performance test message 5639
Performance test message 5640
Performance test message 5641
Performance test message 5642
Performance test message 5643
Performance test message 5644
Performance test message 5645
Performance test message 5646
Performance test message 5647
Performance test message 5648
Performance test message 5649
Performance test message 5650
Performance test message 5651
Performance test message 5652
Performance test message 5653
Performance test message 5654
Performance test message 5655
Performance test message 5656
Performance test message 5657
Performance test message 5658
Performance test message 5659
Performance test message 5660
Performance test message 5661
Performance test message 5662
Performance test message 5663
Performance test message 5664
Performance test message 5665
Performance test message 5666
Performance test message 5667
Performance test message 5668
Performance test message 5669
Performance test message 5670
Performance test message 5671
Performance test message 5672
Performance test message 5673
Performance test message 5674
Performance test message 5675
Performance test message 5676
Performance test message 5677
Performance test message 5678
Performance test message 5679
Performance test message 5680
Performance test message 5681
Performance test message 5682
Performance test message 5683
Performance test message 5684
Performance test message 5685
Performance test message 5686
Performance test message 5687
Performance test message 5688
Performance test message 5689
Performance test message 5690
Performance test message 5691
Performance test message 5692
Performance test message 5693
Performance test message 5694
Performance test message 5695
Performance test message 5696
Performance test message 5697
Performance test message 5698
Performance test message 5699
Performance test message 5700
Performance test message 5701
Performance test message 5702
Performance test message 5703
Performance test message 5704
Performance test message 5705
Performance test message 5706
Performance test message 5707
Performance test message 5708
Performance test message 5709
Performance test message 5710
Performance test message 5711
Performance test message 5712
Performance test message 5713
Performance test message 5714
Performance test message 5715
Performance test message 5716
Performance test message 5717
Performance test message 5718
Performance test message 5719
Performance test message 5720
Performance test message 5721
Performance test message 5722
Performance test message 5723
Performance test message 5724
Performance test message 5725
Performance test message 5726
Performance test message 5727
Performance test message 5728
Performance test message 5729
Performance test message 5730
Performance test message 5731
Performance test message 5732
Performance test message 5733
Performance test message 5734
Performance test message 5735
Performance test message 5736
Performance test message 5737
Performance test message 5738
Performance test message 5739
Performance test message 5740
Performance test message 5741
Performance test message 5742
Performance test message 5743
Performance test message 5744
Performance test message 5745
Performance test message 5746
Performance test message 5747
Performance test message 5748
Performance test message 5749
Performance test message 5750
Performance test message 5751
Performance test message 5752
Performance test message 5753
Performance test message 5754
Performance test message 5755
Performance test message 5756
Performance test message 5757
Performance test message 5758
Performance test message 5759
Performance test message 5760
Performance test message 5761
Performance test message 5762
Performance test message 5763
Performance test message 5764
Performance test message 5765
Performance test message 5766
Performance test message 5767
Performance test message 5768
Performance test message 5769
Performance test message 5770
Performance test message 5771
Performance test message 5772
Performance test message 5773
Performance test message 5774
Performance test message 5775
Performance test message 5776
Performance test message 5777
Performance test message 5778
Performance test message 5779
Performance test message 5780
Performance test message 5781
Performance test message 5782
Performance test message 5783
Performance test message 5784
Performance test message 5785
Performance test message 5786
Performance test message 5787
Performance test message 5788
Performance test message 5789
Performance test message 5790
Performance test message 5791
Performance test message 5792
Performance test message 5793
Performance test message 5794
Performance test message 5795
Performance test message 5796
Performance test message 5797
Performance test message 5798
Performance test message 5799
Performance test message 5800
Performance test message 5801
Performance test message 5802
Performance test message 5803
Performance test message 5804
Performance test message 5805
Performance test message 5806
Performance test message 5807
Performance test message 5808
Performance test message 5809
Performance test message 5810
Performance test message 5811
Performance test message 5812
Performance test message 5813
Performance test message 5814
Performance test message 5815
Performance test message 5816
Performance test message 5817
Performance test message 5818
Performance test message 5819
Performance test message 5820
Performance test message 5821
Performance test message 5822
Performance test message 5823
Performance test message 5824
Performance test message 5825
Performance test message 5826
Performance test message 5827
Performance test message 5828
Performance test message 5829
Performance test message 5830
Performance test message 5831
Performance test message 5832
Performance test message 5833
Performance test message 5834
Performance test message 5835
Performance test message 5836
Performance test message 5837
Performance test message 5838
Performance test message 5839
Performance test message 5840
Performance test message 5841
Performance test message 5842
Performance test message 5843
Performance test message 5844
Performance test message 5845
Performance test message 5846
Performance test message 5847
Performance test message 5848
Performance test message 5849
Performance test message 5850
Performance test message 5851
Performance test message 5852
Performance test message 5853
Performance test message 5854
Performance test message 5855
Performance test message 5856
Performance test message 5857
Performance test message 5858
Performance test message 5859
Performance test message 5860
Performance test message 5861
Performance test message 5862
Performance test message 5863
Performance test message 5864
Performance test message 5865
Performance test message 5866
Performance test message 5867
Performance test message 5868
Performance test message 5869
Performance test message 5870
Performance test message 5871
Performance test message 5872
Performance test message 5873
Performance test message 5874
Performance test message 5875
Performance test message 5876
Performance test message 5877
Performance test message 5878
Performance test message 5879
Performance test message 5880
Performance test message 5881
Performance test message 5882
Performance test message 5883
Performance test message 5884
Performance test message 5885
Performance test message 5886
Performance test message 5887
Performance test message 5888
Performance test message 5889
Performance test message 5890
Performance test message 5891
Performance test message 5892
Performance test message 5893
Performance test message 5894
Performance test message 5895
Performance test message 5896
Performance test message 5897
Performance test message 5898
Performance test message 5899
Performance test message 5900
Performance test message 5901
Performance test message 5902
Performance test message 5903
Performance test message 5904
Performance test message 5905
Performance test message 5906
Performance test message 5907
Performance test message 5908
Performance test message 5909
Performance test message 5910
Performance test message 5911
Performance test message 5912
Performance test message 5913
Performance test message 5914
Performance test message 5915
Performance test message 5916
Performance test message 5917
Performance test message 5918
Performance test message 5919
Performance test message 5920
Performance test message 5921
Performance test message 5922
Performance test message 5923
Performance test message 5924
Performance test message 5925
Performance test message 5926
Performance test message 5927
Performance test message 5928
Performance test message 5929
Performance test message 5930
Performance test message 5931
Performance test message 5932
Performance test message 5933
Performance test message 5934
Performance test message 5935
Performance test message 5936
Performance test message 5937
Performance test message 5938
Performance test message 5939
Performance test message 5940
Performance test message 5941
Performance test message 5942
Performance test message 5943
Performance test message 5944
Performance test message 5945
Performance test message 5946
Performance test message 5947
Performance test message 5948
Performance test message 5949
Performance test message 5950
Performance test message 5951
Performance test message 5952
Performance test message 5953
Performance test message 5954
Performance test message 5955
Performance test message 5956
Performance test message 5957
Performance test message 5958
Performance test message 5959
Performance test message 5960
Performance test message 5961
Performance test message 5962
Performance test message 5963
Performance test message 5964
Performance test message 5965
Performance test message 5966
Performance test message 5967
Performance test message 5968
Performance test message 5969
Performance test message 5970
Performance test message 5971
Performance test message 5972
Performance test message 5973
Performance test message 5974
Performance test message 5975
Performance test message 5976
Performance test message 5977
Performance test message 5978
Performance test message 5979
Performance test message 5980
Performance test message 5981
Performance test message 5982
Performance test message 5983
Performance test message 5984
Performance test message 5985
Performance test message 5986
Performance test message 5987
Performance test message 5988
Performance test message 5989
Performance test message 5990
Performance test message 5991
Performance test message 5992
Performance test message 5993
Performance test message 5994
Performance test message 5995
Performance test message 5996
Performance test message 5997
Performance test message 5998
Performance test message 5999
Performance test message 6000
Performance test message 6001
Performance test message 6002
Performance test message 6003
Performance test message 6004
Performance test message 6005
Performance test message 6006
Performance test message 6007
Performance test message 6008
Performance test message 6009
Performance test message 6010
Performance test message 6011
Performance test message 6012
Performance test message 6013
Performance test message 6014
Performance test message 6015
Performance test message 6016
Performance test message 6017
Performance test message 6018
Performance test message 6019
Performance test message 6020
Performance test message 6021
Performance test message 6022
Performance test message 6023
Performance test message 6024
Performance test message 6025
Performance test message 6026
Performance test message 6027
Performance test message 6028
Performance test message 6029
Performance test message 6030
Performance test message 6031
Performance test message 6032
Performance test message 6033
Performance test message 6034
Performance test message 6035
Performance test message 6036
Performance test message 6037
Performance test message 6038
Performance test message 6039
Performance test message 6040
Performance test message 6041
Performance test message 6042
Performance test message 6043
Performance test message 6044
Performance test message 6045
Performance test message 6046
Performance test message 6047
Performance test message 6048
Performance test message 6049
Performance test message 6050
Performance test message 6051
Performance test message 6052
Performance test message 6053
Performance test message 6054
Performance test message 6055
Performance test message 6056
Performance test message 6057
Performance test message 6058
Performance test message 6059
Performance test message 6060
Performance test message 6061
Performance test message 6062
Performance test message 6063
Performance test message 6064
Performance test message 6065
Performance test message 6066
Performance test message 6067
Performance test message 6068
Performance test message 6069
Performance test message 6070
Performance test message 6071
Performance test message 6072
Performance test message 6073
Performance test message 6074
Performance test message 6075
Performance test message 6076
Performance test message 6077
Performance test message 6078
Performance test message 6079
Performance test message 6080
Performance test message 6081
Performance test message 6082
Performance test message 6083
Performance test message 6084
Performance test message 6085
Performance test message 6086
Performance test message 6087
Performance test message 6088
Performance test message 6089
Performance test message 6090
Performance test message 6091
Performance test message 6092
Performance test message 6093
Performance test message 6094
Performance test message 6095
Performance test message 6096
Performance test message 6097
Performance test message 6098
Performance test message 6099
Performance test message 6100
Performance test message 6101
Performance test message 6102
Performance test message 6103
Performance test message 6104
Performance test message 6105
Performance test message 6106
Performance test message 6107
Performance test message 6108
Performance test message 6109
Performance test message 6110
Performance test message 6111
Performance test message 6112
Performance test message 6113
Performance test message 6114
Performance test message 6115
Performance test message 6116
Performance test message 6117
Performance test message 6118
Performance test message 6119
Performance test message 6120
Performance test message 6121
Performance test message 6122
Performance test message 6123
Performance test message 6124
Performance test message 6125
Performance test message 6126
Performance test message 6127
Performance test message 6128
Performance test message 6129
Performance test message 6130
Performance test message 6131
Performance test message 6132
Performance test message 6133
Performance test message 6134
Performance test message 6135
Performance test message 6136
Performance test message 6137
Performance test message 6138
Performance test message 6139
Performance test message 6140
Performance test message 6141
Performance test message 6142
Performance test message 6143
Performance test message 6144
Performance test message 6145
Performance test message 6146
Performance test message 6147
Performance test message 6148
Performance test message 6149
Performance test message 6150
Performance test message 6151
Performance test message 6152
Performance test message 6153
Performance test message 6154
Performance test message 6155
Performance test message 6156
Performance test message 6157
Performance test message 6158
Performance test message 6159
Performance test message 6160
Performance test message 6161
Performance test message 6162
Performance test message 6163
Performance test message 6164
Performance test message 6165
Performance test message 6166
Performance test message 6167
Performance test message 6168
Performance test message 6169
Performance test message 6170
Performance test message 6171
Performance test message 6172
Performance test message 6173
Performance test message 6174
Performance test message 6175
Performance test message 6176
Performance test message 6177
Performance test message 6178
Performance test message 6179
Performance test message 6180
Performance test message 6181
Performance test message 6182
Performance test message 6183
Performance test message 6184
Performance test message 6185
Performance test message 6186
Performance test message 6187
Performance test message 6188
Performance test message 6189
Performance test message 6190
Performance test message 6191
Performance test message 6192
Performance test message 6193
Performance test message 6194
Performance test message 6195
Performance test message 6196
Performance test message 6197
Performance test message 6198
Performance test message 6199
Performance test message 6200
Performance test message 6201
Performance test message 6202
Performance test message 6203
Performance test message 6204
Performance test message 6205
Performance test message 6206
Performance test message 6207
Performance test message 6208
Performance test message 6209
Performance test message 6210
Performance test message 6211
Performance test message 6212
Performance test message 6213
Performance test message 6214
Performance test message 6215
Performance test message 6216
Performance test message 6217
Performance test message 6218
Performance test message 6219
Performance test message 6220
Performance test message 6221
Performance test message 6222
Performance test message 6223
Performance test message 6224
Performance test message 6225
Performance test message 6226
Performance test message 6227
Performance test message 6228
Performance test message 6229
Performance test message 6230
Performance test message 6231
Performance test message 6232
Performance test message 6233
Performance test message 6234
Performance test message 6235
Performance test message 6236
Performance test message 6237
Performance test message 6238
Performance test message 6239
Performance test message 6240
Performance test message 6241
Performance test message 6242
Performance test message 6243
Performance test message 6244
Performance test message 6245
Performance test message 6246
Performance test message 6247
Performance test message 6248
Performance test message 6249
Performance test message 6250
Performance test message 6251
Performance test message 6252
Performance test message 6253
Performance test message 6254
Performance test message 6255
Performance test message 6256
Performance test message 6257
Performance test message 6258
Performance test message 6259
Performance test message 6260
Performance test message 6261
Performance test message 6262
Performance test message 6263
Performance test message 6264
Performance test message 6265
Performance test message 6266
Performance test message 6267
Performance test message 6268
Performance test message 6269
Performance test message 6270
Performance test message 6271
Performance test message 6272
Performance test message 6273
Performance test message 6274
Performance test message 6275
Performance test message 6276
Performance test message 6277
Performance test message 6278
Performance test message 6279
Performance test message 6280
Performance test message 6281
Performance test message 6282
Performance test message 6283
Performance test message 6284
Performance test message 6285
Performance test message 6286
Performance test message 6287
Performance test message 6288
Performance test message 6289
Performance test message 6290
Performance test message 6291
Performance test message 6292
Performance test message 6293
Performance test message 6294
Performance test message 6295
Performance test message 6296
Performance test message 6297
Performance test message 6298
Performance test message 6299
Performance test message 6300
Performance test message 6301
Performance test message 6302
Performance test message 6303
Performance test message 6304
Performance test message 6305
Performance test message 6306
Performance test message 6307
Performance test message 6308
Performance test message 6309
Performance test message 6310
Performance test message 6311
Performance test message 6312
Performance test message 6313
Performance test message 6314
Performance test message 6315
Performance test message 6316
Performance test message 6317
Performance test message 6318
Performance test message 6319
Performance test message 6320
Performance test message 6321
Performance test message 6322
Performance test message 6323
Performance test message 6324
Performance test message 6325
Performance test message 6326
Performance test message 6327
Performance test message 6328
Performance test message 6329
Performance test message 6330
Performance test message 6331
Performance test message 6332
Performance test message 6333
Performance test message 6334
Performance test message 6335
Performance test message 6336
Performance test message 6337
Performance test message 6338
Performance test message 6339
Performance test message 6340
Performance test message 6341
Performance test message 6342
Performance test message 6343
Performance test message 6344
Performance test message 6345
Performance test message 6346
Performance test message 6347
Performance test message 6348
Performance test message 6349
Performance test message 6350
Performance test message 6351
Performance test message 6352
Performance test message 6353
Performance test message 6354
Performance test message 6355
Performance test message 6356
Performance test message 6357
Performance test message 6358
Performance test message 6359
Performance test message 6360
Performance test message 6361
Performance test message 6362
Performance test message 6363
Performance test message 6364
Performance test message 6365
Performance test message 6366
Performance test message 6367
Performance test message 6368
Performance test message 6369
Performance test message 6370
Performance test message 6371
Performance test message 6372
Performance test message 6373
Performance test message 6374
Performance test message 6375
Performance test message 6376
Performance test message 6377
Performance test message 6378
Performance test message 6379
Performance test message 6380
Performance test message 6381
Performance test message 6382
Performance test message 6383
Performance test message 6384
Performance test message 6385
Performance test message 6386
Performance test message 6387
Performance test message 6388
Performance test message 6389
Performance test message 6390
Performance test message 6391
Performance test message 6392
Performance test message 6393
Performance test message 6394
Performance test message 6395
Performance test message 6396
Performance test message 6397
Performance test message 6398
Performance test message 6399
Performance test message 6400
Performance test message 6401
Performance test message 6402
Performance test message 6403
Performance test message 6404
Performance test message 6405
Performance test message 6406
Performance test message 6407
Performance test message 6408
Performance test message 6409
Performance test message 6410
Performance test message 6411
Performance test message 6412
Performance test message 6413
Performance test message 6414
Performance test message 6415
Performance test message 6416
Performance test message 6417
Performance test message 6418
Performance test message 6419
Performance test message 6420
Performance test message 6421
Performance test message 6422
Performance test message 6423
Performance test message 6424
Performance test message 6425
Performance test message 6426
Performance test message 6427
Performance test message 6428
Performance test message 6429
Performance test message 6430
Performance test message 6431
Performance test message 6432
Performance test message 6433
Performance test message 6434
Performance test message 6435
Performance test message 6436
Performance test message 6437
Performance test message 6438
Performance test message 6439
Performance test message 6440
Performance test message 6441
Performance test message 6442
Performance test message 6443
Performance test message 6444
Performance test message 6445
Performance test message 6446
Performance test message 6447
Performance test message 6448
Performance test message 6449
Performance test message 6450
Performance test message 6451
Performance test message 6452
Performance test message 6453
Performance test message 6454
Performance test message 6455
Performance test message 6456
Performance test message 6457
Performance test message 6458
Performance test message 6459
Performance test message 6460
Performance test message 6461
Performance test message 6462
Performance test message 6463
Performance test message 6464
Performance test message 6465
Performance test message 6466
Performance test message 6467
Performance test message 6468
Performance test message 6469
Performance test message 6470
Performance test message 6471
Performance test message 6472
Performance test message 6473
Performance test message 6474
Performance test message 6475
Performance test message 6476
Performance test message 6477
Performance test message 6478
Performance test message 6479
Performance test message 6480
Performance test message 6481
Performance test message 6482
Performance test message 6483
Performance test message 6484
Performance test message 6485
Performance test message 6486
Performance test message 6487
Performance test message 6488
Performance test message 6489
Performance test message 6490
Performance test message 6491
Performance test message 6492
Performance test message 6493
Performance test message 6494
Performance test message 6495
Performance test message 6496
Performance test message 6497
Performance test message 6498
Performance test message 6499
Performance test message 6500
Performance test message 6501
Performance test message 6502
Performance test message 6503
Performance test message 6504
Performance test message 6505
Performance test message 6506
Performance test message 6507
Performance test message 6508
Performance test message 6509
Performance test message 6510
Performance test message 6511
Performance test message 6512
Performance test message 6513
Performance test message 6514
Performance test message 6515
Performance test message 6516
Performance test message 6517
Performance test message 6518
Performance test message 6519
Performance test message 6520
Performance test message 6521
Performance test message 6522
Performance test message 6523
Performance test message 6524
Performance test message 6525
Performance test message 6526
Performance test message 6527
Performance test message 6528
Performance test message 6529
Performance test message 6530
Performance test message 6531
Performance test message 6532
Performance test message 6533
Performance test message 6534
Performance test message 6535
Performance test message 6536
Performance test message 6537
Performance test message 6538
Performance test message 6539
Performance test message 6540
Performance test message 6541
Performance test message 6542
Performance test message 6543
Performance test message 6544
Performance test message 6545
Performance test message 6546
Performance test message 6547
Performance test message 6548
Performance test message 6549
Performance test message 6550
Performance test message 6551
Performance test message 6552
Performance test message 6553
Performance test message 6554
Performance test message 6555
Performance test message 6556
Performance test message 6557
Performance test message 6558
Performance test message 6559
Performance test message 6560
Performance test message 6561
Performance test message 6562
Performance test message 6563
Performance test message 6564
Performance test message 6565
Performance test message 6566
Performance test message 6567
Performance test message 6568
Performance test message 6569
Performance test message 6570
Performance test message 6571
Performance test message 6572
Performance test message 6573
Performance test message 6574
Performance test message 6575
Performance test message 6576
Performance test message 6577
Performance test message 6578
Performance test message 6579
Performance test message 6580
Performance test message 6581
Performance test message 6582
Performance test message 6583
Performance test message 6584
Performance test message 6585
Performance test message 6586
Performance test message 6587
Performance test message 6588
Performance test message 6589
Performance test message 6590
Performance test message 6591
Performance test message 6592
Performance test message 6593
Performance test message 6594
Performance test message 6595
Performance test message 6596
Performance test message 6597
Performance test message 6598
Performance test message 6599
Performance test message 6600
Performance test message 6601
Performance test message 6602
Performance test message 6603
Performance test message 6604
Performance test message 6605
Performance test message 6606
Performance test message 6607
Performance test message 6608
Performance test message 6609
Performance test message 6610
Performance test message 6611
Performance test message 6612
Performance test message 6613
Performance test message 6614
Performance test message 6615
Performance test message 6616
Performance test message 6617
Performance test message 6618
Performance test message 6619
Performance test message 6620
Performance test message 6621
Performance test message 6622
Performance test message 6623
Performance test message 6624
Performance test message 6625
Performance test message 6626
Performance test message 6627
Performance test message 6628
Performance test message 6629
Performance test message 6630
Performance test message 6631
Performance test message 6632
Performance test message 6633
Performance test message 6634
Performance test message 6635
Performance test message 6636
Performance test message 6637
Performance test message 6638
Performance test message 6639
Performance test message 6640
Performance test message 6641
Performance test message 6642
Performance test message 6643
Performance test message 6644
Performance test message 6645
Performance test message 6646
Performance test message 6647
Performance test message 6648
Performance test message 6649
Performance test message 6650
Performance test message 6651
Performance test message 6652
Performance test message 6653
Performance test message 6654
Performance test message 6655
Performance test message 6656
Performance test message 6657
Performance test message 6658
Performance test message 6659
Performance test message 6660
Performance test message 6661
Performance test message 6662
Performance test message 6663
Performance test message 6664
Performance test message 6665
Performance test message 6666
Performance test message 6667
Performance test message 6668
Performance test message 6669
Performance test message 6670
Performance test message 6671
Performance test message 6672
Performance test message 6673
Performance test message 6674
Performance test message 6675
Performance test message 6676
Performance test message 6677
Performance test message 6678
Performance test message 6679
Performance test message 6680
Performance test message 6681
Performance test message 6682
Performance test message 6683
Performance test message 6684
Performance test message 6685
Performance test message 6686
Performance test message 6687
Performance test message 6688
Performance test message 6689
Performance test message 6690
Performance test message 6691
Performance test message 6692
Performance test message 6693
Performance test message 6694
Performance test message 6695
Performance test message 6696
Performance test message 6697
Performance test message 6698
Performance test message 6699
Performance test message 6700
Performance test message 6701
Performance test message 6702
Performance test message 6703
Performance test message 6704
Performance test message 6705
Performance test message 6706
Performance test message 6707
Performance test message 6708
Performance test message 6709
Performance test message 6710
Performance test message 6711
Performance test message 6712
Performance test message 6713
Performance test message 6714
Performance test message 6715
Performance test message 6716
Performance test message 6717
Performance test message 6718
Performance test message 6719
Performance test message 6720
Performance test message 6721
Performance test message 6722
Performance test message 6723
Performance test message 6724
Performance test message 6725
Performance test message 6726
Performance test message 6727
Performance test message 6728
Performance test message 6729
Performance test message 6730
Performance test message 6731
Performance test message 6732
Performance test message 6733
Performance test message 6734
Performance test message 6735
Performance test message 6736
Performance test message 6737
Performance test message 6738
Performance test message 6739
Performance test message 6740
Performance test message 6741
Performance test message 6742
Performance test message 6743
Performance test message 6744
Performance test message 6745
Performance test message 6746
Performance test message 6747
Performance test message 6748
Performance test message 6749
Performance test message 6750
Performance test message 6751
Performance test message 6752
Performance test message 6753
Performance test message 6754
Performance test message 6755
Performance test message 6756
Performance test message 6757
Performance test message 6758
Performance test message 6759
Performance test message 6760
Performance test message 6761
Performance test message 6762
Performance test message 6763
Performance test message 6764
Performance test message 6765
Performance test message 6766
Performance test message 6767
Performance test message 6768
Performance test message 6769
Performance test message 6770
Performance test message 6771
Performance test message 6772
Performance test message 6773
Performance test message 6774
Performance test message 6775
Performance test message 6776
Performance test message 6777
Performance test message 6778
Performance test message 6779
Performance test message 6780
Performance test message 6781
Performance test message 6782
Performance test message 6783
Performance test message 6784
Performance test message 6785
Performance test message 6786
Performance test message 6787
Performance test message 6788
Performance test message 6789
Performance test message 6790
Performance test message 6791
Performance test message 6792
Performance test message 6793
Performance test message 6794
Performance test message 6795
Performance test message 6796
Performance test message 6797
Performance test message 6798
Performance test message 6799
Performance test message 6800
Performance test message 6801
Performance test message 6802
Performance test message 6803
Performance test message 6804
Performance test message 6805
Performance test message 6806
Performance test message 6807
Performance test message 6808
Performance test message 6809
Performance test message 6810
Performance test message 6811
Performance test message 6812
Performance test message 6813
Performance test message 6814
Performance test message 6815
Performance test message 6816
Performance test message 6817
Performance test message 6818
Performance test message 6819
Performance test message 6820
Performance test message 6821
Performance test message 6822
Performance test message 6823
Performance test message 6824
Performance test message 6825
Performance test message 6826
Performance test message 6827
Performance test message 6828
Performance test message 6829
Performance test message 6830
Performance test message 6831
Performance test message 6832
Performance test message 6833
Performance test message 6834
Performance test message 6835
Performance test message 6836
Performance test message 6837
Performance test message 6838
Performance test message 6839
Performance test message 6840
Performance test message 6841
Performance test message 6842
Performance test message 6843
Performance test message 6844
Performance test message 6845
Performance test message 6846
Performance test message 6847
Performance test message 6848
Performance test message 6849
Performance test message 6850
Performance test message 6851
Performance test message 6852
Performance test message 6853
Performance test message 6854
Performance test message 6855
Performance test message 6856
Performance test message 6857
Performance test message 6858
Performance test message 6859
Performance test message 6860
Performance test message 6861
Performance test message 6862
Performance test message 6863
Performance test message 6864
Performance test message 6865
Performance test message 6866
Performance test message 6867
Performance test message 6868
Performance test message 6869
Performance test message 6870
Performance test message 6871
Performance test message 6872
Performance test message 6873
Performance test message 6874
Performance test message 6875
Performance test message 6876
Performance test message 6877
Performance test message 6878
Performance test message 6879
Performance test message 6880
Performance test message 6881
Performance test message 6882
Performance test message 6883
Performance test message 6884
Performance test message 6885
Performance test message 6886
Performance test message 6887
Performance test message 6888
Performance test message 6889
Performance test message 6890
Performance test message 6891
Performance test message 6892
Performance test message 6893
Performance test message 6894
Performance test message 6895
Performance test message 6896
Performance test message 6897
Performance test message 6898
Performance test message 6899
Performance test message 6900
Performance test message 6901
Performance test message 6902
Performance test message 6903
Performance test message 6904
Performance test message 6905
Performance test message 6906
Performance test message 6907
Performance test message 6908
Performance test message 6909
Performance test message 6910
Performance test message 6911
Performance test message 6912
Performance test message 6913
Performance test message 6914
Performance test message 6915
Performance test message 6916
Performance test message 6917
Performance test message 6918
Performance test message 6919
Performance test message 6920
Performance test message 6921
Performance test message 6922
Performance test message 6923
Performance test message 6924
Performance test message 6925
Performance test message 6926
Performance test message 6927
Performance test message 6928
Performance test message 6929
Performance test message 6930
Performance test message 6931
Performance test message 6932
Performance test message 6933
Performance test message 6934
Performance test message 6935
Performance test message 6936
Performance test message 6937
Performance test message 6938
Performance test message 6939
Performance test message 6940
Performance test message 6941
Performance test message 6942
Performance test message 6943
Performance test message 6944
Performance test message 6945
Performance test message 6946
Performance test message 6947
Performance test message 6948
Performance test message 6949
Performance test message 6950
Performance test message 6951
Performance test message 6952
Performance test message 6953
Performance test message 6954
Performance test message 6955
Performance test message 6956
Performance test message 6957
Performance test message 6958
Performance test message 6959
Performance test message 6960
Performance test message 6961
Performance test message 6962
Performance test message 6963
Performance test message 6964
Performance test message 6965
Performance test message 6966
Performance test message 6967
Performance test message 6968
Performance test message 6969
Performance test message 6970
Performance test message 6971
Performance test message 6972
Performance test message 6973
Performance test message 6974
Performance test message 6975
Performance test message 6976
Performance test message 6977
Performance test message 6978
Performance test message 6979
Performance test message 6980
Performance test message 6981
Performance test message 6982
Performance test message 6983
Performance test message 6984
Performance test message 6985
Performance test message 6986
Performance test message 6987
Performance test message 6988
Performance test message 6989
Performance test message 6990
Performance test message 6991
Performance test message 6992
Performance test message 6993
Performance test message 6994
Performance test message 6995
Performance test message 6996
Performance test message 6997
Performance test message 6998
Performance test message 6999
Performance test message 7000
Performance test message 7001
Performance test message 7002
Performance test message 7003
Performance test message 7004
Performance test message 7005
Performance test message 7006
Performance test message 7007
Performance test message 7008
Performance test message 7009
Performance test message 7010
Performance test message 7011
Performance test message 7012
Performance test message 7013
Performance test message 7014
Performance test message 7015
Performance test message 7016
Performance test message 7017
Performance test message 7018
Performance test message 7019
Performance test message 7020
Performance test message 7021
Performance test message 7022
Performance test message 7023
Performance test message 7024
Performance test message 7025
Performance test message 7026
Performance test message 7027
Performance test message 7028
Performance test message 7029
Performance test message 7030
Performance test message 7031
Performance test message 7032
Performance test message 7033
Performance test message 7034
Performance test message 7035
Performance test message 7036
Performance test message 7037
Performance test message 7038
Performance test message 7039
Performance test message 7040
Performance test message 7041
Performance test message 7042
Performance test message 7043
Performance test message 7044
Performance test message 7045
Performance test message 7046
Performance test message 7047
Performance test message 7048
Performance test message 7049
Performance test message 7050
Performance test message 7051
Performance test message 7052
Performance test message 7053
Performance test message 7054
Performance test message 7055
Performance test message 7056
Performance test message 7057
Performance test message 7058
Performance test message 7059
Performance test message 7060
Performance test message 7061
Performance test message 7062
Performance test message 7063
Performance test message 7064
Performance test message 7065
Performance test message 7066
Performance test message 7067
Performance test message 7068
Performance test message 7069
Performance test message 7070
Performance test message 7071
Performance test message 7072
Performance test message 7073
Performance test message 7074
Performance test message 7075
Performance test message 7076
Performance test message 7077
Performance test message 7078
Performance test message 7079
Performance test message 7080
Performance test message 7081
Performance test message 7082
Performance test message 7083
Performance test message 7084
Performance test message 7085
Performance test message 7086
Performance test message 7087
Performance test message 7088
Performance test message 7089
Performance test message 7090
Performance test message 7091
Performance test message 7092
Performance test message 7093
Performance test message 7094
Performance test message 7095
Performance test message 7096
Performance test message 7097
Performance test message 7098
Performance test message 7099
Performance test message 7100
Performance test message 7101
Performance test message 7102
Performance test message 7103
Performance test message 7104
Performance test message 7105
Performance test message 7106
Performance test message 7107
Performance test message 7108
Performance test message 7109
Performance test message 7110
Performance test message 7111
Performance test message 7112
Performance test message 7113
Performance test message 7114
Performance test message 7115
Performance test message 7116
Performance test message 7117
Performance test message 7118
Performance test message 7119
Performance test message 7120
Performance test message 7121
Performance test message 7122
Performance test message 7123
Performance test message 7124
Performance test message 7125
Performance test message 7126
Performance test message 7127
Performance test message 7128
Performance test message 7129
Performance test message 7130
Performance test message 7131
Performance test message 7132
Performance test message 7133
Performance test message 7134
Performance test message 7135
Performance test message 7136
Performance test message 7137
Performance test message 7138
Performance test message 7139
Performance test message 7140
Performance test message 7141
Performance test message 7142
Performance test message 7143
Performance test message 7144
Performance test message 7145
Performance test message 7146
Performance test message 7147
Performance test message 7148
Performance test message 7149
Performance test message 7150
Performance test message 7151
Performance test message 7152
Performance test message 7153
Performance test message 7154
Performance test message 7155
Performance test message 7156
Performance test message 7157
Performance test message 7158
Performance test message 7159
Performance test message 7160
Performance test message 7161
Performance test message 7162
Performance test message 7163
Performance test message 7164
Performance test message 7165
Performance test message 7166
Performance test message 7167
Performance test message 7168
Performance test message 7169
Performance test message 7170
Performance test message 7171
Performance test message 7172
Performance test message 7173
Performance test message 7174
Performance test message 7175
Performance test message 7176
Performance test message 7177
Performance test message 7178
Performance test message 7179
Performance test message 7180
Performance test message 7181
Performance test message 7182
Performance test message 7183
Performance test message 7184
Performance test message 7185
Performance test message 7186
Performance test message 7187
Performance test message 7188
Performance test message 7189
Performance test message 7190
Performance test message 7191
Performance test message 7192
Performance test message 7193
Performance test message 7194
Performance test message 7195
Performance test message 7196
Performance test message 7197
Performance test message 7198
Performance test message 7199
Performance test message 7200
Performance test message 7201
Performance test message 7202
Performance test message 7203
Performance test message 7204
Performance test message 7205
Performance test message 7206
Performance test message 7207
Performance test message 7208
Performance test message 7209
Performance test message 7210
Performance test message 7211
Performance test message 7212
Performance test message 7213
Performance test message 7214
Performance test message 7215
Performance test message 7216
Performance test message 7217
Performance test message 7218
Performance test message 7219
Performance test message 7220
Performance test message 7221
Performance test message 7222
Performance test message 7223
Performance test message 7224
Performance test message 7225
Performance test message 7226
Performance test message 7227
Performance test message 7228
Performance test message 7229
Performance test message 7230
Performance test message 7231
Performance test message 7232
Performance test message 7233
Performance test message 7234
Performance test message 7235
Performance test message 7236
Performance test message 7237
Performance test message 7238
Performance test message 7239
Performance test message 7240
Performance test message 7241
Performance test message 7242
Performance test message 7243
Performance test message 7244
Performance test message 7245
Performance test message 7246
Performance test message 7247
Performance test message 7248
Performance test message 7249
Performance test message 7250
Performance test message 7251
Performance test message 7252
Performance test message 7253
Performance test message 7254
Performance test message 7255
Performance test message 7256
Performance test message 7257
Performance test message 7258
Performance test message 7259
Performance test message 7260
Performance test message 7261
Performance test message 7262
Performance test message 7263
Performance test message 7264
Performance test message 7265
Performance test message 7266
Performance test message 7267
Performance test message 7268
Performance test message 7269
Performance test message 7270
Performance test message 7271
Performance test message 7272
Performance test message 7273
Performance test message 7274
Performance test message 7275
Performance test message 7276
Performance test message 7277
Performance test message 7278
Performance test message 7279
Performance test message 7280
Performance test message 7281
Performance test message 7282
Performance test message 7283
Performance test message 7284
Performance test message 7285
Performance test message 7286
Performance test message 7287
Performance test message 7288
Performance test message 7289
Performance test message 7290
Performance test message 7291
Performance test message 7292
Performance test message 7293
Performance test message 7294
Performance test message 7295
Performance test message 7296
Performance test message 7297
Performance test message 7298
Performance test message 7299
Performance test message 7300
Performance test message 7301
Performance test message 7302
Performance test message 7303
Performance test message 7304
Performance test message 7305
Performance test message 7306
Performance test message 7307
Performance test message 7308
Performance test message 7309
Performance test message 7310
Performance test message 7311
Performance test message 7312
Performance test message 7313
Performance test message 7314
Performance test message 7315
Performance test message 7316
Performance test message 7317
Performance test message 7318
Performance test message 7319
Performance test message 7320
Performance test message 7321
Performance test message 7322
Performance test message 7323
Performance test message 7324
Performance test message 7325
Performance test message 7326
Performance test message 7327
Performance test message 7328
Performance test message 7329
Performance test message 7330
Performance test message 7331
Performance test message 7332
Performance test message 7333
Performance test message 7334
Performance test message 7335
Performance test message 7336
Performance test message 7337
Performance test message 7338
Performance test message 7339
Performance test message 7340
Performance test message 7341
Performance test message 7342
Performance test message 7343
Performance test message 7344
Performance test message 7345
Performance test message 7346
Performance test message 7347
Performance test message 7348
Performance test message 7349
Performance test message 7350
Performance test message 7351
Performance test message 7352
Performance test message 7353
Performance test message 7354
Performance test message 7355
Performance test message 7356
Performance test message 7357
Performance test message 7358
Performance test message 7359
Performance test message 7360
Performance test message 7361
Performance test message 7362
Performance test message 7363
Performance test message 7364
Performance test message 7365
Performance test message 7366
Performance test message 7367
Performance test message 7368
Performance test message 7369
Performance test message 7370
Performance test message 7371
Performance test message 7372
Performance test message 7373
Performance test message 7374
Performance test message 7375
Performance test message 7376
Performance test message 7377
Performance test message 7378
Performance test message 7379
Performance test message 7380
Performance test message 7381
Performance test message 7382
Performance test message 7383
Performance test message 7384
Performance test message 7385
Performance test message 7386
Performance test message 7387
Performance test message 7388
Performance test message 7389
Performance test message 7390
Performance test message 7391
Performance test message 7392
Performance test message 7393
Performance test message 7394
Performance test message 7395
Performance test message 7396
Performance test message 7397
Performance test message 7398
Performance test message 7399
Performance test message 7400
Performance test message 7401
Performance test message 7402
Performance test message 7403
Performance test message 7404
Performance test message 7405
Performance test message 7406
Performance test message 7407
Performance test message 7408
Performance test message 7409
Performance test message 7410
Performance test message 7411
Performance test message 7412
Performance test message 7413
Performance test message 7414
Performance test message 7415
Performance test message 7416
Performance test message 7417
Performance test message 7418
Performance test message 7419
Performance test message 7420
Performance test message 7421
Performance test message 7422
Performance test message 7423
Performance test message 7424
Performance test message 7425
Performance test message 7426
Performance test message 7427
Performance test message 7428
Performance test message 7429
Performance test message 7430
Performance test message 7431
Performance test message 7432
Performance test message 7433
Performance test message 7434
Performance test message 7435
Performance test message 7436
Performance test message 7437
Performance test message 7438
Performance test message 7439
Performance test message 7440
Performance test message 7441
Performance test message 7442
Performance test message 7443
Performance test message 7444
Performance test message 7445
Performance test message 7446
Performance test message 7447
Performance test message 7448
Performance test message 7449
Performance test message 7450
Performance test message 7451
Performance test message 7452
Performance test message 7453
Performance test message 7454
Performance test message 7455
Performance test message 7456
Performance test message 7457
Performance test message 7458
Performance test message 7459
Performance test message 7460
Performance test message 7461
Performance test message 7462
Performance test message 7463
Performance test message 7464
Performance test message 7465
Performance test message 7466
Performance test message 7467
Performance test message 7468
Performance test message 7469
Performance test message 7470
Performance test message 7471
Performance test message 7472
Performance test message 7473
Performance test message 7474
Performance test message 7475
Performance test message 7476
Performance test message 7477
Performance test message 7478
Performance test message 7479
Performance test message 7480
Performance test message 7481
Performance test message 7482
Performance test message 7483
Performance test message 7484
Performance test message 7485
Performance test message 7486
Performance test message 7487
Performance test message 7488
Performance test message 7489
Performance test message 7490
Performance test message 7491
Performance test message 7492
Performance test message 7493
Performance test message 7494
Performance test message 7495
Performance test message 7496
Performance test message 7497
Performance test message 7498
Performance test message 7499
Performance test message 7500
Performance test message 7501
Performance test message 7502
Performance test message 7503
Performance test message 7504
Performance test message 7505
Performance test message 7506
Performance test message 7507
Performance test message 7508
Performance test message 7509
Performance test message 7510
Performance test message 7511
Performance test message 7512
Performance test message 7513
Performance test message 7514
Performance test message 7515
Performance test message 7516
Performance test message 7517
Performance test message 7518
Performance test message 7519
Performance test message 7520
Performance test message 7521
Performance test message 7522
Performance test message 7523
Performance test message 7524
Performance test message 7525
Performance test message 7526
Performance test message 7527
Performance test message 7528
Performance test message 7529
Performance test message 7530
Performance test message 7531
Performance test message 7532
Performance test message 7533
Performance test message 7534
Performance test message 7535
Performance test message 7536
Performance test message 7537
Performance test message 7538
Performance test message 7539
Performance test message 7540
Performance test message 7541
Performance test message 7542
Performance test message 7543
Performance test message 7544
Performance test message 7545
Performance test message 7546
Performance test message 7547
Performance test message 7548
Performance test message 7549
Performance test message 7550
Performance test message 7551
Performance test message 7552
Performance test message 7553
Performance test message 7554
Performance test message 7555
Performance test message 7556
Performance test message 7557
Performance test message 7558
Performance test message 7559
Performance test message 7560
Performance test message 7561
Performance test message 7562
Performance test message 7563
Performance test message 7564
Performance test message 7565
Performance test message 7566
Performance test message 7567
Performance test message 7568
Performance test message 7569
Performance test message 7570
Performance test message 7571
Performance test message 7572
Performance test message 7573
Performance test message 7574
Performance test message 7575
Performance test message 7576
Performance test message 7577
Performance test message 7578
Performance test message 7579
Performance test message 7580
Performance test message 7581
Performance test message 7582
Performance test message 7583
Performance test message 7584
Performance test message 7585
Performance test message 7586
Performance test message 7587
Performance test message 7588
Performance test message 7589
Performance test message 7590
Performance test message 7591
Performance test message 7592
Performance test message 7593
Performance test message 7594
Performance test message 7595
Performance test message 7596
Performance test message 7597
Performance test message 7598
Performance test message 7599
Performance test message 7600
Performance test message 7601
Performance test message 7602
Performance test message 7603
Performance test message 7604
Performance test message 7605
Performance test message 7606
Performance test message 7607
Performance test message 7608
Performance test message 7609
Performance test message 7610
Performance test message 7611
Performance test message 7612
Performance test message 7613
Performance test message 7614
Performance test message 7615
Performance test message 7616
Performance test message 7617
Performance test message 7618
Performance test message 7619
Performance test message 7620
Performance test message 7621
Performance test message 7622
Performance test message 7623
Performance test message 7624
Performance test message 7625
Performance test message 7626
Performance test message 7627
Performance test message 7628
Performance test message 7629
Performance test message 7630
Performance test message 7631
Performance test message 7632
Performance test message 7633
Performance test message 7634
Performance test message 7635
Performance test message 7636
Performance test message 7637
Performance test message 7638
Performance test message 7639
Performance test message 7640
Performance test message 7641
Performance test message 7642
Performance test message 7643
Performance test message 7644
Performance test message 7645
Performance test message 7646
Performance test message 7647
Performance test message 7648
Performance test message 7649
Performance test message 7650
Performance test message 7651
Performance test message 7652
Performance test message 7653
Performance test message 7654
Performance test message 7655
Performance test message 7656
Performance test message 7657
Performance test message 7658
Performance test message 7659
Performance test message 7660
Performance test message 7661
Performance test message 7662
Performance test message 7663
Performance test message 7664
Performance test message 7665
Performance test message 7666
Performance test message 7667
Performance test message 7668
Performance test message 7669
Performance test message 7670
Performance test message 7671
Performance test message 7672
Performance test message 7673
Performance test message 7674
Performance test message 7675
Performance test message 7676
Performance test message 7677
Performance test message 7678
Performance test message 7679
Performance test message 7680
Performance test message 7681
Performance test message 7682
Performance test message 7683
Performance test message 7684
Performance test message 7685
Performance test message 7686
Performance test message 7687
Performance test message 7688
Performance test message 7689
Performance test message 7690
Performance test message 7691
Performance test message 7692
Performance test message 7693
Performance test message 7694
Performance test message 7695
Performance test message 7696
Performance test message 7697
Performance test message 7698
Performance test message 7699
Performance test message 7700
Performance test message 7701
Performance test message 7702
Performance test message 7703
Performance test message 7704
Performance test message 7705
Performance test message 7706
Performance test message 7707
Performance test message 7708
Performance test message 7709
Performance test message 7710
Performance test message 7711
Performance test message 7712
Performance test message 7713
Performance test message 7714
Performance test message 7715
Performance test message 7716
Performance test message 7717
Performance test message 7718
Performance test message 7719
Performance test message 7720
Performance test message 7721
Performance test message 7722
Performance test message 7723
Performance test message 7724
Performance test message 7725
Performance test message 7726
Performance test message 7727
Performance test message 7728
Performance test message 7729
Performance test message 7730
Performance test message 7731
Performance test message 7732
Performance test message 7733
Performance test message 7734
Performance test message 7735
Performance test message 7736
Performance test message 7737
Performance test message 7738
Performance test message 7739
Performance test message 7740
Performance test message 7741
Performance test message 7742
Performance test message 7743
Performance test message 7744
Performance test message 7745
Performance test message 7746
Performance test message 7747
Performance test message 7748
Performance test message 7749
Performance test message 7750
Performance test message 7751
Performance test message 7752
Performance test message 7753
Performance test message 7754
Performance test message 7755
Performance test message 7756
Performance test message 7757
Performance test message 7758
Performance test message 7759
Performance test message 7760
Performance test message 7761
Performance test message 7762
Performance test message 7763
Performance test message 7764
Performance test message 7765
Performance test message 7766
Performance test message 7767
Performance test message 7768
Performance test message 7769
Performance test message 7770
Performance test message 7771
Performance test message 7772
Performance test message 7773
Performance test message 7774
Performance test message 7775
Performance test message 7776
Performance test message 7777
Performance test message 7778
Performance test message 7779
Performance test message 7780
Performance test message 7781
Performance test message 7782
Performance test message 7783
Performance test message 7784
Performance test message 7785
Performance test message 7786
Performance test message 7787
Performance test message 7788
Performance test message 7789
Performance test message 7790
Performance test message 7791
Performance test message 7792
Performance test message 7793
Performance test message 7794
Performance test message 7795
Performance test message 7796
Performance test message 7797
Performance test message 7798
Performance test message 7799
Performance test message 7800
Performance test message 7801
Performance test message 7802
Performance test message 7803
Performance test message 7804
Performance test message 7805
Performance test message 7806
Performance test message 7807
Performance test message 7808
Performance test message 7809
Performance test message 7810
Performance test message 7811
Performance test message 7812
Performance test message 7813
Performance test message 7814
Performance test message 7815
Performance test message 7816
Performance test message 7817
Performance test message 7818
Performance test message 7819
Performance test message 7820
Performance test message 7821
Performance test message 7822
Performance test message 7823
Performance test message 7824
Performance test message 7825
Performance test message 7826
Performance test message 7827
Performance test message 7828
Performance test message 7829
Performance test message 7830
Performance test message 7831
Performance test message 7832
Performance test message 7833
Performance test message 7834
Performance test message 7835
Performance test message 7836
Performance test message 7837
Performance test message 7838
Performance test message 7839
Performance test message 7840
Performance test message 7841
Performance test message 7842
Performance test message 7843
Performance test message 7844
Performance test message 7845
Performance test message 7846
Performance test message 7847
Performance test message 7848
Performance test message 7849
Performance test message 7850
Performance test message 7851
Performance test message 7852
Performance test message 7853
Performance test message 7854
Performance test message 7855
Performance test message 7856
Performance test message 7857
Performance test message 7858
Performance test message 7859
Performance test message 7860
Performance test message 7861
Performance test message 7862
Performance test message 7863
Performance test message 7864
Performance test message 7865
Performance test message 7866
Performance test message 7867
Performance test message 7868
Performance test message 7869
Performance test message 7870
Performance test message 7871
Performance test message 7872
Performance test message 7873
Performance test message 7874
Performance test message 7875
Performance test message 7876
Performance test message 7877
Performance test message 7878
Performance test message 7879
Performance test message 7880
Performance test message 7881
Performance test message 7882
Performance test message 7883
Performance test message 7884
Performance test message 7885
Performance test message 7886
Performance test message 7887
Performance test message 7888
Performance test message 7889
Performance test message 7890
Performance test message 7891
Performance test message 7892
Performance test message 7893
Performance test message 7894
Performance test message 7895
Performance test message 7896
Performance test message 7897
Performance test message 7898
Performance test message 7899
Performance test message 7900
Performance test message 7901
Performance test message 7902
Performance test message 7903
Performance test message 7904
Performance test message 7905
Performance test message 7906
Performance test message 7907
Performance test message 7908
Performance test message 7909
Performance test message 7910
Performance test message 7911
Performance test message 7912
Performance test message 7913
Performance test message 7914
Performance test message 7915
Performance test message 7916
Performance test message 7917
Performance test message 7918
Performance test message 7919
Performance test message 7920
Performance test message 7921
Performance test message 7922
Performance test message 7923
Performance test message 7924
Performance test message 7925
Performance test message 7926
Performance test message 7927
Performance test message 7928
Performance test message 7929
Performance test message 7930
Performance test message 7931
Performance test message 7932
Performance test message 7933
Performance test message 7934
Performance test message 7935
Performance test message 7936
Performance test message 7937
Performance test message 7938
Performance test message 7939
Performance test message 7940
Performance test message 7941
Performance test message 7942
Performance test message 7943
Performance test message 7944
Performance test message 7945
Performance test message 7946
Performance test message 7947
Performance test message 7948
Performance test message 7949
Performance test message 7950
Performance test message 7951
Performance test message 7952
Performance test message 7953
Performance test message 7954
Performance test message 7955
Performance test message 7956
Performance test message 7957
Performance test message 7958
Performance test message 7959
Performance test message 7960
Performance test message 7961
Performance test message 7962
Performance test message 7963
Performance test message 7964
Performance test message 7965
Performance test message 7966
Performance test message 7967
Performance test message 7968
Performance test message 7969
Performance test message 7970
Performance test message 7971
Performance test message 7972
Performance test message 7973
Performance test message 7974
Performance test message 7975
Performance test message 7976
Performance test message 7977
Performance test message 7978
Performance test message 7979
Performance test message 7980
Performance test message 7981
Performance test message 7982
Performance test message 7983
Performance test message 7984
Performance test message 7985
Performance test message 7986
Performance test message 7987
Performance test message 7988
Performance test message 7989
Performance test message 7990
Performance test message 7991
Performance test message 7992
Performance test message 7993
Performance test message 7994
Performance test message 7995
Performance test message 7996
Performance test message 7997
Performance test message 7998
Performance test message 7999
Performance test message 8000
Performance test message 8001
Performance test message 8002
Performance test message 8003
Performance test message 8004
Performance test message 8005
Performance test message 8006
Performance test message 8007
Performance test message 8008
Performance test message 8009
Performance test message 8010
Performance test message 8011
Performance test message 8012
Performance test message 8013
Performance test message 8014
Performance test message 8015
Performance test message 8016
Performance test message 8017
Performance test message 8018
Performance test message 8019
Performance test message 8020
Performance test message 8021
Performance test message 8022
Performance test message 8023
Performance test message 8024
Performance test message 8025
Performance test message 8026
Performance test message 8027
Performance test message 8028
Performance test message 8029
Performance test message 8030
Performance test message 8031
Performance test message 8032
Performance test message 8033
Performance test message 8034
Performance test message 8035
Performance test message 8036
Performance test message 8037
Performance test message 8038
Performance test message 8039
Performance test message 8040
Performance test message 8041
Performance test message 8042
Performance test message 8043
Performance test message 8044
Performance test message 8045
Performance test message 8046
Performance test message 8047
Performance test message 8048
Performance test message 8049
Performance test message 8050
Performance test message 8051
Performance test message 8052
Performance test message 8053
Performance test message 8054
Performance test message 8055
Performance test message 8056
Performance test message 8057
Performance test message 8058
Performance test message 8059
Performance test message 8060
Performance test message 8061
Performance test message 8062
Performance test message 8063
Performance test message 8064
Performance test message 8065
Performance test message 8066
Performance test message 8067
Performance test message 8068
Performance test message 8069
Performance test message 8070
Performance test message 8071
Performance test message 8072
Performance test message 8073
Performance test message 8074
Performance test message 8075
Performance test message 8076
Performance test message 8077
Performance test message 8078
Performance test message 8079
Performance test message 8080
Performance test message 8081
Performance test message 8082
Performance test message 8083
Performance test message 8084
Performance test message 8085
Performance test message 8086
Performance test message 8087
Performance test message 8088
Performance test message 8089
Performance test message 8090
Performance test message 8091
Performance test message 8092
Performance test message 8093
Performance test message 8094
Performance test message 8095
Performance test message 8096
Performance test message 8097
Performance test message 8098
Performance test message 8099
Performance test message 8100
Performance test message 8101
Performance test message 8102
Performance test message 8103
Performance test message 8104
Performance test message 8105
Performance test message 8106
Performance test message 8107
Performance test message 8108
Performance test message 8109
Performance test message 8110
Performance test message 8111
Performance test message 8112
Performance test message 8113
Performance test message 8114
Performance test message 8115
Performance test message 8116
Performance test message 8117
Performance test message 8118
Performance test message 8119
Performance test message 8120
Performance test message 8121
Performance test message 8122
Performance test message 8123
Performance test message 8124
Performance test message 8125
Performance test message 8126
Performance test message 8127
Performance test message 8128
Performance test message 8129
Performance test message 8130
Performance test message 8131
Performance test message 8132
Performance test message 8133
Performance test message 8134
Performance test message 8135
Performance test message 8136
Performance test message 8137
Performance test message 8138
Performance test message 8139
Performance test message 8140
Performance test message 8141
Performance test message 8142
Performance test message 8143
Performance test message 8144
Performance test message 8145
Performance test message 8146
Performance test message 8147
Performance test message 8148
Performance test message 8149
Performance test message 8150
Performance test message 8151
Performance test message 8152
Performance test message 8153
Performance test message 8154
Performance test message 8155
Performance test message 8156
Performance test message 8157
Performance test message 8158
Performance test message 8159
Performance test message 8160
Performance test message 8161
Performance test message 8162
Performance test message 8163
Performance test message 8164
Performance test message 8165
Performance test message 8166
Performance test message 8167
Performance test message 8168
Performance test message 8169
Performance test message 8170
Performance test message 8171
Performance test message 8172
Performance test message 8173
Performance test message 8174
Performance test message 8175
Performance test message 8176
Performance test message 8177
Performance test message 8178
Performance test message 8179
Performance test message 8180
Performance test message 8181
Performance test message 8182
Performance test message 8183
Performance test message 8184
Performance test message 8185
Performance test message 8186
Performance test message 8187
Performance test message 8188
Performance test message 8189
Performance test message 8190
Performance test message 8191
Performance test message 8192
Performance test message 8193
Performance test message 8194
Performance test message 8195
Performance test message 8196
Performance test message 8197
Performance test message 8198
Performance test message 8199
Performance test message 8200
Performance test message 8201
Performance test message 8202
Performance test message 8203
Performance test message 8204
Performance test message 8205
Performance test message 8206
Performance test message 8207
Performance test message 8208
Performance test message 8209
Performance test message 8210
Performance test message 8211
Performance test message 8212
Performance test message 8213
Performance test message 8214
Performance test message 8215
Performance test message 8216
Performance test message 8217
Performance test message 8218
Performance test message 8219
Performance test message 8220
Performance test message 8221
Performance test message 8222
Performance test message 8223
Performance test message 8224
Performance test message 8225
Performance test message 8226
Performance test message 8227
Performance test message 8228
Performance test message 8229
Performance test message 8230
Performance test message 8231
Performance test message 8232
Performance test message 8233
Performance test message 8234
Performance test message 8235
Performance test message 8236
Performance test message 8237
Performance test message 8238
Performance test message 8239
Performance test message 8240
Performance test message 8241
Performance test message 8242
Performance test message 8243
Performance test message 8244
Performance test message 8245
Performance test message 8246
Performance test message 8247
Performance test message 8248
Performance test message 8249
Performance test message 8250
Performance test message 8251
Performance test message 8252
Performance test message 8253
Performance test message 8254
Performance test message 8255
Performance test message 8256
Performance test message 8257
Performance test message 8258
Performance test message 8259
Performance test message 8260
Performance test message 8261
Performance test message 8262
Performance test message 8263
Performance test message 8264
Performance test message 8265
Performance test message 8266
Performance test message 8267
Performance test message 8268
Performance test message 8269
Performance test message 8270
Performance test message 8271
Performance test message 8272
Performance test message 8273
Performance test message 8274
Performance test message 8275
Performance test message 8276
Performance test message 8277
Performance test message 8278
Performance test message 8279
Performance test message 8280
Performance test message 8281
Performance test message 8282
Performance test message 8283
Performance test message 8284
Performance test message 8285
Performance test message 8286
Performance test message 8287
Performance test message 8288
Performance test message 8289
Performance test message 8290
Performance test message 8291
Performance test message 8292
Performance test message 8293
Performance test message 8294
Performance test message 8295
Performance test message 8296
Performance test message 8297
Performance test message 8298
Performance test message 8299
Performance test message 8300
Performance test message 8301
Performance test message 8302
Performance test message 8303
Performance test message 8304
Performance test message 8305
Performance test message 8306
Performance test message 8307
Performance test message 8308
Performance test message 8309
Performance test message 8310
Performance test message 8311
Performance test message 8312
Performance test message 8313
Performance test message 8314
Performance test message 8315
Performance test message 8316
Performance test message 8317
Performance test message 8318
Performance test message 8319
Performance test message 8320
Performance test message 8321
Performance test message 8322
Performance test message 8323
Performance test message 8324
Performance test message 8325
Performance test message 8326
Performance test message 8327
Performance test message 8328
Performance test message 8329
Performance test message 8330
Performance test message 8331
Performance test message 8332
Performance test message 8333
Performance test message 8334
Performance test message 8335
Performance test message 8336
Performance test message 8337
Performance test message 8338
Performance test message 8339
Performance test message 8340
Performance test message 8341
Performance test message 8342
Performance test message 8343
Performance test message 8344
Performance test message 8345
Performance test message 8346
Performance test message 8347
Performance test message 8348
Performance test message 8349
Performance test message 8350
Performance test message 8351
Performance test message 8352
Performance test message 8353
Performance test message 8354
Performance test message 8355
Performance test message 8356
Performance test message 8357
Performance test message 8358
Performance test message 8359
Performance test message 8360
Performance test message 8361
Performance test message 8362
Performance test message 8363
Performance test message 8364
Performance test message 8365
Performance test message 8366
Performance test message 8367
Performance test message 8368
Performance test message 8369
Performance test message 8370
Performance test message 8371
Performance test message 8372
Performance test message 8373
Performance test message 8374
Performance test message 8375
Performance test message 8376
Performance test message 8377
Performance test message 8378
Performance test message 8379
Performance test message 8380
Performance test message 8381
Performance test message 8382
Performance test message 8383
Performance test message 8384
Performance test message 8385
Performance test message 8386
Performance test message 8387
Performance test message 8388
Performance test message 8389
Performance test message 8390
Performance test message 8391
Performance test message 8392
Performance test message 8393
Performance test message 8394
Performance test message 8395
Performance test message 8396
Performance test message 8397
Performance test message 8398
Performance test message 8399
Performance test message 8400
Performance test message 8401
Performance test message 8402
Performance test message 8403
Performance test message 8404
Performance test message 8405
Performance test message 8406
Performance test message 8407
Performance test message 8408
Performance test message 8409
Performance test message 8410
Performance test message 8411
Performance test message 8412
Performance test message 8413
Performance test message 8414
Performance test message 8415
Performance test message 8416
Performance test message 8417
Performance test message 8418
Performance test message 8419
Performance test message 8420
Performance test message 8421
Performance test message 8422
Performance test message 8423
Performance test message 8424
Performance test message 8425
Performance test message 8426
Performance test message 8427
Performance test message 8428
Performance test message 8429
Performance test message 8430
Performance test message 8431
Performance test message 8432
Performance test message 8433
Performance test message 8434
Performance test message 8435
Performance test message 8436
Performance test message 8437
Performance test message 8438
Performance test message 8439
Performance test message 8440
Performance test message 8441
Performance test message 8442
Performance test message 8443
Performance test message 8444
Performance test message 8445
Performance test message 8446
Performance test message 8447
Performance test message 8448
Performance test message 8449
Performance test message 8450
Performance test message 8451
Performance test message 8452
Performance test message 8453
Performance test message 8454
Performance test message 8455
Performance test message 8456
Performance test message 8457
Performance test message 8458
Performance test message 8459
Performance test message 8460
Performance test message 8461
Performance test message 8462
Performance test message 8463
Performance test message 8464
Performance test message 8465
Performance test message 8466
Performance test message 8467
Performance test message 8468
Performance test message 8469
Performance test message 8470
Performance test message 8471
Performance test message 8472
Performance test message 8473
Performance test message 8474
Performance test message 8475
Performance test message 8476
Performance test message 8477
Performance test message 8478
Performance test message 8479
Performance test message 8480
Performance test message 8481
Performance test message 8482
Performance test message 8483
Performance test message 8484
Performance test message 8485
Performance test message 8486
Performance test message 8487
Performance test message 8488
Performance test message 8489
Performance test message 8490
Performance test message 8491
Performance test message 8492
Performance test message 8493
Performance test message 8494
Performance test message 8495
Performance test message 8496
Performance test message 8497
Performance test message 8498
Performance test message 8499
Performance test message 8500
Performance test message 8501
Performance test message 8502
Performance test message 8503
Performance test message 8504
Performance test message 8505
Performance test message 8506
Performance test message 8507
Performance test message 8508
Performance test message 8509
Performance test message 8510
Performance test message 8511
Performance test message 8512
Performance test message 8513
Performance test message 8514
Performance test message 8515
Performance test message 8516
Performance test message 8517
Performance test message 8518
Performance test message 8519
Performance test message 8520
Performance test message 8521
Performance test message 8522
Performance test message 8523
Performance test message 8524
Performance test message 8525
Performance test message 8526
Performance test message 8527
Performance test message 8528
Performance test message 8529
Performance test message 8530
Performance test message 8531
Performance test message 8532
Performance test message 8533
Performance test message 8534
Performance test message 8535
Performance test message 8536
Performance test message 8537
Performance test message 8538
Performance test message 8539
Performance test message 8540
Performance test message 8541
Performance test message 8542
Performance test message 8543
Performance test message 8544
Performance test message 8545
Performance test message 8546
Performance test message 8547
Performance test message 8548
Performance test message 8549
Performance test message 8550
Performance test message 8551
Performance test message 8552
Performance test message 8553
Performance test message 8554
Performance test message 8555
Performance test message 8556
Performance test message 8557
Performance test message 8558
Performance test message 8559
Performance test message 8560
Performance test message 8561
Performance test message 8562
Performance test message 8563
Performance test message 8564
Performance test message 8565
Performance test message 8566
Performance test message 8567
Performance test message 8568
Performance test message 8569
Performance test message 8570
Performance test message 8571
Performance test message 8572
Performance test message 8573
Performance test message 8574
Performance test message 8575
Performance test message 8576
Performance test message 8577
Performance test message 8578
Performance test message 8579
Performance test message 8580
Performance test message 8581
Performance test message 8582
Performance test message 8583
Performance test message 8584
Performance test message 8585
Performance test message 8586
Performance test message 8587
Performance test message 8588
Performance test message 8589
Performance test message 8590
Performance test message 8591
Performance test message 8592
Performance test message 8593
Performance test message 8594
Performance test message 8595
Performance test message 8596
Performance test message 8597
Performance test message 8598
Performance test message 8599
Performance test message 8600
Performance test message 8601
Performance test message 8602
Performance test message 8603
Performance test message 8604
Performance test message 8605
Performance test message 8606
Performance test message 8607
Performance test message 8608
Performance test message 8609
Performance test message 8610
Performance test message 8611
Performance test message 8612
Performance test message 8613
Performance test message 8614
Performance test message 8615
Performance test message 8616
Performance test message 8617
Performance test message 8618
Performance test message 8619
Performance test message 8620
Performance test message 8621
Performance test message 8622
Performance test message 8623
Performance test message 8624
Performance test message 8625
Performance test message 8626
Performance test message 8627
Performance test message 8628
Performance test message 8629
Performance test message 8630
Performance test message 8631
Performance test message 8632
Performance test message 8633
Performance test message 8634
Performance test message 8635
Performance test message 8636
Performance test message 8637
Performance test message 8638
Performance test message 8639
Performance test message 8640
Performance test message 8641
Performance test message 8642
Performance test message 8643
Performance test message 8644
Performance test message 8645
Performance test message 8646
Performance test message 8647
Performance test message 8648
Performance test message 8649
Performance test message 8650
Performance test message 8651
Performance test message 8652
Performance test message 8653
Performance test message 8654
Performance test message 8655
Performance test message 8656
Performance test message 8657
Performance test message 8658
Performance test message 8659
Performance test message 8660
Performance test message 8661
Performance test message 8662
Performance test message 8663
Performance test message 8664
Performance test message 8665
Performance test message 8666
Performance test message 8667
Performance test message 8668
Performance test message 8669
Performance test message 8670
Performance test message 8671
Performance test message 8672
Performance test message 8673
Performance test message 8674
Performance test message 8675
Performance test message 8676
Performance test message 8677
Performance test message 8678
Performance test message 8679
Performance test message 8680
Performance test message 8681
Performance test message 8682
Performance test message 8683
Performance test message 8684
Performance test message 8685
Performance test message 8686
Performance test message 8687
Performance test message 8688
Performance test message 8689
Performance test message 8690
Performance test message 8691
Performance test message 8692
Performance test message 8693
Performance test message 8694
Performance test message 8695
Performance test message 8696
Performance test message 8697
Performance test message 8698
Performance test message 8699
Performance test message 8700
Performance test message 8701
Performance test message 8702
Performance test message 8703
Performance test message 8704
Performance test message 8705
Performance test message 8706
Performance test message 8707
Performance test message 8708
Performance test message 8709
Performance test message 8710
Performance test message 8711
Performance test message 8712
Performance test message 8713
Performance test message 8714
Performance test message 8715
Performance test message 8716
Performance test message 8717
Performance test message 8718
Performance test message 8719
Performance test message 8720
Performance test message 8721
Performance test message 8722
Performance test message 8723
Performance test message 8724
Performance test message 8725
Performance test message 8726
Performance test message 8727
Performance test message 8728
Performance test message 8729
Performance test message 8730
Performance test message 8731
Performance test message 8732
Performance test message 8733
Performance test message 8734
Performance test message 8735
Performance test message 8736
Performance test message 8737
Performance test message 8738
Performance test message 8739
Performance test message 8740
Performance test message 8741
Performance test message 8742
Performance test message 8743
Performance test message 8744
Performance test message 8745
Performance test message 8746
Performance test message 8747
Performance test message 8748
Performance test message 8749
Performance test message 8750
Performance test message 8751
Performance test message 8752
Performance test message 8753
Performance test message 8754
Performance test message 8755
Performance test message 8756
Performance test message 8757
Performance test message 8758
Performance test message 8759
Performance test message 8760
Performance test message 8761
Performance test message 8762
Performance test message 8763
Performance test message 8764
Performance test message 8765
Performance test message 8766
Performance test message 8767
Performance test message 8768
Performance test message 8769
Performance test message 8770
Performance test message 8771
Performance test message 8772
Performance test message 8773
Performance test message 8774
Performance test message 8775
Performance test message 8776
Performance test message 8777
Performance test message 8778
Performance test message 8779
Performance test message 8780
Performance test message 8781
Performance test message 8782
Performance test message 8783
Performance test message 8784
Performance test message 8785
Performance test message 8786
Performance test message 8787
Performance test message 8788
Performance test message 8789
Performance test message 8790
Performance test message 8791
Performance test message 8792
Performance test message 8793
Performance test message 8794
Performance test message 8795
Performance test message 8796
Performance test message 8797
Performance test message 8798
Performance test message 8799
Performance test message 8800
Performance test message 8801
Performance test message 8802
Performance test message 8803
Performance test message 8804
Performance test message 8805
Performance test message 8806
Performance test message 8807
Performance test message 8808
Performance test message 8809
Performance test message 8810
Performance test message 8811
Performance test message 8812
Performance test message 8813
Performance test message 8814
Performance test message 8815
Performance test message 8816
Performance test message 8817
Performance test message 8818
Performance test message 8819
Performance test message 8820
Performance test message 8821
Performance test message 8822
Performance test message 8823
Performance test message 8824
Performance test message 8825
Performance test message 8826
Performance test message 8827
Performance test message 8828
Performance test message 8829
Performance test message 8830
Performance test message 8831
Performance test message 8832
Performance test message 8833
Performance test message 8834
Performance test message 8835
Performance test message 8836
Performance test message 8837
Performance test message 8838
Performance test message 8839
Performance test message 8840
Performance test message 8841
Performance test message 8842
Performance test message 8843
Performance test message 8844
Performance test message 8845
Performance test message 8846
Performance test message 8847
Performance test message 8848
Performance test message 8849
Performance test message 8850
Performance test message 8851
Performance test message 8852
Performance test message 8853
Performance test message 8854
Performance test message 8855
Performance test message 8856
Performance test message 8857
Performance test message 8858
Performance test message 8859
Performance test message 8860
Performance test message 8861
Performance test message 8862
Performance test message 8863
Performance test message 8864
Performance test message 8865
Performance test message 8866
Performance test message 8867
Performance test message 8868
Performance test message 8869
Performance test message 8870
Performance test message 8871
Performance test message 8872
Performance test message 8873
Performance test message 8874
Performance test message 8875
Performance test message 8876
Performance test message 8877
Performance test message 8878
Performance test message 8879
Performance test message 8880
Performance test message 8881
Performance test message 8882
Performance test message 8883
Performance test message 8884
Performance test message 8885
Performance test message 8886
Performance test message 8887
Performance test message 8888
Performance test message 8889
Performance test message 8890
Performance test message 8891
Performance test message 8892
Performance test message 8893
Performance test message 8894
Performance test message 8895
Performance test message 8896
Performance test message 8897
Performance test message 8898
Performance test message 8899
Performance test message 8900
Performance test message 8901
Performance test message 8902
Performance test message 8903
Performance test message 8904
Performance test message 8905
Performance test message 8906
Performance test message 8907
Performance test message 8908
Performance test message 8909
Performance test message 8910
Performance test message 8911
Performance test message 8912
Performance test message 8913
Performance test message 8914
Performance test message 8915
Performance test message 8916
Performance test message 8917
Performance test message 8918
Performance test message 8919
Performance test message 8920
Performance test message 8921
Performance test message 8922
Performance test message 8923
Performance test message 8924
Performance test message 8925
Performance test message 8926
Performance test message 8927
Performance test message 8928
Performance test message 8929
Performance test message 8930
Performance test message 8931
Performance test message 8932
Performance test message 8933
Performance test message 8934
Performance test message 8935
Performance test message 8936
Performance test message 8937
Performance test message 8938
Performance test message 8939
Performance test message 8940
Performance test message 8941
Performance test message 8942
Performance test message 8943
Performance test message 8944
Performance test message 8945
Performance test message 8946
Performance test message 8947
Performance test message 8948
Performance test message 8949
Performance test message 8950
Performance test message 8951
Performance test message 8952
Performance test message 8953
Performance test message 8954
Performance test message 8955
Performance test message 8956
Performance test message 8957
Performance test message 8958
Performance test message 8959
Performance test message 8960
Performance test message 8961
Performance test message 8962
Performance test message 8963
Performance test message 8964
Performance test message 8965
Performance test message 8966
Performance test message 8967
Performance test message 8968
Performance test message 8969
Performance test message 8970
Performance test message 8971
Performance test message 8972
Performance test message 8973
Performance test message 8974
Performance test message 8975
Performance test message 8976
Performance test message 8977
Performance test message 8978
Performance test message 8979
Performance test message 8980
Performance test message 8981
Performance test message 8982
Performance test message 8983
Performance test message 8984
Performance test message 8985
Performance test message 8986
Performance test message 8987
Performance test message 8988
Performance test message 8989
Performance test message 8990
Performance test message 8991
Performance test message 8992
Performance test message 8993
Performance test message 8994
Performance test message 8995
Performance test message 8996
Performance test message 8997
Performance test message 8998
Performance test message 8999
Performance test message 9000
Performance test message 9001
Performance test message 9002
Performance test message 9003
Performance test message 9004
Performance test message 9005
Performance test message 9006
Performance test message 9007
Performance test message 9008
Performance test message 9009
Performance test message 9010
Performance test message 9011
Performance test message 9012
Performance test message 9013
Performance test message 9014
Performance test message 9015
Performance test message 9016
Performance test message 9017
Performance test message 9018
Performance test message 9019
Performance test message 9020
Performance test message 9021
Performance test message 9022
Performance test message 9023
Performance test message 9024
Performance test message 9025
Performance test message 9026
Performance test message 9027
Performance test message 9028
Performance test message 9029
Performance test message 9030
Performance test message 9031
Performance test message 9032
Performance test message 9033
Performance test message 9034
Performance test message 9035
Performance test message 9036
Performance test message 9037
Performance test message 9038
Performance test message 9039
Performance test message 9040
Performance test message 9041
Performance test message 9042
Performance test message 9043
Performance test message 9044
Performance test message 9045
Performance test message 9046
Performance test message 9047
Performance test message 9048
Performance test message 9049
Performance test message 9050
Performance test message 9051
Performance test message 9052
Performance test message 9053
Performance test message 9054
Performance test message 9055
Performance test message 9056
Performance test message 9057
Performance test message 9058
Performance test message 9059
Performance test message 9060
Performance test message 9061
Performance test message 9062
Performance test message 9063
Performance test message 9064
Performance test message 9065
Performance test message 9066
Performance test message 9067
Performance test message 9068
Performance test message 9069
Performance test message 9070
Performance test message 9071
Performance test message 9072
Performance test message 9073
Performance test message 9074
Performance test message 9075
Performance test message 9076
Performance test message 9077
Performance test message 9078
Performance test message 9079
Performance test message 9080
Performance test message 9081
Performance test message 9082
Performance test message 9083
Performance test message 9084
Performance test message 9085
Performance test message 9086
Performance test message 9087
Performance test message 9088
Performance test message 9089
Performance test message 9090
Performance test message 9091
Performance test message 9092
Performance test message 9093
Performance test message 9094
Performance test message 9095
Performance test message 9096
Performance test message 9097
Performance test message 9098
Performance test message 9099
Performance test message 9100
Performance test message 9101
Performance test message 9102
Performance test message 9103
Performance test message 9104
Performance test message 9105
Performance test message 9106
Performance test message 9107
Performance test message 9108
Performance test message 9109
Performance test message 9110
Performance test message 9111
Performance test message 9112
Performance test message 9113
Performance test message 9114
Performance test message 9115
Performance test message 9116
Performance test message 9117
Performance test message 9118
Performance test message 9119
Performance test message 9120
Performance test message 9121
Performance test message 9122
Performance test message 9123
Performance test message 9124
Performance test message 9125
Performance test message 9126
Performance test message 9127
Performance test message 9128
Performance test message 9129
Performance test message 9130
Performance test message 9131
Performance test message 9132
Performance test message 9133
Performance test message 9134
Performance test message 9135
Performance test message 9136
Performance test message 9137
Performance test message 9138
Performance test message 9139
Performance test message 9140
Performance test message 9141
Performance test message 9142
Performance test message 9143
Performance test message 9144
Performance test message 9145
Performance test message 9146
Performance test message 9147
Performance test message 9148
Performance test message 9149
Performance test message 9150
Performance test message 9151
Performance test message 9152
Performance test message 9153
Performance test message 9154
Performance test message 9155
Performance test message 9156
Performance test message 9157
Performance test message 9158
Performance test message 9159
Performance test message 9160
Performance test message 9161
Performance test message 9162
Performance test message 9163
Performance test message 9164
Performance test message 9165
Performance test message 9166
Performance test message 9167
Performance test message 9168
Performance test message 9169
Performance test message 9170
Performance test message 9171
Performance test message 9172
Performance test message 9173
Performance test message 9174
Performance test message 9175
Performance test message 9176
Performance test message 9177
Performance test message 9178
Performance test message 9179
Performance test message 9180
Performance test message 9181
Performance test message 9182
Performance test message 9183
Performance test message 9184
Performance test message 9185
Performance test message 9186
Performance test message 9187
Performance test message 9188
Performance test message 9189
Performance test message 9190
Performance test message 9191
Performance test message 9192
Performance test message 9193
Performance test message 9194
Performance test message 9195
Performance test message 9196
Performance test message 9197
Performance test message 9198
Performance test message 9199
Performance test message 9200
Performance test message 9201
Performance test message 9202
Performance test message 9203
Performance test message 9204
Performance test message 9205
Performance test message 9206
Performance test message 9207
Performance test message 9208
Performance test message 9209
Performance test message 9210
Performance test message 9211
Performance test message 9212
Performance test message 9213
Performance test message 9214
Performance test message 9215
Performance test message 9216
Performance test message 9217
Performance test message 9218
Performance test message 9219
Performance test message 9220
Performance test message 9221
Performance test message 9222
Performance test message 9223
Performance test message 9224
Performance test message 9225
Performance test message 9226
Performance test message 9227
Performance test message 9228
Performance test message 9229
Performance test message 9230
Performance test message 9231
Performance test message 9232
Performance test message 9233
Performance test message 9234
Performance test message 9235
Performance test message 9236
Performance test message 9237
Performance test message 9238
Performance test message 9239
Performance test message 9240
Performance test message 9241
Performance test message 9242
Performance test message 9243
Performance test message 9244
Performance test message 9245
Performance test message 9246
Performance test message 9247
Performance test message 9248
Performance test message 9249
Performance test message 9250
Performance test message 9251
Performance test message 9252
Performance test message 9253
Performance test message 9254
Performance test message 9255
Performance test message 9256
Performance test message 9257
Performance test message 9258
Performance test message 9259
Performance test message 9260
Performance test message 9261
Performance test message 9262
Performance test message 9263
Performance test message 9264
Performance test message 9265
Performance test message 9266
Performance test message 9267
Performance test message 9268
Performance test message 9269
Performance test message 9270
Performance test message 9271
Performance test message 9272
Performance test message 9273
Performance test message 9274
Performance test message 9275
Performance test message 9276
Performance test message 9277
Performance test message 9278
Performance test message 9279
Performance test message 9280
Performance test message 9281
Performance test message 9282
Performance test message 9283
Performance test message 9284
Performance test message 9285
Performance test message 9286
Performance test message 9287
Performance test message 9288
Performance test message 9289
Performance test message 9290
Performance test message 9291
Performance test message 9292
Performance test message 9293
Performance test message 9294
Performance test message 9295
Performance test message 9296
Performance test message 9297
Performance test message 9298
Performance test message 9299
Performance test message 9300
Performance test message 9301
Performance test message 9302
Performance test message 9303
Performance test message 9304
Performance test message 9305
Performance test message 9306
Performance test message 9307
Performance test message 9308
Performance test message 9309
Performance test message 9310
Performance test message 9311
Performance test message 9312
Performance test message 9313
Performance test message 9314
Performance test message 9315
Performance test message 9316
Performance test message 9317
Performance test message 9318
Performance test message 9319
Performance test message 9320
Performance test message 9321
Performance test message 9322
Performance test message 9323
Performance test message 9324
Performance test message 9325
Performance test message 9326
Performance test message 9327
Performance test message 9328
Performance test message 9329
Performance test message 9330
Performance test message 9331
Performance test message 9332
Performance test message 9333
Performance test message 9334
Performance test message 9335
Performance test message 9336
Performance test message 9337
Performance test message 9338
Performance test message 9339
Performance test message 9340
Performance test message 9341
Performance test message 9342
Performance test message 9343
Performance test message 9344
Performance test message 9345
Performance test message 9346
Performance test message 9347
Performance test message 9348
Performance test message 9349
Performance test message 9350
Performance test message 9351
Performance test message 9352
Performance test message 9353
Performance test message 9354
Performance test message 9355
Performance test message 9356
Performance test message 9357
Performance test message 9358
Performance test message 9359
Performance test message 9360
Performance test message 9361
Performance test message 9362
Performance test message 9363
Performance test message 9364
Performance test message 9365
Performance test message 9366
Performance test message 9367
Performance test message 9368
Performance test message 9369
Performance test message 9370
Performance test message 9371
Performance test message 9372
Performance test message 9373
Performance test message 9374
Performance test message 9375
Performance test message 9376
Performance test message 9377
Performance test message 9378
Performance test message 9379
Performance test message 9380
Performance test message 9381
Performance test message 9382
Performance test message 9383
Performance test message 9384
Performance test message 9385
Performance test message 9386
Performance test message 9387
Performance test message 9388
Performance test message 9389
Performance test message 9390
Performance test message 9391
Performance test message 9392
Performance test message 9393
Performance test message 9394
Performance test message 9395
Performance test message 9396
Performance test message 9397
Performance test message 9398
Performance test message 9399
Performance test message 9400
Performance test message 9401
Performance test message 9402
Performance test message 9403
Performance test message 9404
Performance test message 9405
Performance test message 9406
Performance test message 9407
Performance test message 9408
Performance test message 9409
Performance test message 9410
Performance test message 9411
Performance test message 9412
Performance test message 9413
Performance test message 9414
Performance test message 9415
Performance test message 9416
Performance test message 9417
Performance test message 9418
Performance test message 9419
Performance test message 9420
Performance test message 9421
Performance test message 9422
Performance test message 9423
Performance test message 9424
Performance test message 9425
Performance test message 9426
Performance test message 9427
Performance test message 9428
Performance test message 9429
Performance test message 9430
Performance test message 9431
Performance test message 9432
Performance test message 9433
Performance test message 9434
Performance test message 9435
Performance test message 9436
Performance test message 9437
Performance test message 9438
Performance test message 9439
Performance test message 9440
Performance test message 9441
Performance test message 9442
Performance test message 9443
Performance test message 9444
Performance test message 9445
Performance test message 9446
Performance test message 9447
Performance test message 9448
Performance test message 9449
Performance test message 9450
Performance test message 9451
Performance test message 9452
Performance test message 9453
Performance test message 9454
Performance test message 9455
Performance test message 9456
Performance test message 9457
Performance test message 9458
Performance test message 9459
Performance test message 9460
Performance test message 9461
Performance test message 9462
Performance test message 9463
Performance test message 9464
Performance test message 9465
Performance test message 9466
Performance test message 9467
Performance test message 9468
Performance test message 9469
Performance test message 9470
Performance test message 9471
Performance test message 9472
Performance test message 9473
Performance test message 9474
Performance test message 9475
Performance test message 9476
Performance test message 9477
Performance test message 9478
Performance test message 9479
Performance test message 9480
Performance test message 9481
Performance test message 9482
Performance test message 9483
Performance test message 9484
Performance test message 9485
Performance test message 9486
Performance test message 9487
Performance test message 9488
Performance test message 9489
Performance test message 9490
Performance test message 9491
Performance test message 9492
Performance test message 9493
Performance test message 9494
Performance test message 9495
Performance test message 9496
Performance test message 9497
Performance test message 9498
Performance test message 9499
Performance test message 9500
Performance test message 9501
Performance test message 9502
Performance test message 9503
Performance test message 9504
Performance test message 9505
Performance test message 9506
Performance test message 9507
Performance test message 9508
Performance test message 9509
Performance test message 9510
Performance test message 9511
Performance test message 9512
Performance test message 9513
Performance test message 9514
Performance test message 9515
Performance test message 9516
Performance test message 9517
Performance test message 9518
Performance test message 9519
Performance test message 9520
Performance test message 9521
Performance test message 9522
Performance test message 9523
Performance test message 9524
Performance test message 9525
Performance test message 9526
Performance test message 9527
Performance test message 9528
Performance test message 9529
Performance test message 9530
Performance test message 9531
Performance test message 9532
Performance test message 9533
Performance test message 9534
Performance test message 9535
Performance test message 9536
Performance test message 9537
Performance test message 9538
Performance test message 9539
Performance test message 9540
Performance test message 9541
Performance test message 9542
Performance test message 9543
Performance test message 9544
Performance test message 9545
Performance test message 9546
Performance test message 9547
Performance test message 9548
Performance test message 9549
Performance test message 9550
Performance test message 9551
Performance test message 9552
Performance test message 9553
Performance test message 9554
Performance test message 9555
Performance test message 9556
Performance test message 9557
Performance test message 9558
Performance test message 9559
Performance test message 9560
Performance test message 9561
Performance test message 9562
Performance test message 9563
Performance test message 9564
Performance test message 9565
Performance test message 9566
Performance test message 9567
Performance test message 9568
Performance test message 9569
Performance test message 9570
Performance test message 9571
Performance test message 9572
Performance test message 9573
Performance test message 9574
Performance test message 9575
Performance test message 9576
Performance test message 9577
Performance test message 9578
Performance test message 9579
Performance test message 9580
Performance test message 9581
Performance test message 9582
Performance test message 9583
Performance test message 9584
Performance test message 9585
Performance test message 9586
Performance test message 9587
Performance test message 9588
Performance test message 9589
Performance test message 9590
Performance test message 9591
Performance test message 9592
Performance test message 9593
Performance test message 9594
Performance test message 9595
Performance test message 9596
Performance test message 9597
Performance test message 9598
Performance test message 9599
Performance test message 9600
Performance test message 9601
Performance test message 9602
Performance test message 9603
Performance test message 9604
Performance test message 9605
Performance test message 9606
Performance test message 9607
Performance test message 9608
Performance test message 9609
Performance test message 9610
Performance test message 9611
Performance test message 9612
Performance test message 9613
Performance test message 9614
Performance test message 9615
Performance test message 9616
Performance test message 9617
Performance test message 9618
Performance test message 9619
Performance test message 9620
Performance test message 9621
Performance test message 9622
Performance test message 9623
Performance test message 9624
Performance test message 9625
Performance test message 9626
Performance test message 9627
Performance test message 9628
Performance test message 9629
Performance test message 9630
Performance test message 9631
Performance test message 9632
Performance test message 9633
Performance test message 9634
Performance test message 9635
Performance test message 9636
Performance test message 9637
Performance test message 9638
Performance test message 9639
Performance test message 9640
Performance test message 9641
Performance test message 9642
Performance test message 9643
Performance test message 9644
Performance test message 9645
Performance test message 9646
Performance test message 9647
Performance test message 9648
Performance test message 9649
Performance test message 9650
Performance test message 9651
Performance test message 9652
Performance test message 9653
Performance test message 9654
Performance test message 9655
Performance test message 9656
Performance test message 9657
Performance test message 9658
Performance test message 9659
Performance test message 9660
Performance test message 9661
Performance test message 9662
Performance test message 9663
Performance test message 9664
Performance test message 9665
Performance test message 9666
Performance test message 9667
Performance test message 9668
Performance test message 9669
Performance test message 9670
Performance test message 9671
Performance test message 9672
Performance test message 9673
Performance test message 9674
Performance test message 9675
Performance test message 9676
Performance test message 9677
Performance test message 9678
Performance test message 9679
Performance test message 9680
Performance test message 9681
Performance test message 9682
Performance test message 9683
Performance test message 9684
Performance test message 9685
Performance test message 9686
Performance test message 9687
Performance test message 9688
Performance test message 9689
Performance test message 9690
Performance test message 9691
Performance test message 9692
Performance test message 9693
Performance test message 9694
Performance test message 9695
Performance test message 9696
Performance test message 9697
Performance test message 9698
Performance test message 9699
Performance test message 9700
Performance test message 9701
Performance test message 9702
Performance test message 9703
Performance test message 9704
Performance test message 9705
Performance test message 9706
Performance test message 9707
Performance test message 9708
Performance test message 9709
Performance test message 9710
Performance test message 9711
Performance test message 9712
Performance test message 9713
Performance test message 9714
Performance test message 9715
Performance test message 9716
Performance test message 9717
Performance test message 9718
Performance test message 9719
Performance test message 9720
Performance test message 9721
Performance test message 9722
Performance test message 9723
Performance test message 9724
Performance test message 9725
Performance test message 9726
Performance test message 9727
Performance test message 9728
Performance test message 9729
Performance test message 9730
Performance test message 9731
Performance test message 9732
Performance test message 9733
Performance test message 9734
Performance test message 9735
Performance test message 9736
Performance test message 9737
Performance test message 9738
Performance test message 9739
Performance test message 9740
Performance test message 9741
Performance test message 9742
Performance test message 9743
Performance test message 9744
Performance test message 9745
Performance test message 9746
Performance test message 9747
Performance test message 9748
Performance test message 9749
Performance test message 9750
Performance test message 9751
Performance test message 9752
Performance test message 9753
Performance test message 9754
Performance test message 9755
Performance test message 9756
Performance test message 9757
Performance test message 9758
Performance test message 9759
Performance test message 9760
Performance test message 9761
Performance test message 9762
Performance test message 9763
Performance test message 9764
Performance test message 9765
Performance test message 9766
Performance test message 9767
Performance test message 9768
Performance test message 9769
Performance test message 9770
Performance test message 9771
Performance test message 9772
Performance test message 9773
Performance test message 9774
Performance test message 9775
Performance test message 9776
Performance test message 9777
Performance test message 9778
Performance test message 9779
Performance test message 9780
Performance test message 9781
Performance test message 9782
Performance test message 9783
Performance test message 9784
Performance test message 9785
Performance test message 9786
Performance test message 9787
Performance test message 9788
Performance test message 9789
Performance test message 9790
Performance test message 9791
Performance test message 9792
Performance test message 9793
Performance test message 9794
Performance test message 9795
Performance test message 9796
Performance test message 9797
Performance test message 9798
Performance test message 9799
Performance test message 9800
Performance test message 9801
Performance test message 9802
Performance test message 9803
Performance test message 9804
Performance test message 9805
Performance test message 9806
Performance test message 9807
Performance test message 9808
Performance test message 9809
Performance test message 9810
Performance test message 9811
Performance test message 9812
Performance test message 9813
Performance test message 9814
Performance test message 9815
Performance test message 9816
Performance test message 9817
Performance test message 9818
Performance test message 9819
Performance test message 9820
Performance test message 9821
Performance test message 9822
Performance test message 9823
Performance test message 9824
Performance test message 9825
Performance test message 9826
Performance test message 9827
Performance test message 9828
Performance test message 9829
Performance test message 9830
Performance test message 9831
Performance test message 9832
Performance test message 9833
Performance test message 9834
Performance test message 9835
Performance test message 9836
Performance test message 9837
Performance test message 9838
Performance test message 9839
Performance test message 9840
Performance test message 9841
Performance test message 9842
Performance test message 9843
Performance test message 9844
Performance test message 9845
Performance test message 9846
Performance test message 9847
Performance test message 9848
Performance test message 9849
Performance test message 9850
Performance test message 9851
Performance test message 9852
Performance test message 9853
Performance test message 9854
Performance test message 9855
Performance test message 9856
Performance test message 9857
Performance test message 9858
Performance test message 9859
Performance test message 9860
Performance test message 9861
Performance test message 9862
Performance test message 9863
Performance test message 9864
Performance test message 9865
Performance test message 9866
Performance test message 9867
Performance test message 9868
Performance test message 9869
Performance test message 9870
Performance test message 9871
Performance test message 9872
Performance test message 9873
Performance test message 9874
Performance test message 9875
Performance test message 9876
Performance test message 9877
Performance test message 9878
Performance test message 9879
Performance test message 9880
Performance test message 9881
Performance test message 9882
Performance test message 9883
Performance test message 9884
Performance test message 9885
Performance test message 9886
Performance test message 9887
Performance test message 9888
Performance test message 9889
Performance test message 9890
Performance test message 9891
Performance test message 9892
Performance test message 9893
Performance test message 9894
Performance test message 9895
Performance test message 9896
Performance test message 9897
Performance test message 9898
Performance test message 9899
Performance test message 9900
Performance test message 9901
Performance test message 9902
Performance test message 9903
Performance test message 9904
Performance test message 9905
Performance test message 9906
Performance test message 9907
Performance test message 9908
Performance test message 9909
Performance test message 9910
Performance test message 9911
Performance test message 9912
Performance test message 9913
Performance test message 9914
Performance test message 9915
Performance test message 9916
Performance test message 9917
Performance test message 9918
Performance test message 9919
Performance test message 9920
Performance test message 9921
Performance test message 9922
Performance test message 9923
Performance test message 9924
Performance test message 9925
Performance test message 9926
Performance test message 9927
Performance test message 9928
Performance test message 9929
Performance test message 9930
Performance test message 9931
Performance test message 9932
Performance test message 9933
Performance test message 9934
Performance test message 9935
Performance test message 9936
Performance test message 9937
Performance test message 9938
Performance test message 9939
Performance test message 9940
Performance test message 9941
Performance test message 9942
Performance test message 9943
Performance test message 9944
Performance test message 9945
Performance test message 9946
Performance test message 9947
Performance test message 9948
Performance test message 9949
Performance test message 9950
Performance test message 9951
Performance test message 9952
Performance test message 9953
Performance test message 9954
Performance test message 9955
Performance test message 9956
Performance test message 9957
Performance test message 9958
Performance test message 9959
Performance test message 9960
Performance test message 9961
Performance test message 9962
Performance test message 9963
Performance test message 9964
Performance test message 9965
Performance test message 9966
Performance test message 9967
Performance test message 9968
Performance test message 9969
Performance test message 9970
Performance test message 9971
Performance test message 9972
Performance test message 9973
Performance test message 9974
Performance test message 9975
Performance test message 9976
Performance test message 9977
Performance test message 9978
Performance test message 9979
Performance test message 9980
Performance test message 9981
Performance test message 9982
Performance test message 9983
Performance test message 9984
Performance test message 9985
Performance test message 9986
Performance test message 9987
Performance test message 9988
Performance test message 9989
Performance test message 9990
Performance test message 9991
Performance test message 9992
Performance test message 9993
Performance test message 9994
Performance test message 9995
Performance test message 9996
Performance test message 9997
Performance test message 9998
Performance test message 9999
Performance test message 0
Performance test message 1
Performance test message 2
Performance test message 3
Performance test message 4
Performance test message 5
Performance test message 6
Performance test message 7
Performance test message 8
Performance test message 9
Performance test message 10
Performance test message 11
Performance test message 12
Performance test message 13
Performance test message 14
Performance test message 15
Performance test message 16
Performance test message 17
Performance test message 18
Performance test message 19
Performance test message 20
Performance test message 21
Performance test message 22
Performance test message 23
Performance test message 24
Performance test message 25
Performance test message 26
Performance test message 27
Performance test message 28
Performance test message 29
Performance test message 30
Performance test message 31
Performance test message 32
Performance test message 33
Performance test message 34
Performance test message 35
Performance test message 36
Performance test message 37
Performance test message 38
Performance test message 39
Performance test message 40
Performance test message 41
Performance test message 42
Performance test message 43
Performance test message 44
Performance test message 45
Performance test message 46
Performance test message 47
Performance test message 48
Performance test message 49
Performance test message 50
Performance test message 51
Performance test message 52
Performance test message 53
Performance test message 54
Performance test message 55
Performance test message 56
Performance test message 57
Performance test message 58
Performance test message 59
Performance test message 60
Performance test message 61
Performance test message 62
Performance test message 63
Performance test message 64
Performance test message 65
Performance test message 66
Performance test message 67
Performance test message 68
Performance test message 69
Performance test message 70
Performance test message 71
Performance test message 72
Performance test message 73
Performance test message 74
Performance test message 75
Performance test message 76
Performance test message 77
Performance test message 78
Performance test message 79
Performance test message 80
Performance test message 81
Performance test message 82
Performance test message 83
Performance test message 84
Performance test message 85
Performance test message 86
Performance test message 87
Performance test message 88
Performance test message 89
Performance test message 90
Performance test message 91
Performance test message 92
Performance test message 93
Performance test message 94
Performance test message 95
Performance test message 96
Performance test message 97
Performance test message 98
Performance test message 99
Performance test message 100
Performance test message 101
Performance test message 102
Performance test message 103
Performance test message 104
Performance test message 105
Performance test message 106
Performance test message 107
Performance test message 108
Performance test message 109
Performance test message 110
Performance test message 111
Performance test message 112
Performance test message 113
Performance test message 114
Performance test message 115
Performance test message 116
Performance test message 117
Performance test message 118
Performance test message 119
Performance test message 120
Performance test message 121
Performance test message 122
Performance test message 123
Performance test message 124
Performance test message 125
Performance test message 126
Performance test message 127
Performance test message 128
Performance test message 129
Performance test message 130
Performance test message 131
Performance test message 132
Performance test message 133
Performance test message 134
Performance test message 135
Performance test message 136
Performance test message 137
Performance test message 138
Performance test message 139
Performance test message 140
Performance test message 141
Performance test message 142
Performance test message 143
Performance test message 144
Performance test message 145
Performance test message 146
Performance test message 147
Performance test message 148
Performance test message 149
Performance test message 150
Performance test message 151
Performance test message 152
Performance test message 153
Performance test message 154
Performance test message 155
Performance test message 156
Performance test message 157
Performance test message 158
Performance test message 159
Performance test message 160
Performance test message 161
Performance test message 162
Performance test message 163
Performance test message 164
Performance test message 165
Performance test message 166
Performance test message 167
Performance test message 168
Performance test message 169
Performance test message 170
Performance test message 171
Performance test message 172
Performance test message 173
Performance test message 174
Performance test message 175
Performance test message 176
Performance test message 177
Performance test message 178
Performance test message 179
Performance test message 180
Performance test message 181
Performance test message 182
Performance test message 183
Performance test message 184
Performance test message 185
Performance test message 186
Performance test message 187
Performance test message 188
Performance test message 189
Performance test message 190
Performance test message 191
Performance test message 192
Performance test message 193
Performance test message 194
Performance test message 195
Performance test message 196
Performance test message 197
Performance test message 198
Performance test message 199
Performance test message 200
Performance test message 201
Performance test message 202
Performance test message 203
Performance test message 204
Performance test message 205
Performance test message 206
Performance test message 207
Performance test message 208
Performance test message 209
Performance test message 210
Performance test message 211
Performance test message 212
Performance test message 213
Performance test message 214
Performance test message 215
Performance test message 216
Performance test message 217
Performance test message 218
Performance test message 219
Performance test message 220
Performance test message 221
Performance test message 222
Performance test message 223
Performance test message 224
Performance test message 225
Performance test message 226
Performance test message 227
Performance test message 228
Performance test message 229
Performance test message 230
Performance test message 231
Performance test message 232
Performance test message 233
Performance test message 234
Performance test message 235
Performance test message 236
Performance test message 237
Performance test message 238
Performance test message 239
Performance test message 240
Performance test message 241
Performance test message 242
Performance test message 243
Performance test message 244
Performance test message 245
Performance test message 246
Performance test message 247
Performance test message 248
Performance test message 249
Performance test message 250
Performance test message 251
Performance test message 252
Performance test message 253
Performance test message 254
Performance test message 255
Performance test message 256
Performance test message 257
Performance test message 258
Performance test message 259
Performance test message 260
Performance test message 261
Performance test message 262
Performance test message 263
Performance test message 264
Performance test message 265
Performance test message 266
Performance test message 267
Performance test message 268
Performance test message 269
Performance test message 270
Performance test message 271
Performance test message 272
Performance test message 273
Performance test message 274
Performance test message 275
Performance test message 276
Performance test message 277
Performance test message 278
Performance test message 279
Performance test message 280
Performance test message 281
Performance test message 282
Performance test message 283
Performance test message 284
Performance test message 285
Performance test message 286
Performance test message 287
Performance test message 288
Performance test message 289
Performance test message 290
Performance test message 291
Performance test message 292
Performance test message 293
Performance test message 294
Performance test message 295
Performance test message 296
Performance test message 297
Performance test message 298
Performance test message 299
Performance test message 300
Performance test message 301
Performance test message 302
Performance test message 303
Performance test message 304
Performance test message 305
Performance test message 306
Performance test message 307
Performance test message 308
Performance test message 309
Performance test message 310
Performance test message 311
Performance test message 312
Performance test message 313
Performance test message 314
Performance test message 315
Performance test message 316
Performance test message 317
Performance test message 318
Performance test message 319
Performance test message 320
Performance test message 321
Performance test message 322
Performance test message 323
Performance test message 324
Performance test message 325
Performance test message 326
Performance test message 327
Performance test message 328
Performance test message 329
Performance test message 330
Performance test message 331
Performance test message 332
Performance test message 333
Performance test message 334
Performance test message 335
Performance test message 336
Performance test message 337
Performance test message 338
Performance test message 339
Performance test message 340
Performance test message 341
Performance test message 342
Performance test message 343
Performance test message 344
Performance test message 345
Performance test message 346
Performance test message 347
Performance test message 348
Performance test message 349
Performance test message 350
Performance test message 351
Performance test message 352
Performance test message 353
Performance test message 354
Performance test message 355
Performance test message 356
Performance test message 357
Performance test message 358
Performance test message 359
Performance test message 360
Performance test message 361
Performance test message 362
Performance test message 363
Performance test message 364
Performance test message 365
Performance test message 366
Performance test message 367
Performance test message 368
Performance test message 369
Performance test message 370
Performance test message 371
Performance test message 372
Performance test message 373
Performance test message 374
Performance test message 375
Performance test message 376
Performance test message 377
Performance test message 378
Performance test message 379
Performance test message 380
Performance test message 381
Performance test message 382
Performance test message 383
Performance test message 384
Performance test message 385
Performance test message 386
Performance test message 387
Performance test message 388
Performance test message 389
Performance test message 390
Performance test message 391
Performance test message 392
Performance test message 393
Performance test message 394
Performance test message 395
Performance test message 396
Performance test message 397
Performance test message 398
Performance test message 399
Performance test message 400
Performance test message 401
Performance test message 402
Performance test message 403
Performance test message 404
Performance test message 405
Performance test message 406
Performance test message 407
Performance test message 408
Performance test message 409
Performance test message 410
Performance test message 411
Performance test message 412
Performance test message 413
Performance test message 414
Performance test message 415
Performance test message 416
Performance test message 417
Performance test message 418
Performance test message 419
Performance test message 420
Performance test message 421
Performance test message 422
Performance test message 423
Performance test message 424
Performance test message 425
Performance test message 426
Performance test message 427
Performance test message 428
Performance test message 429
Performance test message 430
Performance test message 431
Performance test message 432
Performance test message 433
Performance test message 434
Performance test message 435
Performance test message 436
Performance test message 437
Performance test message 438
Performance test message 439
Performance test message 440
Performance test message 441
Performance test message 442
Performance test message 443
Performance test message 444
Performance test message 445
Performance test message 446
Performance test message 447
Performance test message 448
Performance test message 449
Performance test message 450
Performance test message 451
Performance test message 452
Performance test message 453
Performance test message 454
Performance test message 455
Performance test message 456
Performance test message 457
Performance test message 458
Performance test message 459
Performance test message 460
Performance test message 461
Performance test message 462
Performance test message 463
Performance test message 464
Performance test message 465
Performance test message 466
Performance test message 467
Performance test message 468
Performance test message 469
Performance test message 470
Performance test message 471
Performance test message 472
Performance test message 473
Performance test message 474
Performance test message 475
Performance test message 476
Performance test message 477
Performance test message 478
Performance test message 479
Performance test message 480
Performance test message 481
Performance test message 482
Performance test message 483
Performance test message 484
Performance test message 485
Performance test message 486
Performance test message 487
Performance test message 488
Performance test message 489
Performance test message 490
Performance test message 491
Performance test message 492
Performance test message 493
Performance test message 494
Performance test message 495
Performance test message 496
Performance test message 497
Performance test message 498
Performance test message 499
Performance test message 500
Performance test message 501
Performance test message 502
Performance test message 503
Performance test message 504
Performance test message 505
Performance test message 506
Performance test message 507
Performance test message 508
Performance test message 509
Performance test message 510
Performance test message 511
Performance test message 512
Performance test message 513
Performance test message 514
Performance test message 515
Performance test message 516
Performance test message 517
Performance test message 518
Performance test message 519
Performance test message 520
Performance test message 521
Performance test message 522
Performance test message 523
Performance test message 524
Performance test message 525
Performance test message 526
Performance test message 527
Performance test message 528
Performance test message 529
Performance test message 530
Performance test message 531
Performance test message 532
Performance test message 533
Performance test message 534
Performance test message 535
Performance test message 536
Performance test message 537
Performance test message 538
Performance test message 539
Performance test message 540
Performance test message 541
Performance test message 542
Performance test message 543
Performance test message 544
Performance test message 545
Performance test message 546
Performance test message 547
Performance test message 548
Performance test message 549
Performance test message 550
Performance test message 551
Performance test message 552
Performance test message 553
Performance test message 554
Performance test message 555
Performance test message 556
Performance test message 557
Performance test message 558
Performance test message 559
Performance test message 560
Performance test message 561
Performance test message 562
Performance test message 563
Performance test message 564
Performance test message 565
Performance test message 566
Performance test message 567
Performance test message 568
Performance test message 569
Performance test message 570
Performance test message 571
Performance test message 572
Performance test message 573
Performance test message 574
Performance test message 575
Performance test message 576
Performance test message 577
Performance test message 578
Performance test message 579
Performance test message 580
Performance test message 581
Performance test message 582
Performance test message 583
Performance test message 584
Performance test message 585
Performance test message 586
Performance test message 587
Performance test message 588
Performance test message 589
Performance test message 590
Performance test message 591
Performance test message 592
Performance test message 593
Performance test message 594
Performance test message 595
Performance test message 596
Performance test message 597
Performance test message 598
Performance test message 599
Performance test message 600
Performance test message 601
Performance test message 602
Performance test message 603
Performance test message 604
Performance test message 605
Performance test message 606
Performance test message 607
Performance test message 608
Performance test message 609
Performance test message 610
Performance test message 611
Performance test message 612
Performance test message 613
Performance test message 614
Performance test message 615
Performance test message 616
Performance test message 617
Performance test message 618
Performance test message 619
Performance test message 620
Performance test message 621
Performance test message 622
Performance test message 623
Performance test message 624
Performance test message 625
Performance test message 626
Performance test message 627
Performance test message 628
Performance test message 629
Performance test message 630
Performance test message 631
Performance test message 632
Performance test message 633
Performance test message 634
Performance test message 635
Performance test message 636
Performance test message 637
Performance test message 638
Performance test message 639
Performance test message 640
Performance test message 641
Performance test message 642
Performance test message 643
Performance test message 644
Performance test message 645
Performance test message 646
Performance test message 647
Performance test message 648
Performance test message 649
Performance test message 650
Performance test message 651
Performance test message 652
Performance test message 653
Performance test message 654
Performance test message 655
Performance test message 656
Performance test message 657
Performance test message 658
Performance test message 659
Performance test message 660
Performance test message 661
Performance test message 662
Performance test message 663
Performance test message 664
Performance test message 665
Performance test message 666
Performance test message 667
Performance test message 668
Performance test message 669
Performance test message 670
Performance test message 671
Performance test message 672
Performance test message 673
Performance test message 674
Performance test message 675
Performance test message 676
Performance test message 677
Performance test message 678
Performance test message 679
Performance test message 680
Performance test message 681
Performance test message 682
Performance test message 683
Performance test message 684
Performance test message 685
Performance test message 686
Performance test message 687
Performance test message 688
Performance test message 689
Performance test message 690
Performance test message 691
Performance test message 692
Performance test message 693
Performance test message 694
Performance test message 695
Performance test message 696
Performance test message 697
Performance test message 698
Performance test message 699
Performance test message 700
Performance test message 701
Performance test message 702
Performance test message 703
Performance test message 704
Performance test message 705
Performance test message 706
Performance test message 707
Performance test message 708
Performance test message 709
Performance test message 710
Performance test message 711
Performance test message 712
Performance test message 713
Performance test message 714
Performance test message 715
Performance test message 716
Performance test message 717
Performance test message 718
Performance test message 719
Performance test message 720
Performance test message 721
Performance test message 722
Performance test message 723
Performance test message 724
Performance test message 725
Performance test message 726
Performance test message 727
Performance test message 728
Performance test message 729
Performance test message 730
Performance test message 731
Performance test message 732
Performance test message 733
Performance test message 734
Performance test message 735
Performance test message 736
Performance test message 737
Performance test message 738
Performance test message 739
Performance test message 740
Performance test message 741
Performance test message 742
Performance test message 743
Performance test message 744
Performance test message 745
Performance test message 746
Performance test message 747
Performance test message 748
Performance test message 749
Performance test message 750
Performance test message 751
Performance test message 752
Performance test message 753
Performance test message 754
Performance test message 755
Performance test message 756
Performance test message 757
Performance test message 758
Performance test message 759
Performance test message 760
Performance test message 761
Performance test message 762
Performance test message 763
Performance test message 764
Performance test message 765
Performance test message 766
Performance test message 767
Performance test message 768
Performance test message 769
Performance test message 770
Performance test message 771
Performance test message 772
Performance test message 773
Performance test message 774
Performance test message 775
Performance test message 776
Performance test message 777
Performance test message 778
Performance test message 779
Performance test message 780
Performance test message 781
Performance test message 782
Performance test message 783
Performance test message 784
Performance test message 785
Performance test message 786
Performance test message 787
Performance test message 788
Performance test message 789
Performance test message 790
Performance test message 791
Performance test message 792
Performance test message 793
Performance test message 794
Performance test message 795
Performance test message 796
Performance test message 797
Performance test message 798
Performance test message 799
Performance test message 800
Performance test message 801
Performance test message 802
Performance test message 803
Performance test message 804
Performance test message 805
Performance test message 806
Performance test message 807
Performance test message 808
Performance test message 809
Performance test message 810
Performance test message 811
Performance test message 812
Performance test message 813
Performance test message 814
Performance test message 815
Performance test message 816
Performance test message 817
Performance test message 818
Performance test message 819
Performance test message 820
Performance test message 821
Performance test message 822
Performance test message 823
Performance test message 824
Performance test message 825
Performance test message 826
Performance test message 827
Performance test message 828
Performance test message 829
Performance test message 830
Performance test message 831
Performance test message 832
Performance test message 833
Performance test message 834
Performance test message 835
Performance test message 836
Performance test message 837
Performance test message 838
Performance test message 839
Performance test message 840
Performance test message 841
Performance test message 842
Performance test message 843
Performance test message 844
Performance test message 845
Performance test message 846
Performance test message 847
Performance test message 848
Performance test message 849
Performance test message 850
Performance test message 851
Performance test message 852
Performance test message 853
Performance test message 854
Performance test message 855
Performance test message 856
Performance test message 857
Performance test message 858
Performance test message 859
Performance test message 860
Performance test message 861
Performance test message 862
Performance test message 863
Performance test message 864
Performance test message 865
Performance test message 866
Performance test message 867
Performance test message 868
Performance test message 869
Performance test message 870
Performance test message 871
Performance test message 872
Performance test message 873
Performance test message 874
Performance test message 875
Performance test message 876
Performance test message 877
Performance test message 878
Performance test message 879
Performance test message 880
Performance test message 881
Performance test message 882
Performance test message 883
Performance test message 884
Performance test message 885
Performance test message 886
Performance test message 887
Performance test message 888
Performance test message 889
Performance test message 890
Performance test message 891
Performance test message 892
Performance test message 893
Performance test message 894
Performance test message 895
Performance test message 896
Performance test message 897
Performance test message 898
Performance test message 899
Performance test message 900
Performance test message 901
Performance test message 902
Performance test message 903
Performance test message 904
Performance test message 905
Performance test message 906
Performance test message 907
Performance test message 908
Performance test message 909
Performance test message 910
Performance test message 911
Performance test message 912
Performance test message 913
Performance test message 914
Performance test message 915
Performance test message 916
Performance test message 917
Performance test message 918
Performance test message 919
Performance test message 920
Performance test message 921
Performance test message 922
Performance test message 923
Performance test message 924
Performance test message 925
Performance test message 926
Performance test message 927
Performance test message 928
Performance test message 929
Performance test message 930
Performance test message 931
Performance test message 932
Performance test message 933
Performance test message 934
Performance test message 935
Performance test message 936
Performance test message 937
Performance test message 938
Performance test message 939
Performance test message 940
Performance test message 941
Performance test message 942
Performance test message 943
Performance test message 944
Performance test message 945
Performance test message 946
Performance test message 947
Performance test message 948
Performance test message 949
Performance test message 950
Performance test message 951
Performance test message 952
Performance test message 953
Performance test message 954
Performance test message 955
Performance test message 956
Performance test message 957
Performance test message 958
Performance test message 959
Performance test message 960
Performance test message 961
Performance test message 962
Performance test message 963
Performance test message 964
Performance test message 965
Performance test message 966
Performance test message 967
Performance test message 968
Performance test message 969
Performance test message 970
Performance test message 971
Performance test message 972
Performance test message 973
Performance test message 974
Performance test message 975
Performance test message 976
Performance test message 977
Performance test message 978
Performance test message 979
Performance test message 980
Performance test message 981
Performance test message 982
Performance test message 983
Performance test message 984
Performance test message 985
Performance test message 986
Performance test message 987
Performance test message 988
Performance test message 989
Performance test message 990
Performance test message 991
Performance test message 992
Performance test message 993
Performance test message 994
Performance test message 995
Performance test message 996
Performance test message 997
Performance test message 998
Performance test message 999
Performance test message 1000
Performance test message 1001
Performance test message 1002
Performance test message 1003
Performance test message 1004
Performance test message 1005
Performance test message 1006
Performance test message 1007
Performance test message 1008
Performance test message 1009
Performance test message 1010
Performance test message 1011
Performance test message 1012
Performance test message 1013
Performance test message 1014
Performance test message 1015
Performance test message 1016
Performance test message 1017
Performance test message 1018
Performance test message 1019
Performance test message 1020
Performance test message 1021
Performance test message 1022
Performance test message 1023
Performance test message 1024
Performance test message 1025
Performance test message 1026
Performance test message 1027
Performance test message 1028
Performance test message 1029
Performance test message 1030
Performance test message 1031
Performance test message 1032
Performance test message 1033
Performance test message 1034
Performance test message 1035
Performance test message 1036
Performance test message 1037
Performance test message 1038
Performance test message 1039
Performance test message 1040
Performance test message 1041
Performance test message 1042
Performance test message 1043
Performance test message 1044
Performance test message 1045
Performance test message 1046
Performance test message 1047
Performance test message 1048
Performance test message 1049
Performance test message 1050
Performance test message 1051
Performance test message 1052
Performance test message 1053
Performance test message 1054
Performance test message 1055
Performance test message 1056
Performance test message 1057
Performance test message 1058
Performance test message 1059
Performance test message 1060
Performance test message 1061
Performance test message 1062
Performance test message 1063
Performance test message 1064
Performance test message 1065
Performance test message 1066
Performance test message 1067
Performance test message 1068
Performance test message 1069
Performance test message 1070
Performance test message 1071
Performance test message 1072
Performance test message 1073
Performance test message 1074
Performance test message 1075
Performance test message 1076
Performance test message 1077
Performance test message 1078
Performance test message 1079
Performance test message 1080
Performance test message 1081
Performance test message 1082
Performance test message 1083
Performance test message 1084
Performance test message 1085
Performance test message 1086
Performance test message 1087
Performance test message 1088
Performance test message 1089
Performance test message 1090
Performance test message 1091
Performance test message 1092
Performance test message 1093
Performance test message 1094
Performance test message 1095
Performance test message 1096
Performance test message 1097
Performance test message 1098
Performance test message 1099
Performance test message 1100
Performance test message 1101
Performance test message 1102
Performance test message 1103
Performance test message 1104
Performance test message 1105
Performance test message 1106
Performance test message 1107
Performance test message 1108
Performance test message 1109
Performance test message 1110
Performance test message 1111
Performance test message 1112
Performance test message 1113
Performance test message 1114
Performance test message 1115
Performance test message 1116
Performance test message 1117
Performance test message 1118
Performance test message 1119
Performance test message 1120
Performance test message 1121
Performance test message 1122
Performance test message 1123
Performance test message 1124
Performance test message 1125
Performance test message 1126
Performance test message 1127
Performance test message 1128
Performance test message 1129
Performance test message 1130
Performance test message 1131
Performance test message 1132
Performance test message 1133
Performance test message 1134
Performance test message 1135
Performance test message 1136
Performance test message 1137
Performance test message 1138
Performance test message 1139
Performance test message 1140
Performance test message 1141
Performance test message 1142
Performance test message 1143
Performance test message 1144
Performance test message 1145
Performance test message 1146
Performance test message 1147
Performance test message 1148
Performance test message 1149
Performance test message 1150
Performance test message 1151
Performance test message 1152
Performance test message 1153
Performance test message 1154
Performance test message 1155
Performance test message 1156
Performance test message 1157
Performance test message 1158
Performance test message 1159
Performance test message 1160
Performance test message 1161
Performance test message 1162
Performance test message 1163
Performance test message 1164
Performance test message 1165
Performance test message 1166
Performance test message 1167
Performance test message 1168
Performance test message 1169
Performance test message 1170
Performance test message 1171
Performance test message 1172
Performance test message 1173
Performance test message 1174
Performance test message 1175
Performance test message 1176
Performance test message 1177
Performance test message 1178
Performance test message 1179
Performance test message 1180
Performance test message 1181
Performance test message 1182
Performance test message 1183
Performance test message 1184
Performance test message 1185
Performance test message 1186
Performance test message 1187
Performance test message 1188
Performance test message 1189
Performance test message 1190
Performance test message 1191
Performance test message 1192
Performance test message 1193
Performance test message 1194
Performance test message 1195
Performance test message 1196
Performance test message 1197
Performance test message 1198
Performance test message 1199
Performance test message 1200
Performance test message 1201
Performance test message 1202
Performance test message 1203
Performance test message 1204
Performance test message 1205
Performance test message 1206
Performance test message 1207
Performance test message 1208
Performance test message 1209
Performance test message 1210
Performance test message 1211
Performance test message 1212
Performance test message 1213
Performance test message 1214
Performance test message 1215
Performance test message 1216
Performance test message 1217
Performance test message 1218
Performance test message 1219
Performance test message 1220
Performance test message 1221
Performance test message 1222
Performance test message 1223
Performance test message 1224
Performance test message 1225
Performance test message 1226
Performance test message 1227
Performance test message 1228
Performance test message 1229
Performance test message 1230
Performance test message 1231
Performance test message 1232
Performance test message 1233
Performance test message 1234
Performance test message 1235
Performance test message 1236
Performance test message 1237
Performance test message 1238
Performance test message 1239
Performance test message 1240
Performance test message 1241
Performance test message 1242
Performance test message 1243
Performance test message 1244
Performance test message 1245
Performance test message 1246
Performance test message 1247
Performance test message 1248
Performance test message 1249
Performance test message 1250
Performance test message 1251
Performance test message 1252
Performance test message 1253
Performance test message 1254
Performance test message 1255
Performance test message 1256
Performance test message 1257
Performance test message 1258
Performance test message 1259
Performance test message 1260
Performance test message 1261
Performance test message 1262
Performance test message 1263
Performance test message 1264
Performance test message 1265
Performance test message 1266
Performance test message 1267
Performance test message 1268
Performance test message 1269
Performance test message 1270
Performance test message 1271
Performance test message 1272
Performance test message 1273
Performance test message 1274
Performance test message 1275
Performance test message 1276
Performance test message 1277
Performance test message 1278
Performance test message 1279
Performance test message 1280
Performance test message 1281
Performance test message 1282
Performance test message 1283
Performance test message 1284
Performance test message 1285
Performance test message 1286
Performance test message 1287
Performance test message 1288
Performance test message 1289
Performance test message 1290
Performance test message 1291
Performance test message 1292
Performance test message 1293
Performance test message 1294
Performance test message 1295
Performance test message 1296
Performance test message 1297
Performance test message 1298
Performance test message 1299
Performance test message 1300
Performance test message 1301
Performance test message 1302
Performance test message 1303
Performance test message 1304
Performance test message 1305
Performance test message 1306
Performance test message 1307
Performance test message 1308
Performance test message 1309
Performance test message 1310
Performance test message 1311
Performance test message 1312
Performance test message 1313
Performance test message 1314
Performance test message 1315
Performance test message 1316
Performance test message 1317
Performance test message 1318
Performance test message 1319
Performance test message 1320
Performance test message 1321
Performance test message 1322
Performance test message 1323
Performance test message 1324
Performance test message 1325
Performance test message 1326
Performance test message 1327
Performance test message 1328
Performance test message 1329
Performance test message 1330
Performance test message 1331
Performance test message 1332
Performance test message 1333
Performance test message 1334
Performance test message 1335
Performance test message 1336
Performance test message 1337
Performance test message 1338
Performance test message 1339
Performance test message 1340
Performance test message 1341
Performance test message 1342
Performance test message 1343
Performance test message 1344
Performance test message 1345
Performance test message 1346
Performance test message 1347
Performance test message 1348
Performance test message 1349
Performance test message 1350
Performance test message 1351
Performance test message 1352
Performance test message 1353
Performance test message 1354
Performance test message 1355
Performance test message 1356
Performance test message 1357
Performance test message 1358
Performance test message 1359
Performance test message 1360
Performance test message 1361
Performance test message 1362
Performance test message 1363
Performance test message 1364
Performance test message 1365
Performance test message 1366
Performance test message 1367
Performance test message 1368
Performance test message 1369
Performance test message 1370
Performance test message 1371
Performance test message 1372
Performance test message 1373
Performance test message 1374
Performance test message 1375
Performance test message 1376
Performance test message 1377
Performance test message 1378
Performance test message 1379
Performance test message 1380
Performance test message 1381
Performance test message 1382
Performance test message 1383
Performance test message 1384
Performance test message 1385
Performance test message 1386
Performance test message 1387
Performance test message 1388
Performance test message 1389
Performance test message 1390
Performance test message 1391
Performance test message 1392
Performance test message 1393
Performance test message 1394
Performance test message 1395
Performance test message 1396
Performance test message 1397
Performance test message 1398
Performance test message 1399
Performance test message 1400
Performance test message 1401
Performance test message 1402
Performance test message 1403
Performance test message 1404
Performance test message 1405
Performance test message 1406
Performance test message 1407
Performance test message 1408
Performance test message 1409
Performance test message 1410
Performance test message 1411
Performance test message 1412
Performance test message 1413
Performance test message 1414
Performance test message 1415
Performance test message 1416
Performance test message 1417
Performance test message 1418
Performance test message 1419
Performance test message 1420
Performance test message 1421
Performance test message 1422
Performance test message 1423
Performance test message 1424
Performance test message 1425
Performance test message 1426
Performance test message 1427
Performance test message 1428
Performance test message 1429
Performance test message 1430
Performance test message 1431
Performance test message 1432
Performance test message 1433
Performance test message 1434
Performance test message 1435
Performance test message 1436
Performance test message 1437
Performance test message 1438
Performance test message 1439
Performance test message 1440
Performance test message 1441
Performance test message 1442
Performance test message 1443
Performance test message 1444
Performance test message 1445
Performance test message 1446
Performance test message 1447
Performance test message 1448
Performance test message 1449
Performance test message 1450
Performance test message 1451
Performance test message 1452
Performance test message 1453
Performance test message 1454
Performance test message 1455
Performance test message 1456
Performance test message 1457
Performance test message 1458
Performance test message 1459
Performance test message 1460
Performance test message 1461
Performance test message 1462
Performance test message 1463
Performance test message 1464
Performance test message 1465
Performance test message 1466
Performance test message 1467
Performance test message 1468
Performance test message 1469
Performance test message 1470
Performance test message 1471
Performance test message 1472
Performance test message 1473
Performance test message 1474
Performance test message 1475
Performance test message 1476
Performance test message 1477
Performance test message 1478
Performance test message 1479
Performance test message 1480
Performance test message 1481
Performance test message 1482
Performance test message 1483
Performance test message 1484
Performance test message 1485
Performance test message 1486
Performance test message 1487
Performance test message 1488
Performance test message 1489
Performance test message 1490
Performance test message 1491
Performance test message 1492
Performance test message 1493
Performance test message 1494
Performance test message 1495
Performance test message 1496
Performance test message 1497
Performance test message 1498
Performance test message 1499
Performance test message 1500
Performance test message 1501
Performance test message 1502
Performance test message 1503
Performance test message 1504
Performance test message 1505
Performance test message 1506
Performance test message 1507
Performance test message 1508
Performance test message 1509
Performance test message 1510
Performance test message 1511
Performance test message 1512
Performance test message 1513
Performance test message 1514
Performance test message 1515
Performance test message 1516
Performance test message 1517
Performance test message 1518
Performance test message 1519
Performance test message 1520
Performance test message 1521
Performance test message 1522
Performance test message 1523
Performance test message 1524
Performance test message 1525
Performance test message 1526
Performance test message 1527
Performance test message 1528
Performance test message 1529
Performance test message 1530
Performance test message 1531
Performance test message 1532
Performance test message 1533
Performance test message 1534
Performance test message 1535
Performance test message 1536
Performance test message 1537
Performance test message 1538
Performance test message 1539
Performance test message 1540
Performance test message 1541
Performance test message 1542
Performance test message 1543
Performance test message 1544
Performance test message 1545
Performance test message 1546
Performance test message 1547
Performance test message 1548
Performance test message 1549
Performance test message 1550
Performance test message 1551
Performance test message 1552
Performance test message 1553
Performance test message 1554
Performance test message 1555
Performance test message 1556
Performance test message 1557
Performance test message 1558
Performance test message 1559
Performance test message 1560
Performance test message 1561
Performance test message 1562
Performance test message 1563
Performance test message 1564
Performance test message 1565
Performance test message 1566
Performance test message 1567
Performance test message 1568
Performance test message 1569
Performance test message 1570
Performance test message 1571
Performance test message 1572
Performance test message 1573
Performance test message 1574
Performance test message 1575
Performance test message 1576
Performance test message 1577
Performance test message 1578
Performance test message 1579
Performance test message 1580
Performance test message 1581
Performance test message 1582
Performance test message 1583
Performance test message 1584
Performance test message 1585
Performance test message 1586
Performance test message 1587
Performance test message 1588
Performance test message 1589
Performance test message 1590
Performance test message 1591
Performance test message 1592
Performance test message 1593
Performance test message 1594
Performance test message 1595
Performance test message 1596
Performance test message 1597
Performance test message 1598
Performance test message 1599
Performance test message 1600
Performance test message 1601
Performance test message 1602
Performance test message 1603
Performance test message 1604
Performance test message 1605
Performance test message 1606
Performance test message 1607
Performance test message 1608
Performance test message 1609
Performance test message 1610
Performance test message 1611
Performance test message 1612
Performance test message 1613
Performance test message 1614
Performance test message 1615
Performance test message 1616
Performance test message 1617
Performance test message 1618
Performance test message 1619
Performance test message 1620
Performance test message 1621
Performance test message 1622
Performance test message 1623
Performance test message 1624
Performance test message 1625
Performance test message 1626
Performance test message 1627
Performance test message 1628
Performance test message 1629
Performance test message 1630
Performance test message 1631
Performance test message 1632
Performance test message 1633
Performance test message 1634
Performance test message 1635
Performance test message 1636
Performance test message 1637
Performance test message 1638
Performance test message 1639
Performance test message 1640
Performance test message 1641
Performance test message 1642
Performance test message 1643
Performance test message 1644
Performance test message 1645
Performance test message 1646
Performance test message 1647
Performance test message 1648
Performance test message 1649
Performance test message 1650
Performance test message 1651
Performance test message 1652
Performance test message 1653
Performance test message 1654
Performance test message 1655
Performance test message 1656
Performance test message 1657
Performance test message 1658
Performance test message 1659
Performance test message 1660
Performance test message 1661
Performance test message 1662
Performance test message 1663
Performance test message 1664
Performance test message 1665
Performance test message 1666
Performance test message 1667
Performance test message 1668
Performance test message 1669
Performance test message 1670
Performance test message 1671
Performance test message 1672
Performance test message 1673
Performance test message 1674
Performance test message 1675
Performance test message 1676
Performance test message 1677
Performance test message 1678
Performance test message 1679
Performance test message 1680
Performance test message 1681
Performance test message 1682
Performance test message 1683
Performance test message 1684
Performance test message 1685
Performance test message 1686
Performance test message 1687
Performance test message 1688
Performance test message 1689
Performance test message 1690
Performance test message 1691
Performance test message 1692
Performance test message 1693
Performance test message 1694
Performance test message 1695
Performance test message 1696
Performance test message 1697
Performance test message 1698
Performance test message 1699
Performance test message 1700
Performance test message 1701
Performance test message 1702
Performance test message 1703
Performance test message 1704
Performance test message 1705
Performance test message 1706
Performance test message 1707
Performance test message 1708
Performance test message 1709
Performance test message 1710
Performance test message 1711
Performance test message 1712
Performance test message 1713
Performance test message 1714
Performance test message 1715
Performance test message 1716
Performance test message 1717
Performance test message 1718
Performance test message 1719
Performance test message 1720
Performance test message 1721
Performance test message 1722
Performance test message 1723
Performance test message 1724
Performance test message 1725
Performance test message 1726
Performance test message 1727
Performance test message 1728
Performance test message 1729
Performance test message 1730
Performance test message 1731
Performance test message 1732
Performance test message 1733
Performance test message 1734
Performance test message 1735
Performance test message 1736
Performance test message 1737
Performance test message 1738
Performance test message 1739
Performance test message 1740
Performance test message 1741
Performance test message 1742
Performance test message 1743
Performance test message 1744
Performance test message 1745
Performance test message 1746
Performance test message 1747
Performance test message 1748
Performance test message 1749
Performance test message 1750
Performance test message 1751
Performance test message 1752
Performance test message 1753
Performance test message 1754
Performance test message 1755
Performance test message 1756
Performance test message 1757
Performance test message 1758
Performance test message 1759
Performance test message 1760
Performance test message 1761
Performance test message 1762
Performance test message 1763
Performance test message 1764
Performance test message 1765
Performance test message 1766
Performance test message 1767
Performance test message 1768
Performance test message 1769
Performance test message 1770
Performance test message 1771
Performance test message 1772
Performance test message 1773
Performance test message 1774
Performance test message 1775
Performance test message 1776
Performance test message 1777
Performance test message 1778
Performance test message 1779
Performance test message 1780
Performance test message 1781
Performance test message 1782
Performance test message 1783
Performance test message 1784
Performance test message 1785
Performance test message 1786
Performance test message 1787
Performance test message 1788
Performance test message 1789
Performance test message 1790
Performance test message 1791
Performance test message 1792
Performance test message 1793
Performance test message 1794
Performance test message 1795
Performance test message 1796
Performance test message 1797
Performance test message 1798
Performance test message 1799
Performance test message 1800
Performance test message 1801
Performance test message 1802
Performance test message 1803
Performance test message 1804
Performance test message 1805
Performance test message 1806
Performance test message 1807
Performance test message 1808
Performance test message 1809
Performance test message 1810
Performance test message 1811
Performance test message 1812
Performance test message 1813
Performance test message 1814
Performance test message 1815
Performance test message 1816
Performance test message 1817
Performance test message 1818
Performance test message 1819
Performance test message 1820
Performance test message 1821
Performance test message 1822
Performance test message 1823
Performance test message 1824
Performance test message 1825
Performance test message 1826
Performance test message 1827
Performance test message 1828
Performance test message 1829
Performance test message 1830
Performance test message 1831
Performance test message 1832
Performance test message 1833
Performance test message 1834
Performance test message 1835
Performance test message 1836
Performance test message 1837
Performance test message 1838
Performance test message 1839
Performance test message 1840
Performance test message 1841
Performance test message 1842
Performance test message 1843
Performance test message 1844
Performance test message 1845
Performance test message 1846
Performance test message 1847
Performance test message 1848
Performance test message 1849
Performance test message 1850
Performance test message 1851
Performance test message 1852
Performance test message 1853
Performance test message 1854
Performance test message 1855
Performance test message 1856
Performance test message 1857
Performance test message 1858
Performance test message 1859
Performance test message 1860
Performance test message 1861
Performance test message 1862
Performance test message 1863
Performance test message 1864
Performance test message 1865
Performance test message 1866
Performance test message 1867
Performance test message 1868
Performance test message 1869
Performance test message 1870
Performance test message 1871
Performance test message 1872
Performance test message 1873
Performance test message 1874
Performance test message 1875
Performance test message 1876
Performance test message 1877
Performance test message 1878
Performance test message 1879
Performance test message 1880
Performance test message 1881
Performance test message 1882
Performance test message 1883
Performance test message 1884
Performance test message 1885
Performance test message 1886
Performance test message 1887
Performance test message 1888
Performance test message 1889
Performance test message 1890
Performance test message 1891
Performance test message 1892
Performance test message 1893
Performance test message 1894
Performance test message 1895
Performance test message 1896
Performance test message 1897
Performance test message 1898
Performance test message 1899
Performance test message 1900
Performance test message 1901
Performance test message 1902
Performance test message 1903
Performance test message 1904
Performance test message 1905
Performance test message 1906
Performance test message 1907
Performance test message 1908
Performance test message 1909
Performance test message 1910
Performance test message 1911
Performance test message 1912
Performance test message 1913
Performance test message 1914
Performance test message 1915
Performance test message 1916
Performance test message 1917
Performance test message 1918
Performance test message 1919
Performance test message 1920
Performance test message 1921
Performance test message 1922
Performance test message 1923
Performance test message 1924
Performance test message 1925
Performance test message 1926
Performance test message 1927
Performance test message 1928
Performance test message 1929
Performance test message 1930
Performance test message 1931
Performance test message 1932
Performance test message 1933
Performance test message 1934
Performance test message 1935
Performance test message 1936
Performance test message 1937
Performance test message 1938
Performance test message 1939
Performance test message 1940
Performance test message 1941
Performance test message 1942
Performance test message 1943
Performance test message 1944
Performance test message 1945
Performance test message 1946
Performance test message 1947
Performance test message 1948
Performance test message 1949
Performance test message 1950
Performance test message 1951
Performance test message 1952
Performance test message 1953
Performance test message 1954
Performance test message 1955
Performance test message 1956
Performance test message 1957
Performance test message 1958
Performance test message 1959
Performance test message 1960
Performance test message 1961
Performance test message 1962
Performance test message 1963
Performance test message 1964
Performance test message 1965
Performance test message 1966
Performance test message 1967
Performance test message 1968
Performance test message 1969
Performance test message 1970
Performance test message 1971
Performance test message 1972
Performance test message 1973
Performance test message 1974
Performance test message 1975
Performance test message 1976
Performance test message 1977
Performance test message 1978
Performance test message 1979
Performance test message 1980
Performance test message 1981
Performance test message 1982
Performance test message 1983
Performance test message 1984
Performance test message 1985
Performance test message 1986
Performance test message 1987
Performance test message 1988
Performance test message 1989
Performance test message 1990
Performance test message 1991
Performance test message 1992
Performance test message 1993
Performance test message 1994
Performance test message 1995
Performance test message 1996
Performance test message 1997
Performance test message 1998
Performance test message 1999
Performance test message 2000
Performance test message 2001
Performance test message 2002
Performance test message 2003
Performance test message 2004
Performance test message 2005
Performance test message 2006
Performance test message 2007
Performance test message 2008
Performance test message 2009
Performance test message 2010
Performance test message 2011
Performance test message 2012
Performance test message 2013
Performance test message 2014
Performance test message 2015
Performance test message 2016
Performance test message 2017
Performance test message 2018
Performance test message 2019
Performance test message 2020
Performance test message 2021
Performance test message 2022
Performance test message 2023
Performance test message 2024
Performance test message 2025
Performance test message 2026
Performance test message 2027
Performance test message 2028
Performance test message 2029
Performance test message 2030
Performance test message 2031
Performance test message 2032
Performance test message 2033
Performance test message 2034
Performance test message 2035
Performance test message 2036
Performance test message 2037
Performance test message 2038
Performance test message 2039
Performance test message 2040
Performance test message 2041
Performance test message 2042
Performance test message 2043
Performance test message 2044
Performance test message 2045
Performance test message 2046
Performance test message 2047
Performance test message 2048
Performance test message 2049
Performance test message 2050
Performance test message 2051
Performance test message 2052
Performance test message 2053
Performance test message 2054
Performance test message 2055
Performance test message 2056
Performance test message 2057
Performance test message 2058
Performance test message 2059
Performance test message 2060
Performance test message 2061
Performance test message 2062
Performance test message 2063
Performance test message 2064
Performance test message 2065
Performance test message 2066
Performance test message 2067
Performance test message 2068
Performance test message 2069
Performance test message 2070
Performance test message 2071
Performance test message 2072
Performance test message 2073
Performance test message 2074
Performance test message 2075
Performance test message 2076
Performance test message 2077
Performance test message 2078
Performance test message 2079
Performance test message 2080
Performance test message 2081
Performance test message 2082
Performance test message 2083
Performance test message 2084
Performance test message 2085
Performance test message 2086
Performance test message 2087
Performance test message 2088
Performance test message 2089
Performance test message 2090
Performance test message 2091
Performance test message 2092
Performance test message 2093
Performance test message 2094
Performance test message 2095
Performance test message 2096
Performance test message 2097
Performance test message 2098
Performance test message 2099
Performance test message 2100
Performance test message 2101
Performance test message 2102
Performance test message 2103
Performance test message 2104
Performance test message 2105
Performance test message 2106
Performance test message 2107
Performance test message 2108
Performance test message 2109
Performance test message 2110
Performance test message 2111
Performance test message 2112
Performance test message 2113
Performance test message 2114
Performance test message 2115
Performance test message 2116
Performance test message 2117
Performance test message 2118
Performance test message 2119
Performance test message 2120
Performance test message 2121
Performance test message 2122
Performance test message 2123
Performance test message 2124
Performance test message 2125
Performance test message 2126
Performance test message 2127
Performance test message 2128
Performance test message 2129
Performance test message 2130
Performance test message 2131
Performance test message 2132
Performance test message 2133
Performance test message 2134
Performance test message 2135
Performance test message 2136
Performance test message 2137
Performance test message 2138
Performance test message 2139
Performance test message 2140
Performance test message 2141
Performance test message 2142
Performance test message 2143
Performance test message 2144
Performance test message 2145
Performance test message 2146
Performance test message 2147
Performance test message 2148
Performance test message 2149
Performance test message 2150
Performance test message 2151
Performance test message 2152
Performance test message 2153
Performance test message 2154
Performance test message 2155
Performance test message 2156
Performance test message 2157
Performance test message 2158
Performance test message 2159
Performance test message 2160
Performance test message 2161
Performance test message 2162
Performance test message 2163
Performance test message 2164
Performance test message 2165
Performance test message 2166
Performance test message 2167
Performance test message 2168
Performance test message 2169
Performance test message 2170
Performance test message 2171
Performance test message 2172
Performance test message 2173
Performance test message 2174
Performance test message 2175
Performance test message 2176
Performance test message 2177
Performance test message 2178
Performance test message 2179
Performance test message 2180
Performance test message 2181
Performance test message 2182
Performance test message 2183
Performance test message 2184
Performance test message 2185
Performance test message 2186
Performance test message 2187
Performance test message 2188
Performance test message 2189
Performance test message 2190
Performance test message 2191
Performance test message 2192
Performance test message 2193
Performance test message 2194
Performance test message 2195
Performance test message 2196
Performance test message 2197
Performance test message 2198
Performance test message 2199
Performance test message 2200
Performance test message 2201
Performance test message 2202
Performance test message 2203
Performance test message 2204
Performance test message 2205
Performance test message 2206
Performance test message 2207
Performance test message 2208
Performance test message 2209
Performance test message 2210
Performance test message 2211
Performance test message 2212
Performance test message 2213
Performance test message 2214
Performance test message 2215
Performance test message 2216
Performance test message 2217
Performance test message 2218
Performance test message 2219
Performance test message 2220
Performance test message 2221
Performance test message 2222
Performance test message 2223
Performance test message 2224
Performance test message 2225
Performance test message 2226
Performance test message 2227
Performance test message 2228
Performance test message 2229
Performance test message 2230
Performance test message 2231
Performance test message 2232
Performance test message 2233
Performance test message 2234
Performance test message 2235
Performance test message 2236
Performance test message 2237
Performance test message 2238
Performance test message 2239
Performance test message 2240
Performance test message 2241
Performance test message 2242
Performance test message 2243
Performance test message 2244
Performance test message 2245
Performance test message 2246
Performance test message 2247
Performance test message 2248
Performance test message 2249
Performance test message 2250
Performance test message 2251
Performance test message 2252
Performance test message 2253
Performance test message 2254
Performance test message 2255
Performance test message 2256
Performance test message 2257
Performance test message 2258
Performance test message 2259
Performance test message 2260
Performance test message 2261
Performance test message 2262
Performance test message 2263
Performance test message 2264
Performance test message 2265
Performance test message 2266
Performance test message 2267
Performance test message 2268
Performance test message 2269
Performance test message 2270
Performance test message 2271
Performance test message 2272
Performance test message 2273
Performance test message 2274
Performance test message 2275
Performance test message 2276
Performance test message 2277
Performance test message 2278
Performance test message 2279
Performance test message 2280
Performance test message 2281
Performance test message 2282
Performance test message 2283
Performance test message 2284
Performance test message 2285
Performance test message 2286
Performance test message 2287
Performance test message 2288
Performance test message 2289
Performance test message 2290
Performance test message 2291
Performance test message 2292
Performance test message 2293
Performance test message 2294
Performance test message 2295
Performance test message 2296
Performance test message 2297
Performance test message 2298
Performance test message 2299
Performance test message 2300
Performance test message 2301
Performance test message 2302
Performance test message 2303
Performance test message 2304
Performance test message 2305
Performance test message 2306
Performance test message 2307
Performance test message 2308
Performance test message 2309
Performance test message 2310
Performance test message 2311
Performance test message 2312
Performance test message 2313
Performance test message 2314
Performance test message 2315
Performance test message 2316
Performance test message 2317
Performance test message 2318
Performance test message 2319
Performance test message 2320
Performance test message 2321
Performance test message 2322
Performance test message 2323
Performance test message 2324
Performance test message 2325
Performance test message 2326
Performance test message 2327
Performance test message 2328
Performance test message 2329
Performance test message 2330
Performance test message 2331
Performance test message 2332
Performance test message 2333
Performance test message 2334
Performance test message 2335
Performance test message 2336
Performance test message 2337
Performance test message 2338
Performance test message 2339
Performance test message 2340
Performance test message 2341
Performance test message 2342
Performance test message 2343
Performance test message 2344
Performance test message 2345
Performance test message 2346
Performance test message 2347
Performance test message 2348
Performance test message 2349
Performance test message 2350
Performance test message 2351
Performance test message 2352
Performance test message 2353
Performance test message 2354
Performance test message 2355
Performance test message 2356
Performance test message 2357
Performance test message 2358
Performance test message 2359
Performance test message 2360
Performance test message 2361
Performance test message 2362
Performance test message 2363
Performance test message 2364
Performance test message 2365
Performance test message 2366
Performance test message 2367
Performance test message 2368
Performance test message 2369
Performance test message 2370
Performance test message 2371
Performance test message 2372
Performance test message 2373
Performance test message 2374
Performance test message 2375
Performance test message 2376
Performance test message 2377
Performance test message 2378
Performance test message 2379
Performance test message 2380
Performance test message 2381
Performance test message 2382
Performance test message 2383
Performance test message 2384
Performance test message 2385
Performance test message 2386
Performance test message 2387
Performance test message 2388
Performance test message 2389
Performance test message 2390
Performance test message 2391
Performance test message 2392
Performance test message 2393
Performance test message 2394
Performance test message 2395
Performance test message 2396
Performance test message 2397
Performance test message 2398
Performance test message 2399
Performance test message 2400
Performance test message 2401
Performance test message 2402
Performance test message 2403
Performance test message 2404
Performance test message 2405
Performance test message 2406
Performance test message 2407
Performance test message 2408
Performance test message 2409
Performance test message 2410
Performance test message 2411
Performance test message 2412
Performance test message 2413
Performance test message 2414
Performance test message 2415
Performance test message 2416
Performance test message 2417
Performance test message 2418
Performance test message 2419
Performance test message 2420
Performance test message 2421
Performance test message 2422
Performance test message 2423
Performance test message 2424
Performance test message 2425
Performance test message 2426
Performance test message 2427
Performance test message 2428
Performance test message 2429
Performance test message 2430
Performance test message 2431
Performance test message 2432
Performance test message 2433
Performance test message 2434
Performance test message 2435
Performance test message 2436
Performance test message 2437
Performance test message 2438
Performance test message 2439
Performance test message 2440
Performance test message 2441
Performance test message 2442
Performance test message 2443
Performance test message 2444
Performance test message 2445
Performance test message 2446
Performance test message 2447
Performance test message 2448
Performance test message 2449
Performance test message 2450
Performance test message 2451
Performance test message 2452
Performance test message 2453
Performance test message 2454
Performance test message 2455
Performance test message 2456
Performance test message 2457
Performance test message 2458
Performance test message 2459
Performance test message 2460
Performance test message 2461
Performance test message 2462
Performance test message 2463
Performance test message 2464
Performance test message 2465
Performance test message 2466
Performance test message 2467
Performance test message 2468
Performance test message 2469
Performance test message 2470
Performance test message 2471
Performance test message 2472
Performance test message 2473
Performance test message 2474
Performance test message 2475
Performance test message 2476
Performance test message 2477
Performance test message 2478
Performance test message 2479
Performance test message 2480
Performance test message 2481
Performance test message 2482
Performance test message 2483
Performance test message 2484
Performance test message 2485
Performance test message 2486
Performance test message 2487
Performance test message 2488
Performance test message 2489
Performance test message 2490
Performance test message 2491
Performance test message 2492
Performance test message 2493
Performance test message 2494
Performance test message 2495
Performance test message 2496
Performance test message 2497
Performance test message 2498
Performance test message 2499
Performance test message 2500
Performance test message 2501
Performance test message 2502
Performance test message 2503
Performance test message 2504
Performance test message 2505
Performance test message 2506
Performance test message 2507
Performance test message 2508
Performance test message 2509
Performance test message 2510
Performance test message 2511
Performance test message 2512
Performance test message 2513
Performance test message 2514
Performance test message 2515
Performance test message 2516
Performance test message 2517
Performance test message 2518
Performance test message 2519
Performance test message 2520
Performance test message 2521
Performance test message 2522
Performance test message 2523
Performance test message 2524
Performance test message 2525
Performance test message 2526
Performance test message 2527
Performance test message 2528
Performance test message 2529
Performance test message 2530
Performance test message 2531
Performance test message 2532
Performance test message 2533
Performance test message 2534
Performance test message 2535
Performance test message 2536
Performance test message 2537
Performance test message 2538
Performance test message 2539
Performance test message 2540
Performance test message 2541
Performance test message 2542
Performance test message 2543
Performance test message 2544
Performance test message 2545
Performance test message 2546
Performance test message 2547
Performance test message 2548
Performance test message 2549
Performance test message 2550
Performance test message 2551
Performance test message 2552
Performance test message 2553
Performance test message 2554
Performance test message 2555
Performance test message 2556
Performance test message 2557
Performance test message 2558
Performance test message 2559
Performance test message 2560
Performance test message 2561
Performance test message 2562
Performance test message 2563
Performance test message 2564
Performance test message 2565
Performance test message 2566
Performance test message 2567
Performance test message 2568
Performance test message 2569
Performance test message 2570
Performance test message 2571
Performance test message 2572
Performance test message 2573
Performance test message 2574
Performance test message 2575
Performance test message 2576
Performance test message 2577
Performance test message 2578
Performance test message 2579
Performance test message 2580
Performance test message 2581
Performance test message 2582
Performance test message 2583
Performance test message 2584
Performance test message 2585
Performance test message 2586
Performance test message 2587
Performance test message 2588
Performance test message 2589
Performance test message 2590
Performance test message 2591
Performance test message 2592
Performance test message 2593
Performance test message 2594
Performance test message 2595
Performance test message 2596
Performance test message 2597
Performance test message 2598
Performance test message 2599
Performance test message 2600
Performance test message 2601
Performance test message 2602
Performance test message 2603
Performance test message 2604
Performance test message 2605
Performance test message 2606
Performance test message 2607
Performance test message 2608
Performance test message 2609
Performance test message 2610
Performance test message 2611
Performance test message 2612
Performance test message 2613
Performance test message 2614
Performance test message 2615
Performance test message 2616
Performance test message 2617
Performance test message 2618
Performance test message 2619
Performance test message 2620
Performance test message 2621
Performance test message 2622
Performance test message 2623
Performance test message 2624
Performance test message 2625
Performance test message 2626
Performance test message 2627
Performance test message 2628
Performance test message 2629
Performance test message 2630
Performance test message 2631
Performance test message 2632
Performance test message 2633
Performance test message 2634
Performance test message 2635
Performance test message 2636
Performance test message 2637
Performance test message 2638
Performance test message 2639
Performance test message 2640
Performance test message 2641
Performance test message 2642
Performance test message 2643
Performance test message 2644
Performance test message 2645
Performance test message 2646
Performance test message 2647
Performance test message 2648
Performance test message 2649
Performance test message 2650
Performance test message 2651
Performance test message 2652
Performance test message 2653
Performance test message 2654
Performance test message 2655
Performance test message 2656
Performance test message 2657
Performance test message 2658
Performance test message 2659
Performance test message 2660
Performance test message 2661
Performance test message 2662
Performance test message 2663
Performance test message 2664
Performance test message 2665
Performance test message 2666
Performance test message 2667
Performance test message 2668
Performance test message 2669
Performance test message 2670
Performance test message 2671
Performance test message 2672
Performance test message 2673
Performance test message 2674
Performance test message 2675
Performance test message 2676
Performance test message 2677
Performance test message 2678
Performance test message 2679
Performance test message 2680
Performance test message 2681
Performance test message 2682
Performance test message 2683
Performance test message 2684
Performance test message 2685
Performance test message 2686
Performance test message 2687
Performance test message 2688
Performance test message 2689
Performance test message 2690
Performance test message 2691
Performance test message 2692
Performance test message 2693
Performance test message 2694
Performance test message 2695
Performance test message 2696
Performance test message 2697
Performance test message 2698
Performance test message 2699
Performance test message 2700
Performance test message 2701
Performance test message 2702
Performance test message 2703
Performance test message 2704
Performance test message 2705
Performance test message 2706
Performance test message 2707
Performance test message 2708
Performance test message 2709
Performance test message 2710
Performance test message 2711
Performance test message 2712
Performance test message 2713
Performance test message 2714
Performance test message 2715
Performance test message 2716
Performance test message 2717
Performance test message 2718
Performance test message 2719
Performance test message 2720
Performance test message 2721
Performance test message 2722
Performance test message 2723
Performance test message 2724
Performance test message 2725
Performance test message 2726
Performance test message 2727
Performance test message 2728
Performance test message 2729
Performance test message 2730
Performance test message 2731
Performance test message 2732
Performance test message 2733
Performance test message 2734
Performance test message 2735
Performance test message 2736
Performance test message 2737
Performance test message 2738
Performance test message 2739
Performance test message 2740
Performance test message 2741
Performance test message 2742
Performance test message 2743
Performance test message 2744
Performance test message 2745
Performance test message 2746
Performance test message 2747
Performance test message 2748
Performance test message 2749
Performance test message 2750
Performance test message 2751
Performance test message 2752
Performance test message 2753
Performance test message 2754
Performance test message 2755
Performance test message 2756
Performance test message 2757
Performance test message 2758
Performance test message 2759
Performance test message 2760
Performance test message 2761
Performance test message 2762
Performance test message 2763
Performance test message 2764
Performance test message 2765
Performance test message 2766
Performance test message 2767
Performance test message 2768
Performance test message 2769
Performance test message 2770
Performance test message 2771
Performance test message 2772
Performance test message 2773
Performance test message 2774
Performance test message 2775
Performance test message 2776
Performance test message 2777
Performance test message 2778
Performance test message 2779
Performance test message 2780
Performance test message 2781
Performance test message 2782
Performance test message 2783
Performance test message 2784
Performance test message 2785
Performance test message 2786
Performance test message 2787
Performance test message 2788
Performance test message 2789
Performance test message 2790
Performance test message 2791
Performance test message 2792
Performance test message 2793
Performance test message 2794
Performance test message 2795
Performance test message 2796
Performance test message 2797
Performance test message 2798
Performance test message 2799
Performance test message 2800
Performance test message 2801
Performance test message 2802
Performance test message 2803
Performance test message 2804
Performance test message 2805
Performance test message 2806
Performance test message 2807
Performance test message 2808
Performance test message 2809
Performance test message 2810
Performance test message 2811
Performance test message 2812
Performance test message 2813
Performance test message 2814
Performance test message 2815
Performance test message 2816
Performance test message 2817
Performance test message 2818
Performance test message 2819
Performance test message 2820
Performance test message 2821
Performance test message 2822
Performance test message 2823
Performance test message 2824
Performance test message 2825
Performance test message 2826
Performance test message 2827
Performance test message 2828
Performance test message 2829
Performance test message 2830
Performance test message 2831
Performance test message 2832
Performance test message 2833
Performance test message 2834
Performance test message 2835
Performance test message 2836
Performance test message 2837
Performance test message 2838
Performance test message 2839
Performance test message 2840
Performance test message 2841
Performance test message 2842
Performance test message 2843
Performance test message 2844
Performance test message 2845
Performance test message 2846
Performance test message 2847
Performance test message 2848
Performance test message 2849
Performance test message 2850
Performance test message 2851
Performance test message 2852
Performance test message 2853
Performance test message 2854
Performance test message 2855
Performance test message 2856
Performance test message 2857
Performance test message 2858
Performance test message 2859
Performance test message 2860
Performance test message 2861
Performance test message 2862
Performance test message 2863
Performance test message 2864
Performance test message 2865
Performance test message 2866
Performance test message 2867
Performance test message 2868
Performance test message 2869
Performance test message 2870
Performance test message 2871
Performance test message 2872
Performance test message 2873
Performance test message 2874
Performance test message 2875
Performance test message 2876
Performance test message 2877
Performance test message 2878
Performance test message 2879
Performance test message 2880
Performance test message 2881
Performance test message 2882
Performance test message 2883
Performance test message 2884
Performance test message 2885
Performance test message 2886
Performance test message 2887
Performance test message 2888
Performance test message 2889
Performance test message 2890
Performance test message 2891
Performance test message 2892
Performance test message 2893
Performance test message 2894
Performance test message 2895
Performance test message 2896
Performance test message 2897
Performance test message 2898
Performance test message 2899
Performance test message 2900
Performance test message 2901
Performance test message 2902
Performance test message 2903
Performance test message 2904
Performance test message 2905
Performance test message 2906
Performance test message 2907
Performance test message 2908
Performance test message 2909
Performance test message 2910
Performance test message 2911
Performance test message 2912
Performance test message 2913
Performance test message 2914
Performance test message 2915
Performance test message 2916
Performance test message 2917
Performance test message 2918
Performance test message 2919
Performance test message 2920
Performance test message 2921
Performance test message 2922
Performance test message 2923
Performance test message 2924
Performance test message 2925
Performance test message 2926
Performance test message 2927
Performance test message 2928
Performance test message 2929
Performance test message 2930
Performance test message 2931
Performance test message 2932
Performance test message 2933
Performance test message 2934
Performance test message 2935
Performance test message 2936
Performance test message 2937
Performance test message 2938
Performance test message 2939
Performance test message 2940
Performance test message 2941
Performance test message 2942
Performance test message 2943
Performance test message 2944
Performance test message 2945
Performance test message 2946
Performance test message 2947
Performance test message 2948
Performance test message 2949
Performance test message 2950
Performance test message 2951
Performance test message 2952
Performance test message 2953
Performance test message 2954
Performance test message 2955
Performance test message 2956
Performance test message 2957
Performance test message 2958
Performance test message 2959
Performance test message 2960
Performance test message 2961
Performance test message 2962
Performance test message 2963
Performance test message 2964
Performance test message 2965
Performance test message 2966
Performance test message 2967
Performance test message 2968
Performance test message 2969
Performance test message 2970
Performance test message 2971
Performance test message 2972
Performance test message 2973
Performance test message 2974
Performance test message 2975
Performance test message 2976
Performance test message 2977
Performance test message 2978
Performance test message 2979
Performance test message 2980
Performance test message 2981
Performance test message 2982
Performance test message 2983
Performance test message 2984
Performance test message 2985
Performance test message 2986
Performance test message 2987
Performance test message 2988
Performance test message 2989
Performance test message 2990
Performance test message 2991
Performance test message 2992
Performance test message 2993
Performance test message 2994
Performance test message 2995
Performance test message 2996
Performance test message 2997
Performance test message 2998
Performance test message 2999
Performance test message 3000
Performance test message 3001
Performance test message 3002
Performance test message 3003
Performance test message 3004
Performance test message 3005
Performance test message 3006
Performance test message 3007
Performance test message 3008
Performance test message 3009
Performance test message 3010
Performance test message 3011
Performance test message 3012
Performance test message 3013
Performance test message 3014
Performance test message 3015
Performance test message 3016
Performance test message 3017
Performance test message 3018
Performance test message 3019
Performance test message 3020
Performance test message 3021
Performance test message 3022
Performance test message 3023
Performance test message 3024
Performance test message 3025
Performance test message 3026
Performance test message 3027
Performance test message 3028
Performance test message 3029
Performance test message 3030
Performance test message 3031
Performance test message 3032
Performance test message 3033
Performance test message 3034
Performance test message 3035
Performance test message 3036
Performance test message 3037
Performance test message 3038
Performance test message 3039
Performance test message 3040
Performance test message 3041
Performance test message 3042
Performance test message 3043
Performance test message 3044
Performance test message 3045
Performance test message 3046
Performance test message 3047
Performance test message 3048
Performance test message 3049
Performance test message 3050
Performance test message 3051
Performance test message 3052
Performance test message 3053
Performance test message 3054
Performance test message 3055
Performance test message 3056
Performance test message 3057
Performance test message 3058
Performance test message 3059
Performance test message 3060
Performance test message 3061
Performance test message 3062
Performance test message 3063
Performance test message 3064
Performance test message 3065
Performance test message 3066
Performance test message 3067
Performance test message 3068
Performance test message 3069
Performance test message 3070
Performance test message 3071
Performance test message 3072
Performance test message 3073
Performance test message 3074
Performance test message 3075
Performance test message 3076
Performance test message 3077
Performance test message 3078
Performance test message 3079
Performance test message 3080
Performance test message 3081
Performance test message 3082
Performance test message 3083
Performance test message 3084
Performance test message 3085
Performance test message 3086
Performance test message 3087
Performance test message 3088
Performance test message 3089
Performance test message 3090
Performance test message 3091
Performance test message 3092
Performance test message 3093
Performance test message 3094
Performance test message 3095
Performance test message 3096
Performance test message 3097
Performance test message 3098
Performance test message 3099
Performance test message 3100
Performance test message 3101
Performance test message 3102
Performance test message 3103
Performance test message 3104
Performance test message 3105
Performance test message 3106
Performance test message 3107
Performance test message 3108
Performance test message 3109
Performance test message 3110
Performance test message 3111
Performance test message 3112
Performance test message 3113
Performance test message 3114
Performance test message 3115
Performance test message 3116
Performance test message 3117
Performance test message 3118
Performance test message 3119
Performance test message 3120
Performance test message 3121
Performance test message 3122
Performance test message 3123
Performance test message 3124
Performance test message 3125
Performance test message 3126
Performance test message 3127
Performance test message 3128
Performance test message 3129
Performance test message 3130
Performance test message 3131
Performance test message 3132
Performance test message 3133
Performance test message 3134
Performance test message 3135
Performance test message 3136
Performance test message 3137
Performance test message 3138
Performance test message 3139
Performance test message 3140
Performance test message 3141
Performance test message 3142
Performance test message 3143
Performance test message 3144
Performance test message 3145
Performance test message 3146
Performance test message 3147
Performance test message 3148
Performance test message 3149
Performance test message 3150
Performance test message 3151
Performance test message 3152
Performance test message 3153
Performance test message 3154
Performance test message 3155
Performance test message 3156
Performance test message 3157
Performance test message 3158
Performance test message 3159
Performance test message 3160
Performance test message 3161
Performance test message 3162
Performance test message 3163
Performance test message 3164
Performance test message 3165
Performance test message 3166
Performance test message 3167
Performance test message 3168
Performance test message 3169
Performance test message 3170
Performance test message 3171
Performance test message 3172
Performance test message 3173
Performance test message 3174
Performance test message 3175
Performance test message 3176
Performance test message 3177
Performance test message 3178
Performance test message 3179
Performance test message 3180
Performance test message 3181
Performance test message 3182
Performance test message 3183
Performance test message 3184
Performance test message 3185
Performance test message 3186
Performance test message 3187
Performance test message 3188
Performance test message 3189
Performance test message 3190
Performance test message 3191
Performance test message 3192
Performance test message 3193
Performance test message 3194
Performance test message 3195
Performance test message 3196
Performance test message 3197
Performance test message 3198
Performance test message 3199
Performance test message 3200
Performance test message 3201
Performance test message 3202
Performance test message 3203
Performance test message 3204
Performance test message 3205
Performance test message 3206
Performance test message 3207
Performance test message 3208
Performance test message 3209
Performance test message 3210
Performance test message 3211
Performance test message 3212
Performance test message 3213
Performance test message 3214
Performance test message 3215
Performance test message 3216
Performance test message 3217
Performance test message 3218
Performance test message 3219
Performance test message 3220
Performance test message 3221
Performance test message 3222
Performance test message 3223
Performance test message 3224
Performance test message 3225
Performance test message 3226
Performance test message 3227
Performance test message 3228
Performance test message 3229
Performance test message 3230
Performance test message 3231
Performance test message 3232
Performance test message 3233
Performance test message 3234
Performance test message 3235
Performance test message 3236
Performance test message 3237
Performance test message 3238
Performance test message 3239
Performance test message 3240
Performance test message 3241
Performance test message 3242
Performance test message 3243
Performance test message 3244
Performance test message 3245
Performance test message 3246
Performance test message 3247
Performance test message 3248
Performance test message 3249
Performance test message 3250
Performance test message 3251
Performance test message 3252
Performance test message 3253
Performance test message 3254
Performance test message 3255
Performance test message 3256
Performance test message 3257
Performance test message 3258
Performance test message 3259
Performance test message 3260
Performance test message 3261
Performance test message 3262
Performance test message 3263
Performance test message 3264
Performance test message 3265
Performance test message 3266
Performance test message 3267
Performance test message 3268
Performance test message 3269
Performance test message 3270
Performance test message 3271
Performance test message 3272
Performance test message 3273
Performance test message 3274
Performance test message 3275
Performance test message 3276
Performance test message 3277
Performance test message 3278
Performance test message 3279
Performance test message 3280
Performance test message 3281
Performance test message 3282
Performance test message 3283
Performance test message 3284
Performance test message 3285
Performance test message 3286
Performance test message 3287
Performance test message 3288
Performance test message 3289
Performance test message 3290
Performance test message 3291
Performance test message 3292
Performance test message 3293
Performance test message 3294
Performance test message 3295
Performance test message 3296
Performance test message 3297
Performance test message 3298
Performance test message 3299
Performance test message 3300
Performance test message 3301
Performance test message 3302
Performance test message 3303
Performance test message 3304
Performance test message 3305
Performance test message 3306
Performance test message 3307
Performance test message 3308
Performance test message 3309
Performance test message 3310
Performance test message 3311
Performance test message 3312
Performance test message 3313
Performance test message 3314
Performance test message 3315
Performance test message 3316
Performance test message 3317
Performance test message 3318
Performance test message 3319
Performance test message 3320
Performance test message 3321
Performance test message 3322
Performance test message 3323
Performance test message 3324
Performance test message 3325
Performance test message 3326
Performance test message 3327
Performance test message 3328
Performance test message 3329
Performance test message 3330
Performance test message 3331
Performance test message 3332
Performance test message 3333
Performance test message 3334
Performance test message 3335
Performance test message 3336
Performance test message 3337
Performance test message 3338
Performance test message 3339
Performance test message 3340
Performance test message 3341
Performance test message 3342
Performance test message 3343
Performance test message 3344
Performance test message 3345
Performance test message 3346
Performance test message 3347
Performance test message 3348
Performance test message 3349
Performance test message 3350
Performance test message 3351
Performance test message 3352
Performance test message 3353
Performance test message 3354
Performance test message 3355
Performance test message 3356
Performance test message 3357
Performance test message 3358
Performance test message 3359
Performance test message 3360
Performance test message 3361
Performance test message 3362
Performance test message 3363
Performance test message 3364
Performance test message 3365
Performance test message 3366
Performance test message 3367
Performance test message 3368
Performance test message 3369
Performance test message 3370
Performance test message 3371
Performance test message 3372
Performance test message 3373
Performance test message 3374
Performance test message 3375
Performance test message 3376
Performance test message 3377
Performance test message 3378
Performance test message 3379
Performance test message 3380
Performance test message 3381
Performance test message 3382
Performance test message 3383
Performance test message 3384
Performance test message 3385
Performance test message 3386
Performance test message 3387
Performance test message 3388
Performance test message 3389
Performance test message 3390
Performance test message 3391
Performance test message 3392
Performance test message 3393
Performance test message 3394
Performance test message 3395
Performance test message 3396
Performance test message 3397
Performance test message 3398
Performance test message 3399
Performance test message 3400
Performance test message 3401
Performance test message 3402
Performance test message 3403
Performance test message 3404
Performance test message 3405
Performance test message 3406
Performance test message 3407
Performance test message 3408
Performance test message 3409
Performance test message 3410
Performance test message 3411
Performance test message 3412
Performance test message 3413
Performance test message 3414
Performance test message 3415
Performance test message 3416
Performance test message 3417
Performance test message 3418
Performance test message 3419
Performance test message 3420
Performance test message 3421
Performance test message 3422
Performance test message 3423
Performance test message 3424
Performance test message 3425
Performance test message 3426
Performance test message 3427
Performance test message 3428
Performance test message 3429
Performance test message 3430
Performance test message 3431
Performance test message 3432
Performance test message 3433
Performance test message 3434
Performance test message 3435
Performance test message 3436
Performance test message 3437
Performance test message 3438
Performance test message 3439
Performance test message 3440
Performance test message 3441
Performance test message 3442
Performance test message 3443
Performance test message 3444
Performance test message 3445
Performance test message 3446
Performance test message 3447
Performance test message 3448
Performance test message 3449
Performance test message 3450
Performance test message 3451
Performance test message 3452
Performance test message 3453
Performance test message 3454
Performance test message 3455
Performance test message 3456
Performance test message 3457
Performance test message 3458
Performance test message 3459
Performance test message 3460
Performance test message 3461
Performance test message 3462
Performance test message 3463
Performance test message 3464
Performance test message 3465
Performance test message 3466
Performance test message 3467
Performance test message 3468
Performance test message 3469
Performance test message 3470
Performance test message 3471
Performance test message 3472
Performance test message 3473
Performance test message 3474
Performance test message 3475
Performance test message 3476
Performance test message 3477
Performance test message 3478
Performance test message 3479
Performance test message 3480
Performance test message 3481
Performance test message 3482
Performance test message 3483
Performance test message 3484
Performance test message 3485
Performance test message 3486
Performance test message 3487
Performance test message 3488
Performance test message 3489
Performance test message 3490
Performance test message 3491
Performance test message 3492
Performance test message 3493
Performance test message 3494
Performance test message 3495
Performance test message 3496
Performance test message 3497
Performance test message 3498
Performance test message 3499
Performance test message 3500
Performance test message 3501
Performance test message 3502
Performance test message 3503
Performance test message 3504
Performance test message 3505
Performance test message 3506
Performance test message 3507
Performance test message 3508
Performance test message 3509
Performance test message 3510
Performance test message 3511
Performance test message 3512
Performance test message 3513
Performance test message 3514
Performance test message 3515
Performance test message 3516
Performance test message 3517
Performance test message 3518
Performance test message 3519
Performance test message 3520
Performance test message 3521
Performance test message 3522
Performance test message 3523
Performance test message 3524
Performance test message 3525
Performance test message 3526
Performance test message 3527
Performance test message 3528
Performance test message 3529
Performance test message 3530
Performance test message 3531
Performance test message 3532
Performance test message 3533
Performance test message 3534
Performance test message 3535
Performance test message 3536
Performance test message 3537
Performance test message 3538
Performance test message 3539
Performance test message 3540
Performance test message 3541
Performance test message 3542
Performance test message 3543
Performance test message 3544
Performance test message 3545
Performance test message 3546
Performance test message 3547
Performance test message 3548
Performance test message 3549
Performance test message 3550
Performance test message 3551
Performance test message 3552
Performance test message 3553
Performance test message 3554
Performance test message 3555
Performance test message 3556
Performance test message 3557
Performance test message 3558
Performance test message 3559
Performance test message 3560
Performance test message 3561
Performance test message 3562
Performance test message 3563
Performance test message 3564
Performance test message 3565
Performance test message 3566
Performance test message 3567
Performance test message 3568
Performance test message 3569
Performance test message 3570
Performance test message 3571
Performance test message 3572
Performance test message 3573
Performance test message 3574
Performance test message 3575
Performance test message 3576
Performance test message 3577
Performance test message 3578
Performance test message 3579
Performance test message 3580
Performance test message 3581
Performance test message 3582
Performance test message 3583
Performance test message 3584
Performance test message 3585
Performance test message 3586
Performance test message 3587
Performance test message 3588
Performance test message 3589
Performance test message 3590
Performance test message 3591
Performance test message 3592
Performance test message 3593
Performance test message 3594
Performance test message 3595
Performance test message 3596
Performance test message 3597
Performance test message 3598
Performance test message 3599
Performance test message 3600
Performance test message 3601
Performance test message 3602
Performance test message 3603
Performance test message 3604
Performance test message 3605
Performance test message 3606
Performance test message 3607
Performance test message 3608
Performance test message 3609
Performance test message 3610
Performance test message 3611
Performance test message 3612
Performance test message 3613
Performance test message 3614
Performance test message 3615
Performance test message 3616
Performance test message 3617
Performance test message 3618
Performance test message 3619
Performance test message 3620
Performance test message 3621
Performance test message 3622
Performance test message 3623
Performance test message 3624
Performance test message 3625
Performance test message 3626
Performance test message 3627
Performance test message 3628
Performance test message 3629
Performance test message 3630
Performance test message 3631
Performance test message 3632
Performance test message 3633
Performance test message 3634
Performance test message 3635
Performance test message 3636
Performance test message 3637
Performance test message 3638
Performance test message 3639
Performance test message 3640
Performance test message 3641
Performance test message 3642
Performance test message 3643
Performance test message 3644
Performance test message 3645
Performance test message 3646
Performance test message 3647
Performance test message 3648
Performance test message 3649
Performance test message 3650
Performance test message 3651
Performance test message 3652
Performance test message 3653
Performance test message 3654
Performance test message 3655
Performance test message 3656
Performance test message 3657
Performance test message 3658
Performance test message 3659
Performance test message 3660
Performance test message 3661
Performance test message 3662
Performance test message 3663
Performance test message 3664
Performance test message 3665
Performance test message 3666
Performance test message 3667
Performance test message 3668
Performance test message 3669
Performance test message 3670
Performance test message 3671
Performance test message 3672
Performance test message 3673
Performance test message 3674
Performance test message 3675
Performance test message 3676
Performance test message 3677
Performance test message 3678
Performance test message 3679
Performance test message 3680
Performance test message 3681
Performance test message 3682
Performance test message 3683
Performance test message 3684
Performance test message 3685
Performance test message 3686
Performance test message 3687
Performance test message 3688
Performance test message 3689
Performance test message 3690
Performance test message 3691
Performance test message 3692
Performance test message 3693
Performance test message 3694
Performance test message 3695
Performance test message 3696
Performance test message 3697
Performance test message 3698
Performance test message 3699
Performance test message 3700
Performance test message 3701
Performance test message 3702
Performance test message 3703
Performance test message 3704
Performance test message 3705
Performance test message 3706
Performance test message 3707
Performance test message 3708
Performance test message 3709
Performance test message 3710
Performance test message 3711
Performance test message 3712
Performance test message 3713
Performance test message 3714
Performance test message 3715
Performance test message 3716
Performance test message 3717
Performance test message 3718
Performance test message 3719
Performance test message 3720
Performance test message 3721
Performance test message 3722
Performance test message 3723
Performance test message 3724
Performance test message 3725
Performance test message 3726
Performance test message 3727
Performance test message 3728
Performance test message 3729
Performance test message 3730
Performance test message 3731
Performance test message 3732
Performance test message 3733
Performance test message 3734
Performance test message 3735
Performance test message 3736
Performance test message 3737
Performance test message 3738
Performance test message 3739
Performance test message 3740
Performance test message 3741
Performance test message 3742
Performance test message 3743
Performance test message 3744
Performance test message 3745
Performance test message 3746
Performance test message 3747
Performance test message 3748
Performance test message 3749
Performance test message 3750
Performance test message 3751
Performance test message 3752
Performance test message 3753
Performance test message 3754
Performance test message 3755
Performance test message 3756
Performance test message 3757
Performance test message 3758
Performance test message 3759
Performance test message 3760
Performance test message 3761
Performance test message 3762
Performance test message 3763
Performance test message 3764
Performance test message 3765
Performance test message 3766
Performance test message 3767
Performance test message 3768
Performance test message 3769
Performance test message 3770
Performance test message 3771
Performance test message 3772
Performance test message 3773
Performance test message 3774
Performance test message 3775
Performance test message 3776
Performance test message 3777
Performance test message 3778
Performance test message 3779
Performance test message 3780
Performance test message 3781
Performance test message 3782
Performance test message 3783
Performance test message 3784
Performance test message 3785
Performance test message 3786
Performance test message 3787
Performance test message 3788
Performance test message 3789
Performance test message 3790
Performance test message 3791
Performance test message 3792
Performance test message 3793
Performance test message 3794
Performance test message 3795
Performance test message 3796
Performance test message 3797
Performance test message 3798
Performance test message 3799
Performance test message 3800
Performance test message 3801
Performance test message 3802
Performance test message 3803
Performance test message 3804
Performance test message 3805
Performance test message 3806
Performance test message 3807
Performance test message 3808
Performance test message 3809
Performance test message 3810
Performance test message 3811
Performance test message 3812
Performance test message 3813
Performance test message 3814
Performance test message 3815
Performance test message 3816
Performance test message 3817
Performance test message 3818
Performance test message 3819
Performance test message 3820
Performance test message 3821
Performance test message 3822
Performance test message 3823
Performance test message 3824
Performance test message 3825
Performance test message 3826
Performance test message 3827
Performance test message 3828
Performance test message 3829
Performance test message 3830
Performance test message 3831
Performance test message 3832
Performance test message 3833
Performance test message 3834
Performance test message 3835
Performance test message 3836
Performance test message 3837
Performance test message 3838
Performance test message 3839
Performance test message 3840
Performance test message 3841
Performance test message 3842
Performance test message 3843
Performance test message 3844
Performance test message 3845
Performance test message 3846
Performance test message 3847
Performance test message 3848
Performance test message 3849
Performance test message 3850
Performance test message 3851
Performance test message 3852
Performance test message 3853
Performance test message 3854
Performance test message 3855
Performance test message 3856
Performance test message 3857
Performance test message 3858
Performance test message 3859
Performance test message 3860
Performance test message 3861
Performance test message 3862
Performance test message 3863
Performance test message 3864
Performance test message 3865
Performance test message 3866
Performance test message 3867
Performance test message 3868
Performance test message 3869
Performance test message 3870
Performance test message 3871
Performance test message 3872
Performance test message 3873
Performance test message 3874
Performance test message 3875
Performance test message 3876
Performance test message 3877
Performance test message 3878
Performance test message 3879
Performance test message 3880
Performance test message 3881
Performance test message 3882
Performance test message 3883
Performance test message 3884
Performance test message 3885
Performance test message 3886
Performance test message 3887
Performance test message 3888
Performance test message 3889
Performance test message 3890
Performance test message 3891
Performance test message 3892
Performance test message 3893
Performance test message 3894
Performance test message 3895
Performance test message 3896
Performance test message 3897
Performance test message 3898
Performance test message 3899
Performance test message 3900
Performance test message 3901
Performance test message 3902
Performance test message 3903
Performance test message 3904
Performance test message 3905
Performance test message 3906
Performance test message 3907
Performance test message 3908
Performance test message 3909
Performance test message 3910
Performance test message 3911
Performance test message 3912
Performance test message 3913
Performance test message 3914
Performance test message 3915
Performance test message 3916
Performance test message 3917
Performance test message 3918
Performance test message 3919
Performance test message 3920
Performance test message 3921
Performance test message 3922
Performance test message 3923
Performance test message 3924
Performance test message 3925
Performance test message 3926
Performance test message 3927
Performance test message 3928
Performance test message 3929
Performance test message 3930
Performance test message 3931
Performance test message 3932
Performance test message 3933
Performance test message 3934
Performance test message 3935
Performance test message 3936
Performance test message 3937
Performance test message 3938
Performance test message 3939
Performance test message 3940
Performance test message 3941
Performance test message 3942
Performance test message 3943
Performance test message 3944
Performance test message 3945
Performance test message 3946
Performance test message 3947
Performance test message 3948
Performance test message 3949
Performance test message 3950
Performance test message 3951
Performance test message 3952
Performance test message 3953
Performance test message 3954
Performance test message 3955
Performance test message 3956
Performance test message 3957
Performance test message 3958
Performance test message 3959
Performance test message 3960
Performance test message 3961
Performance test message 3962
Performance test message 3963
Performance test message 3964
Performance test message 3965
Performance test message 3966
Performance test message 3967
Performance test message 3968
Performance test message 3969
Performance test message 3970
Performance test message 3971
Performance test message 3972
Performance test message 3973
Performance test message 3974
Performance test message 3975
Performance test message 3976
Performance test message 3977
Performance test message 3978
Performance test message 3979
Performance test message 3980
Performance test message 3981
Performance test message 3982
Performance test message 3983
Performance test message 3984
Performance test message 3985
Performance test message 3986
Performance test message 3987
Performance test message 3988
Performance test message 3989
Performance test message 3990
Performance test message 3991
Performance test message 3992
Performance test message 3993
Performance test message 3994
Performance test message 3995
Performance test message 3996
Performance test message 3997
Performance test message 3998
Performance test message 3999
Performance test message 4000
Performance test message 4001
Performance test message 4002
Performance test message 4003
Performance test message 4004
Performance test message 4005
Performance test message 4006
Performance test message 4007
Performance test message 4008
Performance test message 4009
Performance test message 4010
Performance test message 4011
Performance test message 4012
Performance test message 4013
Performance test message 4014
Performance test message 4015
Performance test message 4016
Performance test message 4017
Performance test message 4018
Performance test message 4019
Performance test message 4020
Performance test message 4021
Performance test message 4022
Performance test message 4023
Performance test message 4024
Performance test message 4025
Performance test message 4026
Performance test message 4027
Performance test message 4028
Performance test message 4029
Performance test message 4030
Performance test message 4031
Performance test message 4032
Performance test message 4033
Performance test message 4034
Performance test message 4035
Performance test message 4036
Performance test message 4037
Performance test message 4038
Performance test message 4039
Performance test message 4040
Performance test message 4041
Performance test message 4042
Performance test message 4043
Performance test message 4044
Performance test message 4045
Performance test message 4046
Performance test message 4047
Performance test message 4048
Performance test message 4049
Performance test message 4050
Performance test message 4051
Performance test message 4052
Performance test message 4053
Performance test message 4054
Performance test message 4055
Performance test message 4056
Performance test message 4057
Performance test message 4058
Performance test message 4059
Performance test message 4060
Performance test message 4061
Performance test message 4062
Performance test message 4063
Performance test message 4064
Performance test message 4065
Performance test message 4066
Performance test message 4067
Performance test message 4068
Performance test message 4069
Performance test message 4070
Performance test message 4071
Performance test message 4072
Performance test message 4073
Performance test message 4074
Performance test message 4075
Performance test message 4076
Performance test message 4077
Performance test message 4078
Performance test message 4079
Performance test message 4080
Performance test message 4081
Performance test message 4082
Performance test message 4083
Performance test message 4084
Performance test message 4085
Performance test message 4086
Performance test message 4087
Performance test message 4088
Performance test message 4089
Performance test message 4090
Performance test message 4091
Performance test message 4092
Performance test message 4093
Performance test message 4094
Performance test message 4095
Performance test message 4096
Performance test message 4097
Performance test message 4098
Performance test message 4099
Performance test message 4100
Performance test message 4101
Performance test message 4102
Performance test message 4103
Performance test message 4104
Performance test message 4105
Performance test message 4106
Performance test message 4107
Performance test message 4108
Performance test message 4109
Performance test message 4110
Performance test message 4111
Performance test message 4112
Performance test message 4113
Performance test message 4114
Performance test message 4115
Performance test message 4116
Performance test message 4117
Performance test message 4118
Performance test message 4119
Performance test message 4120
Performance test message 4121
Performance test message 4122
Performance test message 4123
Performance test message 4124
Performance test message 4125
Performance test message 4126
Performance test message 4127
Performance test message 4128
Performance test message 4129
Performance test message 4130
Performance test message 4131
Performance test message 4132
Performance test message 4133
Performance test message 4134
Performance test message 4135
Performance test message 4136
Performance test message 4137
Performance test message 4138
Performance test message 4139
Performance test message 4140
Performance test message 4141
Performance test message 4142
Performance test message 4143
Performance test message 4144
Performance test message 4145
Performance test message 4146
Performance test message 4147
Performance test message 4148
Performance test message 4149
Performance test message 4150
Performance test message 4151
Performance test message 4152
Performance test message 4153
Performance test message 4154
Performance test message 4155
Performance test message 4156
Performance test message 4157
Performance test message 4158
Performance test message 4159
Performance test message 4160
Performance test message 4161
Performance test message 4162
Performance test message 4163
Performance test message 4164
Performance test message 4165
Performance test message 4166
Performance test message 4167
Performance test message 4168
Performance test message 4169
Performance test message 4170
Performance test message 4171
Performance test message 4172
Performance test message 4173
Performance test message 4174
Performance test message 4175
Performance test message 4176
Performance test message 4177
Performance test message 4178
Performance test message 4179
Performance test message 4180
Performance test message 4181
Performance test message 4182
Performance test message 4183
Performance test message 4184
Performance test message 4185
Performance test message 4186
Performance test message 4187
Performance test message 4188
Performance test message 4189
Performance test message 4190
Performance test message 4191
Performance test message 4192
Performance test message 4193
Performance test message 4194
Performance test message 4195
Performance test message 4196
Performance test message 4197
Performance test message 4198
Performance test message 4199
Performance test message 4200
Performance test message 4201
Performance test message 4202
Performance test message 4203
Performance test message 4204
Performance test message 4205
Performance test message 4206
Performance test message 4207
Performance test message 4208
Performance test message 4209
Performance test message 4210
Performance test message 4211
Performance test message 4212
Performance test message 4213
Performance test message 4214
Performance test message 4215
Performance test message 4216
Performance test message 4217
Performance test message 4218
Performance test message 4219
Performance test message 4220
Performance test message 4221
Performance test message 4222
Performance test message 4223
Performance test message 4224
Performance test message 4225
Performance test message 4226
Performance test message 4227
Performance test message 4228
Performance test message 4229
Performance test message 4230
Performance test message 4231
Performance test message 4232
Performance test message 4233
Performance test message 4234
Performance test message 4235
Performance test message 4236
Performance test message 4237
Performance test message 4238
Performance test message 4239
Performance test message 4240
Performance test message 4241
Performance test message 4242
Performance test message 4243
Performance test message 4244
Performance test message 4245
Performance test message 4246
Performance test message 4247
Performance test message 4248
Performance test message 4249
Performance test message 4250
Performance test message 4251
Performance test message 4252
Performance test message 4253
Performance test message 4254
Performance test message 4255
Performance test message 4256
Performance test message 4257
Performance test message 4258
Performance test message 4259
Performance test message 4260
Performance test message 4261
Performance test message 4262
Performance test message 4263
Performance test message 4264
Performance test message 4265
Performance test message 4266
Performance test message 4267
Performance test message 4268
Performance test message 4269
Performance test message 4270
Performance test message 4271
Performance test message 4272
Performance test message 4273
Performance test message 4274
Performance test message 4275
Performance test message 4276
Performance test message 4277
Performance test message 4278
Performance test message 4279
Performance test message 4280
Performance test message 4281
Performance test message 4282
Performance test message 4283
Performance test message 4284
Performance test message 4285
Performance test message 4286
Performance test message 4287
Performance test message 4288
Performance test message 4289
Performance test message 4290
Performance test message 4291
Performance test message 4292
Performance test message 4293
Performance test message 4294
Performance test message 4295
Performance test message 4296
Performance test message 4297
Performance test message 4298
Performance test message 4299
Performance test message 4300
Performance test message 4301
Performance test message 4302
Performance test message 4303
Performance test message 4304
Performance test message 4305
Performance test message 4306
Performance test message 4307
Performance test message 4308
Performance test message 4309
Performance test message 4310
Performance test message 4311
Performance test message 4312
Performance test message 4313
Performance test message 4314
Performance test message 4315
Performance test message 4316
Performance test message 4317
Performance test message 4318
Performance test message 4319
Performance test message 4320
Performance test message 4321
Performance test message 4322
Performance test message 4323
Performance test message 4324
Performance test message 4325
Performance test message 4326
Performance test message 4327
Performance test message 4328
Performance test message 4329
Performance test message 4330
Performance test message 4331
Performance test message 4332
Performance test message 4333
Performance test message 4334
Performance test message 4335
Performance test message 4336
Performance test message 4337
Performance test message 4338
Performance test message 4339
Performance test message 4340
Performance test message 4341
Performance test message 4342
Performance test message 4343
Performance test message 4344
Performance test message 4345
Performance test message 4346
Performance test message 4347
Performance test message 4348
Performance test message 4349
Performance test message 4350
Performance test message 4351
Performance test message 4352
Performance test message 4353
Performance test message 4354
Performance test message 4355
Performance test message 4356
Performance test message 4357
Performance test message 4358
Performance test message 4359
Performance test message 4360
Performance test message 4361
Performance test message 4362
Performance test message 4363
Performance test message 4364
Performance test message 4365
Performance test message 4366
Performance test message 4367
Performance test message 4368
Performance test message 4369
Performance test message 4370
Performance test message 4371
Performance test message 4372
Performance test message 4373
Performance test message 4374
Performance test message 4375
Performance test message 4376
Performance test message 4377
Performance test message 4378
Performance test message 4379
Performance test message 4380
Performance test message 4381
Performance test message 4382
Performance test message 4383
Performance test message 4384
Performance test message 4385
Performance test message 4386
Performance test message 4387
Performance test message 4388
Performance test message 4389
Performance test message 4390
Performance test message 4391
Performance test message 4392
Performance test message 4393
Performance test message 4394
Performance test message 4395
Performance test message 4396
Performance test message 4397
Performance test message 4398
Performance test message 4399
Performance test message 4400
Performance test message 4401
Performance test message 4402
Performance test message 4403
Performance test message 4404
Performance test message 4405
Performance test message 4406
Performance test message 4407
Performance test message 4408
Performance test message 4409
Performance test message 4410
Performance test message 4411
Performance test message 4412
Performance test message 4413
Performance test message 4414
Performance test message 4415
Performance test message 4416
Performance test message 4417
Performance test message 4418
Performance test message 4419
Performance test message 4420
Performance test message 4421
Performance test message 4422
Performance test message 4423
Performance test message 4424
Performance test message 4425
Performance test message 4426
Performance test message 4427
Performance test message 4428
Performance test message 4429
Performance test message 4430
Performance test message 4431
Performance test message 4432
Performance test message 4433
Performance test message 4434
Performance test message 4435
Performance test message 4436
Performance test message 4437
Performance test message 4438
Performance test message 4439
Performance test message 4440
Performance test message 4441
Performance test message 4442
Performance test message 4443
Performance test message 4444
Performance test message 4445
Performance test message 4446
Performance test message 4447
Performance test message 4448
Performance test message 4449
Performance test message 4450
Performance test message 4451
Performance test message 4452
Performance test message 4453
Performance test message 4454
Performance test message 4455
Performance test message 4456
Performance test message 4457
Performance test message 4458
Performance test message 4459
Performance test message 4460
Performance test message 4461
Performance test message 4462
Performance test message 4463
Performance test message 4464
Performance test message 4465
Performance test message 4466
Performance test message 4467
Performance test message 4468
Performance test message 4469
Performance test message 4470
Performance test message 4471
Performance test message 4472
Performance test message 4473
Performance test message 4474
Performance test message 4475
Performance test message 4476
Performance test message 4477
Performance test message 4478
Performance test message 4479
Performance test message 4480
Performance test message 4481
Performance test message 4482
Performance test message 4483
Performance test message 4484
Performance test message 4485
Performance test message 4486
Performance test message 4487
Performance test message 4488
Performance test message 4489
Performance test message 4490
Performance test message 4491
Performance test message 4492
Performance test message 4493
Performance test message 4494
Performance test message 4495
Performance test message 4496
Performance test message 4497
Performance test message 4498
Performance test message 4499
Performance test message 4500
Performance test message 4501
Performance test message 4502
Performance test message 4503
Performance test message 4504
Performance test message 4505
Performance test message 4506
Performance test message 4507
Performance test message 4508
Performance test message 4509
Performance test message 4510
Performance test message 4511
Performance test message 4512
Performance test message 4513
Performance test message 4514
Performance test message 4515
Performance test message 4516
Performance test message 4517
Performance test message 4518
Performance test message 4519
Performance test message 4520
Performance test message 4521
Performance test message 4522
Performance test message 4523
Performance test message 4524
Performance test message 4525
Performance test message 4526
Performance test message 4527
Performance test message 4528
Performance test message 4529
Performance test message 4530
Performance test message 4531
Performance test message 4532
Performance test message 4533
Performance test message 4534
Performance test message 4535
Performance test message 4536
Performance test message 4537
Performance test message 4538
Performance test message 4539
Performance test message 4540
Performance test message 4541
Performance test message 4542
Performance test message 4543
Performance test message 4544
Performance test message 4545
Performance test message 4546
Performance test message 4547
Performance test message 4548
Performance test message 4549
Performance test message 4550
Performance test message 4551
Performance test message 4552
Performance test message 4553
Performance test message 4554
Performance test message 4555
Performance test message 4556
Performance test message 4557
Performance test message 4558
Performance test message 4559
Performance test message 4560
Performance test message 4561
Performance test message 4562
Performance test message 4563
Performance test message 4564
Performance test message 4565
Performance test message 4566
Performance test message 4567
Performance test message 4568
Performance test message 4569
Performance test message 4570
Performance test message 4571
Performance test message 4572
Performance test message 4573
Performance test message 4574
Performance test message 4575
Performance test message 4576
Performance test message 4577
Performance test message 4578
Performance test message 4579
Performance test message 4580
Performance test message 4581
Performance test message 4582
Performance test message 4583
Performance test message 4584
Performance test message 4585
Performance test message 4586
Performance test message 4587
Performance test message 4588
Performance test message 4589
Performance test message 4590
Performance test message 4591
Performance test message 4592
Performance test message 4593
Performance test message 4594
Performance test message 4595
Performance test message 4596
Performance test message 4597
Performance test message 4598
Performance test message 4599
Performance test message 4600
Performance test message 4601
Performance test message 4602
Performance test message 4603
Performance test message 4604
Performance test message 4605
Performance test message 4606
Performance test message 4607
Performance test message 4608
Performance test message 4609
Performance test message 4610
Performance test message 4611
Performance test message 4612
Performance test message 4613
Performance test message 4614
Performance test message 4615
Performance test message 4616
Performance test message 4617
Performance test message 4618
Performance test message 4619
Performance test message 4620
Performance test message 4621
Performance test message 4622
Performance test message 4623
Performance test message 4624
Performance test message 4625
Performance test message 4626
Performance test message 4627
Performance test message 4628
Performance test message 4629
Performance test message 4630
Performance test message 4631
Performance test message 4632
Performance test message 4633
Performance test message 4634
Performance test message 4635
Performance test message 4636
Performance test message 4637
Performance test message 4638
Performance test message 4639
Performance test message 4640
Performance test message 4641
Performance test message 4642
Performance test message 4643
Performance test message 4644
Performance test message 4645
Performance test message 4646
Performance test message 4647
Performance test message 4648
Performance test message 4649
Performance test message 4650
Performance test message 4651
Performance test message 4652
Performance test message 4653
Performance test message 4654
Performance test message 4655
Performance test message 4656
Performance test message 4657
Performance test message 4658
Performance test message 4659
Performance test message 4660
Performance test message 4661
Performance test message 4662
Performance test message 4663
Performance test message 4664
Performance test message 4665
Performance test message 4666
Performance test message 4667
Performance test message 4668
Performance test message 4669
Performance test message 4670
Performance test message 4671
Performance test message 4672
Performance test message 4673
Performance test message 4674
Performance test message 4675
Performance test message 4676
Performance test message 4677
Performance test message 4678
Performance test message 4679
Performance test message 4680
Performance test message 4681
Performance test message 4682
Performance test message 4683
Performance test message 4684
Performance test message 4685
Performance test message 4686
Performance test message 4687
Performance test message 4688
Performance test message 4689
Performance test message 4690
Performance test message 4691
Performance test message 4692
Performance test message 4693
Performance test message 4694
Performance test message 4695
Performance test message 4696
Performance test message 4697
Performance test message 4698
Performance test message 4699
Performance test message 4700
Performance test message 4701
Performance test message 4702
Performance test message 4703
Performance test message 4704
Performance test message 4705
Performance test message 4706
Performance test message 4707
Performance test message 4708
Performance test message 4709
Performance test message 4710
Performance test message 4711
Performance test message 4712
Performance test message 4713
Performance test message 4714
Performance test message 4715
Performance test message 4716
Performance test message 4717
Performance test message 4718
Performance test message 4719
Performance test message 4720
Performance test message 4721
Performance test message 4722
Performance test message 4723
Performance test message 4724
Performance test message 4725
Performance test message 4726
Performance test message 4727
Performance test message 4728
Performance test message 4729
Performance test message 4730
Performance test message 4731
Performance test message 4732
Performance test message 4733
Performance test message 4734
Performance test message 4735
Performance test message 4736
Performance test message 4737
Performance test message 4738
Performance test message 4739
Performance test message 4740
Performance test message 4741
Performance test message 4742
Performance test message 4743
Performance test message 4744
Performance test message 4745
Performance test message 4746
Performance test message 4747
Performance test message 4748
Performance test message 4749
Performance test message 4750
Performance test message 4751
Performance test message 4752
Performance test message 4753
Performance test message 4754
Performance test message 4755
Performance test message 4756
Performance test message 4757
Performance test message 4758
Performance test message 4759
Performance test message 4760
Performance test message 4761
Performance test message 4762
Performance test message 4763
Performance test message 4764
Performance test message 4765
Performance test message 4766
Performance test message 4767
Performance test message 4768
Performance test message 4769
Performance test message 4770
Performance test message 4771
Performance test message 4772
Performance test message 4773
Performance test message 4774
Performance test message 4775
Performance test message 4776
Performance test message 4777
Performance test message 4778
Performance test message 4779
Performance test message 4780
Performance test message 4781
Performance test message 4782
Performance test message 4783
Performance test message 4784
Performance test message 4785
Performance test message 4786
Performance test message 4787
Performance test message 4788
Performance test message 4789
Performance test message 4790
Performance test message 4791
Performance test message 4792
Performance test message 4793
Performance test message 4794
Performance test message 4795
Performance test message 4796
Performance test message 4797
Performance test message 4798
Performance test message 4799
Performance test message 4800
Performance test message 4801
Performance test message 4802
Performance test message 4803
Performance test message 4804
Performance test message 4805
Performance test message 4806
Performance test message 4807
Performance test message 4808
Performance test message 4809
Performance test message 4810
Performance test message 4811
Performance test message 4812
Performance test message 4813
Performance test message 4814
Performance test message 4815
Performance test message 4816
Performance test message 4817
Performance test message 4818
Performance test message 4819
Performance test message 4820
Performance test message 4821
Performance test message 4822
Performance test message 4823
Performance test message 4824
Performance test message 4825
Performance test message 4826
Performance test message 4827
Performance test message 4828
Performance test message 4829
Performance test message 4830
Performance test message 4831
Performance test message 4832
Performance test message 4833
Performance test message 4834
Performance test message 4835
Performance test message 4836
Performance test message 4837
Performance test message 4838
Performance test message 4839
Performance test message 4840
Performance test message 4841
Performance test message 4842
Performance test message 4843
Performance test message 4844
Performance test message 4845
Performance test message 4846
Performance test message 4847
Performance test message 4848
Performance test message 4849
Performance test message 4850
Performance test message 4851
Performance test message 4852
Performance test message 4853
Performance test message 4854
Performance test message 4855
Performance test message 4856
Performance test message 4857
Performance test message 4858
Performance test message 4859
Performance test message 4860
Performance test message 4861
Performance test message 4862
Performance test message 4863
Performance test message 4864
Performance test message 4865
Performance test message 4866
Performance test message 4867
Performance test message 4868
Performance test message 4869
Performance test message 4870
Performance test message 4871
Performance test message 4872
Performance test message 4873
Performance test message 4874
Performance test message 4875
Performance test message 4876
Performance test message 4877
Performance test message 4878
Performance test message 4879
Performance test message 4880
Performance test message 4881
Performance test message 4882
Performance test message 4883
Performance test message 4884
Performance test message 4885
Performance test message 4886
Performance test message 4887
Performance test message 4888
Performance test message 4889
Performance test message 4890
Performance test message 4891
Performance test message 4892
Performance test message 4893
Performance test message 4894
Performance test message 4895
Performance test message 4896
Performance test message 4897
Performance test message 4898
Performance test message 4899
Performance test message 4900
Performance test message 4901
Performance test message 4902
Performance test message 4903
Performance test message 4904
Performance test message 4905
Performance test message 4906
Performance test message 4907
Performance test message 4908
Performance test message 4909
Performance test message 4910
Performance test message 4911
Performance test message 4912
Performance test message 4913
Performance test message 4914
Performance test message 4915
Performance test message 4916
Performance test message 4917
Performance test message 4918
Performance test message 4919
Performance test message 4920
Performance test message 4921
Performance test message 4922
Performance test message 4923
Performance test message 4924
Performance test message 4925
Performance test message 4926
Performance test message 4927
Performance test message 4928
Performance test message 4929
Performance test message 4930
Performance test message 4931
Performance test message 4932
Performance test message 4933
Performance test message 4934
Performance test message 4935
Performance test message 4936
Performance test message 4937
Performance test message 4938
Performance test message 4939
Performance test message 4940
Performance test message 4941
Performance test message 4942
Performance test message 4943
Performance test message 4944
Performance test message 4945
Performance test message 4946
Performance test message 4947
Performance test message 4948
Performance test message 4949
Performance test message 4950
Performance test message 4951
Performance test message 4952
Performance test message 4953
Performance test message 4954
Performance test message 4955
Performance test message 4956
Performance test message 4957
Performance test message 4958
Performance test message 4959
Performance test message 4960
Performance test message 4961
Performance test message 4962
Performance test message 4963
Performance test message 4964
Performance test message 4965
Performance test message 4966
Performance test message 4967
Performance test message 4968
Performance test message 4969
Performance test message 4970
Performance test message 4971
Performance test message 4972
Performance test message 4973
Performance test message 4974
Performance test message 4975
Performance test message 4976
Performance test message 4977
Performance test message 4978
Performance test message 4979
Performance test message 4980
Performance test message 4981
Performance test message 4982
Performance test message 4983
Performance test message 4984
Performance test message 4985
Performance test message 4986
Performance test message 4987
Performance test message 4988
Performance test message 4989
Performance test message 4990
Performance test message 4991
Performance test message 4992
Performance test message 4993
Performance test message 4994
Performance test message 4995
Performance test message 4996
Performance test message 4997
Performance test message 4998
Performance test message 4999
Performance test message 5000
Performance test message 5001
Performance test message 5002
Performance test message 5003
Performance test message 5004
Performance test message 5005
Performance test message 5006
Performance test message 5007
Performance test message 5008
Performance test message 5009
Performance test message 5010
Performance test message 5011
Performance test message 5012
Performance test message 5013
Performance test message 5014
Performance test message 5015
Performance test message 5016
Performance test message 5017
Performance test message 5018
Performance test message 5019
Performance test message 5020
Performance test message 5021
Performance test message 5022
Performance test message 5023
Performance test message 5024
Performance test message 5025
Performance test message 5026
Performance test message 5027
Performance test message 5028
Performance test message 5029
Performance test message 5030
Performance test message 5031
Performance test message 5032
Performance test message 5033
Performance test message 5034
Performance test message 5035
Performance test message 5036
Performance test message 5037
Performance test message 5038
Performance test message 5039
Performance test message 5040
Performance test message 5041
Performance test message 5042
Performance test message 5043
Performance test message 5044
Performance test message 5045
Performance test message 5046
Performance test message 5047
Performance test message 5048
Performance test message 5049
Performance test message 5050
Performance test message 5051
Performance test message 5052
Performance test message 5053
Performance test message 5054
Performance test message 5055
Performance test message 5056
Performance test message 5057
Performance test message 5058
Performance test message 5059
Performance test message 5060
Performance test message 5061
Performance test message 5062
Performance test message 5063
Performance test message 5064
Performance test message 5065
Performance test message 5066
Performance test message 5067
Performance test message 5068
Performance test message 5069
Performance test message 5070
Performance test message 5071
Performance test message 5072
Performance test message 5073
Performance test message 5074
Performance test message 5075
Performance test message 5076
Performance test message 5077
Performance test message 5078
Performance test message 5079
Performance test message 5080
Performance test message 5081
Performance test message 5082
Performance test message 5083
Performance test message 5084
Performance test message 5085
Performance test message 5086
Performance test message 5087
Performance test message 5088
Performance test message 5089
Performance test message 5090
Performance test message 5091
Performance test message 5092
Performance test message 5093
Performance test message 5094
Performance test message 5095
Performance test message 5096
Performance test message 5097
Performance test message 5098
Performance test message 5099
Performance test message 5100
Performance test message 5101
Performance test message 5102
Performance test message 5103
Performance test message 5104
Performance test message 5105
Performance test message 5106
Performance test message 5107
Performance test message 5108
Performance test message 5109
Performance test message 5110
Performance test message 5111
Performance test message 5112
Performance test message 5113
Performance test message 5114
Performance test message 5115
Performance test message 5116
Performance test message 5117
Performance test message 5118
Performance test message 5119
Performance test message 5120
Performance test message 5121
Performance test message 5122
Performance test message 5123
Performance test message 5124
Performance test message 5125
Performance test message 5126
Performance test message 5127
Performance test message 5128
Performance test message 5129
Performance test message 5130
Performance test message 5131
Performance test message 5132
Performance test message 5133
Performance test message 5134
Performance test message 5135
Performance test message 5136
Performance test message 5137
Performance test message 5138
Performance test message 5139
Performance test message 5140
Performance test message 5141
Performance test message 5142
Performance test message 5143
Performance test message 5144
Performance test message 5145
Performance test message 5146
Performance test message 5147
Performance test message 5148
Performance test message 5149
Performance test message 5150
Performance test message 5151
Performance test message 5152
Performance test message 5153
Performance test message 5154
Performance test message 5155
Performance test message 5156
Performance test message 5157
Performance test message 5158
Performance test message 5159
Performance test message 5160
Performance test message 5161
Performance test message 5162
Performance test message 5163
Performance test message 5164
Performance test message 5165
Performance test message 5166
Performance test message 5167
Performance test message 5168
Performance test message 5169
Performance test message 5170
Performance test message 5171
Performance test message 5172
Performance test message 5173
Performance test message 5174
Performance test message 5175
Performance test message 5176
Performance test message 5177
Performance test message 5178
Performance test message 5179
Performance test message 5180
Performance test message 5181
Performance test message 5182
Performance test message 5183
Performance test message 5184
Performance test message 5185
Performance test message 5186
Performance test message 5187
Performance test message 5188
Performance test message 5189
Performance test message 5190
Performance test message 5191
Performance test message 5192
Performance test message 5193
Performance test message 5194
Performance test message 5195
Performance test message 5196
Performance test message 5197
Performance test message 5198
Performance test message 5199
Performance test message 5200
Performance test message 5201
Performance test message 5202
Performance test message 5203
Performance test message 5204
Performance test message 5205
Performance test message 5206
Performance test message 5207
Performance test message 5208
Performance test message 5209
Performance test message 5210
Performance test message 5211
Performance test message 5212
Performance test message 5213
Performance test message 5214
Performance test message 5215
Performance test message 5216
Performance test message 5217
Performance test message 5218
Performance test message 5219
Performance test message 5220
Performance test message 5221
Performance test message 5222
Performance test message 5223
Performance test message 5224
Performance test message 5225
Performance test message 5226
Performance test message 5227
Performance test message 5228
Performance test message 5229
Performance test message 5230
Performance test message 5231
Performance test message 5232
Performance test message 5233
Performance test message 5234
Performance test message 5235
Performance test message 5236
Performance test message 5237
Performance test message 5238
Performance test message 5239
Performance test message 5240
Performance test message 5241
Performance test message 5242
Performance test message 5243
Performance test message 5244
Performance test message 5245
Performance test message 5246
Performance test message 5247
Performance test message 5248
Performance test message 5249
Performance test message 5250
Performance test message 5251
Performance test message 5252
Performance test message 5253
Performance test message 5254
Performance test message 5255
Performance test message 5256
Performance test message 5257
Performance test message 5258
Performance test message 5259
Performance test message 5260
Performance test message 5261
Performance test message 5262
Performance test message 5263
Performance test message 5264
Performance test message 5265
Performance test message 5266
Performance test message 5267
Performance test message 5268
Performance test message 5269
Performance test message 5270
Performance test message 5271
Performance test message 5272
Performance test message 5273
Performance test message 5274
Performance test message 5275
Performance test message 5276
Performance test message 5277
Performance test message 5278
Performance test message 5279
Performance test message 5280
Performance test message 5281
Performance test message 5282
Performance test message 5283
Performance test message 5284
Performance test message 5285
Performance test message 5286
Performance test message 5287
Performance test message 5288
Performance test message 5289
Performance test message 5290
Performance test message 5291
Performance test message 5292
Performance test message 5293
Performance test message 5294
Performance test message 5295
Performance test message 5296
Performance test message 5297
Performance test message 5298
Performance test message 5299
Performance test message 5300
Performance test message 5301
Performance test message 5302
Performance test message 5303
Performance test message 5304
Performance test message 5305
Performance test message 5306
Performance test message 5307
Performance test message 5308
Performance test message 5309
Performance test message 5310
Performance test message 5311
Performance test message 5312
Performance test message 5313
Performance test message 5314
Performance test message 5315
Performance test message 5316
Performance test message 5317
Performance test message 5318
Performance test message 5319
Performance test message 5320
Performance test message 5321
Performance test message 5322
Performance test message 5323
Performance test message 5324
Performance test message 5325
Performance test message 5326
Performance test message 5327
Performance test message 5328
Performance test message 5329
Performance test message 5330
Performance test message 5331
Performance test message 5332
Performance test message 5333
Performance test message 5334
Performance test message 5335
Performance test message 5336
Performance test message 5337
Performance test message 5338
Performance test message 5339
Performance test message 5340
Performance test message 5341
Performance test message 5342
Performance test message 5343
Performance test message 5344
Performance test message 5345
Performance test message 5346
Performance test message 5347
Performance test message 5348
Performance test message 5349
Performance test message 5350
Performance test message 5351
Performance test message 5352
Performance test message 5353
Performance test message 5354
Performance test message 5355
Performance test message 5356
Performance test message 5357
Performance test message 5358
Performance test message 5359
Performance test message 5360
Performance test message 5361
Performance test message 5362
Performance test message 5363
Performance test message 5364
Performance test message 5365
Performance test message 5366
Performance test message 5367
Performance test message 5368
Performance test message 5369
Performance test message 5370
Performance test message 5371
Performance test message 5372
Performance test message 5373
Performance test message 5374
Performance test message 5375
Performance test message 5376
Performance test message 5377
Performance test message 5378
Performance test message 5379
Performance test message 5380
Performance test message 5381
Performance test message 5382
Performance test message 5383
Performance test message 5384
Performance test message 5385
Performance test message 5386
Performance test message 5387
Performance test message 5388
Performance test message 5389
Performance test message 5390
Performance test message 5391
Performance test message 5392
Performance test message 5393
Performance test message 5394
Performance test message 5395
Performance test message 5396
Performance test message 5397
Performance test message 5398
Performance test message 5399
Performance test message 5400
Performance test message 5401
Performance test message 5402
Performance test message 5403
Performance test message 5404
Performance test message 5405
Performance test message 5406
Performance test message 5407
Performance test message 5408
Performance test message 5409
Performance test message 5410
Performance test message 5411
Performance test message 5412
Performance test message 5413
Performance test message 5414
Performance test message 5415
Performance test message 5416
Performance test message 5417
Performance test message 5418
Performance test message 5419
Performance test message 5420
Performance test message 5421
Performance test message 5422
Performance test message 5423
Performance test message 5424
Performance test message 5425
Performance test message 5426
Performance test message 5427
Performance test message 5428
Performance test message 5429
Performance test message 5430
Performance test message 5431
Performance test message 5432
Performance test message 5433
Performance test message 5434
Performance test message 5435
Performance test message 5436
Performance test message 5437
Performance test message 5438
Performance test message 5439
Performance test message 5440
Performance test message 5441
Performance test message 5442
Performance test message 5443
Performance test message 5444
Performance test message 5445
Performance test message 5446
Performance test message 5447
Performance test message 5448
Performance test message 5449
Performance test message 5450
Performance test message 5451
Performance test message 5452
Performance test message 5453
Performance test message 5454
Performance test message 5455
Performance test message 5456
Performance test message 5457
Performance test message 5458
Performance test message 5459
Performance test message 5460
Performance test message 5461
Performance test message 5462
Performance test message 5463
Performance test message 5464
Performance test message 5465
Performance test message 5466
Performance test message 5467
Performance test message 5468
Performance test message 5469
Performance test message 5470
Performance test message 5471
Performance test message 5472
Performance test message 5473
Performance test message 5474
Performance test message 5475
Performance test message 5476
Performance test message 5477
Performance test message 5478
Performance test message 5479
Performance test message 5480
Performance test message 5481
Performance test message 5482
Performance test message 5483
Performance test message 5484
Performance test message 5485
Performance test message 5486
Performance test message 5487
Performance test message 5488
Performance test message 5489
Performance test message 5490
Performance test message 5491
Performance test message 5492
Performance test message 5493
Performance test message 5494
Performance test message 5495
Performance test message 5496
Performance test message 5497
Performance test message 5498
Performance test message 5499
Performance test message 5500
Performance test message 5501
Performance test message 5502
Performance test message 5503
Performance test message 5504
Performance test message 5505
Performance test message 5506
Performance test message 5507
Performance test message 5508
Performance test message 5509
Performance test message 5510
Performance test message 5511
Performance test message 5512
Performance test message 5513
Performance test message 5514
Performance test message 5515
Performance test message 5516
Performance test message 5517
Performance test message 5518
Performance test message 5519
Performance test message 5520
Performance test message 5521
Performance test message 5522
Performance test message 5523
Performance test message 5524
Performance test message 5525
Performance test message 5526
Performance test message 5527
Performance test message 5528
Performance test message 5529
Performance test message 5530
Performance test message 5531
Performance test message 5532
Performance test message 5533
Performance test message 5534
Performance test message 5535
Performance test message 5536
Performance test message 5537
Performance test message 5538
Performance test message 5539
Performance test message 5540
Performance test message 5541
Performance test message 5542
Performance test message 5543
Performance test message 5544
Performance test message 5545
Performance test message 5546
Performance test message 5547
Performance test message 5548
Performance test message 5549
Performance test message 5550
Performance test message 5551
Performance test message 5552
Performance test message 5553
Performance test message 5554
Performance test message 5555
Performance test message 5556
Performance test message 5557
Performance test message 5558
Performance test message 5559
Performance test message 5560
Performance test message 5561
Performance test message 5562
Performance test message 5563
Performance test message 5564
Performance test message 5565
Performance test message 5566
Performance test message 5567
Performance test message 5568
Performance test message 5569
Performance test message 5570
Performance test message 5571
Performance test message 5572
Performance test message 5573
Performance test message 5574
Performance test message 5575
Performance test message 5576
Performance test message 5577
Performance test message 5578
Performance test message 5579
Performance test message 5580
Performance test message 5581
Performance test message 5582
Performance test message 5583
Performance test message 5584
Performance test message 5585
Performance test message 5586
Performance test message 5587
Performance test message 5588
Performance test message 5589
Performance test message 5590
Performance test message 5591
Performance test message 5592
Performance test message 5593
Performance test message 5594
Performance test message 5595
Performance test message 5596
Performance test message 5597
Performance test message 5598
Performance test message 5599
Performance test message 5600
Performance test message 5601
Performance test message 5602
Performance test message 5603
Performance test message 5604
Performance test message 5605
Performance test message 5606
Performance test message 5607
Performance test message 5608
Performance test message 5609
Performance test message 5610
Performance test message 5611
Performance test message 5612
Performance test message 5613
Performance test message 5614
Performance test message 5615
Performance test message 5616
Performance test message 5617
Performance test message 5618
Performance test message 5619
Performance test message 5620
Performance test message 5621
Performance test message 5622
Performance test message 5623
Performance test message 5624
Performance test message 5625
Performance test message 5626
Performance test message 5627
Performance test message 5628
Performance test message 5629
Performance test message 5630
Performance test message 5631
Performance test message 5632
Performance test message 5633
Performance test message 5634
Performance test message 5635
Performance test message 5636
Performance test message 5637
Performance test message 5638
Performance test message 5639
Performance test message 5640
Performance test message 5641
Performance test message 5642
Performance test message 5643
Performance test message 5644
Performance test message 5645
Performance test message 5646
Performance test message 5647
Performance test message 5648
Performance test message 5649
Performance test message 5650
Performance test message 5651
Performance test message 5652
Performance test message 5653
Performance test message 5654
Performance test message 5655
Performance test message 5656
Performance test message 5657
Performance test message 5658
Performance test message 5659
Performance test message 5660
Performance test message 5661
Performance test message 5662
Performance test message 5663
Performance test message 5664
Performance test message 5665
Performance test message 5666
Performance test message 5667
Performance test message 5668
Performance test message 5669
Performance test message 5670
Performance test message 5671
Performance test message 5672
Performance test message 5673
Performance test message 5674
Performance test message 5675
Performance test message 5676
Performance test message 5677
Performance test message 5678
Performance test message 5679
Performance test message 5680
Performance test message 5681
Performance test message 5682
Performance test message 5683
Performance test message 5684
Performance test message 5685
Performance test message 5686
Performance test message 5687
Performance test message 5688
Performance test message 5689
Performance test message 5690
Performance test message 5691
Performance test message 5692
Performance test message 5693
Performance test message 5694
Performance test message 5695
Performance test message 5696
Performance test message 5697
Performance test message 5698
Performance test message 5699
Performance test message 5700
Performance test message 5701
Performance test message 5702
Performance test message 5703
Performance test message 5704
Performance test message 5705
Performance test message 5706
Performance test message 5707
Performance test message 5708
Performance test message 5709
Performance test message 5710
Performance test message 5711
Performance test message 5712
Performance test message 5713
Performance test message 5714
Performance test message 5715
Performance test message 5716
Performance test message 5717
Performance test message 5718
Performance test message 5719
Performance test message 5720
Performance test message 5721
Performance test message 5722
Performance test message 5723
Performance test message 5724
Performance test message 5725
Performance test message 5726
Performance test message 5727
Performance test message 5728
Performance test message 5729
Performance test message 5730
Performance test message 5731
Performance test message 5732
Performance test message 5733
Performance test message 5734
Performance test message 5735
Performance test message 5736
Performance test message 5737
Performance test message 5738
Performance test message 5739
Performance test message 5740
Performance test message 5741
Performance test message 5742
Performance test message 5743
Performance test message 5744
Performance test message 5745
Performance test message 5746
Performance test message 5747
Performance test message 5748
Performance test message 5749
Performance test message 5750
Performance test message 5751
Performance test message 5752
Performance test message 5753
Performance test message 5754
Performance test message 5755
Performance test message 5756
Performance test message 5757
Performance test message 5758
Performance test message 5759
Performance test message 5760
Performance test message 5761
Performance test message 5762
Performance test message 5763
Performance test message 5764
Performance test message 5765
Performance test message 5766
Performance test message 5767
Performance test message 5768
Performance test message 5769
Performance test message 5770
Performance test message 5771
Performance test message 5772
Performance test message 5773
Performance test message 5774
Performance test message 5775
Performance test message 5776
Performance test message 5777
Performance test message 5778
Performance test message 5779
Performance test message 5780
Performance test message 5781
Performance test message 5782
Performance test message 5783
Performance test message 5784
Performance test message 5785
Performance test message 5786
Performance test message 5787
Performance test message 5788
Performance test message 5789
Performance test message 5790
Performance test message 5791
Performance test message 5792
Performance test message 5793
Performance test message 5794
Performance test message 5795
Performance test message 5796
Performance test message 5797
Performance test message 5798
Performance test message 5799
Performance test message 5800
Performance test message 5801
Performance test message 5802
Performance test message 5803
Performance test message 5804
Performance test message 5805
Performance test message 5806
Performance test message 5807
Performance test message 5808
Performance test message 5809
Performance test message 5810
Performance test message 5811
Performance test message 5812
Performance test message 5813
Performance test message 5814
Performance test message 5815
Performance test message 5816
Performance test message 5817
Performance test message 5818
Performance test message 5819
Performance test message 5820
Performance test message 5821
Performance test message 5822
Performance test message 5823
Performance test message 5824
Performance test message 5825
Performance test message 5826
Performance test message 5827
Performance test message 5828
Performance test message 5829
Performance test message 5830
Performance test message 5831
Performance test message 5832
Performance test message 5833
Performance test message 5834
Performance test message 5835
Performance test message 5836
Performance test message 5837
Performance test message 5838
Performance test message 5839
Performance test message 5840
Performance test message 5841
Performance test message 5842
Performance test message 5843
Performance test message 5844
Performance test message 5845
Performance test message 5846
Performance test message 5847
Performance test message 5848
Performance test message 5849
Performance test message 5850
Performance test message 5851
Performance test message 5852
Performance test message 5853
Performance test message 5854
Performance test message 5855
Performance test message 5856
Performance test message 5857
Performance test message 5858
Performance test message 5859
Performance test message 5860
Performance test message 5861
Performance test message 5862
Performance test message 5863
Performance test message 5864
Performance test message 5865
Performance test message 5866
Performance test message 5867
Performance test message 5868
Performance test message 5869
Performance test message 5870
Performance test message 5871
Performance test message 5872
Performance test message 5873
Performance test message 5874
Performance test message 5875
Performance test message 5876
Performance test message 5877
Performance test message 5878
Performance test message 5879
Performance test message 5880
Performance test message 5881
Performance test message 5882
Performance test message 5883
Performance test message 5884
Performance test message 5885
Performance test message 5886
Performance test message 5887
Performance test message 5888
Performance test message 5889
Performance test message 5890
Performance test message 5891
Performance test message 5892
Performance test message 5893
Performance test message 5894
Performance test message 5895
Performance test message 5896
Performance test message 5897
Performance test message 5898
Performance test message 5899
Performance test message 5900
Performance test message 5901
Performance test message 5902
Performance test message 5903
Performance test message 5904
Performance test message 5905
Performance test message 5906
Performance test message 5907
Performance test message 5908
Performance test message 5909
Performance test message 5910
Performance test message 5911
Performance test message 5912
Performance test message 5913
Performance test message 5914
Performance test message 5915
Performance test message 5916
Performance test message 5917
Performance test message 5918
Performance test message 5919
Performance test message 5920
Performance test message 5921
Performance test message 5922
Performance test message 5923
Performance test message 5924
Performance test message 5925
Performance test message 5926
Performance test message 5927
Performance test message 5928
Performance test message 5929
Performance test message 5930
Performance test message 5931
Performance test message 5932
Performance test message 5933
Performance test message 5934
Performance test message 5935
Performance test message 5936
Performance test message 5937
Performance test message 5938
Performance test message 5939
Performance test message 5940
Performance test message 5941
Performance test message 5942
Performance test message 5943
Performance test message 5944
Performance test message 5945
Performance test message 5946
Performance test message 5947
Performance test message 5948
Performance test message 5949
Performance test message 5950
Performance test message 5951
Performance test message 5952
Performance test message 5953
Performance test message 5954
Performance test message 5955
Performance test message 5956
Performance test message 5957
Performance test message 5958
Performance test message 5959
Performance test message 5960
Performance test message 5961
Performance test message 5962
Performance test message 5963
Performance test message 5964
Performance test message 5965
Performance test message 5966
Performance test message 5967
Performance test message 5968
Performance test message 5969
Performance test message 5970
Performance test message 5971
Performance test message 5972
Performance test message 5973
Performance test message 5974
Performance test message 5975
Performance test message 5976
Performance test message 5977
Performance test message 5978
Performance test message 5979
Performance test message 5980
Performance test message 5981
Performance test message 5982
Performance test message 5983
Performance test message 5984
Performance test message 5985
Performance test message 5986
Performance test message 5987
Performance test message 5988
Performance test message 5989
Performance test message 5990
Performance test message 5991
Performance test message 5992
Performance test message 5993
Performance test message 5994
Performance test message 5995
Performance test message 5996
Performance test message 5997
Performance test message 5998
Performance test message 5999
Performance test message 6000
Performance test message 6001
Performance test message 6002
Performance test message 6003
Performance test message 6004
Performance test message 6005
Performance test message 6006
Performance test message 6007
Performance test message 6008
Performance test message 6009
Performance test message 6010
Performance test message 6011
Performance test message 6012
Performance test message 6013
Performance test message 6014
Performance test message 6015
Performance test message 6016
Performance test message 6017
Performance test message 6018
Performance test message 6019
Performance test message 6020
Performance test message 6021
Performance test message 6022
Performance test message 6023
Performance test message 6024
Performance test message 6025
Performance test message 6026
Performance test message 6027
Performance test message 6028
Performance test message 6029
Performance test message 6030
Performance test message 6031
Performance test message 6032
Performance test message 6033
Performance test message 6034
Performance test message 6035
Performance test message 6036
Performance test message 6037
Performance test message 6038
Performance test message 6039
Performance test message 6040
Performance test message 6041
Performance test message 6042
Performance test message 6043
Performance test message 6044
Performance test message 6045
Performance test message 6046
Performance test message 6047
Performance test message 6048
Performance test message 6049
Performance test message 6050
Performance test message 6051
Performance test message 6052
Performance test message 6053
Performance test message 6054
Performance test message 6055
Performance test message 6056
Performance test message 6057
Performance test message 6058
Performance test message 6059
Performance test message 6060
Performance test message 6061
Performance test message 6062
Performance test message 6063
Performance test message 6064
Performance test message 6065
Performance test message 6066
Performance test message 6067
Performance test message 6068
Performance test message 6069
Performance test message 6070
Performance test message 6071
Performance test message 6072
Performance test message 6073
Performance test message 6074
Performance test message 6075
Performance test message 6076
Performance test message 6077
Performance test message 6078
Performance test message 6079
Performance test message 6080
Performance test message 6081
Performance test message 6082
Performance test message 6083
Performance test message 6084
Performance test message 6085
Performance test message 6086
Performance test message 6087
Performance test message 6088
Performance test message 6089
Performance test message 6090
Performance test message 6091
Performance test message 6092
Performance test message 6093
Performance test message 6094
Performance test message 6095
Performance test message 6096
Performance test message 6097
Performance test message 6098
Performance test message 6099
Performance test message 6100
Performance test message 6101
Performance test message 6102
Performance test message 6103
Performance test message 6104
Performance test message 6105
Performance test message 6106
Performance test message 6107
Performance test message 6108
Performance test message 6109
Performance test message 6110
Performance test message 6111
Performance test message 6112
Performance test message 6113
Performance test message 6114
Performance test message 6115
Performance test message 6116
Performance test message 6117
Performance test message 6118
Performance test message 6119
Performance test message 6120
Performance test message 6121
Performance test message 6122
Performance test message 6123
Performance test message 6124
Performance test message 6125
Performance test message 6126
Performance test message 6127
Performance test message 6128
Performance test message 6129
Performance test message 6130
Performance test message 6131
Performance test message 6132
Performance test message 6133
Performance test message 6134
Performance test message 6135
Performance test message 6136
Performance test message 6137
Performance test message 6138
Performance test message 6139
Performance test message 6140
Performance test message 6141
Performance test message 6142
Performance test message 6143
Performance test message 6144
Performance test message 6145
Performance test message 6146
Performance test message 6147
Performance test message 6148
Performance test message 6149
Performance test message 6150
Performance test message 6151
Performance test message 6152
Performance test message 6153
Performance test message 6154
Performance test message 6155
Performance test message 6156
Performance test message 6157
Performance test message 6158
Performance test message 6159
Performance test message 6160
Performance test message 6161
Performance test message 6162
Performance test message 6163
Performance test message 6164
Performance test message 6165
Performance test message 6166
Performance test message 6167
Performance test message 6168
Performance test message 6169
Performance test message 6170
Performance test message 6171
Performance test message 6172
Performance test message 6173
Performance test message 6174
Performance test message 6175
Performance test message 6176
Performance test message 6177
Performance test message 6178
Performance test message 6179
Performance test message 6180
Performance test message 6181
Performance test message 6182
Performance test message 6183
Performance test message 6184
Performance test message 6185
Performance test message 6186
Performance test message 6187
Performance test message 6188
Performance test message 6189
Performance test message 6190
Performance test message 6191
Performance test message 6192
Performance test message 6193
Performance test message 6194
Performance test message 6195
Performance test message 6196
Performance test message 6197
Performance test message 6198
Performance test message 6199
Performance test message 6200
Performance test message 6201
Performance test message 6202
Performance test message 6203
Performance test message 6204
Performance test message 6205
Performance test message 6206
Performance test message 6207
Performance test message 6208
Performance test message 6209
Performance test message 6210
Performance test message 6211
Performance test message 6212
Performance test message 6213
Performance test message 6214
Performance test message 6215
Performance test message 6216
Performance test message 6217
Performance test message 6218
Performance test message 6219
Performance test message 6220
Performance test message 6221
Performance test message 6222
Performance test message 6223
Performance test message 6224
Performance test message 6225
Performance test message 6226
Performance test message 6227
Performance test message 6228
Performance test message 6229
Performance test message 6230
Performance test message 6231
Performance test message 6232
Performance test message 6233
Performance test message 6234
Performance test message 6235
Performance test message 6236
Performance test message 6237
Performance test message 6238
Performance test message 6239
Performance test message 6240
Performance test message 6241
Performance test message 6242
Performance test message 6243
Performance test message 6244
Performance test message 6245
Performance test message 6246
Performance test message 6247
Performance test message 6248
Performance test message 6249
Performance test message 6250
Performance test message 6251
Performance test message 6252
Performance test message 6253
Performance test message 6254
Performance test message 6255
Performance test message 6256
Performance test message 6257
Performance test message 6258
Performance test message 6259
Performance test message 6260
Performance test message 6261
Performance test message 6262
Performance test message 6263
Performance test message 6264
Performance test message 6265
Performance test message 6266
Performance test message 6267
Performance test message 6268
Performance test message 6269
Performance test message 6270
Performance test message 6271
Performance test message 6272
Performance test message 6273
Performance test message 6274
Performance test message 6275
Performance test message 6276
Performance test message 6277
Performance test message 6278
Performance test message 6279
Performance test message 6280
Performance test message 6281
Performance test message 6282
Performance test message 6283
Performance test message 6284
Performance test message 6285
Performance test message 6286
Performance test message 6287
Performance test message 6288
Performance test message 6289
Performance test message 6290
Performance test message 6291
Performance test message 6292
Performance test message 6293
Performance test message 6294
Performance test message 6295
Performance test message 6296
Performance test message 6297
Performance test message 6298
Performance test message 6299
Performance test message 6300
Performance test message 6301
Performance test message 6302
Performance test message 6303
Performance test message 6304
Performance test message 6305
Performance test message 6306
Performance test message 6307
Performance test message 6308
Performance test message 6309
Performance test message 6310
Performance test message 6311
Performance test message 6312
Performance test message 6313
Performance test message 6314
Performance test message 6315
Performance test message 6316
Performance test message 6317
Performance test message 6318
Performance test message 6319
Performance test message 6320
Performance test message 6321
Performance test message 6322
Performance test message 6323
Performance test message 6324
Performance test message 6325
Performance test message 6326
Performance test message 6327
Performance test message 6328
Performance test message 6329
Performance test message 6330
Performance test message 6331
Performance test message 6332
Performance test message 6333
Performance test message 6334
Performance test message 6335
Performance test message 6336
Performance test message 6337
Performance test message 6338
Performance test message 6339
Performance test message 6340
Performance test message 6341
Performance test message 6342
Performance test message 6343
Performance test message 6344
Performance test message 6345
Performance test message 6346
Performance test message 6347
Performance test message 6348
Performance test message 6349
Performance test message 6350
Performance test message 6351
Performance test message 6352
Performance test message 6353
Performance test message 6354
Performance test message 6355
Performance test message 6356
Performance test message 6357
Performance test message 6358
Performance test message 6359
Performance test message 6360
Performance test message 6361
Performance test message 6362
Performance test message 6363
Performance test message 6364
Performance test message 6365
Performance test message 6366
Performance test message 6367
Performance test message 6368
Performance test message 6369
Performance test message 6370
Performance test message 6371
Performance test message 6372
Performance test message 6373
Performance test message 6374
Performance test message 6375
Performance test message 6376
Performance test message 6377
Performance test message 6378
Performance test message 6379
Performance test message 6380
Performance test message 6381
Performance test message 6382
Performance test message 6383
Performance test message 6384
Performance test message 6385
Performance test message 6386
Performance test message 6387
Performance test message 6388
Performance test message 6389
Performance test message 6390
Performance test message 6391
Performance test message 6392
Performance test message 6393
Performance test message 6394
Performance test message 6395
Performance test message 6396
Performance test message 6397
Performance test message 6398
Performance test message 6399
Performance test message 6400
Performance test message 6401
Performance test message 6402
Performance test message 6403
Performance test message 6404
Performance test message 6405
Performance test message 6406
Performance test message 6407
Performance test message 6408
Performance test message 6409
Performance test message 6410
Performance test message 6411
Performance test message 6412
Performance test message 6413
Performance test message 6414
Performance test message 6415
Performance test message 6416
Performance test message 6417
Performance test message 6418
Performance test message 6419
Performance test message 6420
Performance test message 6421
Performance test message 6422
Performance test message 6423
Performance test message 6424
Performance test message 6425
Performance test message 6426
Performance test message 6427
Performance test message 6428
Performance test message 6429
Performance test message 6430
Performance test message 6431
Performance test message 6432
Performance test message 6433
Performance test message 6434
Performance test message 6435
Performance test message 6436
Performance test message 6437
Performance test message 6438
Performance test message 6439
Performance test message 6440
Performance test message 6441
Performance test message 6442
Performance test message 6443
Performance test message 6444
Performance test message 6445
Performance test message 6446
Performance test message 6447
Performance test message 6448
Performance test message 6449
Performance test message 6450
Performance test message 6451
Performance test message 6452
Performance test message 6453
Performance test message 6454
Performance test message 6455
Performance test message 6456
Performance test message 6457
Performance test message 6458
Performance test message 6459
Performance test message 6460
Performance test message 6461
Performance test message 6462
Performance test message 6463
Performance test message 6464
Performance test message 6465
Performance test message 6466
Performance test message 6467
Performance test message 6468
Performance test message 6469
Performance test message 6470
Performance test message 6471
Performance test message 6472
Performance test message 6473
Performance test message 6474
Performance test message 6475
Performance test message 6476
Performance test message 6477
Performance test message 6478
Performance test message 6479
Performance test message 6480
Performance test message 6481
Performance test message 6482
Performance test message 6483
Performance test message 6484
Performance test message 6485
Performance test message 6486
Performance test message 6487
Performance test message 6488
Performance test message 6489
Performance test message 6490
Performance test message 6491
Performance test message 6492
Performance test message 6493
Performance test message 6494
Performance test message 6495
Performance test message 6496
Performance test message 6497
Performance test message 6498
Performance test message 6499
Performance test message 6500
Performance test message 6501
Performance test message 6502
Performance test message 6503
Performance test message 6504
Performance test message 6505
Performance test message 6506
Performance test message 6507
Performance test message 6508
Performance test message 6509
Performance test message 6510
Performance test message 6511
Performance test message 6512
Performance test message 6513
Performance test message 6514
Performance test message 6515
Performance test message 6516
Performance test message 6517
Performance test message 6518
Performance test message 6519
Performance test message 6520
Performance test message 6521
Performance test message 6522
Performance test message 6523
Performance test message 6524
Performance test message 6525
Performance test message 6526
Performance test message 6527
Performance test message 6528
Performance test message 6529
Performance test message 6530
Performance test message 6531
Performance test message 6532
Performance test message 6533
Performance test message 6534
Performance test message 6535
Performance test message 6536
Performance test message 6537
Performance test message 6538
Performance test message 6539
Performance test message 6540
Performance test message 6541
Performance test message 6542
Performance test message 6543
Performance test message 6544
Performance test message 6545
Performance test message 6546
Performance test message 6547
Performance test message 6548
Performance test message 6549
Performance test message 6550
Performance test message 6551
Performance test message 6552
Performance test message 6553
Performance test message 6554
Performance test message 6555
Performance test message 6556
Performance test message 6557
Performance test message 6558
Performance test message 6559
Performance test message 6560
Performance test message 6561
Performance test message 6562
Performance test message 6563
Performance test message 6564
Performance test message 6565
Performance test message 6566
Performance test message 6567
Performance test message 6568
Performance test message 6569
Performance test message 6570
Performance test message 6571
Performance test message 6572
Performance test message 6573
Performance test message 6574
Performance test message 6575
Performance test message 6576
Performance test message 6577
Performance test message 6578
Performance test message 6579
Performance test message 6580
Performance test message 6581
Performance test message 6582
Performance test message 6583
Performance test message 6584
Performance test message 6585
Performance test message 6586
Performance test message 6587
Performance test message 6588
Performance test message 6589
Performance test message 6590
Performance test message 6591
Performance test message 6592
Performance test message 6593
Performance test message 6594
Performance test message 6595
Performance test message 6596
Performance test message 6597
Performance test message 6598
Performance test message 6599
Performance test message 6600
Performance test message 6601
Performance test message 6602
Performance test message 6603
Performance test message 6604
Performance test message 6605
Performance test message 6606
Performance test message 6607
Performance test message 6608
Performance test message 6609
Performance test message 6610
Performance test message 6611
Performance test message 6612
Performance test message 6613
Performance test message 6614
Performance test message 6615
Performance test message 6616
Performance test message 6617
Performance test message 6618
Performance test message 6619
Performance test message 6620
Performance test message 6621
Performance test message 6622
Performance test message 6623
Performance test message 6624
Performance test message 6625
Performance test message 6626
Performance test message 6627
Performance test message 6628
Performance test message 6629
Performance test message 6630
Performance test message 6631
Performance test message 6632
Performance test message 6633
Performance test message 6634
Performance test message 6635
Performance test message 6636
Performance test message 6637
Performance test message 6638
Performance test message 6639
Performance test message 6640
Performance test message 6641
Performance test message 6642
Performance test message 6643
Performance test message 6644
Performance test message 6645
Performance test message 6646
Performance test message 6647
Performance test message 6648
Performance test message 6649
Performance test message 6650
Performance test message 6651
Performance test message 6652
Performance test message 6653
Performance test message 6654
Performance test message 6655
Performance test message 6656
Performance test message 6657
Performance test message 6658
Performance test message 6659
Performance test message 6660
Performance test message 6661
Performance test message 6662
Performance test message 6663
Performance test message 6664
Performance test message 6665
Performance test message 6666
Performance test message 6667
Performance test message 6668
Performance test message 6669
Performance test message 6670
Performance test message 6671
Performance test message 6672
Performance test message 6673
Performance test message 6674
Performance test message 6675
Performance test message 6676
Performance test message 6677
Performance test message 6678
Performance test message 6679
Performance test message 6680
Performance test message 6681
Performance test message 6682
Performance test message 6683
Performance test message 6684
Performance test message 6685
Performance test message 6686
Performance test message 6687
Performance test message 6688
Performance test message 6689
Performance test message 6690
Performance test message 6691
Performance test message 6692
Performance test message 6693
Performance test message 6694
Performance test message 6695
Performance test message 6696
Performance test message 6697
Performance test message 6698
Performance test message 6699
Performance test message 6700
Performance test message 6701
Performance test message 6702
Performance test message 6703
Performance test message 6704
Performance test message 6705
Performance test message 6706
Performance test message 6707
Performance test message 6708
Performance test message 6709
Performance test message 6710
Performance test message 6711
Performance test message 6712
Performance test message 6713
Performance test message 6714
Performance test message 6715
Performance test message 6716
Performance test message 6717
Performance test message 6718
Performance test message 6719
Performance test message 6720
Performance test message 6721
Performance test message 6722
Performance test message 6723
Performance test message 6724
Performance test message 6725
Performance test message 6726
Performance test message 6727
Performance test message 6728
Performance test message 6729
Performance test message 6730
Performance test message 6731
Performance test message 6732
Performance test message 6733
Performance test message 6734
Performance test message 6735
Performance test message 6736
Performance test message 6737
Performance test message 6738
Performance test message 6739
Performance test message 6740
Performance test message 6741
Performance test message 6742
Performance test message 6743
Performance test message 6744
Performance test message 6745
Performance test message 6746
Performance test message 6747
Performance test message 6748
Performance test message 6749
Performance test message 6750
Performance test message 6751
Performance test message 6752
Performance test message 6753
Performance test message 6754
Performance test message 6755
Performance test message 6756
Performance test message 6757
Performance test message 6758
Performance test message 6759
Performance test message 6760
Performance test message 6761
Performance test message 6762
Performance test message 6763
Performance test message 6764
Performance test message 6765
Performance test message 6766
Performance test message 6767
Performance test message 6768
Performance test message 6769
Performance test message 6770
Performance test message 6771
Performance test message 6772
Performance test message 6773
Performance test message 6774
Performance test message 6775
Performance test message 6776
Performance test message 6777
Performance test message 6778
Performance test message 6779
Performance test message 6780
Performance test message 6781
Performance test message 6782
Performance test message 6783
Performance test message 6784
Performance test message 6785
Performance test message 6786
Performance test message 6787
Performance test message 6788
Performance test message 6789
Performance test message 6790
Performance test message 6791
Performance test message 6792
Performance test message 6793
Performance test message 6794
Performance test message 6795
Performance test message 6796
Performance test message 6797
Performance test message 6798
Performance test message 6799
Performance test message 6800
Performance test message 6801
Performance test message 6802
Performance test message 6803
Performance test message 6804
Performance test message 6805
Performance test message 6806
Performance test message 6807
Performance test message 6808
Performance test message 6809
Performance test message 6810
Performance test message 6811
Performance test message 6812
Performance test message 6813
Performance test message 6814
Performance test message 6815
Performance test message 6816
Performance test message 6817
Performance test message 6818
Performance test message 6819
Performance test message 6820
Performance test message 6821
Performance test message 6822
Performance test message 6823
Performance test message 6824
Performance test message 6825
Performance test message 6826
Performance test message 6827
Performance test message 6828
Performance test message 6829
Performance test message 6830
Performance test message 6831
Performance test message 6832
Performance test message 6833
Performance test message 6834
Performance test message 6835
Performance test message 6836
Performance test message 6837
Performance test message 6838
Performance test message 6839
Performance test message 6840
Performance test message 6841
Performance test message 6842
Performance test message 6843
Performance test message 6844
Performance test message 6845
Performance test message 6846
Performance test message 6847
Performance test message 6848
Performance test message 6849
Performance test message 6850
Performance test message 6851
Performance test message 6852
Performance test message 6853
Performance test message 6854
Performance test message 6855
Performance test message 6856
Performance test message 6857
Performance test message 6858
Performance test message 6859
Performance test message 6860
Performance test message 6861
Performance test message 6862
Performance test message 6863
Performance test message 6864
Performance test message 6865
Performance test message 6866
Performance test message 6867
Performance test message 6868
Performance test message 6869
Performance test message 6870
Performance test message 6871
Performance test message 6872
Performance test message 6873
Performance test message 6874
Performance test message 6875
Performance test message 6876
Performance test message 6877
Performance test message 6878
Performance test message 6879
Performance test message 6880
Performance test message 6881
Performance test message 6882
Performance test message 6883
Performance test message 6884
Performance test message 6885
Performance test message 6886
Performance test message 6887
Performance test message 6888
Performance test message 6889
Performance test message 6890
Performance test message 6891
Performance test message 6892
Performance test message 6893
Performance test message 6894
Performance test message 6895
Performance test message 6896
Performance test message 6897
Performance test message 6898
Performance test message 6899
Performance test message 6900
Performance test message 6901
Performance test message 6902
Performance test message 6903
Performance test message 6904
Performance test message 6905
Performance test message 6906
Performance test message 6907
Performance test message 6908
Performance test message 6909
Performance test message 6910
Performance test message 6911
Performance test message 6912
Performance test message 6913
Performance test message 6914
Performance test message 6915
Performance test message 6916
Performance test message 6917
Performance test message 6918
Performance test message 6919
Performance test message 6920
Performance test message 6921
Performance test message 6922
Performance test message 6923
Performance test message 6924
Performance test message 6925
Performance test message 6926
Performance test message 6927
Performance test message 6928
Performance test message 6929
Performance test message 6930
Performance test message 6931
Performance test message 6932
Performance test message 6933
Performance test message 6934
Performance test message 6935
Performance test message 6936
Performance test message 6937
Performance test message 6938
Performance test message 6939
Performance test message 6940
Performance test message 6941
Performance test message 6942
Performance test message 6943
Performance test message 6944
Performance test message 6945
Performance test message 6946
Performance test message 6947
Performance test message 6948
Performance test message 6949
Performance test message 6950
Performance test message 6951
Performance test message 6952
Performance test message 6953
Performance test message 6954
Performance test message 6955
Performance test message 6956
Performance test message 6957
Performance test message 6958
Performance test message 6959
Performance test message 6960
Performance test message 6961
Performance test message 6962
Performance test message 6963
Performance test message 6964
Performance test message 6965
Performance test message 6966
Performance test message 6967
Performance test message 6968
Performance test message 6969
Performance test message 6970
Performance test message 6971
Performance test message 6972
Performance test message 6973
Performance test message 6974
Performance test message 6975
Performance test message 6976
Performance test message 6977
Performance test message 6978
Performance test message 6979
Performance test message 6980
Performance test message 6981
Performance test message 6982
Performance test message 6983
Performance test message 6984
Performance test message 6985
Performance test message 6986
Performance test message 6987
Performance test message 6988
Performance test message 6989
Performance test message 6990
Performance test message 6991
Performance test message 6992
Performance test message 6993
Performance test message 6994
Performance test message 6995
Performance test message 6996
Performance test message 6997
Performance test message 6998
Performance test message 6999
Performance test message 7000
Performance test message 7001
Performance test message 7002
Performance test message 7003
Performance test message 7004
Performance test message 7005
Performance test message 7006
Performance test message 7007
Performance test message 7008
Performance test message 7009
Performance test message 7010
Performance test message 7011
Performance test message 7012
Performance test message 7013
Performance test message 7014
Performance test message 7015
Performance test message 7016
Performance test message 7017
Performance test message 7018
Performance test message 7019
Performance test message 7020
Performance test message 7021
Performance test message 7022
Performance test message 7023
Performance test message 7024
Performance test message 7025
Performance test message 7026
Performance test message 7027
Performance test message 7028
Performance test message 7029
Performance test message 7030
Performance test message 7031
Performance test message 7032
Performance test message 7033
Performance test message 7034
Performance test message 7035
Performance test message 7036
Performance test message 7037
Performance test message 7038
Performance test message 7039
Performance test message 7040
Performance test message 7041
Performance test message 7042
Performance test message 7043
Performance test message 7044
Performance test message 7045
Performance test message 7046
Performance test message 7047
Performance test message 7048
Performance test message 7049
Performance test message 7050
Performance test message 7051
Performance test message 7052
Performance test message 7053
Performance test message 7054
Performance test message 7055
Performance test message 7056
Performance test message 7057
Performance test message 7058
Performance test message 7059
Performance test message 7060
Performance test message 7061
Performance test message 7062
Performance test message 7063
Performance test message 7064
Performance test message 7065
Performance test message 7066
Performance test message 7067
Performance test message 7068
Performance test message 7069
Performance test message 7070
Performance test message 7071
Performance test message 7072
Performance test message 7073
Performance test message 7074
Performance test message 7075
Performance test message 7076
Performance test message 7077
Performance test message 7078
Performance test message 7079
Performance test message 7080
Performance test message 7081
Performance test message 7082
Performance test message 7083
Performance test message 7084
Performance test message 7085
Performance test message 7086
Performance test message 7087
Performance test message 7088
Performance test message 7089
Performance test message 7090
Performance test message 7091
Performance test message 7092
Performance test message 7093
Performance test message 7094
Performance test message 7095
Performance test message 7096
Performance test message 7097
Performance test message 7098
Performance test message 7099
Performance test message 7100
Performance test message 7101
Performance test message 7102
Performance test message 7103
Performance test message 7104
Performance test message 7105
Performance test message 7106
Performance test message 7107
Performance test message 7108
Performance test message 7109
Performance test message 7110
Performance test message 7111
Performance test message 7112
Performance test message 7113
Performance test message 7114
Performance test message 7115
Performance test message 7116
Performance test message 7117
Performance test message 7118
Performance test message 7119
Performance test message 7120
Performance test message 7121
Performance test message 7122
Performance test message 7123
Performance test message 7124
Performance test message 7125
Performance test message 7126
Performance test message 7127
Performance test message 7128
Performance test message 7129
Performance test message 7130
Performance test message 7131
Performance test message 7132
Performance test message 7133
Performance test message 7134
Performance test message 7135
Performance test message 7136
Performance test message 7137
Performance test message 7138
Performance test message 7139
Performance test message 7140
Performance test message 7141
Performance test message 7142
Performance test message 7143
Performance test message 7144
Performance test message 7145
Performance test message 7146
Performance test message 7147
Performance test message 7148
Performance test message 7149
Performance test message 7150
Performance test message 7151
Performance test message 7152
Performance test message 7153
Performance test message 7154
Performance test message 7155
Performance test message 7156
Performance test message 7157
Performance test message 7158
Performance test message 7159
Performance test message 7160
Performance test message 7161
Performance test message 7162
Performance test message 7163
Performance test message 7164
Performance test message 7165
Performance test message 7166
Performance test message 7167
Performance test message 7168
Performance test message 7169
Performance test message 7170
Performance test message 7171
Performance test message 7172
Performance test message 7173
Performance test message 7174
Performance test message 7175
Performance test message 7176
Performance test message 7177
Performance test message 7178
Performance test message 7179
Performance test message 7180
Performance test message 7181
Performance test message 7182
Performance test message 7183
Performance test message 7184
Performance test message 7185
Performance test message 7186
Performance test message 7187
Performance test message 7188
Performance test message 7189
Performance test message 7190
Performance test message 7191
Performance test message 7192
Performance test message 7193
Performance test message 7194
Performance test message 7195
Performance test message 7196
Performance test message 7197
Performance test message 7198
Performance test message 7199
Performance test message 7200
Performance test message 7201
Performance test message 7202
Performance test message 7203
Performance test message 7204
Performance test message 7205
Performance test message 7206
Performance test message 7207
Performance test message 7208
Performance test message 7209
Performance test message 7210
Performance test message 7211
Performance test message 7212
Performance test message 7213
Performance test message 7214
Performance test message 7215
Performance test message 7216
Performance test message 7217
Performance test message 7218
Performance test message 7219
Performance test message 7220
Performance test message 7221
Performance test message 7222
Performance test message 7223
Performance test message 7224
Performance test message 7225
Performance test message 7226
Performance test message 7227
Performance test message 7228
Performance test message 7229
Performance test message 7230
Performance test message 7231
Performance test message 7232
Performance test message 7233
Performance test message 7234
Performance test message 7235
Performance test message 7236
Performance test message 7237
Performance test message 7238
Performance test message 7239
Performance test message 7240
Performance test message 7241
Performance test message 7242
Performance test message 7243
Performance test message 7244
Performance test message 7245
Performance test message 7246
Performance test message 7247
Performance test message 7248
Performance test message 7249
Performance test message 7250
Performance test message 7251
Performance test message 7252
Performance test message 7253
Performance test message 7254
Performance test message 7255
Performance test message 7256
Performance test message 7257
Performance test message 7258
Performance test message 7259
Performance test message 7260
Performance test message 7261
Performance test message 7262
Performance test message 7263
Performance test message 7264
Performance test message 7265
Performance test message 7266
Performance test message 7267
Performance test message 7268
Performance test message 7269
Performance test message 7270
Performance test message 7271
Performance test message 7272
Performance test message 7273
Performance test message 7274
Performance test message 7275
Performance test message 7276
Performance test message 7277
Performance test message 7278
Performance test message 7279
Performance test message 7280
Performance test message 7281
Performance test message 7282
Performance test message 7283
Performance test message 7284
Performance test message 7285
Performance test message 7286
Performance test message 7287
Performance test message 7288
Performance test message 7289
Performance test message 7290
Performance test message 7291
Performance test message 7292
Performance test message 7293
Performance test message 7294
Performance test message 7295
Performance test message 7296
Performance test message 7297
Performance test message 7298
Performance test message 7299
Performance test message 7300
Performance test message 7301
Performance test message 7302
Performance test message 7303
Performance test message 7304
Performance test message 7305
Performance test message 7306
Performance test message 7307
Performance test message 7308
Performance test message 7309
Performance test message 7310
Performance test message 7311
Performance test message 7312
Performance test message 7313
Performance test message 7314
Performance test message 7315
Performance test message 7316
Performance test message 7317
Performance test message 7318
Performance test message 7319
Performance test message 7320
Performance test message 7321
Performance test message 7322
Performance test message 7323
Performance test message 7324
Performance test message 7325
Performance test message 7326
Performance test message 7327
Performance test message 7328
Performance test message 7329
Performance test message 7330
Performance test message 7331
Performance test message 7332
Performance test message 7333
Performance test message 7334
Performance test message 7335
Performance test message 7336
Performance test message 7337
Performance test message 7338
Performance test message 7339
Performance test message 7340
Performance test message 7341
Performance test message 7342
Performance test message 7343
Performance test message 7344
Performance test message 7345
Performance test message 7346
Performance test message 7347
Performance test message 7348
Performance test message 7349
Performance test message 7350
Performance test message 7351
Performance test message 7352
Performance test message 7353
Performance test message 7354
Performance test message 7355
Performance test message 7356
Performance test message 7357
Performance test message 7358
Performance test message 7359
Performance test message 7360
Performance test message 7361
Performance test message 7362
Performance test message 7363
Performance test message 7364
Performance test message 7365
Performance test message 7366
Performance test message 7367
Performance test message 7368
Performance test message 7369
Performance test message 7370
Performance test message 7371
Performance test message 7372
Performance test message 7373
Performance test message 7374
Performance test message 7375
Performance test message 7376
Performance test message 7377
Performance test message 7378
Performance test message 7379
Performance test message 7380
Performance test message 7381
Performance test message 7382
Performance test message 7383
Performance test message 7384
Performance test message 7385
Performance test message 7386
Performance test message 7387
Performance test message 7388
Performance test message 7389
Performance test message 7390
Performance test message 7391
Performance test message 7392
Performance test message 7393
Performance test message 7394
Performance test message 7395
Performance test message 7396
Performance test message 7397
Performance test message 7398
Performance test message 7399
Performance test message 7400
Performance test message 7401
Performance test message 7402
Performance test message 7403
Performance test message 7404
Performance test message 7405
Performance test message 7406
Performance test message 7407
Performance test message 7408
Performance test message 7409
Performance test message 7410
Performance test message 7411
Performance test message 7412
Performance test message 7413
Performance test message 7414
Performance test message 7415
Performance test message 7416
Performance test message 7417
Performance test message 7418
Performance test message 7419
Performance test message 7420
Performance test message 7421
Performance test message 7422
Performance test message 7423
Performance test message 7424
Performance test message 7425
Performance test message 7426
Performance test message 7427
Performance test message 7428
Performance test message 7429
Performance test message 7430
Performance test message 7431
Performance test message 7432
Performance test message 7433
Performance test message 7434
Performance test message 7435
Performance test message 7436
Performance test message 7437
Performance test message 7438
Performance test message 7439
Performance test message 7440
Performance test message 7441
Performance test message 7442
Performance test message 7443
Performance test message 7444
Performance test message 7445
Performance test message 7446
Performance test message 7447
Performance test message 7448
Performance test message 7449
Performance test message 7450
Performance test message 7451
Performance test message 7452
Performance test message 7453
Performance test message 7454
Performance test message 7455
Performance test message 7456
Performance test message 7457
Performance test message 7458
Performance test message 7459
Performance test message 7460
Performance test message 7461
Performance test message 7462
Performance test message 7463
Performance test message 7464
Performance test message 7465
Performance test message 7466
Performance test message 7467
Performance test message 7468
Performance test message 7469
Performance test message 7470
Performance test message 7471
Performance test message 7472
Performance test message 7473
Performance test message 7474
Performance test message 7475
Performance test message 7476
Performance test message 7477
Performance test message 7478
Performance test message 7479
Performance test message 7480
Performance test message 7481
Performance test message 7482
Performance test message 7483
Performance test message 7484
Performance test message 7485
Performance test message 7486
Performance test message 7487
Performance test message 7488
Performance test message 7489
Performance test message 7490
Performance test message 7491
Performance test message 7492
Performance test message 7493
Performance test message 7494
Performance test message 7495
Performance test message 7496
Performance test message 7497
Performance test message 7498
Performance test message 7499
Performance test message 7500
Performance test message 7501
Performance test message 7502
Performance test message 7503
Performance test message 7504
Performance test message 7505
Performance test message 7506
Performance test message 7507
Performance test message 7508
Performance test message 7509
Performance test message 7510
Performance test message 7511
Performance test message 7512
Performance test message 7513
Performance test message 7514
Performance test message 7515
Performance test message 7516
Performance test message 7517
Performance test message 7518
Performance test message 7519
Performance test message 7520
Performance test message 7521
Performance test message 7522
Performance test message 7523
Performance test message 7524
Performance test message 7525
Performance test message 7526
Performance test message 7527
Performance test message 7528
Performance test message 7529
Performance test message 7530
Performance test message 7531
Performance test message 7532
Performance test message 7533
Performance test message 7534
Performance test message 7535
Performance test message 7536
Performance test message 7537
Performance test message 7538
Performance test message 7539
Performance test message 7540
Performance test message 7541
Performance test message 7542
Performance test message 7543
Performance test message 7544
Performance test message 7545
Performance test message 7546
Performance test message 7547
Performance test message 7548
Performance test message 7549
Performance test message 7550
Performance test message 7551
Performance test message 7552
Performance test message 7553
Performance test message 7554
Performance test message 7555
Performance test message 7556
Performance test message 7557
Performance test message 7558
Performance test message 7559
Performance test message 7560
Performance test message 7561
Performance test message 7562
Performance test message 7563
Performance test message 7564
Performance test message 7565
Performance test message 7566
Performance test message 7567
Performance test message 7568
Performance test message 7569
Performance test message 7570
Performance test message 7571
Performance test message 7572
Performance test message 7573
Performance test message 7574
Performance test message 7575
Performance test message 7576
Performance test message 7577
Performance test message 7578
Performance test message 7579
Performance test message 7580
Performance test message 7581
Performance test message 7582
Performance test message 7583
Performance test message 7584
Performance test message 7585
Performance test message 7586
Performance test message 7587
Performance test message 7588
Performance test message 7589
Performance test message 7590
Performance test message 7591
Performance test message 7592
Performance test message 7593
Performance test message 7594
Performance test message 7595
Performance test message 7596
Performance test message 7597
Performance test message 7598
Performance test message 7599
Performance test message 7600
Performance test message 7601
Performance test message 7602
Performance test message 7603
Performance test message 7604
Performance test message 7605
Performance test message 7606
Performance test message 7607
Performance test message 7608
Performance test message 7609
Performance test message 7610
Performance test message 7611
Performance test message 7612
Performance test message 7613
Performance test message 7614
Performance test message 7615
Performance test message 7616
Performance test message 7617
Performance test message 7618
Performance test message 7619
Performance test message 7620
Performance test message 7621
Performance test message 7622
Performance test message 7623
Performance test message 7624
Performance test message 7625
Performance test message 7626
Performance test message 7627
Performance test message 7628
Performance test message 7629
Performance test message 7630
Performance test message 7631
Performance test message 7632
Performance test message 7633
Performance test message 7634
Performance test message 7635
Performance test message 7636
Performance test message 7637
Performance test message 7638
Performance test message 7639
Performance test message 7640
Performance test message 7641
Performance test message 7642
Performance test message 7643
Performance test message 7644
Performance test message 7645
Performance test message 7646
Performance test message 7647
Performance test message 7648
Performance test message 7649
Performance test message 7650
Performance test message 7651
Performance test message 7652
Performance test message 7653
Performance test message 7654
Performance test message 7655
Performance test message 7656
Performance test message 7657
Performance test message 7658
Performance test message 7659
Performance test message 7660
Performance test message 7661
Performance test message 7662
Performance test message 7663
Performance test message 7664
Performance test message 7665
Performance test message 7666
Performance test message 7667
Performance test message 7668
Performance test message 7669
Performance test message 7670
Performance test message 7671
Performance test message 7672
Performance test message 7673
Performance test message 7674
Performance test message 7675
Performance test message 7676
Performance test message 7677
Performance test message 7678
Performance test message 7679
Performance test message 7680
Performance test message 7681
Performance test message 7682
Performance test message 7683
Performance test message 7684
Performance test message 7685
Performance test message 7686
Performance test message 7687
Performance test message 7688
Performance test message 7689
Performance test message 7690
Performance test message 7691
Performance test message 7692
Performance test message 7693
Performance test message 7694
Performance test message 7695
Performance test message 7696
Performance test message 7697
Performance test message 7698
Performance test message 7699
Performance test message 7700
Performance test message 7701
Performance test message 7702
Performance test message 7703
Performance test message 7704
Performance test message 7705
Performance test message 7706
Performance test message 7707
Performance test message 7708
Performance test message 7709
Performance test message 7710
Performance test message 7711
Performance test message 7712
Performance test message 7713
Performance test message 7714
Performance test message 7715
Performance test message 7716
Performance test message 7717
Performance test message 7718
Performance test message 7719
Performance test message 7720
Performance test message 7721
Performance test message 7722
Performance test message 7723
Performance test message 7724
Performance test message 7725
Performance test message 7726
Performance test message 7727
Performance test message 7728
Performance test message 7729
Performance test message 7730
Performance test message 7731
Performance test message 7732
Performance test message 7733
Performance test message 7734
Performance test message 7735
Performance test message 7736
Performance test message 7737
Performance test message 7738
Performance test message 7739
Performance test message 7740
Performance test message 7741
Performance test message 7742
Performance test message 7743
Performance test message 7744
Performance test message 7745
Performance test message 7746
Performance test message 7747
Performance test message 7748
Performance test message 7749
Performance test message 7750
Performance test message 7751
Performance test message 7752
Performance test message 7753
Performance test message 7754
Performance test message 7755
Performance test message 7756
Performance test message 7757
Performance test message 7758
Performance test message 7759
Performance test message 7760
Performance test message 7761
Performance test message 7762
Performance test message 7763
Performance test message 7764
Performance test message 7765
Performance test message 7766
Performance test message 7767
Performance test message 7768
Performance test message 7769
Performance test message 7770
Performance test message 7771
Performance test message 7772
Performance test message 7773
Performance test message 7774
Performance test message 7775
Performance test message 7776
Performance test message 7777
Performance test message 7778
Performance test message 7779
Performance test message 7780
Performance test message 7781
Performance test message 7782
Performance test message 7783
Performance test message 7784
Performance test message 7785
Performance test message 7786
Performance test message 7787
Performance test message 7788
Performance test message 7789
Performance test message 7790
Performance test message 7791
Performance test message 7792
Performance test message 7793
Performance test message 7794
Performance test message 7795
Performance test message 7796
Performance test message 7797
Performance test message 7798
Performance test message 7799
Performance test message 7800
Performance test message 7801
Performance test message 7802
Performance test message 7803
Performance test message 7804
Performance test message 7805
Performance test message 7806
Performance test message 7807
Performance test message 7808
Performance test message 7809
Performance test message 7810
Performance test message 7811
Performance test message 7812
Performance test message 7813
Performance test message 7814
Performance test message 7815
Performance test message 7816
Performance test message 7817
Performance test message 7818
Performance test message 7819
Performance test message 7820
Performance test message 7821
Performance test message 7822
Performance test message 7823
Performance test message 7824
Performance test message 7825
Performance test message 7826
Performance test message 7827
Performance test message 7828
Performance test message 7829
Performance test message 7830
Performance test message 7831
Performance test message 7832
Performance test message 7833
Performance test message 7834
Performance test message 7835
Performance test message 7836
Performance test message 7837
Performance test message 7838
Performance test message 7839
Performance test message 7840
Performance test message 7841
Performance test message 7842
Performance test message 7843
Performance test message 7844
Performance test message 7845
Performance test message 7846
Performance test message 7847
Performance test message 7848
Performance test message 7849
Performance test message 7850
Performance test message 7851
Performance test message 7852
Performance test message 7853
Performance test message 7854
Performance test message 7855
Performance test message 7856
Performance test message 7857
Performance test message 7858
Performance test message 7859
Performance test message 7860
Performance test message 7861
Performance test message 7862
Performance test message 7863
Performance test message 7864
Performance test message 7865
Performance test message 7866
Performance test message 7867
Performance test message 7868
Performance test message 7869
Performance test message 7870
Performance test message 7871
Performance test message 7872
Performance test message 7873
Performance test message 7874
Performance test message 7875
Performance test message 7876
Performance test message 7877
Performance test message 7878
Performance test message 7879
Performance test message 7880
Performance test message 7881
Performance test message 7882
Performance test message 7883
Performance test message 7884
Performance test message 7885
Performance test message 7886
Performance test message 7887
Performance test message 7888
Performance test message 7889
Performance test message 7890
Performance test message 7891
Performance test message 7892
Performance test message 7893
Performance test message 7894
Performance test message 7895
Performance test message 7896
Performance test message 7897
Performance test message 7898
Performance test message 7899
Performance test message 7900
Performance test message 7901
Performance test message 7902
Performance test message 7903
Performance test message 7904
Performance test message 7905
Performance test message 7906
Performance test message 7907
Performance test message 7908
Performance test message 7909
Performance test message 7910
Performance test message 7911
Performance test message 7912
Performance test message 7913
Performance test message 7914
Performance test message 7915
Performance test message 7916
Performance test message 7917
Performance test message 7918
Performance test message 7919
Performance test message 7920
Performance test message 7921
Performance test message 7922
Performance test message 7923
Performance test message 7924
Performance test message 7925
Performance test message 7926
Performance test message 7927
Performance test message 7928
Performance test message 7929
Performance test message 7930
Performance test message 7931
Performance test message 7932
Performance test message 7933
Performance test message 7934
Performance test message 7935
Performance test message 7936
Performance test message 7937
Performance test message 7938
Performance test message 7939
Performance test message 7940
Performance test message 7941
Performance test message 7942
Performance test message 7943
Performance test message 7944
Performance test message 7945
Performance test message 7946
Performance test message 7947
Performance test message 7948
Performance test message 7949
Performance test message 7950
Performance test message 7951
Performance test message 7952
Performance test message 7953
Performance test message 7954
Performance test message 7955
Performance test message 7956
Performance test message 7957
Performance test message 7958
Performance test message 7959
Performance test message 7960
Performance test message 7961
Performance test message 7962
Performance test message 7963
Performance test message 7964
Performance test message 7965
Performance test message 7966
Performance test message 7967
Performance test message 7968
Performance test message 7969
Performance test message 7970
Performance test message 7971
Performance test message 7972
Performance test message 7973
Performance test message 7974
Performance test message 7975
Performance test message 7976
Performance test message 7977
Performance test message 7978
Performance test message 7979
Performance test message 7980
Performance test message 7981
Performance test message 7982
Performance test message 7983
Performance test message 7984
Performance test message 7985
Performance test message 7986
Performance test message 7987
Performance test message 7988
Performance test message 7989
Performance test message 7990
Performance test message 7991
Performance test message 7992
Performance test message 7993
Performance test message 7994
Performance test message 7995
Performance test message 7996
Performance test message 7997
Performance test message 7998
Performance test message 7999
Performance test message 8000
Performance test message 8001
Performance test message 8002
Performance test message 8003
Performance test message 8004
Performance test message 8005
Performance test message 8006
Performance test message 8007
Performance test message 8008
Performance test message 8009
Performance test message 8010
Performance test message 8011
Performance test message 8012
Performance test message 8013
Performance test message 8014
Performance test message 8015
Performance test message 8016
Performance test message 8017
Performance test message 8018
Performance test message 8019
Performance test message 8020
Performance test message 8021
Performance test message 8022
Performance test message 8023
Performance test message 8024
Performance test message 8025
Performance test message 8026
Performance test message 8027
Performance test message 8028
Performance test message 8029
Performance test message 8030
Performance test message 8031
Performance test message 8032
Performance test message 8033
Performance test message 8034
Performance test message 8035
Performance test message 8036
Performance test message 8037
Performance test message 8038
Performance test message 8039
Performance test message 8040
Performance test message 8041
Performance test message 8042
Performance test message 8043
Performance test message 8044
Performance test message 8045
Performance test message 8046
Performance test message 8047
Performance test message 8048
Performance test message 8049
Performance test message 8050
Performance test message 8051
Performance test message 8052
Performance test message 8053
Performance test message 8054
Performance test message 8055
Performance test message 8056
Performance test message 8057
Performance test message 8058
Performance test message 8059
Performance test message 8060
Performance test message 8061
Performance test message 8062
Performance test message 8063
Performance test message 8064
Performance test message 8065
Performance test message 8066
Performance test message 8067
Performance test message 8068
Performance test message 8069
Performance test message 8070
Performance test message 8071
Performance test message 8072
Performance test message 8073
Performance test message 8074
Performance test message 8075
Performance test message 8076
Performance test message 8077
Performance test message 8078
Performance test message 8079
Performance test message 8080
Performance test message 8081
Performance test message 8082
Performance test message 8083
Performance test message 8084
Performance test message 8085
Performance test message 8086
Performance test message 8087
Performance test message 8088
Performance test message 8089
Performance test message 8090
Performance test message 8091
Performance test message 8092
Performance test message 8093
Performance test message 8094
Performance test message 8095
Performance test message 8096
Performance test message 8097
Performance test message 8098
Performance test message 8099
Performance test message 8100
Performance test message 8101
Performance test message 8102
Performance test message 8103
Performance test message 8104
Performance test message 8105
Performance test message 8106
Performance test message 8107
Performance test message 8108
Performance test message 8109
Performance test message 8110
Performance test message 8111
Performance test message 8112
Performance test message 8113
Performance test message 8114
Performance test message 8115
Performance test message 8116
Performance test message 8117
Performance test message 8118
Performance test message 8119
Performance test message 8120
Performance test message 8121
Performance test message 8122
Performance test message 8123
Performance test message 8124
Performance test message 8125
Performance test message 8126
Performance test message 8127
Performance test message 8128
Performance test message 8129
Performance test message 8130
Performance test message 8131
Performance test message 8132
Performance test message 8133
Performance test message 8134
Performance test message 8135
Performance test message 8136
Performance test message 8137
Performance test message 8138
Performance test message 8139
Performance test message 8140
Performance test message 8141
Performance test message 8142
Performance test message 8143
Performance test message 8144
Performance test message 8145
Performance test message 8146
Performance test message 8147
Performance test message 8148
Performance test message 8149
Performance test message 8150
Performance test message 8151
Performance test message 8152
Performance test message 8153
Performance test message 8154
Performance test message 8155
Performance test message 8156
Performance test message 8157
Performance test message 8158
Performance test message 8159
Performance test message 8160
Performance test message 8161
Performance test message 8162
Performance test message 8163
Performance test message 8164
Performance test message 8165
Performance test message 8166
Performance test message 8167
Performance test message 8168
Performance test message 8169
Performance test message 8170
Performance test message 8171
Performance test message 8172
Performance test message 8173
Performance test message 8174
Performance test message 8175
Performance test message 8176
Performance test message 8177
Performance test message 8178
Performance test message 8179
Performance test message 8180
Performance test message 8181
Performance test message 8182
Performance test message 8183
Performance test message 8184
Performance test message 8185
Performance test message 8186
Performance test message 8187
Performance test message 8188
Performance test message 8189
Performance test message 8190
Performance test message 8191
Performance test message 8192
Performance test message 8193
Performance test message 8194
Performance test message 8195
Performance test message 8196
Performance test message 8197
Performance test message 8198
Performance test message 8199
Performance test message 8200
Performance test message 8201
Performance test message 8202
Performance test message 8203
Performance test message 8204
Performance test message 8205
Performance test message 8206
Performance test message 8207
Performance test message 8208
Performance test message 8209
Performance test message 8210
Performance test message 8211
Performance test message 8212
Performance test message 8213
Performance test message 8214
Performance test message 8215
Performance test message 8216
Performance test message 8217
Performance test message 8218
Performance test message 8219
Performance test message 8220
Performance test message 8221
Performance test message 8222
Performance test message 8223
Performance test message 8224
Performance test message 8225
Performance test message 8226
Performance test message 8227
Performance test message 8228
Performance test message 8229
Performance test message 8230
Performance test message 8231
Performance test message 8232
Performance test message 8233
Performance test message 8234
Performance test message 8235
Performance test message 8236
Performance test message 8237
Performance test message 8238
Performance test message 8239
Performance test message 8240
Performance test message 8241
Performance test message 8242
Performance test message 8243
Performance test message 8244
Performance test message 8245
Performance test message 8246
Performance test message 8247
Performance test message 8248
Performance test message 8249
Performance test message 8250
Performance test message 8251
Performance test message 8252
Performance test message 8253
Performance test message 8254
Performance test message 8255
Performance test message 8256
Performance test message 8257
Performance test message 8258
Performance test message 8259
Performance test message 8260
Performance test message 8261
Performance test message 8262
Performance test message 8263
Performance test message 8264
Performance test message 8265
Performance test message 8266
Performance test message 8267
Performance test message 8268
Performance test message 8269
Performance test message 8270
Performance test message 8271
Performance test message 8272
Performance test message 8273
Performance test message 8274
Performance test message 8275
Performance test message 8276
Performance test message 8277
Performance test message 8278
Performance test message 8279
Performance test message 8280
Performance test message 8281
Performance test message 8282
Performance test message 8283
Performance test message 8284
Performance test message 8285
Performance test message 8286
Performance test message 8287
Performance test message 8288
Performance test message 8289
Performance test message 8290
Performance test message 8291
Performance test message 8292
Performance test message 8293
Performance test message 8294
Performance test message 8295
Performance test message 8296
Performance test message 8297
Performance test message 8298
Performance test message 8299
Performance test message 8300
Performance test message 8301
Performance test message 8302
Performance test message 8303
Performance test message 8304
Performance test message 8305
Performance test message 8306
Performance test message 8307
Performance test message 8308
Performance test message 8309
Performance test message 8310
Performance test message 8311
Performance test message 8312
Performance test message 8313
Performance test message 8314
Performance test message 8315
Performance test message 8316
Performance test message 8317
Performance test message 8318
Performance test message 8319
Performance test message 8320
Performance test message 8321
Performance test message 8322
Performance test message 8323
Performance test message 8324
Performance test message 8325
Performance test message 8326
Performance test message 8327
Performance test message 8328
Performance test message 8329
Performance test message 8330
Performance test message 8331
Performance test message 8332
Performance test message 8333
Performance test message 8334
Performance test message 8335
Performance test message 8336
Performance test message 8337
Performance test message 8338
Performance test message 8339
Performance test message 8340
Performance test message 8341
Performance test message 8342
Performance test message 8343
Performance test message 8344
Performance test message 8345
Performance test message 8346
Performance test message 8347
Performance test message 8348
Performance test message 8349
Performance test message 8350
Performance test message 8351
Performance test message 8352
Performance test message 8353
Performance test message 8354
Performance test message 8355
Performance test message 8356
Performance test message 8357
Performance test message 8358
Performance test message 8359
Performance test message 8360
Performance test message 8361
Performance test message 8362
Performance test message 8363
Performance test message 8364
Performance test message 8365
Performance test message 8366
Performance test message 8367
Performance test message 8368
Performance test message 8369
Performance test message 8370
Performance test message 8371
Performance test message 8372
Performance test message 8373
Performance test message 8374
Performance test message 8375
Performance test message 8376
Performance test message 8377
Performance test message 8378
Performance test message 8379
Performance test message 8380
Performance test message 8381
Performance test message 8382
Performance test message 8383
Performance test message 8384
Performance test message 8385
Performance test message 8386
Performance test message 8387
Performance test message 8388
Performance test message 8389
Performance test message 8390
Performance test message 8391
Performance test message 8392
Performance test message 8393
Performance test message 8394
Performance test message 8395
Performance test message 8396
Performance test message 8397
Performance test message 8398
Performance test message 8399
Performance test message 8400
Performance test message 8401
Performance test message 8402
Performance test message 8403
Performance test message 8404
Performance test message 8405
Performance test message 8406
Performance test message 8407
Performance test message 8408
Performance test message 8409
Performance test message 8410
Performance test message 8411
Performance test message 8412
Performance test message 8413
Performance test message 8414
Performance test message 8415
Performance test message 8416
Performance test message 8417
Performance test message 8418
Performance test message 8419
Performance test message 8420
Performance test message 8421
Performance test message 8422
Performance test message 8423
Performance test message 8424
Performance test message 8425
Performance test message 8426
Performance test message 8427
Performance test message 8428
Performance test message 8429
Performance test message 8430
Performance test message 8431
Performance test message 8432
Performance test message 8433
Performance test message 8434
Performance test message 8435
Performance test message 8436
Performance test message 8437
Performance test message 8438
Performance test message 8439
Performance test message 8440
Performance test message 8441
Performance test message 8442
Performance test message 8443
Performance test message 8444
Performance test message 8445
Performance test message 8446
Performance test message 8447
Performance test message 8448
Performance test message 8449
Performance test message 8450
Performance test message 8451
Performance test message 8452
Performance test message 8453
Performance test message 8454
Performance test message 8455
Performance test message 8456
Performance test message 8457
Performance test message 8458
Performance test message 8459
Performance test message 8460
Performance test message 8461
Performance test message 8462
Performance test message 8463
Performance test message 8464
Performance test message 8465
Performance test message 8466
Performance test message 8467
Performance test message 8468
Performance test message 8469
Performance test message 8470
Performance test message 8471
Performance test message 8472
Performance test message 8473
Performance test message 8474
Performance test message 8475
Performance test message 8476
Performance test message 8477
Performance test message 8478
Performance test message 8479
Performance test message 8480
Performance test message 8481
Performance test message 8482
Performance test message 8483
Performance test message 8484
Performance test message 8485
Performance test message 8486
Performance test message 8487
Performance test message 8488
Performance test message 8489
Performance test message 8490
Performance test message 8491
Performance test message 8492
Performance test message 8493
Performance test message 8494
Performance test message 8495
Performance test message 8496
Performance test message 8497
Performance test message 8498
Performance test message 8499
Performance test message 8500
Performance test message 8501
Performance test message 8502
Performance test message 8503
Performance test message 8504
Performance test message 8505
Performance test message 8506
Performance test message 8507
Performance test message 8508
Performance test message 8509
Performance test message 8510
Performance test message 8511
Performance test message 8512
Performance test message 8513
Performance test message 8514
Performance test message 8515
Performance test message 8516
Performance test message 8517
Performance test message 8518
Performance test message 8519
Performance test message 8520
Performance test message 8521
Performance test message 8522
Performance test message 8523
Performance test message 8524
Performance test message 8525
Performance test message 8526
Performance test message 8527
Performance test message 8528
Performance test message 8529
Performance test message 8530
Performance test message 8531
Performance test message 8532
Performance test message 8533
Performance test message 8534
Performance test message 8535
Performance test message 8536
Performance test message 8537
Performance test message 8538
Performance test message 8539
Performance test message 8540
Performance test message 8541
Performance test message 8542
Performance test message 8543
Performance test message 8544
Performance test message 8545
Performance test message 8546
Performance test message 8547
Performance test message 8548
Performance test message 8549
Performance test message 8550
Performance test message 8551
Performance test message 8552
Performance test message 8553
Performance test message 8554
Performance test message 8555
Performance test message 8556
Performance test message 8557
Performance test message 8558
Performance test message 8559
Performance test message 8560
Performance test message 8561
Performance test message 8562
Performance test message 8563
Performance test message 8564
Performance test message 8565
Performance test message 8566
Performance test message 8567
Performance test message 8568
Performance test message 8569
Performance test message 8570
Performance test message 8571
Performance test message 8572
Performance test message 8573
Performance test message 8574
Performance test message 8575
Performance test message 8576
Performance test message 8577
Performance test message 8578
Performance test message 8579
Performance test message 8580
Performance test message 8581
Performance test message 8582
Performance test message 8583
Performance test message 8584
Performance test message 8585
Performance test message 8586
Performance test message 8587
Performance test message 8588
Performance test message 8589
Performance test message 8590
Performance test message 8591
Performance test message 8592
Performance test message 8593
Performance test message 8594
Performance test message 8595
Performance test message 8596
Performance test message 8597
Performance test message 8598
Performance test message 8599
Performance test message 8600
Performance test message 8601
Performance test message 8602
Performance test message 8603
Performance test message 8604
Performance test message 8605
Performance test message 8606
Performance test message 8607
Performance test message 8608
Performance test message 8609
Performance test message 8610
Performance test message 8611
Performance test message 8612
Performance test message 8613
Performance test message 8614
Performance test message 8615
Performance test message 8616
Performance test message 8617
Performance test message 8618
Performance test message 8619
Performance test message 8620
Performance test message 8621
Performance test message 8622
Performance test message 8623
Performance test message 8624
Performance test message 8625
Performance test message 8626
Performance test message 8627
Performance test message 8628
Performance test message 8629
Performance test message 8630
Performance test message 8631
Performance test message 8632
Performance test message 8633
Performance test message 8634
Performance test message 8635
Performance test message 8636
Performance test message 8637
Performance test message 8638
Performance test message 8639
Performance test message 8640
Performance test message 8641
Performance test message 8642
Performance test message 8643
Performance test message 8644
Performance test message 8645
Performance test message 8646
Performance test message 8647
Performance test message 8648
Performance test message 8649
Performance test message 8650
Performance test message 8651
Performance test message 8652
Performance test message 8653
Performance test message 8654
Performance test message 8655
Performance test message 8656
Performance test message 8657
Performance test message 8658
Performance test message 8659
Performance test message 8660
Performance test message 8661
Performance test message 8662
Performance test message 8663
Performance test message 8664
Performance test message 8665
Performance test message 8666
Performance test message 8667
Performance test message 8668
Performance test message 8669
Performance test message 8670
Performance test message 8671
Performance test message 8672
Performance test message 8673
Performance test message 8674
Performance test message 8675
Performance test message 8676
Performance test message 8677
Performance test message 8678
Performance test message 8679
Performance test message 8680
Performance test message 8681
Performance test message 8682
Performance test message 8683
Performance test message 8684
Performance test message 8685
Performance test message 8686
Performance test message 8687
Performance test message 8688
Performance test message 8689
Performance test message 8690
Performance test message 8691
Performance test message 8692
Performance test message 8693
Performance test message 8694
Performance test message 8695
Performance test message 8696
Performance test message 8697
Performance test message 8698
Performance test message 8699
Performance test message 8700
Performance test message 8701
Performance test message 8702
Performance test message 8703
Performance test message 8704
Performance test message 8705
Performance test message 8706
Performance test message 8707
Performance test message 8708
Performance test message 8709
Performance test message 8710
Performance test message 8711
Performance test message 8712
Performance test message 8713
Performance test message 8714
Performance test message 8715
Performance test message 8716
Performance test message 8717
Performance test message 8718
Performance test message 8719
Performance test message 8720
Performance test message 8721
Performance test message 8722
Performance test message 8723
Performance test message 8724
Performance test message 8725
Performance test message 8726
Performance test message 8727
Performance test message 8728
Performance test message 8729
Performance test message 8730
Performance test message 8731
Performance test message 8732
Performance test message 8733
Performance test message 8734
Performance test message 8735
Performance test message 8736
Performance test message 8737
Performance test message 8738
Performance test message 8739
Performance test message 8740
Performance test message 8741
Performance test message 8742
Performance test message 8743
Performance test message 8744
Performance test message 8745
Performance test message 8746
Performance test message 8747
Performance test message 8748
Performance test message 8749
Performance test message 8750
Performance test message 8751
Performance test message 8752
Performance test message 8753
Performance test message 8754
Performance test message 8755
Performance test message 8756
Performance test message 8757
Performance test message 8758
Performance test message 8759
Performance test message 8760
Performance test message 8761
Performance test message 8762
Performance test message 8763
Performance test message 8764
Performance test message 8765
Performance test message 8766
Performance test message 8767
Performance test message 8768
Performance test message 8769
Performance test message 8770
Performance test message 8771
Performance test message 8772
Performance test message 8773
Performance test message 8774
Performance test message 8775
Performance test message 8776
Performance test message 8777
Performance test message 8778
Performance test message 8779
Performance test message 8780
Performance test message 8781
Performance test message 8782
Performance test message 8783
Performance test message 8784
Performance test message 8785
Performance test message 8786
Performance test message 8787
Performance test message 8788
Performance test message 8789
Performance test message 8790
Performance test message 8791
Performance test message 8792
Performance test message 8793
Performance test message 8794
Performance test message 8795
Performance test message 8796
Performance test message 8797
Performance test message 8798
Performance test message 8799
Performance test message 8800
Performance test message 8801
Performance test message 8802
Performance test message 8803
Performance test message 8804
Performance test message 8805
Performance test message 8806
Performance test message 8807
Performance test message 8808
Performance test message 8809
Performance test message 8810
Performance test message 8811
Performance test message 8812
Performance test message 8813
Performance test message 8814
Performance test message 8815
Performance test message 8816
Performance test message 8817
Performance test message 8818
Performance test message 8819
Performance test message 8820
Performance test message 8821
Performance test message 8822
Performance test message 8823
Performance test message 8824
Performance test message 8825
Performance test message 8826
Performance test message 8827
Performance test message 8828
Performance test message 8829
Performance test message 8830
Performance test message 8831
Performance test message 8832
Performance test message 8833
Performance test message 8834
Performance test message 8835
Performance test message 8836
Performance test message 8837
Performance test message 8838
Performance test message 8839
Performance test message 8840
Performance test message 8841
Performance test message 8842
Performance test message 8843
Performance test message 8844
Performance test message 8845
Performance test message 8846
Performance test message 8847
Performance test message 8848
Performance test message 8849
Performance test message 8850
Performance test message 8851
Performance test message 8852
Performance test message 8853
Performance test message 8854
Performance test message 8855
Performance test message 8856
Performance test message 8857
Performance test message 8858
Performance test message 8859
Performance test message 8860
Performance test message 8861
Performance test message 8862
Performance test message 8863
Performance test message 8864
Performance test message 8865
Performance test message 8866
Performance test message 8867
Performance test message 8868
Performance test message 8869
Performance test message 8870
Performance test message 8871
Performance test message 8872
Performance test message 8873
Performance test message 8874
Performance test message 8875
Performance test message 8876
Performance test message 8877
Performance test message 8878
Performance test message 8879
Performance test message 8880
Performance test message 8881
Performance test message 8882
Performance test message 8883
Performance test message 8884
Performance test message 8885
Performance test message 8886
Performance test message 8887
Performance test message 8888
Performance test message 8889
Performance test message 8890
Performance test message 8891
Performance test message 8892
Performance test message 8893
Performance test message 8894
Performance test message 8895
Performance test message 8896
Performance test message 8897
Performance test message 8898
Performance test message 8899
Performance test message 8900
Performance test message 8901
Performance test message 8902
Performance test message 8903
Performance test message 8904
Performance test message 8905
Performance test message 8906
Performance test message 8907
Performance test message 8908
Performance test message 8909
Performance test message 8910
Performance test message 8911
Performance test message 8912
Performance test message 8913
Performance test message 8914
Performance test message 8915
Performance test message 8916
Performance test message 8917
Performance test message 8918
Performance test message 8919
Performance test message 8920
Performance test message 8921
Performance test message 8922
Performance test message 8923
Performance test message 8924
Performance test message 8925
Performance test message 8926
Performance test message 8927
Performance test message 8928
Performance test message 8929
Performance test message 8930
Performance test message 8931
Performance test message 8932
Performance test message 8933
Performance test message 8934
Performance test message 8935
Performance test message 8936
Performance test message 8937
Performance test message 8938
Performance test message 8939
Performance test message 8940
Performance test message 8941
Performance test message 8942
Performance test message 8943
Performance test message 8944
Performance test message 8945
Performance test message 8946
Performance test message 8947
Performance test message 8948
Performance test message 8949
Performance test message 8950
Performance test message 8951
Performance test message 8952
Performance test message 8953
Performance test message 8954
Performance test message 8955
Performance test message 8956
Performance test message 8957
Performance test message 8958
Performance test message 8959
Performance test message 8960
Performance test message 8961
Performance test message 8962
Performance test message 8963
Performance test message 8964
Performance test message 8965
Performance test message 8966
Performance test message 8967
Performance test message 8968
Performance test message 8969
Performance test message 8970
Performance test message 8971
Performance test message 8972
Performance test message 8973
Performance test message 8974
Performance test message 8975
Performance test message 8976
Performance test message 8977
Performance test message 8978
Performance test message 8979
Performance test message 8980
Performance test message 8981
Performance test message 8982
Performance test message 8983
Performance test message 8984
Performance test message 8985
Performance test message 8986
Performance test message 8987
Performance test message 8988
Performance test message 8989
Performance test message 8990
Performance test message 8991
Performance test message 8992
Performance test message 8993
Performance test message 8994
Performance test message 8995
Performance test message 8996
Performance test message 8997
Performance test message 8998
Performance test message 8999
Performance test message 9000
Performance test message 9001
Performance test message 9002
Performance test message 9003
Performance test message 9004
Performance test message 9005
Performance test message 9006
Performance test message 9007
Performance test message 9008
Performance test message 9009
Performance test message 9010
Performance test message 9011
Performance test message 9012
Performance test message 9013
Performance test message 9014
Performance test message 9015
Performance test message 9016
Performance test message 9017
Performance test message 9018
Performance test message 9019
Performance test message 9020
Performance test message 9021
Performance test message 9022
Performance test message 9023
Performance test message 9024
Performance test message 9025
Performance test message 9026
Performance test message 9027
Performance test message 9028
Performance test message 9029
Performance test message 9030
Performance test message 9031
Performance test message 9032
Performance test message 9033
Performance test message 9034
Performance test message 9035
Performance test message 9036
Performance test message 9037
Performance test message 9038
Performance test message 9039
Performance test message 9040
Performance test message 9041
Performance test message 9042
Performance test message 9043
Performance test message 9044
Performance test message 9045
Performance test message 9046
Performance test message 9047
Performance test message 9048
Performance test message 9049
Performance test message 9050
Performance test message 9051
Performance test message 9052
Performance test message 9053
Performance test message 9054
Performance test message 9055
Performance test message 9056
Performance test message 9057
Performance test message 9058
Performance test message 9059
Performance test message 9060
Performance test message 9061
Performance test message 9062
Performance test message 9063
Performance test message 9064
Performance test message 9065
Performance test message 9066
Performance test message 9067
Performance test message 9068
Performance test message 9069
Performance test message 9070
Performance test message 9071
Performance test message 9072
Performance test message 9073
Performance test message 9074
Performance test message 9075
Performance test message 9076
Performance test message 9077
Performance test message 9078
Performance test message 9079
Performance test message 9080
Performance test message 9081
Performance test message 9082
Performance test message 9083
Performance test message 9084
Performance test message 9085
Performance test message 9086
Performance test message 9087
Performance test message 9088
Performance test message 9089
Performance test message 9090
Performance test message 9091
Performance test message 9092
Performance test message 9093
Performance test message 9094
Performance test message 9095
Performance test message 9096
Performance test message 9097
Performance test message 9098
Performance test message 9099
Performance test message 9100
Performance test message 9101
Performance test message 9102
Performance test message 9103
Performance test message 9104
Performance test message 9105
Performance test message 9106
Performance test message 9107
Performance test message 9108
Performance test message 9109
Performance test message 9110
Performance test message 9111
Performance test message 9112
Performance test message 9113
Performance test message 9114
Performance test message 9115
Performance test message 9116
Performance test message 9117
Performance test message 9118
Performance test message 9119
Performance test message 9120
Performance test message 9121
Performance test message 9122
Performance test message 9123
Performance test message 9124
Performance test message 9125
Performance test message 9126
Performance test message 9127
Performance test message 9128
Performance test message 9129
Performance test message 9130
Performance test message 9131
Performance test message 9132
Performance test message 9133
Performance test message 9134
Performance test message 9135
Performance test message 9136
Performance test message 9137
Performance test message 9138
Performance test message 9139
Performance test message 9140
Performance test message 9141
Performance test message 9142
Performance test message 9143
Performance test message 9144
Performance test message 9145
Performance test message 9146
Performance test message 9147
Performance test message 9148
Performance test message 9149
Performance test message 9150
Performance test message 9151
Performance test message 9152
Performance test message 9153
Performance test message 9154
Performance test message 9155
Performance test message 9156
Performance test message 9157
Performance test message 9158
Performance test message 9159
Performance test message 9160
Performance test message 9161
Performance test message 9162
Performance test message 9163
Performance test message 9164
Performance test message 9165
Performance test message 9166
Performance test message 9167
Performance test message 9168
Performance test message 9169
Performance test message 9170
Performance test message 9171
Performance test message 9172
Performance test message 9173
Performance test message 9174
Performance test message 9175
Performance test message 9176
Performance test message 9177
Performance test message 9178
Performance test message 9179
Performance test message 9180
Performance test message 9181
Performance test message 9182
Performance test message 9183
Performance test message 9184
Performance test message 9185
Performance test message 9186
Performance test message 9187
Performance test message 9188
Performance test message 9189
Performance test message 9190
Performance test message 9191
Performance test message 9192
Performance test message 9193
Performance test message 9194
Performance test message 9195
Performance test message 9196
Performance test message 9197
Performance test message 9198
Performance test message 9199
Performance test message 9200
Performance test message 9201
Performance test message 9202
Performance test message 9203
Performance test message 9204
Performance test message 9205
Performance test message 9206
Performance test message 9207
Performance test message 9208
Performance test message 9209
Performance test message 9210
Performance test message 9211
Performance test message 9212
Performance test message 9213
Performance test message 9214
Performance test message 9215
Performance test message 9216
Performance test message 9217
Performance test message 9218
Performance test message 9219
Performance test message 9220
Performance test message 9221
Performance test message 9222
Performance test message 9223
Performance test message 9224
Performance test message 9225
Performance test message 9226
Performance test message 9227
Performance test message 9228
Performance test message 9229
Performance test message 9230
Performance test message 9231
Performance test message 9232
Performance test message 9233
Performance test message 9234
Performance test message 9235
Performance test message 9236
Performance test message 9237
Performance test message 9238
Performance test message 9239
Performance test message 9240
Performance test message 9241
Performance test message 9242
Performance test message 9243
Performance test message 9244
Performance test message 9245
Performance test message 9246
Performance test message 9247
Performance test message 9248
Performance test message 9249
Performance test message 9250
Performance test message 9251
Performance test message 9252
Performance test message 9253
Performance test message 9254
Performance test message 9255
Performance test message 9256
Performance test message 9257
Performance test message 9258
Performance test message 9259
Performance test message 9260
Performance test message 9261
Performance test message 9262
Performance test message 9263
Performance test message 9264
Performance test message 9265
Performance test message 9266
Performance test message 9267
Performance test message 9268
Performance test message 9269
Performance test message 9270
Performance test message 9271
Performance test message 9272
Performance test message 9273
Performance test message 9274
Performance test message 9275
Performance test message 9276
Performance test message 9277
Performance test message 9278
Performance test message 9279
Performance test message 9280
Performance test message 9281
Performance test message 9282
Performance test message 9283
Performance test message 9284
Performance test message 9285
Performance test message 9286
Performance test message 9287
Performance test message 9288
Performance test message 9289
Performance test message 9290
Performance test message 9291
Performance test message 9292
Performance test message 9293
Performance test message 9294
Performance test message 9295
Performance test message 9296
Performance test message 9297
Performance test message 9298
Performance test message 9299
Performance test message 9300
Performance test message 9301
Performance test message 9302
Performance test message 9303
Performance test message 9304
Performance test message 9305
Performance test message 9306
Performance test message 9307
Performance test message 9308
Performance test message 9309
Performance test message 9310
Performance test message 9311
Performance test message 9312
Performance test message 9313
Performance test message 9314
Performance test message 9315
Performance test message 9316
Performance test message 9317
Performance test message 9318
Performance test message 9319
Performance test message 9320
Performance test message 9321
Performance test message 9322
Performance test message 9323
Performance test message 9324
Performance test message 9325
Performance test message 9326
Performance test message 9327
Performance test message 9328
Performance test message 9329
Performance test message 9330
Performance test message 9331
Performance test message 9332
Performance test message 9333
Performance test message 9334
Performance test message 9335
Performance test message 9336
Performance test message 9337
Performance test message 9338
Performance test message 9339
Performance test message 9340
Performance test message 9341
Performance test message 9342
Performance test message 9343
Performance test message 9344
Performance test message 9345
Performance test message 9346
Performance test message 9347
Performance test message 9348
Performance test message 9349
Performance test message 9350
Performance test message 9351
Performance test message 9352
Performance test message 9353
Performance test message 9354
Performance test message 9355
Performance test message 9356
Performance test message 9357
Performance test message 9358
Performance test message 9359
Performance test message 9360
Performance test message 9361
Performance test message 9362
Performance test message 9363
Performance test message 9364
Performance test message 9365
Performance test message 9366
Performance test message 9367
Performance test message 9368
Performance test message 9369
Performance test message 9370
Performance test message 9371
Performance test message 9372
Performance test message 9373
Performance test message 9374
Performance test message 9375
Performance test message 9376
Performance test message 9377
Performance test message 9378
Performance test message 9379
Performance test message 9380
Performance test message 9381
Performance test message 9382
Performance test message 9383
Performance test message 9384
Performance test message 9385
Performance test message 9386
Performance test message 9387
Performance test message 9388
Performance test message 9389
Performance test message 9390
Performance test message 9391
Performance test message 9392
Performance test message 9393
Performance test message 9394
Performance test message 9395
Performance test message 9396
Performance test message 9397
Performance test message 9398
Performance test message 9399
Performance test message 9400
Performance test message 9401
Performance test message 9402
Performance test message 9403
Performance test message 9404
Performance test message 9405
Performance test message 9406
Performance test message 9407
Performance test message 9408
Performance test message 9409
Performance test message 9410
Performance test message 9411
Performance test message 9412
Performance test message 9413
Performance test message 9414
Performance test message 9415
Performance test message 9416
Performance test message 9417
Performance test message 9418
Performance test message 9419
Performance test message 9420
Performance test message 9421
Performance test message 9422
Performance test message 9423
Performance test message 9424
Performance test message 9425
Performance test message 9426
Performance test message 9427
Performance test message 9428
Performance test message 9429
Performance test message 9430
Performance test message 9431
Performance test message 9432
Performance test message 9433
Performance test message 9434
Performance test message 9435
Performance test message 9436
Performance test message 9437
Performance test message 9438
Performance test message 9439
Performance test message 9440
Performance test message 9441
Performance test message 9442
Performance test message 9443
Performance test message 9444
Performance test message 9445
Performance test message 9446
Performance test message 9447
Performance test message 9448
Performance test message 9449
Performance test message 9450
Performance test message 9451
Performance test message 9452
Performance test message 9453
Performance test message 9454
Performance test message 9455
Performance test message 9456
Performance test message 9457
Performance test message 9458
Performance test message 9459
Performance test message 9460
Performance test message 9461
Performance test message 9462
Performance test message 9463
Performance test message 9464
Performance test message 9465
Performance test message 9466
Performance test message 9467
Performance test message 9468
Performance test message 9469
Performance test message 9470
Performance test message 9471
Performance test message 9472
Performance test message 9473
Performance test message 9474
Performance test message 9475
Performance test message 9476
Performance test message 9477
Performance test message 9478
Performance test message 9479
Performance test message 9480
Performance test message 9481
Performance test message 9482
Performance test message 9483
Performance test message 9484
Performance test message 9485
Performance test message 9486
Performance test message 9487
Performance test message 9488
Performance test message 9489
Performance test message 9490
Performance test message 9491
Performance test message 9492
Performance test message 9493
Performance test message 9494
Performance test message 9495
Performance test message 9496
Performance test message 9497
Performance test message 9498
Performance test message 9499
Performance test message 9500
Performance test message 9501
Performance test message 9502
Performance test message 9503
Performance test message 9504
Performance test message 9505
Performance test message 9506
Performance test message 9507
Performance test message 9508
Performance test message 9509
Performance test message 9510
Performance test message 9511
Performance test message 9512
Performance test message 9513
Performance test message 9514
Performance test message 9515
Performance test message 9516
Performance test message 9517
Performance test message 9518
Performance test message 9519
Performance test message 9520
Performance test message 9521
Performance test message 9522
Performance test message 9523
Performance test message 9524
Performance test message 9525
Performance test message 9526
Performance test message 9527
Performance test message 9528
Performance test message 9529
Performance test message 9530
Performance test message 9531
Performance test message 9532
Performance test message 9533
Performance test message 9534
Performance test message 9535
Performance test message 9536
Performance test message 9537
Performance test message 9538
Performance test message 9539
Performance test message 9540
Performance test message 9541
Performance test message 9542
Performance test message 9543
Performance test message 9544
Performance test message 9545
Performance test message 9546
Performance test message 9547
Performance test message 9548
Performance test message 9549
Performance test message 9550
Performance test message 9551
Performance test message 9552
Performance test message 9553
Performance test message 9554
Performance test message 9555
Performance test message 9556
Performance test message 9557
Performance test message 9558
Performance test message 9559
Performance test message 9560
Performance test message 9561
Performance test message 9562
Performance test message 9563
Performance test message 9564
Performance test message 9565
Performance test message 9566
Performance test message 9567
Performance test message 9568
Performance test message 9569
Performance test message 9570
Performance test message 9571
Performance test message 9572
Performance test message 9573
Performance test message 9574
Performance test message 9575
Performance test message 9576
Performance test message 9577
Performance test message 9578
Performance test message 9579
Performance test message 9580
Performance test message 9581
Performance test message 9582
Performance test message 9583
Performance test message 9584
Performance test message 9585
Performance test message 9586
Performance test message 9587
Performance test message 9588
Performance test message 9589
Performance test message 9590
Performance test message 9591
Performance test message 9592
Performance test message 9593
Performance test message 9594
Performance test message 9595
Performance test message 9596
Performance test message 9597
Performance test message 9598
Performance test message 9599
Performance test message 9600
Performance test message 9601
Performance test message 9602
Performance test message 9603
Performance test message 9604
Performance test message 9605
Performance test message 9606
Performance test message 9607
Performance test message 9608
Performance test message 9609
Performance test message 9610
Performance test message 9611
Performance test message 9612
Performance test message 9613
Performance test message 9614
Performance test message 9615
Performance test message 9616
Performance test message 9617
Performance test message 9618
Performance test message 9619
Performance test message 9620
Performance test message 9621
Performance test message 9622
Performance test message 9623
Performance test message 9624
Performance test message 9625
Performance test message 9626
Performance test message 9627
Performance test message 9628
Performance test message 9629
Performance test message 9630
Performance test message 9631
Performance test message 9632
Performance test message 9633
Performance test message 9634
Performance test message 9635
Performance test message 9636
Performance test message 9637
Performance test message 9638
Performance test message 9639
Performance test message 9640
Performance test message 9641
Performance test message 9642
Performance test message 9643
Performance test message 9644
Performance test message 9645
Performance test message 9646
Performance test message 9647
Performance test message 9648
Performance test message 9649
Performance test message 9650
Performance test message 9651
Performance test message 9652
Performance test message 9653
Performance test message 9654
Performance test message 9655
Performance test message 9656
Performance test message 9657
Performance test message 9658
Performance test message 9659
Performance test message 9660
Performance test message 9661
Performance test message 9662
Performance test message 9663
Performance test message 9664
Performance test message 9665
Performance test message 9666
Performance test message 9667
Performance test message 9668
Performance test message 9669
Performance test message 9670
Performance test message 9671
Performance test message 9672
Performance test message 9673
Performance test message 9674
Performance test message 9675
Performance test message 9676
Performance test message 9677
Performance test message 9678
Performance test message 9679
Performance test message 9680
Performance test message 9681
Performance test message 9682
Performance test message 9683
Performance test message 9684
Performance test message 9685
Performance test message 9686
Performance test message 9687
Performance test message 9688
Performance test message 9689
Performance test message 9690
Performance test message 9691
Performance test message 9692
Performance test message 9693
Performance test message 9694
Performance test message 9695
Performance test message 9696
Performance test message 9697
Performance test message 9698
Performance test message 9699
Performance test message 9700
Performance test message 9701
Performance test message 9702
Performance test message 9703
Performance test message 9704
Performance test message 9705
Performance test message 9706
Performance test message 9707
Performance test message 9708
Performance test message 9709
Performance test message 9710
Performance test message 9711
Performance test message 9712
Performance test message 9713
Performance test message 9714
Performance test message 9715
Performance test message 9716
Performance test message 9717
Performance test message 9718
Performance test message 9719
Performance test message 9720
Performance test message 9721
Performance test message 9722
Performance test message 9723
Performance test message 9724
Performance test message 9725
Performance test message 9726
Performance test message 9727
Performance test message 9728
Performance test message 9729
Performance test message 9730
Performance test message 9731
Performance test message 9732
Performance test message 9733
Performance test message 9734
Performance test message 9735
Performance test message 9736
Performance test message 9737
Performance test message 9738
Performance test message 9739
Performance test message 9740
Performance test message 9741
Performance test message 9742
Performance test message 9743
Performance test message 9744
Performance test message 9745
Performance test message 9746
Performance test message 9747
Performance test message 9748
Performance test message 9749
Performance test message 9750
Performance test message 9751
Performance test message 9752
Performance test message 9753
Performance test message 9754
Performance test message 9755
Performance test message 9756
Performance test message 9757
Performance test message 9758
Performance test message 9759
Performance test message 9760
Performance test message 9761
Performance test message 9762
Performance test message 9763
Performance test message 9764
Performance test message 9765
Performance test message 9766
Performance test message 9767
Performance test message 9768
Performance test message 9769
Performance test message 9770
Performance test message 9771
Performance test message 9772
Performance test message 9773
Performance test message 9774
Performance test message 9775
Performance test message 9776
Performance test message 9777
Performance test message 9778
Performance test message 9779
Performance test message 9780
Performance test message 9781
Performance test message 9782
Performance test message 9783
Performance test message 9784
Performance test message 9785
Performance test message 9786
Performance test message 9787
Performance test message 9788
Performance test message 9789
Performance test message 9790
Performance test message 9791
Performance test message 9792
Performance test message 9793
Performance test message 9794
Performance test message 9795
Performance test message 9796
Performance test message 9797
Performance test message 9798
Performance test message 9799
Performance test message 9800
Performance test message 9801
Performance test message 9802
Performance test message 9803
Performance test message 9804
Performance test message 9805
Performance test message 9806
Performance test message 9807
Performance test message 9808
Performance test message 9809
Performance test message 9810
Performance test message 9811
Performance test message 9812
Performance test message 9813
Performance test message 9814
Performance test message 9815
Performance test message 9816
Performance test message 9817
Performance test message 9818
Performance test message 9819
Performance test message 9820
Performance test message 9821
Performance test message 9822
Performance test message 9823
Performance test message 9824
Performance test message 9825
Performance test message 9826
Performance test message 9827
Performance test message 9828
Performance test message 9829
Performance test message 9830
Performance test message 9831
Performance test message 9832
Performance test message 9833
Performance test message 9834
Performance test message 9835
Performance test message 9836
Performance test message 9837
Performance test message 9838
Performance test message 9839
Performance test message 9840
Performance test message 9841
Performance test message 9842
Performance test message 9843
Performance test message 9844
Performance test message 9845
Performance test message 9846
Performance test message 9847
Performance test message 9848
Performance test message 9849
Performance test message 9850
Performance test message 9851
Performance test message 9852
Performance test message 9853
Performance test message 9854
Performance test message 9855
Performance test message 9856
Performance test message 9857
Performance test message 9858
Performance test message 9859
Performance test message 9860
Performance test message 9861
Performance test message 9862
Performance test message 9863
Performance test message 9864
Performance test message 9865
Performance test message 9866
Performance test message 9867
Performance test message 9868
Performance test message 9869
Performance test message 9870
Performance test message 9871
Performance test message 9872
Performance test message 9873
Performance test message 9874
Performance test message 9875
Performance test message 9876
Performance test message 9877
Performance test message 9878
Performance test message 9879
Performance test message 9880
Performance test message 9881
Performance test message 9882
Performance test message 9883
Performance test message 9884
Performance test message 9885
Performance test message 9886
Performance test message 9887
Performance test message 9888
Performance test message 9889
Performance test message 9890
Performance test message 9891
Performance test message 9892
Performance test message 9893
Performance test message 9894
Performance test message 9895
Performance test message 9896
Performance test message 9897
Performance test message 9898
Performance test message 9899
Performance test message 9900
Performance test message 9901
Performance test message 9902
Performance test message 9903
Performance test message 9904
Performance test message 9905
Performance test message 9906
Performance test message 9907
Performance test message 9908
Performance test message 9909
Performance test message 9910
Performance test message 9911
Performance test message 9912
Performance test message 9913
Performance test message 9914
Performance test message 9915
Performance test message 9916
Performance test message 9917
Performance test message 9918
Performance test message 9919
Performance test message 9920
Performance test message 9921
Performance test message 9922
Performance test message 9923
Performance test message 9924
Performance test message 9925
Performance test message 9926
Performance test message 9927
Performance test message 9928
Performance test message 9929
Performance test message 9930
Performance test message 9931
Performance test message 9932
Performance test message 9933
Performance test message 9934
Performance test message 9935
Performance test message 9936
Performance test message 9937
Performance test message 9938
Performance test message 9939
Performance test message 9940
Performance test message 9941
Performance test message 9942
Performance test message 9943
Performance test message 9944
Performance test message 9945
Performance test message 9946
Performance test message 9947
Performance test message 9948
Performance test message 9949
Performance test message 9950
Performance test message 9951
Performance test message 9952
Performance test message 9953
Performance test message 9954
Performance test message 9955
Performance test message 9956
Performance test message 9957
Performance test message 9958
Performance test message 9959
Performance test message 9960
Performance test message 9961
Performance test message 9962
Performance test message 9963
Performance test message 9964
Performance test message 9965
Performance test message 9966
Performance test message 9967
Performance test message 9968
Performance test message 9969
Performance test message 9970
Performance test message 9971
Performance test message 9972
Performance test message 9973
Performance test message 9974
Performance test message 9975
Performance test message 9976
Performance test message 9977
Performance test message 9978
Performance test message 9979
Performance test message 9980
Performance test message 9981
Performance test message 9982
Performance test message 9983
Performance test message 9984
Performance test message 9985
Performance test message 9986
Performance test message 9987
Performance test message 9988
Performance test message 9989
Performance test message 9990
Performance test message 9991
Performance test message 9992
Performance test message 9993
Performance test message 9994
Performance test message 9995
Performance test message 9996
Performance test message 9997
Performance test message 9998
Performance test message 9999
Performance test message 0
Performance test message 1
Performance test message 2
Performance test message 3
Performance test message 4
Performance test message 5
Performance test message 6
Performance test message 7
Performance test message 8
Performance test message 9
Performance test message 10
Performance test message 11
Performance test message 12
Performance test message 13
Performance test message 14
Performance test message 15
Performance test message 16
Performance test message 17
Performance test message 18
Performance test message 19
Performance test message 20
Performance test message 21
Performance test message 22
Performance test message 23
Performance test message 24
Performance test message 25
Performance test message 26
Performance test message 27
Performance test message 28
Performance test message 29
Performance test message 30
Performance test message 31
Performance test message 32
Performance test message 33
Performance test message 34
Performance test message 35
Performance test message 36
Performance test message 37
Performance test message 38
Performance test message 39
Performance test message 40
Performance test message 41
Performance test message 42
Performance test message 43
Performance test message 44
Performance test message 45
Performance test message 46
Performance test message 47
Performance test message 48
Performance test message 49
Performance test message 50
Performance test message 51
Performance test message 52
Performance test message 53
Performance test message 54
Performance test message 55
Performance test message 56
Performance test message 57
Performance test message 58
Performance test message 59
Performance test message 60
Performance test message 61
Performance test message 62
Performance test message 63
Performance test message 64
Performance test message 65
Performance test message 66
Performance test message 67
Performance test message 68
Performance test message 69
Performance test message 70
Performance test message 71
Performance test message 72
Performance test message 73
Performance test message 74
Performance test message 75
Performance test message 76
Performance test message 77
Performance test message 78
Performance test message 79
Performance test message 80
Performance test message 81
Performance test message 82
Performance test message 83
Performance test message 84
Performance test message 85
Performance test message 86
Performance test message 87
Performance test message 88
Performance test message 89
Performance test message 90
Performance test message 91
Performance test message 92
Performance test message 93
Performance test message 94
Performance test message 95
Performance test message 96
Performance test message 97
Performance test message 98
Performance test message 99
Performance test message 100
Performance test message 101
Performance test message 102
Performance test message 103
Performance test message 104
Performance test message 105
Performance test message 106
Performance test message 107
Performance test message 108
Performance test message 109
Performance test message 110
Performance test message 111
Performance test message 112
Performance test message 113
Performance test message 114
Performance test message 115
Performance test message 116
Performance test message 117
Performance test message 118
Performance test message 119
Performance test message 120
Performance test message 121
Performance test message 122
Performance test message 123
Performance test message 124
Performance test message 125
Performance test message 126
Performance test message 127
Performance test message 128
Performance test message 129
Performance test message 130
Performance test message 131
Performance test message 132
Performance test message 133
Performance test message 134
Performance test message 135
Performance test message 136
Performance test message 137
Performance test message 138
Performance test message 139
Performance test message 140
Performance test message 141
Performance test message 142
Performance test message 143
Performance test message 144
Performance test message 145
Performance test message 146
Performance test message 147
Performance test message 148
Performance test message 149
Performance test message 150
Performance test message 151
Performance test message 152
Performance test message 153
Performance test message 154
Performance test message 155
Performance test message 156
Performance test message 157
Performance test message 158
Performance test message 159
Performance test message 160
Performance test message 161
Performance test message 162
Performance test message 163
Performance test message 164
Performance test message 165
Performance test message 166
Performance test message 167
Performance test message 168
Performance test message 169
Performance test message 170
Performance test message 171
Performance test message 172
Performance test message 173
Performance test message 174
Performance test message 175
Performance test message 176
Performance test message 177
Performance test message 178
Performance test message 179
Performance test message 180
Performance test message 181
Performance test message 182
Performance test message 183
Performance test message 184
Performance test message 185
Performance test message 186
Performance test message 187
Performance test message 188
Performance test message 189
Performance test message 190
Performance test message 191
Performance test message 192
Performance test message 193
Performance test message 194
Performance test message 195
Performance test message 196
Performance test message 197
Performance test message 198
Performance test message 199
Performance test message 200
Performance test message 201
Performance test message 202
Performance test message 203
Performance test message 204
Performance test message 205
Performance test message 206
Performance test message 207
Performance test message 208
Performance test message 209
Performance test message 210
Performance test message 211
Performance test message 212
Performance test message 213
Performance test message 214
Performance test message 215
Performance test message 216
Performance test message 217
Performance test message 218
Performance test message 219
Performance test message 220
Performance test message 221
Performance test message 222
Performance test message 223
Performance test message 224
Performance test message 225
Performance test message 226
Performance test message 227
Performance test message 228
Performance test message 229
Performance test message 230
Performance test message 231
Performance test message 232
Performance test message 233
Performance test message 234
Performance test message 235
Performance test message 236
Performance test message 237
Performance test message 238
Performance test message 239
Performance test message 240
Performance test message 241
Performance test message 242
Performance test message 243
Performance test message 244
Performance test message 245
Performance test message 246
Performance test message 247
Performance test message 248
Performance test message 249
Performance test message 250
Performance test message 251
Performance test message 252
Performance test message 253
Performance test message 254
Performance test message 255
Performance test message 256
Performance test message 257
Performance test message 258
Performance test message 259
Performance test message 260
Performance test message 261
Performance test message 262
Performance test message 263
Performance test message 264
Performance test message 265
Performance test message 266
Performance test message 267
Performance test message 268
Performance test message 269
Performance test message 270
Performance test message 271
Performance test message 272
Performance test message 273
Performance test message 274
Performance test message 275
Performance test message 276
Performance test message 277
Performance test message 278
Performance test message 279
Performance test message 280
Performance test message 281
Performance test message 282
Performance test message 283
Performance test message 284
Performance test message 285
Performance test message 286
Performance test message 287
Performance test message 288
Performance test message 289
Performance test message 290
Performance test message 291
Performance test message 292
Performance test message 293
Performance test message 294
Performance test message 295
Performance test message 296
Performance test message 297
Performance test message 298
Performance test message 299
Performance test message 300
Performance test message 301
Performance test message 302
Performance test message 303
Performance test message 304
Performance test message 305
Performance test message 306
Performance test message 307
Performance test message 308
Performance test message 309
Performance test message 310
Performance test message 311
Performance test message 312
Performance test message 313
Performance test message 314
Performance test message 315
Performance test message 316
Performance test message 317
Performance test message 318
Performance test message 319
Performance test message 320
Performance test message 321
Performance test message 322
Performance test message 323
Performance test message 324
Performance test message 325
Performance test message 326
Performance test message 327
Performance test message 328
Performance test message 329
Performance test message 330
Performance test message 331
Performance test message 332
Performance test message 333
Performance test message 334
Performance test message 335
Performance test message 336
Performance test message 337
Performance test message 338
Performance test message 339
Performance test message 340
Performance test message 341
Performance test message 342
Performance test message 343
Performance test message 344
Performance test message 345
Performance test message 346
Performance test message 347
Performance test message 348
Performance test message 349
Performance test message 350
Performance test message 351
Performance test message 352
Performance test message 353
Performance test message 354
Performance test message 355
Performance test message 356
Performance test message 357
Performance test message 358
Performance test message 359
Performance test message 360
Performance test message 361
Performance test message 362
Performance test message 363
Performance test message 364
Performance test message 365
Performance test message 366
Performance test message 367
Performance test message 368
Performance test message 369
Performance test message 370
Performance test message 371
Performance test message 372
Performance test message 373
Performance test message 374
Performance test message 375
Performance test message 376
Performance test message 377
Performance test message 378
Performance test message 379
Performance test message 380
Performance test message 381
Performance test message 382
Performance test message 383
Performance test message 384
Performance test message 385
Performance test message 386
Performance test message 387
Performance test message 388
Performance test message 389
Performance test message 390
Performance test message 391
Performance test message 392
Performance test message 393
Performance test message 394
Performance test message 395
Performance test message 396
Performance test message 397
Performance test message 398
Performance test message 399
Performance test message 400
Performance test message 401
Performance test message 402
Performance test message 403
Performance test message 404
Performance test message 405
Performance test message 406
Performance test message 407
Performance test message 408
Performance test message 409
Performance test message 410
Performance test message 411
Performance test message 412
Performance test message 413
Performance test message 414
Performance test message 415
Performance test message 416
Performance test message 417
Performance test message 418
Performance test message 419
Performance test message 420
Performance test message 421
Performance test message 422
Performance test message 423
Performance test message 424
Performance test message 425
Performance test message 426
Performance test message 427
Performance test message 428
Performance test message 429
Performance test message 430
Performance test message 431
Performance test message 432
Performance test message 433
Performance test message 434
Performance test message 435
Performance test message 436
Performance test message 437
Performance test message 438
Performance test message 439
Performance test message 440
Performance test message 441
Performance test message 442
Performance test message 443
Performance test message 444
Performance test message 445
Performance test message 446
Performance test message 447
Performance test message 448
Performance test message 449
Performance test message 450
Performance test message 451
Performance test message 452
Performance test message 453
Performance test message 454
Performance test message 455
Performance test message 456
Performance test message 457
Performance test message 458
Performance test message 459
Performance test message 460
Performance test message 461
Performance test message 462
Performance test message 463
Performance test message 464
Performance test message 465
Performance test message 466
Performance test message 467
Performance test message 468
Performance test message 469
Performance test message 470
Performance test message 471
Performance test message 472
Performance test message 473
Performance test message 474
Performance test message 475
Performance test message 476
Performance test message 477
Performance test message 478
Performance test message 479
Performance test message 480
Performance test message 481
Performance test message 482
Performance test message 483
Performance test message 484
Performance test message 485
Performance test message 486
Performance test message 487
Performance test message 488
Performance test message 489
Performance test message 490
Performance test message 491
Performance test message 492
Performance test message 493
Performance test message 494
Performance test message 495
Performance test message 496
Performance test message 497
Performance test message 498
Performance test message 499
Performance test message 500
Performance test message 501
Performance test message 502
Performance test message 503
Performance test message 504
Performance test message 505
Performance test message 506
Performance test message 507
Performance test message 508
Performance test message 509
Performance test message 510
Performance test message 511
Performance test message 512
Performance test message 513
Performance test message 514
Performance test message 515
Performance test message 516
Performance test message 517
Performance test message 518
Performance test message 519
Performance test message 520
Performance test message 521
Performance test message 522
Performance test message 523
Performance test message 524
Performance test message 525
Performance test message 526
Performance test message 527
Performance test message 528
Performance test message 529
Performance test message 530
Performance test message 531
Performance test message 532
Performance test message 533
Performance test message 534
Performance test message 535
Performance test message 536
Performance test message 537
Performance test message 538
Performance test message 539
Performance test message 540
Performance test message 541
Performance test message 542
Performance test message 543
Performance test message 544
Performance test message 545
Performance test message 546
Performance test message 547
Performance test message 548
Performance test message 549
Performance test message 550
Performance test message 551
Performance test message 552
Performance test message 553
Performance test message 554
Performance test message 555
Performance test message 556
Performance test message 557
Performance test message 558
Performance test message 559
Performance test message 560
Performance test message 561
Performance test message 562
Performance test message 563
Performance test message 564
Performance test message 565
Performance test message 566
Performance test message 567
Performance test message 568
Performance test message 569
Performance test message 570
Performance test message 571
Performance test message 572
Performance test message 573
Performance test message 574
Performance test message 575
Performance test message 576
Performance test message 577
Performance test message 578
Performance test message 579
Performance test message 580
Performance test message 581
Performance test message 582
Performance test message 583
Performance test message 584
Performance test message 585
Performance test message 586
Performance test message 587
Performance test message 588
Performance test message 589
Performance test message 590
Performance test message 591
Performance test message 592
Performance test message 593
Performance test message 594
Performance test message 595
Performance test message 596
Performance test message 597
Performance test message 598
Performance test message 599
Performance test message 600
Performance test message 601
Performance test message 602
Performance test message 603
Performance test message 604
Performance test message 605
Performance test message 606
Performance test message 607
Performance test message 608
Performance test message 609
Performance test message 610
Performance test message 611
Performance test message 612
Performance test message 613
Performance test message 614
Performance test message 615
Performance test message 616
Performance test message 617
Performance test message 618
Performance test message 619
Performance test message 620
Performance test message 621
Performance test message 622
Performance test message 623
Performance test message 624
Performance test message 625
Performance test message 626
Performance test message 627
Performance test message 628
Performance test message 629
Performance test message 630
Performance test message 631
Performance test message 632
Performance test message 633
Performance test message 634
Performance test message 635
Performance test message 636
Performance test message 637
Performance test message 638
Performance test message 639
Performance test message 640
Performance test message 641
Performance test message 642
Performance test message 643
Performance test message 644
Performance test message 645
Performance test message 646
Performance test message 647
Performance test message 648
Performance test message 649
Performance test message 650
Performance test message 651
Performance test message 652
Performance test message 653
Performance test message 654
Performance test message 655
Performance test message 656
Performance test message 657
Performance test message 658
Performance test message 659
Performance test message 660
Performance test message 661
Performance test message 662
Performance test message 663
Performance test message 664
Performance test message 665
Performance test message 666
Performance test message 667
Performance test message 668
Performance test message 669
Performance test message 670
Performance test message 671
Performance test message 672
Performance test message 673
Performance test message 674
Performance test message 675
Performance test message 676
Performance test message 677
Performance test message 678
Performance test message 679
Performance test message 680
Performance test message 681
Performance test message 682
Performance test message 683
Performance test message 684
Performance test message 685
Performance test message 686
Performance test message 687
Performance test message 688
Performance test message 689
Performance test message 690
Performance test message 691
Performance test message 692
Performance test message 693
Performance test message 694
Performance test message 695
Performance test message 696
Performance test message 697
Performance test message 698
Performance test message 699
Performance test message 700
Performance test message 701
Performance test message 702
Performance test message 703
Performance test message 704
Performance test message 705
Performance test message 706
Performance test message 707
Performance test message 708
Performance test message 709
Performance test message 710
Performance test message 711
Performance test message 712
Performance test message 713
Performance test message 714
Performance test message 715
Performance test message 716
Performance test message 717
Performance test message 718
Performance test message 719
Performance test message 720
Performance test message 721
Performance test message 722
Performance test message 723
Performance test message 724
Performance test message 725
Performance test message 726
Performance test message 727
Performance test message 728
Performance test message 729
Performance test message 730
Performance test message 731
Performance test message 732
Performance test message 733
Performance test message 734
Performance test message 735
Performance test message 736
Performance test message 737
Performance test message 738
Performance test message 739
Performance test message 740
Performance test message 741
Performance test message 742
Performance test message 743
Performance test message 744
Performance test message 745
Performance test message 746
Performance test message 747
Performance test message 748
Performance test message 749
Performance test message 750
Performance test message 751
Performance test message 752
Performance test message 753
Performance test message 754
Performance test message 755
Performance test message 756
Performance test message 757
Performance test message 758
Performance test message 759
Performance test message 760
Performance test message 761
Performance test message 762
Performance test message 763
Performance test message 764
Performance test message 765
Performance test message 766
Performance test message 767
Performance test message 768
Performance test message 769
Performance test message 770
Performance test message 771
Performance test message 772
Performance test message 773
Performance test message 774
Performance test message 775
Performance test message 776
Performance test message 777
Performance test message 778
Performance test message 779
Performance test message 780
Performance test message 781
Performance test message 782
Performance test message 783
Performance test message 784
Performance test message 785
Performance test message 786
Performance test message 787
Performance test message 788
Performance test message 789
Performance test message 790
Performance test message 791
Performance test message 792
Performance test message 793
Performance test message 794
Performance test message 795
Performance test message 796
Performance test message 797
Performance test message 798
Performance test message 799
Performance test message 800
Performance test message 801
Performance test message 802
Performance test message 803
Performance test message 804
Performance test message 805
Performance test message 806
Performance test message 807
Performance test message 808
Performance test message 809
Performance test message 810
Performance test message 811
Performance test message 812
Performance test message 813
Performance test message 814
Performance test message 815
Performance test message 816
Performance test message 817
Performance test message 818
Performance test message 819
Performance test message 820
Performance test message 821
Performance test message 822
Performance test message 823
Performance test message 824
Performance test message 825
Performance test message 826
Performance test message 827
Performance test message 828
Performance test message 829
Performance test message 830
Performance test message 831
Performance test message 832
Performance test message 833
Performance test message 834
Performance test message 835
Performance test message 836
Performance test message 837
Performance test message 838
Performance test message 839
Performance test message 840
Performance test message 841
Performance test message 842
Performance test message 843
Performance test message 844
Performance test message 845
Performance test message 846
Performance test message 847
Performance test message 848
Performance test message 849
Performance test message 850
Performance test message 851
Performance test message 852
Performance test message 853
Performance test message 854
Performance test message 855
Performance test message 856
Performance test message 857
Performance test message 858
Performance test message 859
Performance test message 860
Performance test message 861
Performance test message 862
Performance test message 863
Performance test message 864
Performance test message 865
Performance test message 866
Performance test message 867
Performance test message 868
Performance test message 869
Performance test message 870
Performance test message 871
Performance test message 872
Performance test message 873
Performance test message 874
Performance test message 875
Performance test message 876
Performance test message 877
Performance test message 878
Performance test message 879
Performance test message 880
Performance test message 881
Performance test message 882
Performance test message 883
Performance test message 884
Performance test message 885
Performance test message 886
Performance test message 887
Performance test message 888
Performance test message 889
Performance test message 890
Performance test message 891
Performance test message 892
Performance test message 893
Performance test message 894
Performance test message 895
Performance test message 896
Performance test message 897
Performance test message 898
Performance test message 899
Performance test message 900
Performance test message 901
Performance test message 902
Performance test message 903
Performance test message 904
Performance test message 905
Performance test message 906
Performance test message 907
Performance test message 908
Performance test message 909
Performance test message 910
Performance test message 911
Performance test message 912
Performance test message 913
Performance test message 914
Performance test message 915
Performance test message 916
Performance test message 917
Performance test message 918
Performance test message 919
Performance test message 920
Performance test message 921
Performance test message 922
Performance test message 923
Performance test message 924
Performance test message 925
Performance test message 926
Performance test message 927
Performance test message 928
Performance test message 929
Performance test message 930
Performance test message 931
Performance test message 932
Performance test message 933
Performance test message 934
Performance test message 935
Performance test message 936
Performance test message 937
Performance test message 938
Performance test message 939
Performance test message 940
Performance test message 941
Performance test message 942
Performance test message 943
Performance test message 944
Performance test message 945
Performance test message 946
Performance test message 947
Performance test message 948
Performance test message 949
Performance test message 950
Performance test message 951
Performance test message 952
Performance test message 953
Performance test message 954
Performance test message 955
Performance test message 956
Performance test message 957
Performance test message 958
Performance test message 959
Performance test message 960
Performance test message 961
Performance test message 962
Performance test message 963
Performance test message 964
Performance test message 965
Performance test message 966
Performance test message 967
Performance test message 968
Performance test message 969
Performance test message 970
Performance test message 971
Performance test message 972
Performance test message 973
Performance test message 974
Performance test message 975
Performance test message 976
Performance test message 977
Performance test message 978
Performance test message 979
Performance test message 980
Performance test message 981
Performance test message 982
Performance test message 983
Performance test message 984
Performance test message 985
Performance test message 986
Performance test message 987
Performance test message 988
Performance test message 989
Performance test message 990
Performance test message 991
Performance test message 992
Performance test message 993
Performance test message 994
Performance test message 995
Performance test message 996
Performance test message 997
Performance test message 998
Performance test message 999
Performance test message 1000
Performance test message 1001
Performance test message 1002
Performance test message 1003
Performance test message 1004
Performance test message 1005
Performance test message 1006
Performance test message 1007
Performance test message 1008
Performance test message 1009
Performance test message 1010
Performance test message 1011
Performance test message 1012
Performance test message 1013
Performance test message 1014
Performance test message 1015
Performance test message 1016
Performance test message 1017
Performance test message 1018
Performance test message 1019
Performance test message 1020
Performance test message 1021
Performance test message 1022
Performance test message 1023
Performance test message 1024
Performance test message 1025
Performance test message 1026
Performance test message 1027
Performance test message 1028
Performance test message 1029
Performance test message 1030
Performance test message 1031
Performance test message 1032
Performance test message 1033
Performance test message 1034
Performance test message 1035
Performance test message 1036
Performance test message 1037
Performance test message 1038
Performance test message 1039
Performance test message 1040
Performance test message 1041
Performance test message 1042
Performance test message 1043
Performance test message 1044
Performance test message 1045
Performance test message 1046
Performance test message 1047
Performance test message 1048
Performance test message 1049
Performance test message 1050
Performance test message 1051
Performance test message 1052
Performance test message 1053
Performance test message 1054
Performance test message 1055
Performance test message 1056
Performance test message 1057
Performance test message 1058
Performance test message 1059
Performance test message 1060
Performance test message 1061
Performance test message 1062
Performance test message 1063
Performance test message 1064
Performance test message 1065
Performance test message 1066
Performance test message 1067
Performance test message 1068
Performance test message 1069
Performance test message 1070
Performance test message 1071
Performance test message 1072
Performance test message 1073
Performance test message 1074
Performance test message 1075
Performance test message 1076
Performance test message 1077
Performance test message 1078
Performance test message 1079
Performance test message 1080
Performance test message 1081
Performance test message 1082
Performance test message 1083
Performance test message 1084
Performance test message 1085
Performance test message 1086
Performance test message 1087
Performance test message 1088
Performance test message 1089
Performance test message 1090
Performance test message 1091
Performance test message 1092
Performance test message 1093
Performance test message 1094
Performance test message 1095
Performance test message 1096
Performance test message 1097
Performance test message 1098
Performance test message 1099
Performance test message 1100
Performance test message 1101
Performance test message 1102
Performance test message 1103
Performance test message 1104
Performance test message 1105
Performance test message 1106
Performance test message 1107
Performance test message 1108
Performance test message 1109
Performance test message 1110
Performance test message 1111
Performance test message 1112
Performance test message 1113
Performance test message 1114
Performance test message 1115
Performance test message 1116
Performance test message 1117
Performance test message 1118
Performance test message 1119
Performance test message 1120
Performance test message 1121
Performance test message 1122
Performance test message 1123
Performance test message 1124
Performance test message 1125
Performance test message 1126
Performance test message 1127
Performance test message 1128
Performance test message 1129
Performance test message 1130
Performance test message 1131
Performance test message 1132
Performance test message 1133
Performance test message 1134
Performance test message 1135
Performance test message 1136
Performance test message 1137
Performance test message 1138
Performance test message 1139
Performance test message 1140
Performance test message 1141
Performance test message 1142
Performance test message 1143
Performance test message 1144
Performance test message 1145
Performance test message 1146
Performance test message 1147
Performance test message 1148
Performance test message 1149
Performance test message 1150
Performance test message 1151
Performance test message 1152
Performance test message 1153
Performance test message 1154
Performance test message 1155
Performance test message 1156
Performance test message 1157
Performance test message 1158
Performance test message 1159
Performance test message 1160
Performance test message 1161
Performance test message 1162
Performance test message 1163
Performance test message 1164
Performance test message 1165
Performance test message 1166
Performance test message 1167
Performance test message 1168
Performance test message 1169
Performance test message 1170
Performance test message 1171
Performance test message 1172
Performance test message 1173
Performance test message 1174
Performance test message 1175
Performance test message 1176
Performance test message 1177
Performance test message 1178
Performance test message 1179
Performance test message 1180
Performance test message 1181
Performance test message 1182
Performance test message 1183
Performance test message 1184
Performance test message 1185
Performance test message 1186
Performance test message 1187
Performance test message 1188
Performance test message 1189
Performance test message 1190
Performance test message 1191
Performance test message 1192
Performance test message 1193
Performance test message 1194
Performance test message 1195
Performance test message 1196
Performance test message 1197
Performance test message 1198
Performance test message 1199
Performance test message 1200
Performance test message 1201
Performance test message 1202
Performance test message 1203
Performance test message 1204
Performance test message 1205
Performance test message 1206
Performance test message 1207
Performance test message 1208
Performance test message 1209
Performance test message 1210
Performance test message 1211
Performance test message 1212
Performance test message 1213
Performance test message 1214
Performance test message 1215
Performance test message 1216
Performance test message 1217
Performance test message 1218
Performance test message 1219
Performance test message 1220
Performance test message 1221
Performance test message 1222
Performance test message 1223
Performance test message 1224
Performance test message 1225
Performance test message 1226
Performance test message 1227
Performance test message 1228
Performance test message 1229
Performance test message 1230
Performance test message 1231
Performance test message 1232
Performance test message 1233
Performance test message 1234
Performance test message 1235
Performance test message 1236
Performance test message 1237
Performance test message 1238
Performance test message 1239
Performance test message 1240
Performance test message 1241
Performance test message 1242
Performance test message 1243
Performance test message 1244
Performance test message 1245
Performance test message 1246
Performance test message 1247
Performance test message 1248
Performance test message 1249
Performance test message 1250
Performance test message 1251
Performance test message 1252
Performance test message 1253
Performance test message 1254
Performance test message 1255
Performance test message 1256
Performance test message 1257
Performance test message 1258
Performance test message 1259
Performance test message 1260
Performance test message 1261
Performance test message 1262
Performance test message 1263
Performance test message 1264
Performance test message 1265
Performance test message 1266
Performance test message 1267
Performance test message 1268
Performance test message 1269
Performance test message 1270
Performance test message 1271
Performance test message 1272
Performance test message 1273
Performance test message 1274
Performance test message 1275
Performance test message 1276
Performance test message 1277
Performance test message 1278
Performance test message 1279
Performance test message 1280
Performance test message 1281
Performance test message 1282
Performance test message 1283
Performance test message 1284
Performance test message 1285
Performance test message 1286
Performance test message 1287
Performance test message 1288
Performance test message 1289
Performance test message 1290
Performance test message 1291
Performance test message 1292
Performance test message 1293
Performance test message 1294
Performance test message 1295
Performance test message 1296
Performance test message 1297
Performance test message 1298
Performance test message 1299
Performance test message 1300
Performance test message 1301
Performance test message 1302
Performance test message 1303
Performance test message 1304
Performance test message 1305
Performance test message 1306
Performance test message 1307
Performance test message 1308
Performance test message 1309
Performance test message 1310
Performance test message 1311
Performance test message 1312
Performance test message 1313
Performance test message 1314
Performance test message 1315
Performance test message 1316
Performance test message 1317
Performance test message 1318
Performance test message 1319
Performance test message 1320
Performance test message 1321
Performance test message 1322
Performance test message 1323
Performance test message 1324
Performance test message 1325
Performance test message 1326
Performance test message 1327
Performance test message 1328
Performance test message 1329
Performance test message 1330
Performance test message 1331
Performance test message 1332
Performance test message 1333
Performance test message 1334
Performance test message 1335
Performance test message 1336
Performance test message 1337
Performance test message 1338
Performance test message 1339
Performance test message 1340
Performance test message 1341
Performance test message 1342
Performance test message 1343
Performance test message 1344
Performance test message 1345
Performance test message 1346
Performance test message 1347
Performance test message 1348
Performance test message 1349
Performance test message 1350
Performance test message 1351
Performance test message 1352
Performance test message 1353
Performance test message 1354
Performance test message 1355
Performance test message 1356
Performance test message 1357
Performance test message 1358
Performance test message 1359
Performance test message 1360
Performance test message 1361
Performance test message 1362
Performance test message 1363
Performance test message 1364
Performance test message 1365
Performance test message 1366
Performance test message 1367
Performance test message 1368
Performance test message 1369
Performance test message 1370
Performance test message 1371
Performance test message 1372
Performance test message 1373
Performance test message 1374
Performance test message 1375
Performance test message 1376
Performance test message 1377
Performance test message 1378
Performance test message 1379
Performance test message 1380
Performance test message 1381
Performance test message 1382
Performance test message 1383
Performance test message 1384
Performance test message 1385
Performance test message 1386
Performance test message 1387
Performance test message 1388
Performance test message 1389
Performance test message 1390
Performance test message 1391
Performance test message 1392
Performance test message 1393
Performance test message 1394
Performance test message 1395
Performance test message 1396
Performance test message 1397
Performance test message 1398
Performance test message 1399
Performance test message 1400
Performance test message 1401
Performance test message 1402
Performance test message 1403
Performance test message 1404
Performance test message 1405
Performance test message 1406
Performance test message 1407
Performance test message 1408
Performance test message 1409
Performance test message 1410
Performance test message 1411
Performance test message 1412
Performance test message 1413
Performance test message 1414
Performance test message 1415
Performance test message 1416
Performance test message 1417
Performance test message 1418
Performance test message 1419
Performance test message 1420
Performance test message 1421
Performance test message 1422
Performance test message 1423
Performance test message 1424
Performance test message 1425
Performance test message 1426
Performance test message 1427
Performance test message 1428
Performance test message 1429
Performance test message 1430
Performance test message 1431
Performance test message 1432
Performance test message 1433
Performance test message 1434
Performance test message 1435
Performance test message 1436
Performance test message 1437
Performance test message 1438
Performance test message 1439
Performance test message 1440
Performance test message 1441
Performance test message 1442
Performance test message 1443
Performance test message 1444
Performance test message 1445
Performance test message 1446
Performance test message 1447
Performance test message 1448
Performance test message 1449
Performance test message 1450
Performance test message 1451
Performance test message 1452
Performance test message 1453
Performance test message 1454
Performance test message 1455
Performance test message 1456
Performance test message 1457
Performance test message 1458
Performance test message 1459
Performance test message 1460
Performance test message 1461
Performance test message 1462
Performance test message 1463
Performance test message 1464
Performance test message 1465
Performance test message 1466
Performance test message 1467
Performance test message 1468
Performance test message 1469
Performance test message 1470
Performance test message 1471
Performance test message 1472
Performance test message 1473
Performance test message 1474
Performance test message 1475
Performance test message 1476
Performance test message 1477
Performance test message 1478
Performance test message 1479
Performance test message 1480
Performance test message 1481
Performance test message 1482
Performance test message 1483
Performance test message 1484
Performance test message 1485
Performance test message 1486
Performance test message 1487
Performance test message 1488
Performance test message 1489
Performance test message 1490
Performance test message 1491
Performance test message 1492
Performance test message 1493
Performance test message 1494
Performance test message 1495
Performance test message 1496
Performance test message 1497
Performance test message 1498
Performance test message 1499
Performance test message 1500
Performance test message 1501
Performance test message 1502
Performance test message 1503
Performance test message 1504
Performance test message 1505
Performance test message 1506
Performance test message 1507
Performance test message 1508
Performance test message 1509
Performance test message 1510
Performance test message 1511
Performance test message 1512
Performance test message 1513
Performance test message 1514
Performance test message 1515
Performance test message 1516
Performance test message 1517
Performance test message 1518
Performance test message 1519
Performance test message 1520
Performance test message 1521
Performance test message 1522
Performance test message 1523
Performance test message 1524
Performance test message 1525
Performance test message 1526
Performance test message 1527
Performance test message 1528
Performance test message 1529
Performance test message 1530
Performance test message 1531
Performance test message 1532
Performance test message 1533
Performance test message 1534
Performance test message 1535
Performance test message 1536
Performance test message 1537
Performance test message 1538
Performance test message 1539
Performance test message 1540
Performance test message 1541
Performance test message 1542
Performance test message 1543
Performance test message 1544
Performance test message 1545
Performance test message 1546
Performance test message 1547
Performance test message 1548
Performance test message 1549
Performance test message 1550
Performance test message 1551
Performance test message 1552
Performance test message 1553
Performance test message 1554
Performance test message 1555
Performance test message 1556
Performance test message 1557
Performance test message 1558
Performance test message 1559
Performance test message 1560
Performance test message 1561
Performance test message 1562
Performance test message 1563
Performance test message 1564
Performance test message 1565
Performance test message 1566
Performance test message 1567
Performance test message 1568
Performance test message 1569
Performance test message 1570
Performance test message 1571
Performance test message 1572
Performance test message 1573
Performance test message 1574
Performance test message 1575
Performance test message 1576
Performance test message 1577
Performance test message 1578
Performance test message 1579
Performance test message 1580
Performance test message 1581
Performance test message 1582
Performance test message 1583
Performance test message 1584
Performance test message 1585
Performance test message 1586
Performance test message 1587
Performance test message 1588
Performance test message 1589
Performance test message 1590
Performance test message 1591
Performance test message 1592
Performance test message 1593
Performance test message 1594
Performance test message 1595
Performance test message 1596
Performance test message 1597
Performance test message 1598
Performance test message 1599
Performance test message 1600
Performance test message 1601
Performance test message 1602
Performance test message 1603
Performance test message 1604
Performance test message 1605
Performance test message 1606
Performance test message 1607
Performance test message 1608
Performance test message 1609
Performance test message 1610
Performance test message 1611
Performance test message 1612
Performance test message 1613
Performance test message 1614
Performance test message 1615
Performance test message 1616
Performance test message 1617
Performance test message 1618
Performance test message 1619
Performance test message 1620
Performance test message 1621
Performance test message 1622
Performance test message 1623
Performance test message 1624
Performance test message 1625
Performance test message 1626
Performance test message 1627
Performance test message 1628
Performance test message 1629
Performance test message 1630
Performance test message 1631
Performance test message 1632
Performance test message 1633
Performance test message 1634
Performance test message 1635
Performance test message 1636
Performance test message 1637
Performance test message 1638
Performance test message 1639
Performance test message 1640
Performance test message 1641
Performance test message 1642
Performance test message 1643
Performance test message 1644
Performance test message 1645
Performance test message 1646
Performance test message 1647
Performance test message 1648
Performance test message 1649
Performance test message 1650
Performance test message 1651
Performance test message 1652
Performance test message 1653
Performance test message 1654
Performance test message 1655
Performance test message 1656
Performance test message 1657
Performance test message 1658
Performance test message 1659
Performance test message 1660
Performance test message 1661
Performance test message 1662
Performance test message 1663
Performance test message 1664
Performance test message 1665
Performance test message 1666
Performance test message 1667
Performance test message 1668
Performance test message 1669
Performance test message 1670
Performance test message 1671
Performance test message 1672
Performance test message 1673
Performance test message 1674
Performance test message 1675
Performance test message 1676
Performance test message 1677
Performance test message 1678
Performance test message 1679
Performance test message 1680
Performance test message 1681
Performance test message 1682
Performance test message 1683
Performance test message 1684
Performance test message 1685
Performance test message 1686
Performance test message 1687
Performance test message 1688
Performance test message 1689
Performance test message 1690
Performance test message 1691
Performance test message 1692
Performance test message 1693
Performance test message 1694
Performance test message 1695
Performance test message 1696
Performance test message 1697
Performance test message 1698
Performance test message 1699
Performance test message 1700
Performance test message 1701
Performance test message 1702
Performance test message 1703
Performance test message 1704
Performance test message 1705
Performance test message 1706
Performance test message 1707
Performance test message 1708
Performance test message 1709
Performance test message 1710
Performance test message 1711
Performance test message 1712
Performance test message 1713
Performance test message 1714
Performance test message 1715
Performance test message 1716
Performance test message 1717
Performance test message 1718
Performance test message 1719
Performance test message 1720
Performance test message 1721
Performance test message 1722
Performance test message 1723
Performance test message 1724
Performance test message 1725
Performance test message 1726
Performance test message 1727
Performance test message 1728
Performance test message 1729
Performance test message 1730
Performance test message 1731
Performance test message 1732
Performance test message 1733
Performance test message 1734
Performance test message 1735
Performance test message 1736
Performance test message 1737
Performance test message 1738
Performance test message 1739
Performance test message 1740
Performance test message 1741
Performance test message 1742
Performance test message 1743
Performance test message 1744
Performance test message 1745
Performance test message 1746
Performance test message 1747
Performance test message 1748
Performance test message 1749
Performance test message 1750
Performance test message 1751
Performance test message 1752
Performance test message 1753
Performance test message 1754
Performance test message 1755
Performance test message 1756
Performance test message 1757
Performance test message 1758
Performance test message 1759
Performance test message 1760
Performance test message 1761
Performance test message 1762
Performance test message 1763
Performance test message 1764
Performance test message 1765
Performance test message 1766
Performance test message 1767
Performance test message 1768
Performance test message 1769
Performance test message 1770
Performance test message 1771
Performance test message 1772
Performance test message 1773
Performance test message 1774
Performance test message 1775
Performance test message 1776
Performance test message 1777
Performance test message 1778
Performance test message 1779
Performance test message 1780
Performance test message 1781
Performance test message 1782
Performance test message 1783
Performance test message 1784
Performance test message 1785
Performance test message 1786
Performance test message 1787
Performance test message 1788
Performance test message 1789
Performance test message 1790
Performance test message 1791
Performance test message 1792
Performance test message 1793
Performance test message 1794
Performance test message 1795
Performance test message 1796
Performance test message 1797
Performance test message 1798
Performance test message 1799
Performance test message 1800
Performance test message 1801
Performance test message 1802
Performance test message 1803
Performance test message 1804
Performance test message 1805
Performance test message 1806
Performance test message 1807
Performance test message 1808
Performance test message 1809
Performance test message 1810
Performance test message 1811
Performance test message 1812
Performance test message 1813
Performance test message 1814
Performance test message 1815
Performance test message 1816
Performance test message 1817
Performance test message 1818
Performance test message 1819
Performance test message 1820
Performance test message 1821
Performance test message 1822
Performance test message 1823
Performance test message 1824
Performance test message 1825
Performance test message 1826
Performance test message 1827
Performance test message 1828
Performance test message 1829
Performance test message 1830
Performance test message 1831
Performance test message 1832
Performance test message 1833
Performance test message 1834
Performance test message 1835
Performance test message 1836
Performance test message 1837
Performance test message 1838
Performance test message 1839
Performance test message 1840
Performance test message 1841
Performance test message 1842
Performance test message 1843
Performance test message 1844
Performance test message 1845
Performance test message 1846
Performance test message 1847
Performance test message 1848
Performance test message 1849
Performance test message 1850
Performance test message 1851
Performance test message 1852
Performance test message 1853
Performance test message 1854
Performance test message 1855
Performance test message 1856
Performance test message 1857
Performance test message 1858
Performance test message 1859
Performance test message 1860
Performance test message 1861
Performance test message 1862
Performance test message 1863
Performance test message 1864
Performance test message 1865
Performance test message 1866
Performance test message 1867
Performance test message 1868
Performance test message 1869
Performance test message 1870
Performance test message 1871
Performance test message 1872
Performance test message 1873
Performance test message 1874
Performance test message 1875
Performance test message 1876
Performance test message 1877
Performance test message 1878
Performance test message 1879
Performance test message 1880
Performance test message 1881
Performance test message 1882
Performance test message 1883
Performance test message 1884
Performance test message 1885
Performance test message 1886
Performance test message 1887
Performance test message 1888
Performance test message 1889
Performance test message 1890
Performance test message 1891
Performance test message 1892
Performance test message 1893
Performance test message 1894
Performance test message 1895
Performance test message 1896
Performance test message 1897
Performance test message 1898
Performance test message 1899
Performance test message 1900
Performance test message 1901
Performance test message 1902
Performance test message 1903
Performance test message 1904
Performance test message 1905
Performance test message 1906
Performance test message 1907
Performance test message 1908
Performance test message 1909
Performance test message 1910
Performance test message 1911
Performance test message 1912
Performance test message 1913
Performance test message 1914
Performance test message 1915
Performance test message 1916
Performance test message 1917
Performance test message 1918
Performance test message 1919
Performance test message 1920
Performance test message 1921
Performance test message 1922
Performance test message 1923
Performance test message 1924
Performance test message 1925
Performance test message 1926
Performance test message 1927
Performance test message 1928
Performance test message 1929
Performance test message 1930
Performance test message 1931
Performance test message 1932
Performance test message 1933
Performance test message 1934
Performance test message 1935
Performance test message 1936
Performance test message 1937
Performance test message 1938
Performance test message 1939
Performance test message 1940
Performance test message 1941
Performance test message 1942
Performance test message 1943
Performance test message 1944
Performance test message 1945
Performance test message 1946
Performance test message 1947
Performance test message 1948
Performance test message 1949
Performance test message 1950
Performance test message 1951
Performance test message 1952
Performance test message 1953
Performance test message 1954
Performance test message 1955
Performance test message 1956
Performance test message 1957
Performance test message 1958
Performance test message 1959
Performance test message 1960
Performance test message 1961
Performance test message 1962
Performance test message 1963
Performance test message 1964
Performance test message 1965
Performance test message 1966
Performance test message 1967
Performance test message 1968
Performance test message 1969
Performance test message 1970
Performance test message 1971
Performance test message 1972
Performance test message 1973
Performance test message 1974
Performance test message 1975
Performance test message 1976
Performance test message 1977
Performance test message 1978
Performance test message 1979
Performance test message 1980
Performance test message 1981
Performance test message 1982
Performance test message 1983
Performance test message 1984
Performance test message 1985
Performance test message 1986
Performance test message 1987
Performance test message 1988
Performance test message 1989
Performance test message 1990
Performance test message 1991
Performance test message 1992
Performance test message 1993
Performance test message 1994
Performance test message 1995
Performance test message 1996
Performance test message 1997
Performance test message 1998
Performance test message 1999
Performance test message 2000
Performance test message 2001
Performance test message 2002
Performance test message 2003
Performance test message 2004
Performance test message 2005
Performance test message 2006
Performance test message 2007
Performance test message 2008
Performance test message 2009
Performance test message 2010
Performance test message 2011
Performance test message 2012
Performance test message 2013
Performance test message 2014
Performance test message 2015
Performance test message 2016
Performance test message 2017
Performance test message 2018
Performance test message 2019
Performance test message 2020
Performance test message 2021
Performance test message 2022
Performance test message 2023
Performance test message 2024
Performance test message 2025
Performance test message 2026
Performance test message 2027
Performance test message 2028
Performance test message 2029
Performance test message 2030
Performance test message 2031
Performance test message 2032
Performance test message 2033
Performance test message 2034
Performance test message 2035
Performance test message 2036
Performance test message 2037
Performance test message 2038
Performance test message 2039
Performance test message 2040
Performance test message 2041
Performance test message 2042
Performance test message 2043
Performance test message 2044
Performance test message 2045
Performance test message 2046
Performance test message 2047
Performance test message 2048
Performance test message 2049
Performance test message 2050
Performance test message 2051
Performance test message 2052
Performance test message 2053
Performance test message 2054
Performance test message 2055
Performance test message 2056
Performance test message 2057
Performance test message 2058
Performance test message 2059
Performance test message 2060
Performance test message 2061
Performance test message 2062
Performance test message 2063
Performance test message 2064
Performance test message 2065
Performance test message 2066
Performance test message 2067
Performance test message 2068
Performance test message 2069
Performance test message 2070
Performance test message 2071
Performance test message 2072
Performance test message 2073
Performance test message 2074
Performance test message 2075
Performance test message 2076
Performance test message 2077
Performance test message 2078
Performance test message 2079
Performance test message 2080
Performance test message 2081
Performance test message 2082
Performance test message 2083
Performance test message 2084
Performance test message 2085
Performance test message 2086
Performance test message 2087
Performance test message 2088
Performance test message 2089
Performance test message 2090
Performance test message 2091
Performance test message 2092
Performance test message 2093
Performance test message 2094
Performance test message 2095
Performance test message 2096
Performance test message 2097
Performance test message 2098
Performance test message 2099
Performance test message 2100
Performance test message 2101
Performance test message 2102
Performance test message 2103
Performance test message 2104
Performance test message 2105
Performance test message 2106
Performance test message 2107
Performance test message 2108
Performance test message 2109
Performance test message 2110
Performance test message 2111
Performance test message 2112
Performance test message 2113
Performance test message 2114
Performance test message 2115
Performance test message 2116
Performance test message 2117
Performance test message 2118
Performance test message 2119
Performance test message 2120
Performance test message 2121
Performance test message 2122
Performance test message 2123
Performance test message 2124
Performance test message 2125
Performance test message 2126
Performance test message 2127
Performance test message 2128
Performance test message 2129
Performance test message 2130
Performance test message 2131
Performance test message 2132
Performance test message 2133
Performance test message 2134
Performance test message 2135
Performance test message 2136
Performance test message 2137
Performance test message 2138
Performance test message 2139
Performance test message 2140
Performance test message 2141
Performance test message 2142
Performance test message 2143
Performance test message 2144
Performance test message 2145
Performance test message 2146
Performance test message 2147
Performance test message 2148
Performance test message 2149
Performance test message 2150
Performance test message 2151
Performance test message 2152
Performance test message 2153
Performance test message 2154
Performance test message 2155
Performance test message 2156
Performance test message 2157
Performance test message 2158
Performance test message 2159
Performance test message 2160
Performance test message 2161
Performance test message 2162
Performance test message 2163
Performance test message 2164
Performance test message 2165
Performance test message 2166
Performance test message 2167
Performance test message 2168
Performance test message 2169
Performance test message 2170
Performance test message 2171
Performance test message 2172
Performance test message 2173
Performance test message 2174
Performance test message 2175
Performance test message 2176
Performance test message 2177
Performance test message 2178
Performance test message 2179
Performance test message 2180
Performance test message 2181
Performance test message 2182
Performance test message 2183
Performance test message 2184
Performance test message 2185
Performance test message 2186
Performance test message 2187
Performance test message 2188
Performance test message 2189
Performance test message 2190
Performance test message 2191
Performance test message 2192
Performance test message 2193
Performance test message 2194
Performance test message 2195
Performance test message 2196
Performance test message 2197
Performance test message 2198
Performance test message 2199
Performance test message 2200
Performance test message 2201
Performance test message 2202
Performance test message 2203
Performance test message 2204
Performance test message 2205
Performance test message 2206
Performance test message 2207
Performance test message 2208
Performance test message 2209
Performance test message 2210
Performance test message 2211
Performance test message 2212
Performance test message 2213
Performance test message 2214
Performance test message 2215
Performance test message 2216
Performance test message 2217
Performance test message 2218
Performance test message 2219
Performance test message 2220
Performance test message 2221
Performance test message 2222
Performance test message 2223
Performance test message 2224
Performance test message 2225
Performance test message 2226
Performance test message 2227
Performance test message 2228
Performance test message 2229
Performance test message 2230
Performance test message 2231
Performance test message 2232
Performance test message 2233
Performance test message 2234
Performance test message 2235
Performance test message 2236
Performance test message 2237
Performance test message 2238
Performance test message 2239
Performance test message 2240
Performance test message 2241
Performance test message 2242
Performance test message 2243
Performance test message 2244
Performance test message 2245
Performance test message 2246
Performance test message 2247
Performance test message 2248
Performance test message 2249
Performance test message 2250
Performance test message 2251
Performance test message 2252
Performance test message 2253
Performance test message 2254
Performance test message 2255
Performance test message 2256
Performance test message 2257
Performance test message 2258
Performance test message 2259
Performance test message 2260
Performance test message 2261
Performance test message 2262
Performance test message 2263
Performance test message 2264
Performance test message 2265
Performance test message 2266
Performance test message 2267
Performance test message 2268
Performance test message 2269
Performance test message 2270
Performance test message 2271
Performance test message 2272
Performance test message 2273
Performance test message 2274
Performance test message 2275
Performance test message 2276
Performance test message 2277
Performance test message 2278
Performance test message 2279
Performance test message 2280
Performance test message 2281
Performance test message 2282
Performance test message 2283
Performance test message 2284
Performance test message 2285
Performance test message 2286
Performance test message 2287
Performance test message 2288
Performance test message 2289
Performance test message 2290
Performance test message 2291
Performance test message 2292
Performance test message 2293
Performance test message 2294
Performance test message 2295
Performance test message 2296
Performance test message 2297
Performance test message 2298
Performance test message 2299
Performance test message 2300
Performance test message 2301
Performance test message 2302
Performance test message 2303
Performance test message 2304
Performance test message 2305
Performance test message 2306
Performance test message 2307
Performance test message 2308
Performance test message 2309
Performance test message 2310
Performance test message 2311
Performance test message 2312
Performance test message 2313
Performance test message 2314
Performance test message 2315
Performance test message 2316
Performance test message 2317
Performance test message 2318
Performance test message 2319
Performance test message 2320
Performance test message 2321
Performance test message 2322
Performance test message 2323
Performance test message 2324
Performance test message 2325
Performance test message 2326
Performance test message 2327
Performance test message 2328
Performance test message 2329
Performance test message 2330
Performance test message 2331
Performance test message 2332
Performance test message 2333
Performance test message 2334
Performance test message 2335
Performance test message 2336
Performance test message 2337
Performance test message 2338
Performance test message 2339
Performance test message 2340
Performance test message 2341
Performance test message 2342
Performance test message 2343
Performance test message 2344
Performance test message 2345
Performance test message 2346
Performance test message 2347
Performance test message 2348
Performance test message 2349
Performance test message 2350
Performance test message 2351
Performance test message 2352
Performance test message 2353
Performance test message 2354
Performance test message 2355
Performance test message 2356
Performance test message 2357
Performance test message 2358
Performance test message 2359
Performance test message 2360
Performance test message 2361
Performance test message 2362
Performance test message 2363
Performance test message 2364
Performance test message 2365
Performance test message 2366
Performance test message 2367
Performance test message 2368
Performance test message 2369
Performance test message 2370
Performance test message 2371
Performance test message 2372
Performance test message 2373
Performance test message 2374
Performance test message 2375
Performance test message 2376
Performance test message 2377
Performance test message 2378
Performance test message 2379
Performance test message 2380
Performance test message 2381
Performance test message 2382
Performance test message 2383
Performance test message 2384
Performance test message 2385
Performance test message 2386
Performance test message 2387
Performance test message 2388
Performance test message 2389
Performance test message 2390
Performance test message 2391
Performance test message 2392
Performance test message 2393
Performance test message 2394
Performance test message 2395
Performance test message 2396
Performance test message 2397
Performance test message 2398
Performance test message 2399
Performance test message 2400
Performance test message 2401
Performance test message 2402
Performance test message 2403
Performance test message 2404
Performance test message 2405
Performance test message 2406
Performance test message 2407
Performance test message 2408
Performance test message 2409
Performance test message 2410
Performance test message 2411
Performance test message 2412
Performance test message 2413
Performance test message 2414
Performance test message 2415
Performance test message 2416
Performance test message 2417
Performance test message 2418
Performance test message 2419
Performance test message 2420
Performance test message 2421
Performance test message 2422
Performance test message 2423
Performance test message 2424
Performance test message 2425
Performance test message 2426
Performance test message 2427
Performance test message 2428
Performance test message 2429
Performance test message 2430
Performance test message 2431
Performance test message 2432
Performance test message 2433
Performance test message 2434
Performance test message 2435
Performance test message 2436
Performance test message 2437
Performance test message 2438
Performance test message 2439
Performance test message 2440
Performance test message 2441
Performance test message 2442
Performance test message 2443
Performance test message 2444
Performance test message 2445
Performance test message 2446
Performance test message 2447
Performance test message 2448
Performance test message 2449
Performance test message 2450
Performance test message 2451
Performance test message 2452
Performance test message 2453
Performance test message 2454
Performance test message 2455
Performance test message 2456
Performance test message 2457
Performance test message 2458
Performance test message 2459
Performance test message 2460
Performance test message 2461
Performance test message 2462
Performance test message 2463
Performance test message 2464
Performance test message 2465
Performance test message 2466
Performance test message 2467
Performance test message 2468
Performance test message 2469
Performance test message 2470
Performance test message 2471
Performance test message 2472
Performance test message 2473
Performance test message 2474
Performance test message 2475
Performance test message 2476
Performance test message 2477
Performance test message 2478
Performance test message 2479
Performance test message 2480
Performance test message 2481
Performance test message 2482
Performance test message 2483
Performance test message 2484
Performance test message 2485
Performance test message 2486
Performance test message 2487
Performance test message 2488
Performance test message 2489
Performance test message 2490
Performance test message 2491
Performance test message 2492
Performance test message 2493
Performance test message 2494
Performance test message 2495
Performance test message 2496
Performance test message 2497
Performance test message 2498
Performance test message 2499
Performance test message 2500
Performance test message 2501
Performance test message 2502
Performance test message 2503
Performance test message 2504
Performance test message 2505
Performance test message 2506
Performance test message 2507
Performance test message 2508
Performance test message 2509
Performance test message 2510
Performance test message 2511
Performance test message 2512
Performance test message 2513
Performance test message 2514
Performance test message 2515
Performance test message 2516
Performance test message 2517
Performance test message 2518
Performance test message 2519
Performance test message 2520
Performance test message 2521
Performance test message 2522
Performance test message 2523
Performance test message 2524
Performance test message 2525
Performance test message 2526
Performance test message 2527
Performance test message 2528
Performance test message 2529
Performance test message 2530
Performance test message 2531
Performance test message 2532
Performance test message 2533
Performance test message 2534
Performance test message 2535
Performance test message 2536
Performance test message 2537
Performance test message 2538
Performance test message 2539
Performance test message 2540
Performance test message 2541
Performance test message 2542
Performance test message 2543
Performance test message 2544
Performance test message 2545
Performance test message 2546
Performance test message 2547
Performance test message 2548
Performance test message 2549
Performance test message 2550
Performance test message 2551
Performance test message 2552
Performance test message 2553
Performance test message 2554
Performance test message 2555
Performance test message 2556
Performance test message 2557
Performance test message 2558
Performance test message 2559
Performance test message 2560
Performance test message 2561
Performance test message 2562
Performance test message 2563
Performance test message 2564
Performance test message 2565
Performance test message 2566
Performance test message 2567
Performance test message 2568
Performance test message 2569
Performance test message 2570
Performance test message 2571
Performance test message 2572
Performance test message 2573
Performance test message 2574
Performance test message 2575
Performance test message 2576
Performance test message 2577
Performance test message 2578
Performance test message 2579
Performance test message 2580
Performance test message 2581
Performance test message 2582
Performance test message 2583
Performance test message 2584
Performance test message 2585
Performance test message 2586
Performance test message 2587
Performance test message 2588
Performance test message 2589
Performance test message 2590
Performance test message 2591
Performance test message 2592
Performance test message 2593
Performance test message 2594
Performance test message 2595
Performance test message 2596
Performance test message 2597
Performance test message 2598
Performance test message 2599
Performance test message 2600
Performance test message 2601
Performance test message 2602
Performance test message 2603
Performance test message 2604
Performance test message 2605
Performance test message 2606
Performance test message 2607
Performance test message 2608
Performance test message 2609
Performance test message 2610
Performance test message 2611
Performance test message 2612
Performance test message 2613
Performance test message 2614
Performance test message 2615
Performance test message 2616
Performance test message 2617
Performance test message 2618
Performance test message 2619
Performance test message 2620
Performance test message 2621
Performance test message 2622
Performance test message 2623
Performance test message 2624
Performance test message 2625
Performance test message 2626
Performance test message 2627
Performance test message 2628
Performance test message 2629
Performance test message 2630
Performance test message 2631
Performance test message 2632
Performance test message 2633
Performance test message 2634
Performance test message 2635
Performance test message 2636
Performance test message 2637
Performance test message 2638
Performance test message 2639
Performance test message 2640
Performance test message 2641
Performance test message 2642
Performance test message 2643
Performance test message 2644
Performance test message 2645
Performance test message 2646
Performance test message 2647
Performance test message 2648
Performance test message 2649
Performance test message 2650
Performance test message 2651
Performance test message 2652
Performance test message 2653
Performance test message 2654
Performance test message 2655
Performance test message 2656
Performance test message 2657
Performance test message 2658
Performance test message 2659
Performance test message 2660
Performance test message 2661
Performance test message 2662
Performance test message 2663
Performance test message 2664
Performance test message 2665
Performance test message 2666
Performance test message 2667
Performance test message 2668
Performance test message 2669
Performance test message 2670
Performance test message 2671
Performance test message 2672
Performance test message 2673
Performance test message 2674
Performance test message 2675
Performance test message 2676
Performance test message 2677
Performance test message 2678
Performance test message 2679
Performance test message 2680
Performance test message 2681
Performance test message 2682
Performance test message 2683
Performance test message 2684
Performance test message 2685
Performance test message 2686
Performance test message 2687
Performance test message 2688
Performance test message 2689
Performance test message 2690
Performance test message 2691
Performance test message 2692
Performance test message 2693
Performance test message 2694
Performance test message 2695
Performance test message 2696
Performance test message 2697
Performance test message 2698
Performance test message 2699
Performance test message 2700
Performance test message 2701
Performance test message 2702
Performance test message 2703
Performance test message 2704
Performance test message 2705
Performance test message 2706
Performance test message 2707
Performance test message 2708
Performance test message 2709
Performance test message 2710
Performance test message 2711
Performance test message 2712
Performance test message 2713
Performance test message 2714
Performance test message 2715
Performance test message 2716
Performance test message 2717
Performance test message 2718
Performance test message 2719
Performance test message 2720
Performance test message 2721
Performance test message 2722
Performance test message 2723
Performance test message 2724
Performance test message 2725
Performance test message 2726
Performance test message 2727
Performance test message 2728
Performance test message 2729
Performance test message 2730
Performance test message 2731
Performance test message 2732
Performance test message 2733
Performance test message 2734
Performance test message 2735
Performance test message 2736
Performance test message 2737
Performance test message 2738
Performance test message 2739
Performance test message 2740
Performance test message 2741
Performance test message 2742
Performance test message 2743
Performance test message 2744
Performance test message 2745
Performance test message 2746
Performance test message 2747
Performance test message 2748
Performance test message 2749
Performance test message 2750
Performance test message 2751
Performance test message 2752
Performance test message 2753
Performance test message 2754
Performance test message 2755
Performance test message 2756
Performance test message 2757
Performance test message 2758
Performance test message 2759
Performance test message 2760
Performance test message 2761
Performance test message 2762
Performance test message 2763
Performance test message 2764
Performance test message 2765
Performance test message 2766
Performance test message 2767
Performance test message 2768
Performance test message 2769
Performance test message 2770
Performance test message 2771
Performance test message 2772
Performance test message 2773
Performance test message 2774
Performance test message 2775
Performance test message 2776
Performance test message 2777
Performance test message 2778
Performance test message 2779
Performance test message 2780
Performance test message 2781
Performance test message 2782
Performance test message 2783
Performance test message 2784
Performance test message 2785
Performance test message 2786
Performance test message 2787
Performance test message 2788
Performance test message 2789
Performance test message 2790
Performance test message 2791
Performance test message 2792
Performance test message 2793
Performance test message 2794
Performance test message 2795
Performance test message 2796
Performance test message 2797
Performance test message 2798
Performance test message 2799
Performance test message 2800
Performance test message 2801
Performance test message 2802
Performance test message 2803
Performance test message 2804
Performance test message 2805
Performance test message 2806
Performance test message 2807
Performance test message 2808
Performance test message 2809
Performance test message 2810
Performance test message 2811
Performance test message 2812
Performance test message 2813
Performance test message 2814
Performance test message 2815
Performance test message 2816
Performance test message 2817
Performance test message 2818
Performance test message 2819
Performance test message 2820
Performance test message 2821
Performance test message 2822
Performance test message 2823
Performance test message 2824
Performance test message 2825
Performance test message 2826
Performance test message 2827
Performance test message 2828
Performance test message 2829
Performance test message 2830
Performance test message 2831
Performance test message 2832
Performance test message 2833
Performance test message 2834
Performance test message 2835
Performance test message 2836
Performance test message 2837
Performance test message 2838
Performance test message 2839
Performance test message 2840
Performance test message 2841
Performance test message 2842
Performance test message 2843
Performance test message 2844
Performance test message 2845
Performance test message 2846
Performance test message 2847
Performance test message 2848
Performance test message 2849
Performance test message 2850
Performance test message 2851
Performance test message 2852
Performance test message 2853
Performance test message 2854
Performance test message 2855
Performance test message 2856
Performance test message 2857
Performance test message 2858
Performance test message 2859
Performance test message 2860
Performance test message 2861
Performance test message 2862
Performance test message 2863
Performance test message 2864
Performance test message 2865
Performance test message 2866
Performance test message 2867
Performance test message 2868
Performance test message 2869
Performance test message 2870
Performance test message 2871
Performance test message 2872
Performance test message 2873
Performance test message 2874
Performance test message 2875
Performance test message 2876
Performance test message 2877
Performance test message 2878
Performance test message 2879
Performance test message 2880
Performance test message 2881
Performance test message 2882
Performance test message 2883
Performance test message 2884
Performance test message 2885
Performance test message 2886
Performance test message 2887
Performance test message 2888
Performance test message 2889
Performance test message 2890
Performance test message 2891
Performance test message 2892
Performance test message 2893
Performance test message 2894
Performance test message 2895
Performance test message 2896
Performance test message 2897
Performance test message 2898
Performance test message 2899
Performance test message 2900
Performance test message 2901
Performance test message 2902
Performance test message 2903
Performance test message 2904
Performance test message 2905
Performance test message 2906
Performance test message 2907
Performance test message 2908
Performance test message 2909
Performance test message 2910
Performance test message 2911
Performance test message 2912
Performance test message 2913
Performance test message 2914
Performance test message 2915
Performance test message 2916
Performance test message 2917
Performance test message 2918
Performance test message 2919
Performance test message 2920
Performance test message 2921
Performance test message 2922
Performance test message 2923
Performance test message 2924
Performance test message 2925
Performance test message 2926
Performance test message 2927
Performance test message 2928
Performance test message 2929
Performance test message 2930
Performance test message 2931
Performance test message 2932
Performance test message 2933
Performance test message 2934
Performance test message 2935
Performance test message 2936
Performance test message 2937
Performance test message 2938
Performance test message 2939
Performance test message 2940
Performance test message 2941
Performance test message 2942
Performance test message 2943
Performance test message 2944
Performance test message 2945
Performance test message 2946
Performance test message 2947
Performance test message 2948
Performance test message 2949
Performance test message 2950
Performance test message 2951
Performance test message 2952
Performance test message 2953
Performance test message 2954
Performance test message 2955
Performance test message 2956
Performance test message 2957
Performance test message 2958
Performance test message 2959
Performance test message 2960
Performance test message 2961
Performance test message 2962
Performance test message 2963
Performance test message 2964
Performance test message 2965
Performance test message 2966
Performance test message 2967
Performance test message 2968
Performance test message 2969
Performance test message 2970
Performance test message 2971
Performance test message 2972
Performance test message 2973
Performance test message 2974
Performance test message 2975
Performance test message 2976
Performance test message 2977
Performance test message 2978
Performance test message 2979
Performance test message 2980
Performance test message 2981
Performance test message 2982
Performance test message 2983
Performance test message 2984
Performance test message 2985
Performance test message 2986
Performance test message 2987
Performance test message 2988
Performance test message 2989
Performance test message 2990
Performance test message 2991
Performance test message 2992
Performance test message 2993
Performance test message 2994
Performance test message 2995
Performance test message 2996
Performance test message 2997
Performance test message 2998
Performance test message 2999
Performance test message 3000
Performance test message 3001
Performance test message 3002
Performance test message 3003
Performance test message 3004
Performance test message 3005
Performance test message 3006
Performance test message 3007
Performance test message 3008
Performance test message 3009
Performance test message 3010
Performance test message 3011
Performance test message 3012
Performance test message 3013
Performance test message 3014
Performance test message 3015
Performance test message 3016
Performance test message 3017
Performance test message 3018
Performance test message 3019
Performance test message 3020
Performance test message 3021
Performance test message 3022
Performance test message 3023
Performance test message 3024
Performance test message 3025
Performance test message 3026
Performance test message 3027
Performance test message 3028
Performance test message 3029
Performance test message 3030
Performance test message 3031
Performance test message 3032
Performance test message 3033
Performance test message 3034
Performance test message 3035
Performance test message 3036
Performance test message 3037
Performance test message 3038
Performance test message 3039
Performance test message 3040
Performance test message 3041
Performance test message 3042
Performance test message 3043
Performance test message 3044
Performance test message 3045
Performance test message 3046
Performance test message 3047
Performance test message 3048
Performance test message 3049
Performance test message 3050
Performance test message 3051
Performance test message 3052
Performance test message 3053
Performance test message 3054
Performance test message 3055
Performance test message 3056
Performance test message 3057
Performance test message 3058
Performance test message 3059
Performance test message 3060
Performance test message 3061
Performance test message 3062
Performance test message 3063
Performance test message 3064
Performance test message 3065
Performance test message 3066
Performance test message 3067
Performance test message 3068
Performance test message 3069
Performance test message 3070
Performance test message 3071
Performance test message 3072
Performance test message 3073
Performance test message 3074
Performance test message 3075
Performance test message 3076
Performance test message 3077
Performance test message 3078
Performance test message 3079
Performance test message 3080
Performance test message 3081
Performance test message 3082
Performance test message 3083
Performance test message 3084
Performance test message 3085
Performance test message 3086
Performance test message 3087
Performance test message 3088
Performance test message 3089
Performance test message 3090
Performance test message 3091
Performance test message 3092
Performance test message 3093
Performance test message 3094
Performance test message 3095
Performance test message 3096
Performance test message 3097
Performance test message 3098
Performance test message 3099
Performance test message 3100
Performance test message 3101
Performance test message 3102
Performance test message 3103
Performance test message 3104
Performance test message 3105
Performance test message 3106
Performance test message 3107
Performance test message 3108
Performance test message 3109
Performance test message 3110
Performance test message 3111
Performance test message 3112
Performance test message 3113
Performance test message 3114
Performance test message 3115
Performance test message 3116
Performance test message 3117
Performance test message 3118
Performance test message 3119
Performance test message 3120
Performance test message 3121
Performance test message 3122
Performance test message 3123
Performance test message 3124
Performance test message 3125
Performance test message 3126
Performance test message 3127
Performance test message 3128
Performance test message 3129
Performance test message 3130
Performance test message 3131
Performance test message 3132
Performance test message 3133
Performance test message 3134
Performance test message 3135
Performance test message 3136
Performance test message 3137
Performance test message 3138
Performance test message 3139
Performance test message 3140
Performance test message 3141
Performance test message 3142
Performance test message 3143
Performance test message 3144
Performance test message 3145
Performance test message 3146
Performance test message 3147
Performance test message 3148
Performance test message 3149
Performance test message 3150
Performance test message 3151
Performance test message 3152
Performance test message 3153
Performance test message 3154
Performance test message 3155
Performance test message 3156
Performance test message 3157
Performance test message 3158
Performance test message 3159
Performance test message 3160
Performance test message 3161
Performance test message 3162
Performance test message 3163
Performance test message 3164
Performance test message 3165
Performance test message 3166
Performance test message 3167
Performance test message 3168
Performance test message 3169
Performance test message 3170
Performance test message 3171
Performance test message 3172
Performance test message 3173
Performance test message 3174
Performance test message 3175
Performance test message 3176
Performance test message 3177
Performance test message 3178
Performance test message 3179
Performance test message 3180
Performance test message 3181
Performance test message 3182
Performance test message 3183
Performance test message 3184
Performance test message 3185
Performance test message 3186
Performance test message 3187
Performance test message 3188
Performance test message 3189
Performance test message 3190
Performance test message 3191
Performance test message 3192
Performance test message 3193
Performance test message 3194
Performance test message 3195
Performance test message 3196
Performance test message 3197
Performance test message 3198
Performance test message 3199
Performance test message 3200
Performance test message 3201
Performance test message 3202
Performance test message 3203
Performance test message 3204
Performance test message 3205
Performance test message 3206
Performance test message 3207
Performance test message 3208
Performance test message 3209
Performance test message 3210
Performance test message 3211
Performance test message 3212
Performance test message 3213
Performance test message 3214
Performance test message 3215
Performance test message 3216
Performance test message 3217
Performance test message 3218
Performance test message 3219
Performance test message 3220
Performance test message 3221
Performance test message 3222
Performance test message 3223
Performance test message 3224
Performance test message 3225
Performance test message 3226
Performance test message 3227
Performance test message 3228
Performance test message 3229
Performance test message 3230
Performance test message 3231
Performance test message 3232
Performance test message 3233
Performance test message 3234
Performance test message 3235
Performance test message 3236
Performance test message 3237
Performance test message 3238
Performance test message 3239
Performance test message 3240
Performance test message 3241
Performance test message 3242
Performance test message 3243
Performance test message 3244
Performance test message 3245
Performance test message 3246
Performance test message 3247
Performance test message 3248
Performance test message 3249
Performance test message 3250
Performance test message 3251
Performance test message 3252
Performance test message 3253
Performance test message 3254
Performance test message 3255
Performance test message 3256
Performance test message 3257
Performance test message 3258
Performance test message 3259
Performance test message 3260
Performance test message 3261
Performance test message 3262
Performance test message 3263
Performance test message 3264
Performance test message 3265
Performance test message 3266
Performance test message 3267
Performance test message 3268
Performance test message 3269
Performance test message 3270
Performance test message 3271
Performance test message 3272
Performance test message 3273
Performance test message 3274
Performance test message 3275
Performance test message 3276
Performance test message 3277
Performance test message 3278
Performance test message 3279
Performance test message 3280
Performance test message 3281
Performance test message 3282
Performance test message 3283
Performance test message 3284
Performance test message 3285
Performance test message 3286
Performance test message 3287
Performance test message 3288
Performance test message 3289
Performance test message 3290
Performance test message 3291
Performance test message 3292
Performance test message 3293
Performance test message 3294
Performance test message 3295
Performance test message 3296
Performance test message 3297
Performance test message 3298
Performance test message 3299
Performance test message 3300
Performance test message 3301
Performance test message 3302
Performance test message 3303
Performance test message 3304
Performance test message 3305
Performance test message 3306
Performance test message 3307
Performance test message 3308
Performance test message 3309
Performance test message 3310
Performance test message 3311
Performance test message 3312
Performance test message 3313
Performance test message 3314
Performance test message 3315
Performance test message 3316
Performance test message 3317
Performance test message 3318
Performance test message 3319
Performance test message 3320
Performance test message 3321
Performance test message 3322
Performance test message 3323
Performance test message 3324
Performance test message 3325
Performance test message 3326
Performance test message 3327
Performance test message 3328
Performance test message 3329
Performance test message 3330
Performance test message 3331
Performance test message 3332
Performance test message 3333
Performance test message 3334
Performance test message 3335
Performance test message 3336
Performance test message 3337
Performance test message 3338
Performance test message 3339
Performance test message 3340
Performance test message 3341
Performance test message 3342
Performance test message 3343
Performance test message 3344
Performance test message 3345
Performance test message 3346
Performance test message 3347
Performance test message 3348
Performance test message 3349
Performance test message 3350
Performance test message 3351
Performance test message 3352
Performance test message 3353
Performance test message 3354
Performance test message 3355
Performance test message 3356
Performance test message 3357
Performance test message 3358
Performance test message 3359
Performance test message 3360
Performance test message 3361
Performance test message 3362
Performance test message 3363
Performance test message 3364
Performance test message 3365
Performance test message 3366
Performance test message 3367
Performance test message 3368
Performance test message 3369
Performance test message 3370
Performance test message 3371
Performance test message 3372
Performance test message 3373
Performance test message 3374
Performance test message 3375
Performance test message 3376
Performance test message 3377
Performance test message 3378
Performance test message 3379
Performance test message 3380
Performance test message 3381
Performance test message 3382
Performance test message 3383
Performance test message 3384
Performance test message 3385
Performance test message 3386
Performance test message 3387
Performance test message 3388
Performance test message 3389
Performance test message 3390
Performance test message 3391
Performance test message 3392
Performance test message 3393
Performance test message 3394
Performance test message 3395
Performance test message 3396
Performance test message 3397
Performance test message 3398
Performance test message 3399
Performance test message 3400
Performance test message 3401
Performance test message 3402
Performance test message 3403
Performance test message 3404
Performance test message 3405
Performance test message 3406
Performance test message 3407
Performance test message 3408
Performance test message 3409
Performance test message 3410
Performance test message 3411
Performance test message 3412
Performance test message 3413
Performance test message 3414
Performance test message 3415
Performance test message 3416
Performance test message 3417
Performance test message 3418
Performance test message 3419
Performance test message 3420
Performance test message 3421
Performance test message 3422
Performance test message 3423
Performance test message 3424
Performance test message 3425
Performance test message 3426
Performance test message 3427
Performance test message 3428
Performance test message 3429
Performance test message 3430
Performance test message 3431
Performance test message 3432
Performance test message 3433
Performance test message 3434
Performance test message 3435
Performance test message 3436
Performance test message 3437
Performance test message 3438
Performance test message 3439
Performance test message 3440
Performance test message 3441
Performance test message 3442
Performance test message 3443
Performance test message 3444
Performance test message 3445
Performance test message 3446
Performance test message 3447
Performance test message 3448
Performance test message 3449
Performance test message 3450
Performance test message 3451
Performance test message 3452
Performance test message 3453
Performance test message 3454
Performance test message 3455
Performance test message 3456
Performance test message 3457
Performance test message 3458
Performance test message 3459
Performance test message 3460
Performance test message 3461
Performance test message 3462
Performance test message 3463
Performance test message 3464
Performance test message 3465
Performance test message 3466
Performance test message 3467
Performance test message 3468
Performance test message 3469
Performance test message 3470
Performance test message 3471
Performance test message 3472
Performance test message 3473
Performance test message 3474
Performance test message 3475
Performance test message 3476
Performance test message 3477
Performance test message 3478
Performance test message 3479
Performance test message 3480
Performance test message 3481
Performance test message 3482
Performance test message 3483
Performance test message 3484
Performance test message 3485
Performance test message 3486
Performance test message 3487
Performance test message 3488
Performance test message 3489
Performance test message 3490
Performance test message 3491
Performance test message 3492
Performance test message 3493
Performance test message 3494
Performance test message 3495
Performance test message 3496
Performance test message 3497
Performance test message 3498
Performance test message 3499
Performance test message 3500
Performance test message 3501
Performance test message 3502
Performance test message 3503
Performance test message 3504
Performance test message 3505
Performance test message 3506
Performance test message 3507
Performance test message 3508
Performance test message 3509
Performance test message 3510
Performance test message 3511
Performance test message 3512
Performance test message 3513
Performance test message 3514
Performance test message 3515
Performance test message 3516
Performance test message 3517
Performance test message 3518
Performance test message 3519
Performance test message 3520
Performance test message 3521
Performance test message 3522
Performance test message 3523
Performance test message 3524
Performance test message 3525
Performance test message 3526
Performance test message 3527
Performance test message 3528
Performance test message 3529
Performance test message 3530
Performance test message 3531
Performance test message 3532
Performance test message 3533
Performance test message 3534
Performance test message 3535
Performance test message 3536
Performance test message 3537
Performance test message 3538
Performance test message 3539
Performance test message 3540
Performance test message 3541
Performance test message 3542
Performance test message 3543
Performance test message 3544
Performance test message 3545
Performance test message 3546
Performance test message 3547
Performance test message 3548
Performance test message 3549
Performance test message 3550
Performance test message 3551
Performance test message 3552
Performance test message 3553
Performance test message 3554
Performance test message 3555
Performance test message 3556
Performance test message 3557
Performance test message 3558
Performance test message 3559
Performance test message 3560
Performance test message 3561
Performance test message 3562
Performance test message 3563
Performance test message 3564
Performance test message 3565
Performance test message 3566
Performance test message 3567
Performance test message 3568
Performance test message 3569
Performance test message 3570
Performance test message 3571
Performance test message 3572
Performance test message 3573
Performance test message 3574
Performance test message 3575
Performance test message 3576
Performance test message 3577
Performance test message 3578
Performance test message 3579
Performance test message 3580
Performance test message 3581
Performance test message 3582
Performance test message 3583
Performance test message 3584
Performance test message 3585
Performance test message 3586
Performance test message 3587
Performance test message 3588
Performance test message 3589
Performance test message 3590
Performance test message 3591
Performance test message 3592
Performance test message 3593
Performance test message 3594
Performance test message 3595
Performance test message 3596
Performance test message 3597
Performance test message 3598
Performance test message 3599
Performance test message 3600
Performance test message 3601
Performance test message 3602
Performance test message 3603
Performance test message 3604
Performance test message 3605
Performance test message 3606
Performance test message 3607
Performance test message 3608
Performance test message 3609
Performance test message 3610
Performance test message 3611
Performance test message 3612
Performance test message 3613
Performance test message 3614
Performance test message 3615
Performance test message 3616
Performance test message 3617
Performance test message 3618
Performance test message 3619
Performance test message 3620
Performance test message 3621
Performance test message 3622
Performance test message 3623
Performance test message 3624
Performance test message 3625
Performance test message 3626
Performance test message 3627
Performance test message 3628
Performance test message 3629
Performance test message 3630
Performance test message 3631
Performance test message 3632
Performance test message 3633
Performance test message 3634
Performance test message 3635
Performance test message 3636
Performance test message 3637
Performance test message 3638
Performance test message 3639
Performance test message 3640
Performance test message 3641
Performance test message 3642
Performance test message 3643
Performance test message 3644
Performance test message 3645
Performance test message 3646
Performance test message 3647
Performance test message 3648
Performance test message 3649
Performance test message 3650
Performance test message 3651
Performance test message 3652
Performance test message 3653
Performance test message 3654
Performance test message 3655
Performance test message 3656
Performance test message 3657
Performance test message 3658
Performance test message 3659
Performance test message 3660
Performance test message 3661
Performance test message 3662
Performance test message 3663
Performance test message 3664
Performance test message 3665
Performance test message 3666
Performance test message 3667
Performance test message 3668
Performance test message 3669
Performance test message 3670
Performance test message 3671
Performance test message 3672
Performance test message 3673
Performance test message 3674
Performance test message 3675
Performance test message 3676
Performance test message 3677
Performance test message 3678
Performance test message 3679
Performance test message 3680
Performance test message 3681
Performance test message 3682
Performance test message 3683
Performance test message 3684
Performance test message 3685
Performance test message 3686
Performance test message 3687
Performance test message 3688
Performance test message 3689
Performance test message 3690
Performance test message 3691
Performance test message 3692
Performance test message 3693
Performance test message 3694
Performance test message 3695
Performance test message 3696
Performance test message 3697
Performance test message 3698
Performance test message 3699
Performance test message 3700
Performance test message 3701
Performance test message 3702
Performance test message 3703
Performance test message 3704
Performance test message 3705
Performance test message 3706
Performance test message 3707
Performance test message 3708
Performance test message 3709
Performance test message 3710
Performance test message 3711
Performance test message 3712
Performance test message 3713
Performance test message 3714
Performance test message 3715
Performance test message 3716
Performance test message 3717
Performance test message 3718
Performance test message 3719
Performance test message 3720
Performance test message 3721
Performance test message 3722
Performance test message 3723
Performance test message 3724
Performance test message 3725
Performance test message 3726
Performance test message 3727
Performance test message 3728
Performance test message 3729
Performance test message 3730
Performance test message 3731
Performance test message 3732
Performance test message 3733
Performance test message 3734
Performance test message 3735
Performance test message 3736
Performance test message 3737
Performance test message 3738
Performance test message 3739
Performance test message 3740
Performance test message 3741
Performance test message 3742
Performance test message 3743
Performance test message 3744
Performance test message 3745
Performance test message 3746
Performance test message 3747
Performance test message 3748
Performance test message 3749
Performance test message 3750
Performance test message 3751
Performance test message 3752
Performance test message 3753
Performance test message 3754
Performance test message 3755
Performance test message 3756
Performance test message 3757
Performance test message 3758
Performance test message 3759
Performance test message 3760
Performance test message 3761
Performance test message 3762
Performance test message 3763
Performance test message 3764
Performance test message 3765
Performance test message 3766
Performance test message 3767
Performance test message 3768
Performance test message 3769
Performance test message 3770
Performance test message 3771
Performance test message 3772
Performance test message 3773
Performance test message 3774
Performance test message 3775
Performance test message 3776
Performance test message 3777
Performance test message 3778
Performance test message 3779
Performance test message 3780
Performance test message 3781
Performance test message 3782
Performance test message 3783
Performance test message 3784
Performance test message 3785
Performance test message 3786
Performance test message 3787
Performance test message 3788
Performance test message 3789
Performance test message 3790
Performance test message 3791
Performance test message 3792
Performance test message 3793
Performance test message 3794
Performance test message 3795
Performance test message 3796
Performance test message 3797
Performance test message 3798
Performance test message 3799
Performance test message 3800
Performance test message 3801
Performance test message 3802
Performance test message 3803
Performance test message 3804
Performance test message 3805
Performance test message 3806
Performance test message 3807
Performance test message 3808
Performance test message 3809
Performance test message 3810
Performance test message 3811
Performance test message 3812
Performance test message 3813
Performance test message 3814
Performance test message 3815
Performance test message 3816
Performance test message 3817
Performance test message 3818
Performance test message 3819
Performance test message 3820
Performance test message 3821
Performance test message 3822
Performance test message 3823
Performance test message 3824
Performance test message 3825
Performance test message 3826
Performance test message 3827
Performance test message 3828
Performance test message 3829
Performance test message 3830
Performance test message 3831
Performance test message 3832
Performance test message 3833
Performance test message 3834
Performance test message 3835
Performance test message 3836
Performance test message 3837
Performance test message 3838
Performance test message 3839
Performance test message 3840
Performance test message 3841
Performance test message 3842
Performance test message 3843
Performance test message 3844
Performance test message 3845
Performance test message 3846
Performance test message 3847
Performance test message 3848
Performance test message 3849
Performance test message 3850
Performance test message 3851
Performance test message 3852
Performance test message 3853
Performance test message 3854
Performance test message 3855
Performance test message 3856
Performance test message 3857
Performance test message 3858
Performance test message 3859
Performance test message 3860
Performance test message 3861
Performance test message 3862
Performance test message 3863
Performance test message 3864
Performance test message 3865
Performance test message 3866
Performance test message 3867
Performance test message 3868
Performance test message 3869
Performance test message 3870
Performance test message 3871
Performance test message 3872
Performance test message 3873
Performance test message 3874
Performance test message 3875
Performance test message 3876
Performance test message 3877
Performance test message 3878
Performance test message 3879
Performance test message 3880
Performance test message 3881
Performance test message 3882
Performance test message 3883
Performance test message 3884
Performance test message 3885
Performance test message 3886
Performance test message 3887
Performance test message 3888
Performance test message 3889
Performance test message 3890
Performance test message 3891
Performance test message 3892
Performance test message 3893
Performance test message 3894
Performance test message 3895
Performance test message 3896
Performance test message 3897
Performance test message 3898
Performance test message 3899
Performance test message 3900
Performance test message 3901
Performance test message 3902
Performance test message 3903
Performance test message 3904
Performance test message 3905
Performance test message 3906
Performance test message 3907
Performance test message 3908
Performance test message 3909
Performance test message 3910
Performance test message 3911
Performance test message 3912
Performance test message 3913
Performance test message 3914
Performance test message 3915
Performance test message 3916
Performance test message 3917
Performance test message 3918
Performance test message 3919
Performance test message 3920
Performance test message 3921
Performance test message 3922
Performance test message 3923
Performance test message 3924
Performance test message 3925
Performance test message 3926
Performance test message 3927
Performance test message 3928
Performance test message 3929
Performance test message 3930
Performance test message 3931
Performance test message 3932
Performance test message 3933
Performance test message 3934
Performance test message 3935
Performance test message 3936
Performance test message 3937
Performance test message 3938
Performance test message 3939
Performance test message 3940
Performance test message 3941
Performance test message 3942
Performance test message 3943
Performance test message 3944
Performance test message 3945
Performance test message 3946
Performance test message 3947
Performance test message 3948
Performance test message 3949
Performance test message 3950
Performance test message 3951
Performance test message 3952
Performance test message 3953
Performance test message 3954
Performance test message 3955
Performance test message 3956
Performance test message 3957
Performance test message 3958
Performance test message 3959
Performance test message 3960
Performance test message 3961
Performance test message 3962
Performance test message 3963
Performance test message 3964
Performance test message 3965
Performance test message 3966
Performance test message 3967
Performance test message 3968
Performance test message 3969
Performance test message 3970
Performance test message 3971
Performance test message 3972
Performance test message 3973
Performance test message 3974
Performance test message 3975
Performance test message 3976
Performance test message 3977
Performance test message 3978
Performance test message 3979
Performance test message 3980
Performance test message 3981
Performance test message 3982
Performance test message 3983
Performance test message 3984
Performance test message 3985
Performance test message 3986
Performance test message 3987
Performance test message 3988
Performance test message 3989
Performance test message 3990
Performance test message 3991
Performance test message 3992
Performance test message 3993
Performance test message 3994
Performance test message 3995
Performance test message 3996
Performance test message 3997
Performance test message 3998
Performance test message 3999
Performance test message 4000
Performance test message 4001
Performance test message 4002
Performance test message 4003
Performance test message 4004
Performance test message 4005
Performance test message 4006
Performance test message 4007
Performance test message 4008
Performance test message 4009
Performance test message 4010
Performance test message 4011
Performance test message 4012
Performance test message 4013
Performance test message 4014
Performance test message 4015
Performance test message 4016
Performance test message 4017
Performance test message 4018
Performance test message 4019
Performance test message 4020
Performance test message 4021
Performance test message 4022
Performance test message 4023
Performance test message 4024
Performance test message 4025
Performance test message 4026
Performance test message 4027
Performance test message 4028
Performance test message 4029
Performance test message 4030
Performance test message 4031
Performance test message 4032
Performance test message 4033
Performance test message 4034
Performance test message 4035
Performance test message 4036
Performance test message 4037
Performance test message 4038
Performance test message 4039
Performance test message 4040
Performance test message 4041
Performance test message 4042
Performance test message 4043
Performance test message 4044
Performance test message 4045
Performance test message 4046
Performance test message 4047
Performance test message 4048
Performance test message 4049
Performance test message 4050
Performance test message 4051
Performance test message 4052
Performance test message 4053
Performance test message 4054
Performance test message 4055
Performance test message 4056
Performance test message 4057
Performance test message 4058
Performance test message 4059
Performance test message 4060
Performance test message 4061
Performance test message 4062
Performance test message 4063
Performance test message 4064
Performance test message 4065
Performance test message 4066
Performance test message 4067
Performance test message 4068
Performance test message 4069
Performance test message 4070
Performance test message 4071
Performance test message 4072
Performance test message 4073
Performance test message 4074
Performance test message 4075
Performance test message 4076
Performance test message 4077
Performance test message 4078
Performance test message 4079
Performance test message 4080
Performance test message 4081
Performance test message 4082
Performance test message 4083
Performance test message 4084
Performance test message 4085
Performance test message 4086
Performance test message 4087
Performance test message 4088
Performance test message 4089
Performance test message 4090
Performance test message 4091
Performance test message 4092
Performance test message 4093
Performance test message 4094
Performance test message 4095
Performance test message 4096
Performance test message 4097
Performance test message 4098
Performance test message 4099
Performance test message 4100
Performance test message 4101
Performance test message 4102
Performance test message 4103
Performance test message 4104
Performance test message 4105
Performance test message 4106
Performance test message 4107
Performance test message 4108
Performance test message 4109
Performance test message 4110
Performance test message 4111
Performance test message 4112
Performance test message 4113
Performance test message 4114
Performance test message 4115
Performance test message 4116
Performance test message 4117
Performance test message 4118
Performance test message 4119
Performance test message 4120
Performance test message 4121
Performance test message 4122
Performance test message 4123
Performance test message 4124
Performance test message 4125
Performance test message 4126
Performance test message 4127
Performance test message 4128
Performance test message 4129
Performance test message 4130
Performance test message 4131
Performance test message 4132
Performance test message 4133
Performance test message 4134
Performance test message 4135
Performance test message 4136
Performance test message 4137
Performance test message 4138
Performance test message 4139
Performance test message 4140
Performance test message 4141
Performance test message 4142
Performance test message 4143
Performance test message 4144
Performance test message 4145
Performance test message 4146
Performance test message 4147
Performance test message 4148
Performance test message 4149
Performance test message 4150
Performance test message 4151
Performance test message 4152
Performance test message 4153
Performance test message 4154
Performance test message 4155
Performance test message 4156
Performance test message 4157
Performance test message 4158
Performance test message 4159
Performance test message 4160
Performance test message 4161
Performance test message 4162
Performance test message 4163
Performance test message 4164
Performance test message 4165
Performance test message 4166
Performance test message 4167
Performance test message 4168
Performance test message 4169
Performance test message 4170
Performance test message 4171
Performance test message 4172
Performance test message 4173
Performance test message 4174
Performance test message 4175
Performance test message 4176
Performance test message 4177
Performance test message 4178
Performance test message 4179
Performance test message 4180
Performance test message 4181
Performance test message 4182
Performance test message 4183
Performance test message 4184
Performance test message 4185
Performance test message 4186
Performance test message 4187
Performance test message 4188
Performance test message 4189
Performance test message 4190
Performance test message 4191
Performance test message 4192
Performance test message 4193
Performance test message 4194
Performance test message 4195
Performance test message 4196
Performance test message 4197
Performance test message 4198
Performance test message 4199
Performance test message 4200
Performance test message 4201
Performance test message 4202
Performance test message 4203
Performance test message 4204
Performance test message 4205
Performance test message 4206
Performance test message 4207
Performance test message 4208
Performance test message 4209
Performance test message 4210
Performance test message 4211
Performance test message 4212
Performance test message 4213
Performance test message 4214
Performance test message 4215
Performance test message 4216
Performance test message 4217
Performance test message 4218
Performance test message 4219
Performance test message 4220
Performance test message 4221
Performance test message 4222
Performance test message 4223
Performance test message 4224
Performance test message 4225
Performance test message 4226
Performance test message 4227
Performance test message 4228
Performance test message 4229
Performance test message 4230
Performance test message 4231
Performance test message 4232
Performance test message 4233
Performance test message 4234
Performance test message 4235
Performance test message 4236
Performance test message 4237
Performance test message 4238
Performance test message 4239
Performance test message 4240
Performance test message 4241
Performance test message 4242
Performance test message 4243
Performance test message 4244
Performance test message 4245
Performance test message 4246
Performance test message 4247
Performance test message 4248
Performance test message 4249
Performance test message 4250
Performance test message 4251
Performance test message 4252
Performance test message 4253
Performance test message 4254
Performance test message 4255
Performance test message 4256
Performance test message 4257
Performance test message 4258
Performance test message 4259
Performance test message 4260
Performance test message 4261
Performance test message 4262
Performance test message 4263
Performance test message 4264
Performance test message 4265
Performance test message 4266
Performance test message 4267
Performance test message 4268
Performance test message 4269
Performance test message 4270
Performance test message 4271
Performance test message 4272
Performance test message 4273
Performance test message 4274
Performance test message 4275
Performance test message 4276
Performance test message 4277
Performance test message 4278
Performance test message 4279
Performance test message 4280
Performance test message 4281
Performance test message 4282
Performance test message 4283
Performance test message 4284
Performance test message 4285
Performance test message 4286
Performance test message 4287
Performance test message 4288
Performance test message 4289
Performance test message 4290
Performance test message 4291
Performance test message 4292
Performance test message 4293
Performance test message 4294
Performance test message 4295
Performance test message 4296
Performance test message 4297
Performance test message 4298
Performance test message 4299
Performance test message 4300
Performance test message 4301
Performance test message 4302
Performance test message 4303
Performance test message 4304
Performance test message 4305
Performance test message 4306
Performance test message 4307
Performance test message 4308
Performance test message 4309
Performance test message 4310
Performance test message 4311
Performance test message 4312
Performance test message 4313
Performance test message 4314
Performance test message 4315
Performance test message 4316
Performance test message 4317
Performance test message 4318
Performance test message 4319
Performance test message 4320
Performance test message 4321
Performance test message 4322
Performance test message 4323
Performance test message 4324
Performance test message 4325
Performance test message 4326
Performance test message 4327
Performance test message 4328
Performance test message 4329
Performance test message 4330
Performance test message 4331
Performance test message 4332
Performance test message 4333
Performance test message 4334
Performance test message 4335
Performance test message 4336
Performance test message 4337
Performance test message 4338
Performance test message 4339
Performance test message 4340
Performance test message 4341
Performance test message 4342
Performance test message 4343
Performance test message 4344
Performance test message 4345
Performance test message 4346
Performance test message 4347
Performance test message 4348
Performance test message 4349
Performance test message 4350
Performance test message 4351
Performance test message 4352
Performance test message 4353
Performance test message 4354
Performance test message 4355
Performance test message 4356
Performance test message 4357
Performance test message 4358
Performance test message 4359
Performance test message 4360
Performance test message 4361
Performance test message 4362
Performance test message 4363
Performance test message 4364
Performance test message 4365
Performance test message 4366
Performance test message 4367
Performance test message 4368
Performance test message 4369
Performance test message 4370
Performance test message 4371
Performance test message 4372
Performance test message 4373
Performance test message 4374
Performance test message 4375
Performance test message 4376
Performance test message 4377
Performance test message 4378
Performance test message 4379
Performance test message 4380
Performance test message 4381
Performance test message 4382
Performance test message 4383
Performance test message 4384
Performance test message 4385
Performance test message 4386
Performance test message 4387
Performance test message 4388
Performance test message 4389
Performance test message 4390
Performance test message 4391
Performance test message 4392
Performance test message 4393
Performance test message 4394
Performance test message 4395
Performance test message 4396
Performance test message 4397
Performance test message 4398
Performance test message 4399
Performance test message 4400
Performance test message 4401
Performance test message 4402
Performance test message 4403
Performance test message 4404
Performance test message 4405
Performance test message 4406
Performance test message 4407
Performance test message 4408
Performance test message 4409
Performance test message 4410
Performance test message 4411
Performance test message 4412
Performance test message 4413
Performance test message 4414
Performance test message 4415
Performance test message 4416
Performance test message 4417
Performance test message 4418
Performance test message 4419
Performance test message 4420
Performance test message 4421
Performance test message 4422
Performance test message 4423
Performance test message 4424
Performance test message 4425
Performance test message 4426
Performance test message 4427
Performance test message 4428
Performance test message 4429
Performance test message 4430
Performance test message 4431
Performance test message 4432
Performance test message 4433
Performance test message 4434
Performance test message 4435
Performance test message 4436
Performance test message 4437
Performance test message 4438
Performance test message 4439
Performance test message 4440
Performance test message 4441
Performance test message 4442
Performance test message 4443
Performance test message 4444
Performance test message 4445
Performance test message 4446
Performance test message 4447
Performance test message 4448
Performance test message 4449
Performance test message 4450
Performance test message 4451
Performance test message 4452
Performance test message 4453
Performance test message 4454
Performance test message 4455
Performance test message 4456
Performance test message 4457
Performance test message 4458
Performance test message 4459
Performance test message 4460
Performance test message 4461
Performance test message 4462
Performance test message 4463
Performance test message 4464
Performance test message 4465
Performance test message 4466
Performance test message 4467
Performance test message 4468
Performance test message 4469
Performance test message 4470
Performance test message 4471
Performance test message 4472
Performance test message 4473
Performance test message 4474
Performance test message 4475
Performance test message 4476
Performance test message 4477
Performance test message 4478
Performance test message 4479
Performance test message 4480
Performance test message 4481
Performance test message 4482
Performance test message 4483
Performance test message 4484
Performance test message 4485
Performance test message 4486
Performance test message 4487
Performance test message 4488
Performance test message 4489
Performance test message 4490
Performance test message 4491
Performance test message 4492
Performance test message 4493
Performance test message 4494
Performance test message 4495
Performance test message 4496
Performance test message 4497
Performance test message 4498
Performance test message 4499
Performance test message 4500
Performance test message 4501
Performance test message 4502
Performance test message 4503
Performance test message 4504
Performance test message 4505
Performance test message 4506
Performance test message 4507
Performance test message 4508
Performance test message 4509
Performance test message 4510
Performance test message 4511
Performance test message 4512
Performance test message 4513
Performance test message 4514
Performance test message 4515
Performance test message 4516
Performance test message 4517
Performance test message 4518
Performance test message 4519
Performance test message 4520
Performance test message 4521
Performance test message 4522
Performance test message 4523
Performance test message 4524
Performance test message 4525
Performance test message 4526
Performance test message 4527
Performance test message 4528
Performance test message 4529
Performance test message 4530
Performance test message 4531
Performance test message 4532
Performance test message 4533
Performance test message 4534
Performance test message 4535
Performance test message 4536
Performance test message 4537
Performance test message 4538
Performance test message 4539
Performance test message 4540
Performance test message 4541
Performance test message 4542
Performance test message 4543
Performance test message 4544
Performance test message 4545
Performance test message 4546
Performance test message 4547
Performance test message 4548
Performance test message 4549
Performance test message 4550
Performance test message 4551
Performance test message 4552
Performance test message 4553
Performance test message 4554
Performance test message 4555
Performance test message 4556
Performance test message 4557
Performance test message 4558
Performance test message 4559
Performance test message 4560
Performance test message 4561
Performance test message 4562
Performance test message 4563
Performance test message 4564
Performance test message 4565
Performance test message 4566
Performance test message 4567
Performance test message 4568
Performance test message 4569
Performance test message 4570
Performance test message 4571
Performance test message 4572
Performance test message 4573
Performance test message 4574
Performance test message 4575
Performance test message 4576
Performance test message 4577
Performance test message 4578
Performance test message 4579
Performance test message 4580
Performance test message 4581
Performance test message 4582
Performance test message 4583
Performance test message 4584
Performance test message 4585
Performance test message 4586
Performance test message 4587
Performance test message 4588
Performance test message 4589
Performance test message 4590
Performance test message 4591
Performance test message 4592
Performance test message 4593
Performance test message 4594
Performance test message 4595
Performance test message 4596
Performance test message 4597
Performance test message 4598
Performance test message 4599
Performance test message 4600
Performance test message 4601
Performance test message 4602
Performance test message 4603
Performance test message 4604
Performance test message 4605
Performance test message 4606
Performance test message 4607
Performance test message 4608
Performance test message 4609
Performance test message 4610
Performance test message 4611
Performance test message 4612
Performance test message 4613
Performance test message 4614
Performance test message 4615
Performance test message 4616
Performance test message 4617
Performance test message 4618
Performance test message 4619
Performance test message 4620
Performance test message 4621
Performance test message 4622
Performance test message 4623
Performance test message 4624
Performance test message 4625
Performance test message 4626
Performance test message 4627
Performance test message 4628
Performance test message 4629
Performance test message 4630
Performance test message 4631
Performance test message 4632
Performance test message 4633
Performance test message 4634
Performance test message 4635
Performance test message 4636
Performance test message 4637
Performance test message 4638
Performance test message 4639
Performance test message 4640
Performance test message 4641
Performance test message 4642
Performance test message 4643
Performance test message 4644
Performance test message 4645
Performance test message 4646
Performance test message 4647
Performance test message 4648
Performance test message 4649
Performance test message 4650
Performance test message 4651
Performance test message 4652
Performance test message 4653
Performance test message 4654
Performance test message 4655
Performance test message 4656
Performance test message 4657
Performance test message 4658
Performance test message 4659
Performance test message 4660
Performance test message 4661
Performance test message 4662
Performance test message 4663
Performance test message 4664
Performance test message 4665
Performance test message 4666
Performance test message 4667
Performance test message 4668
Performance test message 4669
Performance test message 4670
Performance test message 4671
Performance test message 4672
Performance test message 4673
Performance test message 4674
Performance test message 4675
Performance test message 4676
Performance test message 4677
Performance test message 4678
Performance test message 4679
Performance test message 4680
Performance test message 4681
Performance test message 4682
Performance test message 4683
Performance test message 4684
Performance test message 4685
Performance test message 4686
Performance test message 4687
Performance test message 4688
Performance test message 4689
Performance test message 4690
Performance test message 4691
Performance test message 4692
Performance test message 4693
Performance test message 4694
Performance test message 4695
Performance test message 4696
Performance test message 4697
Performance test message 4698
Performance test message 4699
Performance test message 4700
Performance test message 4701
Performance test message 4702
Performance test message 4703
Performance test message 4704
Performance test message 4705
Performance test message 4706
Performance test message 4707
Performance test message 4708
Performance test message 4709
Performance test message 4710
Performance test message 4711
Performance test message 4712
Performance test message 4713
Performance test message 4714
Performance test message 4715
Performance test message 4716
Performance test message 4717
Performance test message 4718
Performance test message 4719
Performance test message 4720
Performance test message 4721
Performance test message 4722
Performance test message 4723
Performance test message 4724
Performance test message 4725
Performance test message 4726
Performance test message 4727
Performance test message 4728
Performance test message 4729
Performance test message 4730
Performance test message 4731
Performance test message 4732
Performance test message 4733
Performance test message 4734
Performance test message 4735
Performance test message 4736
Performance test message 4737
Performance test message 4738
Performance test message 4739
Performance test message 4740
Performance test message 4741
Performance test message 4742
Performance test message 4743
Performance test message 4744
Performance test message 4745
Performance test message 4746
Performance test message 4747
Performance test message 4748
Performance test message 4749
Performance test message 4750
Performance test message 4751
Performance test message 4752
Performance test message 4753
Performance test message 4754
Performance test message 4755
Performance test message 4756
Performance test message 4757
Performance test message 4758
Performance test message 4759
Performance test message 4760
Performance test message 4761
Performance test message 4762
Performance test message 4763
Performance test message 4764
Performance test message 4765
Performance test message 4766
Performance test message 4767
Performance test message 4768
Performance test message 4769
Performance test message 4770
Performance test message 4771
Performance test message 4772
Performance test message 4773
Performance test message 4774
Performance test message 4775
Performance test message 4776
Performance test message 4777
Performance test message 4778
Performance test message 4779
Performance test message 4780
Performance test message 4781
Performance test message 4782
Performance test message 4783
Performance test message 4784
Performance test message 4785
Performance test message 4786
Performance test message 4787
Performance test message 4788
Performance test message 4789
Performance test message 4790
Performance test message 4791
Performance test message 4792
Performance test message 4793
Performance test message 4794
Performance test message 4795
Performance test message 4796
Performance test message 4797
Performance test message 4798
Performance test message 4799
Performance test message 4800
Performance test message 4801
Performance test message 4802
Performance test message 4803
Performance test message 4804
Performance test message 4805
Performance test message 4806
Performance test message 4807
Performance test message 4808
Performance test message 4809
Performance test message 4810
Performance test message 4811
Performance test message 4812
Performance test message 4813
Performance test message 4814
Performance test message 4815
Performance test message 4816
Performance test message 4817
Performance test message 4818
Performance test message 4819
Performance test message 4820
Performance test message 4821
Performance test message 4822
Performance test message 4823
Performance test message 4824
Performance test message 4825
Performance test message 4826
Performance test message 4827
Performance test message 4828
Performance test message 4829
Performance test message 4830
Performance test message 4831
Performance test message 4832
Performance test message 4833
Performance test message 4834
Performance test message 4835
Performance test message 4836
Performance test message 4837
Performance test message 4838
Performance test message 4839
Performance test message 4840
Performance test message 4841
Performance test message 4842
Performance test message 4843
Performance test message 4844
Performance test message 4845
Performance test message 4846
Performance test message 4847
Performance test message 4848
Performance test message 4849
Performance test message 4850
Performance test message 4851
Performance test message 4852
Performance test message 4853
Performance test message 4854
Performance test message 4855
Performance test message 4856
Performance test message 4857
Performance test message 4858
Performance test message 4859
Performance test message 4860
Performance test message 4861
Performance test message 4862
Performance test message 4863
Performance test message 4864
Performance test message 4865
Performance test message 4866
Performance test message 4867
Performance test message 4868
Performance test message 4869
Performance test message 4870
Performance test message 4871
Performance test message 4872
Performance test message 4873
Performance test message 4874
Performance test message 4875
Performance test message 4876
Performance test message 4877
Performance test message 4878
Performance test message 4879
Performance test message 4880
Performance test message 4881
Performance test message 4882
Performance test message 4883
Performance test message 4884
Performance test message 4885
Performance test message 4886
Performance test message 4887
Performance test message 4888
Performance test message 4889
Performance test message 4890
Performance test message 4891
Performance test message 4892
Performance test message 4893
Performance test message 4894
Performance test message 4895
Performance test message 4896
Performance test message 4897
Performance test message 4898
Performance test message 4899
Performance test message 4900
Performance test message 4901
Performance test message 4902
Performance test message 4903
Performance test message 4904
Performance test message 4905
Performance test message 4906
Performance test message 4907
Performance test message 4908
Performance test message 4909
Performance test message 4910
Performance test message 4911
Performance test message 4912
Performance test message 4913
Performance test message 4914
Performance test message 4915
Performance test message 4916
Performance test message 4917
Performance test message 4918
Performance test message 4919
Performance test message 4920
Performance test message 4921
Performance test message 4922
Performance test message 4923
Performance test message 4924
Performance test message 4925
Performance test message 4926
Performance test message 4927
Performance test message 4928
Performance test message 4929
Performance test message 4930
Performance test message 4931
Performance test message 4932
Performance test message 4933
Performance test message 4934
Performance test message 4935
Performance test message 4936
Performance test message 4937
Performance test message 4938
Performance test message 4939
Performance test message 4940
Performance test message 4941
Performance test message 4942
Performance test message 4943
Performance test message 4944
Performance test message 4945
Performance test message 4946
Performance test message 4947
Performance test message 4948
Performance test message 4949
Performance test message 4950
Performance test message 4951
Performance test message 4952
Performance test message 4953
Performance test message 4954
Performance test message 4955
Performance test message 4956
Performance test message 4957
Performance test message 4958
Performance test message 4959
Performance test message 4960
Performance test message 4961
Performance test message 4962
Performance test message 4963
Performance test message 4964
Performance test message 4965
Performance test message 4966
Performance test message 4967
Performance test message 4968
Performance test message 4969
Performance test message 4970
Performance test message 4971
Performance test message 4972
Performance test message 4973
Performance test message 4974
Performance test message 4975
Performance test message 4976
Performance test message 4977
Performance test message 4978
Performance test message 4979
Performance test message 4980
Performance test message 4981
Performance test message 4982
Performance test message 4983
Performance test message 4984
Performance test message 4985
Performance test message 4986
Performance test message 4987
Performance test message 4988
Performance test message 4989
Performance test message 4990
Performance test message 4991
Performance test message 4992
Performance test message 4993
Performance test message 4994
Performance test message 4995
Performance test message 4996
Performance test message 4997
Performance test message 4998
Performance test message 4999
Performance test message 5000
Performance test message 5001
Performance test message 5002
Performance test message 5003
Performance test message 5004
Performance test message 5005
Performance test message 5006
Performance test message 5007
Performance test message 5008
Performance test message 5009
Performance test message 5010
Performance test message 5011
Performance test message 5012
Performance test message 5013
Performance test message 5014
Performance test message 5015
Performance test message 5016
Performance test message 5017
Performance test message 5018
Performance test message 5019
Performance test message 5020
Performance test message 5021
Performance test message 5022
Performance test message 5023
Performance test message 5024
Performance test message 5025
Performance test message 5026
Performance test message 5027
Performance test message 5028
Performance test message 5029
Performance test message 5030
Performance test message 5031
Performance test message 5032
Performance test message 5033
Performance test message 5034
Performance test message 5035
Performance test message 5036
Performance test message 5037
Performance test message 5038
Performance test message 5039
Performance test message 5040
Performance test message 5041
Performance test message 5042
Performance test message 5043
Performance test message 5044
Performance test message 5045
Performance test message 5046
Performance test message 5047
Performance test message 5048
Performance test message 5049
Performance test message 5050
Performance test message 5051
Performance test message 5052
Performance test message 5053
Performance test message 5054
Performance test message 5055
Performance test message 5056
Performance test message 5057
Performance test message 5058
Performance test message 5059
Performance test message 5060
Performance test message 5061
Performance test message 5062
Performance test message 5063
Performance test message 5064
Performance test message 5065
Performance test message 5066
Performance test message 5067
Performance test message 5068
Performance test message 5069
Performance test message 5070
Performance test message 5071
Performance test message 5072
Performance test message 5073
Performance test message 5074
Performance test message 5075
Performance test message 5076
Performance test message 5077
Performance test message 5078
Performance test message 5079
Performance test message 5080
Performance test message 5081
Performance test message 5082
Performance test message 5083
Performance test message 5084
Performance test message 5085
Performance test message 5086
Performance test message 5087
Performance test message 5088
Performance test message 5089
Performance test message 5090
Performance test message 5091
Performance test message 5092
Performance test message 5093
Performance test message 5094
Performance test message 5095
Performance test message 5096
Performance test message 5097
Performance test message 5098
Performance test message 5099
Performance test message 5100
Performance test message 5101
Performance test message 5102
Performance test message 5103
Performance test message 5104
Performance test message 5105
Performance test message 5106
Performance test message 5107
Performance test message 5108
Performance test message 5109
Performance test message 5110
Performance test message 5111
Performance test message 5112
Performance test message 5113
Performance test message 5114
Performance test message 5115
Performance test message 5116
Performance test message 5117
Performance test message 5118
Performance test message 5119
Performance test message 5120
Performance test message 5121
Performance test message 5122
Performance test message 5123
Performance test message 5124
Performance test message 5125
Performance test message 5126
Performance test message 5127
Performance test message 5128
Performance test message 5129
Performance test message 5130
Performance test message 5131
Performance test message 5132
Performance test message 5133
Performance test message 5134
Performance test message 5135
Performance test message 5136
Performance test message 5137
Performance test message 5138
Performance test message 5139
Performance test message 5140
Performance test message 5141
Performance test message 5142
Performance test message 5143
Performance test message 5144
Performance test message 5145
Performance test message 5146
Performance test message 5147
Performance test message 5148
Performance test message 5149
Performance test message 5150
Performance test message 5151
Performance test message 5152
Performance test message 5153
Performance test message 5154
Performance test message 5155
Performance test message 5156
Performance test message 5157
Performance test message 5158
Performance test message 5159
Performance test message 5160
Performance test message 5161
Performance test message 5162
Performance test message 5163
Performance test message 5164
Performance test message 5165
Performance test message 5166
Performance test message 5167
Performance test message 5168
Performance test message 5169
Performance test message 5170
Performance test message 5171
Performance test message 5172
Performance test message 5173
Performance test message 5174
Performance test message 5175
Performance test message 5176
Performance test message 5177
Performance test message 5178
Performance test message 5179
Performance test message 5180
Performance test message 5181
Performance test message 5182
Performance test message 5183
Performance test message 5184
Performance test message 5185
Performance test message 5186
Performance test message 5187
Performance test message 5188
Performance test message 5189
Performance test message 5190
Performance test message 5191
Performance test message 5192
Performance test message 5193
Performance test message 5194
Performance test message 5195
Performance test message 5196
Performance test message 5197
Performance test message 5198
Performance test message 5199
Performance test message 5200
Performance test message 5201
Performance test message 5202
Performance test message 5203
Performance test message 5204
Performance test message 5205
Performance test message 5206
Performance test message 5207
Performance test message 5208
Performance test message 5209
Performance test message 5210
Performance test message 5211
Performance test message 5212
Performance test message 5213
Performance test message 5214
Performance test message 5215
Performance test message 5216
Performance test message 5217
Performance test message 5218
Performance test message 5219
Performance test message 5220
Performance test message 5221
Performance test message 5222
Performance test message 5223
Performance test message 5224
Performance test message 5225
Performance test message 5226
Performance test message 5227
Performance test message 5228
Performance test message 5229
Performance test message 5230
Performance test message 5231
Performance test message 5232
Performance test message 5233
Performance test message 5234
Performance test message 5235
Performance test message 5236
Performance test message 5237
Performance test message 5238
Performance test message 5239
Performance test message 5240
Performance test message 5241
Performance test message 5242
Performance test message 5243
Performance test message 5244
Performance test message 5245
Performance test message 5246
Performance test message 5247
Performance test message 5248
Performance test message 5249
Performance test message 5250
Performance test message 5251
Performance test message 5252
Performance test message 5253
Performance test message 5254
Performance test message 5255
Performance test message 5256
Performance test message 5257
Performance test message 5258
Performance test message 5259
Performance test message 5260
Performance test message 5261
Performance test message 5262
Performance test message 5263
Performance test message 5264
Performance test message 5265
Performance test message 5266
Performance test message 5267
Performance test message 5268
Performance test message 5269
Performance test message 5270
Performance test message 5271
Performance test message 5272
Performance test message 5273
Performance test message 5274
Performance test message 5275
Performance test message 5276
Performance test message 5277
Performance test message 5278
Performance test message 5279
Performance test message 5280
Performance test message 5281
Performance test message 5282
Performance test message 5283
Performance test message 5284
Performance test message 5285
Performance test message 5286
Performance test message 5287
Performance test message 5288
Performance test message 5289
Performance test message 5290
Performance test message 5291
Performance test message 5292
Performance test message 5293
Performance test message 5294
Performance test message 5295
Performance test message 5296
Performance test message 5297
Performance test message 5298
Performance test message 5299
Performance test message 5300
Performance test message 5301
Performance test message 5302
Performance test message 5303
Performance test message 5304
Performance test message 5305
Performance test message 5306
Performance test message 5307
Performance test message 5308
Performance test message 5309
Performance test message 5310
Performance test message 5311
Performance test message 5312
Performance test message 5313
Performance test message 5314
Performance test message 5315
Performance test message 5316
Performance test message 5317
Performance test message 5318
Performance test message 5319
Performance test message 5320
Performance test message 5321
Performance test message 5322
Performance test message 5323
Performance test message 5324
Performance test message 5325
Performance test message 5326
Performance test message 5327
Performance test message 5328
Performance test message 5329
Performance test message 5330
Performance test message 5331
Performance test message 5332
Performance test message 5333
Performance test message 5334
Performance test message 5335
Performance test message 5336
Performance test message 5337
Performance test message 5338
Performance test message 5339
Performance test message 5340
Performance test message 5341
Performance test message 5342
Performance test message 5343
Performance test message 5344
Performance test message 5345
Performance test message 5346
Performance test message 5347
Performance test message 5348
Performance test message 5349
Performance test message 5350
Performance test message 5351
Performance test message 5352
Performance test message 5353
Performance test message 5354
Performance test message 5355
Performance test message 5356
Performance test message 5357
Performance test message 5358
Performance test message 5359
Performance test message 5360
Performance test message 5361
Performance test message 5362
Performance test message 5363
Performance test message 5364
Performance test message 5365
Performance test message 5366
Performance test message 5367
Performance test message 5368
Performance test message 5369
Performance test message 5370
Performance test message 5371
Performance test message 5372
Performance test message 5373
Performance test message 5374
Performance test message 5375
Performance test message 5376
Performance test message 5377
Performance test message 5378
Performance test message 5379
Performance test message 5380
Performance test message 5381
Performance test message 5382
Performance test message 5383
Performance test message 5384
Performance test message 5385
Performance test message 5386
Performance test message 5387
Performance test message 5388
Performance test message 5389
Performance test message 5390
Performance test message 5391
Performance test message 5392
Performance test message 5393
Performance test message 5394
Performance test message 5395
Performance test message 5396
Performance test message 5397
Performance test message 5398
Performance test message 5399
Performance test message 5400
Performance test message 5401
Performance test message 5402
Performance test message 5403
Performance test message 5404
Performance test message 5405
Performance test message 5406
Performance test message 5407
Performance test message 5408
Performance test message 5409
Performance test message 5410
Performance test message 5411
Performance test message 5412
Performance test message 5413
Performance test message 5414
Performance test message 5415
Performance test message 5416
Performance test message 5417
Performance test message 5418
Performance test message 5419
Performance test message 5420
Performance test message 5421
Performance test message 5422
Performance test message 5423
Performance test message 5424
Performance test message 5425
Performance test message 5426
Performance test message 5427
Performance test message 5428
Performance test message 5429
Performance test message 5430
Performance test message 5431
Performance test message 5432
Performance test message 5433
Performance test message 5434
Performance test message 5435
Performance test message 5436
Performance test message 5437
Performance test message 5438
Performance test message 5439
Performance test message 5440
Performance test message 5441
Performance test message 5442
Performance test message 5443
Performance test message 5444
Performance test message 5445
Performance test message 5446
Performance test message 5447
Performance test message 5448
Performance test message 5449
Performance test message 5450
Performance test message 5451
Performance test message 5452
Performance test message 5453
Performance test message 5454
Performance test message 5455
Performance test message 5456
Performance test message 5457
Performance test message 5458
Performance test message 5459
Performance test message 5460
Performance test message 5461
Performance test message 5462
Performance test message 5463
Performance test message 5464
Performance test message 5465
Performance test message 5466
Performance test message 5467
Performance test message 5468
Performance test message 5469
Performance test message 5470
Performance test message 5471
Performance test message 5472
Performance test message 5473
Performance test message 5474
Performance test message 5475
Performance test message 5476
Performance test message 5477
Performance test message 5478
Performance test message 5479
Performance test message 5480
Performance test message 5481
Performance test message 5482
Performance test message 5483
Performance test message 5484
Performance test message 5485
Performance test message 5486
Performance test message 5487
Performance test message 5488
Performance test message 5489
Performance test message 5490
Performance test message 5491
Performance test message 5492
Performance test message 5493
Performance test message 5494
Performance test message 5495
Performance test message 5496
Performance test message 5497
Performance test message 5498
Performance test message 5499
Performance test message 5500
Performance test message 5501
Performance test message 5502
Performance test message 5503
Performance test message 5504
Performance test message 5505
Performance test message 5506
Performance test message 5507
Performance test message 5508
Performance test message 5509
Performance test message 5510
Performance test message 5511
Performance test message 5512
Performance test message 5513
Performance test message 5514
Performance test message 5515
Performance test message 5516
Performance test message 5517
Performance test message 5518
Performance test message 5519
Performance test message 5520
Performance test message 5521
Performance test message 5522
Performance test message 5523
Performance test message 5524
Performance test message 5525
Performance test message 5526
Performance test message 5527
Performance test message 5528
Performance test message 5529
Performance test message 5530
Performance test message 5531
Performance test message 5532
Performance test message 5533
Performance test message 5534
Performance test message 5535
Performance test message 5536
Performance test message 5537
Performance test message 5538
Performance test message 5539
Performance test message 5540
Performance test message 5541
Performance test message 5542
Performance test message 5543
Performance test message 5544
Performance test message 5545
Performance test message 5546
Performance test message 5547
Performance test message 5548
Performance test message 5549
Performance test message 5550
Performance test message 5551
Performance test message 5552
Performance test message 5553
Performance test message 5554
Performance test message 5555
Performance test message 5556
Performance test message 5557
Performance test message 5558
Performance test message 5559
Performance test message 5560
Performance test message 5561
Performance test message 5562
Performance test message 5563
Performance test message 5564
Performance test message 5565
Performance test message 5566
Performance test message 5567
Performance test message 5568
Performance test message 5569
Performance test message 5570
Performance test message 5571
Performance test message 5572
Performance test message 5573
Performance test message 5574
Performance test message 5575
Performance test message 5576
Performance test message 5577
Performance test message 5578
Performance test message 5579
Performance test message 5580
Performance test message 5581
Performance test message 5582
Performance test message 5583
Performance test message 5584
Performance test message 5585
Performance test message 5586
Performance test message 5587
Performance test message 5588
Performance test message 5589
Performance test message 5590
Performance test message 5591
Performance test message 5592
Performance test message 5593
Performance test message 5594
Performance test message 5595
Performance test message 5596
Performance test message 5597
Performance test message 5598
Performance test message 5599
Performance test message 5600
Performance test message 5601
Performance test message 5602
Performance test message 5603
Performance test message 5604
Performance test message 5605
Performance test message 5606
Performance test message 5607
Performance test message 5608
Performance test message 5609
Performance test message 5610
Performance test message 5611
Performance test message 5612
Performance test message 5613
Performance test message 5614
Performance test message 5615
Performance test message 5616
Performance test message 5617
Performance test message 5618
Performance test message 5619
Performance test message 5620
Performance test message 5621
Performance test message 5622
Performance test message 5623
Performance test message 5624
Performance test message 5625
Performance test message 5626
Performance test message 5627
Performance test message 5628
Performance test message 5629
Performance test message 5630
Performance test message 5631
Performance test message 5632
Performance test message 5633
Performance test message 5634
Performance test message 5635
Performance test message 5636
Performance test message 5637
Performance test message 5638
Performance test message 5639
Performance test message 5640
Performance test message 5641
Performance test message 5642
Performance test message 5643
Performance test message 5644
Performance test message 5645
Performance test message 5646
Performance test message 5647
Performance test message 5648
Performance test message 5649
Performance test message 5650
Performance test message 5651
Performance test message 5652
Performance test message 5653
Performance test message 5654
Performance test message 5655
Performance test message 5656
Performance test message 5657
Performance test message 5658
Performance test message 5659
Performance test message 5660
Performance test message 5661
Performance test message 5662
Performance test message 5663
Performance test message 5664
Performance test message 5665
Performance test message 5666
Performance test message 5667
Performance test message 5668
Performance test message 5669
Performance test message 5670
Performance test message 5671
Performance test message 5672
Performance test message 5673
Performance test message 5674
Performance test message 5675
Performance test message 5676
Performance test message 5677
Performance test message 5678
Performance test message 5679
Performance test message 5680
Performance test message 5681
Performance test message 5682
Performance test message 5683
Performance test message 5684
Performance test message 5685
Performance test message 5686
Performance test message 5687
Performance test message 5688
Performance test message 5689
Performance test message 5690
Performance test message 5691
Performance test message 5692
Performance test message 5693
Performance test message 5694
Performance test message 5695
Performance test message 5696
Performance test message 5697
Performance test message 5698
Performance test message 5699
Performance test message 5700
Performance test message 5701
Performance test message 5702
Performance test message 5703
Performance test message 5704
Performance test message 5705
Performance test message 5706
Performance test message 5707
Performance test message 5708
Performance test message 5709
Performance test message 5710
Performance test message 5711
Performance test message 5712
Performance test message 5713
Performance test message 5714
Performance test message 5715
Performance test message 5716
Performance test message 5717
Performance test message 5718
Performance test message 5719
Performance test message 5720
Performance test message 5721
Performance test message 5722
Performance test message 5723
Performance test message 5724
Performance test message 5725
Performance test message 5726
Performance test message 5727
Performance test message 5728
Performance test message 5729
Performance test message 5730
Performance test message 5731
Performance test message 5732
Performance test message 5733
Performance test message 5734
Performance test message 5735
Performance test message 5736
Performance test message 5737
Performance test message 5738
Performance test message 5739
Performance test message 5740
Performance test message 5741
Performance test message 5742
Performance test message 5743
Performance test message 5744
Performance test message 5745
Performance test message 5746
Performance test message 5747
Performance test message 5748
Performance test message 5749
Performance test message 5750
Performance test message 5751
Performance test message 5752
Performance test message 5753
Performance test message 5754
Performance test message 5755
Performance test message 5756
Performance test message 5757
Performance test message 5758
Performance test message 5759
Performance test message 5760
Performance test message 5761
Performance test message 5762
Performance test message 5763
Performance test message 5764
Performance test message 5765
Performance test message 5766
Performance test message 5767
Performance test message 5768
Performance test message 5769
Performance test message 5770
Performance test message 5771
Performance test message 5772
Performance test message 5773
Performance test message 5774
Performance test message 5775
Performance test message 5776
Performance test message 5777
Performance test message 5778
Performance test message 5779
Performance test message 5780
Performance test message 5781
Performance test message 5782
Performance test message 5783
Performance test message 5784
Performance test message 5785
Performance test message 5786
Performance test message 5787
Performance test message 5788
Performance test message 5789
Performance test message 5790
Performance test message 5791
Performance test message 5792
Performance test message 5793
Performance test message 5794
Performance test message 5795
Performance test message 5796
Performance test message 5797
Performance test message 5798
Performance test message 5799
Performance test message 5800
Performance test message 5801
Performance test message 5802
Performance test message 5803
Performance test message 5804
Performance test message 5805
Performance test message 5806
Performance test message 5807
Performance test message 5808
Performance test message 5809
Performance test message 5810
Performance test message 5811
Performance test message 5812
Performance test message 5813
Performance test message 5814
Performance test message 5815
Performance test message 5816
Performance test message 5817
Performance test message 5818
Performance test message 5819
Performance test message 5820
Performance test message 5821
Performance test message 5822
Performance test message 5823
Performance test message 5824
Performance test message 5825
Performance test message 5826
Performance test message 5827
Performance test message 5828
Performance test message 5829
Performance test message 5830
Performance test message 5831
Performance test message 5832
Performance test message 5833
Performance test message 5834
Performance test message 5835
Performance test message 5836
Performance test message 5837
Performance test message 5838
Performance test message 5839
Performance test message 5840
Performance test message 5841
Performance test message 5842
Performance test message 5843
Performance test message 5844
Performance test message 5845
Performance test message 5846
Performance test message 5847
Performance test message 5848
Performance test message 5849
Performance test message 5850
Performance test message 5851
Performance test message 5852
Performance test message 5853
Performance test message 5854
Performance test message 5855
Performance test message 5856
Performance test message 5857
Performance test message 5858
Performance test message 5859
Performance test message 5860
Performance test message 5861
Performance test message 5862
Performance test message 5863
Performance test message 5864
Performance test message 5865
Performance test message 5866
Performance test message 5867
Performance test message 5868
Performance test message 5869
Performance test message 5870
Performance test message 5871
Performance test message 5872
Performance test message 5873
Performance test message 5874
Performance test message 5875
Performance test message 5876
Performance test message 5877
Performance test message 5878
Performance test message 5879
Performance test message 5880
Performance test message 5881
Performance test message 5882
Performance test message 5883
Performance test message 5884
Performance test message 5885
Performance test message 5886
Performance test message 5887
Performance test message 5888
Performance test message 5889
Performance test message 5890
Performance test message 5891
Performance test message 5892
Performance test message 5893
Performance test message 5894
Performance test message 5895
Performance test message 5896
Performance test message 5897
Performance test message 5898
Performance test message 5899
Performance test message 5900
Performance test message 5901
Performance test message 5902
Performance test message 5903
Performance test message 5904
Performance test message 5905
Performance test message 5906
Performance test message 5907
Performance test message 5908
Performance test message 5909
Performance test message 5910
Performance test message 5911
Performance test message 5912
Performance test message 5913
Performance test message 5914
Performance test message 5915
Performance test message 5916
Performance test message 5917
Performance test message 5918
Performance test message 5919
Performance test message 5920
Performance test message 5921
Performance test message 5922
Performance test message 5923
Performance test message 5924
Performance test message 5925
Performance test message 5926
Performance test message 5927
Performance test message 5928
Performance test message 5929
Performance test message 5930
Performance test message 5931
Performance test message 5932
Performance test message 5933
Performance test message 5934
Performance test message 5935
Performance test message 5936
Performance test message 5937
Performance test message 5938
Performance test message 5939
Performance test message 5940
Performance test message 5941
Performance test message 5942
Performance test message 5943
Performance test message 5944
Performance test message 5945
Performance test message 5946
Performance test message 5947
Performance test message 5948
Performance test message 5949
Performance test message 5950
Performance test message 5951
Performance test message 5952
Performance test message 5953
Performance test message 5954
Performance test message 5955
Performance test message 5956
Performance test message 5957
Performance test message 5958
Performance test message 5959
Performance test message 5960
Performance test message 5961
Performance test message 5962
Performance test message 5963
Performance test message 5964
Performance test message 5965
Performance test message 5966
Performance test message 5967
Performance test message 5968
Performance test message 5969
Performance test message 5970
Performance test message 5971
Performance test message 5972
Performance test message 5973
Performance test message 5974
Performance test message 5975
Performance test message 5976
Performance test message 5977
Performance test message 5978
Performance test message 5979
Performance test message 5980
Performance test message 5981
Performance test message 5982
Performance test message 5983
Performance test message 5984
Performance test message 5985
Performance test message 5986
Performance test message 5987
Performance test message 5988
Performance test message 5989
Performance test message 5990
Performance test message 5991
Performance test message 5992
Performance test message 5993
Performance test message 5994
Performance test message 5995
Performance test message 5996
Performance test message 5997
Performance test message 5998
Performance test message 5999
Performance test message 6000
Performance test message 6001
Performance test message 6002
Performance test message 6003
Performance test message 6004
Performance test message 6005
Performance test message 6006
Performance test message 6007
Performance test message 6008
Performance test message 6009
Performance test message 6010
Performance test message 6011
Performance test message 6012
Performance test message 6013
Performance test message 6014
Performance test message 6015
Performance test message 6016
Performance test message 6017
Performance test message 6018
Performance test message 6019
Performance test message 6020
Performance test message 6021
Performance test message 6022
Performance test message 6023
Performance test message 6024
Performance test message 6025
Performance test message 6026
Performance test message 6027
Performance test message 6028
Performance test message 6029
Performance test message 6030
Performance test message 6031
Performance test message 6032
Performance test message 6033
Performance test message 6034
Performance test message 6035
Performance test message 6036
Performance test message 6037
Performance test message 6038
Performance test message 6039
Performance test message 6040
Performance test message 6041
Performance test message 6042
Performance test message 6043
Performance test message 6044
Performance test message 6045
Performance test message 6046
Performance test message 6047
Performance test message 6048
Performance test message 6049
Performance test message 6050
Performance test message 6051
Performance test message 6052
Performance test message 6053
Performance test message 6054
Performance test message 6055
Performance test message 6056
Performance test message 6057
Performance test message 6058
Performance test message 6059
Performance test message 6060
Performance test message 6061
Performance test message 6062
Performance test message 6063
Performance test message 6064
Performance test message 6065
Performance test message 6066
Performance test message 6067
Performance test message 6068
Performance test message 6069
Performance test message 6070
Performance test message 6071
Performance test message 6072
Performance test message 6073
Performance test message 6074
Performance test message 6075
Performance test message 6076
Performance test message 6077
Performance test message 6078
Performance test message 6079
Performance test message 6080
Performance test message 6081
Performance test message 6082
Performance test message 6083
Performance test message 6084
Performance test message 6085
Performance test message 6086
Performance test message 6087
Performance test message 6088
Performance test message 6089
Performance test message 6090
Performance test message 6091
Performance test message 6092
Performance test message 6093
Performance test message 6094
Performance test message 6095
Performance test message 6096
Performance test message 6097
Performance test message 6098
Performance test message 6099
Performance test message 6100
Performance test message 6101
Performance test message 6102
Performance test message 6103
Performance test message 6104
Performance test message 6105
Performance test message 6106
Performance test message 6107
Performance test message 6108
Performance test message 6109
Performance test message 6110
Performance test message 6111
Performance test message 6112
Performance test message 6113
Performance test message 6114
Performance test message 6115
Performance test message 6116
Performance test message 6117
Performance test message 6118
Performance test message 6119
Performance test message 6120
Performance test message 6121
Performance test message 6122
Performance test message 6123
Performance test message 6124
Performance test message 6125
Performance test message 6126
Performance test message 6127
Performance test message 6128
Performance test message 6129
Performance test message 6130
Performance test message 6131
Performance test message 6132
Performance test message 6133
Performance test message 6134
Performance test message 6135
Performance test message 6136
Performance test message 6137
Performance test message 6138
Performance test message 6139
Performance test message 6140
Performance test message 6141
Performance test message 6142
Performance test message 6143
Performance test message 6144
Performance test message 6145
Performance test message 6146
Performance test message 6147
Performance test message 6148
Performance test message 6149
Performance test message 6150
Performance test message 6151
Performance test message 6152
Performance test message 6153
Performance test message 6154
Performance test message 6155
Performance test message 6156
Performance test message 6157
Performance test message 6158
Performance test message 6159
Performance test message 6160
Performance test message 6161
Performance test message 6162
Performance test message 6163
Performance test message 6164
Performance test message 6165
Performance test message 6166
Performance test message 6167
Performance test message 6168
Performance test message 6169
Performance test message 6170
Performance test message 6171
Performance test message 6172
Performance test message 6173
Performance test message 6174
Performance test message 6175
Performance test message 6176
Performance test message 6177
Performance test message 6178
Performance test message 6179
Performance test message 6180
Performance test message 6181
Performance test message 6182
Performance test message 6183
Performance test message 6184
Performance test message 6185
Performance test message 6186
Performance test message 6187
Performance test message 6188
Performance test message 6189
Performance test message 6190
Performance test message 6191
Performance test message 6192
Performance test message 6193
Performance test message 6194
Performance test message 6195
Performance test message 6196
Performance test message 6197
Performance test message 6198
Performance test message 6199
Performance test message 6200
Performance test message 6201
Performance test message 6202
Performance test message 6203
Performance test message 6204
Performance test message 6205
Performance test message 6206
Performance test message 6207
Performance test message 6208
Performance test message 6209
Performance test message 6210
Performance test message 6211
Performance test message 6212
Performance test message 6213
Performance test message 6214
Performance test message 6215
Performance test message 6216
Performance test message 6217
Performance test message 6218
Performance test message 6219
Performance test message 6220
Performance test message 6221
Performance test message 6222
Performance test message 6223
Performance test message 6224
Performance test message 6225
Performance test message 6226
Performance test message 6227
Performance test message 6228
Performance test message 6229
Performance test message 6230
Performance test message 6231
Performance test message 6232
Performance test message 6233
Performance test message 6234
Performance test message 6235
Performance test message 6236
Performance test message 6237
Performance test message 6238
Performance test message 6239
Performance test message 6240
Performance test message 6241
Performance test message 6242
Performance test message 6243
Performance test message 6244
Performance test message 6245
Performance test message 6246
Performance test message 6247
Performance test message 6248
Performance test message 6249
Performance test message 6250
Performance test message 6251
Performance test message 6252
Performance test message 6253
Performance test message 6254
Performance test message 6255
Performance test message 6256
Performance test message 6257
Performance test message 6258
Performance test message 6259
Performance test message 6260
Performance test message 6261
Performance test message 6262
Performance test message 6263
Performance test message 6264
Performance test message 6265
Performance test message 6266
Performance test message 6267
Performance test message 6268
Performance test message 6269
Performance test message 6270
Performance test message 6271
Performance test message 6272
Performance test message 6273
Performance test message 6274
Performance test message 6275
Performance test message 6276
Performance test message 6277
Performance test message 6278
Performance test message 6279
Performance test message 6280
Performance test message 6281
Performance test message 6282
Performance test message 6283
Performance test message 6284
Performance test message 6285
Performance test message 6286
Performance test message 6287
Performance test message 6288
Performance test message 6289
Performance test message 6290
Performance test message 6291
Performance test message 6292
Performance test message 6293
Performance test message 6294
Performance test message 6295
Performance test message 6296
Performance test message 6297
Performance test message 6298
Performance test message 6299
Performance test message 6300
Performance test message 6301
Performance test message 6302
Performance test message 6303
Performance test message 6304
Performance test message 6305
Performance test message 6306
Performance test message 6307
Performance test message 6308
Performance test message 6309
Performance test message 6310
Performance test message 6311
Performance test message 6312
Performance test message 6313
Performance test message 6314
Performance test message 6315
Performance test message 6316
Performance test message 6317
Performance test message 6318
Performance test message 6319
Performance test message 6320
Performance test message 6321
Performance test message 6322
Performance test message 6323
Performance test message 6324
Performance test message 6325
Performance test message 6326
Performance test message 6327
Performance test message 6328
Performance test message 6329
Performance test message 6330
Performance test message 6331
Performance test message 6332
Performance test message 6333
Performance test message 6334
Performance test message 6335
Performance test message 6336
Performance test message 6337
Performance test message 6338
Performance test message 6339
Performance test message 6340
Performance test message 6341
Performance test message 6342
Performance test message 6343
Performance test message 6344
Performance test message 6345
Performance test message 6346
Performance test message 6347
Performance test message 6348
Performance test message 6349
Performance test message 6350
Performance test message 6351
Performance test message 6352
Performance test message 6353
Performance test message 6354
Performance test message 6355
Performance test message 6356
Performance test message 6357
Performance test message 6358
Performance test message 6359
Performance test message 6360
Performance test message 6361
Performance test message 6362
Performance test message 6363
Performance test message 6364
Performance test message 6365
Performance test message 6366
Performance test message 6367
Performance test message 6368
Performance test message 6369
Performance test message 6370
Performance test message 6371
Performance test message 6372
Performance test message 6373
Performance test message 6374
Performance test message 6375
Performance test message 6376
Performance test message 6377
Performance test message 6378
Performance test message 6379
Performance test message 6380
Performance test message 6381
Performance test message 6382
Performance test message 6383
Performance test message 6384
Performance test message 6385
Performance test message 6386
Performance test message 6387
Performance test message 6388
Performance test message 6389
Performance test message 6390
Performance test message 6391
Performance test message 6392
Performance test message 6393
Performance test message 6394
Performance test message 6395
Performance test message 6396
Performance test message 6397
Performance test message 6398
Performance test message 6399
Performance test message 6400
Performance test message 6401
Performance test message 6402
Performance test message 6403
Performance test message 6404
Performance test message 6405
Performance test message 6406
Performance test message 6407
Performance test message 6408
Performance test message 6409
Performance test message 6410
Performance test message 6411
Performance test message 6412
Performance test message 6413
Performance test message 6414
Performance test message 6415
Performance test message 6416
Performance test message 6417
Performance test message 6418
Performance test message 6419
Performance test message 6420
Performance test message 6421
Performance test message 6422
Performance test message 6423
Performance test message 6424
Performance test message 6425
Performance test message 6426
Performance test message 6427
Performance test message 6428
Performance test message 6429
Performance test message 6430
Performance test message 6431
Performance test message 6432
Performance test message 6433
Performance test message 6434
Performance test message 6435
Performance test message 6436
Performance test message 6437
Performance test message 6438
Performance test message 6439
Performance test message 6440
Performance test message 6441
Performance test message 6442
Performance test message 6443
Performance test message 6444
Performance test message 6445
Performance test message 6446
Performance test message 6447
Performance test message 6448
Performance test message 6449
Performance test message 6450
Performance test message 6451
Performance test message 6452
Performance test message 6453
Performance test message 6454
Performance test message 6455
Performance test message 6456
Performance test message 6457
Performance test message 6458
Performance test message 6459
Performance test message 6460
Performance test message 6461
Performance test message 6462
Performance test message 6463
Performance test message 6464
Performance test message 6465
Performance test message 6466
Performance test message 6467
Performance test message 6468
Performance test message 6469
Performance test message 6470
Performance test message 6471
Performance test message 6472
Performance test message 6473
Performance test message 6474
Performance test message 6475
Performance test message 6476
Performance test message 6477
Performance test message 6478
Performance test message 6479
Performance test message 6480
Performance test message 6481
Performance test message 6482
Performance test message 6483
Performance test message 6484
Performance test message 6485
Performance test message 6486
Performance test message 6487
Performance test message 6488
Performance test message 6489
Performance test message 6490
Performance test message 6491
Performance test message 6492
Performance test message 6493
Performance test message 6494
Performance test message 6495
Performance test message 6496
Performance test message 6497
Performance test message 6498
Performance test message 6499
Performance test message 6500
Performance test message 6501
Performance test message 6502
Performance test message 6503
Performance test message 6504
Performance test message 6505
Performance test message 6506
Performance test message 6507
Performance test message 6508
Performance test message 6509
Performance test message 6510
Performance test message 6511
Performance test message 6512
Performance test message 6513
Performance test message 6514
Performance test message 6515
Performance test message 6516
Performance test message 6517
Performance test message 6518
Performance test message 6519
Performance test message 6520
Performance test message 6521
Performance test message 6522
Performance test message 6523
Performance test message 6524
Performance test message 6525
Performance test message 6526
Performance test message 6527
Performance test message 6528
Performance test message 6529
Performance test message 6530
Performance test message 6531
Performance test message 6532
Performance test message 6533
Performance test message 6534
Performance test message 6535
Performance test message 6536
Performance test message 6537
Performance test message 6538
Performance test message 6539
Performance test message 6540
Performance test message 6541
Performance test message 6542
Performance test message 6543
Performance test message 6544
Performance test message 6545
Performance test message 6546
Performance test message 6547
Performance test message 6548
Performance test message 6549
Performance test message 6550
Performance test message 6551
Performance test message 6552
Performance test message 6553
Performance test message 6554
Performance test message 6555
Performance test message 6556
Performance test message 6557
Performance test message 6558
Performance test message 6559
Performance test message 6560
Performance test message 6561
Performance test message 6562
Performance test message 6563
Performance test message 6564
Performance test message 6565
Performance test message 6566
Performance test message 6567
Performance test message 6568
Performance test message 6569
Performance test message 6570
Performance test message 6571
Performance test message 6572
Performance test message 6573
Performance test message 6574
Performance test message 6575
Performance test message 6576
Performance test message 6577
Performance test message 6578
Performance test message 6579
Performance test message 6580
Performance test message 6581
Performance test message 6582
Performance test message 6583
Performance test message 6584
Performance test message 6585
Performance test message 6586
Performance test message 6587
Performance test message 6588
Performance test message 6589
Performance test message 6590
Performance test message 6591
Performance test message 6592
Performance test message 6593
Performance test message 6594
Performance test message 6595
Performance test message 6596
Performance test message 6597
Performance test message 6598
Performance test message 6599
Performance test message 6600
Performance test message 6601
Performance test message 6602
Performance test message 6603
Performance test message 6604
Performance test message 6605
Performance test message 6606
Performance test message 6607
Performance test message 6608
Performance test message 6609
Performance test message 6610
Performance test message 6611
Performance test message 6612
Performance test message 6613
Performance test message 6614
Performance test message 6615
Performance test message 6616
Performance test message 6617
Performance test message 6618
Performance test message 6619
Performance test message 6620
Performance test message 6621
Performance test message 6622
Performance test message 6623
Performance test message 6624
Performance test message 6625
Performance test message 6626
Performance test message 6627
Performance test message 6628
Performance test message 6629
Performance test message 6630
Performance test message 6631
Performance test message 6632
Performance test message 6633
Performance test message 6634
Performance test message 6635
Performance test message 6636
Performance test message 6637
Performance test message 6638
Performance test message 6639
Performance test message 6640
Performance test message 6641
Performance test message 6642
Performance test message 6643
Performance test message 6644
Performance test message 6645
Performance test message 6646
Performance test message 6647
Performance test message 6648
Performance test message 6649
Performance test message 6650
Performance test message 6651
Performance test message 6652
Performance test message 6653
Performance test message 6654
Performance test message 6655
Performance test message 6656
Performance test message 6657
Performance test message 6658
Performance test message 6659
Performance test message 6660
Performance test message 6661
Performance test message 6662
Performance test message 6663
Performance test message 6664
Performance test message 6665
Performance test message 6666
Performance test message 6667
Performance test message 6668
Performance test message 6669
Performance test message 6670
Performance test message 6671
Performance test message 6672
Performance test message 6673
Performance test message 6674
Performance test message 6675
Performance test message 6676
Performance test message 6677
Performance test message 6678
Performance test message 6679
Performance test message 6680
Performance test message 6681
Performance test message 6682
Performance test message 6683
Performance test message 6684
Performance test message 6685
Performance test message 6686
Performance test message 6687
Performance test message 6688
Performance test message 6689
Performance test message 6690
Performance test message 6691
Performance test message 6692
Performance test message 6693
Performance test message 6694
Performance test message 6695
Performance test message 6696
Performance test message 6697
Performance test message 6698
Performance test message 6699
Performance test message 6700
Performance test message 6701
Performance test message 6702
Performance test message 6703
Performance test message 6704
Performance test message 6705
Performance test message 6706
Performance test message 6707
Performance test message 6708
Performance test message 6709
Performance test message 6710
Performance test message 6711
Performance test message 6712
Performance test message 6713
Performance test message 6714
Performance test message 6715
Performance test message 6716
Performance test message 6717
Performance test message 6718
Performance test message 6719
Performance test message 6720
Performance test message 6721
Performance test message 6722
Performance test message 6723
Performance test message 6724
Performance test message 6725
Performance test message 6726
Performance test message 6727
Performance test message 6728
Performance test message 6729
Performance test message 6730
Performance test message 6731
Performance test message 6732
Performance test message 6733
Performance test message 6734
Performance test message 6735
Performance test message 6736
Performance test message 6737
Performance test message 6738
Performance test message 6739
Performance test message 6740
Performance test message 6741
Performance test message 6742
Performance test message 6743
Performance test message 6744
Performance test message 6745
Performance test message 6746
Performance test message 6747
Performance test message 6748
Performance test message 6749
Performance test message 6750
Performance test message 6751
Performance test message 6752
Performance test message 6753
Performance test message 6754
Performance test message 6755
Performance test message 6756
Performance test message 6757
Performance test message 6758
Performance test message 6759
Performance test message 6760
Performance test message 6761
Performance test message 6762
Performance test message 6763
Performance test message 6764
Performance test message 6765
Performance test message 6766
Performance test message 6767
Performance test message 6768
Performance test message 6769
Performance test message 6770
Performance test message 6771
Performance test message 6772
Performance test message 6773
Performance test message 6774
Performance test message 6775
Performance test message 6776
Performance test message 6777
Performance test message 6778
Performance test message 6779
Performance test message 6780
Performance test message 6781
Performance test message 6782
Performance test message 6783
Performance test message 6784
Performance test message 6785
Performance test message 6786
Performance test message 6787
Performance test message 6788
Performance test message 6789
Performance test message 6790
Performance test message 6791
Performance test message 6792
Performance test message 6793
Performance test message 6794
Performance test message 6795
Performance test message 6796
Performance test message 6797
Performance test message 6798
Performance test message 6799
Performance test message 6800
Performance test message 6801
Performance test message 6802
Performance test message 6803
Performance test message 6804
Performance test message 6805
Performance test message 6806
Performance test message 6807
Performance test message 6808
Performance test message 6809
Performance test message 6810
Performance test message 6811
Performance test message 6812
Performance test message 6813
Performance test message 6814
Performance test message 6815
Performance test message 6816
Performance test message 6817
Performance test message 6818
Performance test message 6819
Performance test message 6820
Performance test message 6821
Performance test message 6822
Performance test message 6823
Performance test message 6824
Performance test message 6825
Performance test message 6826
Performance test message 6827
Performance test message 6828
Performance test message 6829
Performance test message 6830
Performance test message 6831
Performance test message 6832
Performance test message 6833
Performance test message 6834
Performance test message 6835
Performance test message 6836
Performance test message 6837
Performance test message 6838
Performance test message 6839
Performance test message 6840
Performance test message 6841
Performance test message 6842
Performance test message 6843
Performance test message 6844
Performance test message 6845
Performance test message 6846
Performance test message 6847
Performance test message 6848
Performance test message 6849
Performance test message 6850
Performance test message 6851
Performance test message 6852
Performance test message 6853
Performance test message 6854
Performance test message 6855
Performance test message 6856
Performance test message 6857
Performance test message 6858
Performance test message 6859
Performance test message 6860
Performance test message 6861
Performance test message 6862
Performance test message 6863
Performance test message 6864
Performance test message 6865
Performance test message 6866
Performance test message 6867
Performance test message 6868
Performance test message 6869
Performance test message 6870
Performance test message 6871
Performance test message 6872
Performance test message 6873
Performance test message 6874
Performance test message 6875
Performance test message 6876
Performance test message 6877
Performance test message 6878
Performance test message 6879
Performance test message 6880
Performance test message 6881
Performance test message 6882
Performance test message 6883
Performance test message 6884
Performance test message 6885
Performance test message 6886
Performance test message 6887
Performance test message 6888
Performance test message 6889
Performance test message 6890
Performance test message 6891
Performance test message 6892
Performance test message 6893
Performance test message 6894
Performance test message 6895
Performance test message 6896
Performance test message 6897
Performance test message 6898
Performance test message 6899
Performance test message 6900
Performance test message 6901
Performance test message 6902
Performance test message 6903
Performance test message 6904
Performance test message 6905
Performance test message 6906
Performance test message 6907
Performance test message 6908
Performance test message 6909
Performance test message 6910
Performance test message 6911
Performance test message 6912
Performance test message 6913
Performance test message 6914
Performance test message 6915
Performance test message 6916
Performance test message 6917
Performance test message 6918
Performance test message 6919
Performance test message 6920
Performance test message 6921
Performance test message 6922
Performance test message 6923
Performance test message 6924
Performance test message 6925
Performance test message 6926
Performance test message 6927
Performance test message 6928
Performance test message 6929
Performance test message 6930
Performance test message 6931
Performance test message 6932
Performance test message 6933
Performance test message 6934
Performance test message 6935
Performance test message 6936
Performance test message 6937
Performance test message 6938
Performance test message 6939
Performance test message 6940
Performance test message 6941
Performance test message 6942
Performance test message 6943
Performance test message 6944
Performance test message 6945
Performance test message 6946
Performance test message 6947
Performance test message 6948
Performance test message 6949
Performance test message 6950
Performance test message 6951
Performance test message 6952
Performance test message 6953
Performance test message 6954
Performance test message 6955
Performance test message 6956
Performance test message 6957
Performance test message 6958
Performance test message 6959
Performance test message 6960
Performance test message 6961
Performance test message 6962
Performance test message 6963
Performance test message 6964
Performance test message 6965
Performance test message 6966
Performance test message 6967
Performance test message 6968
Performance test message 6969
Performance test message 6970
Performance test message 6971
Performance test message 6972
Performance test message 6973
Performance test message 6974
Performance test message 6975
Performance test message 6976
Performance test message 6977
Performance test message 6978
Performance test message 6979
Performance test message 6980
Performance test message 6981
Performance test message 6982
Performance test message 6983
Performance test message 6984
Performance test message 6985
Performance test message 6986
Performance test message 6987
Performance test message 6988
Performance test message 6989
Performance test message 6990
Performance test message 6991
Performance test message 6992
Performance test message 6993
Performance test message 6994
Performance test message 6995
Performance test message 6996
Performance test message 6997
Performance test message 6998
Performance test message 6999
Performance test message 7000
Performance test message 7001
Performance test message 7002
Performance test message 7003
Performance test message 7004
Performance test message 7005
Performance test message 7006
Performance test message 7007
Performance test message 7008
Performance test message 7009
Performance test message 7010
Performance test message 7011
Performance test message 7012
Performance test message 7013
Performance test message 7014
Performance test message 7015
Performance test message 7016
Performance test message 7017
Performance test message 7018
Performance test message 7019
Performance test message 7020
Performance test message 7021
Performance test message 7022
Performance test message 7023
Performance test message 7024
Performance test message 7025
Performance test message 7026
Performance test message 7027
Performance test message 7028
Performance test message 7029
Performance test message 7030
Performance test message 7031
Performance test message 7032
Performance test message 7033
Performance test message 7034
Performance test message 7035
Performance test message 7036
Performance test message 7037
Performance test message 7038
Performance test message 7039
Performance test message 7040
Performance test message 7041
Performance test message 7042
Performance test message 7043
Performance test message 7044
Performance test message 7045
Performance test message 7046
Performance test message 7047
Performance test message 7048
Performance test message 7049
Performance test message 7050
Performance test message 7051
Performance test message 7052
Performance test message 7053
Performance test message 7054
Performance test message 7055
Performance test message 7056
Performance test message 7057
Performance test message 7058
Performance test message 7059
Performance test message 7060
Performance test message 7061
Performance test message 7062
Performance test message 7063
Performance test message 7064
Performance test message 7065
Performance test message 7066
Performance test message 7067
Performance test message 7068
Performance test message 7069
Performance test message 7070
Performance test message 7071
Performance test message 7072
Performance test message 7073
Performance test message 7074
Performance test message 7075
Performance test message 7076
Performance test message 7077
Performance test message 7078
Performance test message 7079
Performance test message 7080
Performance test message 7081
Performance test message 7082
Performance test message 7083
Performance test message 7084
Performance test message 7085
Performance test message 7086
Performance test message 7087
Performance test message 7088
Performance test message 7089
Performance test message 7090
Performance test message 7091
Performance test message 7092
Performance test message 7093
Performance test message 7094
Performance test message 7095
Performance test message 7096
Performance test message 7097
Performance test message 7098
Performance test message 7099
Performance test message 7100
Performance test message 7101
Performance test message 7102
Performance test message 7103
Performance test message 7104
Performance test message 7105
Performance test message 7106
Performance test message 7107
Performance test message 7108
Performance test message 7109
Performance test message 7110
Performance test message 7111
Performance test message 7112
Performance test message 7113
Performance test message 7114
Performance test message 7115
Performance test message 7116
Performance test message 7117
Performance test message 7118
Performance test message 7119
Performance test message 7120
Performance test message 7121
Performance test message 7122
Performance test message 7123
Performance test message 7124
Performance test message 7125
Performance test message 7126
Performance test message 7127
Performance test message 7128
Performance test message 7129
Performance test message 7130
Performance test message 7131
Performance test message 7132
Performance test message 7133
Performance test message 7134
Performance test message 7135
Performance test message 7136
Performance test message 7137
Performance test message 7138
Performance test message 7139
Performance test message 7140
Performance test message 7141
Performance test message 7142
Performance test message 7143
Performance test message 7144
Performance test message 7145
Performance test message 7146
Performance test message 7147
Performance test message 7148
Performance test message 7149
Performance test message 7150
Performance test message 7151
Performance test message 7152
Performance test message 7153
Performance test message 7154
Performance test message 7155
Performance test message 7156
Performance test message 7157
Performance test message 7158
Performance test message 7159
Performance test message 7160
Performance test message 7161
Performance test message 7162
Performance test message 7163
Performance test message 7164
Performance test message 7165
Performance test message 7166
Performance test message 7167
Performance test message 7168
Performance test message 7169
Performance test message 7170
Performance test message 7171
Performance test message 7172
Performance test message 7173
Performance test message 7174
Performance test message 7175
Performance test message 7176
Performance test message 7177
Performance test message 7178
Performance test message 7179
Performance test message 7180
Performance test message 7181
Performance test message 7182
Performance test message 7183
Performance test message 7184
Performance test message 7185
Performance test message 7186
Performance test message 7187
Performance test message 7188
Performance test message 7189
Performance test message 7190
Performance test message 7191
Performance test message 7192
Performance test message 7193
Performance test message 7194
Performance test message 7195
Performance test message 7196
Performance test message 7197
Performance test message 7198
Performance test message 7199
Performance test message 7200
Performance test message 7201
Performance test message 7202
Performance test message 7203
Performance test message 7204
Performance test message 7205
Performance test message 7206
Performance test message 7207
Performance test message 7208
Performance test message 7209
Performance test message 7210
Performance test message 7211
Performance test message 7212
Performance test message 7213
Performance test message 7214
Performance test message 7215
Performance test message 7216
Performance test message 7217
Performance test message 7218
Performance test message 7219
Performance test message 7220
Performance test message 7221
Performance test message 7222
Performance test message 7223
Performance test message 7224
Performance test message 7225
Performance test message 7226
Performance test message 7227
Performance test message 7228
Performance test message 7229
Performance test message 7230
Performance test message 7231
Performance test message 7232
Performance test message 7233
Performance test message 7234
Performance test message 7235
Performance test message 7236
Performance test message 7237
Performance test message 7238
Performance test message 7239
Performance test message 7240
Performance test message 7241
Performance test message 7242
Performance test message 7243
Performance test message 7244
Performance test message 7245
Performance test message 7246
Performance test message 7247
Performance test message 7248
Performance test message 7249
Performance test message 7250
Performance test message 7251
Performance test message 7252
Performance test message 7253
Performance test message 7254
Performance test message 7255
Performance test message 7256
Performance test message 7257
Performance test message 7258
Performance test message 7259
Performance test message 7260
Performance test message 7261
Performance test message 7262
Performance test message 7263
Performance test message 7264
Performance test message 7265
Performance test message 7266
Performance test message 7267
Performance test message 7268
Performance test message 7269
Performance test message 7270
Performance test message 7271
Performance test message 7272
Performance test message 7273
Performance test message 7274
Performance test message 7275
Performance test message 7276
Performance test message 7277
Performance test message 7278
Performance test message 7279
Performance test message 7280
Performance test message 7281
Performance test message 7282
Performance test message 7283
Performance test message 7284
Performance test message 7285
Performance test message 7286
Performance test message 7287
Performance test message 7288
Performance test message 7289
Performance test message 7290
Performance test message 7291
Performance test message 7292
Performance test message 7293
Performance test message 7294
Performance test message 7295
Performance test message 7296
Performance test message 7297
Performance test message 7298
Performance test message 7299
Performance test message 7300
Performance test message 7301
Performance test message 7302
Performance test message 7303
Performance test message 7304
Performance test message 7305
Performance test message 7306
Performance test message 7307
Performance test message 7308
Performance test message 7309
Performance test message 7310
Performance test message 7311
Performance test message 7312
Performance test message 7313
Performance test message 7314
Performance test message 7315
Performance test message 7316
Performance test message 7317
Performance test message 7318
Performance test message 7319
Performance test message 7320
Performance test message 7321
Performance test message 7322
Performance test message 7323
Performance test message 7324
Performance test message 7325
Performance test message 7326
Performance test message 7327
Performance test message 7328
Performance test message 7329
Performance test message 7330
Performance test message 7331
Performance test message 7332
Performance test message 7333
Performance test message 7334
Performance test message 7335
Performance test message 7336
Performance test message 7337
Performance test message 7338
Performance test message 7339
Performance test message 7340
Performance test message 7341
Performance test message 7342
Performance test message 7343
Performance test message 7344
Performance test message 7345
Performance test message 7346
Performance test message 7347
Performance test message 7348
Performance test message 7349
Performance test message 7350
Performance test message 7351
Performance test message 7352
Performance test message 7353
Performance test message 7354
Performance test message 7355
Performance test message 7356
Performance test message 7357
Performance test message 7358
Performance test message 7359
Performance test message 7360
Performance test message 7361
Performance test message 7362
Performance test message 7363
Performance test message 7364
Performance test message 7365
Performance test message 7366
Performance test message 7367
Performance test message 7368
Performance test message 7369
Performance test message 7370
Performance test message 7371
Performance test message 7372
Performance test message 7373
Performance test message 7374
Performance test message 7375
Performance test message 7376
Performance test message 7377
Performance test message 7378
Performance test message 7379
Performance test message 7380
Performance test message 7381
Performance test message 7382
Performance test message 7383
Performance test message 7384
Performance test message 7385
Performance test message 7386
Performance test message 7387
Performance test message 7388
Performance test message 7389
Performance test message 7390
Performance test message 7391
Performance test message 7392
Performance test message 7393
Performance test message 7394
Performance test message 7395
Performance test message 7396
Performance test message 7397
Performance test message 7398
Performance test message 7399
Performance test message 7400
Performance test message 7401
Performance test message 7402
Performance test message 7403
Performance test message 7404
Performance test message 7405
Performance test message 7406
Performance test message 7407
Performance test message 7408
Performance test message 7409
Performance test message 7410
Performance test message 7411
Performance test message 7412
Performance test message 7413
Performance test message 7414
Performance test message 7415
Performance test message 7416
Performance test message 7417
Performance test message 7418
Performance test message 7419
Performance test message 7420
Performance test message 7421
Performance test message 7422
Performance test message 7423
Performance test message 7424
Performance test message 7425
Performance test message 7426
Performance test message 7427
Performance test message 7428
Performance test message 7429
Performance test message 7430
Performance test message 7431
Performance test message 7432
Performance test message 7433
Performance test message 7434
Performance test message 7435
Performance test message 7436
Performance test message 7437
Performance test message 7438
Performance test message 7439
Performance test message 7440
Performance test message 7441
Performance test message 7442
Performance test message 7443
Performance test message 7444
Performance test message 7445
Performance test message 7446
Performance test message 7447
Performance test message 7448
Performance test message 7449
Performance test message 7450
Performance test message 7451
Performance test message 7452
Performance test message 7453
Performance test message 7454
Performance test message 7455
Performance test message 7456
Performance test message 7457
Performance test message 7458
Performance test message 7459
Performance test message 7460
Performance test message 7461
Performance test message 7462
Performance test message 7463
Performance test message 7464
Performance test message 7465
Performance test message 7466
Performance test message 7467
Performance test message 7468
Performance test message 7469
Performance test message 7470
Performance test message 7471
Performance test message 7472
Performance test message 7473
Performance test message 7474
Performance test message 7475
Performance test message 7476
Performance test message 7477
Performance test message 7478
Performance test message 7479
Performance test message 7480
Performance test message 7481
Performance test message 7482
Performance test message 7483
Performance test message 7484
Performance test message 7485
Performance test message 7486
Performance test message 7487
Performance test message 7488
Performance test message 7489
Performance test message 7490
Performance test message 7491
Performance test message 7492
Performance test message 7493
Performance test message 7494
Performance test message 7495
Performance test message 7496
Performance test message 7497
Performance test message 7498
Performance test message 7499
Performance test message 7500
Performance test message 7501
Performance test message 7502
Performance test message 7503
Performance test message 7504
Performance test message 7505
Performance test message 7506
Performance test message 7507
Performance test message 7508
Performance test message 7509
Performance test message 7510
Performance test message 7511
Performance test message 7512
Performance test message 7513
Performance test message 7514
Performance test message 7515
Performance test message 7516
Performance test message 7517
Performance test message 7518
Performance test message 7519
Performance test message 7520
Performance test message 7521
Performance test message 7522
Performance test message 7523
Performance test message 7524
Performance test message 7525
Performance test message 7526
Performance test message 7527
Performance test message 7528
Performance test message 7529
Performance test message 7530
Performance test message 7531
Performance test message 7532
Performance test message 7533
Performance test message 7534
Performance test message 7535
Performance test message 7536
Performance test message 7537
Performance test message 7538
Performance test message 7539
Performance test message 7540
Performance test message 7541
Performance test message 7542
Performance test message 7543
Performance test message 7544
Performance test message 7545
Performance test message 7546
Performance test message 7547
Performance test message 7548
Performance test message 7549
Performance test message 7550
Performance test message 7551
Performance test message 7552
Performance test message 7553
Performance test message 7554
Performance test message 7555
Performance test message 7556
Performance test message 7557
Performance test message 7558
Performance test message 7559
Performance test message 7560
Performance test message 7561
Performance test message 7562
Performance test message 7563
Performance test message 7564
Performance test message 7565
Performance test message 7566
Performance test message 7567
Performance test message 7568
Performance test message 7569
Performance test message 7570
Performance test message 7571
Performance test message 7572
Performance test message 7573
Performance test message 7574
Performance test message 7575
Performance test message 7576
Performance test message 7577
Performance test message 7578
Performance test message 7579
Performance test message 7580
Performance test message 7581
Performance test message 7582
Performance test message 7583
Performance test message 7584
Performance test message 7585
Performance test message 7586
Performance test message 7587
Performance test message 7588
Performance test message 7589
Performance test message 7590
Performance test message 7591
Performance test message 7592
Performance test message 7593
Performance test message 7594
Performance test message 7595
Performance test message 7596
Performance test message 7597
Performance test message 7598
Performance test message 7599
Performance test message 7600
Performance test message 7601
Performance test message 7602
Performance test message 7603
Performance test message 7604
Performance test message 7605
Performance test message 7606
Performance test message 7607
Performance test message 7608
Performance test message 7609
Performance test message 7610
Performance test message 7611
Performance test message 7612
Performance test message 7613
Performance test message 7614
Performance test message 7615
Performance test message 7616
Performance test message 7617
Performance test message 7618
Performance test message 7619
Performance test message 7620
Performance test message 7621
Performance test message 7622
Performance test message 7623
Performance test message 7624
Performance test message 7625
Performance test message 7626
Performance test message 7627
Performance test message 7628
Performance test message 7629
Performance test message 7630
Performance test message 7631
Performance test message 7632
Performance test message 7633
Performance test message 7634
Performance test message 7635
Performance test message 7636
Performance test message 7637
Performance test message 7638
Performance test message 7639
Performance test message 7640
Performance test message 7641
Performance test message 7642
Performance test message 7643
Performance test message 7644
Performance test message 7645
Performance test message 7646
Performance test message 7647
Performance test message 7648
Performance test message 7649
Performance test message 7650
Performance test message 7651
Performance test message 7652
Performance test message 7653
Performance test message 7654
Performance test message 7655
Performance test message 7656
Performance test message 7657
Performance test message 7658
Performance test message 7659
Performance test message 7660
Performance test message 7661
Performance test message 7662
Performance test message 7663
Performance test message 7664
Performance test message 7665
Performance test message 7666
Performance test message 7667
Performance test message 7668
Performance test message 7669
Performance test message 7670
Performance test message 7671
Performance test message 7672
Performance test message 7673
Performance test message 7674
Performance test message 7675
Performance test message 7676
Performance test message 7677
Performance test message 7678
Performance test message 7679
Performance test message 7680
Performance test message 7681
Performance test message 7682
Performance test message 7683
Performance test message 7684
Performance test message 7685
Performance test message 7686
Performance test message 7687
Performance test message 7688
Performance test message 7689
Performance test message 7690
Performance test message 7691
Performance test message 7692
Performance test message 7693
Performance test message 7694
Performance test message 7695
Performance test message 7696
Performance test message 7697
Performance test message 7698
Performance test message 7699
Performance test message 7700
Performance test message 7701
Performance test message 7702
Performance test message 7703
Performance test message 7704
Performance test message 7705
Performance test message 7706
Performance test message 7707
Performance test message 7708
Performance test message 7709
Performance test message 7710
Performance test message 7711
Performance test message 7712
Performance test message 7713
Performance test message 7714
Performance test message 7715
Performance test message 7716
Performance test message 7717
Performance test message 7718
Performance test message 7719
Performance test message 7720
Performance test message 7721
Performance test message 7722
Performance test message 7723
Performance test message 7724
Performance test message 7725
Performance test message 7726
Performance test message 7727
Performance test message 7728
Performance test message 7729
Performance test message 7730
Performance test message 7731
Performance test message 7732
Performance test message 7733
Performance test message 7734
Performance test message 7735
Performance test message 7736
Performance test message 7737
Performance test message 7738
Performance test message 7739
Performance test message 7740
Performance test message 7741
Performance test message 7742
Performance test message 7743
Performance test message 7744
Performance test message 7745
Performance test message 7746
Performance test message 7747
Performance test message 7748
Performance test message 7749
Performance test message 7750
Performance test message 7751
Performance test message 7752
Performance test message 7753
Performance test message 7754
Performance test message 7755
Performance test message 7756
Performance test message 7757
Performance test message 7758
Performance test message 7759
Performance test message 7760
Performance test message 7761
Performance test message 7762
Performance test message 7763
Performance test message 7764
Performance test message 7765
Performance test message 7766
Performance test message 7767
Performance test message 7768
Performance test message 7769
Performance test message 7770
Performance test message 7771
Performance test message 7772
Performance test message 7773
Performance test message 7774
Performance test message 7775
Performance test message 7776
Performance test message 7777
Performance test message 7778
Performance test message 7779
Performance test message 7780
Performance test message 7781
Performance test message 7782
Performance test message 7783
Performance test message 7784
Performance test message 7785
Performance test message 7786
Performance test message 7787
Performance test message 7788
Performance test message 7789
Performance test message 7790
Performance test message 7791
Performance test message 7792
Performance test message 7793
Performance test message 7794
Performance test message 7795
Performance test message 7796
Performance test message 7797
Performance test message 7798
Performance test message 7799
Performance test message 7800
Performance test message 7801
Performance test message 7802
Performance test message 7803
Performance test message 7804
Performance test message 7805
Performance test message 7806
Performance test message 7807
Performance test message 7808
Performance test message 7809
Performance test message 7810
Performance test message 7811
Performance test message 7812
Performance test message 7813
Performance test message 7814
Performance test message 7815
Performance test message 7816
Performance test message 7817
Performance test message 7818
Performance test message 7819
Performance test message 7820
Performance test message 7821
Performance test message 7822
Performance test message 7823
Performance test message 7824
Performance test message 7825
Performance test message 7826
Performance test message 7827
Performance test message 7828
Performance test message 7829
Performance test message 7830
Performance test message 7831
Performance test message 7832
Performance test message 7833
Performance test message 7834
Performance test message 7835
Performance test message 7836
Performance test message 7837
Performance test message 7838
Performance test message 7839
Performance test message 7840
Performance test message 7841
Performance test message 7842
Performance test message 7843
Performance test message 7844
Performance test message 7845
Performance test message 7846
Performance test message 7847
Performance test message 7848
Performance test message 7849
Performance test message 7850
Performance test message 7851
Performance test message 7852
Performance test message 7853
Performance test message 7854
Performance test message 7855
Performance test message 7856
Performance test message 7857
Performance test message 7858
Performance test message 7859
Performance test message 7860
Performance test message 7861
Performance test message 7862
Performance test message 7863
Performance test message 7864
Performance test message 7865
Performance test message 7866
Performance test message 7867
Performance test message 7868
Performance test message 7869
Performance test message 7870
Performance test message 7871
Performance test message 7872
Performance test message 7873
Performance test message 7874
Performance test message 7875
Performance test message 7876
Performance test message 7877
Performance test message 7878
Performance test message 7879
Performance test message 7880
Performance test message 7881
Performance test message 7882
Performance test message 7883
Performance test message 7884
Performance test message 7885
Performance test message 7886
Performance test message 7887
Performance test message 7888
Performance test message 7889
Performance test message 7890
Performance test message 7891
Performance test message 7892
Performance test message 7893
Performance test message 7894
Performance test message 7895
Performance test message 7896
Performance test message 7897
Performance test message 7898
Performance test message 7899
Performance test message 7900
Performance test message 7901
Performance test message 7902
Performance test message 7903
Performance test message 7904
Performance test message 7905
Performance test message 7906
Performance test message 7907
Performance test message 7908
Performance test message 7909
Performance test message 7910
Performance test message 7911
Performance test message 7912
Performance test message 7913
Performance test message 7914
Performance test message 7915
Performance test message 7916
Performance test message 7917
Performance test message 7918
Performance test message 7919
Performance test message 7920
Performance test message 7921
Performance test message 7922
Performance test message 7923
Performance test message 7924
Performance test message 7925
Performance test message 7926
Performance test message 7927
Performance test message 7928
Performance test message 7929
Performance test message 7930
Performance test message 7931
Performance test message 7932
Performance test message 7933
Performance test message 7934
Performance test message 7935
Performance test message 7936
Performance test message 7937
Performance test message 7938
Performance test message 7939
Performance test message 7940
Performance test message 7941
Performance test message 7942
Performance test message 7943
Performance test message 7944
Performance test message 7945
Performance test message 7946
Performance test message 7947
Performance test message 7948
Performance test message 7949
Performance test message 7950
Performance test message 7951
Performance test message 7952
Performance test message 7953
Performance test message 7954
Performance test message 7955
Performance test message 7956
Performance test message 7957
Performance test message 7958
Performance test message 7959
Performance test message 7960
Performance test message 7961
Performance test message 7962
Performance test message 7963
Performance test message 7964
Performance test message 7965
Performance test message 7966
Performance test message 7967
Performance test message 7968
Performance test message 7969
Performance test message 7970
Performance test message 7971
Performance test message 7972
Performance test message 7973
Performance test message 7974
Performance test message 7975
Performance test message 7976
Performance test message 7977
Performance test message 7978
Performance test message 7979
Performance test message 7980
Performance test message 7981
Performance test message 7982
Performance test message 7983
Performance test message 7984
Performance test message 7985
Performance test message 7986
Performance test message 7987
Performance test message 7988
Performance test message 7989
Performance test message 7990
Performance test message 7991
Performance test message 7992
Performance test message 7993
Performance test message 7994
Performance test message 7995
Performance test message 7996
Performance test message 7997
Performance test message 7998
Performance test message 7999
Performance test message 8000
Performance test message 8001
Performance test message 8002
Performance test message 8003
Performance test message 8004
Performance test message 8005
Performance test message 8006
Performance test message 8007
Performance test message 8008
Performance test message 8009
Performance test message 8010
Performance test message 8011
Performance test message 8012
Performance test message 8013
Performance test message 8014
Performance test message 8015
Performance test message 8016
Performance test message 8017
Performance test message 8018
Performance test message 8019
Performance test message 8020
Performance test message 8021
Performance test message 8022
Performance test message 8023
Performance test message 8024
Performance test message 8025
Performance test message 8026
Performance test message 8027
Performance test message 8028
Performance test message 8029
Performance test message 8030
Performance test message 8031
Performance test message 8032
Performance test message 8033
Performance test message 8034
Performance test message 8035
Performance test message 8036
Performance test message 8037
Performance test message 8038
Performance test message 8039
Performance test message 8040
Performance test message 8041
Performance test message 8042
Performance test message 8043
Performance test message 8044
Performance test message 8045
Performance test message 8046
Performance test message 8047
Performance test message 8048
Performance test message 8049
Performance test message 8050
Performance test message 8051
Performance test message 8052
Performance test message 8053
Performance test message 8054
Performance test message 8055
Performance test message 8056
Performance test message 8057
Performance test message 8058
Performance test message 8059
Performance test message 8060
Performance test message 8061
Performance test message 8062
Performance test message 8063
Performance test message 8064
Performance test message 8065
Performance test message 8066
Performance test message 8067
Performance test message 8068
Performance test message 8069
Performance test message 8070
Performance test message 8071
Performance test message 8072
Performance test message 8073
Performance test message 8074
Performance test message 8075
Performance test message 8076
Performance test message 8077
Performance test message 8078
Performance test message 8079
Performance test message 8080
Performance test message 8081
Performance test message 8082
Performance test message 8083
Performance test message 8084
Performance test message 8085
Performance test message 8086
Performance test message 8087
Performance test message 8088
Performance test message 8089
Performance test message 8090
Performance test message 8091
Performance test message 8092
Performance test message 8093
Performance test message 8094
Performance test message 8095
Performance test message 8096
Performance test message 8097
Performance test message 8098
Performance test message 8099
Performance test message 8100
Performance test message 8101
Performance test message 8102
Performance test message 8103
Performance test message 8104
Performance test message 8105
Performance test message 8106
Performance test message 8107
Performance test message 8108
Performance test message 8109
Performance test message 8110
Performance test message 8111
Performance test message 8112
Performance test message 8113
Performance test message 8114
Performance test message 8115
Performance test message 8116
Performance test message 8117
Performance test message 8118
Performance test message 8119
Performance test message 8120
Performance test message 8121
Performance test message 8122
Performance test message 8123
Performance test message 8124
Performance test message 8125
Performance test message 8126
Performance test message 8127
Performance test message 8128
Performance test message 8129
Performance test message 8130
Performance test message 8131
Performance test message 8132
Performance test message 8133
Performance test message 8134
Performance test message 8135
Performance test message 8136
Performance test message 8137
Performance test message 8138
Performance test message 8139
Performance test message 8140
Performance test message 8141
Performance test message 8142
Performance test message 8143
Performance test message 8144
Performance test message 8145
Performance test message 8146
Performance test message 8147
Performance test message 8148
Performance test message 8149
Performance test message 8150
Performance test message 8151
Performance test message 8152
Performance test message 8153
Performance test message 8154
Performance test message 8155
Performance test message 8156
Performance test message 8157
Performance test message 8158
Performance test message 8159
Performance test message 8160
Performance test message 8161
Performance test message 8162
Performance test message 8163
Performance test message 8164
Performance test message 8165
Performance test message 8166
Performance test message 8167
Performance test message 8168
Performance test message 8169
Performance test message 8170
Performance test message 8171
Performance test message 8172
Performance test message 8173
Performance test message 8174
Performance test message 8175
Performance test message 8176
Performance test message 8177
Performance test message 8178
Performance test message 8179
Performance test message 8180
Performance test message 8181
Performance test message 8182
Performance test message 8183
Performance test message 8184
Performance test message 8185
Performance test message 8186
Performance test message 8187
Performance test message 8188
Performance test message 8189
Performance test message 8190
Performance test message 8191
Performance test message 8192
Performance test message 8193
Performance test message 8194
Performance test message 8195
Performance test message 8196
Performance test message 8197
Performance test message 8198
Performance test message 8199
Performance test message 8200
Performance test message 8201
Performance test message 8202
Performance test message 8203
Performance test message 8204
Performance test message 8205
Performance test message 8206
Performance test message 8207
Performance test message 8208
Performance test message 8209
Performance test message 8210
Performance test message 8211
Performance test message 8212
Performance test message 8213
Performance test message 8214
Performance test message 8215
Performance test message 8216
Performance test message 8217
Performance test message 8218
Performance test message 8219
Performance test message 8220
Performance test message 8221
Performance test message 8222
Performance test message 8223
Performance test message 8224
Performance test message 8225
Performance test message 8226
Performance test message 8227
Performance test message 8228
Performance test message 8229
Performance test message 8230
Performance test message 8231
Performance test message 8232
Performance test message 8233
Performance test message 8234
Performance test message 8235
Performance test message 8236
Performance test message 8237
Performance test message 8238
Performance test message 8239
Performance test message 8240
Performance test message 8241
Performance test message 8242
Performance test message 8243
Performance test message 8244
Performance test message 8245
Performance test message 8246
Performance test message 8247
Performance test message 8248
Performance test message 8249
Performance test message 8250
Performance test message 8251
Performance test message 8252
Performance test message 8253
Performance test message 8254
Performance test message 8255
Performance test message 8256
Performance test message 8257
Performance test message 8258
Performance test message 8259
Performance test message 8260
Performance test message 8261
Performance test message 8262
Performance test message 8263
Performance test message 8264
Performance test message 8265
Performance test message 8266
Performance test message 8267
Performance test message 8268
Performance test message 8269
Performance test message 8270
Performance test message 8271
Performance test message 8272
Performance test message 8273
Performance test message 8274
Performance test message 8275
Performance test message 8276
Performance test message 8277
Performance test message 8278
Performance test message 8279
Performance test message 8280
Performance test message 8281
Performance test message 8282
Performance test message 8283
Performance test message 8284
Performance test message 8285
Performance test message 8286
Performance test message 8287
Performance test message 8288
Performance test message 8289
Performance test message 8290
Performance test message 8291
Performance test message 8292
Performance test message 8293
Performance test message 8294
Performance test message 8295
Performance test message 8296
Performance test message 8297
Performance test message 8298
Performance test message 8299
Performance test message 8300
Performance test message 8301
Performance test message 8302
Performance test message 8303
Performance test message 8304
Performance test message 8305
Performance test message 8306
Performance test message 8307
Performance test message 8308
Performance test message 8309
Performance test message 8310
Performance test message 8311
Performance test message 8312
Performance test message 8313
Performance test message 8314
Performance test message 8315
Performance test message 8316
Performance test message 8317
Performance test message 8318
Performance test message 8319
Performance test message 8320
Performance test message 8321
Performance test message 8322
Performance test message 8323
Performance test message 8324
Performance test message 8325
Performance test message 8326
Performance test message 8327
Performance test message 8328
Performance test message 8329
Performance test message 8330
Performance test message 8331
Performance test message 8332
Performance test message 8333
Performance test message 8334
Performance test message 8335
Performance test message 8336
Performance test message 8337
Performance test message 8338
Performance test message 8339
Performance test message 8340
Performance test message 8341
Performance test message 8342
Performance test message 8343
Performance test message 8344
Performance test message 8345
Performance test message 8346
Performance test message 8347
Performance test message 8348
Performance test message 8349
Performance test message 8350
Performance test message 8351
Performance test message 8352
Performance test message 8353
Performance test message 8354
Performance test message 8355
Performance test message 8356
Performance test message 8357
Performance test message 8358
Performance test message 8359
Performance test message 8360
Performance test message 8361
Performance test message 8362
Performance test message 8363
Performance test message 8364
Performance test message 8365
Performance test message 8366
Performance test message 8367
Performance test message 8368
Performance test message 8369
Performance test message 8370
Performance test message 8371
Performance test message 8372
Performance test message 8373
Performance test message 8374
Performance test message 8375
Performance test message 8376
Performance test message 8377
Performance test message 8378
Performance test message 8379
Performance test message 8380
Performance test message 8381
Performance test message 8382
Performance test message 8383
Performance test message 8384
Performance test message 8385
Performance test message 8386
Performance test message 8387
Performance test message 8388
Performance test message 8389
Performance test message 8390
Performance test message 8391
Performance test message 8392
Performance test message 8393
Performance test message 8394
Performance test message 8395
Performance test message 8396
Performance test message 8397
Performance test message 8398
Performance test message 8399
Performance test message 8400
Performance test message 8401
Performance test message 8402
Performance test message 8403
Performance test message 8404
Performance test message 8405
Performance test message 8406
Performance test message 8407
Performance test message 8408
Performance test message 8409
Performance test message 8410
Performance test message 8411
Performance test message 8412
Performance test message 8413
Performance test message 8414
Performance test message 8415
Performance test message 8416
Performance test message 8417
Performance test message 8418
Performance test message 8419
Performance test message 8420
Performance test message 8421
Performance test message 8422
Performance test message 8423
Performance test message 8424
Performance test message 8425
Performance test message 8426
Performance test message 8427
Performance test message 8428
Performance test message 8429
Performance test message 8430
Performance test message 8431
Performance test message 8432
Performance test message 8433
Performance test message 8434
Performance test message 8435
Performance test message 8436
Performance test message 8437
Performance test message 8438
Performance test message 8439
Performance test message 8440
Performance test message 8441
Performance test message 8442
Performance test message 8443
Performance test message 8444
Performance test message 8445
Performance test message 8446
Performance test message 8447
Performance test message 8448
Performance test message 8449
Performance test message 8450
Performance test message 8451
Performance test message 8452
Performance test message 8453
Performance test message 8454
Performance test message 8455
Performance test message 8456
Performance test message 8457
Performance test message 8458
Performance test message 8459
Performance test message 8460
Performance test message 8461
Performance test message 8462
Performance test message 8463
Performance test message 8464
Performance test message 8465
Performance test message 8466
Performance test message 8467
Performance test message 8468
Performance test message 8469
Performance test message 8470
Performance test message 8471
Performance test message 8472
Performance test message 8473
Performance test message 8474
Performance test message 8475
Performance test message 8476
Performance test message 8477
Performance test message 8478
Performance test message 8479
Performance test message 8480
Performance test message 8481
Performance test message 8482
Performance test message 8483
Performance test message 8484
Performance test message 8485
Performance test message 8486
Performance test message 8487
Performance test message 8488
Performance test message 8489
Performance test message 8490
Performance test message 8491
Performance test message 8492
Performance test message 8493
Performance test message 8494
Performance test message 8495
Performance test message 8496
Performance test message 8497
Performance test message 8498
Performance test message 8499
Performance test message 8500
Performance test message 8501
Performance test message 8502
Performance test message 8503
Performance test message 8504
Performance test message 8505
Performance test message 8506
Performance test message 8507
Performance test message 8508
Performance test message 8509
Performance test message 8510
Performance test message 8511
Performance test message 8512
Performance test message 8513
Performance test message 8514
Performance test message 8515
Performance test message 8516
Performance test message 8517
Performance test message 8518
Performance test message 8519
Performance test message 8520
Performance test message 8521
Performance test message 8522
Performance test message 8523
Performance test message 8524
Performance test message 8525
Performance test message 8526
Performance test message 8527
Performance test message 8528
Performance test message 8529
Performance test message 8530
Performance test message 8531
Performance test message 8532
Performance test message 8533
Performance test message 8534
Performance test message 8535
Performance test message 8536
Performance test message 8537
Performance test message 8538
Performance test message 8539
Performance test message 8540
Performance test message 8541
Performance test message 8542
Performance test message 8543
Performance test message 8544
Performance test message 8545
Performance test message 8546
Performance test message 8547
Performance test message 8548
Performance test message 8549
Performance test message 8550
Performance test message 8551
Performance test message 8552
Performance test message 8553
Performance test message 8554
Performance test message 8555
Performance test message 8556
Performance test message 8557
Performance test message 8558
Performance test message 8559
Performance test message 8560
Performance test message 8561
Performance test message 8562
Performance test message 8563
Performance test message 8564
Performance test message 8565
Performance test message 8566
Performance test message 8567
Performance test message 8568
Performance test message 8569
Performance test message 8570
Performance test message 8571
Performance test message 8572
Performance test message 8573
Performance test message 8574
Performance test message 8575
Performance test message 8576
Performance test message 8577
Performance test message 8578
Performance test message 8579
Performance test message 8580
Performance test message 8581
Performance test message 8582
Performance test message 8583
Performance test message 8584
Performance test message 8585
Performance test message 8586
Performance test message 8587
Performance test message 8588
Performance test message 8589
Performance test message 8590
Performance test message 8591
Performance test message 8592
Performance test message 8593
Performance test message 8594
Performance test message 8595
Performance test message 8596
Performance test message 8597
Performance test message 8598
Performance test message 8599
Performance test message 8600
Performance test message 8601
Performance test message 8602
Performance test message 8603
Performance test message 8604
Performance test message 8605
Performance test message 8606
Performance test message 8607
Performance test message 8608
Performance test message 8609
Performance test message 8610
Performance test message 8611
Performance test message 8612
Performance test message 8613
Performance test message 8614
Performance test message 8615
Performance test message 8616
Performance test message 8617
Performance test message 8618
Performance test message 8619
Performance test message 8620
Performance test message 8621
Performance test message 8622
Performance test message 8623
Performance test message 8624
Performance test message 8625
Performance test message 8626
Performance test message 8627
Performance test message 8628
Performance test message 8629
Performance test message 8630
Performance test message 8631
Performance test message 8632
Performance test message 8633
Performance test message 8634
Performance test message 8635
Performance test message 8636
Performance test message 8637
Performance test message 8638
Performance test message 8639
Performance test message 8640
Performance test message 8641
Performance test message 8642
Performance test message 8643
Performance test message 8644
Performance test message 8645
Performance test message 8646
Performance test message 8647
Performance test message 8648
Performance test message 8649
Performance test message 8650
Performance test message 8651
Performance test message 8652
Performance test message 8653
Performance test message 8654
Performance test message 8655
Performance test message 8656
Performance test message 8657
Performance test message 8658
Performance test message 8659
Performance test message 8660
Performance test message 8661
Performance test message 8662
Performance test message 8663
Performance test message 8664
Performance test message 8665
Performance test message 8666
Performance test message 8667
Performance test message 8668
Performance test message 8669
Performance test message 8670
Performance test message 8671
Performance test message 8672
Performance test message 8673
Performance test message 8674
Performance test message 8675
Performance test message 8676
Performance test message 8677
Performance test message 8678
Performance test message 8679
Performance test message 8680
Performance test message 8681
Performance test message 8682
Performance test message 8683
Performance test message 8684
Performance test message 8685
Performance test message 8686
Performance test message 8687
Performance test message 8688
Performance test message 8689
Performance test message 8690
Performance test message 8691
Performance test message 8692
Performance test message 8693
Performance test message 8694
Performance test message 8695
Performance test message 8696
Performance test message 8697
Performance test message 8698
Performance test message 8699
Performance test message 8700
Performance test message 8701
Performance test message 8702
Performance test message 8703
Performance test message 8704
Performance test message 8705
Performance test message 8706
Performance test message 8707
Performance test message 8708
Performance test message 8709
Performance test message 8710
Performance test message 8711
Performance test message 8712
Performance test message 8713
Performance test message 8714
Performance test message 8715
Performance test message 8716
Performance test message 8717
Performance test message 8718
Performance test message 8719
Performance test message 8720
Performance test message 8721
Performance test message 8722
Performance test message 8723
Performance test message 8724
Performance test message 8725
Performance test message 8726
Performance test message 8727
Performance test message 8728
Performance test message 8729
Performance test message 8730
Performance test message 8731
Performance test message 8732
Performance test message 8733
Performance test message 8734
Performance test message 8735
Performance test message 8736
Performance test message 8737
Performance test message 8738
Performance test message 8739
Performance test message 8740
Performance test message 8741
Performance test message 8742
Performance test message 8743
Performance test message 8744
Performance test message 8745
Performance test message 8746
Performance test message 8747
Performance test message 8748
Performance test message 8749
Performance test message 8750
Performance test message 8751
Performance test message 8752
Performance test message 8753
Performance test message 8754
Performance test message 8755
Performance test message 8756
Performance test message 8757
Performance test message 8758
Performance test message 8759
Performance test message 8760
Performance test message 8761
Performance test message 8762
Performance test message 8763
Performance test message 8764
Performance test message 8765
Performance test message 8766
Performance test message 8767
Performance test message 8768
Performance test message 8769
Performance test message 8770
Performance test message 8771
Performance test message 8772
Performance test message 8773
Performance test message 8774
Performance test message 8775
Performance test message 8776
Performance test message 8777
Performance test message 8778
Performance test message 8779
Performance test message 8780
Performance test message 8781
Performance test message 8782
Performance test message 8783
Performance test message 8784
Performance test message 8785
Performance test message 8786
Performance test message 8787
Performance test message 8788
Performance test message 8789
Performance test message 8790
Performance test message 8791
Performance test message 8792
Performance test message 8793
Performance test message 8794
Performance test message 8795
Performance test message 8796
Performance test message 8797
Performance test message 8798
Performance test message 8799
Performance test message 8800
Performance test message 8801
Performance test message 8802
Performance test message 8803
Performance test message 8804
Performance test message 8805
Performance test message 8806
Performance test message 8807
Performance test message 8808
Performance test message 8809
Performance test message 8810
Performance test message 8811
Performance test message 8812
Performance test message 8813
Performance test message 8814
Performance test message 8815
Performance test message 8816
Performance test message 8817
Performance test message 8818
Performance test message 8819
Performance test message 8820
Performance test message 8821
Performance test message 8822
Performance test message 8823
Performance test message 8824
Performance test message 8825
Performance test message 8826
Performance test message 8827
Performance test message 8828
Performance test message 8829
Performance test message 8830
Performance test message 8831
Performance test message 8832
Performance test message 8833
Performance test message 8834
Performance test message 8835
Performance test message 8836
Performance test message 8837
Performance test message 8838
Performance test message 8839
Performance test message 8840
Performance test message 8841
Performance test message 8842
Performance test message 8843
Performance test message 8844
Performance test message 8845
Performance test message 8846
Performance test message 8847
Performance test message 8848
Performance test message 8849
Performance test message 8850
Performance test message 8851
Performance test message 8852
Performance test message 8853
Performance test message 8854
Performance test message 8855
Performance test message 8856
Performance test message 8857
Performance test message 8858
Performance test message 8859
Performance test message 8860
Performance test message 8861
Performance test message 8862
Performance test message 8863
Performance test message 8864
Performance test message 8865
Performance test message 8866
Performance test message 8867
Performance test message 8868
Performance test message 8869
Performance test message 8870
Performance test message 8871
Performance test message 8872
Performance test message 8873
Performance test message 8874
Performance test message 8875
Performance test message 8876
Performance test message 8877
Performance test message 8878
Performance test message 8879
Performance test message 8880
Performance test message 8881
Performance test message 8882
Performance test message 8883
Performance test message 8884
Performance test message 8885
Performance test message 8886
Performance test message 8887
Performance test message 8888
Performance test message 8889
Performance test message 8890
Performance test message 8891
Performance test message 8892
Performance test message 8893
Performance test message 8894
Performance test message 8895
Performance test message 8896
Performance test message 8897
Performance test message 8898
Performance test message 8899
Performance test message 8900
Performance test message 8901
Performance test message 8902
Performance test message 8903
Performance test message 8904
Performance test message 8905
Performance test message 8906
Performance test message 8907
Performance test message 8908
Performance test message 8909
Performance test message 8910
Performance test message 8911
Performance test message 8912
Performance test message 8913
Performance test message 8914
Performance test message 8915
Performance test message 8916
Performance test message 8917
Performance test message 8918
Performance test message 8919
Performance test message 8920
Performance test message 8921
Performance test message 8922
Performance test message 8923
Performance test message 8924
Performance test message 8925
Performance test message 8926
Performance test message 8927
Performance test message 8928
Performance test message 8929
Performance test message 8930
Performance test message 8931
Performance test message 8932
Performance test message 8933
Performance test message 8934
Performance test message 8935
Performance test message 8936
Performance test message 8937
Performance test message 8938
Performance test message 8939
Performance test message 8940
Performance test message 8941
Performance test message 8942
Performance test message 8943
Performance test message 8944
Performance test message 8945
Performance test message 8946
Performance test message 8947
Performance test message 8948
Performance test message 8949
Performance test message 8950
Performance test message 8951
Performance test message 8952
Performance test message 8953
Performance test message 8954
Performance test message 8955
Performance test message 8956
Performance test message 8957
Performance test message 8958
Performance test message 8959
Performance test message 8960
Performance test message 8961
Performance test message 8962
Performance test message 8963
Performance test message 8964
Performance test message 8965
Performance test message 8966
Performance test message 8967
Performance test message 8968
Performance test message 8969
Performance test message 8970
Performance test message 8971
Performance test message 8972
Performance test message 8973
Performance test message 8974
Performance test message 8975
Performance test message 8976
Performance test message 8977
Performance test message 8978
Performance test message 8979
Performance test message 8980
Performance test message 8981
Performance test message 8982
Performance test message 8983
Performance test message 8984
Performance test message 8985
Performance test message 8986
Performance test message 8987
Performance test message 8988
Performance test message 8989
Performance test message 8990
Performance test message 8991
Performance test message 8992
Performance test message 8993
Performance test message 8994
Performance test message 8995
Performance test message 8996
Performance test message 8997
Performance test message 8998
Performance test message 8999
Performance test message 9000
Performance test message 9001
Performance test message 9002
Performance test message 9003
Performance test message 9004
Performance test message 9005
Performance test message 9006
Performance test message 9007
Performance test message 9008
Performance test message 9009
Performance test message 9010
Performance test message 9011
Performance test message 9012
Performance test message 9013
Performance test message 9014
Performance test message 9015
Performance test message 9016
Performance test message 9017
Performance test message 9018
Performance test message 9019
Performance test message 9020
Performance test message 9021
Performance test message 9022
Performance test message 9023
Performance test message 9024
Performance test message 9025
Performance test message 9026
Performance test message 9027
Performance test message 9028
Performance test message 9029
Performance test message 9030
Performance test message 9031
Performance test message 9032
Performance test message 9033
Performance test message 9034
Performance test message 9035
Performance test message 9036
Performance test message 9037
Performance test message 9038
Performance test message 9039
Performance test message 9040
Performance test message 9041
Performance test message 9042
Performance test message 9043
Performance test message 9044
Performance test message 9045
Performance test message 9046
Performance test message 9047
Performance test message 9048
Performance test message 9049
Performance test message 9050
Performance test message 9051
Performance test message 9052
Performance test message 9053
Performance test message 9054
Performance test message 9055
Performance test message 9056
Performance test message 9057
Performance test message 9058
Performance test message 9059
Performance test message 9060
Performance test message 9061
Performance test message 9062
Performance test message 9063
Performance test message 9064
Performance test message 9065
Performance test message 9066
Performance test message 9067
Performance test message 9068
Performance test message 9069
Performance test message 9070
Performance test message 9071
Performance test message 9072
Performance test message 9073
Performance test message 9074
Performance test message 9075
Performance test message 9076
Performance test message 9077
Performance test message 9078
Performance test message 9079
Performance test message 9080
Performance test message 9081
Performance test message 9082
Performance test message 9083
Performance test message 9084
Performance test message 9085
Performance test message 9086
Performance test message 9087
Performance test message 9088
Performance test message 9089
Performance test message 9090
Performance test message 9091
Performance test message 9092
Performance test message 9093
Performance test message 9094
Performance test message 9095
Performance test message 9096
Performance test message 9097
Performance test message 9098
Performance test message 9099
Performance test message 9100
Performance test message 9101
Performance test message 9102
Performance test message 9103
Performance test message 9104
Performance test message 9105
Performance test message 9106
Performance test message 9107
Performance test message 9108
Performance test message 9109
Performance test message 9110
Performance test message 9111
Performance test message 9112
Performance test message 9113
Performance test message 9114
Performance test message 9115
Performance test message 9116
Performance test message 9117
Performance test message 9118
Performance test message 9119
Performance test message 9120
Performance test message 9121
Performance test message 9122
Performance test message 9123
Performance test message 9124
Performance test message 9125
Performance test message 9126
Performance test message 9127
Performance test message 9128
Performance test message 9129
Performance test message 9130
Performance test message 9131
Performance test message 9132
Performance test message 9133
Performance test message 9134
Performance test message 9135
Performance test message 9136
Performance test message 9137
Performance test message 9138
Performance test message 9139
Performance test message 9140
Performance test message 9141
Performance test message 9142
Performance test message 9143
Performance test message 9144
Performance test message 9145
Performance test message 9146
Performance test message 9147
Performance test message 9148
Performance test message 9149
Performance test message 9150
Performance test message 9151
Performance test message 9152
Performance test message 9153
Performance test message 9154
Performance test message 9155
Performance test message 9156
Performance test message 9157
Performance test message 9158
Performance test message 9159
Performance test message 9160
Performance test message 9161
Performance test message 9162
Performance test message 9163
Performance test message 9164
Performance test message 9165
Performance test message 9166
Performance test message 9167
Performance test message 9168
Performance test message 9169
Performance test message 9170
Performance test message 9171
Performance test message 9172
Performance test message 9173
Performance test message 9174
Performance test message 9175
Performance test message 9176
Performance test message 9177
Performance test message 9178
Performance test message 9179
Performance test message 9180
Performance test message 9181
Performance test message 9182
Performance test message 9183
Performance test message 9184
Performance test message 9185
Performance test message 9186
Performance test message 9187
Performance test message 9188
Performance test message 9189
Performance test message 9190
Performance test message 9191
Performance test message 9192
Performance test message 9193
Performance test message 9194
Performance test message 9195
Performance test message 9196
Performance test message 9197
Performance test message 9198
Performance test message 9199
Performance test message 9200
Performance test message 9201
Performance test message 9202
Performance test message 9203
Performance test message 9204
Performance test message 9205
Performance test message 9206
Performance test message 9207
Performance test message 9208
Performance test message 9209
Performance test message 9210
Performance test message 9211
Performance test message 9212
Performance test message 9213
Performance test message 9214
Performance test message 9215
Performance test message 9216
Performance test message 9217
Performance test message 9218
Performance test message 9219
Performance test message 9220
Performance test message 9221
Performance test message 9222
Performance test message 9223
Performance test message 9224
Performance test message 9225
Performance test message 9226
Performance test message 9227
Performance test message 9228
Performance test message 9229
Performance test message 9230
Performance test message 9231
Performance test message 9232
Performance test message 9233
Performance test message 9234
Performance test message 9235
Performance test message 9236
Performance test message 9237
Performance test message 9238
Performance test message 9239
Performance test message 9240
Performance test message 9241
Performance test message 9242
Performance test message 9243
Performance test message 9244
Performance test message 9245
Performance test message 9246
Performance test message 9247
Performance test message 9248
Performance test message 9249
Performance test message 9250
Performance test message 9251
Performance test message 9252
Performance test message 9253
Performance test message 9254
Performance test message 9255
Performance test message 9256
Performance test message 9257
Performance test message 9258
Performance test message 9259
Performance test message 9260
Performance test message 9261
Performance test message 9262
Performance test message 9263
Performance test message 9264
Performance test message 9265
Performance test message 9266
Performance test message 9267
Performance test message 9268
Performance test message 9269
Performance test message 9270
Performance test message 9271
Performance test message 9272
Performance test message 9273
Performance test message 9274
Performance test message 9275
Performance test message 9276
Performance test message 9277
Performance test message 9278
Performance test message 9279
Performance test message 9280
Performance test message 9281
Performance test message 9282
Performance test message 9283
Performance test message 9284
Performance test message 9285
Performance test message 9286
Performance test message 9287
Performance test message 9288
Performance test message 9289
Performance test message 9290
Performance test message 9291
Performance test message 9292
Performance test message 9293
Performance test message 9294
Performance test message 9295
Performance test message 9296
Performance test message 9297
Performance test message 9298
Performance test message 9299
Performance test message 9300
Performance test message 9301
Performance test message 9302
Performance test message 9303
Performance test message 9304
Performance test message 9305
Performance test message 9306
Performance test message 9307
Performance test message 9308
Performance test message 9309
Performance test message 9310
Performance test message 9311
Performance test message 9312
Performance test message 9313
Performance test message 9314
Performance test message 9315
Performance test message 9316
Performance test message 9317
Performance test message 9318
Performance test message 9319
Performance test message 9320
Performance test message 9321
Performance test message 9322
Performance test message 9323
Performance test message 9324
Performance test message 9325
Performance test message 9326
Performance test message 9327
Performance test message 9328
Performance test message 9329
Performance test message 9330
Performance test message 9331
Performance test message 9332
Performance test message 9333
Performance test message 9334
Performance test message 9335
Performance test message 9336
Performance test message 9337
Performance test message 9338
Performance test message 9339
Performance test message 9340
Performance test message 9341
Performance test message 9342
Performance test message 9343
Performance test message 9344
Performance test message 9345
Performance test message 9346
Performance test message 9347
Performance test message 9348
Performance test message 9349
Performance test message 9350
Performance test message 9351
Performance test message 9352
Performance test message 9353
Performance test message 9354
Performance test message 9355
Performance test message 9356
Performance test message 9357
Performance test message 9358
Performance test message 9359
Performance test message 9360
Performance test message 9361
Performance test message 9362
Performance test message 9363
Performance test message 9364
Performance test message 9365
Performance test message 9366
Performance test message 9367
Performance test message 9368
Performance test message 9369
Performance test message 9370
Performance test message 9371
Performance test message 9372
Performance test message 9373
Performance test message 9374
Performance test message 9375
Performance test message 9376
Performance test message 9377
Performance test message 9378
Performance test message 9379
Performance test message 9380
Performance test message 9381
Performance test message 9382
Performance test message 9383
Performance test message 9384
Performance test message 9385
Performance test message 9386
Performance test message 9387
Performance test message 9388
Performance test message 9389
Performance test message 9390
Performance test message 9391
Performance test message 9392
Performance test message 9393
Performance test message 9394
Performance test message 9395
Performance test message 9396
Performance test message 9397
Performance test message 9398
Performance test message 9399
Performance test message 9400
Performance test message 9401
Performance test message 9402
Performance test message 9403
Performance test message 9404
Performance test message 9405
Performance test message 9406
Performance test message 9407
Performance test message 9408
Performance test message 9409
Performance test message 9410
Performance test message 9411
Performance test message 9412
Performance test message 9413
Performance test message 9414
Performance test message 9415
Performance test message 9416
Performance test message 9417
Performance test message 9418
Performance test message 9419
Performance test message 9420
Performance test message 9421
Performance test message 9422
Performance test message 9423
Performance test message 9424
Performance test message 9425
Performance test message 9426
Performance test message 9427
Performance test message 9428
Performance test message 9429
Performance test message 9430
Performance test message 9431
Performance test message 9432
Performance test message 9433
Performance test message 9434
Performance test message 9435
Performance test message 9436
Performance test message 9437
Performance test message 9438
Performance test message 9439
Performance test message 9440
Performance test message 9441
Performance test message 9442
Performance test message 9443
Performance test message 9444
Performance test message 9445
Performance test message 9446
Performance test message 9447
Performance test message 9448
Performance test message 9449
Performance test message 9450
Performance test message 9451
Performance test message 9452
Performance test message 9453
Performance test message 9454
Performance test message 9455
Performance test message 9456
Performance test message 9457
Performance test message 9458
Performance test message 9459
Performance test message 9460
Performance test message 9461
Performance test message 9462
Performance test message 9463
Performance test message 9464
Performance test message 9465
Performance test message 9466
Performance test message 9467
Performance test message 9468
Performance test message 9469
Performance test message 9470
Performance test message 9471
Performance test message 9472
Performance test message 9473
Performance test message 9474
Performance test message 9475
Performance test message 9476
Performance test message 9477
Performance test message 9478
Performance test message 9479
Performance test message 9480
Performance test message 9481
Performance test message 9482
Performance test message 9483
Performance test message 9484
Performance test message 9485
Performance test message 9486
Performance test message 9487
Performance test message 9488
Performance test message 9489
Performance test message 9490
Performance test message 9491
Performance test message 9492
Performance test message 9493
Performance test message 9494
Performance test message 9495
Performance test message 9496
Performance test message 9497
Performance test message 9498
Performance test message 9499
Performance test message 9500
Performance test message 9501
Performance test message 9502
Performance test message 9503
Performance test message 9504
Performance test message 9505
Performance test message 9506
Performance test message 9507
Performance test message 9508
Performance test message 9509
Performance test message 9510
Performance test message 9511
Performance test message 9512
Performance test message 9513
Performance test message 9514
Performance test message 9515
Performance test message 9516
Performance test message 9517
Performance test message 9518
Performance test message 9519
Performance test message 9520
Performance test message 9521
Performance test message 9522
Performance test message 9523
Performance test message 9524
Performance test message 9525
Performance test message 9526
Performance test message 9527
Performance test message 9528
Performance test message 9529
Performance test message 9530
Performance test message 9531
Performance test message 9532
Performance test message 9533
Performance test message 9534
Performance test message 9535
Performance test message 9536
Performance test message 9537
Performance test message 9538
Performance test message 9539
Performance test message 9540
Performance test message 9541
Performance test message 9542
Performance test message 9543
Performance test message 9544
Performance test message 9545
Performance test message 9546
Performance test message 9547
Performance test message 9548
Performance test message 9549
Performance test message 9550
Performance test message 9551
Performance test message 9552
Performance test message 9553
Performance test message 9554
Performance test message 9555
Performance test message 9556
Performance test message 9557
Performance test message 9558
Performance test message 9559
Performance test message 9560
Performance test message 9561
Performance test message 9562
Performance test message 9563
Performance test message 9564
Performance test message 9565
Performance test message 9566
Performance test message 9567
Performance test message 9568
Performance test message 9569
Performance test message 9570
Performance test message 9571
Performance test message 9572
Performance test message 9573
Performance test message 9574
Performance test message 9575
Performance test message 9576
Performance test message 9577
Performance test message 9578
Performance test message 9579
Performance test message 9580
Performance test message 9581
Performance test message 9582
Performance test message 9583
Performance test message 9584
Performance test message 9585
Performance test message 9586
Performance test message 9587
Performance test message 9588
Performance test message 9589
Performance test message 9590
Performance test message 9591
Performance test message 9592
Performance test message 9593
Performance test message 9594
Performance test message 9595
Performance test message 9596
Performance test message 9597
Performance test message 9598
Performance test message 9599
Performance test message 9600
Performance test message 9601
Performance test message 9602
Performance test message 9603
Performance test message 9604
Performance test message 9605
Performance test message 9606
Performance test message 9607
Performance test message 9608
Performance test message 9609
Performance test message 9610
Performance test message 9611
Performance test message 9612
Performance test message 9613
Performance test message 9614
Performance test message 9615
Performance test message 9616
Performance test message 9617
Performance test message 9618
Performance test message 9619
Performance test message 9620
Performance test message 9621
Performance test message 9622
Performance test message 9623
Performance test message 9624
Performance test message 9625
Performance test message 9626
Performance test message 9627
Performance test message 9628
Performance test message 9629
Performance test message 9630
Performance test message 9631
Performance test message 9632
Performance test message 9633
Performance test message 9634
Performance test message 9635
Performance test message 9636
Performance test message 9637
Performance test message 9638
Performance test message 9639
Performance test message 9640
Performance test message 9641
Performance test message 9642
Performance test message 9643
Performance test message 9644
Performance test message 9645
Performance test message 9646
Performance test message 9647
Performance test message 9648
Performance test message 9649
Performance test message 9650
Performance test message 9651
Performance test message 9652
Performance test message 9653
Performance test message 9654
Performance test message 9655
Performance test message 9656
Performance test message 9657
Performance test message 9658
Performance test message 9659
Performance test message 9660
Performance test message 9661
Performance test message 9662
Performance test message 9663
Performance test message 9664
Performance test message 9665
Performance test message 9666
Performance test message 9667
Performance test message 9668
Performance test message 9669
Performance test message 9670
Performance test message 9671
Performance test message 9672
Performance test message 9673
Performance test message 9674
Performance test message 9675
Performance test message 9676
Performance test message 9677
Performance test message 9678
Performance test message 9679
Performance test message 9680
Performance test message 9681
Performance test message 9682
Performance test message 9683
Performance test message 9684
Performance test message 9685
Performance test message 9686
Performance test message 9687
Performance test message 9688
Performance test message 9689
Performance test message 9690
Performance test message 9691
Performance test message 9692
Performance test message 9693
Performance test message 9694
Performance test message 9695
Performance test message 9696
Performance test message 9697
Performance test message 9698
Performance test message 9699
Performance test message 9700
Performance test message 9701
Performance test message 9702
Performance test message 9703
Performance test message 9704
Performance test message 9705
Performance test message 9706
Performance test message 9707
Performance test message 9708
Performance test message 9709
Performance test message 9710
Performance test message 9711
Performance test message 9712
Performance test message 9713
Performance test message 9714
Performance test message 9715
Performance test message 9716
Performance test message 9717
Performance test message 9718
Performance test message 9719
Performance test message 9720
Performance test message 9721
Performance test message 9722
Performance test message 9723
Performance test message 9724
Performance test message 9725
Performance test message 9726
Performance test message 9727
Performance test message 9728
Performance test message 9729
Performance test message 9730
Performance test message 9731
Performance test message 9732
Performance test message 9733
Performance test message 9734
Performance test message 9735
Performance test message 9736
Performance test message 9737
Performance test message 9738
Performance test message 9739
Performance test message 9740
Performance test message 9741
Performance test message 9742
Performance test message 9743
Performance test message 9744
Performance test message 9745
Performance test message 9746
Performance test message 9747
Performance test message 9748
Performance test message 9749
Performance test message 9750
Performance test message 9751
Performance test message 9752
Performance test message 9753
Performance test message 9754
Performance test message 9755
Performance test message 9756
Performance test message 9757
Performance test message 9758
Performance test message 9759
Performance test message 9760
Performance test message 9761
Performance test message 9762
Performance test message 9763
Performance test message 9764
Performance test message 9765
Performance test message 9766
Performance test message 9767
Performance test message 9768
Performance test message 9769
Performance test message 9770
Performance test message 9771
Performance test message 9772
Performance test message 9773
Performance test message 9774
Performance test message 9775
Performance test message 9776
Performance test message 9777
Performance test message 9778
Performance test message 9779
Performance test message 9780
Performance test message 9781
Performance test message 9782
Performance test message 9783
Performance test message 9784
Performance test message 9785
Performance test message 9786
Performance test message 9787
Performance test message 9788
Performance test message 9789
Performance test message 9790
Performance test message 9791
Performance test message 9792
Performance test message 9793
Performance test message 9794
Performance test message 9795
Performance test message 9796
Performance test message 9797
Performance test message 9798
Performance test message 9799
Performance test message 9800
Performance test message 9801
Performance test message 9802
Performance test message 9803
Performance test message 9804
Performance test message 9805
Performance test message 9806
Performance test message 9807
Performance test message 9808
Performance test message 9809
Performance test message 9810
Performance test message 9811
Performance test message 9812
Performance test message 9813
Performance test message 9814
Performance test message 9815
Performance test message 9816
Performance test message 9817
Performance test message 9818
Performance test message 9819
Performance test message 9820
Performance test message 9821
Performance test message 9822
Performance test message 9823
Performance test message 9824
Performance test message 9825
Performance test message 9826
Performance test message 9827
Performance test message 9828
Performance test message 9829
Performance test message 9830
Performance test message 9831
Performance test message 9832
Performance test message 9833
Performance test message 9834
Performance test message 9835
Performance test message 9836
Performance test message 9837
Performance test message 9838
Performance test message 9839
Performance test message 9840
Performance test message 9841
Performance test message 9842
Performance test message 9843
Performance test message 9844
Performance test message 9845
Performance test message 9846
Performance test message 9847
Performance test message 9848
Performance test message 9849
Performance test message 9850
Performance test message 9851
Performance test message 9852
Performance test message 9853
Performance test message 9854
Performance test message 9855
Performance test message 9856
Performance test message 9857
Performance test message 9858
Performance test message 9859
Performance test message 9860
Performance test message 9861
Performance test message 9862
Performance test message 9863
Performance test message 9864
Performance test message 9865
Performance test message 9866
Performance test message 9867
Performance test message 9868
Performance test message 9869
Performance test message 9870
Performance test message 9871
Performance test message 9872
Performance test message 9873
Performance test message 9874
Performance test message 9875
Performance test message 9876
Performance test message 9877
Performance test message 9878
Performance test message 9879
Performance test message 9880
Performance test message 9881
Performance test message 9882
Performance test message 9883
Performance test message 9884
Performance test message 9885
Performance test message 9886
Performance test message 9887
Performance test message 9888
Performance test message 9889
Performance test message 9890
Performance test message 9891
Performance test message 9892
Performance test message 9893
Performance test message 9894
Performance test message 9895
Performance test message 9896
Performance test message 9897
Performance test message 9898
Performance test message 9899
Performance test message 9900
Performance test message 9901
Performance test message 9902
Performance test message 9903
Performance test message 9904
Performance test message 9905
Performance test message 9906
Performance test message 9907
Performance test message 9908
Performance test message 9909
Performance test message 9910
Performance test message 9911
Performance test message 9912
Performance test message 9913
Performance test message 9914
Performance test message 9915
Performance test message 9916
Performance test message 9917
Performance test message 9918
Performance test message 9919
Performance test message 9920
Performance test message 9921
Performance test message 9922
Performance test message 9923
Performance test message 9924
Performance test message 9925
Performance test message 9926
Performance test message 9927
Performance test message 9928
Performance test message 9929
Performance test message 9930
Performance test message 9931
Performance test message 9932
Performance test message 9933
Performance test message 9934
Performance test message 9935
Performance test message 9936
Performance test message 9937
Performance test message 9938
Performance test message 9939
Performance test message 9940
Performance test message 9941
Performance test message 9942
Performance test message 9943
Performance test message 9944
Performance test message 9945
Performance test message 9946
Performance test message 9947
Performance test message 9948
Performance test message 9949
Performance test message 9950
Performance test message 9951
Performance test message 9952
Performance test message 9953
Performance test message 9954
Performance test message 9955
Performance test message 9956
Performance test message 9957
Performance test message 9958
Performance test message 9959
Performance test message 9960
Performance test message 9961
Performance test message 9962
Performance test message 9963
Performance test message 9964
Performance test message 9965
Performance test message 9966
Performance test message 9967
Performance test message 9968
Performance test message 9969
Performance test message 9970
Performance test message 9971
Performance test message 9972
Performance test message 9973
Performance test message 9974
Performance test message 9975
Performance test message 9976
Performance test message 9977
Performance test message 9978
Performance test message 9979
Performance test message 9980
Performance test message 9981
Performance test message 9982
Performance test message 9983
Performance test message 9984
Performance test message 9985
Performance test message 9986
Performance test message 9987
Performance test message 9988
Performance test message 9989
Performance test message 9990
Performance test message 9991
Performance test message 9992
Performance test message 9993
Performance test message 9994
Performance test message 9995
Performance test message 9996
Performance test message 9997
Performance test message 9998
Performance test message 9999
Performance test message 0
Performance test message 1
Performance test message 2
Performance test message 3
Performance test message 4
Performance test message 5
Performance test message 6
Performance test message 7
Performance test message 8
Performance test message 9
Performance test message 10
Performance test message 11
Performance test message 12
Performance test message 13
Performance test message 14
Performance test message 15
Performance test message 16
Performance test message 17
Performance test message 18
Performance test message 19
Performance test message 20
Performance test message 21
Performance test message 22
Performance test message 23
Performance test message 24
Performance test message 25
Performance test message 26
Performance test message 27
Performance test message 28
Performance test message 29
Performance test message 30
Performance test message 31
Performance test message 32
Performance test message 33
Performance test message 34
Performance test message 35
Performance test message 36
Performance test message 37
Performance test message 38
Performance test message 39
Performance test message 40
Performance test message 41
Performance test message 42
Performance test message 43
Performance test message 44
Performance test message 45
Performance test message 46
Performance test message 47
Performance test message 48
Performance test message 49
Performance test message 50
Performance test message 51
Performance test message 52
Performance test message 53
Performance test message 54
Performance test message 55
Performance test message 56
Performance test message 57
Performance test message 58
Performance test message 59
Performance test message 60
Performance test message 61
Performance test message 62
Performance test message 63
Performance test message 64
Performance test message 65
Performance test message 66
Performance test message 67
Performance test message 68
Performance test message 69
Performance test message 70
Performance test message 71
Performance test message 72
Performance test message 73
Performance test message 74
Performance test message 75
Performance test message 76
Performance test message 77
Performance test message 78
Performance test message 79
Performance test message 80
Performance test message 81
Performance test message 82
Performance test message 83
Performance test message 84
Performance test message 85
Performance test message 86
Performance test message 87
Performance test message 88
Performance test message 89
Performance test message 90
Performance test message 91
Performance test message 92
Performance test message 93
Performance test message 94
Performance test message 95
Performance test message 96
Performance test message 97
Performance test message 98
Performance test message 99
Performance test message 100
Performance test message 101
Performance test message 102
Performance test message 103
Performance test message 104
Performance test message 105
Performance test message 106
Performance test message 107
Performance test message 108
Performance test message 109
Performance test message 110
Performance test message 111
Performance test message 112
Performance test message 113
Performance test message 114
Performance test message 115
Performance test message 116
Performance test message 117
Performance test message 118
Performance test message 119
Performance test message 120
Performance test message 121
Performance test message 122
Performance test message 123
Performance test message 124
Performance test message 125
Performance test message 126
Performance test message 127
Performance test message 128
Performance test message 129
Performance test message 130
Performance test message 131
Performance test message 132
Performance test message 133
Performance test message 134
Performance test message 135
Performance test message 136
Performance test message 137
Performance test message 138
Performance test message 139
Performance test message 140
Performance test message 141
Performance test message 142
Performance test message 143
Performance test message 144
Performance test message 145
Performance test message 146
Performance test message 147
Performance test message 148
Performance test message 149
Performance test message 150
Performance test message 151
Performance test message 152
Performance test message 153
Performance test message 154
Performance test message 155
Performance test message 156
Performance test message 157
Performance test message 158
Performance test message 159
Performance test message 160
Performance test message 161
Performance test message 162
Performance test message 163
Performance test message 164
Performance test message 165
Performance test message 166
Performance test message 167
Performance test message 168
Performance test message 169
Performance test message 170
Performance test message 171
Performance test message 172
Performance test message 173
Performance test message 174
Performance test message 175
Performance test message 176
Performance test message 177
Performance test message 178
Performance test message 179
Performance test message 180
Performance test message 181
Performance test message 182
Performance test message 183
Performance test message 184
Performance test message 185
Performance test message 186
Performance test message 187
Performance test message 188
Performance test message 189
Performance test message 190
Performance test message 191
Performance test message 192
Performance test message 193
Performance test message 194
Performance test message 195
Performance test message 196
Performance test message 197
Performance test message 198
Performance test message 199
Performance test message 200
Performance test message 201
Performance test message 202
Performance test message 203
Performance test message 204
Performance test message 205
Performance test message 206
Performance test message 207
Performance test message 208
Performance test message 209
Performance test message 210
Performance test message 211
Performance test message 212
Performance test message 213
Performance test message 214
Performance test message 215
Performance test message 216
Performance test message 217
Performance test message 218
Performance test message 219
Performance test message 220
Performance test message 221
Performance test message 222
Performance test message 223
Performance test message 224
Performance test message 225
Performance test message 226
Performance test message 227
Performance test message 228
Performance test message 229
Performance test message 230
Performance test message 231
Performance test message 232
Performance test message 233
Performance test message 234
Performance test message 235
Performance test message 236
Performance test message 237
Performance test message 238
Performance test message 239
Performance test message 240
Performance test message 241
Performance test message 242
Performance test message 243
Performance test message 244
Performance test message 245
Performance test message 246
Performance test message 247
Performance test message 248
Performance test message 249
Performance test message 250
Performance test message 251
Performance test message 252
Performance test message 253
Performance test message 254
Performance test message 255
Performance test message 256
Performance test message 257
Performance test message 258
Performance test message 259
Performance test message 260
Performance test message 261
Performance test message 262
Performance test message 263
Performance test message 264
Performance test message 265
Performance test message 266
Performance test message 267
Performance test message 268
Performance test message 269
Performance test message 270
Performance test message 271
Performance test message 272
Performance test message 273
Performance test message 274
Performance test message 275
Performance test message 276
Performance test message 277
Performance test message 278
Performance test message 279
Performance test message 280
Performance test message 281
Performance test message 282
Performance test message 283
Performance test message 284
Performance test message 285
Performance test message 286
Performance test message 287
Performance test message 288
Performance test message 289
Performance test message 290
Performance test message 291
Performance test message 292
Performance test message 293
Performance test message 294
Performance test message 295
Performance test message 296
Performance test message 297
Performance test message 298
Performance test message 299
Performance test message 300
Performance test message 301
Performance test message 302
Performance test message 303
Performance test message 304
Performance test message 305
Performance test message 306
Performance test message 307
Performance test message 308
Performance test message 309
Performance test message 310
Performance test message 311
Performance test message 312
Performance test message 313
Performance test message 314
Performance test message 315
Performance test message 316
Performance test message 317
Performance test message 318
Performance test message 319
Performance test message 320
Performance test message 321
Performance test message 322
Performance test message 323
Performance test message 324
Performance test message 325
Performance test message 326
Performance test message 327
Performance test message 328
Performance test message 329
Performance test message 330
Performance test message 331
Performance test message 332
Performance test message 333
Performance test message 334
Performance test message 335
Performance test message 336
Performance test message 337
Performance test message 338
Performance test message 339
Performance test message 340
Performance test message 341
Performance test message 342
Performance test message 343
Performance test message 344
Performance test message 345
Performance test message 346
Performance test message 347
Performance test message 348
Performance test message 349
Performance test message 350
Performance test message 351
Performance test message 352
Performance test message 353
Performance test message 354
Performance test message 355
Performance test message 356
Performance test message 357
Performance test message 358
Performance test message 359
Performance test message 360
Performance test message 361
Performance test message 362
Performance test message 363
Performance test message 364
Performance test message 365
Performance test message 366
Performance test message 367
Performance test message 368
Performance test message 369
Performance test message 370
Performance test message 371
Performance test message 372
Performance test message 373
Performance test message 374
Performance test message 375
Performance test message 376
Performance test message 377
Performance test message 378
Performance test message 379
Performance test message 380
Performance test message 381
Performance test message 382
Performance test message 383
Performance test message 384
Performance test message 385
Performance test message 386
Performance test message 387
Performance test message 388
Performance test message 389
Performance test message 390
Performance test message 391
Performance test message 392
Performance test message 393
Performance test message 394
Performance test message 395
Performance test message 396
Performance test message 397
Performance test message 398
Performance test message 399
Performance test message 400
Performance test message 401
Performance test message 402
Performance test message 403
Performance test message 404
Performance test message 405
Performance test message 406
Performance test message 407
Performance test message 408
Performance test message 409
Performance test message 410
Performance test message 411
Performance test message 412
Performance test message 413
Performance test message 414
Performance test message 415
Performance test message 416
Performance test message 417
Performance test message 418
Performance test message 419
Performance test message 420
Performance test message 421
Performance test message 422
Performance test message 423
Performance test message 424
Performance test message 425
Performance test message 426
Performance test message 427
Performance test message 428
Performance test message 429
Performance test message 430
Performance test message 431
Performance test message 432
Performance test message 433
Performance test message 434
Performance test message 435
Performance test message 436
Performance test message 437
Performance test message 438
Performance test message 439
Performance test message 440
Performance test message 441
Performance test message 442
Performance test message 443
Performance test message 444
Performance test message 445
Performance test message 446
Performance test message 447
Performance test message 448
Performance test message 449
Performance test message 450
Performance test message 451
Performance test message 452
Performance test message 453
Performance test message 454
Performance test message 455
Performance test message 456
Performance test message 457
Performance test message 458
Performance test message 459
Performance test message 460
Performance test message 461
Performance test message 462
Performance test message 463
Performance test message 464
Performance test message 465
Performance test message 466
Performance test message 467
Performance test message 468
Performance test message 469
Performance test message 470
Performance test message 471
Performance test message 472
Performance test message 473
Performance test message 474
Performance test message 475
Performance test message 476
Performance test message 477
Performance test message 478
Performance test message 479
Performance test message 480
Performance test message 481
Performance test message 482
Performance test message 483
Performance test message 484
Performance test message 485
Performance test message 486
Performance test message 487
Performance test message 488
Performance test message 489
Performance test message 490
Performance test message 491
Performance test message 492
Performance test message 493
Performance test message 494
Performance test message 495
Performance test message 496
Performance test message 497
Performance test message 498
Performance test message 499
Performance test message 500
Performance test message 501
Performance test message 502
Performance test message 503
Performance test message 504
Performance test message 505
Performance test message 506
Performance test message 507
Performance test message 508
Performance test message 509
Performance test message 510
Performance test message 511
Performance test message 512
Performance test message 513
Performance test message 514
Performance test message 515
Performance test message 516
Performance test message 517
Performance test message 518
Performance test message 519
Performance test message 520
Performance test message 521
Performance test message 522
Performance test message 523
Performance test message 524
Performance test message 525
Performance test message 526
Performance test message 527
Performance test message 528
Performance test message 529
Performance test message 530
Performance test message 531
Performance test message 532
Performance test message 533
Performance test message 534
Performance test message 535
Performance test message 536
Performance test message 537
Performance test message 538
Performance test message 539
Performance test message 540
Performance test message 541
Performance test message 542
Performance test message 543
Performance test message 544
Performance test message 545
Performance test message 546
Performance test message 547
Performance test message 548
Performance test message 549
Performance test message 550
Performance test message 551
Performance test message 552
Performance test message 553
Performance test message 554
Performance test message 555
Performance test message 556
Performance test message 557
Performance test message 558
Performance test message 559
Performance test message 560
Performance test message 561
Performance test message 562
Performance test message 563
Performance test message 564
Performance test message 565
Performance test message 566
Performance test message 567
Performance test message 568
Performance test message 569
Performance test message 570
Performance test message 571
Performance test message 572
Performance test message 573
Performance test message 574
Performance test message 575
Performance test message 576
Performance test message 577
Performance test message 578
Performance test message 579
Performance test message 580
Performance test message 581
Performance test message 582
Performance test message 583
Performance test message 584
Performance test message 585
Performance test message 586
Performance test message 587
Performance test message 588
Performance test message 589
Performance test message 590
Performance test message 591
Performance test message 592
Performance test message 593
Performance test message 594
Performance test message 595
Performance test message 596
Performance test message 597
Performance test message 598
Performance test message 599
Performance test message 600
Performance test message 601
Performance test message 602
Performance test message 603
Performance test message 604
Performance test message 605
Performance test message 606
Performance test message 607
Performance test message 608
Performance test message 609
Performance test message 610
Performance test message 611
Performance test message 612
Performance test message 613
Performance test message 614
Performance test message 615
Performance test message 616
Performance test message 617
Performance test message 618
Performance test message 619
Performance test message 620
Performance test message 621
Performance test message 622
Performance test message 623
Performance test message 624
Performance test message 625
Performance test message 626
Performance test message 627
Performance test message 628
Performance test message 629
Performance test message 630
Performance test message 631
Performance test message 632
Performance test message 633
Performance test message 634
Performance test message 635
Performance test message 636
Performance test message 637
Performance test message 638
Performance test message 639
Performance test message 640
Performance test message 641
Performance test message 642
Performance test message 643
Performance test message 644
Performance test message 645
Performance test message 646
Performance test message 647
Performance test message 648
Performance test message 649
Performance test message 650
Performance test message 651
Performance test message 652
Performance test message 653
Performance test message 654
Performance test message 655
Performance test message 656
Performance test message 657
Performance test message 658
Performance test message 659
Performance test message 660
Performance test message 661
Performance test message 662
Performance test message 663
Performance test message 664
Performance test message 665
Performance test message 666
Performance test message 667
Performance test message 668
Performance test message 669
Performance test message 670
Performance test message 671
Performance test message 672
Performance test message 673
Performance test message 674
Performance test message 675
Performance test message 676
Performance test message 677
Performance test message 678
Performance test message 679
Performance test message 680
Performance test message 681
Performance test message 682
Performance test message 683
Performance test message 684
Performance test message 685
Performance test message 686
Performance test message 687
Performance test message 688
Performance test message 689
Performance test message 690
Performance test message 691
Performance test message 692
Performance test message 693
Performance test message 694
Performance test message 695
Performance test message 696
Performance test message 697
Performance test message 698
Performance test message 699
Performance test message 700
Performance test message 701
Performance test message 702
Performance test message 703
Performance test message 704
Performance test message 705
Performance test message 706
Performance test message 707
Performance test message 708
Performance test message 709
Performance test message 710
Performance test message 711
Performance test message 712
Performance test message 713
Performance test message 714
Performance test message 715
Performance test message 716
Performance test message 717
Performance test message 718
Performance test message 719
Performance test message 720
Performance test message 721
Performance test message 722
Performance test message 723
Performance test message 724
Performance test message 725
Performance test message 726
Performance test message 727
Performance test message 728
Performance test message 729
Performance test message 730
Performance test message 731
Performance test message 732
Performance test message 733
Performance test message 734
Performance test message 735
Performance test message 736
Performance test message 737
Performance test message 738
Performance test message 739
Performance test message 740
Performance test message 741
Performance test message 742
Performance test message 743
Performance test message 744
Performance test message 745
Performance test message 746
Performance test message 747
Performance test message 748
Performance test message 749
Performance test message 750
Performance test message 751
Performance test message 752
Performance test message 753
Performance test message 754
Performance test message 755
Performance test message 756
Performance test message 757
Performance test message 758
Performance test message 759
Performance test message 760
Performance test message 761
Performance test message 762
Performance test message 763
Performance test message 764
Performance test message 765
Performance test message 766
Performance test message 767
Performance test message 768
Performance test message 769
Performance test message 770
Performance test message 771
Performance test message 772
Performance test message 773
Performance test message 774
Performance test message 775
Performance test message 776
Performance test message 777
Performance test message 778
Performance test message 779
Performance test message 780
Performance test message 781
Performance test message 782
Performance test message 783
Performance test message 784
Performance test message 785
Performance test message 786
Performance test message 787
Performance test message 788
Performance test message 789
Performance test message 790
Performance test message 791
Performance test message 792
Performance test message 793
Performance test message 794
Performance test message 795
Performance test message 796
Performance test message 797
Performance test message 798
Performance test message 799
Performance test message 800
Performance test message 801
Performance test message 802
Performance test message 803
Performance test message 804
Performance test message 805
Performance test message 806
Performance test message 807
Performance test message 808
Performance test message 809
Performance test message 810
Performance test message 811
Performance test message 812
Performance test message 813
Performance test message 814
Performance test message 815
Performance test message 816
Performance test message 817
Performance test message 818
Performance test message 819
Performance test message 820
Performance test message 821
Performance test message 822
Performance test message 823
Performance test message 824
Performance test message 825
Performance test message 826
Performance test message 827
Performance test message 828
Performance test message 829
Performance test message 830
Performance test message 831
Performance test message 832
Performance test message 833
Performance test message 834
Performance test message 835
Performance test message 836
Performance test message 837
Performance test message 838
Performance test message 839
Performance test message 840
Performance test message 841
Performance test message 842
Performance test message 843
Performance test message 844
Performance test message 845
Performance test message 846
Performance test message 847
Performance test message 848
Performance test message 849
Performance test message 850
Performance test message 851
Performance test message 852
Performance test message 853
Performance test message 854
Performance test message 855
Performance test message 856
Performance test message 857
Performance test message 858
Performance test message 859
Performance test message 860
Performance test message 861
Performance test message 862
Performance test message 863
Performance test message 864
Performance test message 865
Performance test message 866
Performance test message 867
Performance test message 868
Performance test message 869
Performance test message 870
Performance test message 871
Performance test message 872
Performance test message 873
Performance test message 874
Performance test message 875
Performance test message 876
Performance test message 877
Performance test message 878
Performance test message 879
Performance test message 880
Performance test message 881
Performance test message 882
Performance test message 883
Performance test message 884
Performance test message 885
Performance test message 886
Performance test message 887
Performance test message 888
Performance test message 889
Performance test message 890
Performance test message 891
Performance test message 892
Performance test message 893
Performance test message 894
Performance test message 895
Performance test message 896
Performance test message 897
Performance test message 898
Performance test message 899
Performance test message 900
Performance test message 901
Performance test message 902
Performance test message 903
Performance test message 904
Performance test message 905
Performance test message 906
Performance test message 907
Performance test message 908
Performance test message 909
Performance test message 910
Performance test message 911
Performance test message 912
Performance test message 913
Performance test message 914
Performance test message 915
Performance test message 916
Performance test message 917
Performance test message 918
Performance test message 919
Performance test message 920
Performance test message 921
Performance test message 922
Performance test message 923
Performance test message 924
Performance test message 925
Performance test message 926
Performance test message 927
Performance test message 928
Performance test message 929
Performance test message 930
Performance test message 931
Performance test message 932
Performance test message 933
Performance test message 934
Performance test message 935
Performance test message 936
Performance test message 937
Performance test message 938
Performance test message 939
Performance test message 940
Performance test message 941
Performance test message 942
Performance test message 943
Performance test message 944
Performance test message 945
Performance test message 946
Performance test message 947
Performance test message 948
Performance test message 949
Performance test message 950
Performance test message 951
Performance test message 952
Performance test message 953
Performance test message 954
Performance test message 955
Performance test message 956
Performance test message 957
Performance test message 958
Performance test message 959
Performance test message 960
Performance test message 961
Performance test message 962
Performance test message 963
Performance test message 964
Performance test message 965
Performance test message 966
Performance test message 967
Performance test message 968
Performance test message 969
Performance test message 970
Performance test message 971
Performance test message 972
Performance test message 973
Performance test message 974
Performance test message 975
Performance test message 976
Performance test message 977
Performance test message 978
Performance test message 979
Performance test message 980
Performance test message 981
Performance test message 982
Performance test message 983
Performance test message 984
Performance test message 985
Performance test message 986
Performance test message 987
Performance test message 988
Performance test message 989
Performance test message 990
Performance test message 991
Performance test message 992
Performance test message 993
Performance test message 994
Performance test message 995
Performance test message 996
Performance test message 997
Performance test message 998
Performance test message 999
Performance test message 1000
Performance test message 1001
Performance test message 1002
Performance test message 1003
Performance test message 1004
Performance test message 1005
Performance test message 1006
Performance test message 1007
Performance test message 1008
Performance test message 1009
Performance test message 1010
Performance test message 1011
Performance test message 1012
Performance test message 1013
Performance test message 1014
Performance test message 1015
Performance test message 1016
Performance test message 1017
Performance test message 1018
Performance test message 1019
Performance test message 1020
Performance test message 1021
Performance test message 1022
Performance test message 1023
Performance test message 1024
Performance test message 1025
Performance test message 1026
Performance test message 1027
Performance test message 1028
Performance test message 1029
Performance test message 1030
Performance test message 1031
Performance test message 1032
Performance test message 1033
Performance test message 1034
Performance test message 1035
Performance test message 1036
Performance test message 1037
Performance test message 1038
Performance test message 1039
Performance test message 1040
Performance test message 1041
Performance test message 1042
Performance test message 1043
Performance test message 1044
Performance test message 1045
Performance test message 1046
Performance test message 1047
Performance test message 1048
Performance test message 1049
Performance test message 1050
Performance test message 1051
Performance test message 1052
Performance test message 1053
Performance test message 1054
Performance test message 1055
Performance test message 1056
Performance test message 1057
Performance test message 1058
Performance test message 1059
Performance test message 1060
Performance test message 1061
Performance test message 1062
Performance test message 1063
Performance test message 1064
Performance test message 1065
Performance test message 1066
Performance test message 1067
Performance test message 1068
Performance test message 1069
Performance test message 1070
Performance test message 1071
Performance test message 1072
Performance test message 1073
Performance test message 1074
Performance test message 1075
Performance test message 1076
Performance test message 1077
Performance test message 1078
Performance test message 1079
Performance test message 1080
Performance test message 1081
Performance test message 1082
Performance test message 1083
Performance test message 1084
Performance test message 1085
Performance test message 1086
Performance test message 1087
Performance test message 1088
Performance test message 1089
Performance test message 1090
Performance test message 1091
Performance test message 1092
Performance test message 1093
Performance test message 1094
Performance test message 1095
Performance test message 1096
Performance test message 1097
Performance test message 1098
Performance test message 1099
Performance test message 1100
Performance test message 1101
Performance test message 1102
Performance test message 1103
Performance test message 1104
Performance test message 1105
Performance test message 1106
Performance test message 1107
Performance test message 1108
Performance test message 1109
Performance test message 1110
Performance test message 1111
Performance test message 1112
Performance test message 1113
Performance test message 1114
Performance test message 1115
Performance test message 1116
Performance test message 1117
Performance test message 1118
Performance test message 1119
Performance test message 1120
Performance test message 1121
Performance test message 1122
Performance test message 1123
Performance test message 1124
Performance test message 1125
Performance test message 1126
Performance test message 1127
Performance test message 1128
Performance test message 1129
Performance test message 1130
Performance test message 1131
Performance test message 1132
Performance test message 1133
Performance test message 1134
Performance test message 1135
Performance test message 1136
Performance test message 1137
Performance test message 1138
Performance test message 1139
Performance test message 1140
Performance test message 1141
Performance test message 1142
Performance test message 1143
Performance test message 1144
Performance test message 1145
Performance test message 1146
Performance test message 1147
Performance test message 1148
Performance test message 1149
Performance test message 1150
Performance test message 1151
Performance test message 1152
Performance test message 1153
Performance test message 1154
Performance test message 1155
Performance test message 1156
Performance test message 1157
Performance test message 1158
Performance test message 1159
Performance test message 1160
Performance test message 1161
Performance test message 1162
Performance test message 1163
Performance test message 1164
Performance test message 1165
Performance test message 1166
Performance test message 1167
Performance test message 1168
Performance test message 1169
Performance test message 1170
Performance test message 1171
Performance test message 1172
Performance test message 1173
Performance test message 1174
Performance test message 1175
Performance test message 1176
Performance test message 1177
Performance test message 1178
Performance test message 1179
Performance test message 1180
Performance test message 1181
Performance test message 1182
Performance test message 1183
Performance test message 1184
Performance test message 1185
Performance test message 1186
Performance test message 1187
Performance test message 1188
Performance test message 1189
Performance test message 1190
Performance test message 1191
Performance test message 1192
Performance test message 1193
Performance test message 1194
Performance test message 1195
Performance test message 1196
Performance test message 1197
Performance test message 1198
Performance test message 1199
Performance test message 1200
Performance test message 1201
Performance test message 1202
Performance test message 1203
Performance test message 1204
Performance test message 1205
Performance test message 1206
Performance test message 1207
Performance test message 1208
Performance test message 1209
Performance test message 1210
Performance test message 1211
Performance test message 1212
Performance test message 1213
Performance test message 1214
Performance test message 1215
Performance test message 1216
Performance test message 1217
Performance test message 1218
Performance test message 1219
Performance test message 1220
Performance test message 1221
Performance test message 1222
Performance test message 1223
Performance test message 1224
Performance test message 1225
Performance test message 1226
Performance test message 1227
Performance test message 1228
Performance test message 1229
Performance test message 1230
Performance test message 1231
Performance test message 1232
Performance test message 1233
Performance test message 1234
Performance test message 1235
Performance test message 1236
Performance test message 1237
Performance test message 1238
Performance test message 1239
Performance test message 1240
Performance test message 1241
Performance test message 1242
Performance test message 1243
Performance test message 1244
Performance test message 1245
Performance test message 1246
Performance test message 1247
Performance test message 1248
Performance test message 1249
Performance test message 1250
Performance test message 1251
Performance test message 1252
Performance test message 1253
Performance test message 1254
Performance test message 1255
Performance test message 1256
Performance test message 1257
Performance test message 1258
Performance test message 1259
Performance test message 1260
Performance test message 1261
Performance test message 1262
Performance test message 1263
Performance test message 1264
Performance test message 1265
Performance test message 1266
Performance test message 1267
Performance test message 1268
Performance test message 1269
Performance test message 1270
Performance test message 1271
Performance test message 1272
Performance test message 1273
Performance test message 1274
Performance test message 1275
Performance test message 1276
Performance test message 1277
Performance test message 1278
Performance test message 1279
Performance test message 1280
Performance test message 1281
Performance test message 1282
Performance test message 1283
Performance test message 1284
Performance test message 1285
Performance test message 1286
Performance test message 1287
Performance test message 1288
Performance test message 1289
Performance test message 1290
Performance test message 1291
Performance test message 1292
Performance test message 1293
Performance test message 1294
Performance test message 1295
Performance test message 1296
Performance test message 1297
Performance test message 1298
Performance test message 1299
Performance test message 1300
Performance test message 1301
Performance test message 1302
Performance test message 1303
Performance test message 1304
Performance test message 1305
Performance test message 1306
Performance test message 1307
Performance test message 1308
Performance test message 1309
Performance test message 1310
Performance test message 1311
Performance test message 1312
Performance test message 1313
Performance test message 1314
Performance test message 1315
Performance test message 1316
Performance test message 1317
Performance test message 1318
Performance test message 1319
Performance test message 1320
Performance test message 1321
Performance test message 1322
Performance test message 1323
Performance test message 1324
Performance test message 1325
Performance test message 1326
Performance test message 1327
Performance test message 1328
Performance test message 1329
Performance test message 1330
Performance test message 1331
Performance test message 1332
Performance test message 1333
Performance test message 1334
Performance test message 1335
Performance test message 1336
Performance test message 1337
Performance test message 1338
Performance test message 1339
Performance test message 1340
Performance test message 1341
Performance test message 1342
Performance test message 1343
Performance test message 1344
Performance test message 1345
Performance test message 1346
Performance test message 1347
Performance test message 1348
Performance test message 1349
Performance test message 1350
Performance test message 1351
Performance test message 1352
Performance test message 1353
Performance test message 1354
Performance test message 1355
Performance test message 1356
Performance test message 1357
Performance test message 1358
Performance test message 1359
Performance test message 1360
Performance test message 1361
Performance test message 1362
Performance test message 1363
Performance test message 1364
Performance test message 1365
Performance test message 1366
Performance test message 1367
Performance test message 1368
Performance test message 1369
Performance test message 1370
Performance test message 1371
Performance test message 1372
Performance test message 1373
Performance test message 1374
Performance test message 1375
Performance test message 1376
Performance test message 1377
Performance test message 1378
Performance test message 1379
Performance test message 1380
Performance test message 1381
Performance test message 1382
Performance test message 1383
Performance test message 1384
Performance test message 1385
Performance test message 1386
Performance test message 1387
Performance test message 1388
Performance test message 1389
Performance test message 1390
Performance test message 1391
Performance test message 1392
Performance test message 1393
Performance test message 1394
Performance test message 1395
Performance test message 1396
Performance test message 1397
Performance test message 1398
Performance test message 1399
Performance test message 1400
Performance test message 1401
Performance test message 1402
Performance test message 1403
Performance test message 1404
Performance test message 1405
Performance test message 1406
Performance test message 1407
Performance test message 1408
Performance test message 1409
Performance test message 1410
Performance test message 1411
Performance test message 1412
Performance test message 1413
Performance test message 1414
Performance test message 1415
Performance test message 1416
Performance test message 1417
Performance test message 1418
Performance test message 1419
Performance test message 1420
Performance test message 1421
Performance test message 1422
Performance test message 1423
Performance test message 1424
Performance test message 1425
Performance test message 1426
Performance test message 1427
Performance test message 1428
Performance test message 1429
Performance test message 1430
Performance test message 1431
Performance test message 1432
Performance test message 1433
Performance test message 1434
Performance test message 1435
Performance test message 1436
Performance test message 1437
Performance test message 1438
Performance test message 1439
Performance test message 1440
Performance test message 1441
Performance test message 1442
Performance test message 1443
Performance test message 1444
Performance test message 1445
Performance test message 1446
Performance test message 1447
Performance test message 1448
Performance test message 1449
Performance test message 1450
Performance test message 1451
Performance test message 1452
Performance test message 1453
Performance test message 1454
Performance test message 1455
Performance test message 1456
Performance test message 1457
Performance test message 1458
Performance test message 1459
Performance test message 1460
Performance test message 1461
Performance test message 1462
Performance test message 1463
Performance test message 1464
Performance test message 1465
Performance test message 1466
Performance test message 1467
Performance test message 1468
Performance test message 1469
Performance test message 1470
Performance test message 1471
Performance test message 1472
Performance test message 1473
Performance test message 1474
Performance test message 1475
Performance test message 1476
Performance test message 1477
Performance test message 1478
Performance test message 1479
Performance test message 1480
Performance test message 1481
Performance test message 1482
Performance test message 1483
Performance test message 1484
Performance test message 1485
Performance test message 1486
Performance test message 1487
Performance test message 1488
Performance test message 1489
Performance test message 1490
Performance test message 1491
Performance test message 1492
Performance test message 1493
Performance test message 1494
Performance test message 1495
Performance test message 1496
Performance test message 1497
Performance test message 1498
Performance test message 1499
Performance test message 1500
Performance test message 1501
Performance test message 1502
Performance test message 1503
Performance test message 1504
Performance test message 1505
Performance test message 1506
Performance test message 1507
Performance test message 1508
Performance test message 1509
Performance test message 1510
Performance test message 1511
Performance test message 1512
Performance test message 1513
Performance test message 1514
Performance test message 1515
Performance test message 1516
Performance test message 1517
Performance test message 1518
Performance test message 1519
Performance test message 1520
Performance test message 1521
Performance test message 1522
Performance test message 1523
Performance test message 1524
Performance test message 1525
Performance test message 1526
Performance test message 1527
Performance test message 1528
Performance test message 1529
Performance test message 1530
Performance test message 1531
Performance test message 1532
Performance test message 1533
Performance test message 1534
Performance test message 1535
Performance test message 1536
Performance test message 1537
Performance test message 1538
Performance test message 1539
Performance test message 1540
Performance test message 1541
Performance test message 1542
Performance test message 1543
Performance test message 1544
Performance test message 1545
Performance test message 1546
Performance test message 1547
Performance test message 1548
Performance test message 1549
Performance test message 1550
Performance test message 1551
Performance test message 1552
Performance test message 1553
Performance test message 1554
Performance test message 1555
Performance test message 1556
Performance test message 1557
Performance test message 1558
Performance test message 1559
Performance test message 1560
Performance test message 1561
Performance test message 1562
Performance test message 1563
Performance test message 1564
Performance test message 1565
Performance test message 1566
Performance test message 1567
Performance test message 1568
Performance test message 1569
Performance test message 1570
Performance test message 1571
Performance test message 1572
Performance test message 1573
Performance test message 1574
Performance test message 1575
Performance test message 1576
Performance test message 1577
Performance test message 1578
Performance test message 1579
Performance test message 1580
Performance test message 1581
Performance test message 1582
Performance test message 1583
Performance test message 1584
Performance test message 1585
Performance test message 1586
Performance test message 1587
Performance test message 1588
Performance test message 1589
Performance test message 1590
Performance test message 1591
Performance test message 1592
Performance test message 1593
Performance test message 1594
Performance test message 1595
Performance test message 1596
Performance test message 1597
Performance test message 1598
Performance test message 1599
Performance test message 1600
Performance test message 1601
Performance test message 1602
Performance test message 1603
Performance test message 1604
Performance test message 1605
Performance test message 1606
Performance test message 1607
Performance test message 1608
Performance test message 1609
Performance test message 1610
Performance test message 1611
Performance test message 1612
Performance test message 1613
Performance test message 1614
Performance test message 1615
Performance test message 1616
Performance test message 1617
Performance test message 1618
Performance test message 1619
Performance test message 1620
Performance test message 1621
Performance test message 1622
Performance test message 1623
Performance test message 1624
Performance test message 1625
Performance test message 1626
Performance test message 1627
Performance test message 1628
Performance test message 1629
Performance test message 1630
Performance test message 1631
Performance test message 1632
Performance test message 1633
Performance test message 1634
Performance test message 1635
Performance test message 1636
Performance test message 1637
Performance test message 1638
Performance test message 1639
Performance test message 1640
Performance test message 1641
Performance test message 1642
Performance test message 1643
Performance test message 1644
Performance test message 1645
Performance test message 1646
Performance test message 1647
Performance test message 1648
Performance test message 1649
Performance test message 1650
Performance test message 1651
Performance test message 1652
Performance test message 1653
Performance test message 1654
Performance test message 1655
Performance test message 1656
Performance test message 1657
Performance test message 1658
Performance test message 1659
Performance test message 1660
Performance test message 1661
Performance test message 1662
Performance test message 1663
Performance test message 1664
Performance test message 1665
Performance test message 1666
Performance test message 1667
Performance test message 1668
Performance test message 1669
Performance test message 1670
Performance test message 1671
Performance test message 1672
Performance test message 1673
Performance test message 1674
Performance test message 1675
Performance test message 1676
Performance test message 1677
Performance test message 1678
Performance test message 1679
Performance test message 1680
Performance test message 1681
Performance test message 1682
Performance test message 1683
Performance test message 1684
Performance test message 1685
Performance test message 1686
Performance test message 1687
Performance test message 1688
Performance test message 1689
Performance test message 1690
Performance test message 1691
Performance test message 1692
Performance test message 1693
Performance test message 1694
Performance test message 1695
Performance test message 1696
Performance test message 1697
Performance test message 1698
Performance test message 1699
Performance test message 1700
Performance test message 1701
Performance test message 1702
Performance test message 1703
Performance test message 1704
Performance test message 1705
Performance test message 1706
Performance test message 1707
Performance test message 1708
Performance test message 1709
Performance test message 1710
Performance test message 1711
Performance test message 1712
Performance test message 1713
Performance test message 1714
Performance test message 1715
Performance test message 1716
Performance test message 1717
Performance test message 1718
Performance test message 1719
Performance test message 1720
Performance test message 1721
Performance test message 1722
Performance test message 1723
Performance test message 1724
Performance test message 1725
Performance test message 1726
Performance test message 1727
Performance test message 1728
Performance test message 1729
Performance test message 1730
Performance test message 1731
Performance test message 1732
Performance test message 1733
Performance test message 1734
Performance test message 1735
Performance test message 1736
Performance test message 1737
Performance test message 1738
Performance test message 1739
Performance test message 1740
Performance test message 1741
Performance test message 1742
Performance test message 1743
Performance test message 1744
Performance test message 1745
Performance test message 1746
Performance test message 1747
Performance test message 1748
Performance test message 1749
Performance test message 1750
Performance test message 1751
Performance test message 1752
Performance test message 1753
Performance test message 1754
Performance test message 1755
Performance test message 1756
Performance test message 1757
Performance test message 1758
Performance test message 1759
Performance test message 1760
Performance test message 1761
Performance test message 1762
Performance test message 1763
Performance test message 1764
Performance test message 1765
Performance test message 1766
Performance test message 1767
Performance test message 1768
Performance test message 1769
Performance test message 1770
Performance test message 1771
Performance test message 1772
Performance test message 1773
Performance test message 1774
Performance test message 1775
Performance test message 1776
Performance test message 1777
Performance test message 1778
Performance test message 1779
Performance test message 1780
Performance test message 1781
Performance test message 1782
Performance test message 1783
Performance test message 1784
Performance test message 1785
Performance test message 1786
Performance test message 1787
Performance test message 1788
Performance test message 1789
Performance test message 1790
Performance test message 1791
Performance test message 1792
Performance test message 1793
Performance test message 1794
Performance test message 1795
Performance test message 1796
Performance test message 1797
Performance test message 1798
Performance test message 1799
Performance test message 1800
Performance test message 1801
Performance test message 1802
Performance test message 1803
Performance test message 1804
Performance test message 1805
Performance test message 1806
Performance test message 1807
Performance test message 1808
Performance test message 1809
Performance test message 1810
Performance test message 1811
Performance test message 1812
Performance test message 1813
Performance test message 1814
Performance test message 1815
Performance test message 1816
Performance test message 1817
Performance test message 1818
Performance test message 1819
Performance test message 1820
Performance test message 1821
Performance test message 1822
Performance test message 1823
Performance test message 1824
Performance test message 1825
Performance test message 1826
Performance test message 1827
Performance test message 1828
Performance test message 1829
Performance test message 1830
Performance test message 1831
Performance test message 1832
Performance test message 1833
Performance test message 1834
Performance test message 1835
Performance test message 1836
Performance test message 1837
Performance test message 1838
Performance test message 1839
Performance test message 1840
Performance test message 1841
Performance test message 1842
Performance test message 1843
Performance test message 1844
Performance test message 1845
Performance test message 1846
Performance test message 1847
Performance test message 1848
Performance test message 1849
Performance test message 1850
Performance test message 1851
Performance test message 1852
Performance test message 1853
Performance test message 1854
Performance test message 1855
Performance test message 1856
Performance test message 1857
Performance test message 1858
Performance test message 1859
Performance test message 1860
Performance test message 1861
Performance test message 1862
Performance test message 1863
Performance test message 1864
Performance test message 1865
Performance test message 1866
Performance test message 1867
Performance test message 1868
Performance test message 1869
Performance test message 1870
Performance test message 1871
Performance test message 1872
Performance test message 1873
Performance test message 1874
Performance test message 1875
Performance test message 1876
Performance test message 1877
Performance test message 1878
Performance test message 1879
Performance test message 1880
Performance test message 1881
Performance test message 1882
Performance test message 1883
Performance test message 1884
Performance test message 1885
Performance test message 1886
Performance test message 1887
Performance test message 1888
Performance test message 1889
Performance test message 1890
Performance test message 1891
Performance test message 1892
Performance test message 1893
Performance test message 1894
Performance test message 1895
Performance test message 1896
Performance test message 1897
Performance test message 1898
Performance test message 1899
Performance test message 1900
Performance test message 1901
Performance test message 1902
Performance test message 1903
Performance test message 1904
Performance test message 1905
Performance test message 1906
Performance test message 1907
Performance test message 1908
Performance test message 1909
Performance test message 1910
Performance test message 1911
Performance test message 1912
Performance test message 1913
Performance test message 1914
Performance test message 1915
Performance test message 1916
Performance test message 1917
Performance test message 1918
Performance test message 1919
Performance test message 1920
Performance test message 1921
Performance test message 1922
Performance test message 1923
Performance test message 1924
Performance test message 1925
Performance test message 1926
Performance test message 1927
Performance test message 1928
Performance test message 1929
Performance test message 1930
Performance test message 1931
Performance test message 1932
Performance test message 1933
Performance test message 1934
Performance test message 1935
Performance test message 1936
Performance test message 1937
Performance test message 1938
Performance test message 1939
Performance test message 1940
Performance test message 1941
Performance test message 1942
Performance test message 1943
Performance test message 1944
Performance test message 1945
Performance test message 1946
Performance test message 1947
Performance test message 1948
Performance test message 1949
Performance test message 1950
Performance test message 1951
Performance test message 1952
Performance test message 1953
Performance test message 1954
Performance test message 1955
Performance test message 1956
Performance test message 1957
Performance test message 1958
Performance test message 1959
Performance test message 1960
Performance test message 1961
Performance test message 1962
Performance test message 1963
Performance test message 1964
Performance test message 1965
Performance test message 1966
Performance test message 1967
Performance test message 1968
Performance test message 1969
Performance test message 1970
Performance test message 1971
Performance test message 1972
Performance test message 1973
Performance test message 1974
Performance test message 1975
Performance test message 1976
Performance test message 1977
Performance test message 1978
Performance test message 1979
Performance test message 1980
Performance test message 1981
Performance test message 1982
Performance test message 1983
Performance test message 1984
Performance test message 1985
Performance test message 1986
Performance test message 1987
Performance test message 1988
Performance test message 1989
Performance test message 1990
Performance test message 1991
Performance test message 1992
Performance test message 1993
Performance test message 1994
Performance test message 1995
Performance test message 1996
Performance test message 1997
Performance test message 1998
Performance test message 1999
Performance test message 2000
Performance test message 2001
Performance test message 2002
Performance test message 2003
Performance test message 2004
Performance test message 2005
Performance test message 2006
Performance test message 2007
Performance test message 2008
Performance test message 2009
Performance test message 2010
Performance test message 2011
Performance test message 2012
Performance test message 2013
Performance test message 2014
Performance test message 2015
Performance test message 2016
Performance test message 2017
Performance test message 2018
Performance test message 2019
Performance test message 2020
Performance test message 2021
Performance test message 2022
Performance test message 2023
Performance test message 2024
Performance test message 2025
Performance test message 2026
Performance test message 2027
Performance test message 2028
Performance test message 2029
Performance test message 2030
Performance test message 2031
Performance test message 2032
Performance test message 2033
Performance test message 2034
Performance test message 2035
Performance test message 2036
Performance test message 2037
Performance test message 2038
Performance test message 2039
Performance test message 2040
Performance test message 2041
Performance test message 2042
Performance test message 2043
Performance test message 2044
Performance test message 2045
Performance test message 2046
Performance test message 2047
Performance test message 2048
Performance test message 2049
Performance test message 2050
Performance test message 2051
Performance test message 2052
Performance test message 2053
Performance test message 2054
Performance test message 2055
Performance test message 2056
Performance test message 2057
Performance test message 2058
Performance test message 2059
Performance test message 2060
Performance test message 2061
Performance test message 2062
Performance test message 2063
Performance test message 2064
Performance test message 2065
Performance test message 2066
Performance test message 2067
Performance test message 2068
Performance test message 2069
Performance test message 2070
Performance test message 2071
Performance test message 2072
Performance test message 2073
Performance test message 2074
Performance test message 2075
Performance test message 2076
Performance test message 2077
Performance test message 2078
Performance test message 2079
Performance test message 2080
Performance test message 2081
Performance test message 2082
Performance test message 2083
Performance test message 2084
Performance test message 2085
Performance test message 2086
Performance test message 2087
Performance test message 2088
Performance test message 2089
Performance test message 2090
Performance test message 2091
Performance test message 2092
Performance test message 2093
Performance test message 2094
Performance test message 2095
Performance test message 2096
Performance test message 2097
Performance test message 2098
Performance test message 2099
Performance test message 2100
Performance test message 2101
Performance test message 2102
Performance test message 2103
Performance test message 2104
Performance test message 2105
Performance test message 2106
Performance test message 2107
Performance test message 2108
Performance test message 2109
Performance test message 2110
Performance test message 2111
Performance test message 2112
Performance test message 2113
Performance test message 2114
Performance test message 2115
Performance test message 2116
Performance test message 2117
Performance test message 2118
Performance test message 2119
Performance test message 2120
Performance test message 2121
Performance test message 2122
Performance test message 2123
Performance test message 2124
Performance test message 2125
Performance test message 2126
Performance test message 2127
Performance test message 2128
Performance test message 2129
Performance test message 2130
Performance test message 2131
Performance test message 2132
Performance test message 2133
Performance test message 2134
Performance test message 2135
Performance test message 2136
Performance test message 2137
Performance test message 2138
Performance test message 2139
Performance test message 2140
Performance test message 2141
Performance test message 2142
Performance test message 2143
Performance test message 2144
Performance test message 2145
Performance test message 2146
Performance test message 2147
Performance test message 2148
Performance test message 2149
Performance test message 2150
Performance test message 2151
Performance test message 2152
Performance test message 2153
Performance test message 2154
Performance test message 2155
Performance test message 2156
Performance test message 2157
Performance test message 2158
Performance test message 2159
Performance test message 2160
Performance test message 2161
Performance test message 2162
Performance test message 2163
Performance test message 2164
Performance test message 2165
Performance test message 2166
Performance test message 2167
Performance test message 2168
Performance test message 2169
Performance test message 2170
Performance test message 2171
Performance test message 2172
Performance test message 2173
Performance test message 2174
Performance test message 2175
Performance test message 2176
Performance test message 2177
Performance test message 2178
Performance test message 2179
Performance test message 2180
Performance test message 2181
Performance test message 2182
Performance test message 2183
Performance test message 2184
Performance test message 2185
Performance test message 2186
Performance test message 2187
Performance test message 2188
Performance test message 2189
Performance test message 2190
Performance test message 2191
Performance test message 2192
Performance test message 2193
Performance test message 2194
Performance test message 2195
Performance test message 2196
Performance test message 2197
Performance test message 2198
Performance test message 2199
Performance test message 2200
Performance test message 2201
Performance test message 2202
Performance test message 2203
Performance test message 2204
Performance test message 2205
Performance test message 2206
Performance test message 2207
Performance test message 2208
Performance test message 2209
Performance test message 2210
Performance test message 2211
Performance test message 2212
Performance test message 2213
Performance test message 2214
Performance test message 2215
Performance test message 2216
Performance test message 2217
Performance test message 2218
Performance test message 2219
Performance test message 2220
Performance test message 2221
Performance test message 2222
Performance test message 2223
Performance test message 2224
Performance test message 2225
Performance test message 2226
Performance test message 2227
Performance test message 2228
Performance test message 2229
Performance test message 2230
Performance test message 2231
Performance test message 2232
Performance test message 2233
Performance test message 2234
Performance test message 2235
Performance test message 2236
Performance test message 2237
Performance test message 2238
Performance test message 2239
Performance test message 2240
Performance test message 2241
Performance test message 2242
Performance test message 2243
Performance test message 2244
Performance test message 2245
Performance test message 2246
Performance test message 2247
Performance test message 2248
Performance test message 2249
Performance test message 2250
Performance test message 2251
Performance test message 2252
Performance test message 2253
Performance test message 2254
Performance test message 2255
Performance test message 2256
Performance test message 2257
Performance test message 2258
Performance test message 2259
Performance test message 2260
Performance test message 2261
Performance test message 2262
Performance test message 2263
Performance test message 2264
Performance test message 2265
Performance test message 2266
Performance test message 2267
Performance test message 2268
Performance test message 2269
Performance test message 2270
Performance test message 2271
Performance test message 2272
Performance test message 2273
Performance test message 2274
Performance test message 2275
Performance test message 2276
Performance test message 2277
Performance test message 2278
Performance test message 2279
Performance test message 2280
Performance test message 2281
Performance test message 2282
Performance test message 2283
Performance test message 2284
Performance test message 2285
Performance test message 2286
Performance test message 2287
Performance test message 2288
Performance test message 2289
Performance test message 2290
Performance test message 2291
Performance test message 2292
Performance test message 2293
Performance test message 2294
Performance test message 2295
Performance test message 2296
Performance test message 2297
Performance test message 2298
Performance test message 2299
Performance test message 2300
Performance test message 2301
Performance test message 2302
Performance test message 2303
Performance test message 2304
Performance test message 2305
Performance test message 2306
Performance test message 2307
Performance test message 2308
Performance test message 2309
Performance test message 2310
Performance test message 2311
Performance test message 2312
Performance test message 2313
Performance test message 2314
Performance test message 2315
Performance test message 2316
Performance test message 2317
Performance test message 2318
Performance test message 2319
Performance test message 2320
Performance test message 2321
Performance test message 2322
Performance test message 2323
Performance test message 2324
Performance test message 2325
Performance test message 2326
Performance test message 2327
Performance test message 2328
Performance test message 2329
Performance test message 2330
Performance test message 2331
Performance test message 2332
Performance test message 2333
Performance test message 2334
Performance test message 2335
Performance test message 2336
Performance test message 2337
Performance test message 2338
Performance test message 2339
Performance test message 2340
Performance test message 2341
Performance test message 2342
Performance test message 2343
Performance test message 2344
Performance test message 2345
Performance test message 2346
Performance test message 2347
Performance test message 2348
Performance test message 2349
Performance test message 2350
Performance test message 2351
Performance test message 2352
Performance test message 2353
Performance test message 2354
Performance test message 2355
Performance test message 2356
Performance test message 2357
Performance test message 2358
Performance test message 2359
Performance test message 2360
Performance test message 2361
Performance test message 2362
Performance test message 2363
Performance test message 2364
Performance test message 2365
Performance test message 2366
Performance test message 2367
Performance test message 2368
Performance test message 2369
Performance test message 2370
Performance test message 2371
Performance test message 2372
Performance test message 2373
Performance test message 2374
Performance test message 2375
Performance test message 2376
Performance test message 2377
Performance test message 2378
Performance test message 2379
Performance test message 2380
Performance test message 2381
Performance test message 2382
Performance test message 2383
Performance test message 2384
Performance test message 2385
Performance test message 2386
Performance test message 2387
Performance test message 2388
Performance test message 2389
Performance test message 2390
Performance test message 2391
Performance test message 2392
Performance test message 2393
Performance test message 2394
Performance test message 2395
Performance test message 2396
Performance test message 2397
Performance test message 2398
Performance test message 2399
Performance test message 2400
Performance test message 2401
Performance test message 2402
Performance test message 2403
Performance test message 2404
Performance test message 2405
Performance test message 2406
Performance test message 2407
Performance test message 2408
Performance test message 2409
Performance test message 2410
Performance test message 2411
Performance test message 2412
Performance test message 2413
Performance test message 2414
Performance test message 2415
Performance test message 2416
Performance test message 2417
Performance test message 2418
Performance test message 2419
Performance test message 2420
Performance test message 2421
Performance test message 2422
Performance test message 2423
Performance test message 2424
Performance test message 2425
Performance test message 2426
Performance test message 2427
Performance test message 2428
Performance test message 2429
Performance test message 2430
Performance test message 2431
Performance test message 2432
Performance test message 2433
Performance test message 2434
Performance test message 2435
Performance test message 2436
Performance test message 2437
Performance test message 2438
Performance test message 2439
Performance test message 2440
Performance test message 2441
Performance test message 2442
Performance test message 2443
Performance test message 2444
Performance test message 2445
Performance test message 2446
Performance test message 2447
Performance test message 2448
Performance test message 2449
Performance test message 2450
Performance test message 2451
Performance test message 2452
Performance test message 2453
Performance test message 2454
Performance test message 2455
Performance test message 2456
Performance test message 2457
Performance test message 2458
Performance test message 2459
Performance test message 2460
Performance test message 2461
Performance test message 2462
Performance test message 2463
Performance test message 2464
Performance test message 2465
Performance test message 2466
Performance test message 2467
Performance test message 2468
Performance test message 2469
Performance test message 2470
Performance test message 2471
Performance test message 2472
Performance test message 2473
Performance test message 2474
Performance test message 2475
Performance test message 2476
Performance test message 2477
Performance test message 2478
Performance test message 2479
Performance test message 2480
Performance test message 2481
Performance test message 2482
Performance test message 2483
Performance test message 2484
Performance test message 2485
Performance test message 2486
Performance test message 2487
Performance test message 2488
Performance test message 2489
Performance test message 2490
Performance test message 2491
Performance test message 2492
Performance test message 2493
Performance test message 2494
Performance test message 2495
Performance test message 2496
Performance test message 2497
Performance test message 2498
Performance test message 2499
Performance test message 2500
Performance test message 2501
Performance test message 2502
Performance test message 2503
Performance test message 2504
Performance test message 2505
Performance test message 2506
Performance test message 2507
Performance test message 2508
Performance test message 2509
Performance test message 2510
Performance test message 2511
Performance test message 2512
Performance test message 2513
Performance test message 2514
Performance test message 2515
Performance test message 2516
Performance test message 2517
Performance test message 2518
Performance test message 2519
Performance test message 2520
Performance test message 2521
Performance test message 2522
Performance test message 2523
Performance test message 2524
Performance test message 2525
Performance test message 2526
Performance test message 2527
Performance test message 2528
Performance test message 2529
Performance test message 2530
Performance test message 2531
Performance test message 2532
Performance test message 2533
Performance test message 2534
Performance test message 2535
Performance test message 2536
Performance test message 2537
Performance test message 2538
Performance test message 2539
Performance test message 2540
Performance test message 2541
Performance test message 2542
Performance test message 2543
Performance test message 2544
Performance test message 2545
Performance test message 2546
Performance test message 2547
Performance test message 2548
Performance test message 2549
Performance test message 2550
Performance test message 2551
Performance test message 2552
Performance test message 2553
Performance test message 2554
Performance test message 2555
Performance test message 2556
Performance test message 2557
Performance test message 2558
Performance test message 2559
Performance test message 2560
Performance test message 2561
Performance test message 2562
Performance test message 2563
Performance test message 2564
Performance test message 2565
Performance test message 2566
Performance test message 2567
Performance test message 2568
Performance test message 2569
Performance test message 2570
Performance test message 2571
Performance test message 2572
Performance test message 2573
Performance test message 2574
Performance test message 2575
Performance test message 2576
Performance test message 2577
Performance test message 2578
Performance test message 2579
Performance test message 2580
Performance test message 2581
Performance test message 2582
Performance test message 2583
Performance test message 2584
Performance test message 2585
Performance test message 2586
Performance test message 2587
Performance test message 2588
Performance test message 2589
Performance test message 2590
Performance test message 2591
Performance test message 2592
Performance test message 2593
Performance test message 2594
Performance test message 2595
Performance test message 2596
Performance test message 2597
Performance test message 2598
Performance test message 2599
Performance test message 2600
Performance test message 2601
Performance test message 2602
Performance test message 2603
Performance test message 2604
Performance test message 2605
Performance test message 2606
Performance test message 2607
Performance test message 2608
Performance test message 2609
Performance test message 2610
Performance test message 2611
Performance test message 2612
Performance test message 2613
Performance test message 2614
Performance test message 2615
Performance test message 2616
Performance test message 2617
Performance test message 2618
Performance test message 2619
Performance test message 2620
Performance test message 2621
Performance test message 2622
Performance test message 2623
Performance test message 2624
Performance test message 2625
Performance test message 2626
Performance test message 2627
Performance test message 2628
Performance test message 2629
Performance test message 2630
Performance test message 2631
Performance test message 2632
Performance test message 2633
Performance test message 2634
Performance test message 2635
Performance test message 2636
Performance test message 2637
Performance test message 2638
Performance test message 2639
Performance test message 2640
Performance test message 2641
Performance test message 2642
Performance test message 2643
Performance test message 2644
Performance test message 2645
Performance test message 2646
Performance test message 2647
Performance test message 2648
Performance test message 2649
Performance test message 2650
Performance test message 2651
Performance test message 2652
Performance test message 2653
Performance test message 2654
Performance test message 2655
Performance test message 2656
Performance test message 2657
Performance test message 2658
Performance test message 2659
Performance test message 2660
Performance test message 2661
Performance test message 2662
Performance test message 2663
Performance test message 2664
Performance test message 2665
Performance test message 2666
Performance test message 2667
Performance test message 2668
Performance test message 2669
Performance test message 2670
Performance test message 2671
Performance test message 2672
Performance test message 2673
Performance test message 2674
Performance test message 2675
Performance test message 2676
Performance test message 2677
Performance test message 2678
Performance test message 2679
Performance test message 2680
Performance test message 2681
Performance test message 2682
Performance test message 2683
Performance test message 2684
Performance test message 2685
Performance test message 2686
Performance test message 2687
Performance test message 2688
Performance test message 2689
Performance test message 2690
Performance test message 2691
Performance test message 2692
Performance test message 2693
Performance test message 2694
Performance test message 2695
Performance test message 2696
Performance test message 2697
Performance test message 2698
Performance test message 2699
Performance test message 2700
Performance test message 2701
Performance test message 2702
Performance test message 2703
Performance test message 2704
Performance test message 2705
Performance test message 2706
Performance test message 2707
Performance test message 2708
Performance test message 2709
Performance test message 2710
Performance test message 2711
Performance test message 2712
Performance test message 2713
Performance test message 2714
Performance test message 2715
Performance test message 2716
Performance test message 2717
Performance test message 2718
Performance test message 2719
Performance test message 2720
Performance test message 2721
Performance test message 2722
Performance test message 2723
Performance test message 2724
Performance test message 2725
Performance test message 2726
Performance test message 2727
Performance test message 2728
Performance test message 2729
Performance test message 2730
Performance test message 2731
Performance test message 2732
Performance test message 2733
Performance test message 2734
Performance test message 2735
Performance test message 2736
Performance test message 2737
Performance test message 2738
Performance test message 2739
Performance test message 2740
Performance test message 2741
Performance test message 2742
Performance test message 2743
Performance test message 2744
Performance test message 2745
Performance test message 2746
Performance test message 2747
Performance test message 2748
Performance test message 2749
Performance test message 2750
Performance test message 2751
Performance test message 2752
Performance test message 2753
Performance test message 2754
Performance test message 2755
Performance test message 2756
Performance test message 2757
Performance test message 2758
Performance test message 2759
Performance test message 2760
Performance test message 2761
Performance test message 2762
Performance test message 2763
Performance test message 2764
Performance test message 2765
Performance test message 2766
Performance test message 2767
Performance test message 2768
Performance test message 2769
Performance test message 2770
Performance test message 2771
Performance test message 2772
Performance test message 2773
Performance test message 2774
Performance test message 2775
Performance test message 2776
Performance test message 2777
Performance test message 2778
Performance test message 2779
Performance test message 2780
Performance test message 2781
Performance test message 2782
Performance test message 2783
Performance test message 2784
Performance test message 2785
Performance test message 2786
Performance test message 2787
Performance test message 2788
Performance test message 2789
Performance test message 2790
Performance test message 2791
Performance test message 2792
Performance test message 2793
Performance test message 2794
Performance test message 2795
Performance test message 2796
Performance test message 2797
Performance test message 2798
Performance test message 2799
Performance test message 2800
Performance test message 2801
Performance test message 2802
Performance test message 2803
Performance test message 2804
Performance test message 2805
Performance test message 2806
Performance test message 2807
Performance test message 2808
Performance test message 2809
Performance test message 2810
Performance test message 2811
Performance test message 2812
Performance test message 2813
Performance test message 2814
Performance test message 2815
Performance test message 2816
Performance test message 2817
Performance test message 2818
Performance test message 2819
Performance test message 2820
Performance test message 2821
Performance test message 2822
Performance test message 2823
Performance test message 2824
Performance test message 2825
Performance test message 2826
Performance test message 2827
Performance test message 2828
Performance test message 2829
Performance test message 2830
Performance test message 2831
Performance test message 2832
Performance test message 2833
Performance test message 2834
Performance test message 2835
Performance test message 2836
Performance test message 2837
Performance test message 2838
Performance test message 2839
Performance test message 2840
Performance test message 2841
Performance test message 2842
Performance test message 2843
Performance test message 2844
Performance test message 2845
Performance test message 2846
Performance test message 2847
Performance test message 2848
Performance test message 2849
Performance test message 2850
Performance test message 2851
Performance test message 2852
Performance test message 2853
Performance test message 2854
Performance test message 2855
Performance test message 2856
Performance test message 2857
Performance test message 2858
Performance test message 2859
Performance test message 2860
Performance test message 2861
Performance test message 2862
Performance test message 2863
Performance test message 2864
Performance test message 2865
Performance test message 2866
Performance test message 2867
Performance test message 2868
Performance test message 2869
Performance test message 2870
Performance test message 2871
Performance test message 2872
Performance test message 2873
Performance test message 2874
Performance test message 2875
Performance test message 2876
Performance test message 2877
Performance test message 2878
Performance test message 2879
Performance test message 2880
Performance test message 2881
Performance test message 2882
Performance test message 2883
Performance test message 2884
Performance test message 2885
Performance test message 2886
Performance test message 2887
Performance test message 2888
Performance test message 2889
Performance test message 2890
Performance test message 2891
Performance test message 2892
Performance test message 2893
Performance test message 2894
Performance test message 2895
Performance test message 2896
Performance test message 2897
Performance test message 2898
Performance test message 2899
Performance test message 2900
Performance test message 2901
Performance test message 2902
Performance test message 2903
Performance test message 2904
Performance test message 2905
Performance test message 2906
Performance test message 2907
Performance test message 2908
Performance test message 2909
Performance test message 2910
Performance test message 2911
Performance test message 2912
Performance test message 2913
Performance test message 2914
Performance test message 2915
Performance test message 2916
Performance test message 2917
Performance test message 2918
Performance test message 2919
Performance test message 2920
Performance test message 2921
Performance test message 2922
Performance test message 2923
Performance test message 2924
Performance test message 2925
Performance test message 2926
Performance test message 2927
Performance test message 2928
Performance test message 2929
Performance test message 2930
Performance test message 2931
Performance test message 2932
Performance test message 2933
Performance test message 2934
Performance test message 2935
Performance test message 2936
Performance test message 2937
Performance test message 2938
Performance test message 2939
Performance test message 2940
Performance test message 2941
Performance test message 2942
Performance test message 2943
Performance test message 2944
Performance test message 2945
Performance test message 2946
Performance test message 2947
Performance test message 2948
Performance test message 2949
Performance test message 2950
Performance test message 2951
Performance test message 2952
Performance test message 2953
Performance test message 2954
Performance test message 2955
Performance test message 2956
Performance test message 2957
Performance test message 2958
Performance test message 2959
Performance test message 2960
Performance test message 2961
Performance test message 2962
Performance test message 2963
Performance test message 2964
Performance test message 2965
Performance test message 2966
Performance test message 2967
Performance test message 2968
Performance test message 2969
Performance test message 2970
Performance test message 2971
Performance test message 2972
Performance test message 2973
Performance test message 2974
Performance test message 2975
Performance test message 2976
Performance test message 2977
Performance test message 2978
Performance test message 2979
Performance test message 2980
Performance test message 2981
Performance test message 2982
Performance test message 2983
Performance test message 2984
Performance test message 2985
Performance test message 2986
Performance test message 2987
Performance test message 2988
Performance test message 2989
Performance test message 2990
Performance test message 2991
Performance test message 2992
Performance test message 2993
Performance test message 2994
Performance test message 2995
Performance test message 2996
Performance test message 2997
Performance test message 2998
Performance test message 2999
Performance test message 3000
Performance test message 3001
Performance test message 3002
Performance test message 3003
Performance test message 3004
Performance test message 3005
Performance test message 3006
Performance test message 3007
Performance test message 3008
Performance test message 3009
Performance test message 3010
Performance test message 3011
Performance test message 3012
Performance test message 3013
Performance test message 3014
Performance test message 3015
Performance test message 3016
Performance test message 3017
Performance test message 3018
Performance test message 3019
Performance test message 3020
Performance test message 3021
Performance test message 3022
Performance test message 3023
Performance test message 3024
Performance test message 3025
Performance test message 3026
Performance test message 3027
Performance test message 3028
Performance test message 3029
Performance test message 3030
Performance test message 3031
Performance test message 3032
Performance test message 3033
Performance test message 3034
Performance test message 3035
Performance test message 3036
Performance test message 3037
Performance test message 3038
Performance test message 3039
Performance test message 3040
Performance test message 3041
Performance test message 3042
Performance test message 3043
Performance test message 3044
Performance test message 3045
Performance test message 3046
Performance test message 3047
Performance test message 3048
Performance test message 3049
Performance test message 3050
Performance test message 3051
Performance test message 3052
Performance test message 3053
Performance test message 3054
Performance test message 3055
Performance test message 3056
Performance test message 3057
Performance test message 3058
Performance test message 3059
Performance test message 3060
Performance test message 3061
Performance test message 3062
Performance test message 3063
Performance test message 3064
Performance test message 3065
Performance test message 3066
Performance test message 3067
Performance test message 3068
Performance test message 3069
Performance test message 3070
Performance test message 3071
Performance test message 3072
Performance test message 3073
Performance test message 3074
Performance test message 3075
Performance test message 3076
Performance test message 3077
Performance test message 3078
Performance test message 3079
Performance test message 3080
Performance test message 3081
Performance test message 3082
Performance test message 3083
Performance test message 3084
Performance test message 3085
Performance test message 3086
Performance test message 3087
Performance test message 3088
Performance test message 3089
Performance test message 3090
Performance test message 3091
Performance test message 3092
Performance test message 3093
Performance test message 3094
Performance test message 3095
Performance test message 3096
Performance test message 3097
Performance test message 3098
Performance test message 3099
Performance test message 3100
Performance test message 3101
Performance test message 3102
Performance test message 3103
Performance test message 3104
Performance test message 3105
Performance test message 3106
Performance test message 3107
Performance test message 3108
Performance test message 3109
Performance test message 3110
Performance test message 3111
Performance test message 3112
Performance test message 3113
Performance test message 3114
Performance test message 3115
Performance test message 3116
Performance test message 3117
Performance test message 3118
Performance test message 3119
Performance test message 3120
Performance test message 3121
Performance test message 3122
Performance test message 3123
Performance test message 3124
Performance test message 3125
Performance test message 3126
Performance test message 3127
Performance test message 3128
Performance test message 3129
Performance test message 3130
Performance test message 3131
Performance test message 3132
Performance test message 3133
Performance test message 3134
Performance test message 3135
Performance test message 3136
Performance test message 3137
Performance test message 3138
Performance test message 3139
Performance test message 3140
Performance test message 3141
Performance test message 3142
Performance test message 3143
Performance test message 3144
Performance test message 3145
Performance test message 3146
Performance test message 3147
Performance test message 3148
Performance test message 3149
Performance test message 3150
Performance test message 3151
Performance test message 3152
Performance test message 3153
Performance test message 3154
Performance test message 3155
Performance test message 3156
Performance test message 3157
Performance test message 3158
Performance test message 3159
Performance test message 3160
Performance test message 3161
Performance test message 3162
Performance test message 3163
Performance test message 3164
Performance test message 3165
Performance test message 3166
Performance test message 3167
Performance test message 3168
Performance test message 3169
Performance test message 3170
Performance test message 3171
Performance test message 3172
Performance test message 3173
Performance test message 3174
Performance test message 3175
Performance test message 3176
Performance test message 3177
Performance test message 3178
Performance test message 3179
Performance test message 3180
Performance test message 3181
Performance test message 3182
Performance test message 3183
Performance test message 3184
Performance test message 3185
Performance test message 3186
Performance test message 3187
Performance test message 3188
Performance test message 3189
Performance test message 3190
Performance test message 3191
Performance test message 3192
Performance test message 3193
Performance test message 3194
Performance test message 3195
Performance test message 3196
Performance test message 3197
Performance test message 3198
Performance test message 3199
Performance test message 3200
Performance test message 3201
Performance test message 3202
Performance test message 3203
Performance test message 3204
Performance test message 3205
Performance test message 3206
Performance test message 3207
Performance test message 3208
Performance test message 3209
Performance test message 3210
Performance test message 3211
Performance test message 3212
Performance test message 3213
Performance test message 3214
Performance test message 3215
Performance test message 3216
Performance test message 3217
Performance test message 3218
Performance test message 3219
Performance test message 3220
Performance test message 3221
Performance test message 3222
Performance test message 3223
Performance test message 3224
Performance test message 3225
Performance test message 3226
Performance test message 3227
Performance test message 3228
Performance test message 3229
Performance test message 3230
Performance test message 3231
Performance test message 3232
Performance test message 3233
Performance test message 3234
Performance test message 3235
Performance test message 3236
Performance test message 3237
Performance test message 3238
Performance test message 3239
Performance test message 3240
Performance test message 3241
Performance test message 3242
Performance test message 3243
Performance test message 3244
Performance test message 3245
Performance test message 3246
Performance test message 3247
Performance test message 3248
Performance test message 3249
Performance test message 3250
Performance test message 3251
Performance test message 3252
Performance test message 3253
Performance test message 3254
Performance test message 3255
Performance test message 3256
Performance test message 3257
Performance test message 3258
Performance test message 3259
Performance test message 3260
Performance test message 3261
Performance test message 3262
Performance test message 3263
Performance test message 3264
Performance test message 3265
Performance test message 3266
Performance test message 3267
Performance test message 3268
Performance test message 3269
Performance test message 3270
Performance test message 3271
Performance test message 3272
Performance test message 3273
Performance test message 3274
Performance test message 3275
Performance test message 3276
Performance test message 3277
Performance test message 3278
Performance test message 3279
Performance test message 3280
Performance test message 3281
Performance test message 3282
Performance test message 3283
Performance test message 3284
Performance test message 3285
Performance test message 3286
Performance test message 3287
Performance test message 3288
Performance test message 3289
Performance test message 3290
Performance test message 3291
Performance test message 3292
Performance test message 3293
Performance test message 3294
Performance test message 3295
Performance test message 3296
Performance test message 3297
Performance test message 3298
Performance test message 3299
Performance test message 3300
Performance test message 3301
Performance test message 3302
Performance test message 3303
Performance test message 3304
Performance test message 3305
Performance test message 3306
Performance test message 3307
Performance test message 3308
Performance test message 3309
Performance test message 3310
Performance test message 3311
Performance test message 3312
Performance test message 3313
Performance test message 3314
Performance test message 3315
Performance test message 3316
Performance test message 3317
Performance test message 3318
Performance test message 3319
Performance test message 3320
Performance test message 3321
Performance test message 3322
Performance test message 3323
Performance test message 3324
Performance test message 3325
Performance test message 3326
Performance test message 3327
Performance test message 3328
Performance test message 3329
Performance test message 3330
Performance test message 3331
Performance test message 3332
Performance test message 3333
Performance test message 3334
Performance test message 3335
Performance test message 3336
Performance test message 3337
Performance test message 3338
Performance test message 3339
Performance test message 3340
Performance test message 3341
Performance test message 3342
Performance test message 3343
Performance test message 3344
Performance test message 3345
Performance test message 3346
Performance test message 3347
Performance test message 3348
Performance test message 3349
Performance test message 3350
Performance test message 3351
Performance test message 3352
Performance test message 3353
Performance test message 3354
Performance test message 3355
Performance test message 3356
Performance test message 3357
Performance test message 3358
Performance test message 3359
Performance test message 3360
Performance test message 3361
Performance test message 3362
Performance test message 3363
Performance test message 3364
Performance test message 3365
Performance test message 3366
Performance test message 3367
Performance test message 3368
Performance test message 3369
Performance test message 3370
Performance test message 3371
Performance test message 3372
Performance test message 3373
Performance test message 3374
Performance test message 3375
Performance test message 3376
Performance test message 3377
Performance test message 3378
Performance test message 3379
Performance test message 3380
Performance test message 3381
Performance test message 3382
Performance test message 3383
Performance test message 3384
Performance test message 3385
Performance test message 3386
Performance test message 3387
Performance test message 3388
Performance test message 3389
Performance test message 3390
Performance test message 3391
Performance test message 3392
Performance test message 3393
Performance test message 3394
Performance test message 3395
Performance test message 3396
Performance test message 3397
Performance test message 3398
Performance test message 3399
Performance test message 3400
Performance test message 3401
Performance test message 3402
Performance test message 3403
Performance test message 3404
Performance test message 3405
Performance test message 3406
Performance test message 3407
Performance test message 3408
Performance test message 3409
Performance test message 3410
Performance test message 3411
Performance test message 3412
Performance test message 3413
Performance test message 3414
Performance test message 3415
Performance test message 3416
Performance test message 3417
Performance test message 3418
Performance test message 3419
Performance test message 3420
Performance test message 3421
Performance test message 3422
Performance test message 3423
Performance test message 3424
Performance test message 3425
Performance test message 3426
Performance test message 3427
Performance test message 3428
Performance test message 3429
Performance test message 3430
Performance test message 3431
Performance test message 3432
Performance test message 3433
Performance test message 3434
Performance test message 3435
Performance test message 3436
Performance test message 3437
Performance test message 3438
Performance test message 3439
Performance test message 3440
Performance test message 3441
Performance test message 3442
Performance test message 3443
Performance test message 3444
Performance test message 3445
Performance test message 3446
Performance test message 3447
Performance test message 3448
Performance test message 3449
Performance test message 3450
Performance test message 3451
Performance test message 3452
Performance test message 3453
Performance test message 3454
Performance test message 3455
Performance test message 3456
Performance test message 3457
Performance test message 3458
Performance test message 3459
Performance test message 3460
Performance test message 3461
Performance test message 3462
Performance test message 3463
Performance test message 3464
Performance test message 3465
Performance test message 3466
Performance test message 3467
Performance test message 3468
Performance test message 3469
Performance test message 3470
Performance test message 3471
Performance test message 3472
Performance test message 3473
Performance test message 3474
Performance test message 3475
Performance test message 3476
Performance test message 3477
Performance test message 3478
Performance test message 3479
Performance test message 3480
Performance test message 3481
Performance test message 3482
Performance test message 3483
Performance test message 3484
Performance test message 3485
Performance test message 3486
Performance test message 3487
Performance test message 3488
Performance test message 3489
Performance test message 3490
Performance test message 3491
Performance test message 3492
Performance test message 3493
Performance test message 3494
Performance test message 3495
Performance test message 3496
Performance test message 3497
Performance test message 3498
Performance test message 3499
Performance test message 3500
Performance test message 3501
Performance test message 3502
Performance test message 3503
Performance test message 3504
Performance test message 3505
Performance test message 3506
Performance test message 3507
Performance test message 3508
Performance test message 3509
Performance test message 3510
Performance test message 3511
Performance test message 3512
Performance test message 3513
Performance test message 3514
Performance test message 3515
Performance test message 3516
Performance test message 3517
Performance test message 3518
Performance test message 3519
Performance test message 3520
Performance test message 3521
Performance test message 3522
Performance test message 3523
Performance test message 3524
Performance test message 3525
Performance test message 3526
Performance test message 3527
Performance test message 3528
Performance test message 3529
Performance test message 3530
Performance test message 3531
Performance test message 3532
Performance test message 3533
Performance test message 3534
Performance test message 3535
Performance test message 3536
Performance test message 3537
Performance test message 3538
Performance test message 3539
Performance test message 3540
Performance test message 3541
Performance test message 3542
Performance test message 3543
Performance test message 3544
Performance test message 3545
Performance test message 3546
Performance test message 3547
Performance test message 3548
Performance test message 3549
Performance test message 3550
Performance test message 3551
Performance test message 3552
Performance test message 3553
Performance test message 3554
Performance test message 3555
Performance test message 3556
Performance test message 3557
Performance test message 3558
Performance test message 3559
Performance test message 3560
Performance test message 3561
Performance test message 3562
Performance test message 3563
Performance test message 3564
Performance test message 3565
Performance test message 3566
Performance test message 3567
Performance test message 3568
Performance test message 3569
Performance test message 3570
Performance test message 3571
Performance test message 3572
Performance test message 3573
Performance test message 3574
Performance test message 3575
Performance test message 3576
Performance test message 3577
Performance test message 3578
Performance test message 3579
Performance test message 3580
Performance test message 3581
Performance test message 3582
Performance test message 3583
Performance test message 3584
Performance test message 3585
Performance test message 3586
Performance test message 3587
Performance test message 3588
Performance test message 3589
Performance test message 3590
Performance test message 3591
Performance test message 3592
Performance test message 3593
Performance test message 3594
Performance test message 3595
Performance test message 3596
Performance test message 3597
Performance test message 3598
Performance test message 3599
Performance test message 3600
Performance test message 3601
Performance test message 3602
Performance test message 3603
Performance test message 3604
Performance test message 3605
Performance test message 3606
Performance test message 3607
Performance test message 3608
Performance test message 3609
Performance test message 3610
Performance test message 3611
Performance test message 3612
Performance test message 3613
Performance test message 3614
Performance test message 3615
Performance test message 3616
Performance test message 3617
Performance test message 3618
Performance test message 3619
Performance test message 3620
Performance test message 3621
Performance test message 3622
Performance test message 3623
Performance test message 3624
Performance test message 3625
Performance test message 3626
Performance test message 3627
Performance test message 3628
Performance test message 3629
Performance test message 3630
Performance test message 3631
Performance test message 3632
Performance test message 3633
Performance test message 3634
Performance test message 3635
Performance test message 3636
Performance test message 3637
Performance test message 3638
Performance test message 3639
Performance test message 3640
Performance test message 3641
Performance test message 3642
Performance test message 3643
Performance test message 3644
Performance test message 3645
Performance test message 3646
Performance test message 3647
Performance test message 3648
Performance test message 3649
Performance test message 3650
Performance test message 3651
Performance test message 3652
Performance test message 3653
Performance test message 3654
Performance test message 3655
Performance test message 3656
Performance test message 3657
Performance test message 3658
Performance test message 3659
Performance test message 3660
Performance test message 3661
Performance test message 3662
Performance test message 3663
Performance test message 3664
Performance test message 3665
Performance test message 3666
Performance test message 3667
Performance test message 3668
Performance test message 3669
Performance test message 3670
Performance test message 3671
Performance test message 3672
Performance test message 3673
Performance test message 3674
Performance test message 3675
Performance test message 3676
Performance test message 3677
Performance test message 3678
Performance test message 3679
Performance test message 3680
Performance test message 3681
Performance test message 3682
Performance test message 3683
Performance test message 3684
Performance test message 3685
Performance test message 3686
Performance test message 3687
Performance test message 3688
Performance test message 3689
Performance test message 3690
Performance test message 3691
Performance test message 3692
Performance test message 3693
Performance test message 3694
Performance test message 3695
Performance test message 3696
Performance test message 3697
Performance test message 3698
Performance test message 3699
Performance test message 3700
Performance test message 3701
Performance test message 3702
Performance test message 3703
Performance test message 3704
Performance test message 3705
Performance test message 3706
Performance test message 3707
Performance test message 3708
Performance test message 3709
Performance test message 3710
Performance test message 3711
Performance test message 3712
Performance test message 3713
Performance test message 3714
Performance test message 3715
Performance test message 3716
Performance test message 3717
Performance test message 3718
Performance test message 3719
Performance test message 3720
Performance test message 3721
Performance test message 3722
Performance test message 3723
Performance test message 3724
Performance test message 3725
Performance test message 3726
Performance test message 3727
Performance test message 3728
Performance test message 3729
Performance test message 3730
Performance test message 3731
Performance test message 3732
Performance test message 3733
Performance test message 3734
Performance test message 3735
Performance test message 3736
Performance test message 3737
Performance test message 3738
Performance test message 3739
Performance test message 3740
Performance test message 3741
Performance test message 3742
Performance test message 3743
Performance test message 3744
Performance test message 3745
Performance test message 3746
Performance test message 3747
Performance test message 3748
Performance test message 3749
Performance test message 3750
Performance test message 3751
Performance test message 3752
Performance test message 3753
Performance test message 3754
Performance test message 3755
Performance test message 3756
Performance test message 3757
Performance test message 3758
Performance test message 3759
Performance test message 3760
Performance test message 3761
Performance test message 3762
Performance test message 3763
Performance test message 3764
Performance test message 3765
Performance test message 3766
Performance test message 3767
Performance test message 3768
Performance test message 3769
Performance test message 3770
Performance test message 3771
Performance test message 3772
Performance test message 3773
Performance test message 3774
Performance test message 3775
Performance test message 3776
Performance test message 3777
Performance test message 3778
Performance test message 3779
Performance test message 3780
Performance test message 3781
Performance test message 3782
Performance test message 3783
Performance test message 3784
Performance test message 3785
Performance test message 3786
Performance test message 3787
Performance test message 3788
Performance test message 3789
Performance test message 3790
Performance test message 3791
Performance test message 3792
Performance test message 3793
Performance test message 3794
Performance test message 3795
Performance test message 3796
Performance test message 3797
Performance test message 3798
Performance test message 3799
Performance test message 3800
Performance test message 3801
Performance test message 3802
Performance test message 3803
Performance test message 3804
Performance test message 3805
Performance test message 3806
Performance test message 3807
Performance test message 3808
Performance test message 3809
Performance test message 3810
Performance test message 3811
Performance test message 3812
Performance test message 3813
Performance test message 3814
Performance test message 3815
Performance test message 3816
Performance test message 3817
Performance test message 3818
Performance test message 3819
Performance test message 3820
Performance test message 3821
Performance test message 3822
Performance test message 3823
Performance test message 3824
Performance test message 3825
Performance test message 3826
Performance test message 3827
Performance test message 3828
Performance test message 3829
Performance test message 3830
Performance test message 3831
Performance test message 3832
Performance test message 3833
Performance test message 3834
Performance test message 3835
Performance test message 3836
Performance test message 3837
Performance test message 3838
Performance test message 3839
Performance test message 3840
Performance test message 3841
Performance test message 3842
Performance test message 3843
Performance test message 3844
Performance test message 3845
Performance test message 3846
Performance test message 3847
Performance test message 3848
Performance test message 3849
Performance test message 3850
Performance test message 3851
Performance test message 3852
Performance test message 3853
Performance test message 3854
Performance test message 3855
Performance test message 3856
Performance test message 3857
Performance test message 3858
Performance test message 3859
Performance test message 3860
Performance test message 3861
Performance test message 3862
Performance test message 3863
Performance test message 3864
Performance test message 3865
Performance test message 3866
Performance test message 3867
Performance test message 3868
Performance test message 3869
Performance test message 3870
Performance test message 3871
Performance test message 3872
Performance test message 3873
Performance test message 3874
Performance test message 3875
Performance test message 3876
Performance test message 3877
Performance test message 3878
Performance test message 3879
Performance test message 3880
Performance test message 3881
Performance test message 3882
Performance test message 3883
Performance test message 3884
Performance test message 3885
Performance test message 3886
Performance test message 3887
Performance test message 3888
Performance test message 3889
Performance test message 3890
Performance test message 3891
Performance test message 3892
Performance test message 3893
Performance test message 3894
Performance test message 3895
Performance test message 3896
Performance test message 3897
Performance test message 3898
Performance test message 3899
Performance test message 3900
Performance test message 3901
Performance test message 3902
Performance test message 3903
Performance test message 3904
Performance test message 3905
Performance test message 3906
Performance test message 3907
Performance test message 3908
Performance test message 3909
Performance test message 3910
Performance test message 3911
Performance test message 3912
Performance test message 3913
Performance test message 3914
Performance test message 3915
Performance test message 3916
Performance test message 3917
Performance test message 3918
Performance test message 3919
Performance test message 3920
Performance test message 3921
Performance test message 3922
Performance test message 3923
Performance test message 3924
Performance test message 3925
Performance test message 3926
Performance test message 3927
Performance test message 3928
Performance test message 3929
Performance test message 3930
Performance test message 3931
Performance test message 3932
Performance test message 3933
Performance test message 3934
Performance test message 3935
Performance test message 3936
Performance test message 3937
Performance test message 3938
Performance test message 3939
Performance test message 3940
Performance test message 3941
Performance test message 3942
Performance test message 3943
Performance test message 3944
Performance test message 3945
Performance test message 3946
Performance test message 3947
Performance test message 3948
Performance test message 3949
Performance test message 3950
Performance test message 3951
Performance test message 3952
Performance test message 3953
Performance test message 3954
Performance test message 3955
Performance test message 3956
Performance test message 3957
Performance test message 3958
Performance test message 3959
Performance test message 3960
Performance test message 3961
Performance test message 3962
Performance test message 3963
Performance test message 3964
Performance test message 3965
Performance test message 3966
Performance test message 3967
Performance test message 3968
Performance test message 3969
Performance test message 3970
Performance test message 3971
Performance test message 3972
Performance test message 3973
Performance test message 3974
Performance test message 3975
Performance test message 3976
Performance test message 3977
Performance test message 3978
Performance test message 3979
Performance test message 3980
Performance test message 3981
Performance test message 3982
Performance test message 3983
Performance test message 3984
Performance test message 3985
Performance test message 3986
Performance test message 3987
Performance test message 3988
Performance test message 3989
Performance test message 3990
Performance test message 3991
Performance test message 3992
Performance test message 3993
Performance test message 3994
Performance test message 3995
Performance test message 3996
Performance test message 3997
Performance test message 3998
Performance test message 3999
Performance test message 4000
Performance test message 4001
Performance test message 4002
Performance test message 4003
Performance test message 4004
Performance test message 4005
Performance test message 4006
Performance test message 4007
Performance test message 4008
Performance test message 4009
Performance test message 4010
Performance test message 4011
Performance test message 4012
Performance test message 4013
Performance test message 4014
Performance test message 4015
Performance test message 4016
Performance test message 4017
Performance test message 4018
Performance test message 4019
Performance test message 4020
Performance test message 4021
Performance test message 4022
Performance test message 4023
Performance test message 4024
Performance test message 4025
Performance test message 4026
Performance test message 4027
Performance test message 4028
Performance test message 4029
Performance test message 4030
Performance test message 4031
Performance test message 4032
Performance test message 4033
Performance test message 4034
Performance test message 4035
Performance test message 4036
Performance test message 4037
Performance test message 4038
Performance test message 4039
Performance test message 4040
Performance test message 4041
Performance test message 4042
Performance test message 4043
Performance test message 4044
Performance test message 4045
Performance test message 4046
Performance test message 4047
Performance test message 4048
Performance test message 4049
Performance test message 4050
Performance test message 4051
Performance test message 4052
Performance test message 4053
Performance test message 4054
Performance test message 4055
Performance test message 4056
Performance test message 4057
Performance test message 4058
Performance test message 4059
Performance test message 4060
Performance test message 4061
Performance test message 4062
Performance test message 4063
Performance test message 4064
Performance test message 4065
Performance test message 4066
Performance test message 4067
Performance test message 4068
Performance test message 4069
Performance test message 4070
Performance test message 4071
Performance test message 4072
Performance test message 4073
Performance test message 4074
Performance test message 4075
Performance test message 4076
Performance test message 4077
Performance test message 4078
Performance test message 4079
Performance test message 4080
Performance test message 4081
Performance test message 4082
Performance test message 4083
Performance test message 4084
Performance test message 4085
Performance test message 4086
Performance test message 4087
Performance test message 4088
Performance test message 4089
Performance test message 4090
Performance test message 4091
Performance test message 4092
Performance test message 4093
Performance test message 4094
Performance test message 4095
Performance test message 4096
Performance test message 4097
Performance test message 4098
Performance test message 4099
Performance test message 4100
Performance test message 4101
Performance test message 4102
Performance test message 4103
Performance test message 4104
Performance test message 4105
Performance test message 4106
Performance test message 4107
Performance test message 4108
Performance test message 4109
Performance test message 4110
Performance test message 4111
Performance test message 4112
Performance test message 4113
Performance test message 4114
Performance test message 4115
Performance test message 4116
Performance test message 4117
Performance test message 4118
Performance test message 4119
Performance test message 4120
Performance test message 4121
Performance test message 4122
Performance test message 4123
Performance test message 4124
Performance test message 4125
Performance test message 4126
Performance test message 4127
Performance test message 4128
Performance test message 4129
Performance test message 4130
Performance test message 4131
Performance test message 4132
Performance test message 4133
Performance test message 4134
Performance test message 4135
Performance test message 4136
Performance test message 4137
Performance test message 4138
Performance test message 4139
Performance test message 4140
Performance test message 4141
Performance test message 4142
Performance test message 4143
Performance test message 4144
Performance test message 4145
Performance test message 4146
Performance test message 4147
Performance test message 4148
Performance test message 4149
Performance test message 4150
Performance test message 4151
Performance test message 4152
Performance test message 4153
Performance test message 4154
Performance test message 4155
Performance test message 4156
Performance test message 4157
Performance test message 4158
Performance test message 4159
Performance test message 4160
Performance test message 4161
Performance test message 4162
Performance test message 4163
Performance test message 4164
Performance test message 4165
Performance test message 4166
Performance test message 4167
Performance test message 4168
Performance test message 4169
Performance test message 4170
Performance test message 4171
Performance test message 4172
Performance test message 4173
Performance test message 4174
Performance test message 4175
Performance test message 4176
Performance test message 4177
Performance test message 4178
Performance test message 4179
Performance test message 4180
Performance test message 4181
Performance test message 4182
Performance test message 4183
Performance test message 4184
Performance test message 4185
Performance test message 4186
Performance test message 4187
Performance test message 4188
Performance test message 4189
Performance test message 4190
Performance test message 4191
Performance test message 4192
Performance test message 4193
Performance test message 4194
Performance test message 4195
Performance test message 4196
Performance test message 4197
Performance test message 4198
Performance test message 4199
Performance test message 4200
Performance test message 4201
Performance test message 4202
Performance test message 4203
Performance test message 4204
Performance test message 4205
Performance test message 4206
Performance test message 4207
Performance test message 4208
Performance test message 4209
Performance test message 4210
Performance test message 4211
Performance test message 4212
Performance test message 4213
Performance test message 4214
Performance test message 4215
Performance test message 4216
Performance test message 4217
Performance test message 4218
Performance test message 4219
Performance test message 4220
Performance test message 4221
Performance test message 4222
Performance test message 4223
Performance test message 4224
Performance test message 4225
Performance test message 4226
Performance test message 4227
Performance test message 4228
Performance test message 4229
Performance test message 4230
Performance test message 4231
Performance test message 4232
Performance test message 4233
Performance test message 4234
Performance test message 4235
Performance test message 4236
Performance test message 4237
Performance test message 4238
Performance test message 4239
Performance test message 4240
Performance test message 4241
Performance test message 4242
Performance test message 4243
Performance test message 4244
Performance test message 4245
Performance test message 4246
Performance test message 4247
Performance test message 4248
Performance test message 4249
Performance test message 4250
Performance test message 4251
Performance test message 4252
Performance test message 4253
Performance test message 4254
Performance test message 4255
Performance test message 4256
Performance test message 4257
Performance test message 4258
Performance test message 4259
Performance test message 4260
Performance test message 4261
Performance test message 4262
Performance test message 4263
Performance test message 4264
Performance test message 4265
Performance test message 4266
Performance test message 4267
Performance test message 4268
Performance test message 4269
Performance test message 4270
Performance test message 4271
Performance test message 4272
Performance test message 4273
Performance test message 4274
Performance test message 4275
Performance test message 4276
Performance test message 4277
Performance test message 4278
Performance test message 4279
Performance test message 4280
Performance test message 4281
Performance test message 4282
Performance test message 4283
Performance test message 4284
Performance test message 4285
Performance test message 4286
Performance test message 4287
Performance test message 4288
Performance test message 4289
Performance test message 4290
Performance test message 4291
Performance test message 4292
Performance test message 4293
Performance test message 4294
Performance test message 4295
Performance test message 4296
Performance test message 4297
Performance test message 4298
Performance test message 4299
Performance test message 4300
Performance test message 4301
Performance test message 4302
Performance test message 4303
Performance test message 4304
Performance test message 4305
Performance test message 4306
Performance test message 4307
Performance test message 4308
Performance test message 4309
Performance test message 4310
Performance test message 4311
Performance test message 4312
Performance test message 4313
Performance test message 4314
Performance test message 4315
Performance test message 4316
Performance test message 4317
Performance test message 4318
Performance test message 4319
Performance test message 4320
Performance test message 4321
Performance test message 4322
Performance test message 4323
Performance test message 4324
Performance test message 4325
Performance test message 4326
Performance test message 4327
Performance test message 4328
Performance test message 4329
Performance test message 4330
Performance test message 4331
Performance test message 4332
Performance test message 4333
Performance test message 4334
Performance test message 4335
Performance test message 4336
Performance test message 4337
Performance test message 4338
Performance test message 4339
Performance test message 4340
Performance test message 4341
Performance test message 4342
Performance test message 4343
Performance test message 4344
Performance test message 4345
Performance test message 4346
Performance test message 4347
Performance test message 4348
Performance test message 4349
Performance test message 4350
Performance test message 4351
Performance test message 4352
Performance test message 4353
Performance test message 4354
Performance test message 4355
Performance test message 4356
Performance test message 4357
Performance test message 4358
Performance test message 4359
Performance test message 4360
Performance test message 4361
Performance test message 4362
Performance test message 4363
Performance test message 4364
Performance test message 4365
Performance test message 4366
Performance test message 4367
Performance test message 4368
Performance test message 4369
Performance test message 4370
Performance test message 4371
Performance test message 4372
Performance test message 4373
Performance test message 4374
Performance test message 4375
Performance test message 4376
Performance test message 4377
Performance test message 4378
Performance test message 4379
Performance test message 4380
Performance test message 4381
Performance test message 4382
Performance test message 4383
Performance test message 4384
Performance test message 4385
Performance test message 4386
Performance test message 4387
Performance test message 4388
Performance test message 4389
Performance test message 4390
Performance test message 4391
Performance test message 4392
Performance test message 4393
Performance test message 4394
Performance test message 4395
Performance test message 4396
Performance test message 4397
Performance test message 4398
Performance test message 4399
Performance test message 4400
Performance test message 4401
Performance test message 4402
Performance test message 4403
Performance test message 4404
Performance test message 4405
Performance test message 4406
Performance test message 4407
Performance test message 4408
Performance test message 4409
Performance test message 4410
Performance test message 4411
Performance test message 4412
Performance test message 4413
Performance test message 4414
Performance test message 4415
Performance test message 4416
Performance test message 4417
Performance test message 4418
Performance test message 4419
Performance test message 4420
Performance test message 4421
Performance test message 4422
Performance test message 4423
Performance test message 4424
Performance test message 4425
Performance test message 4426
Performance test message 4427
Performance test message 4428
Performance test message 4429
Performance test message 4430
Performance test message 4431
Performance test message 4432
Performance test message 4433
Performance test message 4434
Performance test message 4435
Performance test message 4436
Performance test message 4437
Performance test message 4438
Performance test message 4439
Performance test message 4440
Performance test message 4441
Performance test message 4442
Performance test message 4443
Performance test message 4444
Performance test message 4445
Performance test message 4446
Performance test message 4447
Performance test message 4448
Performance test message 4449
Performance test message 4450
Performance test message 4451
Performance test message 4452
Performance test message 4453
Performance test message 4454
Performance test message 4455
Performance test message 4456
Performance test message 4457
Performance test message 4458
Performance test message 4459
Performance test message 4460
Performance test message 4461
Performance test message 4462
Performance test message 4463
Performance test message 4464
Performance test message 4465
Performance test message 4466
Performance test message 4467
Performance test message 4468
Performance test message 4469
Performance test message 4470
Performance test message 4471
Performance test message 4472
Performance test message 4473
Performance test message 4474
Performance test message 4475
Performance test message 4476
Performance test message 4477
Performance test message 4478
Performance test message 4479
Performance test message 4480
Performance test message 4481
Performance test message 4482
Performance test message 4483
Performance test message 4484
Performance test message 4485
Performance test message 4486
Performance test message 4487
Performance test message 4488
Performance test message 4489
Performance test message 4490
Performance test message 4491
Performance test message 4492
Performance test message 4493
Performance test message 4494
Performance test message 4495
Performance test message 4496
Performance test message 4497
Performance test message 4498
Performance test message 4499
Performance test message 4500
Performance test message 4501
Performance test message 4502
Performance test message 4503
Performance test message 4504
Performance test message 4505
Performance test message 4506
Performance test message 4507
Performance test message 4508
Performance test message 4509
Performance test message 4510
Performance test message 4511
Performance test message 4512
Performance test message 4513
Performance test message 4514
Performance test message 4515
Performance test message 4516
Performance test message 4517
Performance test message 4518
Performance test message 4519
Performance test message 4520
Performance test message 4521
Performance test message 4522
Performance test message 4523
Performance test message 4524
Performance test message 4525
Performance test message 4526
Performance test message 4527
Performance test message 4528
Performance test message 4529
Performance test message 4530
Performance test message 4531
Performance test message 4532
Performance test message 4533
Performance test message 4534
Performance test message 4535
Performance test message 4536
Performance test message 4537
Performance test message 4538
Performance test message 4539
Performance test message 4540
Performance test message 4541
Performance test message 4542
Performance test message 4543
Performance test message 4544
Performance test message 4545
Performance test message 4546
Performance test message 4547
Performance test message 4548
Performance test message 4549
Performance test message 4550
Performance test message 4551
Performance test message 4552
Performance test message 4553
Performance test message 4554
Performance test message 4555
Performance test message 4556
Performance test message 4557
Performance test message 4558
Performance test message 4559
Performance test message 4560
Performance test message 4561
Performance test message 4562
Performance test message 4563
Performance test message 4564
Performance test message 4565
Performance test message 4566
Performance test message 4567
Performance test message 4568
Performance test message 4569
Performance test message 4570
Performance test message 4571
Performance test message 4572
Performance test message 4573
Performance test message 4574
Performance test message 4575
Performance test message 4576
Performance test message 4577
Performance test message 4578
Performance test message 4579
Performance test message 4580
Performance test message 4581
Performance test message 4582
Performance test message 4583
Performance test message 4584
Performance test message 4585
Performance test message 4586
Performance test message 4587
Performance test message 4588
Performance test message 4589
Performance test message 4590
Performance test message 4591
Performance test message 4592
Performance test message 4593
Performance test message 4594
Performance test message 4595
Performance test message 4596
Performance test message 4597
Performance test message 4598
Performance test message 4599
Performance test message 4600
Performance test message 4601
Performance test message 4602
Performance test message 4603
Performance test message 4604
Performance test message 4605
Performance test message 4606
Performance test message 4607
Performance test message 4608
Performance test message 4609
Performance test message 4610
Performance test message 4611
Performance test message 4612
Performance test message 4613
Performance test message 4614
Performance test message 4615
Performance test message 4616
Performance test message 4617
Performance test message 4618
Performance test message 4619
Performance test message 4620
Performance test message 4621
Performance test message 4622
Performance test message 4623
Performance test message 4624
Performance test message 4625
Performance test message 4626
Performance test message 4627
Performance test message 4628
Performance test message 4629
Performance test message 4630
Performance test message 4631
Performance test message 4632
Performance test message 4633
Performance test message 4634
Performance test message 4635
Performance test message 4636
Performance test message 4637
Performance test message 4638
Performance test message 4639
Performance test message 4640
Performance test message 4641
Performance test message 4642
Performance test message 4643
Performance test message 4644
Performance test message 4645
Performance test message 4646
Performance test message 4647
Performance test message 4648
Performance test message 4649
Performance test message 4650
Performance test message 4651
Performance test message 4652
Performance test message 4653
Performance test message 4654
Performance test message 4655
Performance test message 4656
Performance test message 4657
Performance test message 4658
Performance test message 4659
Performance test message 4660
Performance test message 4661
Performance test message 4662
Performance test message 4663
Performance test message 4664
Performance test message 4665
Performance test message 4666
Performance test message 4667
Performance test message 4668
Performance test message 4669
Performance test message 4670
Performance test message 4671
Performance test message 4672
Performance test message 4673
Performance test message 4674
Performance test message 4675
Performance test message 4676
Performance test message 4677
Performance test message 4678
Performance test message 4679
Performance test message 4680
Performance test message 4681
Performance test message 4682
Performance test message 4683
Performance test message 4684
Performance test message 4685
Performance test message 4686
Performance test message 4687
Performance test message 4688
Performance test message 4689
Performance test message 4690
Performance test message 4691
Performance test message 4692
Performance test message 4693
Performance test message 4694
Performance test message 4695
Performance test message 4696
Performance test message 4697
Performance test message 4698
Performance test message 4699
Performance test message 4700
Performance test message 4701
Performance test message 4702
Performance test message 4703
Performance test message 4704
Performance test message 4705
Performance test message 4706
Performance test message 4707
Performance test message 4708
Performance test message 4709
Performance test message 4710
Performance test message 4711
Performance test message 4712
Performance test message 4713
Performance test message 4714
Performance test message 4715
Performance test message 4716
Performance test message 4717
Performance test message 4718
Performance test message 4719
Performance test message 4720
Performance test message 4721
Performance test message 4722
Performance test message 4723
Performance test message 4724
Performance test message 4725
Performance test message 4726
Performance test message 4727
Performance test message 4728
Performance test message 4729
Performance test message 4730
Performance test message 4731
Performance test message 4732
Performance test message 4733
Performance test message 4734
Performance test message 4735
Performance test message 4736
Performance test message 4737
Performance test message 4738
Performance test message 4739
Performance test message 4740
Performance test message 4741
Performance test message 4742
Performance test message 4743
Performance test message 4744
Performance test message 4745
Performance test message 4746
Performance test message 4747
Performance test message 4748
Performance test message 4749
Performance test message 4750
Performance test message 4751
Performance test message 4752
Performance test message 4753
Performance test message 4754
Performance test message 4755
Performance test message 4756
Performance test message 4757
Performance test message 4758
Performance test message 4759
Performance test message 4760
Performance test message 4761
Performance test message 4762
Performance test message 4763
Performance test message 4764
Performance test message 4765
Performance test message 4766
Performance test message 4767
Performance test message 4768
Performance test message 4769
Performance test message 4770
Performance test message 4771
Performance test message 4772
Performance test message 4773
Performance test message 4774
Performance test message 4775
Performance test message 4776
Performance test message 4777
Performance test message 4778
Performance test message 4779
Performance test message 4780
Performance test message 4781
Performance test message 4782
Performance test message 4783
Performance test message 4784
Performance test message 4785
Performance test message 4786
Performance test message 4787
Performance test message 4788
Performance test message 4789
Performance test message 4790
Performance test message 4791
Performance test message 4792
Performance test message 4793
Performance test message 4794
Performance test message 4795
Performance test message 4796
Performance test message 4797
Performance test message 4798
Performance test message 4799
Performance test message 4800
Performance test message 4801
Performance test message 4802
Performance test message 4803
Performance test message 4804
Performance test message 4805
Performance test message 4806
Performance test message 4807
Performance test message 4808
Performance test message 4809
Performance test message 4810
Performance test message 4811
Performance test message 4812
Performance test message 4813
Performance test message 4814
Performance test message 4815
Performance test message 4816
Performance test message 4817
Performance test message 4818
Performance test message 4819
Performance test message 4820
Performance test message 4821
Performance test message 4822
Performance test message 4823
Performance test message 4824
Performance test message 4825
Performance test message 4826
Performance test message 4827
Performance test message 4828
Performance test message 4829
Performance test message 4830
Performance test message 4831
Performance test message 4832
Performance test message 4833
Performance test message 4834
Performance test message 4835
Performance test message 4836
Performance test message 4837
Performance test message 4838
Performance test message 4839
Performance test message 4840
Performance test message 4841
Performance test message 4842
Performance test message 4843
Performance test message 4844
Performance test message 4845
Performance test message 4846
Performance test message 4847
Performance test message 4848
Performance test message 4849
Performance test message 4850
Performance test message 4851
Performance test message 4852
Performance test message 4853
Performance test message 4854
Performance test message 4855
Performance test message 4856
Performance test message 4857
Performance test message 4858
Performance test message 4859
Performance test message 4860
Performance test message 4861
Performance test message 4862
Performance test message 4863
Performance test message 4864
Performance test message 4865
Performance test message 4866
Performance test message 4867
Performance test message 4868
Performance test message 4869
Performance test message 4870
Performance test message 4871
Performance test message 4872
Performance test message 4873
Performance test message 4874
Performance test message 4875
Performance test message 4876
Performance test message 4877
Performance test message 4878
Performance test message 4879
Performance test message 4880
Performance test message 4881
Performance test message 4882
Performance test message 4883
Performance test message 4884
Performance test message 4885
Performance test message 4886
Performance test message 4887
Performance test message 4888
Performance test message 4889
Performance test message 4890
Performance test message 4891
Performance test message 4892
Performance test message 4893
Performance test message 4894
Performance test message 4895
Performance test message 4896
Performance test message 4897
Performance test message 4898
Performance test message 4899
Performance test message 4900
Performance test message 4901
Performance test message 4902
Performance test message 4903
Performance test message 4904
Performance test message 4905
Performance test message 4906
Performance test message 4907
Performance test message 4908
Performance test message 4909
Performance test message 4910
Performance test message 4911
Performance test message 4912
Performance test message 4913
Performance test message 4914
Performance test message 4915
Performance test message 4916
Performance test message 4917
Performance test message 4918
Performance test message 4919
Performance test message 4920
Performance test message 4921
Performance test message 4922
Performance test message 4923
Performance test message 4924
Performance test message 4925
Performance test message 4926
Performance test message 4927
Performance test message 4928
Performance test message 4929
Performance test message 4930
Performance test message 4931
Performance test message 4932
Performance test message 4933
Performance test message 4934
Performance test message 4935
Performance test message 4936
Performance test message 4937
Performance test message 4938
Performance test message 4939
Performance test message 4940
Performance test message 4941
Performance test message 4942
Performance test message 4943
Performance test message 4944
Performance test message 4945
Performance test message 4946
Performance test message 4947
Performance test message 4948
Performance test message 4949
Performance test message 4950
Performance test message 4951
Performance test message 4952
Performance test message 4953
Performance test message 4954
Performance test message 4955
Performance test message 4956
Performance test message 4957
Performance test message 4958
Performance test message 4959
Performance test message 4960
Performance test message 4961
Performance test message 4962
Performance test message 4963
Performance test message 4964
Performance test message 4965
Performance test message 4966
Performance test message 4967
Performance test message 4968
Performance test message 4969
Performance test message 4970
Performance test message 4971
Performance test message 4972
Performance test message 4973
Performance test message 4974
Performance test message 4975
Performance test message 4976
Performance test message 4977
Performance test message 4978
Performance test message 4979
Performance test message 4980
Performance test message 4981
Performance test message 4982
Performance test message 4983
Performance test message 4984
Performance test message 4985
Performance test message 4986
Performance test message 4987
Performance test message 4988
Performance test message 4989
Performance test message 4990
Performance test message 4991
Performance test message 4992
Performance test message 4993
Performance test message 4994
Performance test message 4995
Performance test message 4996
Performance test message 4997
Performance test message 4998
Performance test message 4999
Performance test message 5000
Performance test message 5001
Performance test message 5002
Performance test message 5003
Performance test message 5004
Performance test message 5005
Performance test message 5006
Performance test message 5007
Performance test message 5008
Performance test message 5009
Performance test message 5010
Performance test message 5011
Performance test message 5012
Performance test message 5013
Performance test message 5014
Performance test message 5015
Performance test message 5016
Performance test message 5017
Performance test message 5018
Performance test message 5019
Performance test message 5020
Performance test message 5021
Performance test message 5022
Performance test message 5023
Performance test message 5024
Performance test message 5025
Performance test message 5026
Performance test message 5027
Performance test message 5028
Performance test message 5029
Performance test message 5030
Performance test message 5031
Performance test message 5032
Performance test message 5033
Performance test message 5034
Performance test message 5035
Performance test message 5036
Performance test message 5037
Performance test message 5038
Performance test message 5039
Performance test message 5040
Performance test message 5041
Performance test message 5042
Performance test message 5043
Performance test message 5044
Performance test message 5045
Performance test message 5046
Performance test message 5047
Performance test message 5048
Performance test message 5049
Performance test message 5050
Performance test message 5051
Performance test message 5052
Performance test message 5053
Performance test message 5054
Performance test message 5055
Performance test message 5056
Performance test message 5057
Performance test message 5058
Performance test message 5059
Performance test message 5060
Performance test message 5061
Performance test message 5062
Performance test message 5063
Performance test message 5064
Performance test message 5065
Performance test message 5066
Performance test message 5067
Performance test message 5068
Performance test message 5069
Performance test message 5070
Performance test message 5071
Performance test message 5072
Performance test message 5073
Performance test message 5074
Performance test message 5075
Performance test message 5076
Performance test message 5077
Performance test message 5078
Performance test message 5079
Performance test message 5080
Performance test message 5081
Performance test message 5082
Performance test message 5083
Performance test message 5084
Performance test message 5085
Performance test message 5086
Performance test message 5087
Performance test message 5088
Performance test message 5089
Performance test message 5090
Performance test message 5091
Performance test message 5092
Performance test message 5093
Performance test message 5094
Performance test message 5095
Performance test message 5096
Performance test message 5097
Performance test message 5098
Performance test message 5099
Performance test message 5100
Performance test message 5101
Performance test message 5102
Performance test message 5103
Performance test message 5104
Performance test message 5105
Performance test message 5106
Performance test message 5107
Performance test message 5108
Performance test message 5109
Performance test message 5110
Performance test message 5111
Performance test message 5112
Performance test message 5113
Performance test message 5114
Performance test message 5115
Performance test message 5116
Performance test message 5117
Performance test message 5118
Performance test message 5119
Performance test message 5120
Performance test message 5121
Performance test message 5122
Performance test message 5123
Performance test message 5124
Performance test message 5125
Performance test message 5126
Performance test message 5127
Performance test message 5128
Performance test message 5129
Performance test message 5130
Performance test message 5131
Performance test message 5132
Performance test message 5133
Performance test message 5134
Performance test message 5135
Performance test message 5136
Performance test message 5137
Performance test message 5138
Performance test message 5139
Performance test message 5140
Performance test message 5141
Performance test message 5142
Performance test message 5143
Performance test message 5144
Performance test message 5145
Performance test message 5146
Performance test message 5147
Performance test message 5148
Performance test message 5149
Performance test message 5150
Performance test message 5151
Performance test message 5152
Performance test message 5153
Performance test message 5154
Performance test message 5155
Performance test message 5156
Performance test message 5157
Performance test message 5158
Performance test message 5159
Performance test message 5160
Performance test message 5161
Performance test message 5162
Performance test message 5163
Performance test message 5164
Performance test message 5165
Performance test message 5166
Performance test message 5167
Performance test message 5168
Performance test message 5169
Performance test message 5170
Performance test message 5171
Performance test message 5172
Performance test message 5173
Performance test message 5174
Performance test message 5175
Performance test message 5176
Performance test message 5177
Performance test message 5178
Performance test message 5179
Performance test message 5180
Performance test message 5181
Performance test message 5182
Performance test message 5183
Performance test message 5184
Performance test message 5185
Performance test message 5186
Performance test message 5187
Performance test message 5188
Performance test message 5189
Performance test message 5190
Performance test message 5191
Performance test message 5192
Performance test message 5193
Performance test message 5194
Performance test message 5195
Performance test message 5196
Performance test message 5197
Performance test message 5198
Performance test message 5199
Performance test message 5200
Performance test message 5201
Performance test message 5202
Performance test message 5203
Performance test message 5204
Performance test message 5205
Performance test message 5206
Performance test message 5207
Performance test message 5208
Performance test message 5209
Performance test message 5210
Performance test message 5211
Performance test message 5212
Performance test message 5213
Performance test message 5214
Performance test message 5215
Performance test message 5216
Performance test message 5217
Performance test message 5218
Performance test message 5219
Performance test message 5220
Performance test message 5221
Performance test message 5222
Performance test message 5223
Performance test message 5224
Performance test message 5225
Performance test message 5226
Performance test message 5227
Performance test message 5228
Performance test message 5229
Performance test message 5230
Performance test message 5231
Performance test message 5232
Performance test message 5233
Performance test message 5234
Performance test message 5235
Performance test message 5236
Performance test message 5237
Performance test message 5238
Performance test message 5239
Performance test message 5240
Performance test message 5241
Performance test message 5242
Performance test message 5243
Performance test message 5244
Performance test message 5245
Performance test message 5246
Performance test message 5247
Performance test message 5248
Performance test message 5249
Performance test message 5250
Performance test message 5251
Performance test message 5252
Performance test message 5253
Performance test message 5254
Performance test message 5255
Performance test message 5256
Performance test message 5257
Performance test message 5258
Performance test message 5259
Performance test message 5260
Performance test message 5261
Performance test message 5262
Performance test message 5263
Performance test message 5264
Performance test message 5265
Performance test message 5266
Performance test message 5267
Performance test message 5268
Performance test message 5269
Performance test message 5270
Performance test message 5271
Performance test message 5272
Performance test message 5273
Performance test message 5274
Performance test message 5275
Performance test message 5276
Performance test message 5277
Performance test message 5278
Performance test message 5279
Performance test message 5280
Performance test message 5281
Performance test message 5282
Performance test message 5283
Performance test message 5284
Performance test message 5285
Performance test message 5286
Performance test message 5287
Performance test message 5288
Performance test message 5289
Performance test message 5290
Performance test message 5291
Performance test message 5292
Performance test message 5293
Performance test message 5294
Performance test message 5295
Performance test message 5296
Performance test message 5297
Performance test message 5298
Performance test message 5299
Performance test message 5300
Performance test message 5301
Performance test message 5302
Performance test message 5303
Performance test message 5304
Performance test message 5305
Performance test message 5306
Performance test message 5307
Performance test message 5308
Performance test message 5309
Performance test message 5310
Performance test message 5311
Performance test message 5312
Performance test message 5313
Performance test message 5314
Performance test message 5315
Performance test message 5316
Performance test message 5317
Performance test message 5318
Performance test message 5319
Performance test message 5320
Performance test message 5321
Performance test message 5322
Performance test message 5323
Performance test message 5324
Performance test message 5325
Performance test message 5326
Performance test message 5327
Performance test message 5328
Performance test message 5329
Performance test message 5330
Performance test message 5331
Performance test message 5332
Performance test message 5333
Performance test message 5334
Performance test message 5335
Performance test message 5336
Performance test message 5337
Performance test message 5338
Performance test message 5339
Performance test message 5340
Performance test message 5341
Performance test message 5342
Performance test message 5343
Performance test message 5344
Performance test message 5345
Performance test message 5346
Performance test message 5347
Performance test message 5348
Performance test message 5349
Performance test message 5350
Performance test message 5351
Performance test message 5352
Performance test message 5353
Performance test message 5354
Performance test message 5355
Performance test message 5356
Performance test message 5357
Performance test message 5358
Performance test message 5359
Performance test message 5360
Performance test message 5361
Performance test message 5362
Performance test message 5363
Performance test message 5364
Performance test message 5365
Performance test message 5366
Performance test message 5367
Performance test message 5368
Performance test message 5369
Performance test message 5370
Performance test message 5371
Performance test message 5372
Performance test message 5373
Performance test message 5374
Performance test message 5375
Performance test message 5376
Performance test message 5377
Performance test message 5378
Performance test message 5379
Performance test message 5380
Performance test message 5381
Performance test message 5382
Performance test message 5383
Performance test message 5384
Performance test message 5385
Performance test message 5386
Performance test message 5387
Performance test message 5388
Performance test message 5389
Performance test message 5390
Performance test message 5391
Performance test message 5392
Performance test message 5393
Performance test message 5394
Performance test message 5395
Performance test message 5396
Performance test message 5397
Performance test message 5398
Performance test message 5399
Performance test message 5400
Performance test message 5401
Performance test message 5402
Performance test message 5403
Performance test message 5404
Performance test message 5405
Performance test message 5406
Performance test message 5407
Performance test message 5408
Performance test message 5409
Performance test message 5410
Performance test message 5411
Performance test message 5412
Performance test message 5413
Performance test message 5414
Performance test message 5415
Performance test message 5416
Performance test message 5417
Performance test message 5418
Performance test message 5419
Performance test message 5420
Performance test message 5421
Performance test message 5422
Performance test message 5423
Performance test message 5424
Performance test message 5425
Performance test message 5426
Performance test message 5427
Performance test message 5428
Performance test message 5429
Performance test message 5430
Performance test message 5431
Performance test message 5432
Performance test message 5433
Performance test message 5434
Performance test message 5435
Performance test message 5436
Performance test message 5437
Performance test message 5438
Performance test message 5439
Performance test message 5440
Performance test message 5441
Performance test message 5442
Performance test message 5443
Performance test message 5444
Performance test message 5445
Performance test message 5446
Performance test message 5447
Performance test message 5448
Performance test message 5449
Performance test message 5450
Performance test message 5451
Performance test message 5452
Performance test message 5453
Performance test message 5454
Performance test message 5455
Performance test message 5456
Performance test message 5457
Performance test message 5458
Performance test message 5459
Performance test message 5460
Performance test message 5461
Performance test message 5462
Performance test message 5463
Performance test message 5464
Performance test message 5465
Performance test message 5466
Performance test message 5467
Performance test message 5468
Performance test message 5469
Performance test message 5470
Performance test message 5471
Performance test message 5472
Performance test message 5473
Performance test message 5474
Performance test message 5475
Performance test message 5476
Performance test message 5477
Performance test message 5478
Performance test message 5479
Performance test message 5480
Performance test message 5481
Performance test message 5482
Performance test message 5483
Performance test message 5484
Performance test message 5485
Performance test message 5486
Performance test message 5487
Performance test message 5488
Performance test message 5489
Performance test message 5490
Performance test message 5491
Performance test message 5492
Performance test message 5493
Performance test message 5494
Performance test message 5495
Performance test message 5496
Performance test message 5497
Performance test message 5498
Performance test message 5499
Performance test message 5500
Performance test message 5501
Performance test message 5502
Performance test message 5503
Performance test message 5504
Performance test message 5505
Performance test message 5506
Performance test message 5507
Performance test message 5508
Performance test message 5509
Performance test message 5510
Performance test message 5511
Performance test message 5512
Performance test message 5513
Performance test message 5514
Performance test message 5515
Performance test message 5516
Performance test message 5517
Performance test message 5518
Performance test message 5519
Performance test message 5520
Performance test message 5521
Performance test message 5522
Performance test message 5523
Performance test message 5524
Performance test message 5525
Performance test message 5526
Performance test message 5527
Performance test message 5528
Performance test message 5529
Performance test message 5530
Performance test message 5531
Performance test message 5532
Performance test message 5533
Performance test message 5534
Performance test message 5535
Performance test message 5536
Performance test message 5537
Performance test message 5538
Performance test message 5539
Performance test message 5540
Performance test message 5541
Performance test message 5542
Performance test message 5543
Performance test message 5544
Performance test message 5545
Performance test message 5546
Performance test message 5547
Performance test message 5548
Performance test message 5549
Performance test message 5550
Performance test message 5551
Performance test message 5552
Performance test message 5553
Performance test message 5554
Performance test message 5555
Performance test message 5556
Performance test message 5557
Performance test message 5558
Performance test message 5559
Performance test message 5560
Performance test message 5561
Performance test message 5562
Performance test message 5563
Performance test message 5564
Performance test message 5565
Performance test message 5566
Performance test message 5567
Performance test message 5568
Performance test message 5569
Performance test message 5570
Performance test message 5571
Performance test message 5572
Performance test message 5573
Performance test message 5574
Performance test message 5575
Performance test message 5576
Performance test message 5577
Performance test message 5578
Performance test message 5579
Performance test message 5580
Performance test message 5581
Performance test message 5582
Performance test message 5583
Performance test message 5584
Performance test message 5585
Performance test message 5586
Performance test message 5587
Performance test message 5588
Performance test message 5589
Performance test message 5590
Performance test message 5591
Performance test message 5592
Performance test message 5593
Performance test message 5594
Performance test message 5595
Performance test message 5596
Performance test message 5597
Performance test message 5598
Performance test message 5599
Performance test message 5600
Performance test message 5601
Performance test message 5602
Performance test message 5603
Performance test message 5604
Performance test message 5605
Performance test message 5606
Performance test message 5607
Performance test message 5608
Performance test message 5609
Performance test message 5610
Performance test message 5611
Performance test message 5612
Performance test message 5613
Performance test message 5614
Performance test message 5615
Performance test message 5616
Performance test message 5617
Performance test message 5618
Performance test message 5619
Performance test message 5620
Performance test message 5621
Performance test message 5622
Performance test message 5623
Performance test message 5624
Performance test message 5625
Performance test message 5626
Performance test message 5627
Performance test message 5628
Performance test message 5629
Performance test message 5630
Performance test message 5631
Performance test message 5632
Performance test message 5633
Performance test message 5634
Performance test message 5635
Performance test message 5636
Performance test message 5637
Performance test message 5638
Performance test message 5639
Performance test message 5640
Performance test message 5641
Performance test message 5642
Performance test message 5643
Performance test message 5644
Performance test message 5645
Performance test message 5646
Performance test message 5647
Performance test message 5648
Performance test message 5649
Performance test message 5650
Performance test message 5651
Performance test message 5652
Performance test message 5653
Performance test message 5654
Performance test message 5655
Performance test message 5656
Performance test message 5657
Performance test message 5658
Performance test message 5659
Performance test message 5660
Performance test message 5661
Performance test message 5662
Performance test message 5663
Performance test message 5664
Performance test message 5665
Performance test message 5666
Performance test message 5667
Performance test message 5668
Performance test message 5669
Performance test message 5670
Performance test message 5671
Performance test message 5672
Performance test message 5673
Performance test message 5674
Performance test message 5675
Performance test message 5676
Performance test message 5677
Performance test message 5678
Performance test message 5679
Performance test message 5680
Performance test message 5681
Performance test message 5682
Performance test message 5683
Performance test message 5684
Performance test message 5685
Performance test message 5686
Performance test message 5687
Performance test message 5688
Performance test message 5689
Performance test message 5690
Performance test message 5691
Performance test message 5692
Performance test message 5693
Performance test message 5694
Performance test message 5695
Performance test message 5696
Performance test message 5697
Performance test message 5698
Performance test message 5699
Performance test message 5700
Performance test message 5701
Performance test message 5702
Performance test message 5703
Performance test message 5704
Performance test message 5705
Performance test message 5706
Performance test message 5707
Performance test message 5708
Performance test message 5709
Performance test message 5710
Performance test message 5711
Performance test message 5712
Performance test message 5713
Performance test message 5714
Performance test message 5715
Performance test message 5716
Performance test message 5717
Performance test message 5718
Performance test message 5719
Performance test message 5720
Performance test message 5721
Performance test message 5722
Performance test message 5723
Performance test message 5724
Performance test message 5725
Performance test message 5726
Performance test message 5727
Performance test message 5728
Performance test message 5729
Performance test message 5730
Performance test message 5731
Performance test message 5732
Performance test message 5733
Performance test message 5734
Performance test message 5735
Performance test message 5736
Performance test message 5737
Performance test message 5738
Performance test message 5739
Performance test message 5740
Performance test message 5741
Performance test message 5742
Performance test message 5743
Performance test message 5744
Performance test message 5745
Performance test message 5746
Performance test message 5747
Performance test message 5748
Performance test message 5749
Performance test message 5750
Performance test message 5751
Performance test message 5752
Performance test message 5753
Performance test message 5754
Performance test message 5755
Performance test message 5756
Performance test message 5757
Performance test message 5758
Performance test message 5759
Performance test message 5760
Performance test message 5761
Performance test message 5762
Performance test message 5763
Performance test message 5764
Performance test message 5765
Performance test message 5766
Performance test message 5767
Performance test message 5768
Performance test message 5769
Performance test message 5770
Performance test message 5771
Performance test message 5772
Performance test message 5773
Performance test message 5774
Performance test message 5775
Performance test message 5776
Performance test message 5777
Performance test message 5778
Performance test message 5779
Performance test message 5780
Performance test message 5781
Performance test message 5782
Performance test message 5783
Performance test message 5784
Performance test message 5785
Performance test message 5786
Performance test message 5787
Performance test message 5788
Performance test message 5789
Performance test message 5790
Performance test message 5791
Performance test message 5792
Performance test message 5793
Performance test message 5794
Performance test message 5795
Performance test message 5796
Performance test message 5797
Performance test message 5798
Performance test message 5799
Performance test message 5800
Performance test message 5801
Performance test message 5802
Performance test message 5803
Performance test message 5804
Performance test message 5805
Performance test message 5806
Performance test message 5807
Performance test message 5808
Performance test message 5809
Performance test message 5810
Performance test message 5811
Performance test message 5812
Performance test message 5813
Performance test message 5814
Performance test message 5815
Performance test message 5816
Performance test message 5817
Performance test message 5818
Performance test message 5819
Performance test message 5820
Performance test message 5821
Performance test message 5822
Performance test message 5823
Performance test message 5824
Performance test message 5825
Performance test message 5826
Performance test message 5827
Performance test message 5828
Performance test message 5829
Performance test message 5830
Performance test message 5831
Performance test message 5832
Performance test message 5833
Performance test message 5834
Performance test message 5835
Performance test message 5836
Performance test message 5837
Performance test message 5838
Performance test message 5839
Performance test message 5840
Performance test message 5841
Performance test message 5842
Performance test message 5843
Performance test message 5844
Performance test message 5845
Performance test message 5846
Performance test message 5847
Performance test message 5848
Performance test message 5849
Performance test message 5850
Performance test message 5851
Performance test message 5852
Performance test message 5853
Performance test message 5854
Performance test message 5855
Performance test message 5856
Performance test message 5857
Performance test message 5858
Performance test message 5859
Performance test message 5860
Performance test message 5861
Performance test message 5862
Performance test message 5863
Performance test message 5864
Performance test message 5865
Performance test message 5866
Performance test message 5867
Performance test message 5868
Performance test message 5869
Performance test message 5870
Performance test message 5871
Performance test message 5872
Performance test message 5873
Performance test message 5874
Performance test message 5875
Performance test message 5876
Performance test message 5877
Performance test message 5878
Performance test message 5879
Performance test message 5880
Performance test message 5881
Performance test message 5882
Performance test message 5883
Performance test message 5884
Performance test message 5885
Performance test message 5886
Performance test message 5887
Performance test message 5888
Performance test message 5889
Performance test message 5890
Performance test message 5891
Performance test message 5892
Performance test message 5893
Performance test message 5894
Performance test message 5895
Performance test message 5896
Performance test message 5897
Performance test message 5898
Performance test message 5899
Performance test message 5900
Performance test message 5901
Performance test message 5902
Performance test message 5903
Performance test message 5904
Performance test message 5905
Performance test message 5906
Performance test message 5907
Performance test message 5908
Performance test message 5909
Performance test message 5910
Performance test message 5911
Performance test message 5912
Performance test message 5913
Performance test message 5914
Performance test message 5915
Performance test message 5916
Performance test message 5917
Performance test message 5918
Performance test message 5919
Performance test message 5920
Performance test message 5921
Performance test message 5922
Performance test message 5923
Performance test message 5924
Performance test message 5925
Performance test message 5926
Performance test message 5927
Performance test message 5928
Performance test message 5929
Performance test message 5930
Performance test message 5931
Performance test message 5932
Performance test message 5933
Performance test message 5934
Performance test message 5935
Performance test message 5936
Performance test message 5937
Performance test message 5938
Performance test message 5939
Performance test message 5940
Performance test message 5941
Performance test message 5942
Performance test message 5943
Performance test message 5944
Performance test message 5945
Performance test message 5946
Performance test message 5947
Performance test message 5948
Performance test message 5949
Performance test message 5950
Performance test message 5951
Performance test message 5952
Performance test message 5953
Performance test message 5954
Performance test message 5955
Performance test message 5956
Performance test message 5957
Performance test message 5958
Performance test message 5959
Performance test message 5960
Performance test message 5961
Performance test message 5962
Performance test message 5963
Performance test message 5964
Performance test message 5965
Performance test message 5966
Performance test message 5967
Performance test message 5968
Performance test message 5969
Performance test message 5970
Performance test message 5971
Performance test message 5972
Performance test message 5973
Performance test message 5974
Performance test message 5975
Performance test message 5976
Performance test message 5977
Performance test message 5978
Performance test message 5979
Performance test message 5980
Performance test message 5981
Performance test message 5982
Performance test message 5983
Performance test message 5984
Performance test message 5985
Performance test message 5986
Performance test message 5987
Performance test message 5988
Performance test message 5989
Performance test message 5990
Performance test message 5991
Performance test message 5992
Performance test message 5993
Performance test message 5994
Performance test message 5995
Performance test message 5996
Performance test message 5997
Performance test message 5998
Performance test message 5999
Performance test message 6000
Performance test message 6001
Performance test message 6002
Performance test message 6003
Performance test message 6004
Performance test message 6005
Performance test message 6006
Performance test message 6007
Performance test message 6008
Performance test message 6009
Performance test message 6010
Performance test message 6011
Performance test message 6012
Performance test message 6013
Performance test message 6014
Performance test message 6015
Performance test message 6016
Performance test message 6017
Performance test message 6018
Performance test message 6019
Performance test message 6020
Performance test message 6021
Performance test message 6022
Performance test message 6023
Performance test message 6024
Performance test message 6025
Performance test message 6026
Performance test message 6027
Performance test message 6028
Performance test message 6029
Performance test message 6030
Performance test message 6031
Performance test message 6032
Performance test message 6033
Performance test message 6034
Performance test message 6035
Performance test message 6036
Performance test message 6037
Performance test message 6038
Performance test message 6039
Performance test message 6040
Performance test message 6041
Performance test message 6042
Performance test message 6043
Performance test message 6044
Performance test message 6045
Performance test message 6046
Performance test message 6047
Performance test message 6048
Performance test message 6049
Performance test message 6050
Performance test message 6051
Performance test message 6052
Performance test message 6053
Performance test message 6054
Performance test message 6055
Performance test message 6056
Performance test message 6057
Performance test message 6058
Performance test message 6059
Performance test message 6060
Performance test message 6061
Performance test message 6062
Performance test message 6063
Performance test message 6064
Performance test message 6065
Performance test message 6066
Performance test message 6067
Performance test message 6068
Performance test message 6069
Performance test message 6070
Performance test message 6071
Performance test message 6072
Performance test message 6073
Performance test message 6074
Performance test message 6075
Performance test message 6076
Performance test message 6077
Performance test message 6078
Performance test message 6079
Performance test message 6080
Performance test message 6081
Performance test message 6082
Performance test message 6083
Performance test message 6084
Performance test message 6085
Performance test message 6086
Performance test message 6087
Performance test message 6088
Performance test message 6089
Performance test message 6090
Performance test message 6091
Performance test message 6092
Performance test message 6093
Performance test message 6094
Performance test message 6095
Performance test message 6096
Performance test message 6097
Performance test message 6098
Performance test message 6099
Performance test message 6100
Performance test message 6101
Performance test message 6102
Performance test message 6103
Performance test message 6104
Performance test message 6105
Performance test message 6106
Performance test message 6107
Performance test message 6108
Performance test message 6109
Performance test message 6110
Performance test message 6111
Performance test message 6112
Performance test message 6113
Performance test message 6114
Performance test message 6115
Performance test message 6116
Performance test message 6117
Performance test message 6118
Performance test message 6119
Performance test message 6120
Performance test message 6121
Performance test message 6122
Performance test message 6123
Performance test message 6124
Performance test message 6125
Performance test message 6126
Performance test message 6127
Performance test message 6128
Performance test message 6129
Performance test message 6130
Performance test message 6131
Performance test message 6132
Performance test message 6133
Performance test message 6134
Performance test message 6135
Performance test message 6136
Performance test message 6137
Performance test message 6138
Performance test message 6139
Performance test message 6140
Performance test message 6141
Performance test message 6142
Performance test message 6143
Performance test message 6144
Performance test message 6145
Performance test message 6146
Performance test message 6147
Performance test message 6148
Performance test message 6149
Performance test message 6150
Performance test message 6151
Performance test message 6152
Performance test message 6153
Performance test message 6154
Performance test message 6155
Performance test message 6156
Performance test message 6157
Performance test message 6158
Performance test message 6159
Performance test message 6160
Performance test message 6161
Performance test message 6162
Performance test message 6163
Performance test message 6164
Performance test message 6165
Performance test message 6166
Performance test message 6167
Performance test message 6168
Performance test message 6169
Performance test message 6170
Performance test message 6171
Performance test message 6172
Performance test message 6173
Performance test message 6174
Performance test message 6175
Performance test message 6176
Performance test message 6177
Performance test message 6178
Performance test message 6179
Performance test message 6180
Performance test message 6181
Performance test message 6182
Performance test message 6183
Performance test message 6184
Performance test message 6185
Performance test message 6186
Performance test message 6187
Performance test message 6188
Performance test message 6189
Performance test message 6190
Performance test message 6191
Performance test message 6192
Performance test message 6193
Performance test message 6194
Performance test message 6195
Performance test message 6196
Performance test message 6197
Performance test message 6198
Performance test message 6199
Performance test message 6200
Performance test message 6201
Performance test message 6202
Performance test message 6203
Performance test message 6204
Performance test message 6205
Performance test message 6206
Performance test message 6207
Performance test message 6208
Performance test message 6209
Performance test message 6210
Performance test message 6211
Performance test message 6212
Performance test message 6213
Performance test message 6214
Performance test message 6215
Performance test message 6216
Performance test message 6217
Performance test message 6218
Performance test message 6219
Performance test message 6220
Performance test message 6221
Performance test message 6222
Performance test message 6223
Performance test message 6224
Performance test message 6225
Performance test message 6226
Performance test message 6227
Performance test message 6228
Performance test message 6229
Performance test message 6230
Performance test message 6231
Performance test message 6232
Performance test message 6233
Performance test message 6234
Performance test message 6235
Performance test message 6236
Performance test message 6237
Performance test message 6238
Performance test message 6239
Performance test message 6240
Performance test message 6241
Performance test message 6242
Performance test message 6243
Performance test message 6244
Performance test message 6245
Performance test message 6246
Performance test message 6247
Performance test message 6248
Performance test message 6249
Performance test message 6250
Performance test message 6251
Performance test message 6252
Performance test message 6253
Performance test message 6254
Performance test message 6255
Performance test message 6256
Performance test message 6257
Performance test message 6258
Performance test message 6259
Performance test message 6260
Performance test message 6261
Performance test message 6262
Performance test message 6263
Performance test message 6264
Performance test message 6265
Performance test message 6266
Performance test message 6267
Performance test message 6268
Performance test message 6269
Performance test message 6270
Performance test message 6271
Performance test message 6272
Performance test message 6273
Performance test message 6274
Performance test message 6275
Performance test message 6276
Performance test message 6277
Performance test message 6278
Performance test message 6279
Performance test message 6280
Performance test message 6281
Performance test message 6282
Performance test message 6283
Performance test message 6284
Performance test message 6285
Performance test message 6286
Performance test message 6287
Performance test message 6288
Performance test message 6289
Performance test message 6290
Performance test message 6291
Performance test message 6292
Performance test message 6293
Performance test message 6294
Performance test message 6295
Performance test message 6296
Performance test message 6297
Performance test message 6298
Performance test message 6299
Performance test message 6300
Performance test message 6301
Performance test message 6302
Performance test message 6303
Performance test message 6304
Performance test message 6305
Performance test message 6306
Performance test message 6307
Performance test message 6308
Performance test message 6309
Performance test message 6310
Performance test message 6311
Performance test message 6312
Performance test message 6313
Performance test message 6314
Performance test message 6315
Performance test message 6316
Performance test message 6317
Performance test message 6318
Performance test message 6319
Performance test message 6320
Performance test message 6321
Performance test message 6322
Performance test message 6323
Performance test message 6324
Performance test message 6325
Performance test message 6326
Performance test message 6327
Performance test message 6328
Performance test message 6329
Performance test message 6330
Performance test message 6331
Performance test message 6332
Performance test message 6333
Performance test message 6334
Performance test message 6335
Performance test message 6336
Performance test message 6337
Performance test message 6338
Performance test message 6339
Performance test message 6340
Performance test message 6341
Performance test message 6342
Performance test message 6343
Performance test message 6344
Performance test message 6345
Performance test message 6346
Performance test message 6347
Performance test message 6348
Performance test message 6349
Performance test message 6350
Performance test message 6351
Performance test message 6352
Performance test message 6353
Performance test message 6354
Performance test message 6355
Performance test message 6356
Performance test message 6357
Performance test message 6358
Performance test message 6359
Performance test message 6360
Performance test message 6361
Performance test message 6362
Performance test message 6363
Performance test message 6364
Performance test message 6365
Performance test message 6366
Performance test message 6367
Performance test message 6368
Performance test message 6369
Performance test message 6370
Performance test message 6371
Performance test message 6372
Performance test message 6373
Performance test message 6374
Performance test message 6375
Performance test message 6376
Performance test message 6377
Performance test message 6378
Performance test message 6379
Performance test message 6380
Performance test message 6381
Performance test message 6382
Performance test message 6383
Performance test message 6384
Performance test message 6385
Performance test message 6386
Performance test message 6387
Performance test message 6388
Performance test message 6389
Performance test message 6390
Performance test message 6391
Performance test message 6392
Performance test message 6393
Performance test message 6394
Performance test message 6395
Performance test message 6396
Performance test message 6397
Performance test message 6398
Performance test message 6399
Performance test message 6400
Performance test message 6401
Performance test message 6402
Performance test message 6403
Performance test message 6404
Performance test message 6405
Performance test message 6406
Performance test message 6407
Performance test message 6408
Performance test message 6409
Performance test message 6410
Performance test message 6411
Performance test message 6412
Performance test message 6413
Performance test message 6414
Performance test message 6415
Performance test message 6416
Performance test message 6417
Performance test message 6418
Performance test message 6419
Performance test message 6420
Performance test message 6421
Performance test message 6422
Performance test message 6423
Performance test message 6424
Performance test message 6425
Performance test message 6426
Performance test message 6427
Performance test message 6428
Performance test message 6429
Performance test message 6430
Performance test message 6431
Performance test message 6432
Performance test message 6433
Performance test message 6434
Performance test message 6435
Performance test message 6436
Performance test message 6437
Performance test message 6438
Performance test message 6439
Performance test message 6440
Performance test message 6441
Performance test message 6442
Performance test message 6443
Performance test message 6444
Performance test message 6445
Performance test message 6446
Performance test message 6447
Performance test message 6448
Performance test message 6449
Performance test message 6450
Performance test message 6451
Performance test message 6452
Performance test message 6453
Performance test message 6454
Performance test message 6455
Performance test message 6456
Performance test message 6457
Performance test message 6458
Performance test message 6459
Performance test message 6460
Performance test message 6461
Performance test message 6462
Performance test message 6463
Performance test message 6464
Performance test message 6465
Performance test message 6466
Performance test message 6467
Performance test message 6468
Performance test message 6469
Performance test message 6470
Performance test message 6471
Performance test message 6472
Performance test message 6473
Performance test message 6474
Performance test message 6475
Performance test message 6476
Performance test message 6477
Performance test message 6478
Performance test message 6479
Performance test message 6480
Performance test message 6481
Performance test message 6482
Performance test message 6483
Performance test message 6484
Performance test message 6485
Performance test message 6486
Performance test message 6487
Performance test message 6488
Performance test message 6489
Performance test message 6490
Performance test message 6491
Performance test message 6492
Performance test message 6493
Performance test message 6494
Performance test message 6495
Performance test message 6496
Performance test message 6497
Performance test message 6498
Performance test message 6499
Performance test message 6500
Performance test message 6501
Performance test message 6502
Performance test message 6503
Performance test message 6504
Performance test message 6505
Performance test message 6506
Performance test message 6507
Performance test message 6508
Performance test message 6509
Performance test message 6510
Performance test message 6511
Performance test message 6512
Performance test message 6513
Performance test message 6514
Performance test message 6515
Performance test message 6516
Performance test message 6517
Performance test message 6518
Performance test message 6519
Performance test message 6520
Performance test message 6521
Performance test message 6522
Performance test message 6523
Performance test message 6524
Performance test message 6525
Performance test message 6526
Performance test message 6527
Performance test message 6528
Performance test message 6529
Performance test message 6530
Performance test message 6531
Performance test message 6532
Performance test message 6533
Performance test message 6534
Performance test message 6535
Performance test message 6536
Performance test message 6537
Performance test message 6538
Performance test message 6539
Performance test message 6540
Performance test message 6541
Performance test message 6542
Performance test message 6543
Performance test message 6544
Performance test message 6545
Performance test message 6546
Performance test message 6547
Performance test message 6548
Performance test message 6549
Performance test message 6550
Performance test message 6551
Performance test message 6552
Performance test message 6553
Performance test message 6554
Performance test message 6555
Performance test message 6556
Performance test message 6557
Performance test message 6558
Performance test message 6559
Performance test message 6560
Performance test message 6561
Performance test message 6562
Performance test message 6563
Performance test message 6564
Performance test message 6565
Performance test message 6566
Performance test message 6567
Performance test message 6568
Performance test message 6569
Performance test message 6570
Performance test message 6571
Performance test message 6572
Performance test message 6573
Performance test message 6574
Performance test message 6575
Performance test message 6576
Performance test message 6577
Performance test message 6578
Performance test message 6579
Performance test message 6580
Performance test message 6581
Performance test message 6582
Performance test message 6583
Performance test message 6584
Performance test message 6585
Performance test message 6586
Performance test message 6587
Performance test message 6588
Performance test message 6589
Performance test message 6590
Performance test message 6591
Performance test message 6592
Performance test message 6593
Performance test message 6594
Performance test message 6595
Performance test message 6596
Performance test message 6597
Performance test message 6598
Performance test message 6599
Performance test message 6600
Performance test message 6601
Performance test message 6602
Performance test message 6603
Performance test message 6604
Performance test message 6605
Performance test message 6606
Performance test message 6607
Performance test message 6608
Performance test message 6609
Performance test message 6610
Performance test message 6611
Performance test message 6612
Performance test message 6613
Performance test message 6614
Performance test message 6615
Performance test message 6616
Performance test message 6617
Performance test message 6618
Performance test message 6619
Performance test message 6620
Performance test message 6621
Performance test message 6622
Performance test message 6623
Performance test message 6624
Performance test message 6625
Performance test message 6626
Performance test message 6627
Performance test message 6628
Performance test message 6629
Performance test message 6630
Performance test message 6631
Performance test message 6632
Performance test message 6633
Performance test message 6634
Performance test message 6635
Performance test message 6636
Performance test message 6637
Performance test message 6638
Performance test message 6639
Performance test message 6640
Performance test message 6641
Performance test message 6642
Performance test message 6643
Performance test message 6644
Performance test message 6645
Performance test message 6646
Performance test message 6647
Performance test message 6648
Performance test message 6649
Performance test message 6650
Performance test message 6651
Performance test message 6652
Performance test message 6653
Performance test message 6654
Performance test message 6655
Performance test message 6656
Performance test message 6657
Performance test message 6658
Performance test message 6659
Performance test message 6660
Performance test message 6661
Performance test message 6662
Performance test message 6663
Performance test message 6664
Performance test message 6665
Performance test message 6666
Performance test message 6667
Performance test message 6668
Performance test message 6669
Performance test message 6670
Performance test message 6671
Performance test message 6672
Performance test message 6673
Performance test message 6674
Performance test message 6675
Performance test message 6676
Performance test message 6677
Performance test message 6678
Performance test message 6679
Performance test message 6680
Performance test message 6681
Performance test message 6682
Performance test message 6683
Performance test message 6684
Performance test message 6685
Performance test message 6686
Performance test message 6687
Performance test message 6688
Performance test message 6689
Performance test message 6690
Performance test message 6691
Performance test message 6692
Performance test message 6693
Performance test message 6694
Performance test message 6695
Performance test message 6696
Performance test message 6697
Performance test message 6698
Performance test message 6699
Performance test message 6700
Performance test message 6701
Performance test message 6702
Performance test message 6703
Performance test message 6704
Performance test message 6705
Performance test message 6706
Performance test message 6707
Performance test message 6708
Performance test message 6709
Performance test message 6710
Performance test message 6711
Performance test message 6712
Performance test message 6713
Performance test message 6714
Performance test message 6715
Performance test message 6716
Performance test message 6717
Performance test message 6718
Performance test message 6719
Performance test message 6720
Performance test message 6721
Performance test message 6722
Performance test message 6723
Performance test message 6724
Performance test message 6725
Performance test message 6726
Performance test message 6727
Performance test message 6728
Performance test message 6729
Performance test message 6730
Performance test message 6731
Performance test message 6732
Performance test message 6733
Performance test message 6734
Performance test message 6735
Performance test message 6736
Performance test message 6737
Performance test message 6738
Performance test message 6739
Performance test message 6740
Performance test message 6741
Performance test message 6742
Performance test message 6743
Performance test message 6744
Performance test message 6745
Performance test message 6746
Performance test message 6747
Performance test message 6748
Performance test message 6749
Performance test message 6750
Performance test message 6751
Performance test message 6752
Performance test message 6753
Performance test message 6754
Performance test message 6755
Performance test message 6756
Performance test message 6757
Performance test message 6758
Performance test message 6759
Performance test message 6760
Performance test message 6761
Performance test message 6762
Performance test message 6763
Performance test message 6764
Performance test message 6765
Performance test message 6766
Performance test message 6767
Performance test message 6768
Performance test message 6769
Performance test message 6770
Performance test message 6771
Performance test message 6772
Performance test message 6773
Performance test message 6774
Performance test message 6775
Performance test message 6776
Performance test message 6777
Performance test message 6778
Performance test message 6779
Performance test message 6780
Performance test message 6781
Performance test message 6782
Performance test message 6783
Performance test message 6784
Performance test message 6785
Performance test message 6786
Performance test message 6787
Performance test message 6788
Performance test message 6789
Performance test message 6790
Performance test message 6791
Performance test message 6792
Performance test message 6793
Performance test message 6794
Performance test message 6795
Performance test message 6796
Performance test message 6797
Performance test message 6798
Performance test message 6799
Performance test message 6800
Performance test message 6801
Performance test message 6802
Performance test message 6803
Performance test message 6804
Performance test message 6805
Performance test message 6806
Performance test message 6807
Performance test message 6808
Performance test message 6809
Performance test message 6810
Performance test message 6811
Performance test message 6812
Performance test message 6813
Performance test message 6814
Performance test message 6815
Performance test message 6816
Performance test message 6817
Performance test message 6818
Performance test message 6819
Performance test message 6820
Performance test message 6821
Performance test message 6822
Performance test message 6823
Performance test message 6824
Performance test message 6825
Performance test message 6826
Performance test message 6827
Performance test message 6828
Performance test message 6829
Performance test message 6830
Performance test message 6831
Performance test message 6832
Performance test message 6833
Performance test message 6834
Performance test message 6835
Performance test message 6836
Performance test message 6837
Performance test message 6838
Performance test message 6839
Performance test message 6840
Performance test message 6841
Performance test message 6842
Performance test message 6843
Performance test message 6844
Performance test message 6845
Performance test message 6846
Performance test message 6847
Performance test message 6848
Performance test message 6849
Performance test message 6850
Performance test message 6851
Performance test message 6852
Performance test message 6853
Performance test message 6854
Performance test message 6855
Performance test message 6856
Performance test message 6857
Performance test message 6858
Performance test message 6859
Performance test message 6860
Performance test message 6861
Performance test message 6862
Performance test message 6863
Performance test message 6864
Performance test message 6865
Performance test message 6866
Performance test message 6867
Performance test message 6868
Performance test message 6869
Performance test message 6870
Performance test message 6871
Performance test message 6872
Performance test message 6873
Performance test message 6874
Performance test message 6875
Performance test message 6876
Performance test message 6877
Performance test message 6878
Performance test message 6879
Performance test message 6880
Performance test message 6881
Performance test message 6882
Performance test message 6883
Performance test message 6884
Performance test message 6885
Performance test message 6886
Performance test message 6887
Performance test message 6888
Performance test message 6889
Performance test message 6890
Performance test message 6891
Performance test message 6892
Performance test message 6893
Performance test message 6894
Performance test message 6895
Performance test message 6896
Performance test message 6897
Performance test message 6898
Performance test message 6899
Performance test message 6900
Performance test message 6901
Performance test message 6902
Performance test message 6903
Performance test message 6904
Performance test message 6905
Performance test message 6906
Performance test message 6907
Performance test message 6908
Performance test message 6909
Performance test message 6910
Performance test message 6911
Performance test message 6912
Performance test message 6913
Performance test message 6914
Performance test message 6915
Performance test message 6916
Performance test message 6917
Performance test message 6918
Performance test message 6919
Performance test message 6920
Performance test message 6921
Performance test message 6922
Performance test message 6923
Performance test message 6924
Performance test message 6925
Performance test message 6926
Performance test message 6927
Performance test message 6928
Performance test message 6929
Performance test message 6930
Performance test message 6931
Performance test message 6932
Performance test message 6933
Performance test message 6934
Performance test message 6935
Performance test message 6936
Performance test message 6937
Performance test message 6938
Performance test message 6939
Performance test message 6940
Performance test message 6941
Performance test message 6942
Performance test message 6943
Performance test message 6944
Performance test message 6945
Performance test message 6946
Performance test message 6947
Performance test message 6948
Performance test message 6949
Performance test message 6950
Performance test message 6951
Performance test message 6952
Performance test message 6953
Performance test message 6954
Performance test message 6955
Performance test message 6956
Performance test message 6957
Performance test message 6958
Performance test message 6959
Performance test message 6960
Performance test message 6961
Performance test message 6962
Performance test message 6963
Performance test message 6964
Performance test message 6965
Performance test message 6966
Performance test message 6967
Performance test message 6968
Performance test message 6969
Performance test message 6970
Performance test message 6971
Performance test message 6972
Performance test message 6973
Performance test message 6974
Performance test message 6975
Performance test message 6976
Performance test message 6977
Performance test message 6978
Performance test message 6979
Performance test message 6980
Performance test message 6981
Performance test message 6982
Performance test message 6983
Performance test message 6984
Performance test message 6985
Performance test message 6986
Performance test message 6987
Performance test message 6988
Performance test message 6989
Performance test message 6990
Performance test message 6991
Performance test message 6992
Performance test message 6993
Performance test message 6994
Performance test message 6995
Performance test message 6996
Performance test message 6997
Performance test message 6998
Performance test message 6999
Performance test message 7000
Performance test message 7001
Performance test message 7002
Performance test message 7003
Performance test message 7004
Performance test message 7005
Performance test message 7006
Performance test message 7007
Performance test message 7008
Performance test message 7009
Performance test message 7010
Performance test message 7011
Performance test message 7012
Performance test message 7013
Performance test message 7014
Performance test message 7015
Performance test message 7016
Performance test message 7017
Performance test message 7018
Performance test message 7019
Performance test message 7020
Performance test message 7021
Performance test message 7022
Performance test message 7023
Performance test message 7024
Performance test message 7025
Performance test message 7026
Performance test message 7027
Performance test message 7028
Performance test message 7029
Performance test message 7030
Performance test message 7031
Performance test message 7032
Performance test message 7033
Performance test message 7034
Performance test message 7035
Performance test message 7036
Performance test message 7037
Performance test message 7038
Performance test message 7039
Performance test message 7040
Performance test message 7041
Performance test message 7042
Performance test message 7043
Performance test message 7044
Performance test message 7045
Performance test message 7046
Performance test message 7047
Performance test message 7048
Performance test message 7049
Performance test message 7050
Performance test message 7051
Performance test message 7052
Performance test message 7053
Performance test message 7054
Performance test message 7055
Performance test message 7056
Performance test message 7057
Performance test message 7058
Performance test message 7059
Performance test message 7060
Performance test message 7061
Performance test message 7062
Performance test message 7063
Performance test message 7064
Performance test message 7065
Performance test message 7066
Performance test message 7067
Performance test message 7068
Performance test message 7069
Performance test message 7070
Performance test message 7071
Performance test message 7072
Performance test message 7073
Performance test message 7074
Performance test message 7075
Performance test message 7076
Performance test message 7077
Performance test message 7078
Performance test message 7079
Performance test message 7080
Performance test message 7081
Performance test message 7082
Performance test message 7083
Performance test message 7084
Performance test message 7085
Performance test message 7086
Performance test message 7087
Performance test message 7088
Performance test message 7089
Performance test message 7090
Performance test message 7091
Performance test message 7092
Performance test message 7093
Performance test message 7094
Performance test message 7095
Performance test message 7096
Performance test message 7097
Performance test message 7098
Performance test message 7099
Performance test message 7100
Performance test message 7101
Performance test message 7102
Performance test message 7103
Performance test message 7104
Performance test message 7105
Performance test message 7106
Performance test message 7107
Performance test message 7108
Performance test message 7109
Performance test message 7110
Performance test message 7111
Performance test message 7112
Performance test message 7113
Performance test message 7114
Performance test message 7115
Performance test message 7116
Performance test message 7117
Performance test message 7118
Performance test message 7119
Performance test message 7120
Performance test message 7121
Performance test message 7122
Performance test message 7123
Performance test message 7124
Performance test message 7125
Performance test message 7126
Performance test message 7127
Performance test message 7128
Performance test message 7129
Performance test message 7130
Performance test message 7131
Performance test message 7132
Performance test message 7133
Performance test message 7134
Performance test message 7135
Performance test message 7136
Performance test message 7137
Performance test message 7138
Performance test message 7139
Performance test message 7140
Performance test message 7141
Performance test message 7142
Performance test message 7143
Performance test message 7144
Performance test message 7145
Performance test message 7146
Performance test message 7147
Performance test message 7148
Performance test message 7149
Performance test message 7150
Performance test message 7151
Performance test message 7152
Performance test message 7153
Performance test message 7154
Performance test message 7155
Performance test message 7156
Performance test message 7157
Performance test message 7158
Performance test message 7159
Performance test message 7160
Performance test message 7161
Performance test message 7162
Performance test message 7163
Performance test message 7164
Performance test message 7165
Performance test message 7166
Performance test message 7167
Performance test message 7168
Performance test message 7169
Performance test message 7170
Performance test message 7171
Performance test message 7172
Performance test message 7173
Performance test message 7174
Performance test message 7175
Performance test message 7176
Performance test message 7177
Performance test message 7178
Performance test message 7179
Performance test message 7180
Performance test message 7181
Performance test message 7182
Performance test message 7183
Performance test message 7184
Performance test message 7185
Performance test message 7186
Performance test message 7187
Performance test message 7188
Performance test message 7189
Performance test message 7190
Performance test message 7191
Performance test message 7192
Performance test message 7193
Performance test message 7194
Performance test message 7195
Performance test message 7196
Performance test message 7197
Performance test message 7198
Performance test message 7199
Performance test message 7200
Performance test message 7201
Performance test message 7202
Performance test message 7203
Performance test message 7204
Performance test message 7205
Performance test message 7206
Performance test message 7207
Performance test message 7208
Performance test message 7209
Performance test message 7210
Performance test message 7211
Performance test message 7212
Performance test message 7213
Performance test message 7214
Performance test message 7215
Performance test message 7216
Performance test message 7217
Performance test message 7218
Performance test message 7219
Performance test message 7220
Performance test message 7221
Performance test message 7222
Performance test message 7223
Performance test message 7224
Performance test message 7225
Performance test message 7226
Performance test message 7227
Performance test message 7228
Performance test message 7229
Performance test message 7230
Performance test message 7231
Performance test message 7232
Performance test message 7233
Performance test message 7234
Performance test message 7235
Performance test message 7236
Performance test message 7237
Performance test message 7238
Performance test message 7239
Performance test message 7240
Performance test message 7241
Performance test message 7242
Performance test message 7243
Performance test message 7244
Performance test message 7245
Performance test message 7246
Performance test message 7247
Performance test message 7248
Performance test message 7249
Performance test message 7250
Performance test message 7251
Performance test message 7252
Performance test message 7253
Performance test message 7254
Performance test message 7255
Performance test message 7256
Performance test message 7257
Performance test message 7258
Performance test message 7259
Performance test message 7260
Performance test message 7261
Performance test message 7262
Performance test message 7263
Performance test message 7264
Performance test message 7265
Performance test message 7266
Performance test message 7267
Performance test message 7268
Performance test message 7269
Performance test message 7270
Performance test message 7271
Performance test message 7272
Performance test message 7273
Performance test message 7274
Performance test message 7275
Performance test message 7276
Performance test message 7277
Performance test message 7278
Performance test message 7279
Performance test message 7280
Performance test message 7281
Performance test message 7282
Performance test message 7283
Performance test message 7284
Performance test message 7285
Performance test message 7286
Performance test message 7287
Performance test message 7288
Performance test message 7289
Performance test message 7290
Performance test message 7291
Performance test message 7292
Performance test message 7293
Performance test message 7294
Performance test message 7295
Performance test message 7296
Performance test message 7297
Performance test message 7298
Performance test message 7299
Performance test message 7300
Performance test message 7301
Performance test message 7302
Performance test message 7303
Performance test message 7304
Performance test message 7305
Performance test message 7306
Performance test message 7307
Performance test message 7308
Performance test message 7309
Performance test message 7310
Performance test message 7311
Performance test message 7312
Performance test message 7313
Performance test message 7314
Performance test message 7315
Performance test message 7316
Performance test message 7317
Performance test message 7318
Performance test message 7319
Performance test message 7320
Performance test message 7321
Performance test message 7322
Performance test message 7323
Performance test message 7324
Performance test message 7325
Performance test message 7326
Performance test message 7327
Performance test message 7328
Performance test message 7329
Performance test message 7330
Performance test message 7331
Performance test message 7332
Performance test message 7333
Performance test message 7334
Performance test message 7335
Performance test message 7336
Performance test message 7337
Performance test message 7338
Performance test message 7339
Performance test message 7340
Performance test message 7341
Performance test message 7342
Performance test message 7343
Performance test message 7344
Performance test message 7345
Performance test message 7346
Performance test message 7347
Performance test message 7348
Performance test message 7349
Performance test message 7350
Performance test message 7351
Performance test message 7352
Performance test message 7353
Performance test message 7354
Performance test message 7355
Performance test message 7356
Performance test message 7357
Performance test message 7358
Performance test message 7359
Performance test message 7360
Performance test message 7361
Performance test message 7362
Performance test message 7363
Performance test message 7364
Performance test message 7365
Performance test message 7366
Performance test message 7367
Performance test message 7368
Performance test message 7369
Performance test message 7370
Performance test message 7371
Performance test message 7372
Performance test message 7373
Performance test message 7374
Performance test message 7375
Performance test message 7376
Performance test message 7377
Performance test message 7378
Performance test message 7379
Performance test message 7380
Performance test message 7381
Performance test message 7382
Performance test message 7383
Performance test message 7384
Performance test message 7385
Performance test message 7386
Performance test message 7387
Performance test message 7388
Performance test message 7389
Performance test message 7390
Performance test message 7391
Performance test message 7392
Performance test message 7393
Performance test message 7394
Performance test message 7395
Performance test message 7396
Performance test message 7397
Performance test message 7398
Performance test message 7399
Performance test message 7400
Performance test message 7401
Performance test message 7402
Performance test message 7403
Performance test message 7404
Performance test message 7405
Performance test message 7406
Performance test message 7407
Performance test message 7408
Performance test message 7409
Performance test message 7410
Performance test message 7411
Performance test message 7412
Performance test message 7413
Performance test message 7414
Performance test message 7415
Performance test message 7416
Performance test message 7417
Performance test message 7418
Performance test message 7419
Performance test message 7420
Performance test message 7421
Performance test message 7422
Performance test message 7423
Performance test message 7424
Performance test message 7425
Performance test message 7426
Performance test message 7427
Performance test message 7428
Performance test message 7429
Performance test message 7430
Performance test message 7431
Performance test message 7432
Performance test message 7433
Performance test message 7434
Performance test message 7435
Performance test message 7436
Performance test message 7437
Performance test message 7438
Performance test message 7439
Performance test message 7440
Performance test message 7441
Performance test message 7442
Performance test message 7443
Performance test message 7444
Performance test message 7445
Performance test message 7446
Performance test message 7447
Performance test message 7448
Performance test message 7449
Performance test message 7450
Performance test message 7451
Performance test message 7452
Performance test message 7453
Performance test message 7454
Performance test message 7455
Performance test message 7456
Performance test message 7457
Performance test message 7458
Performance test message 7459
Performance test message 7460
Performance test message 7461
Performance test message 7462
Performance test message 7463
Performance test message 7464
Performance test message 7465
Performance test message 7466
Performance test message 7467
Performance test message 7468
Performance test message 7469
Performance test message 7470
Performance test message 7471
Performance test message 7472
Performance test message 7473
Performance test message 7474
Performance test message 7475
Performance test message 7476
Performance test message 7477
Performance test message 7478
Performance test message 7479
Performance test message 7480
Performance test message 7481
Performance test message 7482
Performance test message 7483
Performance test message 7484
Performance test message 7485
Performance test message 7486
Performance test message 7487
Performance test message 7488
Performance test message 7489
Performance test message 7490
Performance test message 7491
Performance test message 7492
Performance test message 7493
Performance test message 7494
Performance test message 7495
Performance test message 7496
Performance test message 7497
Performance test message 7498
Performance test message 7499
Performance test message 7500
Performance test message 7501
Performance test message 7502
Performance test message 7503
Performance test message 7504
Performance test message 7505
Performance test message 7506
Performance test message 7507
Performance test message 7508
Performance test message 7509
Performance test message 7510
Performance test message 7511
Performance test message 7512
Performance test message 7513
Performance test message 7514
Performance test message 7515
Performance test message 7516
Performance test message 7517
Performance test message 7518
Performance test message 7519
Performance test message 7520
Performance test message 7521
Performance test message 7522
Performance test message 7523
Performance test message 7524
Performance test message 7525
Performance test message 7526
Performance test message 7527
Performance test message 7528
Performance test message 7529
Performance test message 7530
Performance test message 7531
Performance test message 7532
Performance test message 7533
Performance test message 7534
Performance test message 7535
Performance test message 7536
Performance test message 7537
Performance test message 7538
Performance test message 7539
Performance test message 7540
Performance test message 7541
Performance test message 7542
Performance test message 7543
Performance test message 7544
Performance test message 7545
Performance test message 7546
Performance test message 7547
Performance test message 7548
Performance test message 7549
Performance test message 7550
Performance test message 7551
Performance test message 7552
Performance test message 7553
Performance test message 7554
Performance test message 7555
Performance test message 7556
Performance test message 7557
Performance test message 7558
Performance test message 7559
Performance test message 7560
Performance test message 7561
Performance test message 7562
Performance test message 7563
Performance test message 7564
Performance test message 7565
Performance test message 7566
Performance test message 7567
Performance test message 7568
Performance test message 7569
Performance test message 7570
Performance test message 7571
Performance test message 7572
Performance test message 7573
Performance test message 7574
Performance test message 7575
Performance test message 7576
Performance test message 7577
Performance test message 7578
Performance test message 7579
Performance test message 7580
Performance test message 7581
Performance test message 7582
Performance test message 7583
Performance test message 7584
Performance test message 7585
Performance test message 7586
Performance test message 7587
Performance test message 7588
Performance test message 7589
Performance test message 7590
Performance test message 7591
Performance test message 7592
Performance test message 7593
Performance test message 7594
Performance test message 7595
Performance test message 7596
Performance test message 7597
Performance test message 7598
Performance test message 7599
Performance test message 7600
Performance test message 7601
Performance test message 7602
Performance test message 7603
Performance test message 7604
Performance test message 7605
Performance test message 7606
Performance test message 7607
Performance test message 7608
Performance test message 7609
Performance test message 7610
Performance test message 7611
Performance test message 7612
Performance test message 7613
Performance test message 7614
Performance test message 7615
Performance test message 7616
Performance test message 7617
Performance test message 7618
Performance test message 7619
Performance test message 7620
Performance test message 7621
Performance test message 7622
Performance test message 7623
Performance test message 7624
Performance test message 7625
Performance test message 7626
Performance test message 7627
Performance test message 7628
Performance test message 7629
Performance test message 7630
Performance test message 7631
Performance test message 7632
Performance test message 7633
Performance test message 7634
Performance test message 7635
Performance test message 7636
Performance test message 7637
Performance test message 7638
Performance test message 7639
Performance test message 7640
Performance test message 7641
Performance test message 7642
Performance test message 7643
Performance test message 7644
Performance test message 7645
Performance test message 7646
Performance test message 7647
Performance test message 7648
Performance test message 7649
Performance test message 7650
Performance test message 7651
Performance test message 7652
Performance test message 7653
Performance test message 7654
Performance test message 7655
Performance test message 7656
Performance test message 7657
Performance test message 7658
Performance test message 7659
Performance test message 7660
Performance test message 7661
Performance test message 7662
Performance test message 7663
Performance test message 7664
Performance test message 7665
Performance test message 7666
Performance test message 7667
Performance test message 7668
Performance test message 7669
Performance test message 7670
Performance test message 7671
Performance test message 7672
Performance test message 7673
Performance test message 7674
Performance test message 7675
Performance test message 7676
Performance test message 7677
Performance test message 7678
Performance test message 7679
Performance test message 7680
Performance test message 7681
Performance test message 7682
Performance test message 7683
Performance test message 7684
Performance test message 7685
Performance test message 7686
Performance test message 7687
Performance test message 7688
Performance test message 7689
Performance test message 7690
Performance test message 7691
Performance test message 7692
Performance test message 7693
Performance test message 7694
Performance test message 7695
Performance test message 7696
Performance test message 7697
Performance test message 7698
Performance test message 7699
Performance test message 7700
Performance test message 7701
Performance test message 7702
Performance test message 7703
Performance test message 7704
Performance test message 7705
Performance test message 7706
Performance test message 7707
Performance test message 7708
Performance test message 7709
Performance test message 7710
Performance test message 7711
Performance test message 7712
Performance test message 7713
Performance test message 7714
Performance test message 7715
Performance test message 7716
Performance test message 7717
Performance test message 7718
Performance test message 7719
Performance test message 7720
Performance test message 7721
Performance test message 7722
Performance test message 7723
Performance test message 7724
Performance test message 7725
Performance test message 7726
Performance test message 7727
Performance test message 7728
Performance test message 7729
Performance test message 7730
Performance test message 7731
Performance test message 7732
Performance test message 7733
Performance test message 7734
Performance test message 7735
Performance test message 7736
Performance test message 7737
Performance test message 7738
Performance test message 7739
Performance test message 7740
Performance test message 7741
Performance test message 7742
Performance test message 7743
Performance test message 7744
Performance test message 7745
Performance test message 7746
Performance test message 7747
Performance test message 7748
Performance test message 7749
Performance test message 7750
Performance test message 7751
Performance test message 7752
Performance test message 7753
Performance test message 7754
Performance test message 7755
Performance test message 7756
Performance test message 7757
Performance test message 7758
Performance test message 7759
Performance test message 7760
Performance test message 7761
Performance test message 7762
Performance test message 7763
Performance test message 7764
Performance test message 7765
Performance test message 7766
Performance test message 7767
Performance test message 7768
Performance test message 7769
Performance test message 7770
Performance test message 7771
Performance test message 7772
Performance test message 7773
Performance test message 7774
Performance test message 7775
Performance test message 7776
Performance test message 7777
Performance test message 7778
Performance test message 7779
Performance test message 7780
Performance test message 7781
Performance test message 7782
Performance test message 7783
Performance test message 7784
Performance test message 7785
Performance test message 7786
Performance test message 7787
Performance test message 7788
Performance test message 7789
Performance test message 7790
Performance test message 7791
Performance test message 7792
Performance test message 7793
Performance test message 7794
Performance test message 7795
Performance test message 7796
Performance test message 7797
Performance test message 7798
Performance test message 7799
Performance test message 7800
Performance test message 7801
Performance test message 7802
Performance test message 7803
Performance test message 7804
Performance test message 7805
Performance test message 7806
Performance test message 7807
Performance test message 7808
Performance test message 7809
Performance test message 7810
Performance test message 7811
Performance test message 7812
Performance test message 7813
Performance test message 7814
Performance test message 7815
Performance test message 7816
Performance test message 7817
Performance test message 7818
Performance test message 7819
Performance test message 7820
Performance test message 7821
Performance test message 7822
Performance test message 7823
Performance test message 7824
Performance test message 7825
Performance test message 7826
Performance test message 7827
Performance test message 7828
Performance test message 7829
Performance test message 7830
Performance test message 7831
Performance test message 7832
Performance test message 7833
Performance test message 7834
Performance test message 7835
Performance test message 7836
Performance test message 7837
Performance test message 7838
Performance test message 7839
Performance test message 7840
Performance test message 7841
Performance test message 7842
Performance test message 7843
Performance test message 7844
Performance test message 7845
Performance test message 7846
Performance test message 7847
Performance test message 7848
Performance test message 7849
Performance test message 7850
Performance test message 7851
Performance test message 7852
Performance test message 7853
Performance test message 7854
Performance test message 7855
Performance test message 7856
Performance test message 7857
Performance test message 7858
Performance test message 7859
Performance test message 7860
Performance test message 7861
Performance test message 7862
Performance test message 7863
Performance test message 7864
Performance test message 7865
Performance test message 7866
Performance test message 7867
Performance test message 7868
Performance test message 7869
Performance test message 7870
Performance test message 7871
Performance test message 7872
Performance test message 7873
Performance test message 7874
Performance test message 7875
Performance test message 7876
Performance test message 7877
Performance test message 7878
Performance test message 7879
Performance test message 7880
Performance test message 7881
Performance test message 7882
Performance test message 7883
Performance test message 7884
Performance test message 7885
Performance test message 7886
Performance test message 7887
Performance test message 7888
Performance test message 7889
Performance test message 7890
Performance test message 7891
Performance test message 7892
Performance test message 7893
Performance test message 7894
Performance test message 7895
Performance test message 7896
Performance test message 7897
Performance test message 7898
Performance test message 7899
Performance test message 7900
Performance test message 7901
Performance test message 7902
Performance test message 7903
Performance test message 7904
Performance test message 7905
Performance test message 7906
Performance test message 7907
Performance test message 7908
Performance test message 7909
Performance test message 7910
Performance test message 7911
Performance test message 7912
Performance test message 7913
Performance test message 7914
Performance test message 7915
Performance test message 7916
Performance test message 7917
Performance test message 7918
Performance test message 7919
Performance test message 7920
Performance test message 7921
Performance test message 7922
Performance test message 7923
Performance test message 7924
Performance test message 7925
Performance test message 7926
Performance test message 7927
Performance test message 7928
Performance test message 7929
Performance test message 7930
Performance test message 7931
Performance test message 7932
Performance test message 7933
Performance test message 7934
Performance test message 7935
Performance test message 7936
Performance test message 7937
Performance test message 7938
Performance test message 7939
Performance test message 7940
Performance test message 7941
Performance test message 7942
Performance test message 7943
Performance test message 7944
Performance test message 7945
Performance test message 7946
Performance test message 7947
Performance test message 7948
Performance test message 7949
Performance test message 7950
Performance test message 7951
Performance test message 7952
Performance test message 7953
Performance test message 7954
Performance test message 7955
Performance test message 7956
Performance test message 7957
Performance test message 7958
Performance test message 7959
Performance test message 7960
Performance test message 7961
Performance test message 7962
Performance test message 7963
Performance test message 7964
Performance test message 7965
Performance test message 7966
Performance test message 7967
Performance test message 7968
Performance test message 7969
Performance test message 7970
Performance test message 7971
Performance test message 7972
Performance test message 7973
Performance test message 7974
Performance test message 7975
Performance test message 7976
Performance test message 7977
Performance test message 7978
Performance test message 7979
Performance test message 7980
Performance test message 7981
Performance test message 7982
Performance test message 7983
Performance test message 7984
Performance test message 7985
Performance test message 7986
Performance test message 7987
Performance test message 7988
Performance test message 7989
Performance test message 7990
Performance test message 7991
Performance test message 7992
Performance test message 7993
Performance test message 7994
Performance test message 7995
Performance test message 7996
Performance test message 7997
Performance test message 7998
Performance test message 7999
Performance test message 8000
Performance test message 8001
Performance test message 8002
Performance test message 8003
Performance test message 8004
Performance test message 8005
Performance test message 8006
Performance test message 8007
Performance test message 8008
Performance test message 8009
Performance test message 8010
Performance test message 8011
Performance test message 8012
Performance test message 8013
Performance test message 8014
Performance test message 8015
Performance test message 8016
Performance test message 8017
Performance test message 8018
Performance test message 8019
Performance test message 8020
Performance test message 8021
Performance test message 8022
Performance test message 8023
Performance test message 8024
Performance test message 8025
Performance test message 8026
Performance test message 8027
Performance test message 8028
Performance test message 8029
Performance test message 8030
Performance test message 8031
Performance test message 8032
Performance test message 8033
Performance test message 8034
Performance test message 8035
Performance test message 8036
Performance test message 8037
Performance test message 8038
Performance test message 8039
Performance test message 8040
Performance test message 8041
Performance test message 8042
Performance test message 8043
Performance test message 8044
Performance test message 8045
Performance test message 8046
Performance test message 8047
Performance test message 8048
Performance test message 8049
Performance test message 8050
Performance test message 8051
Performance test message 8052
Performance test message 8053
Performance test message 8054
Performance test message 8055
Performance test message 8056
Performance test message 8057
Performance test message 8058
Performance test message 8059
Performance test message 8060
Performance test message 8061
Performance test message 8062
Performance test message 8063
Performance test message 8064
Performance test message 8065
Performance test message 8066
Performance test message 8067
Performance test message 8068
Performance test message 8069
Performance test message 8070
Performance test message 8071
Performance test message 8072
Performance test message 8073
Performance test message 8074
Performance test message 8075
Performance test message 8076
Performance test message 8077
Performance test message 8078
Performance test message 8079
Performance test message 8080
Performance test message 8081
Performance test message 8082
Performance test message 8083
Performance test message 8084
Performance test message 8085
Performance test message 8086
Performance test message 8087
Performance test message 8088
Performance test message 8089
Performance test message 8090
Performance test message 8091
Performance test message 8092
Performance test message 8093
Performance test message 8094
Performance test message 8095
Performance test message 8096
Performance test message 8097
Performance test message 8098
Performance test message 8099
Performance test message 8100
Performance test message 8101
Performance test message 8102
Performance test message 8103
Performance test message 8104
Performance test message 8105
Performance test message 8106
Performance test message 8107
Performance test message 8108
Performance test message 8109
Performance test message 8110
Performance test message 8111
Performance test message 8112
Performance test message 8113
Performance test message 8114
Performance test message 8115
Performance test message 8116
Performance test message 8117
Performance test message 8118
Performance test message 8119
Performance test message 8120
Performance test message 8121
Performance test message 8122
Performance test message 8123
Performance test message 8124
Performance test message 8125
Performance test message 8126
Performance test message 8127
Performance test message 8128
Performance test message 8129
Performance test message 8130
Performance test message 8131
Performance test message 8132
Performance test message 8133
Performance test message 8134
Performance test message 8135
Performance test message 8136
Performance test message 8137
Performance test message 8138
Performance test message 8139
Performance test message 8140
Performance test message 8141
Performance test message 8142
Performance test message 8143
Performance test message 8144
Performance test message 8145
Performance test message 8146
Performance test message 8147
Performance test message 8148
Performance test message 8149
Performance test message 8150
Performance test message 8151
Performance test message 8152
Performance test message 8153
Performance test message 8154
Performance test message 8155
Performance test message 8156
Performance test message 8157
Performance test message 8158
Performance test message 8159
Performance test message 8160
Performance test message 8161
Performance test message 8162
Performance test message 8163
Performance test message 8164
Performance test message 8165
Performance test message 8166
Performance test message 8167
Performance test message 8168
Performance test message 8169
Performance test message 8170
Performance test message 8171
Performance test message 8172
Performance test message 8173
Performance test message 8174
Performance test message 8175
Performance test message 8176
Performance test message 8177
Performance test message 8178
Performance test message 8179
Performance test message 8180
Performance test message 8181
Performance test message 8182
Performance test message 8183
Performance test message 8184
Performance test message 8185
Performance test message 8186
Performance test message 8187
Performance test message 8188
Performance test message 8189
Performance test message 8190
Performance test message 8191
Performance test message 8192
Performance test message 8193
Performance test message 8194
Performance test message 8195
Performance test message 8196
Performance test message 8197
Performance test message 8198
Performance test message 8199
Performance test message 8200
Performance test message 8201
Performance test message 8202
Performance test message 8203
Performance test message 8204
Performance test message 8205
Performance test message 8206
Performance test message 8207
Performance test message 8208
Performance test message 8209
Performance test message 8210
Performance test message 8211
Performance test message 8212
Performance test message 8213
Performance test message 8214
Performance test message 8215
Performance test message 8216
Performance test message 8217
Performance test message 8218
Performance test message 8219
Performance test message 8220
Performance test message 8221
Performance test message 8222
Performance test message 8223
Performance test message 8224
Performance test message 8225
Performance test message 8226
Performance test message 8227
Performance test message 8228
Performance test message 8229
Performance test message 8230
Performance test message 8231
Performance test message 8232
Performance test message 8233
Performance test message 8234
Performance test message 8235
Performance test message 8236
Performance test message 8237
Performance test message 8238
Performance test message 8239
Performance test message 8240
Performance test message 8241
Performance test message 8242
Performance test message 8243
Performance test message 8244
Performance test message 8245
Performance test message 8246
Performance test message 8247
Performance test message 8248
Performance test message 8249
Performance test message 8250
Performance test message 8251
Performance test message 8252
Performance test message 8253
Performance test message 8254
Performance test message 8255
Performance test message 8256
Performance test message 8257
Performance test message 8258
Performance test message 8259
Performance test message 8260
Performance test message 8261
Performance test message 8262
Performance test message 8263
Performance test message 8264
Performance test message 8265
Performance test message 8266
Performance test message 8267
Performance test message 8268
Performance test message 8269
Performance test message 8270
Performance test message 8271
Performance test message 8272
Performance test message 8273
Performance test message 8274
Performance test message 8275
Performance test message 8276
Performance test message 8277
Performance test message 8278
Performance test message 8279
Performance test message 8280
Performance test message 8281
Performance test message 8282
Performance test message 8283
Performance test message 8284
Performance test message 8285
Performance test message 8286
Performance test message 8287
Performance test message 8288
Performance test message 8289
Performance test message 8290
Performance test message 8291
Performance test message 8292
Performance test message 8293
Performance test message 8294
Performance test message 8295
Performance test message 8296
Performance test message 8297
Performance test message 8298
Performance test message 8299
Performance test message 8300
Performance test message 8301
Performance test message 8302
Performance test message 8303
Performance test message 8304
Performance test message 8305
Performance test message 8306
Performance test message 8307
Performance test message 8308
Performance test message 8309
Performance test message 8310
Performance test message 8311
Performance test message 8312
Performance test message 8313
Performance test message 8314
Performance test message 8315
Performance test message 8316
Performance test message 8317
Performance test message 8318
Performance test message 8319
Performance test message 8320
Performance test message 8321
Performance test message 8322
Performance test message 8323
Performance test message 8324
Performance test message 8325
Performance test message 8326
Performance test message 8327
Performance test message 8328
Performance test message 8329
Performance test message 8330
Performance test message 8331
Performance test message 8332
Performance test message 8333
Performance test message 8334
Performance test message 8335
Performance test message 8336
Performance test message 8337
Performance test message 8338
Performance test message 8339
Performance test message 8340
Performance test message 8341
Performance test message 8342
Performance test message 8343
Performance test message 8344
Performance test message 8345
Performance test message 8346
Performance test message 8347
Performance test message 8348
Performance test message 8349
Performance test message 8350
Performance test message 8351
Performance test message 8352
Performance test message 8353
Performance test message 8354
Performance test message 8355
Performance test message 8356
Performance test message 8357
Performance test message 8358
Performance test message 8359
Performance test message 8360
Performance test message 8361
Performance test message 8362
Performance test message 8363
Performance test message 8364
Performance test message 8365
Performance test message 8366
Performance test message 8367
Performance test message 8368
Performance test message 8369
Performance test message 8370
Performance test message 8371
Performance test message 8372
Performance test message 8373
Performance test message 8374
Performance test message 8375
Performance test message 8376
Performance test message 8377
Performance test message 8378
Performance test message 8379
Performance test message 8380
Performance test message 8381
Performance test message 8382
Performance test message 8383
Performance test message 8384
Performance test message 8385
Performance test message 8386
Performance test message 8387
Performance test message 8388
Performance test message 8389
Performance test message 8390
Performance test message 8391
Performance test message 8392
Performance test message 8393
Performance test message 8394
Performance test message 8395
Performance test message 8396
Performance test message 8397
Performance test message 8398
Performance test message 8399
Performance test message 8400
Performance test message 8401
Performance test message 8402
Performance test message 8403
Performance test message 8404
Performance test message 8405
Performance test message 8406
Performance test message 8407
Performance test message 8408
Performance test message 8409
Performance test message 8410
Performance test message 8411
Performance test message 8412
Performance test message 8413
Performance test message 8414
Performance test message 8415
Performance test message 8416
Performance test message 8417
Performance test message 8418
Performance test message 8419
Performance test message 8420
Performance test message 8421
Performance test message 8422
Performance test message 8423
Performance test message 8424
Performance test message 8425
Performance test message 8426
Performance test message 8427
Performance test message 8428
Performance test message 8429
Performance test message 8430
Performance test message 8431
Performance test message 8432
Performance test message 8433
Performance test message 8434
Performance test message 8435
Performance test message 8436
Performance test message 8437
Performance test message 8438
Performance test message 8439
Performance test message 8440
Performance test message 8441
Performance test message 8442
Performance test message 8443
Performance test message 8444
Performance test message 8445
Performance test message 8446
Performance test message 8447
Performance test message 8448
Performance test message 8449
Performance test message 8450
Performance test message 8451
Performance test message 8452
Performance test message 8453
Performance test message 8454
Performance test message 8455
Performance test message 8456
Performance test message 8457
Performance test message 8458
Performance test message 8459
Performance test message 8460
Performance test message 8461
Performance test message 8462
Performance test message 8463
Performance test message 8464
Performance test message 8465
Performance test message 8466
Performance test message 8467
Performance test message 8468
Performance test message 8469
Performance test message 8470
Performance test message 8471
Performance test message 8472
Performance test message 8473
Performance test message 8474
Performance test message 8475
Performance test message 8476
Performance test message 8477
Performance test message 8478
Performance test message 8479
Performance test message 8480
Performance test message 8481
Performance test message 8482
Performance test message 8483
Performance test message 8484
Performance test message 8485
Performance test message 8486
Performance test message 8487
Performance test message 8488
Performance test message 8489
Performance test message 8490
Performance test message 8491
Performance test message 8492
Performance test message 8493
Performance test message 8494
Performance test message 8495
Performance test message 8496
Performance test message 8497
Performance test message 8498
Performance test message 8499
Performance test message 8500
Performance test message 8501
Performance test message 8502
Performance test message 8503
Performance test message 8504
Performance test message 8505
Performance test message 8506
Performance test message 8507
Performance test message 8508
Performance test message 8509
Performance test message 8510
Performance test message 8511
Performance test message 8512
Performance test message 8513
Performance test message 8514
Performance test message 8515
Performance test message 8516
Performance test message 8517
Performance test message 8518
Performance test message 8519
Performance test message 8520
Performance test message 8521
Performance test message 8522
Performance test message 8523
Performance test message 8524
Performance test message 8525
Performance test message 8526
Performance test message 8527
Performance test message 8528
Performance test message 8529
Performance test message 8530
Performance test message 8531
Performance test message 8532
Performance test message 8533
Performance test message 8534
Performance test message 8535
Performance test message 8536
Performance test message 8537
Performance test message 8538
Performance test message 8539
Performance test message 8540
Performance test message 8541
Performance test message 8542
Performance test message 8543
Performance test message 8544
Performance test message 8545
Performance test message 8546
Performance test message 8547
Performance test message 8548
Performance test message 8549
Performance test message 8550
Performance test message 8551
Performance test message 8552
Performance test message 8553
Performance test message 8554
Performance test message 8555
Performance test message 8556
Performance test message 8557
Performance test message 8558
Performance test message 8559
Performance test message 8560
Performance test message 8561
Performance test message 8562
Performance test message 8563
Performance test message 8564
Performance test message 8565
Performance test message 8566
Performance test message 8567
Performance test message 8568
Performance test message 8569
Performance test message 8570
Performance test message 8571
Performance test message 8572
Performance test message 8573
Performance test message 8574
Performance test message 8575
Performance test message 8576
Performance test message 8577
Performance test message 8578
Performance test message 8579
Performance test message 8580
Performance test message 8581
Performance test message 8582
Performance test message 8583
Performance test message 8584
Performance test message 8585
Performance test message 8586
Performance test message 8587
Performance test message 8588
Performance test message 8589
Performance test message 8590
Performance test message 8591
Performance test message 8592
Performance test message 8593
Performance test message 8594
Performance test message 8595
Performance test message 8596
Performance test message 8597
Performance test message 8598
Performance test message 8599
Performance test message 8600
Performance test message 8601
Performance test message 8602
Performance test message 8603
Performance test message 8604
Performance test message 8605
Performance test message 8606
Performance test message 8607
Performance test message 8608
Performance test message 8609
Performance test message 8610
Performance test message 8611
Performance test message 8612
Performance test message 8613
Performance test message 8614
Performance test message 8615
Performance test message 8616
Performance test message 8617
Performance test message 8618
Performance test message 8619
Performance test message 8620
Performance test message 8621
Performance test message 8622
Performance test message 8623
Performance test message 8624
Performance test message 8625
Performance test message 8626
Performance test message 8627
Performance test message 8628
Performance test message 8629
Performance test message 8630
Performance test message 8631
Performance test message 8632
Performance test message 8633
Performance test message 8634
Performance test message 8635
Performance test message 8636
Performance test message 8637
Performance test message 8638
Performance test message 8639
Performance test message 8640
Performance test message 8641
Performance test message 8642
Performance test message 8643
Performance test message 8644
Performance test message 8645
Performance test message 8646
Performance test message 8647
Performance test message 8648
Performance test message 8649
Performance test message 8650
Performance test message 8651
Performance test message 8652
Performance test message 8653
Performance test message 8654
Performance test message 8655
Performance test message 8656
Performance test message 8657
Performance test message 8658
Performance test message 8659
Performance test message 8660
Performance test message 8661
Performance test message 8662
Performance test message 8663
Performance test message 8664
Performance test message 8665
Performance test message 8666
Performance test message 8667
Performance test message 8668
Performance test message 8669
Performance test message 8670
Performance test message 8671
Performance test message 8672
Performance test message 8673
Performance test message 8674
Performance test message 8675
Performance test message 8676
Performance test message 8677
Performance test message 8678
Performance test message 8679
Performance test message 8680
Performance test message 8681
Performance test message 8682
Performance test message 8683
Performance test message 8684
Performance test message 8685
Performance test message 8686
Performance test message 8687
Performance test message 8688
Performance test message 8689
Performance test message 8690
Performance test message 8691
Performance test message 8692
Performance test message 8693
Performance test message 8694
Performance test message 8695
Performance test message 8696
Performance test message 8697
Performance test message 8698
Performance test message 8699
Performance test message 8700
Performance test message 8701
Performance test message 8702
Performance test message 8703
Performance test message 8704
Performance test message 8705
Performance test message 8706
Performance test message 8707
Performance test message 8708
Performance test message 8709
Performance test message 8710
Performance test message 8711
Performance test message 8712
Performance test message 8713
Performance test message 8714
Performance test message 8715
Performance test message 8716
Performance test message 8717
Performance test message 8718
Performance test message 8719
Performance test message 8720
Performance test message 8721
Performance test message 8722
Performance test message 8723
Performance test message 8724
Performance test message 8725
Performance test message 8726
Performance test message 8727
Performance test message 8728
Performance test message 8729
Performance test message 8730
Performance test message 8731
Performance test message 8732
Performance test message 8733
Performance test message 8734
Performance test message 8735
Performance test message 8736
Performance test message 8737
Performance test message 8738
Performance test message 8739
Performance test message 8740
Performance test message 8741
Performance test message 8742
Performance test message 8743
Performance test message 8744
Performance test message 8745
Performance test message 8746
Performance test message 8747
Performance test message 8748
Performance test message 8749
Performance test message 8750
Performance test message 8751
Performance test message 8752
Performance test message 8753
Performance test message 8754
Performance test message 8755
Performance test message 8756
Performance test message 8757
Performance test message 8758
Performance test message 8759
Performance test message 8760
Performance test message 8761
Performance test message 8762
Performance test message 8763
Performance test message 8764
Performance test message 8765
Performance test message 8766
Performance test message 8767
Performance test message 8768
Performance test message 8769
Performance test message 8770
Performance test message 8771
Performance test message 8772
Performance test message 8773
Performance test message 8774
Performance test message 8775
Performance test message 8776
Performance test message 8777
Performance test message 8778
Performance test message 8779
Performance test message 8780
Performance test message 8781
Performance test message 8782
Performance test message 8783
Performance test message 8784
Performance test message 8785
Performance test message 8786
Performance test message 8787
Performance test message 8788
Performance test message 8789
Performance test message 8790
Performance test message 8791
Performance test message 8792
Performance test message 8793
Performance test message 8794
Performance test message 8795
Performance test message 8796
Performance test message 8797
Performance test message 8798
Performance test message 8799
Performance test message 8800
Performance test message 8801
Performance test message 8802
Performance test message 8803
Performance test message 8804
Performance test message 8805
Performance test message 8806
Performance test message 8807
Performance test message 8808
Performance test message 8809
Performance test message 8810
Performance test message 8811
Performance test message 8812
Performance test message 8813
Performance test message 8814
Performance test message 8815
Performance test message 8816
Performance test message 8817
Performance test message 8818
Performance test message 8819
Performance test message 8820
Performance test message 8821
Performance test message 8822
Performance test message 8823
Performance test message 8824
Performance test message 8825
Performance test message 8826
Performance test message 8827
Performance test message 8828
Performance test message 8829
Performance test message 8830
Performance test message 8831
Performance test message 8832
Performance test message 8833
Performance test message 8834
Performance test message 8835
Performance test message 8836
Performance test message 8837
Performance test message 8838
Performance test message 8839
Performance test message 8840
Performance test message 8841
Performance test message 8842
Performance test message 8843
Performance test message 8844
Performance test message 8845
Performance test message 8846
Performance test message 8847
Performance test message 8848
Performance test message 8849
Performance test message 8850
Performance test message 8851
Performance test message 8852
Performance test message 8853
Performance test message 8854
Performance test message 8855
Performance test message 8856
Performance test message 8857
Performance test message 8858
Performance test message 8859
Performance test message 8860
Performance test message 8861
Performance test message 8862
Performance test message 8863
Performance test message 8864
Performance test message 8865
Performance test message 8866
Performance test message 8867
Performance test message 8868
Performance test message 8869
Performance test message 8870
Performance test message 8871
Performance test message 8872
Performance test message 8873
Performance test message 8874
Performance test message 8875
Performance test message 8876
Performance test message 8877
Performance test message 8878
Performance test message 8879
Performance test message 8880
Performance test message 8881
Performance test message 8882
Performance test message 8883
Performance test message 8884
Performance test message 8885
Performance test message 8886
Performance test message 8887
Performance test message 8888
Performance test message 8889
Performance test message 8890
Performance test message 8891
Performance test message 8892
Performance test message 8893
Performance test message 8894
Performance test message 8895
Performance test message 8896
Performance test message 8897
Performance test message 8898
Performance test message 8899
Performance test message 8900
Performance test message 8901
Performance test message 8902
Performance test message 8903
Performance test message 8904
Performance test message 8905
Performance test message 8906
Performance test message 8907
Performance test message 8908
Performance test message 8909
Performance test message 8910
Performance test message 8911
Performance test message 8912
Performance test message 8913
Performance test message 8914
Performance test message 8915
Performance test message 8916
Performance test message 8917
Performance test message 8918
Performance test message 8919
Performance test message 8920
Performance test message 8921
Performance test message 8922
Performance test message 8923
Performance test message 8924
Performance test message 8925
Performance test message 8926
Performance test message 8927
Performance test message 8928
Performance test message 8929
Performance test message 8930
Performance test message 8931
Performance test message 8932
Performance test message 8933
Performance test message 8934
Performance test message 8935
Performance test message 8936
Performance test message 8937
Performance test message 8938
Performance test message 8939
Performance test message 8940
Performance test message 8941
Performance test message 8942
Performance test message 8943
Performance test message 8944
Performance test message 8945
Performance test message 8946
Performance test message 8947
Performance test message 8948
Performance test message 8949
Performance test message 8950
Performance test message 8951
Performance test message 8952
Performance test message 8953
Performance test message 8954
Performance test message 8955
Performance test message 8956
Performance test message 8957
Performance test message 8958
Performance test message 8959
Performance test message 8960
Performance test message 8961
Performance test message 8962
Performance test message 8963
Performance test message 8964
Performance test message 8965
Performance test message 8966
Performance test message 8967
Performance test message 8968
Performance test message 8969
Performance test message 8970
Performance test message 8971
Performance test message 8972
Performance test message 8973
Performance test message 8974
Performance test message 8975
Performance test message 8976
Performance test message 8977
Performance test message 8978
Performance test message 8979
Performance test message 8980
Performance test message 8981
Performance test message 8982
Performance test message 8983
Performance test message 8984
Performance test message 8985
Performance test message 8986
Performance test message 8987
Performance test message 8988
Performance test message 8989
Performance test message 8990
Performance test message 8991
Performance test message 8992
Performance test message 8993
Performance test message 8994
Performance test message 8995
Performance test message 8996
Performance test message 8997
Performance test message 8998
Performance test message 8999
Performance test message 9000
Performance test message 9001
Performance test message 9002
Performance test message 9003
Performance test message 9004
Performance test message 9005
Performance test message 9006
Performance test message 9007
Performance test message 9008
Performance test message 9009
Performance test message 9010
Performance test message 9011
Performance test message 9012
Performance test message 9013
Performance test message 9014
Performance test message 9015
Performance test message 9016
Performance test message 9017
Performance test message 9018
Performance test message 9019
Performance test message 9020
Performance test message 9021
Performance test message 9022
Performance test message 9023
Performance test message 9024
Performance test message 9025
Performance test message 9026
Performance test message 9027
Performance test message 9028
Performance test message 9029
Performance test message 9030
Performance test message 9031
Performance test message 9032
Performance test message 9033
Performance test message 9034
Performance test message 9035
Performance test message 9036
Performance test message 9037
Performance test message 9038
Performance test message 9039
Performance test message 9040
Performance test message 9041
Performance test message 9042
Performance test message 9043
Performance test message 9044
Performance test message 9045
Performance test message 9046
Performance test message 9047
Performance test message 9048
Performance test message 9049
Performance test message 9050
Performance test message 9051
Performance test message 9052
Performance test message 9053
Performance test message 9054
Performance test message 9055
Performance test message 9056
Performance test message 9057
Performance test message 9058
Performance test message 9059
Performance test message 9060
Performance test message 9061
Performance test message 9062
Performance test message 9063
Performance test message 9064
Performance test message 9065
Performance test message 9066
Performance test message 9067
Performance test message 9068
Performance test message 9069
Performance test message 9070
Performance test message 9071
Performance test message 9072
Performance test message 9073
Performance test message 9074
Performance test message 9075
Performance test message 9076
Performance test message 9077
Performance test message 9078
Performance test message 9079
Performance test message 9080
Performance test message 9081
Performance test message 9082
Performance test message 9083
Performance test message 9084
Performance test message 9085
Performance test message 9086
Performance test message 9087
Performance test message 9088
Performance test message 9089
Performance test message 9090
Performance test message 9091
Performance test message 9092
Performance test message 9093
Performance test message 9094
Performance test message 9095
Performance test message 9096
Performance test message 9097
Performance test message 9098
Performance test message 9099
Performance test message 9100
Performance test message 9101
Performance test message 9102
Performance test message 9103
Performance test message 9104
Performance test message 9105
Performance test message 9106
Performance test message 9107
Performance test message 9108
Performance test message 9109
Performance test message 9110
Performance test message 9111
Performance test message 9112
Performance test message 9113
Performance test message 9114
Performance test message 9115
Performance test message 9116
Performance test message 9117
Performance test message 9118
Performance test message 9119
Performance test message 9120
Performance test message 9121
Performance test message 9122
Performance test message 9123
Performance test message 9124
Performance test message 9125
Performance test message 9126
Performance test message 9127
Performance test message 9128
Performance test message 9129
Performance test message 9130
Performance test message 9131
Performance test message 9132
Performance test message 9133
Performance test message 9134
Performance test message 9135
Performance test message 9136
Performance test message 9137
Performance test message 9138
Performance test message 9139
Performance test message 9140
Performance test message 9141
Performance test message 9142
Performance test message 9143
Performance test message 9144
Performance test message 9145
Performance test message 9146
Performance test message 9147
Performance test message 9148
Performance test message 9149
Performance test message 9150
Performance test message 9151
Performance test message 9152
Performance test message 9153
Performance test message 9154
Performance test message 9155
Performance test message 9156
Performance test message 9157
Performance test message 9158
Performance test message 9159
Performance test message 9160
Performance test message 9161
Performance test message 9162
Performance test message 9163
Performance test message 9164
Performance test message 9165
Performance test message 9166
Performance test message 9167
Performance test message 9168
Performance test message 9169
Performance test message 9170
Performance test message 9171
Performance test message 9172
Performance test message 9173
Performance test message 9174
Performance test message 9175
Performance test message 9176
Performance test message 9177
Performance test message 9178
Performance test message 9179
Performance test message 9180
Performance test message 9181
Performance test message 9182
Performance test message 9183
Performance test message 9184
Performance test message 9185
Performance test message 9186
Performance test message 9187
Performance test message 9188
Performance test message 9189
Performance test message 9190
Performance test message 9191
Performance test message 9192
Performance test message 9193
Performance test message 9194
Performance test message 9195
Performance test message 9196
Performance test message 9197
Performance test message 9198
Performance test message 9199
Performance test message 9200
Performance test message 9201
Performance test message 9202
Performance test message 9203
Performance test message 9204
Performance test message 9205
Performance test message 9206
Performance test message 9207
Performance test message 9208
Performance test message 9209
Performance test message 9210
Performance test message 9211
Performance test message 9212
Performance test message 9213
Performance test message 9214
Performance test message 9215
Performance test message 9216
Performance test message 9217
Performance test message 9218
Performance test message 9219
Performance test message 9220
Performance test message 9221
Performance test message 9222
Performance test message 9223
Performance test message 9224
Performance test message 9225
Performance test message 9226
Performance test message 9227
Performance test message 9228
Performance test message 9229
Performance test message 9230
Performance test message 9231
Performance test message 9232
Performance test message 9233
Performance test message 9234
Performance test message 9235
Performance test message 9236
Performance test message 9237
Performance test message 9238
Performance test message 9239
Performance test message 9240
Performance test message 9241
Performance test message 9242
Performance test message 9243
Performance test message 9244
Performance test message 9245
Performance test message 9246
Performance test message 9247
Performance test message 9248
Performance test message 9249
Performance test message 9250
Performance test message 9251
Performance test message 9252
Performance test message 9253
Performance test message 9254
Performance test message 9255
Performance test message 9256
Performance test message 9257
Performance test message 9258
Performance test message 9259
Performance test message 9260
Performance test message 9261
Performance test message 9262
Performance test message 9263
Performance test message 9264
Performance test message 9265
Performance test message 9266
Performance test message 9267
Performance test message 9268
Performance test message 9269
Performance test message 9270
Performance test message 9271
Performance test message 9272
Performance test message 9273
Performance test message 9274
Performance test message 9275
Performance test message 9276
Performance test message 9277
Performance test message 9278
Performance test message 9279
Performance test message 9280
Performance test message 9281
Performance test message 9282
Performance test message 9283
Performance test message 9284
Performance test message 9285
Performance test message 9286
Performance test message 9287
Performance test message 9288
Performance test message 9289
Performance test message 9290
Performance test message 9291
Performance test message 9292
Performance test message 9293
Performance test message 9294
Performance test message 9295
Performance test message 9296
Performance test message 9297
Performance test message 9298
Performance test message 9299
Performance test message 9300
Performance test message 9301
Performance test message 9302
Performance test message 9303
Performance test message 9304
Performance test message 9305
Performance test message 9306
Performance test message 9307
Performance test message 9308
Performance test message 9309
Performance test message 9310
Performance test message 9311
Performance test message 9312
Performance test message 9313
Performance test message 9314
Performance test message 9315
Performance test message 9316
Performance test message 9317
Performance test message 9318
Performance test message 9319
Performance test message 9320
Performance test message 9321
Performance test message 9322
Performance test message 9323
Performance test message 9324
Performance test message 9325
Performance test message 9326
Performance test message 9327
Performance test message 9328
Performance test message 9329
Performance test message 9330
Performance test message 9331
Performance test message 9332
Performance test message 9333
Performance test message 9334
Performance test message 9335
Performance test message 9336
Performance test message 9337
Performance test message 9338
Performance test message 9339
Performance test message 9340
Performance test message 9341
Performance test message 9342
Performance test message 9343
Performance test message 9344
Performance test message 9345
Performance test message 9346
Performance test message 9347
Performance test message 9348
Performance test message 9349
Performance test message 9350
Performance test message 9351
Performance test message 9352
Performance test message 9353
Performance test message 9354
Performance test message 9355
Performance test message 9356
Performance test message 9357
Performance test message 9358
Performance test message 9359
Performance test message 9360
Performance test message 9361
Performance test message 9362
Performance test message 9363
Performance test message 9364
Performance test message 9365
Performance test message 9366
Performance test message 9367
Performance test message 9368
Performance test message 9369
Performance test message 9370
Performance test message 9371
Performance test message 9372
Performance test message 9373
Performance test message 9374
Performance test message 9375
Performance test message 9376
Performance test message 9377
Performance test message 9378
Performance test message 9379
Performance test message 9380
Performance test message 9381
Performance test message 9382
Performance test message 9383
Performance test message 9384
Performance test message 9385
Performance test message 9386
Performance test message 9387
Performance test message 9388
Performance test message 9389
Performance test message 9390
Performance test message 9391
Performance test message 9392
Performance test message 9393
Performance test message 9394
Performance test message 9395
Performance test message 9396
Performance test message 9397
Performance test message 9398
Performance test message 9399
Performance test message 9400
Performance test message 9401
Performance test message 9402
Performance test message 9403
Performance test message 9404
Performance test message 9405
Performance test message 9406
Performance test message 9407
Performance test message 9408
Performance test message 9409
Performance test message 9410
Performance test message 9411
Performance test message 9412
Performance test message 9413
Performance test message 9414
Performance test message 9415
Performance test message 9416
Performance test message 9417
Performance test message 9418
Performance test message 9419
Performance test message 9420
Performance test message 9421
Performance test message 9422
Performance test message 9423
Performance test message 9424
Performance test message 9425
Performance test message 9426
Performance test message 9427
Performance test message 9428
Performance test message 9429
Performance test message 9430
Performance test message 9431
Performance test message 9432
Performance test message 9433
Performance test message 9434
Performance test message 9435
Performance test message 9436
Performance test message 9437
Performance test message 9438
Performance test message 9439
Performance test message 9440
Performance test message 9441
Performance test message 9442
Performance test message 9443
Performance test message 9444
Performance test message 9445
Performance test message 9446
Performance test message 9447
Performance test message 9448
Performance test message 9449
Performance test message 9450
Performance test message 9451
Performance test message 9452
Performance test message 9453
Performance test message 9454
Performance test message 9455
Performance test message 9456
Performance test message 9457
Performance test message 9458
Performance test message 9459
Performance test message 9460
Performance test message 9461
Performance test message 9462
Performance test message 9463
Performance test message 9464
Performance test message 9465
Performance test message 9466
Performance test message 9467
Performance test message 9468
Performance test message 9469
Performance test message 9470
Performance test message 9471
Performance test message 9472
Performance test message 9473
Performance test message 9474
Performance test message 9475
Performance test message 9476
Performance test message 9477
Performance test message 9478
Performance test message 9479
Performance test message 9480
Performance test message 9481
Performance test message 9482
Performance test message 9483
Performance test message 9484
Performance test message 9485
Performance test message 9486
Performance test message 9487
Performance test message 9488
Performance test message 9489
Performance test message 9490
Performance test message 9491
Performance test message 9492
Performance test message 9493
Performance test message 9494
Performance test message 9495
Performance test message 9496
Performance test message 9497
Performance test message 9498
Performance test message 9499
Performance test message 9500
Performance test message 9501
Performance test message 9502
Performance test message 9503
Performance test message 9504
Performance test message 9505
Performance test message 9506
Performance test message 9507
Performance test message 9508
Performance test message 9509
Performance test message 9510
Performance test message 9511
Performance test message 9512
Performance test message 9513
Performance test message 9514
Performance test message 9515
Performance test message 9516
Performance test message 9517
Performance test message 9518
Performance test message 9519
Performance test message 9520
Performance test message 9521
Performance test message 9522
Performance test message 9523
Performance test message 9524
Performance test message 9525
Performance test message 9526
Performance test message 9527
Performance test message 9528
Performance test message 9529
Performance test message 9530
Performance test message 9531
Performance test message 9532
Performance test message 9533
Performance test message 9534
Performance test message 9535
Performance test message 9536
Performance test message 9537
Performance test message 9538
Performance test message 9539
Performance test message 9540
Performance test message 9541
Performance test message 9542
Performance test message 9543
Performance test message 9544
Performance test message 9545
Performance test message 9546
Performance test message 9547
Performance test message 9548
Performance test message 9549
Performance test message 9550
Performance test message 9551
Performance test message 9552
Performance test message 9553
Performance test message 9554
Performance test message 9555
Performance test message 9556
Performance test message 9557
Performance test message 9558
Performance test message 9559
Performance test message 9560
Performance test message 9561
Performance test message 9562
Performance test message 9563
Performance test message 9564
Performance test message 9565
Performance test message 9566
Performance test message 9567
Performance test message 9568
Performance test message 9569
Performance test message 9570
Performance test message 9571
Performance test message 9572
Performance test message 9573
Performance test message 9574
Performance test message 9575
Performance test message 9576
Performance test message 9577
Performance test message 9578
Performance test message 9579
Performance test message 9580
Performance test message 9581
Performance test message 9582
Performance test message 9583
Performance test message 9584
Performance test message 9585
Performance test message 9586
Performance test message 9587
Performance test message 9588
Performance test message 9589
Performance test message 9590
Performance test message 9591
Performance test message 9592
Performance test message 9593
Performance test message 9594
Performance test message 9595
Performance test message 9596
Performance test message 9597
Performance test message 9598
Performance test message 9599
Performance test message 9600
Performance test message 9601
Performance test message 9602
Performance test message 9603
Performance test message 9604
Performance test message 9605
Performance test message 9606
Performance test message 9607
Performance test message 9608
Performance test message 9609
Performance test message 9610
Performance test message 9611
Performance test message 9612
Performance test message 9613
Performance test message 9614
Performance test message 9615
Performance test message 9616
Performance test message 9617
Performance test message 9618
Performance test message 9619
Performance test message 9620
Performance test message 9621
Performance test message 9622
Performance test message 9623
Performance test message 9624
Performance test message 9625
Performance test message 9626
Performance test message 9627
Performance test message 9628
Performance test message 9629
Performance test message 9630
Performance test message 9631
Performance test message 9632
Performance test message 9633
Performance test message 9634
Performance test message 9635
Performance test message 9636
Performance test message 9637
Performance test message 9638
Performance test message 9639
Performance test message 9640
Performance test message 9641
Performance test message 9642
Performance test message 9643
Performance test message 9644
Performance test message 9645
Performance test message 9646
Performance test message 9647
Performance test message 9648
Performance test message 9649
Performance test message 9650
Performance test message 9651
Performance test message 9652
Performance test message 9653
Performance test message 9654
Performance test message 9655
Performance test message 9656
Performance test message 9657
Performance test message 9658
Performance test message 9659
Performance test message 9660
Performance test message 9661
Performance test message 9662
Performance test message 9663
Performance test message 9664
Performance test message 9665
Performance test message 9666
Performance test message 9667
Performance test message 9668
Performance test message 9669
Performance test message 9670
Performance test message 9671
Performance test message 9672
Performance test message 9673
Performance test message 9674
Performance test message 9675
Performance test message 9676
Performance test message 9677
Performance test message 9678
Performance test message 9679
Performance test message 9680
Performance test message 9681
Performance test message 9682
Performance test message 9683
Performance test message 9684
Performance test message 9685
Performance test message 9686
Performance test message 9687
Performance test message 9688
Performance test message 9689
Performance test message 9690
Performance test message 9691
Performance test message 9692
Performance test message 9693
Performance test message 9694
Performance test message 9695
Performance test message 9696
Performance test message 9697
Performance test message 9698
Performance test message 9699
Performance test message 9700
Performance test message 9701
Performance test message 9702
Performance test message 9703
Performance test message 9704
Performance test message 9705
Performance test message 9706
Performance test message 9707
Performance test message 9708
Performance test message 9709
Performance test message 9710
Performance test message 9711
Performance test message 9712
Performance test message 9713
Performance test message 9714
Performance test message 9715
Performance test message 9716
Performance test message 9717
Performance test message 9718
Performance test message 9719
Performance test message 9720
Performance test message 9721
Performance test message 9722
Performance test message 9723
Performance test message 9724
Performance test message 9725
Performance test message 9726
Performance test message 9727
Performance test message 9728
Performance test message 9729
Performance test message 9730
Performance test message 9731
Performance test message 9732
Performance test message 9733
Performance test message 9734
Performance test message 9735
Performance test message 9736
Performance test message 9737
Performance test message 9738
Performance test message 9739
Performance test message 9740
Performance test message 9741
Performance test message 9742
Performance test message 9743
Performance test message 9744
Performance test message 9745
Performance test message 9746
Performance test message 9747
Performance test message 9748
Performance test message 9749
Performance test message 9750
Performance test message 9751
Performance test message 9752
Performance test message 9753
Performance test message 9754
Performance test message 9755
Performance test message 9756
Performance test message 9757
Performance test message 9758
Performance test message 9759
Performance test message 9760
Performance test message 9761
Performance test message 9762
Performance test message 9763
Performance test message 9764
Performance test message 9765
Performance test message 9766
Performance test message 9767
Performance test message 9768
Performance test message 9769
Performance test message 9770
Performance test message 9771
Performance test message 9772
Performance test message 9773
Performance test message 9774
Performance test message 9775
Performance test message 9776
Performance test message 9777
Performance test message 9778
Performance test message 9779
Performance test message 9780
Performance test message 9781
Performance test message 9782
Performance test message 9783
Performance test message 9784
Performance test message 9785
Performance test message 9786
Performance test message 9787
Performance test message 9788
Performance test message 9789
Performance test message 9790
Performance test message 9791
Performance test message 9792
Performance test message 9793
Performance test message 9794
Performance test message 9795
Performance test message 9796
Performance test message 9797
Performance test message 9798
Performance test message 9799
Performance test message 9800
Performance test message 9801
Performance test message 9802
Performance test message 9803
Performance test message 9804
Performance test message 9805
Performance test message 9806
Performance test message 9807
Performance test message 9808
Performance test message 9809
Performance test message 9810
Performance test message 9811
Performance test message 9812
Performance test message 9813
Performance test message 9814
Performance test message 9815
Performance test message 9816
Performance test message 9817
Performance test message 9818
Performance test message 9819
Performance test message 9820
Performance test message 9821
Performance test message 9822
Performance test message 9823
Performance test message 9824
Performance test message 9825
Performance test message 9826
Performance test message 9827
Performance test message 9828
Performance test message 9829
Performance test message 9830
Performance test message 9831
Performance test message 9832
Performance test message 9833
Performance test message 9834
Performance test message 9835
Performance test message 9836
Performance test message 9837
Performance test message 9838
Performance test message 9839
Performance test message 9840
Performance test message 9841
Performance test message 9842
Performance test message 9843
Performance test message 9844
Performance test message 9845
Performance test message 9846
Performance test message 9847
Performance test message 9848
Performance test message 9849
Performance test message 9850
Performance test message 9851
Performance test message 9852
Performance test message 9853
Performance test message 9854
Performance test message 9855
Performance test message 9856
Performance test message 9857
Performance test message 9858
Performance test message 9859
Performance test message 9860
Performance test message 9861
Performance test message 9862
Performance test message 9863
Performance test message 9864
Performance test message 9865
Performance test message 9866
Performance test message 9867
Performance test message 9868
Performance test message 9869
Performance test message 9870
Performance test message 9871
Performance test message 9872
Performance test message 9873
Performance test message 9874
Performance test message 9875
Performance test message 9876
Performance test message 9877
Performance test message 9878
Performance test message 9879
Performance test message 9880
Performance test message 9881
Performance test message 9882
Performance test message 9883
Performance test message 9884
Performance test message 9885
Performance test message 9886
Performance test message 9887
Performance test message 9888
Performance test message 9889
Performance test message 9890
Performance test message 9891
Performance test message 9892
Performance test message 9893
Performance test message 9894
Performance test message 9895
Performance test message 9896
Performance test message 9897
Performance test message 9898
Performance test message 9899
Performance test message 9900
Performance test message 9901
Performance test message 9902
Performance test message 9903
Performance test message 9904
Performance test message 9905
Performance test message 9906
Performance test message 9907
Performance test message 9908
Performance test message 9909
Performance test message 9910
Performance test message 9911
Performance test message 9912
Performance test message 9913
Performance test message 9914
Performance test message 9915
Performance test message 9916
Performance test message 9917
Performance test message 9918
Performance test message 9919
Performance test message 9920
Performance test message 9921
Performance test message 9922
Performance test message 9923
Performance test message 9924
Performance test message 9925
Performance test message 9926
Performance test message 9927
Performance test message 9928
Performance test message 9929
Performance test message 9930
Performance test message 9931
Performance test message 9932
Performance test message 9933
Performance test message 9934
Performance test message 9935
Performance test message 9936
Performance test message 9937
Performance test message 9938
Performance test message 9939
Performance test message 9940
Performance test message 9941
Performance test message 9942
Performance test message 9943
Performance test message 9944
Performance test message 9945
Performance test message 9946
Performance test message 9947
Performance test message 9948
Performance test message 9949
Performance test message 9950
Performance test message 9951
Performance test message 9952
Performance test message 9953
Performance test message 9954
Performance test message 9955
Performance test message 9956
Performance test message 9957
Performance test message 9958
Performance test message 9959
Performance test message 9960
Performance test message 9961
Performance test message 9962
Performance test message 9963
Performance test message 9964
Performance test message 9965
Performance test message 9966
Performance test message 9967
Performance test message 9968
Performance test message 9969
Performance test message 9970
Performance test message 9971
Performance test message 9972
Performance test message 9973
Performance test message 9974
Performance test message 9975
Performance test message 9976
Performance test message 9977
Performance test message 9978
Performance test message 9979
Performance test message 9980
Performance test message 9981
Performance test message 9982
Performance test message 9983
Performance test message 9984
Performance test message 9985
Performance test message 9986
Performance test message 9987
Performance test message 9988
Performance test message 9989
Performance test message 9990
Performance test message 9991
Performance test message 9992
Performance test message 9993
Performance test message 9994
Performance test message 9995
Performance test message 9996
Performance test message 9997
Performance test message 9998
Performance test message 9999
